 auddemo

 Timestamp is 5f95b139 (Sun Oct 25 18:09:13 2020)

 Preferred load address is 0000000140000000

 Start         Length     Name                   Class
 0001:00000000 0000ad90H .text$mn                CODE
 0001:0000ad90 00000012H .text$mn$00             CODE
 0001:0000ada2 00000036H .text$x                 CODE
 0002:00000000 000003f0H .idata$5                DATA
 0002:000003f0 00000010H .00cfg                  DATA
 0002:00000400 00000008H .CRT$XCA                DATA
 0002:00000408 00000008H .CRT$XCAA               DATA
 0002:00000410 00000008H .CRT$XCZ                DATA
 0002:00000418 00000008H .CRT$XIA                DATA
 0002:00000420 00000008H .CRT$XIAA               DATA
 0002:00000428 00000008H .CRT$XIAC               DATA
 0002:00000430 00000008H .CRT$XIZ                DATA
 0002:00000438 00000008H .CRT$XPA                DATA
 0002:00000440 00000008H .CRT$XPZ                DATA
 0002:00000448 00000008H .CRT$XTA                DATA
 0002:00000450 00000010H .CRT$XTZ                DATA
 0002:00000460 0000a4e4H .rdata                  DATA
 0002:0000a944 0000025cH .rdata$zzzdbg           DATA
 0002:0000aba0 00000008H .rtc$IAA                DATA
 0002:0000aba8 00000008H .rtc$IZZ                DATA
 0002:0000abb0 00000008H .rtc$TAA                DATA
 0002:0000abb8 00000008H .rtc$TZZ                DATA
 0002:0000abc0 00000e3cH .xdata                  DATA
 0002:0000b9fc 00000000H .edata                  DATA
 0002:0000b9fc 000000dcH .idata$2                DATA
 0002:0000bad8 00000018H .idata$3                DATA
 0002:0000baf0 000003f0H .idata$4                DATA
 0002:0000bee0 00000908H .idata$6                DATA
 0003:00000000 000010c0H .data                   DATA
 0003:000010c0 000018e0H .bss                    DATA
 0004:00000000 00000dbcH .pdata                  DATA
 0005:00000000 0000001cH .gfids$y                DATA

  Address         Publics by Value              Rva+Base               Lib:Object

 0000:00000000       __dynamic_value_reloc_table 0000000000000000     <absolute>
 0000:00000000       __guard_iat_table          0000000000000000     <absolute>
 0000:00000000       __guard_iat_count          0000000000000000     <absolute>
 0000:00000000       ___safe_se_handler_count   0000000000000000     <absolute>
 0000:00000000       __guard_fids_count         0000000000000000     <absolute>
 0000:00000000       ___safe_se_handler_table   0000000000000000     <absolute>
 0000:00000000       __guard_longjmp_table      0000000000000000     <absolute>
 0000:00000000       __guard_longjmp_count      0000000000000000     <absolute>
 0000:00000000       __guard_fids_table         0000000000000000     <absolute>
 0000:00000100       __guard_flags              0000000000000100     <absolute>
 0000:00000000       __ImageBase                0000000140000000     <linker-defined>
 0001:00001150       main                       0000000140002150 f   auddemo.obj
 0001:00001620       __local_stdio_printf_options 0000000140002620 f i auddemo.obj
 0001:00001630       __local_stdio_scanf_options 0000000140002630 f i auddemo.obj
 0001:00001640       printf                     0000000140002640 f i auddemo.obj
 0001:000016a0       sprintf                    00000001400026a0 f i auddemo.obj
 0001:00001700       sscanf                     0000000140002700 f i auddemo.obj
 0001:00001750       pjmedia_aud_subsys_get_pool_factory 0000000140002750 f   pjmedia-audiodev-x86_64-x64-vc14-release:audiodev.obj
 0001:00001770       pjmedia_aud_subsys_init    0000000140002770 f   pjmedia-audiodev-x86_64-x64-vc14-release:audiodev.obj
 0001:000018b0       pjmedia_aud_test           00000001400028b0 f   pjmedia-audiodev-x86_64-x64-vc14-release:audiotest.obj
 0001:00001e50       _snprintf                  0000000140002e50 f i pjmedia-audiodev-x86_64-x64-vc14-release:errno.obj
 0001:00001eb0       pjmedia_audiodev_strerror  0000000140002eb0 f   pjmedia-audiodev-x86_64-x64-vc14-release:errno.obj
 0001:00003690       pjmedia_wmme_factory       0000000140004690 f   pjmedia-audiodev-x86_64-x64-vc14-release:wmme_dev.obj
 0001:00003dd0       pjmedia_aud_dev_cap_name   0000000140004dd0 f   pjmedia-x86_64-x64-vc14-release:audiodev.obj
 0001:00003e20       pjmedia_aud_dev_count      0000000140004e20 f   pjmedia-x86_64-x64-vc14-release:audiodev.obj
 0001:00003e30       pjmedia_aud_dev_default_param 0000000140004e30 f   pjmedia-x86_64-x64-vc14-release:audiodev.obj
 0001:00003ec0       pjmedia_aud_dev_get_info   0000000140004ec0 f   pjmedia-x86_64-x64-vc14-release:audiodev.obj
 0001:00003f20       pjmedia_aud_dev_refresh    0000000140004f20 f   pjmedia-x86_64-x64-vc14-release:audiodev.obj
 0001:00004190       pjmedia_aud_driver_deinit  0000000140005190 f   pjmedia-x86_64-x64-vc14-release:audiodev.obj
 0001:00004200       pjmedia_aud_driver_init    0000000140005200 f   pjmedia-x86_64-x64-vc14-release:audiodev.obj
 0001:00004450       pjmedia_aud_stream_create  0000000140005450 f   pjmedia-x86_64-x64-vc14-release:audiodev.obj
 0001:000045f0       pjmedia_aud_stream_destroy 00000001400055f0 f   pjmedia-x86_64-x64-vc14-release:audiodev.obj
 0001:00004600       pjmedia_aud_stream_get_param 0000000140005600 f   pjmedia-x86_64-x64-vc14-release:audiodev.obj
 0001:000046c0       pjmedia_aud_stream_start   00000001400056c0 f   pjmedia-x86_64-x64-vc14-release:audiodev.obj
 0001:000046d0       pjmedia_aud_stream_stop    00000001400056d0 f   pjmedia-x86_64-x64-vc14-release:audiodev.obj
 0001:000046e0       pjmedia_get_aud_subsys     00000001400056e0 f   pjmedia-x86_64-x64-vc14-release:audiodev.obj
 0001:000046f0       pjmedia_port_destroy       00000001400056f0 f   pjmedia-x86_64-x64-vc14-release:port.obj
 0001:00004710       pjmedia_port_get_frame     0000000140005710 f   pjmedia-x86_64-x64-vc14-release:port.obj
 0001:00004740       pjmedia_port_info_init     0000000140005740 f   pjmedia-x86_64-x64-vc14-release:port.obj
 0001:000047f0       pjmedia_port_put_frame     00000001400057f0 f   pjmedia-x86_64-x64-vc14-release:port.obj
 0001:00004df0       pjmedia_wav_player_port_create 0000000140005df0 f   pjmedia-x86_64-x64-vc14-release:wav_player.obj
 0001:00005710       pjmedia_wav_writer_port_create 0000000140006710 f   pjmedia-x86_64-x64-vc14-release:wav_writer.obj
 0001:00005b50       pjmedia_event_init         0000000140006b50 f   pjmedia-x86_64-x64-vc14-release:event.obj
 0001:00005bb0       pjmedia_event_publish      0000000140006bb0 f   pjmedia-x86_64-x64-vc14-release:event.obj
 0001:00005d90       pjmedia_event_subscribe    0000000140006d90 f   pjmedia-x86_64-x64-vc14-release:event.obj
 0001:00005e90       pjmedia_event_unsubscribe  0000000140006e90 f   pjmedia-x86_64-x64-vc14-release:event.obj
 0001:00005fa0       pjmedia_format_get_audio_format_detail 0000000140006fa0 f   pjmedia-x86_64-x64-vc14-release:format.obj
 0001:00005fb0       _guard_check_icall_nop     0000000140006fb0 f   MSVCRT:guard_support.obj
 0001:00005fb0       _initialize_denormal_control 0000000140006fb0 f   MSVCRT:denormal_control.obj
 0001:00005fb0       _initialize_invalid_parameter_handler 0000000140006fb0 f   MSVCRT:invalid_parameter_handler.obj
 0001:00005fb0       pjmedia_wave_hdr_host_to_file 0000000140006fb0 f   pjmedia-x86_64-x64-vc14-release:wave.obj
 0001:00005fb0       pjmedia_wave_hdr_file_to_host 0000000140006fb0 f   pjmedia-x86_64-x64-vc14-release:wave.obj
 0001:00006090       pj_atexit                  0000000140007090 f   pjlib-x86_64-x64-vc14-release:os_core_win32.obj
 0001:000060c0       pj_enter_critical_section  00000001400070c0 f   pjlib-x86_64-x64-vc14-release:os_core_win32.obj
 0001:00006130       pj_init                    0000000140007130 f   pjlib-x86_64-x64-vc14-release:os_core_win32.obj
 0001:00006290       pj_leave_critical_section  0000000140007290 f   pjlib-x86_64-x64-vc14-release:os_core_win32.obj
 0001:00006300       pj_mutex_create            0000000140007300 f   pjlib-x86_64-x64-vc14-release:os_core_win32.obj
 0001:00006380       pj_mutex_create_simple     0000000140007380 f   pjlib-x86_64-x64-vc14-release:os_core_win32.obj
 0001:00006400       pj_mutex_destroy           0000000140007400 f   pjlib-x86_64-x64-vc14-release:os_core_win32.obj
 0001:00006480       pj_mutex_lock              0000000140007480 f   pjlib-x86_64-x64-vc14-release:os_core_win32.obj
 0001:00006500       pj_mutex_trylock           0000000140007500 f   pjlib-x86_64-x64-vc14-release:os_core_win32.obj
 0001:00006590       pj_mutex_unlock            0000000140007590 f   pjlib-x86_64-x64-vc14-release:os_core_win32.obj
 0001:00006610       pj_sem_destroy             0000000140007610 f   pjlib-x86_64-x64-vc14-release:os_core_win32.obj
 0001:000066c0       pj_sem_post                00000001400076c0 f   pjlib-x86_64-x64-vc14-release:os_core_win32.obj
 0001:00006770       pj_sem_trywait             0000000140007770 f   pjlib-x86_64-x64-vc14-release:os_core_win32.obj
 0001:000067e0       pj_sem_wait                00000001400077e0 f   pjlib-x86_64-x64-vc14-release:os_core_win32.obj
 0001:00006950       pj_shutdown                0000000140007950 f   pjlib-x86_64-x64-vc14-release:os_core_win32.obj
 0001:00006ad0       pj_term_set_color          0000000140007ad0 f   pjlib-x86_64-x64-vc14-release:os_core_win32.obj
 0001:00006bc0       pj_thread_check_stack      0000000140007bc0 f   pjlib-x86_64-x64-vc14-release:os_core_win32.obj
 0001:00006c20       pj_thread_create           0000000140007c20 f   pjlib-x86_64-x64-vc14-release:os_core_win32.obj
 0001:00006de0       pj_thread_destroy          0000000140007de0 f   pjlib-x86_64-x64-vc14-release:os_core_win32.obj
 0001:00006e90       pj_thread_get_name         0000000140007e90 f   pjlib-x86_64-x64-vc14-release:os_core_win32.obj
 0001:00006f00       pj_thread_init             0000000140007f00 f   pjlib-x86_64-x64-vc14-release:os_core_win32.obj
 0001:00006f60       pj_thread_join             0000000140007f60 f   pjlib-x86_64-x64-vc14-release:os_core_win32.obj
 0001:00007060       pj_thread_local_alloc      0000000140008060 f   pjlib-x86_64-x64-vc14-release:os_core_win32.obj
 0001:000070d0       pj_thread_local_free       00000001400080d0 f   pjlib-x86_64-x64-vc14-release:os_core_win32.obj
 0001:00007130       pj_thread_local_get        0000000140008130 f   pjlib-x86_64-x64-vc14-release:os_core_win32.obj
 0001:00007140       pj_thread_local_set        0000000140008140 f   pjlib-x86_64-x64-vc14-release:os_core_win32.obj
 0001:00007190       pj_thread_register         0000000140008190 f   pjlib-x86_64-x64-vc14-release:os_core_win32.obj
 0001:000072a0       pj_thread_sleep            00000001400082a0 f   pjlib-x86_64-x64-vc14-release:os_core_win32.obj
 0001:00007300       pj_thread_this             0000000140008300 f   pjlib-x86_64-x64-vc14-release:os_core_win32.obj
 0001:000073a0       pj_pool_alloc              00000001400083a0 f   pjlib-x86_64-x64-vc14-release:pool.obj
 0001:000073f0       pj_pool_allocate_find      00000001400083f0 f   pjlib-x86_64-x64-vc14-release:pool.obj
 0001:00007530       pj_pool_calloc             0000000140008530 f   pjlib-x86_64-x64-vc14-release:pool.obj
 0001:000075a0       pj_pool_create             00000001400085a0 f   pjlib-x86_64-x64-vc14-release:pool.obj
 0001:00007660       pj_pool_create_int         0000000140008660 f   pjlib-x86_64-x64-vc14-release:pool.obj
 0001:00007750       pj_pool_destroy_int        0000000140008750 f   pjlib-x86_64-x64-vc14-release:pool.obj
 0001:00007790       pj_pool_get_capacity       0000000140008790 f   pjlib-x86_64-x64-vc14-release:pool.obj
 0001:000077a0       pj_pool_get_used_size      00000001400087a0 f   pjlib-x86_64-x64-vc14-release:pool.obj
 0001:000077e0       pj_pool_getobjname         00000001400087e0 f   pjlib-x86_64-x64-vc14-release:pool.obj
 0001:000077f0       pj_pool_init_int           00000001400087f0 f   pjlib-x86_64-x64-vc14-release:pool.obj
 0001:00007890       pj_pool_release            0000000140008890 f   pjlib-x86_64-x64-vc14-release:pool.obj
 0001:000078b0       pj_pool_reset              00000001400088b0 f   pjlib-x86_64-x64-vc14-release:pool.obj
 0001:00007dc0       pj_caching_pool_destroy    0000000140008dc0 f   pjlib-x86_64-x64-vc14-release:pool_caching.obj
 0001:00007ed0       pj_caching_pool_init       0000000140008ed0 f   pjlib-x86_64-x64-vc14-release:pool_caching.obj
 0001:00008000       pj_errno_clear_handlers    0000000140009000 f   pjlib-x86_64-x64-vc14-release:errno.obj
 0001:00008020       pj_perror_3                0000000140009020 f   pjlib-x86_64-x64-vc14-release:errno.obj
 0001:00008050       pj_perror_4                0000000140009050 f   pjlib-x86_64-x64-vc14-release:errno.obj
 0001:00008160       pj_register_strerror       0000000140009160 f   pjlib-x86_64-x64-vc14-release:errno.obj
 0001:00008280       pj_strerror                0000000140009280 f   pjlib-x86_64-x64-vc14-release:errno.obj
 0001:00008480       pj_log                     0000000140009480 f   pjlib-x86_64-x64-vc14-release:log.obj
 0001:00008a10       pj_log_1                   0000000140009a10 f   pjlib-x86_64-x64-vc14-release:log.obj
 0001:00008a40       pj_log_3                   0000000140009a40 f   pjlib-x86_64-x64-vc14-release:log.obj
 0001:00008a70       pj_log_4                   0000000140009a70 f   pjlib-x86_64-x64-vc14-release:log.obj
 0001:00008aa0       pj_log_5                   0000000140009aa0 f   pjlib-x86_64-x64-vc14-release:log.obj
 0001:00008ad0       pj_log_get_color           0000000140009ad0 f   pjlib-x86_64-x64-vc14-release:log.obj
 0001:00008b40       pj_log_get_decor           0000000140009b40 f   pjlib-x86_64-x64-vc14-release:log.obj
 0001:00008b50       pj_log_get_level           0000000140009b50 f   pjlib-x86_64-x64-vc14-release:log.obj
 0001:00008b60       pj_log_init                0000000140009b60 f   pjlib-x86_64-x64-vc14-release:log.obj
 0001:00008bd0       pj_log_set_decor           0000000140009bd0 f   pjlib-x86_64-x64-vc14-release:log.obj
 0001:00008be0       pj_log_set_level           0000000140009be0 f   pjlib-x86_64-x64-vc14-release:log.obj
 0001:00008d00       pj_get_timestamp           0000000140009d00 f   pjlib-x86_64-x64-vc14-release:os_timestamp_win32.obj
 0001:00008d60       pj_get_timestamp_freq      0000000140009d60 f   pjlib-x86_64-x64-vc14-release:os_timestamp_win32.obj
 0001:00008dc0       pj_elapsed_usec            0000000140009dc0 f   pjlib-x86_64-x64-vc14-release:os_timestamp_common.obj
 0001:00008e30       pj_str                     0000000140009e30 f   pjlib-x86_64-x64-vc14-release:string.obj
 0001:00008e60       pj_strdup2                 0000000140009e60 f   pjlib-x86_64-x64-vc14-release:string.obj
 0001:00008ee0       pj_strncpy_with_null       0000000140009ee0 f   pjlib-x86_64-x64-vc14-release:string.obj
 0001:00008f30       pj_utoa                    0000000140009f30 f   pjlib-x86_64-x64-vc14-release:string.obj
 0001:00008f40       pj_utoa_pad                0000000140009f40 f   pjlib-x86_64-x64-vc14-release:string.obj
 0001:00009000       pj_get_os_error            000000014000a000 f   pjlib-x86_64-x64-vc14-release:os_error_win32.obj
 0001:00009030       platform_strerror          000000014000a030 f   pjlib-x86_64-x64-vc14-release:os_error_win32.obj
 0001:00009160       pj_file_exists             000000014000a160 f   pjlib-x86_64-x64-vc14-release:file_access_win32.obj
 0001:000091c0       pj_file_size               000000014000a1c0 f   pjlib-x86_64-x64-vc14-release:file_access_win32.obj
 0001:00009270       pj_file_close              000000014000a270 f   pjlib-x86_64-x64-vc14-release:file_io_win32.obj
 0001:000092c0       pj_file_getpos             000000014000a2c0 f   pjlib-x86_64-x64-vc14-release:file_io_win32.obj
 0001:00009370       pj_file_open               000000014000a370 f   pjlib-x86_64-x64-vc14-release:file_io_win32.obj
 0001:00009500       pj_file_read               000000014000a500 f   pjlib-x86_64-x64-vc14-release:file_io_win32.obj
 0001:00009580       pj_file_setpos             000000014000a580 f   pjlib-x86_64-x64-vc14-release:file_io_win32.obj
 0001:00009630       pj_file_write              000000014000a630 f   pjlib-x86_64-x64-vc14-release:file_io_win32.obj
 0001:000096b0       pj_list_erase              000000014000a6b0 f   pjlib-x86_64-x64-vc14-release:list.obj
 0001:000096d0       pj_list_insert_after       000000014000a6d0 f   pjlib-x86_64-x64-vc14-release:list.obj
 0001:000096f0       pj_list_insert_before      000000014000a6f0 f   pjlib-x86_64-x64-vc14-release:list.obj
 0001:00009710       pj_generate_unique_string  000000014000a710 f   pjlib-x86_64-x64-vc14-release:guid_win32.obj
 0001:000097e0       pj_exception_id_alloc      000000014000a7e0 f   pjlib-x86_64-x64-vc14-release:except.obj
 0001:00009850       pj_exception_id_free       000000014000a850 f   pjlib-x86_64-x64-vc14-release:except.obj
 0001:00009890       pj_throw_exception_        000000014000a890 f   pjlib-x86_64-x64-vc14-release:except.obj
 0001:00009a00       pj_lock_acquire            000000014000aa00 f   pjlib-x86_64-x64-vc14-release:lock.obj
 0001:00009a20       pj_lock_create_null_mutex  000000014000aa20 f   pjlib-x86_64-x64-vc14-release:lock.obj
 0001:00009a40       pj_lock_create_simple_mutex 000000014000aa40 f   pjlib-x86_64-x64-vc14-release:lock.obj
 0001:00009a50       pj_lock_destroy            000000014000aa50 f   pjlib-x86_64-x64-vc14-release:lock.obj
 0001:00009a70       pj_lock_release            000000014000aa70 f   pjlib-x86_64-x64-vc14-release:lock.obj
 0001:00009a90       pj_pool_create_on_buf      000000014000aa90 f   pjlib-x86_64-x64-vc14-release:pool_buf.obj
 0001:00009c00       pj_log_write               000000014000ac00 f   pjlib-x86_64-x64-vc14-release:log_writer_stdout.obj
 0001:00009d20       pj_gettimeofday            000000014000ad20 f   pjlib-x86_64-x64-vc14-release:os_time_win32.obj
 0001:00009dc0       pj_time_decode             000000014000adc0 f   pjlib-x86_64-x64-vc14-release:os_time_win32.obj
 0001:00009e70       pj_ntohl                   000000014000ae70 f   pjlib-x86_64-x64-vc14-release:sock_bsd.obj
 0001:00009e80       pj_ntohs                   000000014000ae80 f   pjlib-x86_64-x64-vc14-release:sock_bsd.obj
 0001:00009e88       __GSHandlerCheck           000000014000ae88 f   MSVCRT:_gshandler_.obj
 0001:00009ea8       __GSHandlerCheckCommon     000000014000aea8 f   MSVCRT:_gshandler_.obj
 0001:00009f20       __security_check_cookie    000000014000af20 f   MSVCRT:_amdsecgs_.obj
 0001:0000a1a4       mainCRTStartup             000000014000b1a4 f   MSVCRT:exe_main.obj
 0001:0000a1b8       __raise_securityfailure    000000014000b1b8 f   MSVCRT:gs_report.obj
 0001:0000a1ec       __report_gsfailure         000000014000b1ec f   MSVCRT:gs_report.obj
 0001:0000a2c0       __report_rangecheckfailure 000000014000b2c0 f   MSVCRT:gs_report.obj
 0001:0000a2d4       __report_securityfailure   000000014000b2d4 f   MSVCRT:gs_report.obj
 0001:0000a470       _alloca_probe              000000014000b470 f   MSVCRT:_chkstk_.obj
 0001:0000a470       __chkstk                   000000014000b470 f   MSVCRT:_chkstk_.obj
 0001:0000a4c4       __scrt_acquire_startup_lock 000000014000b4c4 f   MSVCRT:utility.obj
 0001:0000a500       __scrt_initialize_crt      000000014000b500 f   MSVCRT:utility.obj
 0001:0000a54c       __scrt_initialize_onexit_tables 000000014000b54c f   MSVCRT:utility.obj
 0001:0000a618       __scrt_is_nonwritable_in_current_image 000000014000b618 f   MSVCRT:utility.obj
 0001:0000a6b4       __scrt_release_startup_lock 000000014000b6b4 f   MSVCRT:utility.obj
 0001:0000a6d8       __scrt_uninitialize_crt    000000014000b6d8 f   MSVCRT:utility.obj
 0001:0000a704       _onexit                    000000014000b704 f   MSVCRT:utility.obj
 0001:0000a754       atexit                     000000014000b754 f   MSVCRT:utility.obj
 0001:0000a76c       __security_init_cookie     000000014000b76c f   MSVCRT:gs_support.obj
 0001:0000a820       _matherr                   000000014000b820 f   MSVCRT:matherr.obj
 0001:0000a820       __scrt_initialize_winrt    000000014000b820 f   MSVCRT:utility_desktop.obj
 0001:0000a820       _get_startup_new_mode      000000014000b820 f   MSVCRT:new_mode.obj
 0001:0000a820       _get_startup_commit_mode   000000014000b820 f   MSVCRT:commit_mode.obj
 0001:0000a820       _get_startup_thread_locale_mode 000000014000b820 f   MSVCRT:thread_locale.obj
 0001:0000a824       _get_startup_argv_mode     000000014000b824 f   MSVCRT:argv_mode.obj
 0001:0000a82c       _get_startup_file_mode     000000014000b82c f   MSVCRT:file_mode.obj
 0001:0000a834       ?__scrt_initialize_type_info@@YAXXZ 000000014000b834 f   MSVCRT:tncleanup.obj
 0001:0000a844       __scrt_initialize_default_local_stdio_options 000000014000b844 f   MSVCRT:default_local_stdio_options.obj
 0001:0000a860       __scrt_is_user_matherr_present 000000014000b860 f   MSVCRT:matherr_detection.obj
 0001:0000a86c       __scrt_get_dyn_tls_init_callback 000000014000b86c f   MSVCRT:dyn_tls_init.obj
 0001:0000a874       __scrt_get_dyn_tls_dtor_callback 000000014000b874 f   MSVCRT:dyn_tls_dtor.obj
 0001:0000a87c       __scrt_fastfail            000000014000b87c f   MSVCRT:utility_desktop.obj
 0001:0000a9c4       __scrt_is_managed_app      000000014000b9c4 f   MSVCRT:utility_desktop.obj
 0001:0000aa18       __scrt_set_unhandled_exception_filter 000000014000ba18 f   MSVCRT:utility_desktop.obj
 0001:0000aa28       __scrt_unhandled_exception_filter 000000014000ba28 f   MSVCRT:utility_desktop.obj
 0001:0000aa60       _RTC_Initialize            000000014000ba60 f   MSVCRT:_initsect_.obj
 0001:0000aaac       _RTC_Terminate             000000014000baac f   MSVCRT:_initsect_.obj
 0001:0000aaf8       _guard_check_icall         000000014000baf8 f i MSVCRT:checkcfg.obj
 0001:0000ab00       __isa_available_init       000000014000bb00 f   MSVCRT:_cpu_disp_.obj
 0001:0000acc8       __scrt_is_ucrt_dll_in_use  000000014000bcc8 f   MSVCRT:ucrt_detection.obj
 0001:0000ace0       IsProcessorFeaturePresent  000000014000bce0 f   kernel32:KERNEL32.dll
 0001:0000ace6       memset                     000000014000bce6 f   vcruntime:VCRUNTIME140.dll
 0001:0000acec       memcpy                     000000014000bcec f   vcruntime:VCRUNTIME140.dll
 0001:0000acf2       longjmp                    000000014000bcf2 f   vcruntime:VCRUNTIME140.dll
 0001:0000acf8       __C_specific_handler       000000014000bcf8 f   vcruntime:VCRUNTIME140.dll
 0001:0000acfe       _seh_filter_exe            000000014000bcfe f   ucrt:api-ms-win-crt-runtime-l1-1-0.dll
 0001:0000ad04       _set_app_type              000000014000bd04 f   ucrt:api-ms-win-crt-runtime-l1-1-0.dll
 0001:0000ad0a       __setusermatherr           000000014000bd0a f   ucrt:api-ms-win-crt-math-l1-1-0.dll
 0001:0000ad10       _configure_narrow_argv     000000014000bd10 f   ucrt:api-ms-win-crt-runtime-l1-1-0.dll
 0001:0000ad16       _initialize_narrow_environment 000000014000bd16 f   ucrt:api-ms-win-crt-runtime-l1-1-0.dll
 0001:0000ad1c       _get_initial_narrow_environment 000000014000bd1c f   ucrt:api-ms-win-crt-runtime-l1-1-0.dll
 0001:0000ad22       _initterm                  000000014000bd22 f   ucrt:api-ms-win-crt-runtime-l1-1-0.dll
 0001:0000ad28       _initterm_e                000000014000bd28 f   ucrt:api-ms-win-crt-runtime-l1-1-0.dll
 0001:0000ad2e       exit                       000000014000bd2e f   ucrt:api-ms-win-crt-runtime-l1-1-0.dll
 0001:0000ad34       _exit                      000000014000bd34 f   ucrt:api-ms-win-crt-runtime-l1-1-0.dll
 0001:0000ad3a       _set_fmode                 000000014000bd3a f   ucrt:api-ms-win-crt-stdio-l1-1-0.dll
 0001:0000ad40       __p___argc                 000000014000bd40 f   ucrt:api-ms-win-crt-runtime-l1-1-0.dll
 0001:0000ad46       __p___argv                 000000014000bd46 f   ucrt:api-ms-win-crt-runtime-l1-1-0.dll
 0001:0000ad4c       _cexit                     000000014000bd4c f   ucrt:api-ms-win-crt-runtime-l1-1-0.dll
 0001:0000ad52       _c_exit                    000000014000bd52 f   ucrt:api-ms-win-crt-runtime-l1-1-0.dll
 0001:0000ad58       _register_thread_local_exe_atexit_callback 000000014000bd58 f   ucrt:api-ms-win-crt-runtime-l1-1-0.dll
 0001:0000ad5e       _configthreadlocale        000000014000bd5e f   ucrt:api-ms-win-crt-locale-l1-1-0.dll
 0001:0000ad64       _set_new_mode              000000014000bd64 f   ucrt:api-ms-win-crt-heap-l1-1-0.dll
 0001:0000ad6a       __p__commode               000000014000bd6a f   ucrt:api-ms-win-crt-stdio-l1-1-0.dll
 0001:0000ad70       _initialize_onexit_table   000000014000bd70 f   ucrt:api-ms-win-crt-runtime-l1-1-0.dll
 0001:0000ad76       _register_onexit_function  000000014000bd76 f   ucrt:api-ms-win-crt-runtime-l1-1-0.dll
 0001:0000ad7c       _crt_atexit                000000014000bd7c f   ucrt:api-ms-win-crt-runtime-l1-1-0.dll
 0001:0000ad82       terminate                  000000014000bd82 f   ucrt:api-ms-win-crt-runtime-l1-1-0.dll
 0001:0000ad88       __scrt_stub_for_acrt_uninitialize 000000014000bd88 f   MSVCRT:ucrt_stubs.obj
 0001:0000ad88       __vcrt_initialize          000000014000bd88 f   MSVCRT:ucrt_stubs.obj
 0001:0000ad88       _should_initialize_environment 000000014000bd88 f   MSVCRT:env_mode.obj
 0001:0000ad88       __scrt_stub_for_acrt_initialize 000000014000bd88 f   MSVCRT:ucrt_stubs.obj
 0001:0000ad88       __acrt_initialize          000000014000bd88 f   MSVCRT:ucrt_stubs.obj
 0001:0000ad88       __acrt_uninitialize        000000014000bd88 f   MSVCRT:ucrt_stubs.obj
 0001:0000ad88       __vcrt_uninitialize        000000014000bd88 f   MSVCRT:ucrt_stubs.obj
 0001:0000ada0       _guard_dispatch_icall_nop  000000014000bda0 f   MSVCRT:_guard_dispatch_.obj
 0002:00000000       __imp_QueryPerformanceFrequency 000000014000c000     kernel32:KERNEL32.dll
 0002:00000008       __imp_GetModuleHandleW     000000014000c008     kernel32:KERNEL32.dll
 0002:00000010       __imp_IsDebuggerPresent    000000014000c010     kernel32:KERNEL32.dll
 0002:00000018       __imp_InitializeSListHead  000000014000c018     kernel32:KERNEL32.dll
 0002:00000020       __imp_GetSystemTimeAsFileTime 000000014000c020     kernel32:KERNEL32.dll
 0002:00000028       __imp_IsProcessorFeaturePresent 000000014000c028     kernel32:KERNEL32.dll
 0002:00000030       __imp_TerminateProcess     000000014000c030     kernel32:KERNEL32.dll
 0002:00000038       __imp_GetCurrentProcess    000000014000c038     kernel32:KERNEL32.dll
 0002:00000040       __imp_SetUnhandledExceptionFilter 000000014000c040     kernel32:KERNEL32.dll
 0002:00000048       __imp_UnhandledExceptionFilter 000000014000c048     kernel32:KERNEL32.dll
 0002:00000050       __imp_RtlVirtualUnwind     000000014000c050     kernel32:KERNEL32.dll
 0002:00000058       __imp_RtlLookupFunctionEntry 000000014000c058     kernel32:KERNEL32.dll
 0002:00000060       __imp_RtlCaptureContext    000000014000c060     kernel32:KERNEL32.dll
 0002:00000068       __imp_SystemTimeToFileTime 000000014000c068     kernel32:KERNEL32.dll
 0002:00000070       __imp_GetLocalTime         000000014000c070     kernel32:KERNEL32.dll
 0002:00000078       __imp_WriteFile            000000014000c078     kernel32:KERNEL32.dll
 0002:00000080       __imp_SetFilePointer       000000014000c080     kernel32:KERNEL32.dll
 0002:00000088       __imp_ReadFile             000000014000c088     kernel32:KERNEL32.dll
 0002:00000090       __imp_FileTimeToSystemTime 000000014000c090     kernel32:KERNEL32.dll
 0002:00000098       __imp_GetFileSize          000000014000c098     kernel32:KERNEL32.dll
 0002:000000a0       __imp_CreateFileA          000000014000c0a0     kernel32:KERNEL32.dll
 0002:000000a8       __imp_FormatMessageA       000000014000c0a8     kernel32:KERNEL32.dll
 0002:000000b0       __imp_QueryPerformanceCounter 000000014000c0b0     kernel32:KERNEL32.dll
 0002:000000b8       __imp_SetConsoleTextAttribute 000000014000c0b8     kernel32:KERNEL32.dll
 0002:000000c0       __imp_TlsFree              000000014000c0c0     kernel32:KERNEL32.dll
 0002:000000c8       __imp_TlsSetValue          000000014000c0c8     kernel32:KERNEL32.dll
 0002:000000d0       __imp_TlsGetValue          000000014000c0d0     kernel32:KERNEL32.dll
 0002:000000d8       __imp_TlsAlloc             000000014000c0d8     kernel32:KERNEL32.dll
 0002:000000e0       __imp_GetCurrentThreadId   000000014000c0e0     kernel32:KERNEL32.dll
 0002:000000e8       __imp_CreateThread         000000014000c0e8     kernel32:KERNEL32.dll
 0002:000000f0       __imp_GetCurrentProcessId  000000014000c0f0     kernel32:KERNEL32.dll
 0002:000000f8       __imp_Sleep                000000014000c0f8     kernel32:KERNEL32.dll
 0002:00000100       __imp_WaitForSingleObject  000000014000c100     kernel32:KERNEL32.dll
 0002:00000108       __imp_ReleaseSemaphore     000000014000c108     kernel32:KERNEL32.dll
 0002:00000110       __imp_DeleteCriticalSection 000000014000c110     kernel32:KERNEL32.dll
 0002:00000118       __imp_TryEnterCriticalSection 000000014000c118     kernel32:KERNEL32.dll
 0002:00000120       __imp_LeaveCriticalSection 000000014000c120     kernel32:KERNEL32.dll
 0002:00000128       __imp_EnterCriticalSection 000000014000c128     kernel32:KERNEL32.dll
 0002:00000130       __imp_InitializeCriticalSection 000000014000c130     kernel32:KERNEL32.dll
 0002:00000138       __imp_GetLastError         000000014000c138     kernel32:KERNEL32.dll
 0002:00000140       __imp_GetStdHandle         000000014000c140     kernel32:KERNEL32.dll
 0002:00000148       __imp_WaitForMultipleObjects 000000014000c148     kernel32:KERNEL32.dll
 0002:00000150       __imp_SetThreadPriority    000000014000c150     kernel32:KERNEL32.dll
 0002:00000158       __imp_GetCurrentThread     000000014000c158     kernel32:KERNEL32.dll
 0002:00000160       __imp_CreateEventA         000000014000c160     kernel32:KERNEL32.dll
 0002:00000168       __imp_SetEvent             000000014000c168     kernel32:KERNEL32.dll
 0002:00000170       __imp_CloseHandle          000000014000c170     kernel32:KERNEL32.dll
 0002:00000178       \177KERNEL32_NULL_THUNK_DATA 000000014000c178     kernel32:KERNEL32.dll
 0002:00000180       __imp___C_specific_handler 000000014000c180     vcruntime:VCRUNTIME140.dll
 0002:00000188       __imp_memset               000000014000c188     vcruntime:VCRUNTIME140.dll
 0002:00000190       __imp_memcpy               000000014000c190     vcruntime:VCRUNTIME140.dll
 0002:00000198       __imp_strchr               000000014000c198     vcruntime:VCRUNTIME140.dll
 0002:000001a0       __imp_longjmp              000000014000c1a0     vcruntime:VCRUNTIME140.dll
 0002:000001a8       \177VCRUNTIME140_NULL_THUNK_DATA 000000014000c1a8     vcruntime:VCRUNTIME140.dll
 0002:000001b0       __imp_waveInGetDevCapsA    000000014000c1b0     winmm:WINMM.dll
 0002:000001b8       __imp_waveInGetNumDevs     000000014000c1b8     winmm:WINMM.dll
 0002:000001c0       __imp_waveOutReset         000000014000c1c0     winmm:WINMM.dll
 0002:000001c8       __imp_waveOutRestart       000000014000c1c8     winmm:WINMM.dll
 0002:000001d0       __imp_waveOutPause         000000014000c1d0     winmm:WINMM.dll
 0002:000001d8       __imp_waveOutWrite         000000014000c1d8     winmm:WINMM.dll
 0002:000001e0       __imp_waveOutUnprepareHeader 000000014000c1e0     winmm:WINMM.dll
 0002:000001e8       __imp_waveInOpen           000000014000c1e8     winmm:WINMM.dll
 0002:000001f0       __imp_waveOutClose         000000014000c1f0     winmm:WINMM.dll
 0002:000001f8       __imp_waveOutOpen          000000014000c1f8     winmm:WINMM.dll
 0002:00000200       __imp_waveOutSetVolume     000000014000c200     winmm:WINMM.dll
 0002:00000208       __imp_waveOutGetVolume     000000014000c208     winmm:WINMM.dll
 0002:00000210       __imp_waveOutGetDevCapsA   000000014000c210     winmm:WINMM.dll
 0002:00000218       __imp_waveOutGetNumDevs    000000014000c218     winmm:WINMM.dll
 0002:00000220       __imp_waveInGetErrorTextA  000000014000c220     winmm:WINMM.dll
 0002:00000228       __imp_waveOutGetErrorTextA 000000014000c228     winmm:WINMM.dll
 0002:00000230       __imp_waveInClose          000000014000c230     winmm:WINMM.dll
 0002:00000238       __imp_waveInPrepareHeader  000000014000c238     winmm:WINMM.dll
 0002:00000240       __imp_waveInUnprepareHeader 000000014000c240     winmm:WINMM.dll
 0002:00000248       __imp_waveInAddBuffer      000000014000c248     winmm:WINMM.dll
 0002:00000250       __imp_waveInStart          000000014000c250     winmm:WINMM.dll
 0002:00000258       __imp_waveInStop           000000014000c258     winmm:WINMM.dll
 0002:00000260       __imp_waveInReset          000000014000c260     winmm:WINMM.dll
 0002:00000268       __imp_waveOutPrepareHeader 000000014000c268     winmm:WINMM.dll
 0002:00000270       \177WINMM_NULL_THUNK_DATA  000000014000c270     winmm:WINMM.dll
 0002:00000278       __imp_ntohs                000000014000c278     ws2_32:WS2_32.dll
 0002:00000280       __imp_ntohl                000000014000c280     ws2_32:WS2_32.dll
 0002:00000288       __imp_WSAGetLastError      000000014000c288     ws2_32:WS2_32.dll
 0002:00000290       __imp_WSACleanup           000000014000c290     ws2_32:WS2_32.dll
 0002:00000298       __imp_WSAStartup           000000014000c298     ws2_32:WS2_32.dll
 0002:000002a0       \177WS2_32_NULL_THUNK_DATA 000000014000c2a0     ws2_32:WS2_32.dll
 0002:000002a8       __imp_free                 000000014000c2a8     ucrt:api-ms-win-crt-heap-l1-1-0.dll
 0002:000002b0       __imp__set_new_mode        000000014000c2b0     ucrt:api-ms-win-crt-heap-l1-1-0.dll
 0002:000002b8       __imp_malloc               000000014000c2b8     ucrt:api-ms-win-crt-heap-l1-1-0.dll
 0002:000002c0       \177api-ms-win-crt-heap-l1-1-0_NULL_THUNK_DATA 000000014000c2c0     ucrt:api-ms-win-crt-heap-l1-1-0.dll
 0002:000002c8       __imp__configthreadlocale  000000014000c2c8     ucrt:api-ms-win-crt-locale-l1-1-0.dll
 0002:000002d0       \177api-ms-win-crt-locale-l1-1-0_NULL_THUNK_DATA 000000014000c2d0     ucrt:api-ms-win-crt-locale-l1-1-0.dll
 0002:000002d8       __imp___setusermatherr     000000014000c2d8     ucrt:api-ms-win-crt-math-l1-1-0.dll
 0002:000002e0       \177api-ms-win-crt-math-l1-1-0_NULL_THUNK_DATA 000000014000c2e0     ucrt:api-ms-win-crt-math-l1-1-0.dll
 0002:000002e8       __imp__cexit               000000014000c2e8     ucrt:api-ms-win-crt-runtime-l1-1-0.dll
 0002:000002f0       __imp___p___argv           000000014000c2f0     ucrt:api-ms-win-crt-runtime-l1-1-0.dll
 0002:000002f8       __imp__c_exit              000000014000c2f8     ucrt:api-ms-win-crt-runtime-l1-1-0.dll
 0002:00000300       __imp__register_thread_local_exe_atexit_callback 000000014000c300     ucrt:api-ms-win-crt-runtime-l1-1-0.dll
 0002:00000308       __imp___p___argc           000000014000c308     ucrt:api-ms-win-crt-runtime-l1-1-0.dll
 0002:00000310       __imp_terminate            000000014000c310     ucrt:api-ms-win-crt-runtime-l1-1-0.dll
 0002:00000318       __imp__crt_atexit          000000014000c318     ucrt:api-ms-win-crt-runtime-l1-1-0.dll
 0002:00000320       __imp__register_onexit_function 000000014000c320     ucrt:api-ms-win-crt-runtime-l1-1-0.dll
 0002:00000328       __imp__initialize_onexit_table 000000014000c328     ucrt:api-ms-win-crt-runtime-l1-1-0.dll
 0002:00000330       __imp__seh_filter_exe      000000014000c330     ucrt:api-ms-win-crt-runtime-l1-1-0.dll
 0002:00000338       __imp__set_app_type        000000014000c338     ucrt:api-ms-win-crt-runtime-l1-1-0.dll
 0002:00000340       __imp__exit                000000014000c340     ucrt:api-ms-win-crt-runtime-l1-1-0.dll
 0002:00000348       __imp__configure_narrow_argv 000000014000c348     ucrt:api-ms-win-crt-runtime-l1-1-0.dll
 0002:00000350       __imp__initialize_narrow_environment 000000014000c350     ucrt:api-ms-win-crt-runtime-l1-1-0.dll
 0002:00000358       __imp__get_initial_narrow_environment 000000014000c358     ucrt:api-ms-win-crt-runtime-l1-1-0.dll
 0002:00000360       __imp__initterm            000000014000c360     ucrt:api-ms-win-crt-runtime-l1-1-0.dll
 0002:00000368       __imp__initterm_e          000000014000c368     ucrt:api-ms-win-crt-runtime-l1-1-0.dll
 0002:00000370       __imp_exit                 000000014000c370     ucrt:api-ms-win-crt-runtime-l1-1-0.dll
 0002:00000378       \177api-ms-win-crt-runtime-l1-1-0_NULL_THUNK_DATA 000000014000c378     ucrt:api-ms-win-crt-runtime-l1-1-0.dll
 0002:00000380       __imp__set_fmode           000000014000c380     ucrt:api-ms-win-crt-stdio-l1-1-0.dll
 0002:00000388       __imp_fgets                000000014000c388     ucrt:api-ms-win-crt-stdio-l1-1-0.dll
 0002:00000390       __imp_puts                 000000014000c390     ucrt:api-ms-win-crt-stdio-l1-1-0.dll
 0002:00000398       __imp___stdio_common_vsscanf 000000014000c398     ucrt:api-ms-win-crt-stdio-l1-1-0.dll
 0002:000003a0       __imp___stdio_common_vsprintf 000000014000c3a0     ucrt:api-ms-win-crt-stdio-l1-1-0.dll
 0002:000003a8       __imp_fflush               000000014000c3a8     ucrt:api-ms-win-crt-stdio-l1-1-0.dll
 0002:000003b0       __imp___acrt_iob_func      000000014000c3b0     ucrt:api-ms-win-crt-stdio-l1-1-0.dll
 0002:000003b8       __imp___p__commode         000000014000c3b8     ucrt:api-ms-win-crt-stdio-l1-1-0.dll
 0002:000003c0       __imp___stdio_common_vfprintf 000000014000c3c0     ucrt:api-ms-win-crt-stdio-l1-1-0.dll
 0002:000003c8       \177api-ms-win-crt-stdio-l1-1-0_NULL_THUNK_DATA 000000014000c3c8     ucrt:api-ms-win-crt-stdio-l1-1-0.dll
 0002:000003d0       __imp_strncpy              000000014000c3d0     ucrt:api-ms-win-crt-string-l1-1-0.dll
 0002:000003d8       \177api-ms-win-crt-string-l1-1-0_NULL_THUNK_DATA 000000014000c3d8     ucrt:api-ms-win-crt-string-l1-1-0.dll
 0002:000003e0       __imp_CoCreateGuid         000000014000c3e0     ole32:ole32.dll
 0002:000003e8       \177ole32_NULL_THUNK_DATA  000000014000c3e8     ole32:ole32.dll
 0002:000003f0       __guard_check_icall_fptr   000000014000c3f0     MSVCRT:guard_support.obj
 0002:000003f8       __guard_dispatch_icall_fptr 000000014000c3f8     MSVCRT:guard_support.obj
 0002:00000400       __xc_a                     000000014000c400     MSVCRT:initializers.obj
 0002:00000410       __xc_z                     000000014000c410     MSVCRT:initializers.obj
 0002:00000418       __xi_a                     000000014000c418     MSVCRT:initializers.obj
 0002:00000430       __xi_z                     000000014000c430     MSVCRT:initializers.obj
 0002:00000438       __xp_a                     000000014000c438     MSVCRT:initializers.obj
 0002:00000440       __xp_z                     000000014000c440     MSVCRT:initializers.obj
 0002:00000448       __xt_a                     000000014000c448     MSVCRT:initializers.obj
 0002:00000450       __xt_z                     000000014000c450     MSVCRT:initializers.obj
 0002:00000460       ??_C@_0BB@BAGIMGGD@?$CFs?3?5?$CFs?5?$CIerr?$DN?$CFd?$CJ?6?$AA@ 000000014000c460     pjmedia-audiodev-x86_64-x64-vc14-release:audiotest.obj
 0002:00000478       ??_C@_07LGOHBJLG@audtest?$AA@ 000000014000c478     pjmedia-audiodev-x86_64-x64-vc14-release:audiotest.obj
 0002:00000480       ??_C@_07ONKAOHNE@sndtest?$AA@ 000000014000c480     pjmedia-audiodev-x86_64-x64-vc14-release:audiotest.obj
 0002:00000488       ??_C@_0BG@KPJALKKK@Unable?5to?5open?5device?$AA@ 000000014000c488     pjmedia-audiodev-x86_64-x64-vc14-release:audiotest.obj
 0002:000004a0       ??_C@_0BP@JJJOPCGH@Unable?5to?5start?5capture?5stream?$AA@ 000000014000c4a0     pjmedia-audiodev-x86_64-x64-vc14-release:audiotest.obj
 0002:000004c0       ??_C@_0DE@FBEKMONH@?5Please?5wait?5while?5test?5is?5in?5pr@ 000000014000c4c0     pjmedia-audiodev-x86_64-x64-vc14-release:audiotest.obj
 0002:000004f8       ??_C@_0M@PPJNFCCP@audiotest?4c?$AA@ 000000014000c4f8     pjmedia-audiodev-x86_64-x64-vc14-release:audiotest.obj
 0002:00000508       __real@3fe0000000000000    000000014000c508     pjmedia-audiodev-x86_64-x64-vc14-release:audiotest.obj
 0002:000005d0       ??_C@_0DC@MHBBCDGM@Unspecified?5audio?5device?5error?5?$CI@ 000000014000c5d0     pjmedia-audiodev-x86_64-x64-vc14-release:errno.obj
 0002:00000608       ??_C@_0DG@FEDKLOFB@Unknown?5error?5from?5audio?5driver?5@ 000000014000c608     pjmedia-audiodev-x86_64-x64-vc14-release:errno.obj
 0002:00000640       ??_C@_0DE@DOHCBKFK@Audio?5subsystem?5not?5initialized?5@ 000000014000c640     pjmedia-audiodev-x86_64-x64-vc14-release:errno.obj
 0002:00000678       ??_C@_0CL@NCBJPCNF@Invalid?5audio?5device?5?$CIPJMEDIA_EA@ 000000014000c678     pjmedia-audiodev-x86_64-x64-vc14-release:errno.obj
 0002:000006a8       ??_C@_0CM@LOPLLMHO@Found?5no?5audio?5devices?5?$CIPJMEDIA_@ 000000014000c6a8     pjmedia-audiodev-x86_64-x64-vc14-release:errno.obj
 0002:000006d8       ??_C@_0DM@DPDKGMIE@Unable?5to?5find?5default?5audio?5dev@ 000000014000c6d8     pjmedia-audiodev-x86_64-x64-vc14-release:errno.obj
 0002:00000718       ??_C@_0CP@JIPJOIMB@Audio?5device?5not?5ready?5?$CIPJMEDIA_@ 000000014000c718     pjmedia-audiodev-x86_64-x64-vc14-release:errno.obj
 0002:00000748       ??_C@_0DO@NMIGLFFA@Invalid?5or?5unsupported?5audio?5cap@ 000000014000c748     pjmedia-audiodev-x86_64-x64-vc14-release:errno.obj
 0002:00000790       ??_C@_0ED@PLJALPOA@Invalid?5or?5unsupported?5audio?5dev@ 000000014000c790     pjmedia-audiodev-x86_64-x64-vc14-release:errno.obj
 0002:000007d8       ??_C@_0DM@JKDJGBNG@Bad?5or?5invalid?5audio?5device?5form@ 000000014000c7d8     pjmedia-audiodev-x86_64-x64-vc14-release:errno.obj
 0002:00000818       ??_C@_0DN@BLAJILEA@Invalid?5audio?5device?5sample?5form@ 000000014000c818     pjmedia-audiodev-x86_64-x64-vc14-release:errno.obj
 0002:00000858       ??_C@_0DE@LJJGJIEF@Bad?5audio?5latency?5setting?5?$CIPJMED@ 000000014000c858     pjmedia-audiodev-x86_64-x64-vc14-release:errno.obj
 0002:00000890       ??_C@_0BJ@GMHLEOAL@MMSYSTEM?5native?5error?5?$CFd?$AA@ 000000014000c890     pjmedia-audiodev-x86_64-x64-vc14-release:errno.obj
 0002:000008b0       ??_C@_0CC@MFOJNIAN@Unknown?5pjmedia?9audiodev?5error?5?$CF@ 000000014000c8b0     pjmedia-audiodev-x86_64-x64-vc14-release:errno.obj
 0002:000008d8       ??_C@_0M@KBHHDDLP@Wave?5mapper?$AA@ 000000014000c8d8     pjmedia-audiodev-x86_64-x64-vc14-release:wmme_dev.obj
 0002:000008e4       ??_C@_04CPNMDOAK@WMME?$AA@ 000000014000c8e4     pjmedia-audiodev-x86_64-x64-vc14-release:wmme_dev.obj
 0002:000008f0       ??_C@_0BB@EOKKHGLD@WMME?5initialized?$AA@ 000000014000c8f0     pjmedia-audiodev-x86_64-x64-vc14-release:wmme_dev.obj
 0002:00000908       ??_C@_0L@HHCCMOGO@wmme_dev?4c?$AA@ 000000014000c908     pjmedia-audiodev-x86_64-x64-vc14-release:wmme_dev.obj
 0002:00000918       ??_C@_0BM@OMJMEAMB@WMME?5found?5no?5sound?5devices?$AA@ 000000014000c918     pjmedia-audiodev-x86_64-x64-vc14-release:wmme_dev.obj
 0002:00000934       ??_C@_11LOCGONAA@?$AA?$AA@ 000000014000c934     pjmedia-audiodev-x86_64-x64-vc14-release:wmme_dev.obj
 0002:00000938       ??_C@_0BH@GEMAAOCL@WMME?5found?5?$CFd?5devices?3?$AA@ 000000014000c938     pjmedia-audiodev-x86_64-x64-vc14-release:wmme_dev.obj
 0002:00000950       ??_C@_0CA@NLJGEGOG@?5dev_id?5?$CFd?3?5?$CFs?5?5?$CIin?$DN?$CFd?0?5out?$DN?$CFd?$CJ?$AA@ 000000014000c950     pjmedia-audiodev-x86_64-x64-vc14-release:wmme_dev.obj
 0002:00000970       ??_C@_03CCLNCNJA@PCM?$AA@  000000014000c970     pjmedia-audiodev-x86_64-x64-vc14-release:wmme_dev.obj
 0002:00000980       ??_C@_0HB@MKIBCFPJ@?5WaveAPI?5Sound?5player?5?$CC?$CFs?$CC?5initi@ 000000014000c980     pjmedia-audiodev-x86_64-x64-vc14-release:wmme_dev.obj
 0002:00000a00       ??_C@_0HD@PIICIPL@?5WaveAPI?5Sound?5recorder?5?$CC?$CFs?$CC?5ini@ 000000014000ca00     pjmedia-audiodev-x86_64-x64-vc14-release:wmme_dev.obj
 0002:00000a78       ??_C@_0CJ@BMOAEONK@Failed?5to?5write?5audio?5frame?5for?5@ 000000014000ca78     pjmedia-audiodev-x86_64-x64-vc14-release:wmme_dev.obj
 0002:00000aa8       ??_C@_0BP@EAOBDJJO@Failed?5to?5add?5recording?5buffer?$AA@ 000000014000caa8     pjmedia-audiodev-x86_64-x64-vc14-release:wmme_dev.obj
 0002:00000ac8       ??_C@_0BI@BEJPJEBJ@WMME?3?5thread?5stopping?4?4?$AA@ 000000014000cac8     pjmedia-audiodev-x86_64-x64-vc14-release:wmme_dev.obj
 0002:00000ae0       ??_C@_0CB@JKFANBEJ@WMME?5thread?5stopped?5due?5to?5error@ 000000014000cae0     pjmedia-audiodev-x86_64-x64-vc14-release:wmme_dev.obj
 0002:00000b08       ??_C@_08MOOOBPLB@wmme?9dev?$AA@ 000000014000cb08     pjmedia-audiodev-x86_64-x64-vc14-release:wmme_dev.obj
 0002:00000b14       ??_C@_04ODOGNMHC@wmme?$AA@ 000000014000cb14     pjmedia-audiodev-x86_64-x64-vc14-release:wmme_dev.obj
 0002:00000b20       ??_C@_0BN@MNACKNIN@WMME?5playback?5stream?5started?$AA@ 000000014000cb20     pjmedia-audiodev-x86_64-x64-vc14-release:wmme_dev.obj
 0002:00000b40       ??_C@_0BM@NKDLICNM@WMME?5capture?5stream?5started?$AA@ 000000014000cb40     pjmedia-audiodev-x86_64-x64-vc14-release:wmme_dev.obj
 0002:00000b60       ??_C@_0BN@FMJNHCPG@Stopped?5WMME?5playback?5stream?$AA@ 000000014000cb60     pjmedia-audiodev-x86_64-x64-vc14-release:wmme_dev.obj
 0002:00000b80       ??_C@_0BM@KCHDOGNE@Stopped?5WMME?5capture?5stream?$AA@ 000000014000cb80     pjmedia-audiodev-x86_64-x64-vc14-release:wmme_dev.obj
 0002:00000ba0       ??_C@_09OFDCJLJM@WMME?5base?$AA@ 000000014000cba0     pjmedia-audiodev-x86_64-x64-vc14-release:wmme_dev.obj
 0002:00000bb0       ??_C@_07GBKCPIDJ@ext?9fmt?$AA@ 000000014000cbb0     pjmedia-x86_64-x64-vc14-release:audiodev.obj
 0002:00000bb8       ??_C@_0BI@GGHCECPI@Extended?1non?9PCM?5format?$AA@ 000000014000cbb8     pjmedia-x86_64-x64-vc14-release:audiodev.obj
 0002:00000bd0       ??_C@_0L@IKNMBADD@latency?9in?$AA@ 000000014000cbd0     pjmedia-x86_64-x64-vc14-release:audiodev.obj
 0002:00000be0       ??_C@_0CC@LIGOHOJN@Input?5latency?1buffer?5size?5settin@ 000000014000cbe0     pjmedia-x86_64-x64-vc14-release:audiodev.obj
 0002:00000c08       ??_C@_0M@MBBBBCLJ@latency?9out?$AA@ 000000014000cc08     pjmedia-x86_64-x64-vc14-release:audiodev.obj
 0002:00000c18       ??_C@_0CD@GAINMBC@Output?5latency?1buffer?5size?5setti@ 000000014000cc18     pjmedia-x86_64-x64-vc14-release:audiodev.obj
 0002:00000c3c       ??_C@_06KGGLCDDG@vol?9in?$AA@ 000000014000cc3c     pjmedia-x86_64-x64-vc14-release:audiodev.obj
 0002:00000c48       ??_C@_0BF@CCEKOJAN@Input?5volume?5setting?$AA@ 000000014000cc48     pjmedia-x86_64-x64-vc14-release:audiodev.obj
 0002:00000c60       ??_C@_07LBFHFBAF@vol?9out?$AA@ 000000014000cc60     pjmedia-x86_64-x64-vc14-release:audiodev.obj
 0002:00000c68       ??_C@_0BG@IBEHJHAD@Output?5volume?5setting?$AA@ 000000014000cc68     pjmedia-x86_64-x64-vc14-release:audiodev.obj
 0002:00000c80       ??_C@_08BPNDLGG@meter?9in?$AA@ 000000014000cc80     pjmedia-x86_64-x64-vc14-release:audiodev.obj
 0002:00000c90       ??_C@_0M@NCGIGNPG@Input?5meter?$AA@ 000000014000cc90     pjmedia-x86_64-x64-vc14-release:audiodev.obj
 0002:00000ca0       ??_C@_09NKJLJGOJ@meter?9out?$AA@ 000000014000cca0     pjmedia-x86_64-x64-vc14-release:audiodev.obj
 0002:00000cb0       ??_C@_0N@GBEOEOEP@Output?5meter?$AA@ 000000014000ccb0     pjmedia-x86_64-x64-vc14-release:audiodev.obj
 0002:00000cc0       ??_C@_08FPHJDLBG@route?9in?$AA@ 000000014000ccc0     pjmedia-x86_64-x64-vc14-release:audiodev.obj
 0002:00000cd0       ??_C@_0O@JDPFDDM@Input?5routing?$AA@ 000000014000ccd0     pjmedia-x86_64-x64-vc14-release:audiodev.obj
 0002:00000ce0       ??_C@_09IKMAGDNF@route?9out?$AA@ 000000014000cce0     pjmedia-x86_64-x64-vc14-release:audiodev.obj
 0002:00000cf0       ??_C@_0P@JOFPIEJJ@Output?5routing?$AA@ 000000014000ccf0     pjmedia-x86_64-x64-vc14-release:audiodev.obj
 0002:00000d00       ??_C@_03FNONIBCK@aec?$AA@  000000014000cd00     pjmedia-x86_64-x64-vc14-release:audiodev.obj
 0002:00000d08       ??_C@_0BM@HPDLGLFJ@Accoustic?5echo?5cancellation?$AA@ 000000014000cd08     pjmedia-x86_64-x64-vc14-release:audiodev.obj
 0002:00000d28       ??_C@_08MKAPJCJE@aec?9tail?$AA@ 000000014000cd28     pjmedia-x86_64-x64-vc14-release:audiodev.obj
 0002:00000d38       ??_C@_0BM@PBLLADJD@Tail?5length?5setting?5for?5AEC?$AA@ 000000014000cd38     pjmedia-x86_64-x64-vc14-release:audiodev.obj
 0002:00000d54       ??_C@_03NIGLNABH@vad?$AA@  000000014000cd54     pjmedia-x86_64-x64-vc14-release:audiodev.obj
 0002:00000d58       ??_C@_0BJ@PEELNNPF@Voice?5activity?5detection?$AA@ 000000014000cd58     pjmedia-x86_64-x64-vc14-release:audiodev.obj
 0002:00000d74       ??_C@_03JPNNGDEE@cng?$AA@  000000014000cd74     pjmedia-x86_64-x64-vc14-release:audiodev.obj
 0002:00000d78       ??_C@_0BJ@MNDOFJGN@Comfort?5noise?5generation?$AA@ 000000014000cd78     pjmedia-x86_64-x64-vc14-release:audiodev.obj
 0002:00000d94       ??_C@_03NOPFEPFL@plg?$AA@  000000014000cd94     pjmedia-x86_64-x64-vc14-release:audiodev.obj
 0002:00000d98       ??_C@_0BI@OMEMKBHH@Packet?5loss?5concealment?$AA@ 000000014000cd98     pjmedia-x86_64-x64-vc14-release:audiodev.obj
 0002:00000db0       ??_C@_0EF@NLCNMHAD@?$CFd?5device?$CIs?$CJ?5cannot?5be?5registere@ 000000014000cdb0     pjmedia-x86_64-x64-vc14-release:audiodev.obj
 0002:00000df8       ??_C@_0L@FGHHAHLM@audiodev?4c?$AA@ 000000014000cdf8     pjmedia-x86_64-x64-vc14-release:audiodev.obj
 0002:00000e04       ??_C@_02HHFHKOHM@?$DP?$DP?$AA@ 000000014000ce04     pjmedia-x86_64-x64-vc14-release:audiodev.obj
 0002:00000e08       ??_C@_0CF@NNKJIABC@Unable?5to?5refresh?5device?5list?5fo@ 000000014000ce08     pjmedia-x86_64-x64-vc14-release:audiodev.obj
 0002:00000e30       ??_C@_04DAMGJPCA@file?$AA@ 000000014000ce30     pjmedia-x86_64-x64-vc14-release:wav_player.obj
 0002:00000e38       ??_C@_0DH@CJCCJAOK@actual?5value?$HMexpected?5riff?$DN?$CFx?$HM?$CFx@ 000000014000ce38     pjmedia-x86_64-x64-vc14-release:wav_player.obj
 0002:00000e70       ??_C@_0N@EAJPAIGO@wav_player?4c?$AA@ 000000014000ce70     pjmedia-x86_64-x64-vc14-release:wav_player.obj
 0002:00000e80       ??_C@_0EO@KJDBHFL@File?5player?5?8?$CF?4?$CKs?8?5created?3?5samp@ 000000014000ce80     pjmedia-x86_64-x64-vc14-release:wav_player.obj
 0002:00000ed0       ??_C@_0BD@LPPPNKOC@File?5port?5?$CF?4?$CKs?5EOF?$AA@ 000000014000ced0     pjmedia-x86_64-x64-vc14-release:wav_player.obj
 0002:00000ee8       ??_C@_0BL@OHCCHMIC@File?5port?5?$CF?4?$CKs?5rewinding?4?4?$AA@ 000000014000cee8     pjmedia-x86_64-x64-vc14-release:wav_player.obj
 0002:00000f08       ??_C@_0DH@EDIEAILI@File?5writer?5?8?$CF?4?$CKs?8?5created?3?5samp@ 000000014000cf08     pjmedia-x86_64-x64-vc14-release:wav_writer.obj
 0002:00000f40       ??_C@_0N@MCLOBLAH@wav_writer?4c?$AA@ 000000014000cf40     pjmedia-x86_64-x64-vc14-release:wav_writer.obj
 0002:00000f50       ??_C@_0DH@LLDEKPNG@Lost?5event?5?$CFs?5from?5publisher?5?$FL0x@ 000000014000cf50     pjmedia-x86_64-x64-vc14-release:event.obj
 0002:00000f88       ??_C@_07GLALFINI@event?4c?$AA@ 000000014000cf88     pjmedia-x86_64-x64-vc14-release:event.obj
 0002:00000f90       pjmedia_linear2ulaw_tab    000000014000cf90     pjmedia-x86_64-x64-vc14-release:alaw_ulaw_table.obj
 0002:00004f90       pjmedia_linear2alaw_tab    0000000140010f90     pjmedia-x86_64-x64-vc14-release:alaw_ulaw_table.obj
 0002:00008f90       pjmedia_ulaw2linear_tab    0000000140014f90     pjmedia-x86_64-x64-vc14-release:alaw_ulaw_table.obj
 0002:00009190       pjmedia_alaw2linear_tab    0000000140015190     pjmedia-x86_64-x64-vc14-release:alaw_ulaw_table.obj
 0002:00009390       ??_C@_04IFCNACLH@pj?$CFp?$AA@ 0000000140015390     pjlib-x86_64-x64-vc14-release:os_core_win32.obj
 0002:00009398       ??_C@_0BA@NGJFHJA@PJLIB?1No?5memory?$AA@ 0000000140015398     pjlib-x86_64-x64-vc14-release:os_core_win32.obj
 0002:000093a8       ??_C@_0BP@NGEKBPIB@pjlib?5?$CFs?5for?5win32?5initialized?$AA@ 00000001400153a8     pjlib-x86_64-x64-vc14-release:os_core_win32.obj
 0002:000093c8       ??_C@_0BA@FNCACAIG@os_core_win32?4c?$AA@ 00000001400153c8     pjlib-x86_64-x64-vc14-release:os_core_win32.obj
 0002:000093d8       ??_C@_0CI@EAKIIBBA@Main?5thread?5stack?5max?5usage?$DN?$CFu?5b@ 00000001400153d8     pjlib-x86_64-x64-vc14-release:os_core_win32.obj
 0002:00009400       ??_C@_0BK@BHGJHPMG@?4?4?2src?2pj?2os_core_win32?4c?$AA@ 0000000140015400     pjlib-x86_64-x64-vc14-release:os_core_win32.obj
 0002:0000941c       ??_C@_05KHEDLION@thr?$CFp?$AA@ 000000014001541c     pjlib-x86_64-x64-vc14-release:os_core_win32.obj
 0002:00009428       ??_C@_0CD@GPHECFNA@Thread?5stack?5max?5usage?$DN?$CFu?5by?5?$CFs?3@ 0000000140015428     pjlib-x86_64-x64-vc14-release:os_core_win32.obj
 0002:0000944b       ??_C@_00CNPNBAHC@?$AA@     000000014001544b     pjlib-x86_64-x64-vc14-release:os_core_win32.obj
 0002:0000944c       ??_C@_05EJDHHBFJ@mtx?$CFp?$AA@ 000000014001544c     pjlib-x86_64-x64-vc14-release:os_core_win32.obj
 0002:00009458       ??_C@_0BB@PKFOFEEC@?4?4?2src?2pj?2pool?4c?$AA@ 0000000140015458     pjlib-x86_64-x64-vc14-release:pool.obj
 0002:00009470       ??_C@_0BJ@MJKAJPML@?4?4?2src?2pj?2pool_caching?4c?$AA@ 0000000140015470     pjlib-x86_64-x64-vc14-release:pool_caching.obj
 0002:00009490       ??_C@_0M@IGFPEOLJ@cachingpool?$AA@ 0000000140015490     pjlib-x86_64-x64-vc14-release:pool_caching.obj
 0002:000094a0       ??_C@_0DD@ECGDPCBA@Pool?5is?5not?5released?5by?5applicat@ 00000001400154a0     pjlib-x86_64-x64-vc14-release:pool_caching.obj
 0002:000094d8       ??_C@_0BH@BBPHJKOA@?5Dumping?5caching?5pool?3?$AA@ 00000001400154d8     pjlib-x86_64-x64-vc14-release:pool_caching.obj
 0002:000094f0       ??_C@_08COPEICHG@cachpool?$AA@ 00000001400154f0     pjlib-x86_64-x64-vc14-release:pool_caching.obj
 0002:00009500       ??_C@_0CN@DOKPIIOH@?5?5?5Capacity?$DN?$CFu?0?5max_capacity?$DN?$CFu?0@ 0000000140015500     pjlib-x86_64-x64-vc14-release:pool_caching.obj
 0002:00009530       ??_C@_0BM@IDLDGCC@?5?5Dumping?5all?5active?5pools?3?$AA@ 0000000140015530     pjlib-x86_64-x64-vc14-release:pool_caching.obj
 0002:00009550       ??_C@_0CA@MMLIKIEG@?5?5?5?$CF16s?3?5?$CF8d?5of?5?$CF8d?5?$CI?$CFd?$CF?$CF?$CJ?5used?$AA@ 0000000140015550     pjlib-x86_64-x64-vc14-release:pool_caching.obj
 0002:00009570       ??_C@_0CB@GKBJPDKG@?5?5Total?5?$CF9d?5of?5?$CF9d?5?$CI?$CFd?5?$CF?$CF?$CJ?5used?$CB@ 0000000140015570     pjlib-x86_64-x64-vc14-release:pool_caching.obj
 0002:00009598       ??_C@_0CH@OGOOBJBE@IPv6?5is?5not?5supported?5?$CIPJ_EIPV6N@ 0000000140015598     pjlib-x86_64-x64-vc14-release:errno.obj
 0002:000095c0       ??_C@_0CK@DJAHHNOI@Unsupported?5address?5family?5?$CIPJ_E@ 00000001400155c0     pjlib-x86_64-x64-vc14-release:errno.obj
 0002:000095f0       ??_C@_0CD@PDGCJOJH@Object?5no?5longer?5exists?5?$CIPJ_EGON@ 00000001400155f0     pjlib-x86_64-x64-vc14-release:errno.obj
 0002:00009618       ??_C@_0CI@LBHALONI@Socket?5is?5in?5bad?5state?5?$CIPJ_ESOCK@ 0000000140015618     pjlib-x86_64-x64-vc14-release:errno.obj
 0002:000097c0       ??_C@_0BM@FLPPOGAG@Unknown?5Error?5?$CIPJ_EUNKNOWN?$CJ?$AA@ 00000001400157c0     pjlib-x86_64-x64-vc14-release:errno.obj
 0002:000097e0       ??_C@_0CA@DCLOOJGD@Pending?5operation?5?$CIPJ_EPENDING?$CJ?$AA@ 00000001400157e0     pjlib-x86_64-x64-vc14-release:errno.obj
 0002:00009800       ??_C@_0CO@GABEOAFF@Too?5many?5connecting?5sockets?5?$CIPJ_@ 0000000140015800     pjlib-x86_64-x64-vc14-release:errno.obj
 0002:00009830       ??_C@_0CG@CBCJBJGD@Invalid?5value?5or?5argument?5?$CIPJ_EI@ 0000000140015830     pjlib-x86_64-x64-vc14-release:errno.obj
 0002:00009858       ??_C@_0CA@GJABNEKD@Name?5too?5long?5?$CIPJ_ENAMETOOLONG?$CJ?$AA@ 0000000140015858     pjlib-x86_64-x64-vc14-release:errno.obj
 0002:00009878       ??_C@_0BJ@JNKLPII@Not?5found?5?$CIPJ_ENOTFOUND?$CJ?$AA@ 0000000140015878     pjlib-x86_64-x64-vc14-release:errno.obj
 0002:00009898       ??_C@_0BO@GOLCMJKK@Not?5enough?5memory?5?$CIPJ_ENOMEM?$CJ?$AA@ 0000000140015898     pjlib-x86_64-x64-vc14-release:errno.obj
 0002:000098b8       ??_C@_0BI@HHGDCAID@BUG?5DETECTED?$CB?5?$CIPJ_EBUG?$CJ?$AA@ 00000001400158b8     pjlib-x86_64-x64-vc14-release:errno.obj
 0002:000098d0       ??_C@_0CD@JOGIDHPJ@Operation?5timed?5out?5?$CIPJ_ETIMEDOU@ 00000001400158d0     pjlib-x86_64-x64-vc14-release:errno.obj
 0002:000098f8       ??_C@_0DF@MIFNAIHL@Too?5many?5objects?5of?5the?5specifie@ 00000001400158f8     pjlib-x86_64-x64-vc14-release:errno.obj
 0002:00009930       ??_C@_0BK@OMPILOH@Object?5is?5busy?5?$CIPJ_EBUSY?$CJ?$AA@ 0000000140015930     pjlib-x86_64-x64-vc14-release:errno.obj
 0002:00009950       ??_C@_0CP@BAIBJOJE@Option?1operation?5is?5not?5supporte@ 0000000140015950     pjlib-x86_64-x64-vc14-release:errno.obj
 0002:00009980       ??_C@_0CC@OEEEEEML@Invalid?5operation?5?$CIPJ_EINVALIDOP@ 0000000140015980     pjlib-x86_64-x64-vc14-release:errno.obj
 0002:000099a8       ??_C@_0CE@KDDMJLGF@Operation?5cancelled?5?$CIPJ_ECANCELL@ 00000001400159a8     pjlib-x86_64-x64-vc14-release:errno.obj
 0002:000099d0       ??_C@_0CD@LODOFNLC@Object?5already?5exists?5?$CIPJ_EEXIST@ 00000001400159d0     pjlib-x86_64-x64-vc14-release:errno.obj
 0002:000099f8       ??_C@_0BG@GMBDFNLN@End?5of?5file?5?$CIPJ_EEOF?$CJ?$AA@ 00000001400159f8     pjlib-x86_64-x64-vc14-release:errno.obj
 0002:00009a10       ??_C@_0BN@PCCNBFLN@Size?5is?5too?5big?5?$CIPJ_ETOOBIG?$CJ?$AA@ 0000000140015a10     pjlib-x86_64-x64-vc14-release:errno.obj
 0002:00009a30       ??_C@_0DB@FDCHLEID@gethostbyname?$CI?$CJ?5has?5returned?5err@ 0000000140015a30     pjlib-x86_64-x64-vc14-release:errno.obj
 0002:00009a68       ??_C@_0CB@MGGLJMNO@Size?5is?5too?5short?5?$CIPJ_ETOOSMALL?$CJ@ 0000000140015a68     pjlib-x86_64-x64-vc14-release:errno.obj
 0002:00009a90       ??_C@_0BG@NBDJGAFI@Ignored?5?$CIPJ_EIGNORED?$CJ?$AA@ 0000000140015a90     pjlib-x86_64-x64-vc14-release:errno.obj
 0002:00009aa8       ??_C@_0BH@ONDLFCEA@Unknown?5pjlib?5error?5?$CFd?$AA@ 0000000140015aa8     pjlib-x86_64-x64-vc14-release:errno.obj
 0002:00009ac0       ??_C@_07PBILKAFL@Success?$AA@ 0000000140015ac0     pjlib-x86_64-x64-vc14-release:errno.obj
 0002:00009ac8       ??_C@_0BB@BIKLJNJD@Unknown?5error?5?$CFd?$AA@ 0000000140015ac8     pjlib-x86_64-x64-vc14-release:errno.obj
 0002:00009adc       ??_C@_05NAOIJFC@Error?$AA@ 0000000140015adc     pjlib-x86_64-x64-vc14-release:errno.obj
 0002:00009ae4       ??_C@_06DJHOIPC@?$CFs?3?5?$CFs?$AA@ 0000000140015ae4     pjlib-x86_64-x64-vc14-release:errno.obj
 0002:00009af0       ??_C@_0BA@CLLJDBF@?4?4?2src?2pj?2log?4c?$AA@ 0000000140015af0     pjlib-x86_64-x64-vc14-release:log.obj
 0002:00009b00       ??_C@_06DDFOEFIF@FATAL?3?$AA@ 0000000140015b00     pjlib-x86_64-x64-vc14-release:log.obj
 0002:00009b08       ??_C@_06PONDCDME@ERROR?3?$AA@ 0000000140015b08     pjlib-x86_64-x64-vc14-release:log.obj
 0002:00009b10       ??_C@_06OHJPOJDB@?5WARN?3?$AA@ 0000000140015b10     pjlib-x86_64-x64-vc14-release:log.obj
 0002:00009b18       ??_C@_06ICKKLHPE@?5INFO?3?$AA@ 0000000140015b18     pjlib-x86_64-x64-vc14-release:log.obj
 0002:00009b20       ??_C@_06DNOFLLB@DEBUG?3?$AA@ 0000000140015b20     pjlib-x86_64-x64-vc14-release:log.obj
 0002:00009b28       ??_C@_06ELIFFDKB@TRACE?3?$AA@ 0000000140015b28     pjlib-x86_64-x64-vc14-release:log.obj
 0002:00009b30       ??_C@_06HGKAKJPG@DETRC?3?$AA@ 0000000140015b30     pjlib-x86_64-x64-vc14-release:log.obj
 0002:00009b38       ??_C@_03KOEHGMDN@Sun?$AA@  0000000140015b38     pjlib-x86_64-x64-vc14-release:log.obj
 0002:00009b3c       ??_C@_03PDAGKDH@Mon?$AA@   0000000140015b3c     pjlib-x86_64-x64-vc14-release:log.obj
 0002:00009b40       ??_C@_03NAGEINEP@Tue?$AA@  0000000140015b40     pjlib-x86_64-x64-vc14-release:log.obj
 0002:00009b44       ??_C@_03MHOMLAJA@Wed?$AA@  0000000140015b44     pjlib-x86_64-x64-vc14-release:log.obj
 0002:00009b48       ??_C@_03IOFIKPDN@Thu?$AA@  0000000140015b48     pjlib-x86_64-x64-vc14-release:log.obj
 0002:00009b4c       ??_C@_03IDIOELNC@Fri?$AA@  0000000140015b4c     pjlib-x86_64-x64-vc14-release:log.obj
 0002:00009b50       ??_C@_03FEFJNEK@Sat?$AA@   0000000140015b50     pjlib-x86_64-x64-vc14-release:log.obj
 0002:00009b58       ??_C@_0BO@BGMDCDKP@?$DMlogging?5error?3?5msg?5too?5long?$DO?$AA@ 0000000140015b58     pjlib-x86_64-x64-vc14-release:log.obj
 0002:00009b78       ??_C@_0BP@JMMENEAD@?4?4?2src?2pj?2pool_policy_malloc?4c?$AA@ 0000000140015b78     pjlib-x86_64-x64-vc14-release:pool_policy_malloc.obj
 0002:00009b98       __real@3ff0000000000000    0000000140015b98     pjlib-x86_64-x64-vc14-release:os_timestamp_common.obj
 0002:00009ba0       __real@412e848000000000    0000000140015ba0     pjlib-x86_64-x64-vc14-release:os_timestamp_common.obj
 0002:00009ba8       ??_C@_0BD@ELEDKDKB@?4?4?2src?2pj?2string?4c?$AA@ 0000000140015ba8     pjlib-x86_64-x64-vc14-release:string.obj
 0002:00009ee0       ??_C@_0CD@FNMHLHMI@Interrupted?5system?5call?5?$CIWSAEINT@ 0000000140015ee0     pjlib-x86_64-x64-vc14-release:os_error_win32.obj
 0002:00009f08       ??_C@_0BL@OKPDNKLH@Bad?5file?5number?5?$CIWSAEBADF?$CJ?$AA@ 0000000140015f08     pjlib-x86_64-x64-vc14-release:os_error_win32.obj
 0002:00009f28       ??_C@_0BO@BMBEEPBP@Permission?5denied?5?$CIWSAEACCES?$CJ?$AA@ 0000000140015f28     pjlib-x86_64-x64-vc14-release:os_error_win32.obj
 0002:00009f48       ??_C@_0BI@LAKHPJJ@Bad?5address?5?$CIWSAEFAULT?$CJ?$AA@ 0000000140015f48     pjlib-x86_64-x64-vc14-release:os_error_win32.obj
 0002:00009f60       ??_C@_0BN@FEIDINKH@Invalid?5argument?5?$CIWSAEINVAL?$CJ?$AA@ 0000000140015f60     pjlib-x86_64-x64-vc14-release:os_error_win32.obj
 0002:00009f80       ??_C@_0CC@HMKKNDGL@Too?5many?5open?5sockets?5?$CIWSAEMFILE@ 0000000140015f80     pjlib-x86_64-x64-vc14-release:os_error_win32.obj
 0002:00009fa8       ??_C@_0CH@GCPPFMGM@Operation?5would?5block?5?$CIWSAEWOULD@ 0000000140015fa8     pjlib-x86_64-x64-vc14-release:os_error_win32.obj
 0002:00009fd0       ??_C@_0CL@DKGHEPCD@Operation?5now?5in?5progress?5?$CIWSAEI@ 0000000140015fd0     pjlib-x86_64-x64-vc14-release:os_error_win32.obj
 0002:0000a000       ??_C@_0CM@BEMCBKDH@Operation?5already?5in?5progress?5?$CIW@ 0000000140016000     pjlib-x86_64-x64-vc14-release:os_error_win32.obj
 0002:0000a030       ??_C@_0CN@PAFKDEBN@Socket?5operation?5on?5non?9socket?5?$CI@ 0000000140016030     pjlib-x86_64-x64-vc14-release:os_error_win32.obj
 0002:0000a060       ??_C@_0CP@HCDICECK@Destination?5address?5required?5?$CIWS@ 0000000140016060     pjlib-x86_64-x64-vc14-release:os_error_win32.obj
 0002:0000a090       ??_C@_0BP@LNFPBFEK@Message?5too?5long?5?$CIWSAEMSGSIZE?$CJ?$AA@ 0000000140016090     pjlib-x86_64-x64-vc14-release:os_error_win32.obj
 0002:0000a0b0       ??_C@_0CP@MMIMIEMF@Protocol?5wrong?5type?5for?5socket?5?$CI@ 00000001400160b0     pjlib-x86_64-x64-vc14-release:os_error_win32.obj
 0002:0000a0e0       ??_C@_0CF@HNFLHOHA@Bad?5protocol?5option?5?$CIWSAENOPROTO@ 00000001400160e0     pjlib-x86_64-x64-vc14-release:os_error_win32.obj
 0002:0000a108       ??_C@_0CM@HPGHEHCE@Protocol?5not?5supported?5?$CIWSAEPROT@ 0000000140016108     pjlib-x86_64-x64-vc14-release:os_error_win32.obj
 0002:0000a138       ??_C@_0CP@JLBNHCOL@Socket?5type?5not?5supported?5?$CIWSAES@ 0000000140016138     pjlib-x86_64-x64-vc14-release:os_error_win32.obj
 0002:0000a168       ??_C@_0DC@GJMFANID@Operation?5not?5supported?5on?5socke@ 0000000140016168     pjlib-x86_64-x64-vc14-release:os_error_win32.obj
 0002:0000a1a0       ??_C@_0DA@GFNBENIG@Protocol?5family?5not?5supported?5?$CIW@ 00000001400161a0     pjlib-x86_64-x64-vc14-release:os_error_win32.obj
 0002:0000a1d0       ??_C@_0CP@MMKHGIFC@Address?5family?5not?5supported?5?$CIWS@ 00000001400161d0     pjlib-x86_64-x64-vc14-release:os_error_win32.obj
 0002:0000a200       ??_C@_0CH@OCKNFBKE@Address?5already?5in?5use?5?$CIWSAEADDR@ 0000000140016200     pjlib-x86_64-x64-vc14-release:os_error_win32.obj
 0002:0000a228       ??_C@_0DC@FJJPJPOD@Can?8t?5assign?5requested?5address?5?$CI@ 0000000140016228     pjlib-x86_64-x64-vc14-release:os_error_win32.obj
 0002:0000a260       ??_C@_0BO@IICKDHLJ@Network?5is?5down?5?$CIWSAENETDOWN?$CJ?$AA@ 0000000140016260     pjlib-x86_64-x64-vc14-release:os_error_win32.obj
 0002:0000a280       ??_C@_0CI@NKJAACME@Network?5is?5unreachable?5?$CIWSAENETU@ 0000000140016280     pjlib-x86_64-x64-vc14-release:os_error_win32.obj
 0002:0000a2a8       ??_C@_0CE@LJEEEFEC@Net?5connection?5reset?5?$CIWSAENETRES@ 00000001400162a8     pjlib-x86_64-x64-vc14-release:os_error_win32.obj
 0002:0000a2d0       ??_C@_0DD@PGDIHOBG@Software?5caused?5connection?5abort@ 00000001400162d0     pjlib-x86_64-x64-vc14-release:os_error_win32.obj
 0002:0000a308       ??_C@_0CJ@PJHCFAAN@Connection?5reset?5by?5peer?5?$CIWSAECO@ 0000000140016308     pjlib-x86_64-x64-vc14-release:os_error_win32.obj
 0002:0000a338       ??_C@_0CH@EKNGIMKN@No?5buffer?5space?5available?5?$CIWSAEN@ 0000000140016338     pjlib-x86_64-x64-vc14-release:os_error_win32.obj
 0002:0000a360       ??_C@_0CJ@JOPBNNOD@Socket?5is?5already?5connected?5?$CIWSA@ 0000000140016360     pjlib-x86_64-x64-vc14-release:os_error_win32.obj
 0002:0000a390       ??_C@_0CG@CECDMHLL@Socket?5is?5not?5connected?5?$CIWSAENOT@ 0000000140016390     pjlib-x86_64-x64-vc14-release:os_error_win32.obj
 0002:0000a3b8       ??_C@_0DA@JGJMJPNM@Can?8t?5send?5after?5socket?5shutdown@ 00000001400163b8     pjlib-x86_64-x64-vc14-release:os_error_win32.obj
 0002:0000a3e8       ??_C@_0DE@CAILNFFE@Too?5many?5references?0?5can?8t?5splic@ 00000001400163e8     pjlib-x86_64-x64-vc14-release:os_error_win32.obj
 0002:0000a420       ??_C@_0CE@IIKHBGF@Connection?5timed?5out?5?$CIWSAETIMEDO@ 0000000140016420     pjlib-x86_64-x64-vc14-release:os_error_win32.obj
 0002:0000a448       ??_C@_0CF@JMKFBJH@Connection?5refused?5?$CIWSAECONNREFU@ 0000000140016448     pjlib-x86_64-x64-vc14-release:os_error_win32.obj
 0002:0000a470       ??_C@_0CN@FCKBNFMB@Too?5many?5levels?5of?5symbolic?5link@ 0000000140016470     pjlib-x86_64-x64-vc14-release:os_error_win32.obj
 0002:0000a4a0       ??_C@_0CF@MOFKOMBB@File?5name?5too?5long?5?$CIWSAENAMETOOL@ 00000001400164a0     pjlib-x86_64-x64-vc14-release:os_error_win32.obj
 0002:0000a4c8       ??_C@_0BM@NCJCEEDP@Host?5is?5down?5?$CIWSAEHOSTDOWN?$CJ?$AA@ 00000001400164c8     pjlib-x86_64-x64-vc14-release:os_error_win32.obj
 0002:0000a4e8       ??_C@_0CD@ECJOJHBH@No?5route?5to?5host?5?$CIWSAEHOSTUNREAC@ 00000001400164e8     pjlib-x86_64-x64-vc14-release:os_error_win32.obj
 0002:0000a510       ??_C@_0CD@NEFLEHEG@Directory?5not?5empty?5?$CIWSAENOTEMPT@ 0000000140016510     pjlib-x86_64-x64-vc14-release:os_error_win32.obj
 0002:0000a538       ??_C@_0CB@GPCGLHOJ@Too?5many?5processes?5?$CIWSAEPROCLIM?$CJ@ 0000000140016538     pjlib-x86_64-x64-vc14-release:os_error_win32.obj
 0002:0000a560       ??_C@_0BL@IGHJMJKO@Too?5many?5users?5?$CIWSAEUSERS?$CJ?$AA@ 0000000140016560     pjlib-x86_64-x64-vc14-release:os_error_win32.obj
 0002:0000a580       ??_C@_0CA@MIOFDKMA@Disc?5quota?5exceeded?5?$CIWSAEDQUOT?$CJ?$AA@ 0000000140016580     pjlib-x86_64-x64-vc14-release:os_error_win32.obj
 0002:0000a5a0       ??_C@_0CC@IMLIDHNH@Stale?5NFS?5file?5handle?5?$CIWSAESTALE@ 00000001400165a0     pjlib-x86_64-x64-vc14-release:os_error_win32.obj
 0002:0000a5c8       ??_C@_0CP@MLAFGPOA@Too?5many?5levels?5of?5remote?5in?5pat@ 00000001400165c8     pjlib-x86_64-x64-vc14-release:os_error_win32.obj
 0002:0000a5f8       ??_C@_0CP@IBAEMKGH@Network?5system?5is?5unavailable?5?$CIW@ 00000001400165f8     pjlib-x86_64-x64-vc14-release:os_error_win32.obj
 0002:0000a628       ??_C@_0DC@BLAKHMMJ@Winsock?5version?5out?5of?5range?5?$CIWS@ 0000000140016628     pjlib-x86_64-x64-vc14-release:os_error_win32.obj
 0002:0000a660       ??_C@_0CO@HPDHHDHA@WSAStartup?5not?5yet?5called?5?$CIWSANO@ 0000000140016660     pjlib-x86_64-x64-vc14-release:os_error_win32.obj
 0002:0000a690       ??_C@_0CL@GFDHEKLB@Graceful?5shutdown?5in?5progress?5?$CIW@ 0000000140016690     pjlib-x86_64-x64-vc14-release:os_error_win32.obj
 0002:0000a6c0       ??_C@_0CD@OEALOMDH@Host?5not?5found?5?$CIWSAHOST_NOT_FOUN@ 00000001400166c0     pjlib-x86_64-x64-vc14-release:os_error_win32.obj
 0002:0000a6e8       ??_C@_0DB@KFPHELLI@No?5host?5data?5of?5that?5type?5was?5fo@ 00000001400166e8     pjlib-x86_64-x64-vc14-release:os_error_win32.obj
 0002:0000a720       ??_C@_0BE@JPHLLAEM@Win32?5error?5code?5?$CFu?$AA@ 0000000140016720     pjlib-x86_64-x64-vc14-release:os_error_win32.obj
 0002:0000a734       PJ_GUID_STRING_LENGTH      0000000140016734     pjlib-x86_64-x64-vc14-release:guid_win32.obj
 0002:0000a738       ??_C@_0BH@DLOCENPK@?4?4?2src?2pj?2guid_win32?4c?$AA@ 0000000140016738     pjlib-x86_64-x64-vc14-release:guid_win32.obj
 0002:0000a750       ??_C@_0CD@KFHCCJFN@?$CB?$CB?$CBFATAL?3?5unhandled?5exception?5?$CFs@ 0000000140016750     pjlib-x86_64-x64-vc14-release:except.obj
 0002:0000a778       ??_C@_08PDFMOJIE@except?4c?$AA@ 0000000140016778     pjlib-x86_64-x64-vc14-release:except.obj
 0002:0000a788       ??_C@_0N@GJOLEKJC@?$DMInvalid?5ID?$DO?$AA@ 0000000140016788     pjlib-x86_64-x64-vc14-release:except.obj
 0002:0000a798       ??_C@_0N@LJPLLMIL@exception?5?$CFd?$AA@ 0000000140016798     pjlib-x86_64-x64-vc14-release:except.obj
 0002:0000a7a8       ??_C@_04FIDOICFN@2?410?$AA@ 00000001400167a8     pjlib-x86_64-x64-vc14-release:config.obj
 0002:0000a7b0       ??_C@_08DOCHLGNA@config?4c?$AA@ 00000001400167b0     pjlib-x86_64-x64-vc14-release:config.obj
 0002:0000a7c0       ??_C@_0BO@KBBNBAFA@?4?4?2src?2pj?2log_writer_stdout?4c?$AA@ 00000001400167c0     pjlib-x86_64-x64-vc14-release:log_writer_stdout.obj
 0002:0000a7e0       ??_C@_02DKCKIIND@?$CFs?$AA@ 00000001400167e0     pjlib-x86_64-x64-vc14-release:log_writer_stdout.obj
 0002:0000a7e4       PJ_IPV6_TCLASS             00000001400167e4     pjlib-x86_64-x64-vc14-release:sock_bsd.obj
 0002:0000a7e8       PJ_SO_TYPE                 00000001400167e8     pjlib-x86_64-x64-vc14-release:sock_bsd.obj
 0002:0000a7ec       PJ_SO_RCVBUF               00000001400167ec     pjlib-x86_64-x64-vc14-release:sock_bsd.obj
 0002:0000a7f0       PJ_SO_SNDBUF               00000001400167f0     pjlib-x86_64-x64-vc14-release:sock_bsd.obj
 0002:0000a7f4       PJ_TCP_NODELAY             00000001400167f4     pjlib-x86_64-x64-vc14-release:sock_bsd.obj
 0002:0000a7f8       PJ_SO_REUSEADDR            00000001400167f8     pjlib-x86_64-x64-vc14-release:sock_bsd.obj
 0002:0000a7fc       PJ_SO_NOSIGPIPE            00000001400167fc     pjlib-x86_64-x64-vc14-release:sock_bsd.obj
 0002:0000a800       PJ_SO_PRIORITY             0000000140016800     pjlib-x86_64-x64-vc14-release:sock_bsd.obj
 0002:0000a804       PJ_IP_MULTICAST_IF         0000000140016804     pjlib-x86_64-x64-vc14-release:sock_bsd.obj
 0002:0000a808       PJ_IP_MULTICAST_TTL        0000000140016808     pjlib-x86_64-x64-vc14-release:sock_bsd.obj
 0002:0000a80c       PJ_IP_MULTICAST_LOOP       000000014001680c     pjlib-x86_64-x64-vc14-release:sock_bsd.obj
 0002:0000a810       PJ_IP_ADD_MEMBERSHIP       0000000140016810     pjlib-x86_64-x64-vc14-release:sock_bsd.obj
 0002:0000a814       PJ_IP_DROP_MEMBERSHIP      0000000140016814     pjlib-x86_64-x64-vc14-release:sock_bsd.obj
 0002:0000a818       PJ_MSG_OOB                 0000000140016818     pjlib-x86_64-x64-vc14-release:sock_bsd.obj
 0002:0000a81c       PJ_MSG_PEEK                000000014001681c     pjlib-x86_64-x64-vc14-release:sock_bsd.obj
 0002:0000a820       PJ_MSG_DONTROUTE           0000000140016820     pjlib-x86_64-x64-vc14-release:sock_bsd.obj
 0002:0000a824       PJ_AF_UNSPEC               0000000140016824     pjlib-x86_64-x64-vc14-release:sock_bsd.obj
 0002:0000a828       PJ_AF_UNIX                 0000000140016828     pjlib-x86_64-x64-vc14-release:sock_bsd.obj
 0002:0000a82c       PJ_AF_INET                 000000014001682c     pjlib-x86_64-x64-vc14-release:sock_bsd.obj
 0002:0000a830       PJ_AF_INET6                0000000140016830     pjlib-x86_64-x64-vc14-release:sock_bsd.obj
 0002:0000a834       PJ_AF_PACKET               0000000140016834     pjlib-x86_64-x64-vc14-release:sock_bsd.obj
 0002:0000a838       PJ_AF_IRDA                 0000000140016838     pjlib-x86_64-x64-vc14-release:sock_bsd.obj
 0002:0000a83c       PJ_SOCK_STREAM             000000014001683c     pjlib-x86_64-x64-vc14-release:sock_bsd.obj
 0002:0000a840       PJ_SOCK_DGRAM              0000000140016840     pjlib-x86_64-x64-vc14-release:sock_bsd.obj
 0002:0000a844       PJ_SOCK_RAW                0000000140016844     pjlib-x86_64-x64-vc14-release:sock_bsd.obj
 0002:0000a848       PJ_SOCK_RDM                0000000140016848     pjlib-x86_64-x64-vc14-release:sock_bsd.obj
 0002:0000a84c       PJ_SOL_SOCKET              000000014001684c     pjlib-x86_64-x64-vc14-release:sock_bsd.obj
 0002:0000a850       PJ_SOL_IP                  0000000140016850     pjlib-x86_64-x64-vc14-release:sock_bsd.obj
 0002:0000a854       PJ_SOL_TCP                 0000000140016854     pjlib-x86_64-x64-vc14-release:sock_bsd.obj
 0002:0000a858       PJ_SOL_UDP                 0000000140016858     pjlib-x86_64-x64-vc14-release:sock_bsd.obj
 0002:0000a85c       PJ_SOL_IPV6                000000014001685c     pjlib-x86_64-x64-vc14-release:sock_bsd.obj
 0002:0000a860       PJ_IP_TOS                  0000000140016860     pjlib-x86_64-x64-vc14-release:sock_bsd.obj
 0002:0000a864       PJ_IPTOS_LOWDELAY          0000000140016864     pjlib-x86_64-x64-vc14-release:sock_bsd.obj
 0002:0000a868       PJ_IPTOS_THROUGHPUT        0000000140016868     pjlib-x86_64-x64-vc14-release:sock_bsd.obj
 0002:0000a86c       PJ_IPTOS_RELIABILITY       000000014001686c     pjlib-x86_64-x64-vc14-release:sock_bsd.obj
 0002:0000a870       PJ_IPTOS_MINCOST           0000000140016870     pjlib-x86_64-x64-vc14-release:sock_bsd.obj
 0002:0000a8b0       _load_config_used          00000001400168b0     MSVCRT:loadcfg.obj
 0002:0000aba0       __rtc_iaa                  0000000140016ba0     MSVCRT:_initsect_.obj
 0002:0000aba8       __rtc_izz                  0000000140016ba8     MSVCRT:_initsect_.obj
 0002:0000abb0       __rtc_taa                  0000000140016bb0     MSVCRT:_initsect_.obj
 0002:0000abb8       __rtc_tzz                  0000000140016bb8     MSVCRT:_initsect_.obj
 0002:0000b9fc       __IMPORT_DESCRIPTOR_ole32  00000001400179fc     ole32:ole32.dll
 0002:0000ba10       __IMPORT_DESCRIPTOR_WS2_32 0000000140017a10     ws2_32:WS2_32.dll
 0002:0000ba24       __IMPORT_DESCRIPTOR_WINMM  0000000140017a24     winmm:WINMM.dll
 0002:0000ba38       __IMPORT_DESCRIPTOR_KERNEL32 0000000140017a38     kernel32:KERNEL32.dll
 0002:0000ba4c       __IMPORT_DESCRIPTOR_VCRUNTIME140 0000000140017a4c     vcruntime:VCRUNTIME140.dll
 0002:0000ba60       __IMPORT_DESCRIPTOR_api-ms-win-crt-stdio-l1-1-0 0000000140017a60     ucrt:api-ms-win-crt-stdio-l1-1-0.dll
 0002:0000ba74       __IMPORT_DESCRIPTOR_api-ms-win-crt-string-l1-1-0 0000000140017a74     ucrt:api-ms-win-crt-string-l1-1-0.dll
 0002:0000ba88       __IMPORT_DESCRIPTOR_api-ms-win-crt-heap-l1-1-0 0000000140017a88     ucrt:api-ms-win-crt-heap-l1-1-0.dll
 0002:0000ba9c       __IMPORT_DESCRIPTOR_api-ms-win-crt-math-l1-1-0 0000000140017a9c     ucrt:api-ms-win-crt-math-l1-1-0.dll
 0002:0000bab0       __IMPORT_DESCRIPTOR_api-ms-win-crt-runtime-l1-1-0 0000000140017ab0     ucrt:api-ms-win-crt-runtime-l1-1-0.dll
 0002:0000bac4       __IMPORT_DESCRIPTOR_api-ms-win-crt-locale-l1-1-0 0000000140017ac4     ucrt:api-ms-win-crt-locale-l1-1-0.dll
 0002:0000bad8       __NULL_IMPORT_DESCRIPTOR   0000000140017ad8     ole32:ole32.dll
 0003:00000fa8       pj_pool_factory_default_policy 0000000140019fa8     pjlib-x86_64-x64-vc14-release:pool_policy_malloc.obj
 0003:00000fe0       PJ_VERSION                 0000000140019fe0     pjlib-x86_64-x64-vc14-release:config.obj
 0003:00001070       __security_cookie          000000014001a070     MSVCRT:gs_cookie.obj
 0003:00001078       __security_cookie_complement 000000014001a078     MSVCRT:gs_cookie.obj
 0003:00001080       _fltused                   000000014001a080     MSVCRT:dllsupp.obj
 0003:00001090       __scrt_native_dllmain_reason 000000014001a090     MSVCRT:utility.obj
 0003:00001094       __scrt_default_matherr     000000014001a094     MSVCRT:matherr.obj
 0003:00001098       __isa_available            000000014001a098     MSVCRT:_cpu_disp_.obj
 0003:0000109c       __isa_enabled              000000014001a09c     MSVCRT:_cpu_disp_.obj
 0003:000010a0       __memcpy_nt_iters          000000014001a0a0     MSVCRT:_cpu_disp_.obj
 0003:000010b0       __scrt_ucrt_dll_is_in_use  000000014001a0b0     MSVCRT:ucrt_stubs.obj
 0003:00002910       __scrt_current_native_startup_state 000000014001b910     MSVCRT:utility.obj
 0003:00002918       __scrt_native_startup_lock 000000014001b918     MSVCRT:utility.obj
 0003:00002960       ?__type_info_root_node@@3U__type_info_node@@A 000000014001b960     MSVCRT:tncleanup.obj
 0003:00002970       __scrt_debugger_hook_flag  000000014001b970     MSVCRT:utility_desktop.obj
 0003:00002974       __favor                    000000014001b974     MSVCRT:_cpu_disp_.obj
 0003:00002978       ?_OptionsStorage@?1??__local_stdio_scanf_options@@9@9 000000014001b978     <common>
 0003:00002980       ?_OptionsStorage@?1??__local_stdio_printf_options@@9@9 000000014001b980     <common>
 0003:00002988       PJ_NO_MEMORY_EXCEPTION     000000014001b988     <common>
 0003:00002990       __dyn_tls_dtor_callback    000000014001b990     <common>
 0003:00002998       __dyn_tls_init_callback    000000014001b998     <common>

 entry point at        0001:0000a1a4

 Static symbols

 0002:ffff4000       .idata$6                   0000000140000000     ucrt:api-ms-win-crt-utility-l1-1-0.dll
 0001:00000000       PJMEDIA_SPF                0000000140001000 f   auddemo.obj
 0001:00000030       PJMEDIA_AFD_SPF            0000000140001030 f   auddemo.obj
 0001:00000060       PJMEDIA_PIA_SRATE          0000000140001060 f   auddemo.obj
 0001:00000070       PJMEDIA_PIA_CCNT           0000000140001070 f   auddemo.obj
 0001:00000080       PJMEDIA_PIA_BITS           0000000140001080 f   auddemo.obj
 0001:00000090       PJMEDIA_PIA_SPF            0000000140001090 f   auddemo.obj
 0001:000000c0       app_perror                 00000001400010c0 f   auddemo.obj
 0001:00000140       list_devices               0000000140001140 f   auddemo.obj
 0001:00000270       decode_caps                0000000140001270 f   auddemo.obj
 0001:00000330       show_dev_info              0000000140001330 f   auddemo.obj
 0001:00000840       test_device                0000000140001840 f   auddemo.obj
 0001:00000b00       wav_rec_cb                 0000000140001b00 f   auddemo.obj
 0001:00000b10       record                     0000000140001b10 f   auddemo.obj
 0001:00000d90       wav_play_cb                0000000140001d90 f   auddemo.obj
 0001:00000da0       play_file                  0000000140001da0 f   auddemo.obj
 0001:00001010       print_menu                 0000000140002010 f   auddemo.obj
 0001:000015c8       $LN58                      00000001400025c8     auddemo.obj
 0001:000015f0       $LN57                      00000001400025f0     auddemo.obj
 0001:00001830       pj_math_stat_update        0000000140002830 f   pjmedia-audiodev-x86_64-x64-vc14-release:audiotest.obj
 0001:00001cb0       play_cb                    0000000140002cb0 f   pjmedia-audiodev-x86_64-x64-vc14-release:audiotest.obj
 0001:00001d90       rec_cb                     0000000140002d90 f   pjmedia-audiodev-x86_64-x64-vc14-release:audiotest.obj
 0001:00002070       factory_init               0000000140003070 f   pjmedia-audiodev-x86_64-x64-vc14-release:wmme_dev.obj
 0001:000020b0       factory_destroy            00000001400030b0 f   pjmedia-audiodev-x86_64-x64-vc14-release:wmme_dev.obj
 0001:000020f0       factory_refresh            00000001400030f0 f   pjmedia-audiodev-x86_64-x64-vc14-release:wmme_dev.obj
 0001:00002460       factory_get_dev_count      0000000140003460 f   pjmedia-audiodev-x86_64-x64-vc14-release:wmme_dev.obj
 0001:00002470       factory_get_dev_info       0000000140003470 f   pjmedia-audiodev-x86_64-x64-vc14-release:wmme_dev.obj
 0001:00002530       factory_default_param      0000000140003530 f   pjmedia-audiodev-x86_64-x64-vc14-release:wmme_dev.obj
 0001:00002620       factory_create_stream      0000000140003620 f   pjmedia-audiodev-x86_64-x64-vc14-release:wmme_dev.obj
 0001:00002910       stream_get_param           0000000140003910 f   pjmedia-audiodev-x86_64-x64-vc14-release:wmme_dev.obj
 0001:000029e0       stream_get_cap             00000001400039e0 f   pjmedia-audiodev-x86_64-x64-vc14-release:wmme_dev.obj
 0001:00002a90       stream_set_cap             0000000140003a90 f   pjmedia-audiodev-x86_64-x64-vc14-release:wmme_dev.obj
[...]
 0004:0000057c       $pdata$1$pjmedia_event_publish 000000014001c57c     pjmedia-x86_64-x64-vc14-release:event.obj
 0004:00000588       $pdata$2$pjmedia_event_publish 000000014001c588     pjmedia-x86_64-x64-vc14-release:event.obj
 0004:00000594       $pdata$pjmedia_event_subscribe 000000014001c594     pjmedia-x86_64-x64-vc14-release:event.obj
 0004:000005a0       $pdata$1$pjmedia_event_subscribe 000000014001c5a0     pjmedia-x86_64-x64-vc14-release:event.obj
 0004:000005ac       $pdata$2$pjmedia_event_subscribe 000000014001c5ac     pjmedia-x86_64-x64-vc14-release:event.obj
 0004:000005b8       $pdata$3$pjmedia_event_subscribe 000000014001c5b8     pjmedia-x86_64-x64-vc14-release:event.obj
 0004:000005c4       $pdata$4$pjmedia_event_subscribe 000000014001c5c4     pjmedia-x86_64-x64-vc14-release:event.obj
 0004:000005d0       $pdata$pjmedia_event_unsubscribe 000000014001c5d0     pjmedia-x86_64-x64-vc14-release:event.obj
 0004:000005dc       $pdata$2$pjmedia_event_unsubscribe 000000014001c5dc     pjmedia-x86_64-x64-vc14-release:event.obj
 0004:000005e8       $pdata$3$pjmedia_event_unsubscribe 000000014001c5e8     pjmedia-x86_64-x64-vc14-release:event.obj
 0004:000005f4       $pdata$init_mutex          000000014001c5f4     pjlib-x86_64-x64-vc14-release:os_core_win32.obj
 0004:00000600       $pdata$pj_enter_critical_section 000000014001c600     pjlib-x86_64-x64-vc14-release:os_core_win32.obj
 0004:0000060c       $pdata$pj_init             000000014001c60c     pjlib-x86_64-x64-vc14-release:os_core_win32.obj
 0004:00000618       $pdata$pj_leave_critical_section 000000014001c618     pjlib-x86_64-x64-vc14-release:os_core_win32.obj
 0004:00000624       $pdata$pj_mutex_create     000000014001c624     pjlib-x86_64-x64-vc14-release:os_core_win32.obj
 0004:00000630       $pdata$0$pj_mutex_create   000000014001c630     pjlib-x86_64-x64-vc14-release:os_core_win32.obj
 0004:0000063c       $pdata$2$pj_mutex_create   000000014001c63c     pjlib-x86_64-x64-vc14-release:os_core_win32.obj
 0004:00000648       $pdata$3$pj_mutex_create   000000014001c648     pjlib-x86_64-x64-vc14-release:os_core_win32.obj
 0004:00000654       $pdata$pj_mutex_create_simple 000000014001c654     pjlib-x86_64-x64-vc14-release:os_core_win32.obj
 0004:00000660       $pdata$0$pj_mutex_create_simple 000000014001c660     pjlib-x86_64-x64-vc14-release:os_core_win32.obj
 0004:0000066c       $pdata$2$pj_mutex_create_simple 000000014001c66c     pjlib-x86_64-x64-vc14-release:os_core_win32.obj
 0004:00000678       $pdata$3$pj_mutex_create_simple 000000014001c678     pjlib-x86_64-x64-vc14-release:os_core_win32.obj
 0004:00000684       $pdata$pj_mutex_destroy    000000014001c684     pjlib-x86_64-x64-vc14-release:os_core_win32.obj
 0004:00000690       $pdata$pj_mutex_lock       000000014001c690     pjlib-x86_64-x64-vc14-release:os_core_win32.obj
 0004:0000069c       $pdata$pj_mutex_trylock    000000014001c69c     pjlib-x86_64-x64-vc14-release:os_core_win32.obj
 0004:000006a8       $pdata$pj_mutex_unlock     000000014001c6a8     pjlib-x86_64-x64-vc14-release:os_core_win32.obj
 0004:000006b4       $pdata$pj_sem_destroy      000000014001c6b4     pjlib-x86_64-x64-vc14-release:os_core_win32.obj
 0004:000006c0       $pdata$pj_sem_post         000000014001c6c0     pjlib-x86_64-x64-vc14-release:os_core_win32.obj
 0004:000006cc       $pdata$pj_sem_trywait      000000014001c6cc     pjlib-x86_64-x64-vc14-release:os_core_win32.obj
 0004:000006d8       $pdata$pj_sem_wait         000000014001c6d8     pjlib-x86_64-x64-vc14-release:os_core_win32.obj
 0004:000006e4       $pdata$pj_sem_wait_for     000000014001c6e4     pjlib-x86_64-x64-vc14-release:os_core_win32.obj
 0004:000006f0       $pdata$pj_shutdown         000000014001c6f0     pjlib-x86_64-x64-vc14-release:os_core_win32.obj
 0004:000006fc       $pdata$1$pj_shutdown       000000014001c6fc     pjlib-x86_64-x64-vc14-release:os_core_win32.obj
 0004:00000708       $pdata$2$pj_shutdown       000000014001c708     pjlib-x86_64-x64-vc14-release:os_core_win32.obj
 0004:00000714       $pdata$pj_term_set_color   000000014001c714     pjlib-x86_64-x64-vc14-release:os_core_win32.obj
 0004:00000720       $pdata$pj_thread_check_stack 000000014001c720     pjlib-x86_64-x64-vc14-release:os_core_win32.obj
 0004:0000072c       $pdata$pj_thread_create    000000014001c72c     pjlib-x86_64-x64-vc14-release:os_core_win32.obj
 0004:00000738       $pdata$1$pj_thread_create  000000014001c738     pjlib-x86_64-x64-vc14-release:os_core_win32.obj
 0004:00000744       $pdata$2$pj_thread_create  000000014001c744     pjlib-x86_64-x64-vc14-release:os_core_win32.obj
 0004:00000750       $pdata$3$pj_thread_create  000000014001c750     pjlib-x86_64-x64-vc14-release:os_core_win32.obj
 0004:0000075c       $pdata$4$pj_thread_create  000000014001c75c     pjlib-x86_64-x64-vc14-release:os_core_win32.obj
 0004:00000768       $pdata$5$pj_thread_create  000000014001c768     pjlib-x86_64-x64-vc14-release:os_core_win32.obj
 0004:00000774       $pdata$6$pj_thread_create  000000014001c774     pjlib-x86_64-x64-vc14-release:os_core_win32.obj
 0004:00000780       $pdata$pj_thread_destroy   000000014001c780     pjlib-x86_64-x64-vc14-release:os_core_win32.obj
 0004:0000078c       $pdata$pj_thread_get_name  000000014001c78c     pjlib-x86_64-x64-vc14-release:os_core_win32.obj
 0004:00000798       $pdata$pj_thread_init      000000014001c798     pjlib-x86_64-x64-vc14-release:os_core_win32.obj
 0004:000007a4       $pdata$pj_thread_join      000000014001c7a4     pjlib-x86_64-x64-vc14-release:os_core_win32.obj
 0004:000007b0       $pdata$0$pj_thread_join    000000014001c7b0     pjlib-x86_64-x64-vc14-release:os_core_win32.obj
 0004:000007bc       $pdata$2$pj_thread_join    000000014001c7bc     pjlib-x86_64-x64-vc14-release:os_core_win32.obj
 0004:000007c8       $pdata$4$pj_thread_join    000000014001c7c8     pjlib-x86_64-x64-vc14-release:os_core_win32.obj
 0004:000007d4       $pdata$6$pj_thread_join    000000014001c7d4     pjlib-x86_64-x64-vc14-release:os_core_win32.obj
 0004:000007e0       $pdata$pj_thread_local_alloc 000000014001c7e0     pjlib-x86_64-x64-vc14-release:os_core_win32.obj
 0004:000007ec       $pdata$pj_thread_local_free 000000014001c7ec     pjlib-x86_64-x64-vc14-release:os_core_win32.obj
 0004:000007f8       $pdata$pj_thread_local_set 000000014001c7f8     pjlib-x86_64-x64-vc14-release:os_core_win32.obj
 0004:00000804       $pdata$pj_thread_register  000000014001c804     pjlib-x86_64-x64-vc14-release:os_core_win32.obj
 0004:00000810       $pdata$pj_thread_sleep     000000014001c810     pjlib-x86_64-x64-vc14-release:os_core_win32.obj
 0004:0000081c       $pdata$thread_main         000000014001c81c     pjlib-x86_64-x64-vc14-release:os_core_win32.obj
 0004:00000828       $pdata$pj_pool_allocate_find 000000014001c828     pjlib-x86_64-x64-vc14-release:pool.obj
 0004:00000834       $pdata$pj_pool_calloc      000000014001c834     pjlib-x86_64-x64-vc14-release:pool.obj
 0004:00000840       $pdata$pj_pool_create_block 000000014001c840     pjlib-x86_64-x64-vc14-release:pool.obj
 0004:0000084c       $pdata$pj_pool_create_int  000000014001c84c     pjlib-x86_64-x64-vc14-release:pool.obj
 0004:00000858       $pdata$pj_pool_destroy_int 000000014001c858     pjlib-x86_64-x64-vc14-release:pool.obj
 0004:00000864       $pdata$pj_pool_init_int    000000014001c864     pjlib-x86_64-x64-vc14-release:pool.obj
 0004:00000870       $pdata$pj_pool_reset       000000014001c870     pjlib-x86_64-x64-vc14-release:pool.obj
 0004:0000087c       $pdata$reset_pool          000000014001c87c     pjlib-x86_64-x64-vc14-release:pool.obj
 0004:00000888       $pdata$0$reset_pool        000000014001c888     pjlib-x86_64-x64-vc14-release:pool.obj
 0004:00000894       $pdata$1$reset_pool        000000014001c894     pjlib-x86_64-x64-vc14-release:pool.obj
 0004:000008a0       $pdata$cpool_create_pool   000000014001c8a0     pjlib-x86_64-x64-vc14-release:pool_caching.obj
 0004:000008ac       $pdata$cpool_dump_status   000000014001c8ac     pjlib-x86_64-x64-vc14-release:pool_caching.obj
 0004:000008b8       $pdata$2$cpool_dump_status 000000014001c8b8     pjlib-x86_64-x64-vc14-release:pool_caching.obj
 0004:000008c4       $pdata$5$cpool_dump_status 000000014001c8c4     pjlib-x86_64-x64-vc14-release:pool_caching.obj
 0004:000008d0       $pdata$6$cpool_dump_status 000000014001c8d0     pjlib-x86_64-x64-vc14-release:pool_caching.obj
 0004:000008dc       $pdata$7$cpool_dump_status 000000014001c8dc     pjlib-x86_64-x64-vc14-release:pool_caching.obj
 0004:000008e8       $pdata$cpool_release_pool  000000014001c8e8     pjlib-x86_64-x64-vc14-release:pool_caching.obj
 0004:000008f4       $pdata$0$cpool_release_pool 000000014001c8f4     pjlib-x86_64-x64-vc14-release:pool_caching.obj
 0004:00000900       $pdata$1$cpool_release_pool 000000014001c900     pjlib-x86_64-x64-vc14-release:pool_caching.obj
 0004:0000090c       $pdata$2$cpool_release_pool 000000014001c90c     pjlib-x86_64-x64-vc14-release:pool_caching.obj
 0004:00000918       $pdata$3$cpool_release_pool 000000014001c918     pjlib-x86_64-x64-vc14-release:pool_caching.obj
 0004:00000924       $pdata$pj_caching_pool_destroy 000000014001c924     pjlib-x86_64-x64-vc14-release:pool_caching.obj
 0004:00000930       $pdata$pj_caching_pool_init 000000014001c930     pjlib-x86_64-x64-vc14-release:pool_caching.obj
 0004:0000093c       $pdata$invoke_log          000000014001c93c     pjlib-x86_64-x64-vc14-release:errno.obj
 0004:00000948       $pdata$pj_perror_3         000000014001c948     pjlib-x86_64-x64-vc14-release:errno.obj
 0004:00000954       $pdata$pj_perror_4         000000014001c954     pjlib-x86_64-x64-vc14-release:errno.obj
 0004:00000960       $pdata$pj_perror_imp       000000014001c960     pjlib-x86_64-x64-vc14-release:errno.obj
 0004:0000096c       $pdata$pj_register_strerror 000000014001c96c     pjlib-x86_64-x64-vc14-release:errno.obj
 0004:00000978       $pdata$pj_strerror         000000014001c978     pjlib-x86_64-x64-vc14-release:errno.obj
 0004:00000984       $pdata$pjlib_error         000000014001c984     pjlib-x86_64-x64-vc14-release:errno.obj
 0004:00000990       $pdata$0$pjlib_error       000000014001c990     pjlib-x86_64-x64-vc14-release:errno.obj
 0004:0000099c       $pdata$1$pjlib_error       000000014001c99c     pjlib-x86_64-x64-vc14-release:errno.obj
 0004:000009a8       $pdata$logging_shutdown    000000014001c9a8     pjlib-x86_64-x64-vc14-release:log.obj
 0004:000009b4       $pdata$pj_log              000000014001c9b4     pjlib-x86_64-x64-vc14-release:log.obj
 0004:000009c0       $pdata$1$pj_log            000000014001c9c0     pjlib-x86_64-x64-vc14-release:log.obj
 0004:000009cc       $pdata$2$pj_log            000000014001c9cc     pjlib-x86_64-x64-vc14-release:log.obj
 0004:000009d8       $pdata$3$pj_log            000000014001c9d8     pjlib-x86_64-x64-vc14-release:log.obj
 0004:000009e4       $pdata$4$pj_log            000000014001c9e4     pjlib-x86_64-x64-vc14-release:log.obj
 0004:000009f0       $pdata$pj_log_1            000000014001c9f0     pjlib-x86_64-x64-vc14-release:log.obj
 0004:000009fc       $pdata$pj_log_3            000000014001c9fc     pjlib-x86_64-x64-vc14-release:log.obj
 0004:00000a08       $pdata$pj_log_4            000000014001ca08     pjlib-x86_64-x64-vc14-release:log.obj
 0004:00000a14       $pdata$pj_log_5            000000014001ca14     pjlib-x86_64-x64-vc14-release:log.obj
 0004:00000a20       $pdata$pj_log_init         000000014001ca20     pjlib-x86_64-x64-vc14-release:log.obj
 0004:00000a2c       $pdata$default_block_alloc 000000014001ca2c     pjlib-x86_64-x64-vc14-release:pool_policy_malloc.obj
 0004:00000a38       $pdata$default_block_free  000000014001ca38     pjlib-x86_64-x64-vc14-release:pool_policy_malloc.obj
 0004:00000a44       $pdata$default_pool_callback 000000014001ca44     pjlib-x86_64-x64-vc14-release:pool_policy_malloc.obj
 0004:00000a50       $pdata$pj_get_timestamp    000000014001ca50     pjlib-x86_64-x64-vc14-release:os_timestamp_win32.obj
 0004:00000a5c       $pdata$pj_get_timestamp_freq 000000014001ca5c     pjlib-x86_64-x64-vc14-release:os_timestamp_win32.obj
 0004:00000a68       $pdata$pj_elapsed_usec     000000014001ca68     pjlib-x86_64-x64-vc14-release:os_timestamp_common.obj
 0004:00000a74       $pdata$pj_strdup2          000000014001ca74     pjlib-x86_64-x64-vc14-release:string.obj
 0004:00000a80       $pdata$pj_strncpy_with_null 000000014001ca80     pjlib-x86_64-x64-vc14-release:string.obj
 0004:00000a8c       $pdata$pj_utoa_pad         000000014001ca8c     pjlib-x86_64-x64-vc14-release:string.obj
 0004:00000a98       $pdata$pj_get_os_error     000000014001ca98     pjlib-x86_64-x64-vc14-release:os_error_win32.obj
 0004:00000aa4       $pdata$platform_strerror   000000014001caa4     pjlib-x86_64-x64-vc14-release:os_error_win32.obj
 0004:00000ab0       $pdata$pj_file_exists      000000014001cab0     pjlib-x86_64-x64-vc14-release:file_access_win32.obj
 0004:00000abc       $pdata$pj_file_size        000000014001cabc     pjlib-x86_64-x64-vc14-release:file_access_win32.obj
 0004:00000ac8       $pdata$0$pj_file_size      000000014001cac8     pjlib-x86_64-x64-vc14-release:file_access_win32.obj
 0004:00000ad4       $pdata$3$pj_file_size      000000014001cad4     pjlib-x86_64-x64-vc14-release:file_access_win32.obj
 0004:00000ae0       $pdata$pj_file_close       000000014001cae0     pjlib-x86_64-x64-vc14-release:file_io_win32.obj
 0004:00000aec       $pdata$pj_file_getpos      000000014001caec     pjlib-x86_64-x64-vc14-release:file_io_win32.obj
 0004:00000af8       $pdata$pj_file_open        000000014001caf8     pjlib-x86_64-x64-vc14-release:file_io_win32.obj
 0004:00000b04       $pdata$0$pj_file_open      000000014001cb04     pjlib-x86_64-x64-vc14-release:file_io_win32.obj
 0004:00000b10       $pdata$2$pj_file_open      000000014001cb10     pjlib-x86_64-x64-vc14-release:file_io_win32.obj
 0004:00000b1c       $pdata$4$pj_file_open      000000014001cb1c     pjlib-x86_64-x64-vc14-release:file_io_win32.obj
 0004:00000b28       $pdata$6$pj_file_open      000000014001cb28     pjlib-x86_64-x64-vc14-release:file_io_win32.obj
 0004:00000b34       $pdata$pj_file_read        000000014001cb34     pjlib-x86_64-x64-vc14-release:file_io_win32.obj
 0004:00000b40       $pdata$pj_file_setpos      000000014001cb40     pjlib-x86_64-x64-vc14-release:file_io_win32.obj
 0004:00000b4c       $pdata$pj_file_write       000000014001cb4c     pjlib-x86_64-x64-vc14-release:file_io_win32.obj
 0004:00000b58       $pdata$pj_generate_unique_string 000000014001cb58     pjlib-x86_64-x64-vc14-release:guid_win32.obj
 0004:00000b64       $pdata$pj_exception_id_alloc 000000014001cb64     pjlib-x86_64-x64-vc14-release:except.obj
 0004:00000b70       $pdata$pj_exception_id_free 000000014001cb70     pjlib-x86_64-x64-vc14-release:except.obj
 0004:00000b7c       $pdata$pj_throw_exception_ 000000014001cb7c     pjlib-x86_64-x64-vc14-release:except.obj
 0004:00000b88       $pdata$0$pj_throw_exception_ 000000014001cb88     pjlib-x86_64-x64-vc14-release:except.obj
 0004:00000b94       $pdata$1$pj_throw_exception_ 000000014001cb94     pjlib-x86_64-x64-vc14-release:except.obj
 0004:00000ba0       $pdata$create_mutex_lock   000000014001cba0     pjlib-x86_64-x64-vc14-release:lock.obj
 0004:00000bac       $pdata$0$create_mutex_lock 000000014001cbac     pjlib-x86_64-x64-vc14-release:lock.obj
 0004:00000bb8       $pdata$2$create_mutex_lock 000000014001cbb8     pjlib-x86_64-x64-vc14-release:lock.obj
 0004:00000bc4       $pdata$3$create_mutex_lock 000000014001cbc4     pjlib-x86_64-x64-vc14-release:lock.obj
 0004:00000bd0       $pdata$pj_pool_create_on_buf 000000014001cbd0     pjlib-x86_64-x64-vc14-release:pool_buf.obj
 0004:00000bdc       $pdata$pool_buf_cleanup    000000014001cbdc     pjlib-x86_64-x64-vc14-release:pool_buf.obj
 0004:00000be8       $pdata$stack_alloc         000000014001cbe8     pjlib-x86_64-x64-vc14-release:pool_buf.obj
 0004:00000bf4       $pdata$pj_log_write        000000014001cbf4     pjlib-x86_64-x64-vc14-release:log_writer_stdout.obj
 0004:00000c00       $pdata$get_base_time       000000014001cc00     pjlib-x86_64-x64-vc14-release:os_time_win32.obj
 0004:00000c0c       $pdata$pj_gettimeofday     000000014001cc0c     pjlib-x86_64-x64-vc14-release:os_time_win32.obj
 0004:00000c18       $pdata$pj_time_decode      000000014001cc18     pjlib-x86_64-x64-vc14-release:os_time_win32.obj
 0004:00000c24       $pdata$__GSHandlerCheck    000000014001cc24     MSVCRT:_gshandler_.obj
 0004:00000c30       $pdata$__GSHandlerCheckCommon 000000014001cc30     MSVCRT:_gshandler_.obj
 0004:00000c48       $pdata$?pre_c_initialization@@YAHXZ 000000014001cc48     MSVCRT:exe_main.obj
 0004:00000c54       $pdata$?post_pgo_initialization@@YAHXZ 000000014001cc54     MSVCRT:exe_main.obj
 0004:00000c60       $pdata$?pre_cpp_initialization@@YAXXZ 000000014001cc60     MSVCRT:exe_main.obj
 0004:00000c6c       $pdata$?__scrt_common_main_seh@@YAHXZ 000000014001cc6c     MSVCRT:exe_main.obj
 0004:00000c78       $pdata$mainCRTStartup      000000014001cc78     MSVCRT:exe_main.obj
 0004:00000c84       $pdata$__raise_securityfailure 000000014001cc84     MSVCRT:gs_report.obj
 0004:00000c90       $pdata$__report_gsfailure  000000014001cc90     MSVCRT:gs_report.obj
 0004:00000c9c       $pdata$__report_rangecheckfailure 000000014001cc9c     MSVCRT:gs_report.obj
 0004:00000ca8       $pdata$__report_securityfailure 000000014001cca8     MSVCRT:gs_report.obj
 0004:00000cb4       $pdata$capture_current_context 000000014001ccb4     MSVCRT:gs_report.obj
 0004:00000cc0       $pdata$capture_previous_context 000000014001ccc0     MSVCRT:gs_report.obj
 0004:00000cd8       $pdata$__scrt_acquire_startup_lock 000000014001ccd8     MSVCRT:utility.obj
 0004:00000ce4       $pdata$__scrt_initialize_crt 000000014001cce4     MSVCRT:utility.obj
 0004:00000cf0       $pdata$__scrt_initialize_onexit_tables 000000014001ccf0     MSVCRT:utility.obj
 0004:00000cfc       $pdata$__scrt_is_nonwritable_in_current_image 000000014001ccfc     MSVCRT:utility.obj
 0004:00000d08       $pdata$__scrt_release_startup_lock 000000014001cd08     MSVCRT:utility.obj
 0004:00000d14       $pdata$__scrt_uninitialize_crt 000000014001cd14     MSVCRT:utility.obj
 0004:00000d20       $pdata$_onexit             000000014001cd20     MSVCRT:utility.obj
 0004:00000d2c       $pdata$atexit              000000014001cd2c     MSVCRT:utility.obj
 0004:00000d38       $pdata$__security_init_cookie 000000014001cd38     MSVCRT:gs_support.obj
 0004:00000d44       $pdata$__scrt_initialize_default_local_stdio_options 000000014001cd44     MSVCRT:default_local_stdio_options.obj
 0004:00000d50       $pdata$__scrt_fastfail     000000014001cd50     MSVCRT:utility_desktop.obj
 0004:00000d5c       $pdata$__scrt_is_managed_app 000000014001cd5c     MSVCRT:utility_desktop.obj
 0004:00000d68       $pdata$__scrt_unhandled_exception_filter 000000014001cd68     MSVCRT:utility_desktop.obj
 0004:00000d74       $pdata$_RTC_Initialize     000000014001cd74     MSVCRT:_initsect_.obj
 0004:00000d80       $pdata$_RTC_Terminate      000000014001cd80     MSVCRT:_initsect_.obj
 0004:00000d8c       $pdata$__isa_available_init 000000014001cd8c     MSVCRT:_cpu_disp_.obj
 0004:00000da4       $pdata$?filt$0@?0??__scrt_common_main_seh@@YAHXZ@4HA 000000014001cda4     MSVCRT:exe_main.obj
 0004:00000db0       $pdata$__scrt_is_nonwritable_in_current_image$filt$0 000000014001cdb0     MSVCRT:utility.obj
 0005:00000000       __guard_fids__             000000014001d000     MSVCRT:exe_main.obj
 0005:00000004       __guard_fids__             000000014001d004     MSVCRT:exe_main.obj
 0005:00000008       __guard_fids__             000000014001d008     MSVCRT:exe_main.obj
 0005:0000000c       __guard_fids_?pre_c_initialization@@YAHXZ 000000014001d00c     MSVCRT:exe_main.obj
 0005:00000014       __guard_fids___scrt_set_unhandled_exception_filter 000000014001d014     MSVCRT:utility_desktop.obj
 0005:00000018       __guard_fids__             000000014001d018     MSVCRT:guard_support.obj
