 auddemo

 Timestamp is 60aeb6d6 (Wed May 26 23:00:06 2021)

 Preferred load address is 0000000140000000

 Start         Length     Name                   Class
 0001:00000000 0000b3a0H .text$mn                CODE
 0001:0000b3a0 00000036H .text$mn$00             CODE
 0001:0000b3d6 00000036H .text$x                 CODE
 0002:00000000 00000400H .idata$5                DATA
 0002:00000400 00000028H .00cfg                  DATA
 0002:00000428 00000008H .CRT$XCA                DATA
 0002:00000430 00000008H .CRT$XCAA               DATA
 0002:00000438 00000008H .CRT$XCZ                DATA
 0002:00000440 00000008H .CRT$XIA                DATA
 0002:00000448 00000008H .CRT$XIAA               DATA
 0002:00000450 00000008H .CRT$XIAC               DATA
 0002:00000458 00000008H .CRT$XIZ                DATA
 0002:00000460 00000008H .CRT$XPA                DATA
 0002:00000468 00000008H .CRT$XPZ                DATA
 0002:00000470 00000008H .CRT$XTA                DATA
 0002:00000478 00000008H .CRT$XTZ                DATA
 0002:00000480 00000000H .gehcont$y              DATA
 0002:00000480 00000000H .gfids$y                DATA
 0002:00000480 0000a900H .rdata                  DATA
 0002:0000ad80 00000000H .rdata$CastGuardVftablesA DATA
 0002:0000ad80 00000000H .rdata$CastGuardVftablesC DATA
 0002:0000ad80 00000068H .rdata$voltmd           DATA
 0002:0000ade8 00000260H .rdata$zzzdbg           DATA
 0002:0000b048 00000008H .rtc$IAA                DATA
 0002:0000b050 00000008H .rtc$IZZ                DATA
 0002:0000b058 00000008H .rtc$TAA                DATA
 0002:0000b060 00000008H .rtc$TZZ                DATA
 0002:0000b068 00000e2cH .xdata                  DATA
 0002:0000be94 00000000H .edata                  DATA
 0002:0000be94 000000dcH .idata$2                DATA
 0002:0000bf70 00000018H .idata$3                DATA
 0002:0000bf88 00000400H .idata$4                DATA
 0002:0000c388 0000093cH .idata$6                DATA
 0003:00000000 00001080H .data                   DATA
 0003:00001080 000018f0H .bss                    DATA
 0004:00000000 00000d8cH .pdata                  DATA

  Address         Publics by Value              Rva+Base               Lib:Object

 0000:00000000       __arm64x_redirection_metadata 0000000000000000     <absolute>
 0000:00000000       __guard_iat_table          0000000000000000     <absolute>
 0000:00000000       ___safe_se_handler_table   0000000000000000     <absolute>
 0000:00000000       __guard_iat_count          0000000000000000     <absolute>
 0000:00000000       __guard_longjmp_count      0000000000000000     <absolute>
 0000:00000000       __dynamic_value_reloc_table 0000000000000000     <absolute>
 0000:00000000       __hybrid_auxiliary_iat     0000000000000000     <absolute>
 0000:00000000       __guard_longjmp_table      0000000000000000     <absolute>
 0000:00000000       __hybrid_auxiliary_iat_copy 0000000000000000     <absolute>
 0000:00000000       __x64_code_ranges_to_entry_points 0000000000000000     <absolute>
 0000:00000000       __x64_code_ranges_to_entry_points_count 0000000000000000     <absolute>
 0000:00000000       __guard_fids_count         0000000000000000     <absolute>
 0000:00000000       __arm64x_extra_rfe_table   0000000000000000     <absolute>
 0000:00000000       __AbsoluteZero             0000000000000000     <absolute>
 0000:00000000       __hybrid_code_map          0000000000000000     <absolute>
 0000:00000000       __arm64x_extra_rfe_table_size 0000000000000000     <absolute>
 0000:00000000       ___safe_se_handler_count   0000000000000000     <absolute>
 0000:00000000       __guard_check_icall_a64n_fptr 0000000000000000     <absolute>
 0000:00000000       __guard_fids_table         0000000000000000     <absolute>
 0000:00000000       __guard_eh_cont_count      0000000000000000     <absolute>
 0000:00000000       __arm64x_redirection_metadata_count 0000000000000000     <absolute>
 0000:00000000       __enclave_config           0000000000000000     <absolute>
 0000:00000000       __guard_eh_cont_table      0000000000000000     <absolute>
 0000:00000000       __arm64x_native_entrypoint 0000000000000000     <absolute>
 0000:00000000       __hybrid_code_map_count    0000000000000000     <absolute>
 0000:00000100       __guard_flags              0000000000000100     <absolute>
 0000:00000000       __ImageBase                0000000140000000     <linker-defined>
 0001:000010b0       main                       00000001400020b0 f   auddemo.obj
 0001:000016b0       __local_stdio_printf_options 00000001400026b0 f i auddemo.obj
 0001:000016c0       __local_stdio_scanf_options 00000001400026c0 f i auddemo.obj
 0001:000016d0       printf                     00000001400026d0 f i auddemo.obj
 0001:00001730       sprintf                    0000000140002730 f i auddemo.obj
 0001:00001790       sscanf                     0000000140002790 f i auddemo.obj
 0001:000017f0       pjmedia_aud_subsys_get_pool_factory 00000001400027f0 f   pjmedia-audiodev-x86_64-x64-vc14-release:audiodev.obj
 0001:00001810       pjmedia_aud_subsys_init    0000000140002810 f   pjmedia-audiodev-x86_64-x64-vc14-release:audiodev.obj
 0001:00001940       pjmedia_aud_test           0000000140002940 f   pjmedia-audiodev-x86_64-x64-vc14-release:audiotest.obj
 0001:00001f00       _snprintf                  0000000140002f00 f i pjmedia-audiodev-x86_64-x64-vc14-release:errno.obj
 0001:00001f60       pjmedia_audiodev_strerror  0000000140002f60 f   pjmedia-audiodev-x86_64-x64-vc14-release:errno.obj
 0001:00003830       pjmedia_wmme_factory       0000000140004830 f   pjmedia-audiodev-x86_64-x64-vc14-release:wmme_dev.obj
 0001:00004040       pjmedia_aud_dev_cap_name   0000000140005040 f   pjmedia-x86_64-x64-vc14-release:audiodev.obj
 0001:00004090       pjmedia_aud_dev_count      0000000140005090 f   pjmedia-x86_64-x64-vc14-release:audiodev.obj
 0001:000040a0       pjmedia_aud_dev_default_param 00000001400050a0 f   pjmedia-x86_64-x64-vc14-release:audiodev.obj
 0001:00004130       pjmedia_aud_dev_get_info   0000000140005130 f   pjmedia-x86_64-x64-vc14-release:audiodev.obj
 0001:00004190       pjmedia_aud_dev_refresh    0000000140005190 f   pjmedia-x86_64-x64-vc14-release:audiodev.obj
 0001:00004430       pjmedia_aud_driver_deinit  0000000140005430 f   pjmedia-x86_64-x64-vc14-release:audiodev.obj
 0001:000044a0       pjmedia_aud_driver_init    00000001400054a0 f   pjmedia-x86_64-x64-vc14-release:audiodev.obj
 0001:00004720       pjmedia_aud_stream_create  0000000140005720 f   pjmedia-x86_64-x64-vc14-release:audiodev.obj
 0001:000048e0       pjmedia_aud_stream_destroy 00000001400058e0 f   pjmedia-x86_64-x64-vc14-release:audiodev.obj
 0001:000048f0       pjmedia_aud_stream_get_param 00000001400058f0 f   pjmedia-x86_64-x64-vc14-release:audiodev.obj
 0001:000049b0       pjmedia_aud_stream_start   00000001400059b0 f   pjmedia-x86_64-x64-vc14-release:audiodev.obj
 0001:000049c0       pjmedia_aud_stream_stop    00000001400059c0 f   pjmedia-x86_64-x64-vc14-release:audiodev.obj
 0001:000049d0       pjmedia_get_aud_subsys     00000001400059d0 f   pjmedia-x86_64-x64-vc14-release:audiodev.obj
 0001:000049e0       pjmedia_port_destroy       00000001400059e0 f   pjmedia-x86_64-x64-vc14-release:port.obj
 0001:00004a00       pjmedia_port_get_frame     0000000140005a00 f   pjmedia-x86_64-x64-vc14-release:port.obj
 0001:00004a30       pjmedia_port_info_init     0000000140005a30 f   pjmedia-x86_64-x64-vc14-release:port.obj
 0001:00004ad0       pjmedia_port_put_frame     0000000140005ad0 f   pjmedia-x86_64-x64-vc14-release:port.obj
 0001:00005060       pjmedia_wav_player_port_create 0000000140006060 f   pjmedia-x86_64-x64-vc14-release:wav_player.obj
 0001:000059f0       pjmedia_wav_writer_port_create 00000001400069f0 f   pjmedia-x86_64-x64-vc14-release:wav_writer.obj
 0001:00005e20       pjmedia_event_init         0000000140006e20 f   pjmedia-x86_64-x64-vc14-release:event.obj
 0001:00005e60       pjmedia_event_publish      0000000140006e60 f   pjmedia-x86_64-x64-vc14-release:event.obj
 0001:00006040       pjmedia_event_subscribe    0000000140007040 f   pjmedia-x86_64-x64-vc14-release:event.obj
 0001:00006150       pjmedia_event_unsubscribe  0000000140007150 f   pjmedia-x86_64-x64-vc14-release:event.obj
 0001:00006260       pjmedia_format_get_audio_format_detail 0000000140007260 f   pjmedia-x86_64-x64-vc14-release:format.obj
 0001:00006270       _initialize_invalid_parameter_handler 0000000140007270 f   MSVCRT:invalid_parameter_handler.obj
 0001:00006270       _guard_check_icall_nop     0000000140007270 f   MSVCRT:guard_support.obj
 0001:00006270       pjmedia_wave_hdr_host_to_file 0000000140007270 f   pjmedia-x86_64-x64-vc14-release:wave.obj
 0001:00006270       pjmedia_wave_hdr_file_to_host 0000000140007270 f   pjmedia-x86_64-x64-vc14-release:wave.obj
 0001:00006270       _initialize_denormal_control 0000000140007270 f   MSVCRT:denormal_control.obj
 0001:00006350       pj_atexit                  0000000140007350 f   pjlib-x86_64-x64-vc14-release:os_core_win32.obj
 0001:00006380       pj_enter_critical_section  0000000140007380 f   pjlib-x86_64-x64-vc14-release:os_core_win32.obj
 0001:000063f0       pj_init                    00000001400073f0 f   pjlib-x86_64-x64-vc14-release:os_core_win32.obj
 0001:00006720       pj_leave_critical_section  0000000140007720 f   pjlib-x86_64-x64-vc14-release:os_core_win32.obj
 0001:00006790       pj_mutex_create            0000000140007790 f   pjlib-x86_64-x64-vc14-release:os_core_win32.obj
 0001:00006810       pj_mutex_create_simple     0000000140007810 f   pjlib-x86_64-x64-vc14-release:os_core_win32.obj
 0001:00006890       pj_mutex_destroy           0000000140007890 f   pjlib-x86_64-x64-vc14-release:os_core_win32.obj
 0001:00006910       pj_mutex_lock              0000000140007910 f   pjlib-x86_64-x64-vc14-release:os_core_win32.obj
 0001:00006990       pj_mutex_trylock           0000000140007990 f   pjlib-x86_64-x64-vc14-release:os_core_win32.obj
 0001:00006a20       pj_mutex_unlock            0000000140007a20 f   pjlib-x86_64-x64-vc14-release:os_core_win32.obj
 0001:00006aa0       pj_sem_destroy             0000000140007aa0 f   pjlib-x86_64-x64-vc14-release:os_core_win32.obj
 0001:00006b50       pj_sem_post                0000000140007b50 f   pjlib-x86_64-x64-vc14-release:os_core_win32.obj
 0001:00006c10       pj_sem_trywait             0000000140007c10 f   pjlib-x86_64-x64-vc14-release:os_core_win32.obj
 0001:00006c90       pj_sem_wait                0000000140007c90 f   pjlib-x86_64-x64-vc14-release:os_core_win32.obj
 0001:00006e00       pj_shutdown                0000000140007e00 f   pjlib-x86_64-x64-vc14-release:os_core_win32.obj
 0001:00006f80       pj_term_set_color          0000000140007f80 f   pjlib-x86_64-x64-vc14-release:os_core_win32.obj
 0001:00007070       pj_thread_check_stack      0000000140008070 f   pjlib-x86_64-x64-vc14-release:os_core_win32.obj
 0001:000070d0       pj_thread_create           00000001400080d0 f   pjlib-x86_64-x64-vc14-release:os_core_win32.obj
 0001:00007290       pj_thread_destroy          0000000140008290 f   pjlib-x86_64-x64-vc14-release:os_core_win32.obj
 0001:00007340       pj_thread_get_name         0000000140008340 f   pjlib-x86_64-x64-vc14-release:os_core_win32.obj
 0001:000073b0       pj_thread_join             00000001400083b0 f   pjlib-x86_64-x64-vc14-release:os_core_win32.obj
 0001:000074b0       pj_thread_local_alloc      00000001400084b0 f   pjlib-x86_64-x64-vc14-release:os_core_win32.obj
 0001:00007520       pj_thread_local_free       0000000140008520 f   pjlib-x86_64-x64-vc14-release:os_core_win32.obj
 0001:00007580       pj_thread_local_get        0000000140008580 f   pjlib-x86_64-x64-vc14-release:os_core_win32.obj
 0001:00007590       pj_thread_local_set        0000000140008590 f   pjlib-x86_64-x64-vc14-release:os_core_win32.obj
 0001:000075e0       pj_thread_sleep            00000001400085e0 f   pjlib-x86_64-x64-vc14-release:os_core_win32.obj
 0001:00007650       pj_thread_this             0000000140008650 f   pjlib-x86_64-x64-vc14-release:os_core_win32.obj
 0001:000076f0       pj_pool_alloc              00000001400086f0 f   pjlib-x86_64-x64-vc14-release:pool.obj
 0001:000078b0       pj_pool_calloc             00000001400088b0 f   pjlib-x86_64-x64-vc14-release:pool.obj
 0001:000078f0       pj_pool_create             00000001400088f0 f   pjlib-x86_64-x64-vc14-release:pool.obj
 0001:00007900       pj_pool_create_int         0000000140008900 f   pjlib-x86_64-x64-vc14-release:pool.obj
 0001:00007a60       pj_pool_destroy_int        0000000140008a60 f   pjlib-x86_64-x64-vc14-release:pool.obj
 0001:00007aa0       pj_pool_get_capacity       0000000140008aa0 f   pjlib-x86_64-x64-vc14-release:pool.obj
 0001:00007ab0       pj_pool_get_used_size      0000000140008ab0 f   pjlib-x86_64-x64-vc14-release:pool.obj
 0001:00007af0       pj_pool_getobjname         0000000140008af0 f   pjlib-x86_64-x64-vc14-release:pool.obj
 0001:00007b00       pj_pool_init_int           0000000140008b00 f   pjlib-x86_64-x64-vc14-release:pool.obj
 0001:00007ba0       pj_pool_release            0000000140008ba0 f   pjlib-x86_64-x64-vc14-release:pool.obj
 0001:00007bc0       pj_pool_reset              0000000140008bc0 f   pjlib-x86_64-x64-vc14-release:pool.obj
 0001:000080d0       pj_caching_pool_destroy    00000001400090d0 f   pjlib-x86_64-x64-vc14-release:pool_caching.obj
 0001:000081e0       pj_caching_pool_init       00000001400091e0 f   pjlib-x86_64-x64-vc14-release:pool_caching.obj
 0001:000083c0       pj_errno_clear_handlers    00000001400093c0 f   pjlib-x86_64-x64-vc14-release:errno.obj
 0001:000083e0       pj_perror_3                00000001400093e0 f   pjlib-x86_64-x64-vc14-release:errno.obj
 0001:00008410       pj_perror_4                0000000140009410 f   pjlib-x86_64-x64-vc14-release:errno.obj
 0001:00008530       pj_register_strerror       0000000140009530 f   pjlib-x86_64-x64-vc14-release:errno.obj
 0001:00008620       pj_strerror                0000000140009620 f   pjlib-x86_64-x64-vc14-release:errno.obj
 0001:000087f0       pj_log                     00000001400097f0 f   pjlib-x86_64-x64-vc14-release:log.obj
 0001:00008e30       pj_log_1                   0000000140009e30 f   pjlib-x86_64-x64-vc14-release:log.obj
 0001:00008e60       pj_log_3                   0000000140009e60 f   pjlib-x86_64-x64-vc14-release:log.obj
 0001:00008e90       pj_log_4                   0000000140009e90 f   pjlib-x86_64-x64-vc14-release:log.obj
 0001:00008ec0       pj_log_5                   0000000140009ec0 f   pjlib-x86_64-x64-vc14-release:log.obj
 0001:00008ef0       pj_log_get_color           0000000140009ef0 f   pjlib-x86_64-x64-vc14-release:log.obj
 0001:00008f60       pj_log_get_decor           0000000140009f60 f   pjlib-x86_64-x64-vc14-release:log.obj
 0001:00008f70       pj_log_get_level           0000000140009f70 f   pjlib-x86_64-x64-vc14-release:log.obj
 0001:00008f80       pj_log_init                0000000140009f80 f   pjlib-x86_64-x64-vc14-release:log.obj
 0001:00008ff0       pj_log_set_decor           0000000140009ff0 f   pjlib-x86_64-x64-vc14-release:log.obj
 0001:00009000       pj_log_set_level           000000014000a000 f   pjlib-x86_64-x64-vc14-release:log.obj
 0001:00009120       pj_get_timestamp           000000014000a120 f   pjlib-x86_64-x64-vc14-release:os_timestamp_win32.obj
 0001:00009180       pj_get_timestamp_freq      000000014000a180 f   pjlib-x86_64-x64-vc14-release:os_timestamp_win32.obj
 0001:000091e0       pj_elapsed_usec            000000014000a1e0 f   pjlib-x86_64-x64-vc14-release:os_timestamp_common.obj
 0001:00009250       pj_str                     000000014000a250 f   pjlib-x86_64-x64-vc14-release:string.obj
 0001:00009280       pj_strdup2                 000000014000a280 f   pjlib-x86_64-x64-vc14-release:string.obj
 0001:000092f0       pj_strncpy_with_null       000000014000a2f0 f   pjlib-x86_64-x64-vc14-release:string.obj
 0001:00009340       pj_utoa                    000000014000a340 f   pjlib-x86_64-x64-vc14-release:string.obj
 0001:000093e0       pj_utoa_pad                000000014000a3e0 f   pjlib-x86_64-x64-vc14-release:string.obj
 0001:000094b0       pj_get_os_error            000000014000a4b0 f   pjlib-x86_64-x64-vc14-release:os_error_win32.obj
 0001:000094e0       platform_strerror          000000014000a4e0 f   pjlib-x86_64-x64-vc14-release:os_error_win32.obj
 0001:00009620       pj_file_exists             000000014000a620 f   pjlib-x86_64-x64-vc14-release:file_access_win32.obj
 0001:00009680       pj_file_size               000000014000a680 f   pjlib-x86_64-x64-vc14-release:file_access_win32.obj
 0001:00009730       pj_file_close              000000014000a730 f   pjlib-x86_64-x64-vc14-release:file_io_win32.obj
 0001:00009780       pj_file_getpos             000000014000a780 f   pjlib-x86_64-x64-vc14-release:file_io_win32.obj
 0001:00009830       pj_file_open               000000014000a830 f   pjlib-x86_64-x64-vc14-release:file_io_win32.obj
 0001:000099e0       pj_file_read               000000014000a9e0 f   pjlib-x86_64-x64-vc14-release:file_io_win32.obj
 0001:00009a60       pj_file_setpos             000000014000aa60 f   pjlib-x86_64-x64-vc14-release:file_io_win32.obj
 0001:00009b10       pj_file_write              000000014000ab10 f   pjlib-x86_64-x64-vc14-release:file_io_win32.obj
 0001:00009b90       pj_list_erase              000000014000ab90 f   pjlib-x86_64-x64-vc14-release:list.obj
 0001:00009bb0       pj_list_insert_after       000000014000abb0 f   pjlib-x86_64-x64-vc14-release:list.obj
 0001:00009bd0       pj_list_insert_before      000000014000abd0 f   pjlib-x86_64-x64-vc14-release:list.obj
 0001:00009e00       pj_generate_unique_string  000000014000ae00 f   pjlib-x86_64-x64-vc14-release:guid_win32.obj
 0001:00009e60       pj_exception_id_alloc      000000014000ae60 f   pjlib-x86_64-x64-vc14-release:except.obj
 0001:00009ed0       pj_exception_id_free       000000014000aed0 f   pjlib-x86_64-x64-vc14-release:except.obj
 0001:00009f10       pj_exception_id_name       000000014000af10 f   pjlib-x86_64-x64-vc14-release:except.obj
 0001:00009f60       pj_pop_exception_handler_  000000014000af60 f   pjlib-x86_64-x64-vc14-release:except.obj
 0001:00009fa0       pj_throw_exception_        000000014000afa0 f   pjlib-x86_64-x64-vc14-release:except.obj
 0001:0000a000       __scrt_exe_initialize_mta  000000014000b000 f   MSVCRT:utility_desktop.obj
 0001:0000a000       _matherr                   000000014000b000 f   MSVCRT:matherr.obj
 0001:0000a000       _get_startup_thread_locale_mode 000000014000b000 f   MSVCRT:thread_locale.obj
 0001:0000a000       _get_startup_commit_mode   000000014000b000 f   MSVCRT:commit_mode.obj
 0001:0000a000       _get_startup_new_mode      000000014000b000 f   MSVCRT:new_mode.obj
 0001:0000a000       __scrt_initialize_winrt    000000014000b000 f   MSVCRT:utility_desktop.obj
 0001:0000a000       __scrt_stub_for_initialize_mta 000000014000b000 f   MSVCRT:utility_desktop.obj
 0001:0000a010       pj_lock_acquire            000000014000b010 f   pjlib-x86_64-x64-vc14-release:lock.obj
 0001:0000a030       pj_lock_create_null_mutex  000000014000b030 f   pjlib-x86_64-x64-vc14-release:lock.obj
 0001:0000a050       pj_lock_create_simple_mutex 000000014000b050 f   pjlib-x86_64-x64-vc14-release:lock.obj
 0001:0000a110       pj_lock_destroy            000000014000b110 f   pjlib-x86_64-x64-vc14-release:lock.obj
 0001:0000a130       pj_lock_release            000000014000b130 f   pjlib-x86_64-x64-vc14-release:lock.obj
 0001:0000a150       pj_pool_create_on_buf      000000014000b150 f   pjlib-x86_64-x64-vc14-release:pool_buf.obj
 0001:0000a2c0       pj_log_write               000000014000b2c0 f   pjlib-x86_64-x64-vc14-release:log_writer_stdout.obj
 0001:0000a340       pj_gettimeofday            000000014000b340 f   pjlib-x86_64-x64-vc14-release:os_time_win32.obj
 0001:0000a450       pj_time_decode             000000014000b450 f   pjlib-x86_64-x64-vc14-release:os_time_win32.obj
 0001:0000a500       pj_ntohl                   000000014000b500 f   pjlib-x86_64-x64-vc14-release:sock_bsd.obj
 0001:0000a510       pj_ntohs                   000000014000b510 f   pjlib-x86_64-x64-vc14-release:sock_bsd.obj
 0001:0000a518       __GSHandlerCheck           000000014000b518 f   MSVCRT:gshandler.obj
 0001:0000a538       __GSHandlerCheckCommon     000000014000b538 f   MSVCRT:gshandler.obj
 0001:0000a5b0       __security_check_cookie    000000014000b5b0 f   MSVCRT:amdsecgs.obj
 0001:0000a830       mainCRTStartup             000000014000b830 f   MSVCRT:exe_main.obj
 0001:0000a844       __raise_securityfailure    000000014000b844 f   MSVCRT:gs_report.obj
 0001:0000a878       __report_gsfailure         000000014000b878 f   MSVCRT:gs_report.obj
 0001:0000a94c       __report_rangecheckfailure 000000014000b94c f   MSVCRT:gs_report.obj
 0001:0000a960       __report_securityfailure   000000014000b960 f   MSVCRT:gs_report.obj
 0001:0000aaf0       __chkstk                   000000014000baf0 f   MSVCRT:chkstk.obj
 0001:0000aaf0       _alloca_probe              000000014000baf0 f   MSVCRT:chkstk.obj
 0001:0000ab40       __scrt_acquire_startup_lock 000000014000bb40 f   MSVCRT:utility.obj
 0001:0000ab7c       __scrt_initialize_crt      000000014000bb7c f   MSVCRT:utility.obj
 0001:0000abc8       __scrt_initialize_onexit_tables 000000014000bbc8 f   MSVCRT:utility.obj
 0001:0000ac54       __scrt_is_nonwritable_in_current_image 000000014000bc54 f   MSVCRT:utility.obj
 0001:0000acec       __scrt_release_startup_lock 000000014000bcec f   MSVCRT:utility.obj
 0001:0000ad10       __scrt_uninitialize_crt    000000014000bd10 f   MSVCRT:utility.obj
 0001:0000ad3c       _onexit                    000000014000bd3c f   MSVCRT:utility.obj
 0001:0000ad78       atexit                     000000014000bd78 f   MSVCRT:utility.obj
 0001:0000ad90       __security_init_cookie     000000014000bd90 f   MSVCRT:gs_support.obj
 0001:0000ae3c       _get_startup_argv_mode     000000014000be3c f   MSVCRT:argv_mode.obj
 0001:0000ae44       _get_startup_file_mode     000000014000be44 f   MSVCRT:file_mode.obj
 0001:0000ae4c       ?__scrt_initialize_type_info@@YAXXZ 000000014000be4c f   MSVCRT:tncleanup.obj
 0001:0000ae5c       __acrt_uninitialize        000000014000be5c f   MSVCRT:ucrt_stubs.obj
 0001:0000ae5c       _should_initialize_environment 000000014000be5c f   MSVCRT:env_mode.obj
 0001:0000ae5c       __scrt_stub_for_acrt_initialize 000000014000be5c f   MSVCRT:ucrt_stubs.obj
 0001:0000ae5c       __vcrt_initialize          000000014000be5c f   MSVCRT:ucrt_stubs.obj
 0001:0000ae5c       __scrt_stub_for_acrt_uninitialize 000000014000be5c f   MSVCRT:ucrt_stubs.obj
 0001:0000ae5c       __vcrt_uninitialize        000000014000be5c f   MSVCRT:ucrt_stubs.obj
 0001:0000ae5c       __acrt_initialize          000000014000be5c f   MSVCRT:ucrt_stubs.obj
 0001:0000ae60       __scrt_initialize_default_local_stdio_options 000000014000be60 f   MSVCRT:default_local_stdio_options.obj
 0001:0000ae7c       __scrt_is_user_matherr_present 000000014000be7c f   MSVCRT:matherr_detection.obj
 0001:0000ae88       __scrt_get_dyn_tls_init_callback 000000014000be88 f   MSVCRT:dyn_tls_init.obj
 0001:0000ae90       __scrt_get_dyn_tls_dtor_callback 000000014000be90 f   MSVCRT:dyn_tls_dtor.obj
 0001:0000ae98       __crt_debugger_hook        000000014000be98 f   MSVCRT:utility_desktop.obj
 0001:0000aea0       __scrt_fastfail            000000014000bea0 f   MSVCRT:utility_desktop.obj
 0001:0000afec       __scrt_initialize_mta      000000014000bfec f   MSVCRT:utility_desktop.obj
 0001:0000aff4       __scrt_is_managed_app      000000014000bff4 f   MSVCRT:utility_desktop.obj
 0001:0000b048       __scrt_set_unhandled_exception_filter 000000014000c048 f   MSVCRT:utility_desktop.obj
 0001:0000b058       __scrt_unhandled_exception_filter 000000014000c058 f   MSVCRT:utility_desktop.obj
 0001:0000b0b4       _RTC_Initialize            000000014000c0b4 f   MSVCRT:initsect.obj
 0001:0000b0f0       _RTC_Terminate             000000014000c0f0 f   MSVCRT:initsect.obj
 0001:0000b12c       __isa_available_init       000000014000c12c f   MSVCRT:cpu_disp.obj
 0001:0000b2d0       __scrt_is_ucrt_dll_in_use  000000014000c2d0 f   MSVCRT:ucrt_detection.obj
 0001:0000b2e0       memset                     000000014000c2e0 f   vcruntime:VCRUNTIME140.dll
 0001:0000b2e6       memcpy                     000000014000c2e6 f   vcruntime:VCRUNTIME140.dll
 0001:0000b2ec       strchr                     000000014000c2ec f   vcruntime:VCRUNTIME140.dll
 0001:0000b2f2       longjmp                    000000014000c2f2 f   vcruntime:VCRUNTIME140.dll
 0001:0000b2f8       __C_specific_handler       000000014000c2f8 f   vcruntime:VCRUNTIME140.dll
 0001:0000b2fe       __current_exception        000000014000c2fe f   vcruntime:VCRUNTIME140.dll
 0001:0000b304       __current_exception_context 000000014000c304 f   vcruntime:VCRUNTIME140.dll
 0001:0000b30a       _seh_filter_exe            000000014000c30a f   ucrt:api-ms-win-crt-runtime-l1-1-0.dll
 0001:0000b310       _set_app_type              000000014000c310 f   ucrt:api-ms-win-crt-runtime-l1-1-0.dll
 0001:0000b316       __setusermatherr           000000014000c316 f   ucrt:api-ms-win-crt-math-l1-1-0.dll
 0001:0000b31c       _configure_narrow_argv     000000014000c31c f   ucrt:api-ms-win-crt-runtime-l1-1-0.dll
 0001:0000b322       _initialize_narrow_environment 000000014000c322 f   ucrt:api-ms-win-crt-runtime-l1-1-0.dll
 0001:0000b328       _get_initial_narrow_environment 000000014000c328 f   ucrt:api-ms-win-crt-runtime-l1-1-0.dll
 0001:0000b32e       _initterm                  000000014000c32e f   ucrt:api-ms-win-crt-runtime-l1-1-0.dll
 0001:0000b334       _initterm_e                000000014000c334 f   ucrt:api-ms-win-crt-runtime-l1-1-0.dll
 0001:0000b33a       exit                       000000014000c33a f   ucrt:api-ms-win-crt-runtime-l1-1-0.dll
 0001:0000b340       _exit                      000000014000c340 f   ucrt:api-ms-win-crt-runtime-l1-1-0.dll
 0001:0000b346       _set_fmode                 000000014000c346 f   ucrt:api-ms-win-crt-stdio-l1-1-0.dll
 0001:0000b34c       __p___argc                 000000014000c34c f   ucrt:api-ms-win-crt-runtime-l1-1-0.dll
 0001:0000b352       __p___argv                 000000014000c352 f   ucrt:api-ms-win-crt-runtime-l1-1-0.dll
 0001:0000b358       _cexit                     000000014000c358 f   ucrt:api-ms-win-crt-runtime-l1-1-0.dll
 0001:0000b35e       _c_exit                    000000014000c35e f   ucrt:api-ms-win-crt-runtime-l1-1-0.dll
 0001:0000b364       _register_thread_local_exe_atexit_callback 000000014000c364 f   ucrt:api-ms-win-crt-runtime-l1-1-0.dll
 0001:0000b36a       _configthreadlocale        000000014000c36a f   ucrt:api-ms-win-crt-locale-l1-1-0.dll
 0001:0000b370       _set_new_mode              000000014000c370 f   ucrt:api-ms-win-crt-heap-l1-1-0.dll
 0001:0000b376       __p__commode               000000014000c376 f   ucrt:api-ms-win-crt-stdio-l1-1-0.dll
 0001:0000b37c       _initialize_onexit_table   000000014000c37c f   ucrt:api-ms-win-crt-runtime-l1-1-0.dll
 0001:0000b382       _register_onexit_function  000000014000c382 f   ucrt:api-ms-win-crt-runtime-l1-1-0.dll
 0001:0000b388       _crt_atexit                000000014000c388 f   ucrt:api-ms-win-crt-runtime-l1-1-0.dll
 0001:0000b38e       terminate                  000000014000c38e f   ucrt:api-ms-win-crt-runtime-l1-1-0.dll
 0001:0000b3b0       _guard_dispatch_icall_nop  000000014000c3b0 f   MSVCRT:guard_dispatch.obj
 0001:0000b3d0       _guard_xfg_dispatch_icall_nop 000000014000c3d0 f   MSVCRT:guard_xfg_dispatch.obj
 0002:00000000       __imp_GetModuleHandleW     000000014000d000     kernel32:KERNEL32.dll
 0002:00000008       __imp_IsDebuggerPresent    000000014000d008     kernel32:KERNEL32.dll
 0002:00000010       __imp_InitializeSListHead  000000014000d010     kernel32:KERNEL32.dll
 0002:00000018       __imp_GetSystemTimeAsFileTime 000000014000d018     kernel32:KERNEL32.dll
 0002:00000020       __imp_IsProcessorFeaturePresent 000000014000d020     kernel32:KERNEL32.dll
 0002:00000028       __imp_TerminateProcess     000000014000d028     kernel32:KERNEL32.dll
 0002:00000030       __imp_GetCurrentProcess    000000014000d030     kernel32:KERNEL32.dll
 0002:00000038       __imp_SetUnhandledExceptionFilter 000000014000d038     kernel32:KERNEL32.dll
 0002:00000040       __imp_UnhandledExceptionFilter 000000014000d040     kernel32:KERNEL32.dll
 0002:00000048       __imp_RtlVirtualUnwind     000000014000d048     kernel32:KERNEL32.dll
 0002:00000050       __imp_RtlLookupFunctionEntry 000000014000d050     kernel32:KERNEL32.dll
 0002:00000058       __imp_RtlCaptureContext    000000014000d058     kernel32:KERNEL32.dll
 0002:00000060       __imp_SystemTimeToFileTime 000000014000d060     kernel32:KERNEL32.dll
 0002:00000068       __imp_GetLocalTime         000000014000d068     kernel32:KERNEL32.dll
 0002:00000070       __imp_WriteFile            000000014000d070     kernel32:KERNEL32.dll
 0002:00000078       __imp_SetFilePointer       000000014000d078     kernel32:KERNEL32.dll
 0002:00000080       __imp_ReadFile             000000014000d080     kernel32:KERNEL32.dll
 0002:00000088       __imp_FileTimeToSystemTime 000000014000d088     kernel32:KERNEL32.dll
 0002:00000090       __imp_GetFileSize          000000014000d090     kernel32:KERNEL32.dll
 0002:00000098       __imp_CreateFileA          000000014000d098     kernel32:KERNEL32.dll
 0002:000000a0       __imp_FormatMessageA       000000014000d0a0     kernel32:KERNEL32.dll
 0002:000000a8       __imp_QueryPerformanceFrequency 000000014000d0a8     kernel32:KERNEL32.dll
 0002:000000b0       __imp_QueryPerformanceCounter 000000014000d0b0     kernel32:KERNEL32.dll
 0002:000000b8       __imp_SetConsoleTextAttribute 000000014000d0b8     kernel32:KERNEL32.dll
 0002:000000c0       __imp_TlsFree              000000014000d0c0     kernel32:KERNEL32.dll
 0002:000000c8       __imp_TlsSetValue          000000014000d0c8     kernel32:KERNEL32.dll
 0002:000000d0       __imp_TlsGetValue          000000014000d0d0     kernel32:KERNEL32.dll
 0002:000000d8       __imp_TlsAlloc             000000014000d0d8     kernel32:KERNEL32.dll
 0002:000000e0       __imp_GetCurrentThreadId   000000014000d0e0     kernel32:KERNEL32.dll
 0002:000000e8       __imp_CreateThread         000000014000d0e8     kernel32:KERNEL32.dll
 0002:000000f0       __imp_GetCurrentProcessId  000000014000d0f0     kernel32:KERNEL32.dll
 0002:000000f8       __imp_Sleep                000000014000d0f8     kernel32:KERNEL32.dll
 0002:00000100       __imp_WaitForSingleObject  000000014000d100     kernel32:KERNEL32.dll
 0002:00000108       __imp_ReleaseSemaphore     000000014000d108     kernel32:KERNEL32.dll
 0002:00000110       __imp_DeleteCriticalSection 000000014000d110     kernel32:KERNEL32.dll
 0002:00000118       __imp_TryEnterCriticalSection 000000014000d118     kernel32:KERNEL32.dll
 0002:00000120       __imp_LeaveCriticalSection 000000014000d120     kernel32:KERNEL32.dll
 0002:00000128       __imp_EnterCriticalSection 000000014000d128     kernel32:KERNEL32.dll
 0002:00000130       __imp_InitializeCriticalSection 000000014000d130     kernel32:KERNEL32.dll
 0002:00000138       __imp_GetLastError         000000014000d138     kernel32:KERNEL32.dll
 0002:00000140       __imp_GetStdHandle         000000014000d140     kernel32:KERNEL32.dll
 0002:00000148       __imp_SetThreadPriority    000000014000d148     kernel32:KERNEL32.dll
 0002:00000150       __imp_GetCurrentThread     000000014000d150     kernel32:KERNEL32.dll
 0002:00000158       __imp_WaitForMultipleObjects 000000014000d158     kernel32:KERNEL32.dll
 0002:00000160       __imp_CreateEventA         000000014000d160     kernel32:KERNEL32.dll
 0002:00000168       __imp_SetEvent             000000014000d168     kernel32:KERNEL32.dll
 0002:00000170       __imp_CloseHandle          000000014000d170     kernel32:KERNEL32.dll
 0002:00000178       \177KERNEL32_NULL_THUNK_DATA 000000014000d178     kernel32:KERNEL32.dll
 0002:00000180       __imp_memset               000000014000d180     vcruntime:VCRUNTIME140.dll
 0002:00000188       __imp___current_exception_context 000000014000d188     vcruntime:VCRUNTIME140.dll
 0002:00000190       __imp_memcpy               000000014000d190     vcruntime:VCRUNTIME140.dll
 0002:00000198       __imp_strchr               000000014000d198     vcruntime:VCRUNTIME140.dll
 0002:000001a0       __imp_longjmp              000000014000d1a0     vcruntime:VCRUNTIME140.dll
 0002:000001a8       __imp___C_specific_handler 000000014000d1a8     vcruntime:VCRUNTIME140.dll
 0002:000001b0       __imp___current_exception  000000014000d1b0     vcruntime:VCRUNTIME140.dll
 0002:000001b8       \177VCRUNTIME140_NULL_THUNK_DATA 000000014000d1b8     vcruntime:VCRUNTIME140.dll
 0002:000001c0       __imp_waveOutRestart       000000014000d1c0     winmm:WINMM.dll
 0002:000001c8       __imp_waveOutPause         000000014000d1c8     winmm:WINMM.dll
 0002:000001d0       __imp_waveOutWrite         000000014000d1d0     winmm:WINMM.dll
 0002:000001d8       __imp_waveOutUnprepareHeader 000000014000d1d8     winmm:WINMM.dll
 0002:000001e0       __imp_waveOutPrepareHeader 000000014000d1e0     winmm:WINMM.dll
 0002:000001e8       __imp_waveOutClose         000000014000d1e8     winmm:WINMM.dll
 0002:000001f0       __imp_waveInGetNumDevs     000000014000d1f0     winmm:WINMM.dll
 0002:000001f8       __imp_waveOutSetVolume     000000014000d1f8     winmm:WINMM.dll
 0002:00000200       __imp_waveOutGetVolume     000000014000d200     winmm:WINMM.dll
 0002:00000208       __imp_waveOutGetDevCapsA   000000014000d208     winmm:WINMM.dll
 0002:00000210       __imp_waveOutGetNumDevs    000000014000d210     winmm:WINMM.dll
 0002:00000218       __imp_waveInGetErrorTextA  000000014000d218     winmm:WINMM.dll
 0002:00000220       __imp_waveOutGetErrorTextA 000000014000d220     winmm:WINMM.dll
 0002:00000228       __imp_waveOutReset         000000014000d228     winmm:WINMM.dll
 0002:00000230       __imp_waveInGetDevCapsA    000000014000d230     winmm:WINMM.dll
 0002:00000238       __imp_waveInOpen           000000014000d238     winmm:WINMM.dll
 0002:00000240       __imp_waveInClose          000000014000d240     winmm:WINMM.dll
 0002:00000248       __imp_waveInPrepareHeader  000000014000d248     winmm:WINMM.dll
 0002:00000250       __imp_waveInUnprepareHeader 000000014000d250     winmm:WINMM.dll
 0002:00000258       __imp_waveInAddBuffer      000000014000d258     winmm:WINMM.dll
 0002:00000260       __imp_waveInStart          000000014000d260     winmm:WINMM.dll
 0002:00000268       __imp_waveInStop           000000014000d268     winmm:WINMM.dll
 0002:00000270       __imp_waveInReset          000000014000d270     winmm:WINMM.dll
 0002:00000278       __imp_waveOutOpen          000000014000d278     winmm:WINMM.dll
 0002:00000280       \177WINMM_NULL_THUNK_DATA  000000014000d280     winmm:WINMM.dll
 0002:00000288       __imp_ntohs                000000014000d288     ws2_32:WS2_32.dll
 0002:00000290       __imp_ntohl                000000014000d290     ws2_32:WS2_32.dll
 0002:00000298       __imp_WSAGetLastError      000000014000d298     ws2_32:WS2_32.dll
 0002:000002a0       __imp_WSACleanup           000000014000d2a0     ws2_32:WS2_32.dll
 0002:000002a8       __imp_WSAStartup           000000014000d2a8     ws2_32:WS2_32.dll
 0002:000002b0       \177WS2_32_NULL_THUNK_DATA 000000014000d2b0     ws2_32:WS2_32.dll
 0002:000002b8       __imp_free                 000000014000d2b8     ucrt:api-ms-win-crt-heap-l1-1-0.dll
 0002:000002c0       __imp__set_new_mode        000000014000d2c0     ucrt:api-ms-win-crt-heap-l1-1-0.dll
 0002:000002c8       __imp_malloc               000000014000d2c8     ucrt:api-ms-win-crt-heap-l1-1-0.dll
 0002:000002d0       \177api-ms-win-crt-heap-l1-1-0_NULL_THUNK_DATA 000000014000d2d0     ucrt:api-ms-win-crt-heap-l1-1-0.dll
 0002:000002d8       __imp__configthreadlocale  000000014000d2d8     ucrt:api-ms-win-crt-locale-l1-1-0.dll
 0002:000002e0       \177api-ms-win-crt-locale-l1-1-0_NULL_THUNK_DATA 000000014000d2e0     ucrt:api-ms-win-crt-locale-l1-1-0.dll
 0002:000002e8       __imp___setusermatherr     000000014000d2e8     ucrt:api-ms-win-crt-math-l1-1-0.dll
 0002:000002f0       \177api-ms-win-crt-math-l1-1-0_NULL_THUNK_DATA 000000014000d2f0     ucrt:api-ms-win-crt-math-l1-1-0.dll
 0002:000002f8       __imp___p___argv           000000014000d2f8     ucrt:api-ms-win-crt-runtime-l1-1-0.dll
 0002:00000300       __imp___p___argc           000000014000d300     ucrt:api-ms-win-crt-runtime-l1-1-0.dll
 0002:00000308       __imp_exit                 000000014000d308     ucrt:api-ms-win-crt-runtime-l1-1-0.dll
 0002:00000310       __imp__cexit               000000014000d310     ucrt:api-ms-win-crt-runtime-l1-1-0.dll
 0002:00000318       __imp__c_exit              000000014000d318     ucrt:api-ms-win-crt-runtime-l1-1-0.dll
 0002:00000320       __imp_terminate            000000014000d320     ucrt:api-ms-win-crt-runtime-l1-1-0.dll
 0002:00000328       __imp__crt_atexit          000000014000d328     ucrt:api-ms-win-crt-runtime-l1-1-0.dll
 0002:00000330       __imp__register_onexit_function 000000014000d330     ucrt:api-ms-win-crt-runtime-l1-1-0.dll
 0002:00000338       __imp__initialize_onexit_table 000000014000d338     ucrt:api-ms-win-crt-runtime-l1-1-0.dll
 0002:00000340       __imp__seh_filter_exe      000000014000d340     ucrt:api-ms-win-crt-runtime-l1-1-0.dll
 0002:00000348       __imp__set_app_type        000000014000d348     ucrt:api-ms-win-crt-runtime-l1-1-0.dll
 0002:00000350       __imp__exit                000000014000d350     ucrt:api-ms-win-crt-runtime-l1-1-0.dll
 0002:00000358       __imp__configure_narrow_argv 000000014000d358     ucrt:api-ms-win-crt-runtime-l1-1-0.dll
 0002:00000360       __imp__initialize_narrow_environment 000000014000d360     ucrt:api-ms-win-crt-runtime-l1-1-0.dll
 0002:00000368       __imp__get_initial_narrow_environment 000000014000d368     ucrt:api-ms-win-crt-runtime-l1-1-0.dll
 0002:00000370       __imp__initterm            000000014000d370     ucrt:api-ms-win-crt-runtime-l1-1-0.dll
 0002:00000378       __imp__initterm_e          000000014000d378     ucrt:api-ms-win-crt-runtime-l1-1-0.dll
 0002:00000380       __imp__register_thread_local_exe_atexit_callback 000000014000d380     ucrt:api-ms-win-crt-runtime-l1-1-0.dll
 0002:00000388       \177api-ms-win-crt-runtime-l1-1-0_NULL_THUNK_DATA 000000014000d388     ucrt:api-ms-win-crt-runtime-l1-1-0.dll
 0002:00000390       __imp_puts                 000000014000d390     ucrt:api-ms-win-crt-stdio-l1-1-0.dll
 0002:00000398       __imp__set_fmode           000000014000d398     ucrt:api-ms-win-crt-stdio-l1-1-0.dll
 0002:000003a0       __imp___stdio_common_vsscanf 000000014000d3a0     ucrt:api-ms-win-crt-stdio-l1-1-0.dll
 0002:000003a8       __imp___stdio_common_vsprintf 000000014000d3a8     ucrt:api-ms-win-crt-stdio-l1-1-0.dll
 0002:000003b0       __imp___stdio_common_vfprintf 000000014000d3b0     ucrt:api-ms-win-crt-stdio-l1-1-0.dll
 0002:000003b8       __imp_fgets                000000014000d3b8     ucrt:api-ms-win-crt-stdio-l1-1-0.dll
 0002:000003c0       __imp_fflush               000000014000d3c0     ucrt:api-ms-win-crt-stdio-l1-1-0.dll
 0002:000003c8       __imp___acrt_iob_func      000000014000d3c8     ucrt:api-ms-win-crt-stdio-l1-1-0.dll
 0002:000003d0       __imp___p__commode         000000014000d3d0     ucrt:api-ms-win-crt-stdio-l1-1-0.dll
 0002:000003d8       \177api-ms-win-crt-stdio-l1-1-0_NULL_THUNK_DATA 000000014000d3d8     ucrt:api-ms-win-crt-stdio-l1-1-0.dll
 0002:000003e0       __imp_strncpy              000000014000d3e0     ucrt:api-ms-win-crt-string-l1-1-0.dll
 0002:000003e8       \177api-ms-win-crt-string-l1-1-0_NULL_THUNK_DATA 000000014000d3e8     ucrt:api-ms-win-crt-string-l1-1-0.dll
 0002:000003f0       __imp_CoCreateGuid         000000014000d3f0     ole32:ole32.dll
 0002:000003f8       \177ole32_NULL_THUNK_DATA  000000014000d3f8     ole32:ole32.dll
 0002:00000400       __guard_check_icall_fptr   000000014000d400     MSVCRT:guard_support.obj
 0002:00000408       __guard_xfg_check_icall_fptr 000000014000d408     MSVCRT:guard_support.obj
 0002:00000410       __guard_dispatch_icall_fptr 000000014000d410     MSVCRT:guard_support.obj
 0002:00000418       __guard_xfg_dispatch_icall_fptr 000000014000d418     MSVCRT:guard_support.obj
 0002:00000420       __guard_xfg_table_dispatch_icall_fptr 000000014000d420     MSVCRT:guard_support.obj
 0002:00000428       __xc_a                     000000014000d428     MSVCRT:initializers.obj
 0002:00000438       __xc_z                     000000014000d438     MSVCRT:initializers.obj
 0002:00000440       __xi_a                     000000014000d440     MSVCRT:initializers.obj
 0002:00000458       __xi_z                     000000014000d458     MSVCRT:initializers.obj
 0002:00000460       __xp_a                     000000014000d460     MSVCRT:initializers.obj
 0002:00000468       __xp_z                     000000014000d468     MSVCRT:initializers.obj
 0002:00000470       __xt_a                     000000014000d470     MSVCRT:initializers.obj
 0002:00000478       __xt_z                     000000014000d478     MSVCRT:initializers.obj
 0002:00000480       ??_C@_0BB@BAGIMGGD@?$CFs?3?5?$CFs?5?$CIerr?$DN?$CFd?$CJ?6@ 000000014000d480     pjmedia-audiodev-x86_64-x64-vc14-release:audiotest.obj
 0002:00000498       ??_C@_07LGOHBJLG@audtest@  000000014000d498     pjmedia-audiodev-x86_64-x64-vc14-release:audiotest.obj
 0002:000004a0       ??_C@_07ONKAOHNE@sndtest@  000000014000d4a0     pjmedia-audiodev-x86_64-x64-vc14-release:audiotest.obj
 0002:000004a8       ??_C@_0BG@KPJALKKK@Unable?5to?5open?5device@ 000000014000d4a8     pjmedia-audiodev-x86_64-x64-vc14-release:audiotest.obj
 0002:000004c0       ??_C@_0BP@JJJOPCGH@Unable?5to?5start?5capture?5stream@ 000000014000d4c0     pjmedia-audiodev-x86_64-x64-vc14-release:audiotest.obj
 0002:000004e0       ??_C@_0DE@FBEKMONH@?5Please?5wait?5while?5test?5is?5in?5p@ 000000014000d4e0     pjmedia-audiodev-x86_64-x64-vc14-release:audiotest.obj
 0002:00000518       ??_C@_0M@PPJNFCCP@audiotest?4c@ 000000014000d518     pjmedia-audiodev-x86_64-x64-vc14-release:audiotest.obj
 0002:00000528       __real@3fe0000000000000    000000014000d528     pjmedia-audiodev-x86_64-x64-vc14-release:audiotest.obj
 0002:000005f0       ??_C@_0DC@MHBBCDGM@Unspecified?5audio?5device?5error?5@ 000000014000d5f0     pjmedia-audiodev-x86_64-x64-vc14-release:errno.obj
 0002:00000628       ??_C@_0DG@FEDKLOFB@Unknown?5error?5from?5audio?5driver@ 000000014000d628     pjmedia-audiodev-x86_64-x64-vc14-release:errno.obj
 0002:00000660       ??_C@_0DE@DOHCBKFK@Audio?5subsystem?5not?5initialized@ 000000014000d660     pjmedia-audiodev-x86_64-x64-vc14-release:errno.obj
 0002:00000698       ??_C@_0CL@NCBJPCNF@Invalid?5audio?5device?5?$CIPJMEDIA_E@ 000000014000d698     pjmedia-audiodev-x86_64-x64-vc14-release:errno.obj
 0002:000006c8       ??_C@_0CM@LOPLLMHO@Found?5no?5audio?5devices?5?$CIPJMEDIA@ 000000014000d6c8     pjmedia-audiodev-x86_64-x64-vc14-release:errno.obj
 0002:000006f8       ??_C@_0DM@DPDKGMIE@Unable?5to?5find?5default?5audio?5de@ 000000014000d6f8     pjmedia-audiodev-x86_64-x64-vc14-release:errno.obj
 0002:00000738       ??_C@_0CP@JIPJOIMB@Audio?5device?5not?5ready?5?$CIPJMEDIA@ 000000014000d738     pjmedia-audiodev-x86_64-x64-vc14-release:errno.obj
 0002:00000768       ??_C@_0DO@NMIGLFFA@Invalid?5or?5unsupported?5audio?5ca@ 000000014000d768     pjmedia-audiodev-x86_64-x64-vc14-release:errno.obj
 0002:000007b0       ??_C@_0ED@PLJALPOA@Invalid?5or?5unsupported?5audio?5de@ 000000014000d7b0     pjmedia-audiodev-x86_64-x64-vc14-release:errno.obj
 0002:000007f8       ??_C@_0DM@JKDJGBNG@Bad?5or?5invalid?5audio?5device?5for@ 000000014000d7f8     pjmedia-audiodev-x86_64-x64-vc14-release:errno.obj
 0002:00000838       ??_C@_0DN@BLAJILEA@Invalid?5audio?5device?5sample?5for@ 000000014000d838     pjmedia-audiodev-x86_64-x64-vc14-release:errno.obj
 0002:00000878       ??_C@_0DE@LJJGJIEF@Bad?5audio?5latency?5setting?5?$CIPJME@ 000000014000d878     pjmedia-audiodev-x86_64-x64-vc14-release:errno.obj
 0002:000008b0       ??_C@_0BJ@GMHLEOAL@MMSYSTEM?5native?5error?5?$CFd@ 000000014000d8b0     pjmedia-audiodev-x86_64-x64-vc14-release:errno.obj
 0002:000008d0       ??_C@_0CC@MFOJNIAN@Unknown?5pjmedia?9audiodev?5error?5@ 000000014000d8d0     pjmedia-audiodev-x86_64-x64-vc14-release:errno.obj
 0002:000008f8       ??_C@_0M@KBHHDDLP@Wave?5mapper@ 000000014000d8f8     pjmedia-audiodev-x86_64-x64-vc14-release:wmme_dev.obj
 0002:00000904       ??_C@_04CPNMDOAK@WMME@     000000014000d904     pjmedia-audiodev-x86_64-x64-vc14-release:wmme_dev.obj
 0002:00000910       ??_C@_0BB@EOKKHGLD@WMME?5initialized@ 000000014000d910     pjmedia-audiodev-x86_64-x64-vc14-release:wmme_dev.obj
 0002:00000928       ??_C@_0L@HHCCMOGO@wmme_dev?4c@ 000000014000d928     pjmedia-audiodev-x86_64-x64-vc14-release:wmme_dev.obj
 0002:00000938       ??_C@_0BM@OMJMEAMB@WMME?5found?5no?5sound?5devices@ 000000014000d938     pjmedia-audiodev-x86_64-x64-vc14-release:wmme_dev.obj
 0002:00000954       ??_C@_11LOCGONAA@@         000000014000d954     pjmedia-audiodev-x86_64-x64-vc14-release:wmme_dev.obj
 0002:00000958       ??_C@_0BH@GEMAAOCL@WMME?5found?5?$CFd?5devices?3@ 000000014000d958     pjmedia-audiodev-x86_64-x64-vc14-release:wmme_dev.obj
 0002:00000970       ??_C@_0CA@NLJGEGOG@?5dev_id?5?$CFd?3?5?$CFs?5?5?$CIin?$DN?$CFd?0?5out?$DN?$CFd?$CJ@ 000000014000d970     pjmedia-audiodev-x86_64-x64-vc14-release:wmme_dev.obj
 0002:00000990       ??_C@_03CCLNCNJA@PCM@      000000014000d990     pjmedia-audiodev-x86_64-x64-vc14-release:wmme_dev.obj
 0002:000009a0       ??_C@_0HB@MKIBCFPJ@?5WaveAPI?5Sound?5player?5?$CC?$CFs?$CC?5init@ 000000014000d9a0     pjmedia-audiodev-x86_64-x64-vc14-release:wmme_dev.obj
 0002:00000a20       ??_C@_0HD@PIICIPL@?5WaveAPI?5Sound?5recorder?5?$CC?$CFs?$CC?5in@ 000000014000da20     pjmedia-audiodev-x86_64-x64-vc14-release:wmme_dev.obj
 0002:00000a98       ??_C@_0CJ@BMOAEONK@Failed?5to?5write?5audio?5frame?5for@ 000000014000da98     pjmedia-audiodev-x86_64-x64-vc14-release:wmme_dev.obj
 0002:00000ac8       ??_C@_0BP@EAOBDJJO@Failed?5to?5add?5recording?5buffer@ 000000014000dac8     pjmedia-audiodev-x86_64-x64-vc14-release:wmme_dev.obj
 0002:00000ae8       ??_C@_0BI@BEJPJEBJ@WMME?3?5thread?5stopping?4?4@ 000000014000dae8     pjmedia-audiodev-x86_64-x64-vc14-release:wmme_dev.obj
 0002:00000b00       ??_C@_0CB@JKFANBEJ@WMME?5thread?5stopped?5due?5to?5erro@ 000000014000db00     pjmedia-audiodev-x86_64-x64-vc14-release:wmme_dev.obj
 0002:00000b28       ??_C@_08MOOOBPLB@wmme?9dev@ 000000014000db28     pjmedia-audiodev-x86_64-x64-vc14-release:wmme_dev.obj
 0002:00000b34       ??_C@_04ODOGNMHC@wmme@     000000014000db34     pjmedia-audiodev-x86_64-x64-vc14-release:wmme_dev.obj
 0002:00000b40       ??_C@_0BN@MNACKNIN@WMME?5playback?5stream?5started@ 000000014000db40     pjmedia-audiodev-x86_64-x64-vc14-release:wmme_dev.obj
 0002:00000b60       ??_C@_0BM@NKDLICNM@WMME?5capture?5stream?5started@ 000000014000db60     pjmedia-audiodev-x86_64-x64-vc14-release:wmme_dev.obj
 0002:00000b80       ??_C@_0BN@FMJNHCPG@Stopped?5WMME?5playback?5stream@ 000000014000db80     pjmedia-audiodev-x86_64-x64-vc14-release:wmme_dev.obj
 0002:00000ba0       ??_C@_0BM@KCHDOGNE@Stopped?5WMME?5capture?5stream@ 000000014000dba0     pjmedia-audiodev-x86_64-x64-vc14-release:wmme_dev.obj
 0002:00000bc0       ??_C@_09OFDCJLJM@WMME?5base@ 000000014000dbc0     pjmedia-audiodev-x86_64-x64-vc14-release:wmme_dev.obj
 0002:00000bd0       ??_C@_07GBKCPIDJ@ext?9fmt@ 000000014000dbd0     pjmedia-x86_64-x64-vc14-release:audiodev.obj
 0002:00000bd8       ??_C@_0BI@GGHCECPI@Extended?1non?9PCM?5format@ 000000014000dbd8     pjmedia-x86_64-x64-vc14-release:audiodev.obj
 0002:00000bf0       ??_C@_0L@IKNMBADD@latency?9in@ 000000014000dbf0     pjmedia-x86_64-x64-vc14-release:audiodev.obj
 0002:00000c00       ??_C@_0CC@LIGOHOJN@Input?5latency?1buffer?5size?5setti@ 000000014000dc00     pjmedia-x86_64-x64-vc14-release:audiodev.obj
 0002:00000c28       ??_C@_0M@MBBBBCLJ@latency?9out@ 000000014000dc28     pjmedia-x86_64-x64-vc14-release:audiodev.obj
 0002:00000c38       ??_C@_0CD@GAINMBC@Output?5latency?1buffer?5size?5sett@ 000000014000dc38     pjmedia-x86_64-x64-vc14-release:audiodev.obj
 0002:00000c5c       ??_C@_06KGGLCDDG@vol?9in@  000000014000dc5c     pjmedia-x86_64-x64-vc14-release:audiodev.obj
 0002:00000c68       ??_C@_0BF@CCEKOJAN@Input?5volume?5setting@ 000000014000dc68     pjmedia-x86_64-x64-vc14-release:audiodev.obj
 0002:00000c80       ??_C@_07LBFHFBAF@vol?9out@ 000000014000dc80     pjmedia-x86_64-x64-vc14-release:audiodev.obj
 0002:00000c88       ??_C@_0BG@IBEHJHAD@Output?5volume?5setting@ 000000014000dc88     pjmedia-x86_64-x64-vc14-release:audiodev.obj
 0002:00000ca0       ??_C@_08BPNDLGG@meter?9in@ 000000014000dca0     pjmedia-x86_64-x64-vc14-release:audiodev.obj
 0002:00000cb0       ??_C@_0M@NCGIGNPG@Input?5meter@ 000000014000dcb0     pjmedia-x86_64-x64-vc14-release:audiodev.obj
 0002:00000cc0       ??_C@_09NKJLJGOJ@meter?9out@ 000000014000dcc0     pjmedia-x86_64-x64-vc14-release:audiodev.obj
 0002:00000cd0       ??_C@_0N@GBEOEOEP@Output?5meter@ 000000014000dcd0     pjmedia-x86_64-x64-vc14-release:audiodev.obj
 0002:00000ce0       ??_C@_08FPHJDLBG@route?9in@ 000000014000dce0     pjmedia-x86_64-x64-vc14-release:audiodev.obj
 0002:00000cf0       ??_C@_0O@JDPFDDM@Input?5routing@ 000000014000dcf0     pjmedia-x86_64-x64-vc14-release:audiodev.obj
 0002:00000d00       ??_C@_09IKMAGDNF@route?9out@ 000000014000dd00     pjmedia-x86_64-x64-vc14-release:audiodev.obj
 0002:00000d10       ??_C@_0P@JOFPIEJJ@Output?5routing@ 000000014000dd10     pjmedia-x86_64-x64-vc14-release:audiodev.obj
 0002:00000d20       ??_C@_03FNONIBCK@aec@      000000014000dd20     pjmedia-x86_64-x64-vc14-release:audiodev.obj
 0002:00000d28       ??_C@_0BM@HPDLGLFJ@Accoustic?5echo?5cancellation@ 000000014000dd28     pjmedia-x86_64-x64-vc14-release:audiodev.obj
 0002:00000d48       ??_C@_08MKAPJCJE@aec?9tail@ 000000014000dd48     pjmedia-x86_64-x64-vc14-release:audiodev.obj
 0002:00000d58       ??_C@_0BM@PBLLADJD@Tail?5length?5setting?5for?5AEC@ 000000014000dd58     pjmedia-x86_64-x64-vc14-release:audiodev.obj
 0002:00000d74       ??_C@_03NIGLNABH@vad@      000000014000dd74     pjmedia-x86_64-x64-vc14-release:audiodev.obj
 0002:00000d78       ??_C@_0BJ@PEELNNPF@Voice?5activity?5detection@ 000000014000dd78     pjmedia-x86_64-x64-vc14-release:audiodev.obj
 0002:00000d94       ??_C@_03JPNNGDEE@cng@      000000014000dd94     pjmedia-x86_64-x64-vc14-release:audiodev.obj
 0002:00000d98       ??_C@_0BJ@MNDOFJGN@Comfort?5noise?5generation@ 000000014000dd98     pjmedia-x86_64-x64-vc14-release:audiodev.obj
 0002:00000db4       ??_C@_03NOPFEPFL@plg@      000000014000ddb4     pjmedia-x86_64-x64-vc14-release:audiodev.obj
 0002:00000db8       ??_C@_0BI@OMEMKBHH@Packet?5loss?5concealment@ 000000014000ddb8     pjmedia-x86_64-x64-vc14-release:audiodev.obj
 0002:00000dd0       ??_C@_0EF@NLCNMHAD@?$CFd?5device?$CIs?$CJ?5cannot?5be?5register@ 000000014000ddd0     pjmedia-x86_64-x64-vc14-release:audiodev.obj
 0002:00000e18       ??_C@_0L@FGHHAHLM@audiodev?4c@ 000000014000de18     pjmedia-x86_64-x64-vc14-release:audiodev.obj
 0002:00000e24       ??_C@_02HHFHKOHM@?$DP?$DP@ 000000014000de24     pjmedia-x86_64-x64-vc14-release:audiodev.obj
 0002:00000e28       ??_C@_0CF@NNKJIABC@Unable?5to?5refresh?5device?5list?5f@ 000000014000de28     pjmedia-x86_64-x64-vc14-release:audiodev.obj
 0002:00000e50       ??_C@_04DAMGJPCA@file@     000000014000de50     pjmedia-x86_64-x64-vc14-release:wav_player.obj
 0002:00000e58       ??_C@_0DH@CJCCJAOK@actual?5value?$HMexpected?5riff?$DN?$CFx?$HM?$CF@ 000000014000de58     pjmedia-x86_64-x64-vc14-release:wav_player.obj
 0002:00000e90       ??_C@_0N@EAJPAIGO@wav_player?4c@ 000000014000de90     pjmedia-x86_64-x64-vc14-release:wav_player.obj
 0002:00000ea0       ??_C@_0EO@KJDBHFL@File?5player?5?8?$CF?4?$CKs?8?5created?3?5sam@ 000000014000dea0     pjmedia-x86_64-x64-vc14-release:wav_player.obj
 0002:00000ef0       ??_C@_0BD@LPPPNKOC@File?5port?5?$CF?4?$CKs?5EOF@ 000000014000def0     pjmedia-x86_64-x64-vc14-release:wav_player.obj
 0002:00000f08       ??_C@_0BL@OHCCHMIC@File?5port?5?$CF?4?$CKs?5rewinding?4?4@ 000000014000df08     pjmedia-x86_64-x64-vc14-release:wav_player.obj
 0002:00000f28       ??_C@_0DH@EDIEAILI@File?5writer?5?8?$CF?4?$CKs?8?5created?3?5sam@ 000000014000df28     pjmedia-x86_64-x64-vc14-release:wav_writer.obj
 0002:00000f60       ??_C@_0N@MCLOBLAH@wav_writer?4c@ 000000014000df60     pjmedia-x86_64-x64-vc14-release:wav_writer.obj
 0002:00000f70       ??_C@_0DH@LLDEKPNG@Lost?5event?5?$CFs?5from?5publisher?5?$FL0@ 000000014000df70     pjmedia-x86_64-x64-vc14-release:event.obj
 0002:00000fa8       ??_C@_07GLALFINI@event?4c@ 000000014000dfa8     pjmedia-x86_64-x64-vc14-release:event.obj
 0002:00000fb0       pjmedia_linear2ulaw_tab    000000014000dfb0     pjmedia-x86_64-x64-vc14-release:alaw_ulaw_table.obj
 0002:00004fb0       pjmedia_linear2alaw_tab    0000000140011fb0     pjmedia-x86_64-x64-vc14-release:alaw_ulaw_table.obj
 0002:00008fb0       pjmedia_ulaw2linear_tab    0000000140015fb0     pjmedia-x86_64-x64-vc14-release:alaw_ulaw_table.obj
 0002:000091b0       pjmedia_alaw2linear_tab    00000001400161b0     pjmedia-x86_64-x64-vc14-release:alaw_ulaw_table.obj
 0002:000093b0       ??_C@_04IFCNACLH@pj?$CFp@  00000001400163b0     pjlib-x86_64-x64-vc14-release:os_core_win32.obj
 0002:000093b8       ??_C@_0BA@NGJFHJA@PJLIB?1No?5memory@ 00000001400163b8     pjlib-x86_64-x64-vc14-release:os_core_win32.obj
 0002:000093c8       ??_C@_0BP@NGEKBPIB@pjlib?5?$CFs?5for?5win32?5initialized@ 00000001400163c8     pjlib-x86_64-x64-vc14-release:os_core_win32.obj
 0002:000093e8       ??_C@_0BA@FNCACAIG@os_core_win32?4c@ 00000001400163e8     pjlib-x86_64-x64-vc14-release:os_core_win32.obj
 0002:000093f8       ??_C@_0CI@EAKIIBBA@Main?5thread?5stack?5max?5usage?$DN?$CFu?5@ 00000001400163f8     pjlib-x86_64-x64-vc14-release:os_core_win32.obj
 0002:00009420       ??_C@_0HO@NIBMBENE@C?3?2Users?2WerBinIch?2Documents?2gi@ 0000000140016420     pjlib-x86_64-x64-vc14-release:os_core_win32.obj
 0002:000094a0       ??_C@_05KHEDLION@thr?$CFp@ 00000001400164a0     pjlib-x86_64-x64-vc14-release:os_core_win32.obj
 0002:000094a8       ??_C@_0CD@GPHECFNA@Thread?5stack?5max?5usage?$DN?$CFu?5by?5?$CFs@ 00000001400164a8     pjlib-x86_64-x64-vc14-release:os_core_win32.obj
 0002:000094cb       ??_C@_00CNPNBAHC@@         00000001400164cb     pjlib-x86_64-x64-vc14-release:os_core_win32.obj
 0002:000094cc       ??_C@_05EJDHHBFJ@mtx?$CFp@ 00000001400164cc     pjlib-x86_64-x64-vc14-release:os_core_win32.obj
 0002:000094e0       ??_C@_0HF@IEAAJLHC@C?3?2Users?2WerBinIch?2Documents?2gi@ 00000001400164e0     pjlib-x86_64-x64-vc14-release:pool.obj
 0002:00009560       ??_C@_0HN@GFOBEPN@C?3?2Users?2WerBinIch?2Documents?2gi@ 0000000140016560     pjlib-x86_64-x64-vc14-release:pool_caching.obj
 0002:000095e0       ??_C@_0M@IGFPEOLJ@cachingpool@ 00000001400165e0     pjlib-x86_64-x64-vc14-release:pool_caching.obj
 0002:000095f0       ??_C@_0DD@ECGDPCBA@Pool?5is?5not?5released?5by?5applica@ 00000001400165f0     pjlib-x86_64-x64-vc14-release:pool_caching.obj
 0002:00009628       ??_C@_0BH@BBPHJKOA@?5Dumping?5caching?5pool?3@ 0000000140016628     pjlib-x86_64-x64-vc14-release:pool_caching.obj
 0002:00009640       ??_C@_08COPEICHG@cachpool@ 0000000140016640     pjlib-x86_64-x64-vc14-release:pool_caching.obj
 0002:00009650       ??_C@_0CN@DOKPIIOH@?5?5?5Capacity?$DN?$CFu?0?5max_capacity?$DN?$CFu@ 0000000140016650     pjlib-x86_64-x64-vc14-release:pool_caching.obj
 0002:00009680       ??_C@_0BM@IDLDGCC@?5?5Dumping?5all?5active?5pools?3@ 0000000140016680     pjlib-x86_64-x64-vc14-release:pool_caching.obj
 0002:000096a0       ??_C@_0CA@MMLIKIEG@?5?5?5?$CF16s?3?5?$CF8d?5of?5?$CF8d?5?$CI?$CFd?$CF?$CF?$CJ?5used@ 00000001400166a0     pjlib-x86_64-x64-vc14-release:pool_caching.obj
 0002:000096c0       ??_C@_0CB@GKBJPDKG@?5?5Total?5?$CF9d?5of?5?$CF9d?5?$CI?$CFd?5?$CF?$CF?$CJ?5used@ 00000001400166c0     pjlib-x86_64-x64-vc14-release:pool_caching.obj
 0002:00009870       ??_C@_0BM@FLPPOGAG@Unknown?5Error?5?$CIPJ_EUNKNOWN?$CJ@ 0000000140016870     pjlib-x86_64-x64-vc14-release:errno.obj
 0002:00009890       ??_C@_0CA@DCLOOJGD@Pending?5operation?5?$CIPJ_EPENDING?$CJ@ 0000000140016890     pjlib-x86_64-x64-vc14-release:errno.obj
 0002:000098b0       ??_C@_0CO@GABEOAFF@Too?5many?5connecting?5sockets?5?$CIPJ@ 00000001400168b0     pjlib-x86_64-x64-vc14-release:errno.obj
 0002:000098e0       ??_C@_0CG@CBCJBJGD@Invalid?5value?5or?5argument?5?$CIPJ_E@ 00000001400168e0     pjlib-x86_64-x64-vc14-release:errno.obj
 0002:00009908       ??_C@_0CA@GJABNEKD@Name?5too?5long?5?$CIPJ_ENAMETOOLONG?$CJ@ 0000000140016908     pjlib-x86_64-x64-vc14-release:errno.obj
 0002:00009928       ??_C@_0BJ@JNKLPII@Not?5found?5?$CIPJ_ENOTFOUND?$CJ@ 0000000140016928     pjlib-x86_64-x64-vc14-release:errno.obj
 0002:00009948       ??_C@_0BO@GOLCMJKK@Not?5enough?5memory?5?$CIPJ_ENOMEM?$CJ@ 0000000140016948     pjlib-x86_64-x64-vc14-release:errno.obj
 0002:00009968       ??_C@_0BI@HHGDCAID@BUG?5DETECTED?$CB?5?$CIPJ_EBUG?$CJ@ 0000000140016968     pjlib-x86_64-x64-vc14-release:errno.obj
 0002:00009980       ??_C@_0CD@JOGIDHPJ@Operation?5timed?5out?5?$CIPJ_ETIMEDO@ 0000000140016980     pjlib-x86_64-x64-vc14-release:errno.obj
 0002:000099a8       ??_C@_0DF@MIFNAIHL@Too?5many?5objects?5of?5the?5specifi@ 00000001400169a8     pjlib-x86_64-x64-vc14-release:errno.obj
 0002:000099e0       ??_C@_0BK@OMPILOH@Object?5is?5busy?5?$CIPJ_EBUSY?$CJ@ 00000001400169e0     pjlib-x86_64-x64-vc14-release:errno.obj
 0002:00009a00       ??_C@_0CP@BAIBJOJE@Option?1operation?5is?5not?5support@ 0000000140016a00     pjlib-x86_64-x64-vc14-release:errno.obj
 0002:00009a30       ??_C@_0CC@OEEEEEML@Invalid?5operation?5?$CIPJ_EINVALIDO@ 0000000140016a30     pjlib-x86_64-x64-vc14-release:errno.obj
 0002:00009a58       ??_C@_0CE@KDDMJLGF@Operation?5cancelled?5?$CIPJ_ECANCEL@ 0000000140016a58     pjlib-x86_64-x64-vc14-release:errno.obj
 0002:00009a80       ??_C@_0CD@LODOFNLC@Object?5already?5exists?5?$CIPJ_EEXIS@ 0000000140016a80     pjlib-x86_64-x64-vc14-release:errno.obj
 0002:00009aa8       ??_C@_0BG@GMBDFNLN@End?5of?5file?5?$CIPJ_EEOF?$CJ@ 0000000140016aa8     pjlib-x86_64-x64-vc14-release:errno.obj
 0002:00009ac0       ??_C@_0BN@PCCNBFLN@Size?5is?5too?5big?5?$CIPJ_ETOOBIG?$CJ@ 0000000140016ac0     pjlib-x86_64-x64-vc14-release:errno.obj
 0002:00009ae0       ??_C@_0DB@FDCHLEID@gethostbyname?$CI?$CJ?5has?5returned?5er@ 0000000140016ae0     pjlib-x86_64-x64-vc14-release:errno.obj
 0002:00009b18       ??_C@_0CB@MGGLJMNO@Size?5is?5too?5short?5?$CIPJ_ETOOSMALL@ 0000000140016b18     pjlib-x86_64-x64-vc14-release:errno.obj
 0002:00009b40       ??_C@_0BG@NBDJGAFI@Ignored?5?$CIPJ_EIGNORED?$CJ@ 0000000140016b40     pjlib-x86_64-x64-vc14-release:errno.obj
 0002:00009b58       ??_C@_0CH@OGOOBJBE@IPv6?5is?5not?5supported?5?$CIPJ_EIPV6@ 0000000140016b58     pjlib-x86_64-x64-vc14-release:errno.obj
 0002:00009b80       ??_C@_0CK@DJAHHNOI@Unsupported?5address?5family?5?$CIPJ_@ 0000000140016b80     pjlib-x86_64-x64-vc14-release:errno.obj
 0002:00009bb0       ??_C@_0CD@PDGCJOJH@Object?5no?5longer?5exists?5?$CIPJ_EGO@ 0000000140016bb0     pjlib-x86_64-x64-vc14-release:errno.obj
 0002:00009bd8       ??_C@_0CI@LBHALONI@Socket?5is?5in?5bad?5state?5?$CIPJ_ESOC@ 0000000140016bd8     pjlib-x86_64-x64-vc14-release:errno.obj
 0002:00009c00       ??_C@_0BH@ONDLFCEA@Unknown?5pjlib?5error?5?$CFd@ 0000000140016c00     pjlib-x86_64-x64-vc14-release:errno.obj
 0002:00009c18       ??_C@_07PBILKAFL@Success@  0000000140016c18     pjlib-x86_64-x64-vc14-release:errno.obj
 0002:00009c20       ??_C@_0BB@BIKLJNJD@Unknown?5error?5?$CFd@ 0000000140016c20     pjlib-x86_64-x64-vc14-release:errno.obj
 0002:00009c34       ??_C@_05NAOIJFC@Error@     0000000140016c34     pjlib-x86_64-x64-vc14-release:errno.obj
 0002:00009c3c       ??_C@_06DJHOIPC@?$CFs?3?5?$CFs@ 0000000140016c3c     pjlib-x86_64-x64-vc14-release:errno.obj
 0002:00009c44       ??_C@_06DDFOEFIF@FATAL?3@  0000000140016c44     pjlib-x86_64-x64-vc14-release:log.obj
 0002:00009c4c       ??_C@_06PONDCDME@ERROR?3@  0000000140016c4c     pjlib-x86_64-x64-vc14-release:log.obj
 0002:00009c54       ??_C@_06OHJPOJDB@?5WARN?3@ 0000000140016c54     pjlib-x86_64-x64-vc14-release:log.obj
 0002:00009c5c       ??_C@_06ICKKLHPE@?5INFO?3@ 0000000140016c5c     pjlib-x86_64-x64-vc14-release:log.obj
 0002:00009c64       ??_C@_06DNOFLLB@DEBUG?3@   0000000140016c64     pjlib-x86_64-x64-vc14-release:log.obj
 0002:00009c6c       ??_C@_06ELIFFDKB@TRACE?3@  0000000140016c6c     pjlib-x86_64-x64-vc14-release:log.obj
 0002:00009c74       ??_C@_06HGKAKJPG@DETRC?3@  0000000140016c74     pjlib-x86_64-x64-vc14-release:log.obj
 0002:00009c7c       ??_C@_03KOEHGMDN@Sun@      0000000140016c7c     pjlib-x86_64-x64-vc14-release:log.obj
 0002:00009c80       ??_C@_03PDAGKDH@Mon@       0000000140016c80     pjlib-x86_64-x64-vc14-release:log.obj
 0002:00009c84       ??_C@_03NAGEINEP@Tue@      0000000140016c84     pjlib-x86_64-x64-vc14-release:log.obj
 0002:00009c88       ??_C@_03MHOMLAJA@Wed@      0000000140016c88     pjlib-x86_64-x64-vc14-release:log.obj
 0002:00009c8c       ??_C@_03IOFIKPDN@Thu@      0000000140016c8c     pjlib-x86_64-x64-vc14-release:log.obj
 0002:00009c90       ??_C@_03IDIOELNC@Fri@      0000000140016c90     pjlib-x86_64-x64-vc14-release:log.obj
 0002:00009c94       ??_C@_03FEFJNEK@Sat@       0000000140016c94     pjlib-x86_64-x64-vc14-release:log.obj
 0002:00009ca0       ??_C@_0HE@ONAIBOBI@C?3?2Users?2WerBinIch?2Documents?2gi@ 0000000140016ca0     pjlib-x86_64-x64-vc14-release:log.obj
 0002:00009d18       ??_C@_0BO@BGMDCDKP@?$DMlogging?5error?3?5msg?5too?5long?$DO@ 0000000140016d18     pjlib-x86_64-x64-vc14-release:log.obj
 0002:00009d40       ??_C@_0ID@HEJLABNJ@C?3?2Users?2WerBinIch?2Documents?2gi@ 0000000140016d40     pjlib-x86_64-x64-vc14-release:pool_policy_malloc.obj
 0002:00009dc8       __real@3ff0000000000000    0000000140016dc8     pjlib-x86_64-x64-vc14-release:os_timestamp_common.obj
 0002:00009dd0       __real@412e848000000000    0000000140016dd0     pjlib-x86_64-x64-vc14-release:os_timestamp_common.obj
 0002:00009de0       ??_C@_0HH@JPNODECN@C?3?2Users?2WerBinIch?2Documents?2gi@ 0000000140016de0     pjlib-x86_64-x64-vc14-release:string.obj
 0002:0000a180       ??_C@_0CD@FNMHLHMI@Interrupted?5system?5call?5?$CIWSAEIN@ 0000000140017180     pjlib-x86_64-x64-vc14-release:os_error_win32.obj
 0002:0000a1a8       ??_C@_0BL@OKPDNKLH@Bad?5file?5number?5?$CIWSAEBADF?$CJ@ 00000001400171a8     pjlib-x86_64-x64-vc14-release:os_error_win32.obj
 0002:0000a1c8       ??_C@_0BO@BMBEEPBP@Permission?5denied?5?$CIWSAEACCES?$CJ@ 00000001400171c8     pjlib-x86_64-x64-vc14-release:os_error_win32.obj
 0002:0000a1e8       ??_C@_0BI@LAKHPJJ@Bad?5address?5?$CIWSAEFAULT?$CJ@ 00000001400171e8     pjlib-x86_64-x64-vc14-release:os_error_win32.obj
 0002:0000a200       ??_C@_0BN@FEIDINKH@Invalid?5argument?5?$CIWSAEINVAL?$CJ@ 0000000140017200     pjlib-x86_64-x64-vc14-release:os_error_win32.obj
 0002:0000a220       ??_C@_0CC@HMKKNDGL@Too?5many?5open?5sockets?5?$CIWSAEMFIL@ 0000000140017220     pjlib-x86_64-x64-vc14-release:os_error_win32.obj
 0002:0000a248       ??_C@_0CH@GCPPFMGM@Operation?5would?5block?5?$CIWSAEWOUL@ 0000000140017248     pjlib-x86_64-x64-vc14-release:os_error_win32.obj
 0002:0000a270       ??_C@_0CL@DKGHEPCD@Operation?5now?5in?5progress?5?$CIWSAE@ 0000000140017270     pjlib-x86_64-x64-vc14-release:os_error_win32.obj
 0002:0000a2a0       ??_C@_0CM@BEMCBKDH@Operation?5already?5in?5progress?5?$CI@ 00000001400172a0     pjlib-x86_64-x64-vc14-release:os_error_win32.obj
 0002:0000a2d0       ??_C@_0CN@PAFKDEBN@Socket?5operation?5on?5non?9socket?5@ 00000001400172d0     pjlib-x86_64-x64-vc14-release:os_error_win32.obj
 0002:0000a300       ??_C@_0CP@HCDICECK@Destination?5address?5required?5?$CIW@ 0000000140017300     pjlib-x86_64-x64-vc14-release:os_error_win32.obj
 0002:0000a330       ??_C@_0BP@LNFPBFEK@Message?5too?5long?5?$CIWSAEMSGSIZE?$CJ@ 0000000140017330     pjlib-x86_64-x64-vc14-release:os_error_win32.obj
 0002:0000a350       ??_C@_0CP@MMIMIEMF@Protocol?5wrong?5type?5for?5socket?5@ 0000000140017350     pjlib-x86_64-x64-vc14-release:os_error_win32.obj
 0002:0000a380       ??_C@_0CF@HNFLHOHA@Bad?5protocol?5option?5?$CIWSAENOPROT@ 0000000140017380     pjlib-x86_64-x64-vc14-release:os_error_win32.obj
 0002:0000a3a8       ??_C@_0CM@HPGHEHCE@Protocol?5not?5supported?5?$CIWSAEPRO@ 00000001400173a8     pjlib-x86_64-x64-vc14-release:os_error_win32.obj
 0002:0000a3d8       ??_C@_0CP@JLBNHCOL@Socket?5type?5not?5supported?5?$CIWSAE@ 00000001400173d8     pjlib-x86_64-x64-vc14-release:os_error_win32.obj
 0002:0000a408       ??_C@_0DC@GJMFANID@Operation?5not?5supported?5on?5sock@ 0000000140017408     pjlib-x86_64-x64-vc14-release:os_error_win32.obj
 0002:0000a440       ??_C@_0DA@GFNBENIG@Protocol?5family?5not?5supported?5?$CI@ 0000000140017440     pjlib-x86_64-x64-vc14-release:os_error_win32.obj
 0002:0000a470       ??_C@_0CP@MMKHGIFC@Address?5family?5not?5supported?5?$CIW@ 0000000140017470     pjlib-x86_64-x64-vc14-release:os_error_win32.obj
 0002:0000a4a0       ??_C@_0CH@OCKNFBKE@Address?5already?5in?5use?5?$CIWSAEADD@ 00000001400174a0     pjlib-x86_64-x64-vc14-release:os_error_win32.obj
 0002:0000a4c8       ??_C@_0DC@FJJPJPOD@Can?8t?5assign?5requested?5address?5@ 00000001400174c8     pjlib-x86_64-x64-vc14-release:os_error_win32.obj
 0002:0000a500       ??_C@_0BO@IICKDHLJ@Network?5is?5down?5?$CIWSAENETDOWN?$CJ@ 0000000140017500     pjlib-x86_64-x64-vc14-release:os_error_win32.obj
 0002:0000a520       ??_C@_0CI@NKJAACME@Network?5is?5unreachable?5?$CIWSAENET@ 0000000140017520     pjlib-x86_64-x64-vc14-release:os_error_win32.obj
 0002:0000a548       ??_C@_0CE@LJEEEFEC@Net?5connection?5reset?5?$CIWSAENETRE@ 0000000140017548     pjlib-x86_64-x64-vc14-release:os_error_win32.obj
 0002:0000a570       ??_C@_0DD@PGDIHOBG@Software?5caused?5connection?5abor@ 0000000140017570     pjlib-x86_64-x64-vc14-release:os_error_win32.obj
 0002:0000a5a8       ??_C@_0CJ@PJHCFAAN@Connection?5reset?5by?5peer?5?$CIWSAEC@ 00000001400175a8     pjlib-x86_64-x64-vc14-release:os_error_win32.obj
 0002:0000a5d8       ??_C@_0CH@EKNGIMKN@No?5buffer?5space?5available?5?$CIWSAE@ 00000001400175d8     pjlib-x86_64-x64-vc14-release:os_error_win32.obj
 0002:0000a600       ??_C@_0CJ@JOPBNNOD@Socket?5is?5already?5connected?5?$CIWS@ 0000000140017600     pjlib-x86_64-x64-vc14-release:os_error_win32.obj
 0002:0000a630       ??_C@_0CG@CECDMHLL@Socket?5is?5not?5connected?5?$CIWSAENO@ 0000000140017630     pjlib-x86_64-x64-vc14-release:os_error_win32.obj
 0002:0000a658       ??_C@_0DA@JGJMJPNM@Can?8t?5send?5after?5socket?5shutdow@ 0000000140017658     pjlib-x86_64-x64-vc14-release:os_error_win32.obj
 0002:0000a688       ??_C@_0DE@CAILNFFE@Too?5many?5references?0?5can?8t?5spli@ 0000000140017688     pjlib-x86_64-x64-vc14-release:os_error_win32.obj
 0002:0000a6c0       ??_C@_0CE@IIKHBGF@Connection?5timed?5out?5?$CIWSAETIMED@ 00000001400176c0     pjlib-x86_64-x64-vc14-release:os_error_win32.obj
 0002:0000a6e8       ??_C@_0CF@JMKFBJH@Connection?5refused?5?$CIWSAECONNREF@ 00000001400176e8     pjlib-x86_64-x64-vc14-release:os_error_win32.obj
 0002:0000a710       ??_C@_0CN@FCKBNFMB@Too?5many?5levels?5of?5symbolic?5lin@ 0000000140017710     pjlib-x86_64-x64-vc14-release:os_error_win32.obj
 0002:0000a740       ??_C@_0CF@MOFKOMBB@File?5name?5too?5long?5?$CIWSAENAMETOO@ 0000000140017740     pjlib-x86_64-x64-vc14-release:os_error_win32.obj
 0002:0000a768       ??_C@_0BM@NCJCEEDP@Host?5is?5down?5?$CIWSAEHOSTDOWN?$CJ@ 0000000140017768     pjlib-x86_64-x64-vc14-release:os_error_win32.obj
 0002:0000a788       ??_C@_0CD@ECJOJHBH@No?5route?5to?5host?5?$CIWSAEHOSTUNREA@ 0000000140017788     pjlib-x86_64-x64-vc14-release:os_error_win32.obj
 0002:0000a7b0       ??_C@_0CD@NEFLEHEG@Directory?5not?5empty?5?$CIWSAENOTEMP@ 00000001400177b0     pjlib-x86_64-x64-vc14-release:os_error_win32.obj
 0002:0000a7d8       ??_C@_0CB@GPCGLHOJ@Too?5many?5processes?5?$CIWSAEPROCLIM@ 00000001400177d8     pjlib-x86_64-x64-vc14-release:os_error_win32.obj
 0002:0000a800       ??_C@_0BL@IGHJMJKO@Too?5many?5users?5?$CIWSAEUSERS?$CJ@ 0000000140017800     pjlib-x86_64-x64-vc14-release:os_error_win32.obj
 0002:0000a820       ??_C@_0CA@MIOFDKMA@Disc?5quota?5exceeded?5?$CIWSAEDQUOT?$CJ@ 0000000140017820     pjlib-x86_64-x64-vc14-release:os_error_win32.obj
 0002:0000a840       ??_C@_0CC@IMLIDHNH@Stale?5NFS?5file?5handle?5?$CIWSAESTAL@ 0000000140017840     pjlib-x86_64-x64-vc14-release:os_error_win32.obj
 0002:0000a868       ??_C@_0CP@MLAFGPOA@Too?5many?5levels?5of?5remote?5in?5pa@ 0000000140017868     pjlib-x86_64-x64-vc14-release:os_error_win32.obj
 0002:0000a898       ??_C@_0CP@IBAEMKGH@Network?5system?5is?5unavailable?5?$CI@ 0000000140017898     pjlib-x86_64-x64-vc14-release:os_error_win32.obj
 0002:0000a8c8       ??_C@_0DC@BLAKHMMJ@Winsock?5version?5out?5of?5range?5?$CIW@ 00000001400178c8     pjlib-x86_64-x64-vc14-release:os_error_win32.obj
 0002:0000a900       ??_C@_0CO@HPDHHDHA@WSAStartup?5not?5yet?5called?5?$CIWSAN@ 0000000140017900     pjlib-x86_64-x64-vc14-release:os_error_win32.obj
 0002:0000a930       ??_C@_0CL@GFDHEKLB@Graceful?5shutdown?5in?5progress?5?$CI@ 0000000140017930     pjlib-x86_64-x64-vc14-release:os_error_win32.obj
 0002:0000a960       ??_C@_0CD@OEALOMDH@Host?5not?5found?5?$CIWSAHOST_NOT_FOU@ 0000000140017960     pjlib-x86_64-x64-vc14-release:os_error_win32.obj
 0002:0000a988       ??_C@_0DB@KFPHELLI@No?5host?5data?5of?5that?5type?5was?5f@ 0000000140017988     pjlib-x86_64-x64-vc14-release:os_error_win32.obj
 0002:0000a9c0       ??_C@_0BE@JPHLLAEM@Win32?5error?5code?5?$CFu@ 00000001400179c0     pjlib-x86_64-x64-vc14-release:os_error_win32.obj
 0002:0000a9d4       PJ_GUID_STRING_LENGTH      00000001400179d4     pjlib-x86_64-x64-vc14-release:guid_win32.obj
 0002:0000a9e0       ??_C@_0HL@CBGAAIJG@C?3?2Users?2WerBinIch?2Documents?2gi@ 00000001400179e0     pjlib-x86_64-x64-vc14-release:guid_win32.obj
 0002:0000aa60       ??_C@_0CD@KFHCCJFN@?$CB?$CB?$CBFATAL?3?5unhandled?5exception?5?$CF@ 0000000140017a60     pjlib-x86_64-x64-vc14-release:except.obj
 0002:0000aa88       ??_C@_08PDFMOJIE@except?4c@ 0000000140017a88     pjlib-x86_64-x64-vc14-release:except.obj
 0002:0000aa98       ??_C@_0N@GJOLEKJC@?$DMInvalid?5ID?$DO@ 0000000140017a98     pjlib-x86_64-x64-vc14-release:except.obj
 0002:0000aaa8       ??_C@_0N@LJPLLMIL@exception?5?$CFd@ 0000000140017aa8     pjlib-x86_64-x64-vc14-release:except.obj
 0002:0000aab8       ??_C@_08DOCHLGNA@config?4c@ 0000000140017ab8     pjlib-x86_64-x64-vc14-release:config.obj
 0002:0000aac4       ??_C@_04FIDOICFN@2?410@    0000000140017ac4     pjlib-x86_64-x64-vc14-release:config.obj
 0002:0000aad0       ??_C@_0IC@EGBMPJBH@C?3?2Users?2WerBinIch?2Documents?2gi@ 0000000140017ad0     pjlib-x86_64-x64-vc14-release:log_writer_stdout.obj
 0002:0000ab54       ??_C@_02DKCKIIND@?$CFs@    0000000140017b54     pjlib-x86_64-x64-vc14-release:log_writer_stdout.obj
 0002:0000ab58       PJ_AF_UNSPEC               0000000140017b58     pjlib-x86_64-x64-vc14-release:sock_bsd.obj
 0002:0000ab5c       PJ_AF_UNIX                 0000000140017b5c     pjlib-x86_64-x64-vc14-release:sock_bsd.obj
 0002:0000ab60       PJ_AF_INET                 0000000140017b60     pjlib-x86_64-x64-vc14-release:sock_bsd.obj
 0002:0000ab64       PJ_AF_INET6                0000000140017b64     pjlib-x86_64-x64-vc14-release:sock_bsd.obj
 0002:0000ab68       PJ_AF_PACKET               0000000140017b68     pjlib-x86_64-x64-vc14-release:sock_bsd.obj
 0002:0000ab6c       PJ_AF_IRDA                 0000000140017b6c     pjlib-x86_64-x64-vc14-release:sock_bsd.obj
 0002:0000ab70       PJ_SOCK_STREAM             0000000140017b70     pjlib-x86_64-x64-vc14-release:sock_bsd.obj
 0002:0000ab74       PJ_SOCK_DGRAM              0000000140017b74     pjlib-x86_64-x64-vc14-release:sock_bsd.obj
 0002:0000ab78       PJ_SOCK_RAW                0000000140017b78     pjlib-x86_64-x64-vc14-release:sock_bsd.obj
 0002:0000ab7c       PJ_SOCK_RDM                0000000140017b7c     pjlib-x86_64-x64-vc14-release:sock_bsd.obj
 0002:0000ab80       PJ_SOL_SOCKET              0000000140017b80     pjlib-x86_64-x64-vc14-release:sock_bsd.obj
 0002:0000ab84       PJ_SOL_IP                  0000000140017b84     pjlib-x86_64-x64-vc14-release:sock_bsd.obj
 0002:0000ab88       PJ_SOL_TCP                 0000000140017b88     pjlib-x86_64-x64-vc14-release:sock_bsd.obj
 0002:0000ab8c       PJ_SOL_UDP                 0000000140017b8c     pjlib-x86_64-x64-vc14-release:sock_bsd.obj
 0002:0000ab90       PJ_SOL_IPV6                0000000140017b90     pjlib-x86_64-x64-vc14-release:sock_bsd.obj
 0002:0000ab94       PJ_IP_TOS                  0000000140017b94     pjlib-x86_64-x64-vc14-release:sock_bsd.obj
 0002:0000ab98       PJ_IPTOS_LOWDELAY          0000000140017b98     pjlib-x86_64-x64-vc14-release:sock_bsd.obj
 0002:0000ab9c       PJ_IPTOS_THROUGHPUT        0000000140017b9c     pjlib-x86_64-x64-vc14-release:sock_bsd.obj
 0002:0000aba0       PJ_IPTOS_RELIABILITY       0000000140017ba0     pjlib-x86_64-x64-vc14-release:sock_bsd.obj
 0002:0000aba4       PJ_IPTOS_MINCOST           0000000140017ba4     pjlib-x86_64-x64-vc14-release:sock_bsd.obj
 0002:0000aba8       PJ_IPV6_TCLASS             0000000140017ba8     pjlib-x86_64-x64-vc14-release:sock_bsd.obj
 0002:0000abac       PJ_SO_TYPE                 0000000140017bac     pjlib-x86_64-x64-vc14-release:sock_bsd.obj
 0002:0000abb0       PJ_SO_RCVBUF               0000000140017bb0     pjlib-x86_64-x64-vc14-release:sock_bsd.obj
 0002:0000abb4       PJ_SO_SNDBUF               0000000140017bb4     pjlib-x86_64-x64-vc14-release:sock_bsd.obj
 0002:0000abb8       PJ_TCP_NODELAY             0000000140017bb8     pjlib-x86_64-x64-vc14-release:sock_bsd.obj
 0002:0000abbc       PJ_SO_REUSEADDR            0000000140017bbc     pjlib-x86_64-x64-vc14-release:sock_bsd.obj
 0002:0000abc0       PJ_SO_NOSIGPIPE            0000000140017bc0     pjlib-x86_64-x64-vc14-release:sock_bsd.obj
 0002:0000abc4       PJ_SO_PRIORITY             0000000140017bc4     pjlib-x86_64-x64-vc14-release:sock_bsd.obj
 0002:0000abc8       PJ_IP_MULTICAST_IF         0000000140017bc8     pjlib-x86_64-x64-vc14-release:sock_bsd.obj
 0002:0000abcc       PJ_IP_MULTICAST_TTL        0000000140017bcc     pjlib-x86_64-x64-vc14-release:sock_bsd.obj
 0002:0000abd0       PJ_IP_MULTICAST_LOOP       0000000140017bd0     pjlib-x86_64-x64-vc14-release:sock_bsd.obj
 0002:0000abd4       PJ_IP_ADD_MEMBERSHIP       0000000140017bd4     pjlib-x86_64-x64-vc14-release:sock_bsd.obj
 0002:0000abd8       PJ_IP_DROP_MEMBERSHIP      0000000140017bd8     pjlib-x86_64-x64-vc14-release:sock_bsd.obj
 0002:0000abdc       PJ_MSG_OOB                 0000000140017bdc     pjlib-x86_64-x64-vc14-release:sock_bsd.obj
 0002:0000abe0       PJ_MSG_PEEK                0000000140017be0     pjlib-x86_64-x64-vc14-release:sock_bsd.obj
 0002:0000abe4       PJ_MSG_DONTROUTE           0000000140017be4     pjlib-x86_64-x64-vc14-release:sock_bsd.obj
 0002:0000ac00       __xmm@ffffffffffffffffffffffffffffffff 0000000140017c00     MSVCRT:utility.obj
 0002:0000ac30       _load_config_used          0000000140017c30     MSVCRT:loadcfg.obj
 0002:0000ad80       __volatile_metadata        0000000140017d80     <linker-defined>
 0002:0000b048       __rtc_iaa                  0000000140018048     MSVCRT:initsect.obj
 0002:0000b050       __rtc_izz                  0000000140018050     MSVCRT:initsect.obj
 0002:0000b058       __rtc_taa                  0000000140018058     MSVCRT:initsect.obj
 0002:0000b060       __rtc_tzz                  0000000140018060     MSVCRT:initsect.obj
 0002:0000be94       __IMPORT_DESCRIPTOR_ole32  0000000140018e94     ole32:ole32.dll
 0002:0000bea8       __IMPORT_DESCRIPTOR_WS2_32 0000000140018ea8     ws2_32:WS2_32.dll
 0002:0000bebc       __IMPORT_DESCRIPTOR_WINMM  0000000140018ebc     winmm:WINMM.dll
 0002:0000bed0       __IMPORT_DESCRIPTOR_KERNEL32 0000000140018ed0     kernel32:KERNEL32.dll
 0002:0000bee4       __IMPORT_DESCRIPTOR_VCRUNTIME140 0000000140018ee4     vcruntime:VCRUNTIME140.dll
 0002:0000bef8       __IMPORT_DESCRIPTOR_api-ms-win-crt-stdio-l1-1-0 0000000140018ef8     ucrt:api-ms-win-crt-stdio-l1-1-0.dll
 0002:0000bf0c       __IMPORT_DESCRIPTOR_api-ms-win-crt-string-l1-1-0 0000000140018f0c     ucrt:api-ms-win-crt-string-l1-1-0.dll
 0002:0000bf20       __IMPORT_DESCRIPTOR_api-ms-win-crt-heap-l1-1-0 0000000140018f20     ucrt:api-ms-win-crt-heap-l1-1-0.dll
 0002:0000bf34       __IMPORT_DESCRIPTOR_api-ms-win-crt-math-l1-1-0 0000000140018f34     ucrt:api-ms-win-crt-math-l1-1-0.dll
 0002:0000bf48       __IMPORT_DESCRIPTOR_api-ms-win-crt-runtime-l1-1-0 0000000140018f48     ucrt:api-ms-win-crt-runtime-l1-1-0.dll
 0002:0000bf5c       __IMPORT_DESCRIPTOR_api-ms-win-crt-locale-l1-1-0 0000000140018f5c     ucrt:api-ms-win-crt-locale-l1-1-0.dll
 0002:0000bf70       __NULL_IMPORT_DESCRIPTOR   0000000140018f70     ole32:ole32.dll
 0003:00000f68       pj_pool_factory_default_policy 000000014001af68     pjlib-x86_64-x64-vc14-release:pool_policy_malloc.obj
 0003:00000fa0       PJ_VERSION                 000000014001afa0     pjlib-x86_64-x64-vc14-release:config.obj
 0003:00001030       __security_cookie_complement 000000014001b030     MSVCRT:gs_cookie.obj
 0003:00001038       __security_cookie          000000014001b038     MSVCRT:gs_cookie.obj
 0003:00001040       _fltused                   000000014001b040     MSVCRT:fltused.obj
 0003:00001050       __scrt_native_dllmain_reason 000000014001b050     MSVCRT:utility.obj
 0003:00001054       __scrt_default_matherr     000000014001b054     MSVCRT:matherr.obj
 0003:00001058       __isa_available            000000014001b058     MSVCRT:cpu_disp.obj
 0003:0000105c       __isa_enabled              000000014001b05c     MSVCRT:cpu_disp.obj
 0003:00001060       __memcpy_nt_iters          000000014001b060     MSVCRT:cpu_disp.obj
 0003:00001068       __memset_nt_iters          000000014001b068     MSVCRT:cpu_disp.obj
 0003:00001070       __scrt_ucrt_dll_is_in_use  000000014001b070     MSVCRT:ucrt_stubs.obj
 0003:000028d0       __scrt_current_native_startup_state 000000014001c8d0     MSVCRT:utility.obj
 0003:000028d8       __scrt_native_startup_lock 000000014001c8d8     MSVCRT:utility.obj
 0003:00002920       ?__type_info_root_node@@3U__type_info_node@@A 000000014001c920     MSVCRT:tncleanup.obj
 0003:00002930       __scrt_debugger_hook_flag  000000014001c930     MSVCRT:utility_desktop.obj
 0003:00002938       __castguard_check_failure_os_handled_fptr 000000014001c938     MSVCRT:guard_support.obj
 0003:00002940       __favor                    000000014001c940     MSVCRT:cpu_disp.obj
 0003:00002948       ?_OptionsStorage@?1??__local_stdio_scanf_options@@9@9 000000014001c948     <common>
 0003:00002950       ?_OptionsStorage@?1??__local_stdio_printf_options@@9@9 000000014001c950     <common>
 0003:00002958       PJ_NO_MEMORY_EXCEPTION     000000014001c958     <common>
 0003:00002960       __dyn_tls_dtor_callback    000000014001c960     <common>
 0003:00002968       __dyn_tls_init_callback    000000014001c968     <common>

 entry point at        0001:0000a830

 Static symbols

 0002:ffff3000       .idata$6                   0000000140000000     ucrt:api-ms-win-crt-utility-l1-1-0.dll
 0001:00000000       PJMEDIA_SPF                0000000140001000 f   auddemo.obj
 0001:00000030       PJMEDIA_AFD_SPF            0000000140001030 f   auddemo.obj
 0001:00000060       PJMEDIA_PIA_SRATE          0000000140001060 f   auddemo.obj
 0001:00000070       PJMEDIA_PIA_CCNT           0000000140001070 f   auddemo.obj
 0001:00000080       PJMEDIA_PIA_BITS           0000000140001080 f   auddemo.obj
 0001:00000090       PJMEDIA_PIA_SPF            0000000140001090 f   auddemo.obj
 0001:000000c0       app_perror                 00000001400010c0 f   auddemo.obj
 0001:00000140       list_devices               0000000140001140 f   auddemo.obj
[...]
 0002:0000bd2c       $unwind$pj_lock_create_simple_mutex 0000000140018d2c     pjlib-x86_64-x64-vc14-release:lock.obj
 0002:0000bd3c       $chain$0$pj_lock_create_simple_mutex 0000000140018d3c     pjlib-x86_64-x64-vc14-release:lock.obj
 0002:0000bd50       $chain$2$pj_lock_create_simple_mutex 0000000140018d50     pjlib-x86_64-x64-vc14-release:lock.obj
 0002:0000bd64       $chain$3$pj_lock_create_simple_mutex 0000000140018d64     pjlib-x86_64-x64-vc14-release:lock.obj
 0002:0000bd74       $unwind$pj_pool_create_on_buf 0000000140018d74     pjlib-x86_64-x64-vc14-release:pool_buf.obj
 0002:0000bd84       $unwind$pj_gettimeofday    0000000140018d84     pjlib-x86_64-x64-vc14-release:os_time_win32.obj
 0002:0000bd98       $unwind$pj_time_decode     0000000140018d98     pjlib-x86_64-x64-vc14-release:os_time_win32.obj
 0002:0000bdac       $unwind$__GSHandlerCheckCommon 0000000140018dac     MSVCRT:gshandler.obj
 0002:0000bdb8       $xdatasym                  0000000140018db8     MSVCRT:amdsecgs.obj
 0002:0000bdbc       $unwind$?__scrt_common_main_seh@@YAHXZ 0000000140018dbc     MSVCRT:exe_main.obj
 0002:0000bdf4       $unwind$?filt$0@?0??__scrt_common_main_seh@@YAHXZ@4HA 0000000140018df4     MSVCRT:exe_main.obj
 0002:0000bdfc       $unwind$__report_securityfailure 0000000140018dfc     MSVCRT:gs_report.obj
 0002:0000be04       $unwind$__report_gsfailure 0000000140018e04     MSVCRT:gs_report.obj
 0002:0000be0c       $unwind$capture_current_context 0000000140018e0c     MSVCRT:gs_report.obj
 0002:0000be18       $unwind$capture_previous_context 0000000140018e18     MSVCRT:gs_report.obj
 0002:0000be28       $xdatasym                  0000000140018e28     MSVCRT:chkstk.obj
 0002:0000be30       $unwind$__scrt_is_nonwritable_in_current_image 0000000140018e30     MSVCRT:utility.obj
 0002:0000be50       $unwind$__scrt_is_nonwritable_in_current_image$filt$0 0000000140018e50     MSVCRT:utility.obj
 0002:0000be58       $unwind$__security_init_cookie 0000000140018e58     MSVCRT:gs_support.obj
 0002:0000be64       $unwind$__scrt_fastfail    0000000140018e64     MSVCRT:utility_desktop.obj
 0002:0000be74       $unwind$__isa_available_init 0000000140018e74     MSVCRT:cpu_disp.obj
 0002:0000be88       $xdatasym                  0000000140018e88     MSVCRT:guard_dispatch.obj
 0002:0000be90       $xdatasym                  0000000140018e90     MSVCRT:guard_xfg_dispatch.obj
 0002:0000c398       .idata$6                   0000000140019398     ole32:ole32.dll
 0002:0000c3a2       .idata$6                   00000001400193a2     ws2_32:WS2_32.dll
 0002:0000c56e       .idata$6                   000000014001956e     winmm:WINMM.dll
 0002:0000c922       .idata$6                   0000000140019922     kernel32:KERNEL32.dll
 0002:0000c9a4       .idata$6                   00000001400199a4     vcruntime:VCRUNTIME140.dll
 0002:0000cbfe       .idata$6                   0000000140019bfe     ucrt:api-ms-win-crt-stdio-l1-1-0.dll
 0002:0000cc1e       .idata$6                   0000000140019c1e     ucrt:api-ms-win-crt-string-l1-1-0.dll
 0002:0000cc40       .idata$6                   0000000140019c40     ucrt:api-ms-win-crt-heap-l1-1-0.dll
 0002:0000cc60       .idata$6                   0000000140019c60     ucrt:api-ms-win-crt-math-l1-1-0.dll
 0002:0000cc80       .idata$6                   0000000140019c80     ucrt:api-ms-win-crt-runtime-l1-1-0.dll
 0002:0000cca2       .idata$6                   0000000140019ca2     ucrt:api-ms-win-crt-locale-l1-1-0.dll
 0003:00000000       playback_lat               000000014001a000     auddemo.obj
 0003:00000004       capture_lat                000000014001a004     auddemo.obj
 0003:00000008       $SG26562                   000000014001a008     auddemo.obj
 0003:00000020       $SG26583                   000000014001a020     auddemo.obj
 0003:00000034       $SG26607                   000000014001a034     auddemo.obj
 0003:00000038       $SG26584                   000000014001a038     auddemo.obj
 0003:00000044       $SG26666                   000000014001a044     auddemo.obj
 0003:00000048       $SG26586                   000000014001a048     auddemo.obj
 0003:0000005c       $SG26674                   000000014001a05c     auddemo.obj
 0003:00000064       $SG26704                   000000014001a064     auddemo.obj
 0003:00000068       $SG26587                   000000014001a068     auddemo.obj
 0003:00000074       $SG26705                   000000014001a074     auddemo.obj
 0003:00000078       $SG26590                   000000014001a078     auddemo.obj
 0003:00000090       $SG26591                   000000014001a090     auddemo.obj
 0003:0000009c       $SG26791                   000000014001a09c     auddemo.obj
 0003:000000a4       $SG26829                   000000014001a0a4     auddemo.obj
 0003:000000a8       $SG26655                   000000014001a0a8     auddemo.obj
 0003:000000c0       $SG26656                   000000014001a0c0     auddemo.obj
 0003:000000cc       $SG26792                   000000014001a0cc     auddemo.obj
 0003:000000d4       $SG26877                   000000014001a0d4     auddemo.obj
 0003:000000d8       $SG26658                   000000014001a0d8     auddemo.obj
 0003:000000fc       $SG26693                   000000014001a0fc     auddemo.obj
 0003:00000104       $SG26964                   000000014001a104     auddemo.obj
 0003:00000108       $SG26660                   000000014001a108     auddemo.obj
 0003:00000120       $SG26661                   000000014001a120     auddemo.obj
 0003:00000130       $SG26663                   000000014001a130     auddemo.obj
 0003:00000150       $SG26664                   000000014001a150     auddemo.obj
 0003:00000160       $SG26667                   000000014001a160     auddemo.obj
 0003:00000178       $SG26668                   000000014001a178     auddemo.obj
 0003:00000184       $SG26670                   000000014001a184     auddemo.obj
 0003:00000190       $SG26671                   000000014001a190     auddemo.obj
 0003:000001a0       $SG26672                   000000014001a1a0     auddemo.obj
 0003:000001b0       $SG26675                   000000014001a1b0     auddemo.obj
 0003:000001c0       $SG26676                   000000014001a1c0     auddemo.obj
 0003:000001d0       $SG26678                   000000014001a1d0     auddemo.obj
 0003:000001e0       $SG26679                   000000014001a1e0     auddemo.obj
 0003:000001f0       $SG26680                   000000014001a1f0     auddemo.obj
 0003:00000200       $SG26682                   000000014001a200     auddemo.obj
 0003:00000210       $SG26683                   000000014001a210     auddemo.obj
 0003:00000220       $SG26684                   000000014001a220     auddemo.obj
 0003:00000230       $SG26686                   000000014001a230     auddemo.obj
 0003:00000240       $SG26687                   000000014001a240     auddemo.obj
 0003:00000250       $SG26688                   000000014001a250     auddemo.obj
 0003:0000025c       $SG26691                   000000014001a25c     auddemo.obj
 0003:00000264       $SG26695                   000000014001a264     auddemo.obj
 0003:0000026c       $SG26697                   000000014001a26c     auddemo.obj
 0003:00000274       $SG26699                   000000014001a274     auddemo.obj
 0003:0000027c       $SG26701                   000000014001a27c     auddemo.obj
 0003:00000288       $SG26703                   000000014001a288     auddemo.obj
 0003:00000298       $SG26707                   000000014001a298     auddemo.obj
 0003:000002b0       $SG26708                   000000014001a2b0     auddemo.obj
 0003:000002c0       $SG26709                   000000014001a2c0     auddemo.obj
 0003:000002d0       $SG26756                   000000014001a2d0     auddemo.obj
 0003:000002f0       $SG26758                   000000014001a2f0     auddemo.obj
 0003:00000308       $SG26759                   000000014001a308     auddemo.obj
 0003:00000318       $SG26761                   000000014001a318     auddemo.obj
 0003:00000338       $SG26763                   000000014001a338     auddemo.obj
 0003:00000348       $SG26764                   000000014001a348     auddemo.obj
 0003:00000358       $SG26769                   000000014001a358     auddemo.obj
 0003:00000378       $SG26770                   000000014001a378     auddemo.obj
 0003:00000388       $SG26772                   000000014001a388     auddemo.obj
 0003:000003a0       $SG26773                   000000014001a3a0     auddemo.obj
 0003:000003e0       $SG26774                   000000014001a3e0     auddemo.obj
 0003:000003f0       $SG26779                   000000014001a3f0     auddemo.obj
 0003:00000408       $SG26780                   000000014001a408     auddemo.obj
 0003:00000418       $SG26782                   000000014001a418     auddemo.obj
 0003:00000428       $SG26783                   000000014001a428     auddemo.obj
 0003:00000468       $SG26784                   000000014001a468     auddemo.obj
 0003:00000478       $SG26789                   000000014001a478     auddemo.obj
 0003:00000498       $SG26790                   000000014001a498     auddemo.obj
 0003:000004a8       $SG26828                   000000014001a4a8     auddemo.obj
 0003:000004b4       $SG26989                   000000014001a4b4     auddemo.obj
 0003:000004c0       $SG26794                   000000014001a4c0     auddemo.obj
 0003:00000528       $SG26795                   000000014001a528     auddemo.obj
 0003:00000538       $SG26831                   000000014001a538     auddemo.obj
 0003:00000550       $SG26833                   000000014001a550     auddemo.obj
 0003:00000570       $SG26835                   000000014001a570     auddemo.obj
 0003:00000590       $SG26837                   000000014001a590     auddemo.obj
 0003:000005b0       $SG26839                   000000014001a5b0     auddemo.obj
 0003:000005d8       $SG26840                   000000014001a5d8     auddemo.obj
 0003:000005e8       $SG26876                   000000014001a5e8     auddemo.obj
 0003:000005f8       $SG26879                   000000014001a5f8     auddemo.obj
 0003:00000610       $SG26881                   000000014001a610     auddemo.obj
 0003:00000630       $SG26883                   000000014001a630     auddemo.obj
 0003:00000650       $SG26885                   000000014001a650     auddemo.obj
 0003:00000670       $SG26887                   000000014001a670     auddemo.obj
 0003:00000698       $SG26888                   000000014001a698     auddemo.obj
 0003:000006a8       $SG26896                   000000014001a6a8     auddemo.obj
 0003:000006c0       $SG26897                   000000014001a6c0     auddemo.obj
 0003:000006e0       $SG26898                   000000014001a6e0     auddemo.obj
 0003:00000708       $SG26899                   000000014001a708     auddemo.obj
 0003:00000738       $SG26900                   000000014001a738     auddemo.obj
 0003:00000778       $SG26901                   000000014001a778     auddemo.obj
 0003:000007b0       $SG26902                   000000014001a7b0     auddemo.obj
 0003:000007f0       $SG26903                   000000014001a7f0     auddemo.obj
 0003:00000838       $SG26904                   000000014001a838     auddemo.obj
 0003:00000868       $SG26905                   000000014001a868     auddemo.obj
 0003:00000898       $SG26906                   000000014001a898     auddemo.obj
 0003:000008d0       $SG26907                   000000014001a8d0     auddemo.obj
 0003:00000918       $SG26908                   000000014001a918     auddemo.obj
 0003:00000958       $SG26913                   000000014001a958     auddemo.obj
 0003:00000988       $SG26916                   000000014001a988     auddemo.obj
 0003:000009a0       $SG26909                   000000014001a9a0     auddemo.obj
 0003:000009e8       $SG26914                   000000014001a9e8     auddemo.obj
 0003:00000a08       $SG26975                   000000014001aa08     auddemo.obj
 0003:00000a20       $SG26910                   000000014001aa20     auddemo.obj
 0003:00000a70       $SG26911                   000000014001aa70     auddemo.obj
 0003:00000ab8       $SG26961                   000000014001aab8     auddemo.obj
 0003:00000ad8       $SG26967                   000000014001aad8     auddemo.obj
 0003:00000ae8       $SG26980                   000000014001aae8     auddemo.obj
 0003:00000b10       $SG26912                   000000014001ab10     auddemo.obj
 0003:00000b58       $SG26957                   000000014001ab58     auddemo.obj
 0003:00000b78       $SG26965                   000000014001ab78     auddemo.obj
 0003:00000b98       $SG26969                   000000014001ab98     auddemo.obj
 0003:00000bb8       $SG26972                   000000014001abb8     auddemo.obj
 0003:00000bd8       $SG26987                   000000014001abd8     auddemo.obj
 0003:00000c08       $SG26994                   000000014001ac08     auddemo.obj
 0003:00000c28       $SG26996                   000000014001ac28     auddemo.obj
 0003:00000c30       $SG27001                   000000014001ac30     auddemo.obj
 0003:00000c50       $SG27005                   000000014001ac50     auddemo.obj
 0003:00000c58       $SG27006                   000000014001ac58     auddemo.obj
 0003:00000c88       $SG27007                   000000014001ac88     auddemo.obj
 0003:00000cb8       $SG27012                   000000014001acb8     auddemo.obj
 0003:00000cd0       $SG27013                   000000014001acd0     auddemo.obj
 0003:00000ce8       stream_op                  000000014001ace8     pjmedia-audiodev-x86_64-x64-vc14-release:wmme_dev.obj
 0003:00000d18       factory_op                 000000014001ad18     pjmedia-audiodev-x86_64-x64-vc14-release:wmme_dev.obj
 0003:00000d50       cap_infos                  000000014001ad50     pjmedia-x86_64-x64-vc14-release:audiodev.obj
 0003:00000e30       thread_tls_id              000000014001ae30     pjlib-x86_64-x64-vc14-release:os_core_win32.obj
 0003:00000e40       pool_sizes                 000000014001ae40     pjlib-x86_64-x64-vc14-release:pool_caching.obj
 0003:00000ec0       pj_log_max_level           000000014001aec0     pjlib-x86_64-x64-vc14-release:log.obj
 0003:00000ec4       thread_suspended_tls_id    000000014001aec4     pjlib-x86_64-x64-vc14-release:log.obj
 0003:00000ec8       thread_indent_tls_id       000000014001aec8     pjlib-x86_64-x64-vc14-release:log.obj
 0003:00000ecc       log_decor                  000000014001aecc     pjlib-x86_64-x64-vc14-release:log.obj
 0003:00000ed0       log_writer                 000000014001aed0     pjlib-x86_64-x64-vc14-release:log.obj
 0003:00000ed8       PJ_LOG_COLOR_0             000000014001aed8     pjlib-x86_64-x64-vc14-release:log.obj
 0003:00000edc       PJ_LOG_COLOR_1             000000014001aedc     pjlib-x86_64-x64-vc14-release:log.obj
 0003:00000ee0       PJ_LOG_COLOR_2             000000014001aee0     pjlib-x86_64-x64-vc14-release:log.obj
 0003:00000ee4       PJ_LOG_COLOR_3             000000014001aee4     pjlib-x86_64-x64-vc14-release:log.obj
 0003:00000ee8       PJ_LOG_COLOR_4             000000014001aee8     pjlib-x86_64-x64-vc14-release:log.obj
 0003:00000eec       PJ_LOG_COLOR_5             000000014001aeec     pjlib-x86_64-x64-vc14-release:log.obj
 0003:00000ef0       PJ_LOG_COLOR_6             000000014001aef0     pjlib-x86_64-x64-vc14-release:log.obj
 0003:00000ef4       PJ_LOG_COLOR_77            000000014001aef4     pjlib-x86_64-x64-vc14-release:log.obj
 0003:00000ef8       ?ltexts@?2??pj_log@@9@9    000000014001aef8     pjlib-x86_64-x64-vc14-release:log.obj
 0003:00000f30       ?wdays@?3??pj_log@@9@9     000000014001af30     pjlib-x86_64-x64-vc14-release:log.obj
 0003:00000f88       ?hex@?1??hex2digit@@9@9    000000014001af88     pjlib-x86_64-x64-vc14-release:guid_win32.obj
 0003:00000f98       thread_local_id            000000014001af98     pjlib-x86_64-x64-vc14-release:except.obj
 0003:00000fa8       id                         000000014001afa8     pjlib-x86_64-x64-vc14-release:config.obj
 0003:00000fb0       mutex_lock_template        000000014001afb0     pjlib-x86_64-x64-vc14-release:lock.obj
 0003:00000fd8       null_lock_template         000000014001afd8     pjlib-x86_64-x64-vc14-release:lock.obj
 0003:00001000       sem_lock_template          000000014001b000     pjlib-x86_64-x64-vc14-release:lock.obj
 0003:00001028       tls                        000000014001b028     pjlib-x86_64-x64-vc14-release:pool_buf.obj
 0003:00001080       dev_count                  000000014001b080     auddemo.obj
 0003:00001084       $SG26895                   000000014001b084     auddemo.obj
 0003:00001085       $SG26915                   000000014001b085     auddemo.obj
 0003:00001086       $SG27008                   000000014001b086     auddemo.obj
 0003:00001090       ?text@?1??decode_caps@@9@9 000000014001b090     auddemo.obj
 0003:00001158       ?name@?1??get_fmt_name@@9@9 000000014001b158     pjmedia-audiodev-x86_64-x64-vc14-release:wmme_dev.obj
 0003:00001160       ?rec_cnt@?1??wmme_dev_thread@@9@9 000000014001b160     pjmedia-audiodev-x86_64-x64-vc14-release:wmme_dev.obj
 0003:00001164       ?play_cnt@?1??wmme_dev_thread@@9@9 000000014001b164     pjmedia-audiodev-x86_64-x64-vc14-release:wmme_dev.obj
 0003:00001170       aud_subsys                 000000014001b170     pjmedia-x86_64-x64-vc14-release:audiodev.obj
 0003:00001710       event_manager_instance     000000014001b710     pjmedia-x86_64-x64-vc14-release:event.obj
 0003:00001720       ?ev_queue@?9??pjmedia_event_publish@@9@9 000000014001b720     pjmedia-x86_64-x64-vc14-release:event.obj
 0003:00001eb0       initialized                000000014001beb0     pjlib-x86_64-x64-vc14-release:os_core_win32.obj
 0003:00001eb4       atexit_count               000000014001beb4     pjlib-x86_64-x64-vc14-release:os_core_win32.obj
 0003:00001ec0       main_thread                000000014001bec0     pjlib-x86_64-x64-vc14-release:os_core_win32.obj
 0003:00001fc0       critical_section_mutex     000000014001bfc0     pjlib-x86_64-x64-vc14-release:os_core_win32.obj
 0003:00002010       atexit_func                000000014001c010     pjlib-x86_64-x64-vc14-release:os_core_win32.obj
 0003:00002110       err_msg_hnd_cnt            000000014001c110     pjlib-x86_64-x64-vc14-release:errno.obj
 0003:00002120       err_msg_hnd                000000014001c120     pjlib-x86_64-x64-vc14-release:errno.obj
 0003:000021c0       g_last_thread              000000014001c1c0     pjlib-x86_64-x64-vc14-release:log.obj
 0003:000021d0       exception_id_names         000000014001c1d0     pjlib-x86_64-x64-vc14-release:except.obj
 0003:00002250       ?unknown_name@?1??pj_exception_id_name@@9@9 000000014001c250     pjlib-x86_64-x64-vc14-release:except.obj
 0003:00002270       stack_based_factory        000000014001c270     pjlib-x86_64-x64-vc14-release:pool_buf.obj
 0003:000022b8       is_initialized             000000014001c2b8     pjlib-x86_64-x64-vc14-release:pool_buf.obj
 0003:000022c0       base_time                  000000014001c2c0     pjlib-x86_64-x64-vc14-release:os_time_win32.obj
 0003:000022d0       ?buf@?1??pj_gethostname@@9@9 000000014001c2d0     pjlib-x86_64-x64-vc14-release:sock_bsd.obj
 0003:00002350       ?hostname@?1??pj_gethostname@@9@9 000000014001c350     pjlib-x86_64-x64-vc14-release:sock_bsd.obj
 0003:00002360       GS_ExceptionRecord         000000014001c360     MSVCRT:gs_report.obj
 0003:00002400       GS_ContextRecord           000000014001c400     MSVCRT:gs_report.obj
 0003:000028e0       ?is_initialized_as_dll@@3_NA 000000014001c8e0     MSVCRT:utility.obj
 0003:000028e1       ?module_local_atexit_table_initialized@@3_NA 000000014001c8e1     MSVCRT:utility.obj
 0003:000028e8       ?module_local_atexit_table@@3U_onexit_table_t@@A 000000014001c8e8     MSVCRT:utility.obj
 0003:00002900       ?module_local_at_quick_exit_table@@3U_onexit_table_t@@A 000000014001c900     MSVCRT:utility.obj
