 clidemo

 Timestamp is 5f95b13b (Sun Oct 25 18:09:15 2020)

 Preferred load address is 0000000140000000

 Start         Length     Name                   Class
 0001:00000000 0000fb50H .text$mn                CODE
 0001:0000fb50 00000012H .text$mn$00             CODE
 0001:0000fb62 00000036H .text$x                 CODE
 0002:00000000 000003c8H .idata$5                DATA
 0002:000003c8 00000010H .00cfg                  DATA
 0002:000003d8 00000008H .CRT$XCA                DATA
 0002:000003e0 00000008H .CRT$XCAA               DATA
 0002:000003e8 00000008H .CRT$XCZ                DATA
 0002:000003f0 00000008H .CRT$XIA                DATA
 0002:000003f8 00000008H .CRT$XIAA               DATA
 0002:00000400 00000008H .CRT$XIAC               DATA
 0002:00000408 00000008H .CRT$XIZ                DATA
 0002:00000410 00000008H .CRT$XPA                DATA
 0002:00000418 00000008H .CRT$XPZ                DATA
 0002:00000420 00000008H .CRT$XTA                DATA
 0002:00000428 00000008H .CRT$XTZ                DATA
 0002:00000430 00002f34H .rdata                  DATA
 0002:00003364 0000025cH .rdata$zzzdbg           DATA
 0002:000035c0 00000008H .rtc$IAA                DATA
 0002:000035c8 00000008H .rtc$IZZ                DATA
 0002:000035d0 00000008H .rtc$TAA                DATA
 0002:000035d8 00000008H .rtc$TZZ                DATA
 0002:000035e0 00001784H .xdata                  DATA
 0002:00004d64 00000000H .edata                  DATA
 0002:00004d64 000000c8H .idata$2                DATA
 0002:00004e2c 00000014H .idata$3                DATA
 0002:00004e40 000003c8H .idata$4                DATA
 0002:00005208 00000728H .idata$6                DATA
 0003:00000000 000008e0H .data                   DATA
 0003:000008e0 00000af0H .bss                    DATA
 0004:00000000 00001614H .pdata                  DATA
 0005:00000000 0000001cH .gfids$y                DATA

  Address         Publics by Value              Rva+Base               Lib:Object

 0000:00000000       __guard_longjmp_table      0000000000000000     <absolute>
 0000:00000000       __guard_fids_count         0000000000000000     <absolute>
 0000:00000000       __dynamic_value_reloc_table 0000000000000000     <absolute>
 0000:00000000       ___safe_se_handler_table   0000000000000000     <absolute>
 0000:00000000       __guard_longjmp_count      0000000000000000     <absolute>
 0000:00000000       ___safe_se_handler_count   0000000000000000     <absolute>
 0000:00000000       __guard_iat_count          0000000000000000     <absolute>
 0000:00000000       __guard_fids_table         0000000000000000     <absolute>
 0000:00000000       __guard_iat_table          0000000000000000     <absolute>
 0000:00000100       __guard_flags              0000000000000100     <absolute>
 0000:00000000       __ImageBase                0000000140000000     <linker-defined>
 0001:00000000       app_main                   0000000140001000 f   clidemo.obj
 0001:000002f0       main                       00000001400012f0 f   clidemo.obj
 0001:000004d0       __local_stdio_printf_options 00000001400014d0 f i pjlib-util-x86_64-x64-vc14-release:errno.obj
 0001:000004e0       _snprintf                  00000001400014e0 f i pjlib-util-x86_64-x64-vc14-release:errno.obj
 0001:00000540       pjlib_util_init            0000000140001540 f   pjlib-util-x86_64-x64-vc14-release:errno.obj
 0001:00000560       pjlib_util_strerror        0000000140001560 f   pjlib-util-x86_64-x64-vc14-release:errno.obj
 0001:00001dc0       pj_cli_add_cmd_from_xml    0000000140002dc0 f   pjlib-util-x86_64-x64-vc14-release:cli.obj
 0001:00001ed0       pj_cli_cfg_default         0000000140002ed0 f   pjlib-util-x86_64-x64-vc14-release:cli.obj
 0001:00001f00       pj_cli_create              0000000140002f00 f   pjlib-util-x86_64-x64-vc14-release:cli.obj
 0001:000020c0       pj_cli_destroy             00000001400030c0 f   pjlib-util-x86_64-x64-vc14-release:cli.obj
 0001:00002150       pj_cli_get_param           0000000140003150 f   pjlib-util-x86_64-x64-vc14-release:cli.obj
 0001:00002160       pj_cli_is_quitting         0000000140003160 f   pjlib-util-x86_64-x64-vc14-release:cli.obj
 0001:00002170       pj_cli_quit                0000000140003170 f   pjlib-util-x86_64-x64-vc14-release:cli.obj
 0001:000021f0       pj_cli_register_front_end  00000001400031f0 f   pjlib-util-x86_64-x64-vc14-release:cli.obj
 0001:00002200       pj_cli_sess_end_session    0000000140003200 f   pjlib-util-x86_64-x64-vc14-release:cli.obj
 0001:00002220       pj_cli_sess_exec           0000000140003220 f   pjlib-util-x86_64-x64-vc14-release:cli.obj
 0001:00002320       pj_cli_sess_parse          0000000140003320 f   pjlib-util-x86_64-x64-vc14-release:cli.obj
 0001:00002720       pj_cli_write_log           0000000140003720 f   pjlib-util-x86_64-x64-vc14-release:cli.obj
 0001:000027a0       sprintf                    00000001400037a0 f i pjlib-util-x86_64-x64-vc14-release:cli.obj
 0001:00002da0       pj_cli_console_cfg_default 0000000140003da0 f   pjlib-util-x86_64-x64-vc14-release:cli_console.obj
 0001:00002dc0       pj_cli_console_create      0000000140003dc0 f   pjlib-util-x86_64-x64-vc14-release:cli_console.obj
 0001:00003030       pj_cli_console_process     0000000140004030 f   pjlib-util-x86_64-x64-vc14-release:cli_console.obj
 0001:000030b0       printf                     00000001400040b0 f i pjlib-util-x86_64-x64-vc14-release:cli_console.obj
 0001:000040e0       pj_cli_telnet_cfg_default  00000001400050e0 f   pjlib-util-x86_64-x64-vc14-release:cli_telnet.obj
 0001:00004110       pj_cli_telnet_create       0000000140005110 f   pjlib-util-x86_64-x64-vc14-release:cli_telnet.obj
 0001:00006070       pj_scan_advance_n          0000000140007070 f   pjlib-util-x86_64-x64-vc14-release:scanner.obj
 0001:000060a0       pj_scan_fini               00000001400070a0 f   pjlib-util-x86_64-x64-vc14-release:scanner.obj
 0001:000060c0       pj_scan_get_char           00000001400070c0 f   pjlib-util-x86_64-x64-vc14-release:scanner.obj
 0001:00006110       pj_scan_get_quotes         0000000140007110 f   pjlib-util-x86_64-x64-vc14-release:scanner.obj
 0001:00006230       pj_scan_get_until_ch       0000000140007230 f   pjlib-util-x86_64-x64-vc14-release:scanner.obj
 0001:00006280       pj_scan_get_until_chr      0000000140007280 f   pjlib-util-x86_64-x64-vc14-release:scanner.obj
 0001:00006320       pj_scan_init               0000000140007320 f   pjlib-util-x86_64-x64-vc14-release:scanner.obj
 0001:000063a0       pj_scan_skip_whitespace    00000001400073a0 f   pjlib-util-x86_64-x64-vc14-release:scanner.obj
 0001:00006490       pj_scan_strcmp             0000000140007490 f   pjlib-util-x86_64-x64-vc14-release:scanner.obj
 0001:000064e0       pj_xml_parse               00000001400074e0 f   pjlib-util-x86_64-x64-vc14-release:xml.obj
 0001:00006af0       pj_atexit                  0000000140007af0 f   pjlib-x86_64-x64-vc14-release:os_core_win32.obj
 0001:00006b20       pj_atomic_dec_and_get      0000000140007b20 f   pjlib-x86_64-x64-vc14-release:os_core_win32.obj
 0001:00006b80       pj_atomic_destroy          0000000140007b80 f   pjlib-x86_64-x64-vc14-release:os_core_win32.obj
 0001:00006b90       pj_atomic_inc              0000000140007b90 f   pjlib-x86_64-x64-vc14-release:os_core_win32.obj
 0001:00006ba0       pj_atomic_inc_and_get      0000000140007ba0 f   pjlib-x86_64-x64-vc14-release:os_core_win32.obj
 0001:00006c10       pj_enter_critical_section  0000000140007c10 f   pjlib-x86_64-x64-vc14-release:os_core_win32.obj
 0001:00006c80       pj_init                    0000000140007c80 f   pjlib-x86_64-x64-vc14-release:os_core_win32.obj
 0001:00006de0       pj_leave_critical_section  0000000140007de0 f   pjlib-x86_64-x64-vc14-release:os_core_win32.obj
 0001:00006e50       pj_mutex_create            0000000140007e50 f   pjlib-x86_64-x64-vc14-release:os_core_win32.obj
 0001:00006ed0       pj_mutex_create_recursive  0000000140007ed0 f   pjlib-x86_64-x64-vc14-release:os_core_win32.obj
 0001:00006ed0       pj_mutex_create_simple     0000000140007ed0 f   pjlib-x86_64-x64-vc14-release:os_core_win32.obj
 0001:00006f50       pj_mutex_destroy           0000000140007f50 f   pjlib-x86_64-x64-vc14-release:os_core_win32.obj
 0001:00006fd0       pj_mutex_lock              0000000140007fd0 f   pjlib-x86_64-x64-vc14-release:os_core_win32.obj
 0001:00007050       pj_mutex_trylock           0000000140008050 f   pjlib-x86_64-x64-vc14-release:os_core_win32.obj
 0001:000070e0       pj_mutex_unlock            00000001400080e0 f   pjlib-x86_64-x64-vc14-release:os_core_win32.obj
 0001:00007160       pj_sem_create              0000000140008160 f   pjlib-x86_64-x64-vc14-release:os_core_win32.obj
 0001:000072c0       pj_sem_destroy             00000001400082c0 f   pjlib-x86_64-x64-vc14-release:os_core_win32.obj
 0001:00007370       pj_sem_post                0000000140008370 f   pjlib-x86_64-x64-vc14-release:os_core_win32.obj
 0001:00007420       pj_sem_trywait             0000000140008420 f   pjlib-x86_64-x64-vc14-release:os_core_win32.obj
 0001:00007490       pj_sem_wait                0000000140008490 f   pjlib-x86_64-x64-vc14-release:os_core_win32.obj
 0001:00007600       pj_shutdown                0000000140008600 f   pjlib-x86_64-x64-vc14-release:os_core_win32.obj
 0001:00007780       pj_term_set_color          0000000140008780 f   pjlib-x86_64-x64-vc14-release:os_core_win32.obj
 0001:00007870       pj_thread_check_stack      0000000140008870 f   pjlib-x86_64-x64-vc14-release:os_core_win32.obj
 0001:000078d0       pj_thread_create           00000001400088d0 f   pjlib-x86_64-x64-vc14-release:os_core_win32.obj
 0001:00007a90       pj_thread_destroy          0000000140008a90 f   pjlib-x86_64-x64-vc14-release:os_core_win32.obj
 0001:00007b40       pj_thread_get_name         0000000140008b40 f   pjlib-x86_64-x64-vc14-release:os_core_win32.obj
 0001:00007bb0       pj_thread_init             0000000140008bb0 f   pjlib-x86_64-x64-vc14-release:os_core_win32.obj
 0001:00007c10       pj_thread_join             0000000140008c10 f   pjlib-x86_64-x64-vc14-release:os_core_win32.obj
 0001:00007d10       pj_thread_local_alloc      0000000140008d10 f   pjlib-x86_64-x64-vc14-release:os_core_win32.obj
 0001:00007d80       pj_thread_local_free       0000000140008d80 f   pjlib-x86_64-x64-vc14-release:os_core_win32.obj
 0001:00007de0       pj_thread_local_get        0000000140008de0 f   pjlib-x86_64-x64-vc14-release:os_core_win32.obj
 0001:00007df0       pj_thread_local_set        0000000140008df0 f   pjlib-x86_64-x64-vc14-release:os_core_win32.obj
 0001:00007e40       pj_thread_register         0000000140008e40 f   pjlib-x86_64-x64-vc14-release:os_core_win32.obj
 0001:00007f50       pj_thread_sleep            0000000140008f50 f   pjlib-x86_64-x64-vc14-release:os_core_win32.obj
 0001:00007fb0       pj_thread_this             0000000140008fb0 f   pjlib-x86_64-x64-vc14-release:os_core_win32.obj
 0001:00008070       pj_errno_clear_handlers    0000000140009070 f   pjlib-x86_64-x64-vc14-release:errno.obj
 0001:00008090       pj_perror_1                0000000140009090 f   pjlib-x86_64-x64-vc14-release:errno.obj
 0001:000080c0       pj_perror_3                00000001400090c0 f   pjlib-x86_64-x64-vc14-release:errno.obj
 0001:000081d0       pj_register_strerror       00000001400091d0 f   pjlib-x86_64-x64-vc14-release:errno.obj
 0001:000082f0       pj_strerror                00000001400092f0 f   pjlib-x86_64-x64-vc14-release:errno.obj
 0001:000084f0       pj_log                     00000001400094f0 f   pjlib-x86_64-x64-vc14-release:log.obj
 0001:00008a80       pj_log_1                   0000000140009a80 f   pjlib-x86_64-x64-vc14-release:log.obj
 0001:00008ab0       pj_log_3                   0000000140009ab0 f   pjlib-x86_64-x64-vc14-release:log.obj
 0001:00008ae0       pj_log_4                   0000000140009ae0 f   pjlib-x86_64-x64-vc14-release:log.obj
 0001:00008b10       pj_log_5                   0000000140009b10 f   pjlib-x86_64-x64-vc14-release:log.obj
 0001:00008b40       pj_log_get_color           0000000140009b40 f   pjlib-x86_64-x64-vc14-release:log.obj
 0001:00008bb0       pj_log_get_decor           0000000140009bb0 f   pjlib-x86_64-x64-vc14-release:log.obj
 0001:00008bc0       pj_log_get_level           0000000140009bc0 f   pjlib-x86_64-x64-vc14-release:log.obj
 0001:00008bd0       pj_log_init                0000000140009bd0 f   pjlib-x86_64-x64-vc14-release:log.obj
 0001:00008c40       pj_log_set_decor           0000000140009c40 f   pjlib-x86_64-x64-vc14-release:log.obj
 0001:00008c50       pj_log_set_log_func        0000000140009c50 f   pjlib-x86_64-x64-vc14-release:log.obj
 0001:00008c60       pj_str                     0000000140009c60 f   pjlib-x86_64-x64-vc14-release:string.obj
 0001:00008c90       pj_strassign               0000000140009c90 f   pjlib-x86_64-x64-vc14-release:string.obj
 0001:00008cb0       pj_strcat                  0000000140009cb0 f   pjlib-x86_64-x64-vc14-release:string.obj
 0001:00008cf0       pj_strcat2                 0000000140009cf0 f   pjlib-x86_64-x64-vc14-release:string.obj
 0001:00008d40       pj_strcmp                  0000000140009d40 f   pjlib-x86_64-x64-vc14-release:string.obj
 0001:00008dc0       pj_strcmp2                 0000000140009dc0 f   pjlib-x86_64-x64-vc14-release:string.obj
 0001:00008e60       pj_strcpy                  0000000140009e60 f   pjlib-x86_64-x64-vc14-release:string.obj
 0001:00008e90       pj_strdup                  0000000140009e90 f   pjlib-x86_64-x64-vc14-release:string.obj
 0001:00008ee0       pj_strdup2                 0000000140009ee0 f   pjlib-x86_64-x64-vc14-release:string.obj
 0001:00008f60       pj_stricmp                 0000000140009f60 f   pjlib-x86_64-x64-vc14-release:string.obj
 0001:00008ff0       pj_stricmp2                0000000140009ff0 f   pjlib-x86_64-x64-vc14-release:string.obj
 0001:000090a0       pj_strltrim                000000014000a0a0 f   pjlib-x86_64-x64-vc14-release:string.obj
 0001:00009100       pj_strncmp                 000000014000a100 f   pjlib-x86_64-x64-vc14-release:string.obj
 0001:00009150       pj_strncpy_with_null       000000014000a150 f   pjlib-x86_64-x64-vc14-release:string.obj
 0001:000091a0       pj_strrtrim                000000014000a1a0 f   pjlib-x86_64-x64-vc14-release:string.obj
 0001:00009200       pj_strtol                  000000014000a200 f   pjlib-x86_64-x64-vc14-release:string.obj
 0001:00009270       pj_strtoul                 000000014000a270 f   pjlib-x86_64-x64-vc14-release:string.obj
 0001:00009300       pj_strtrim                 000000014000a300 f   pjlib-x86_64-x64-vc14-release:string.obj
 0001:000093a0       pj_utoa                    000000014000a3a0 f   pjlib-x86_64-x64-vc14-release:string.obj
 0001:000093b0       pj_utoa_pad                000000014000a3b0 f   pjlib-x86_64-x64-vc14-release:string.obj
 0001:000098c0       pj_caching_pool_destroy    000000014000a8c0 f   pjlib-x86_64-x64-vc14-release:pool_caching.obj
 0001:000099d0       pj_caching_pool_init       000000014000a9d0 f   pjlib-x86_64-x64-vc14-release:pool_caching.obj
 0001:00009ae0       pj_list_erase              000000014000aae0 f   pjlib-x86_64-x64-vc14-release:list.obj
 0001:00009b00       pj_list_insert_after       000000014000ab00 f   pjlib-x86_64-x64-vc14-release:list.obj
 0001:00009b20       pj_list_insert_before      000000014000ab20 f   pjlib-x86_64-x64-vc14-release:list.obj
 0001:00009b40       pj_list_insert_nodes_after 000000014000ab40 f   pjlib-x86_64-x64-vc14-release:list.obj
 0001:00009b60       pj_list_search             000000014000ab60 f   pjlib-x86_64-x64-vc14-release:list.obj
 0001:00009bc0       pj_list_size               000000014000abc0 f   pjlib-x86_64-x64-vc14-release:list.obj
 0001:00009c20       pj_exception_id_alloc      000000014000ac20 f   pjlib-x86_64-x64-vc14-release:except.obj
 0001:00009c90       pj_exception_id_free       000000014000ac90 f   pjlib-x86_64-x64-vc14-release:except.obj
 0001:00009cd0       pj_pop_exception_handler_  000000014000acd0 f   pjlib-x86_64-x64-vc14-release:except.obj
 0001:00009d10       pj_push_exception_handler_ 000000014000ad10 f   pjlib-x86_64-x64-vc14-release:except.obj
 0001:00009d70       pj_throw_exception_        000000014000ad70 f   pjlib-x86_64-x64-vc14-release:except.obj
 0001:00009e30       pj_hash_create             000000014000ae30 f   pjlib-x86_64-x64-vc14-release:hash.obj
 0001:00009ea0       pj_hash_first              000000014000aea0 f   pjlib-x86_64-x64-vc14-release:hash.obj
 0001:00009ee0       pj_hash_get                000000014000aee0 f   pjlib-x86_64-x64-vc14-release:hash.obj
 0001:0000a000       pj_hash_next               000000014000b000 f   pjlib-x86_64-x64-vc14-release:hash.obj
 0001:0000a060       pj_hash_set                000000014000b060 f   pjlib-x86_64-x64-vc14-release:hash.obj
 0001:0000a1f0       pj_hash_this               000000014000b1f0 f   pjlib-x86_64-x64-vc14-release:hash.obj
 0001:0000a220       pj_pool_alloc              000000014000b220 f   pjlib-x86_64-x64-vc14-release:pool.obj
 0001:0000a270       pj_pool_allocate_find      000000014000b270 f   pjlib-x86_64-x64-vc14-release:pool.obj
 0001:0000a3b0       pj_pool_calloc             000000014000b3b0 f   pjlib-x86_64-x64-vc14-release:pool.obj
 0001:0000a420       pj_pool_create             000000014000b420 f   pjlib-x86_64-x64-vc14-release:pool.obj
 0001:0000a4e0       pj_pool_create_int         000000014000b4e0 f   pjlib-x86_64-x64-vc14-release:pool.obj
 0001:0000a5d0       pj_pool_destroy_int        000000014000b5d0 f   pjlib-x86_64-x64-vc14-release:pool.obj
 0001:0000a610       pj_pool_get_capacity       000000014000b610 f   pjlib-x86_64-x64-vc14-release:pool.obj
 0001:0000a620       pj_pool_get_used_size      000000014000b620 f   pjlib-x86_64-x64-vc14-release:pool.obj
 0001:0000a660       pj_pool_getobjname         000000014000b660 f   pjlib-x86_64-x64-vc14-release:pool.obj
 0001:0000a670       pj_pool_init_int           000000014000b670 f   pjlib-x86_64-x64-vc14-release:pool.obj
 0001:0000a710       pj_pool_release            000000014000b710 f   pjlib-x86_64-x64-vc14-release:pool.obj
 0001:0000a730       pj_pool_reset              000000014000b730 f   pjlib-x86_64-x64-vc14-release:pool.obj
 0001:0000a8e0       ioqueue_dispatch_exception_event 000000014000b8e0 f   pjlib-x86_64-x64-vc14-release:ioqueue_select.obj
 0001:0000aa40       ioqueue_dispatch_read_event 000000014000ba40 f   pjlib-x86_64-x64-vc14-release:ioqueue_select.obj
 0001:0000acd0       ioqueue_dispatch_write_event 000000014000bcd0 f   pjlib-x86_64-x64-vc14-release:ioqueue_select.obj
 0001:0000b0e0       pj_ioqueue_accept          000000014000c0e0 f   pjlib-x86_64-x64-vc14-release:ioqueue_select.obj
 0001:0000b2c0       pj_ioqueue_create          000000014000c2c0 f   pjlib-x86_64-x64-vc14-release:ioqueue_select.obj
 0001:0000b4c0       pj_ioqueue_destroy         000000014000c4c0 f   pjlib-x86_64-x64-vc14-release:ioqueue_select.obj
 0001:0000b5a0       pj_ioqueue_get_user_data   000000014000c5a0 f   pjlib-x86_64-x64-vc14-release:ioqueue_select.obj
 0001:0000b5b0       pj_ioqueue_lock_key        000000014000c5b0 f   pjlib-x86_64-x64-vc14-release:ioqueue_select.obj
 0001:0000b5d0       pj_ioqueue_op_key_init     000000014000c5d0 f   pjlib-x86_64-x64-vc14-release:ioqueue_select.obj
 0001:0000b5e0       pj_ioqueue_poll            000000014000c5e0 f   pjlib-x86_64-x64-vc14-release:ioqueue_select.obj
 0001:0000ba80       pj_ioqueue_recv            000000014000ca80 f   pjlib-x86_64-x64-vc14-release:ioqueue_select.obj
 0001:0000bc30       pj_ioqueue_recvfrom        000000014000cc30 f   pjlib-x86_64-x64-vc14-release:ioqueue_select.obj
 0001:0000be10       pj_ioqueue_register_sock2  000000014000ce10 f   pjlib-x86_64-x64-vc14-release:ioqueue_select.obj
 0001:0000bf80       pj_ioqueue_send            000000014000cf80 f   pjlib-x86_64-x64-vc14-release:ioqueue_select.obj
 0001:0000c150       pj_ioqueue_set_concurrency 000000014000d150 f   pjlib-x86_64-x64-vc14-release:ioqueue_select.obj
 0001:0000c170       pj_ioqueue_set_lock        000000014000d170 f   pjlib-x86_64-x64-vc14-release:ioqueue_select.obj
 0001:0000c1e0       pj_ioqueue_unlock_key      000000014000d1e0 f   pjlib-x86_64-x64-vc14-release:ioqueue_select.obj
 0001:0000c200       pj_ioqueue_unregister      000000014000d200 f   pjlib-x86_64-x64-vc14-release:ioqueue_select.obj
 0001:0000c400       pj_sockaddr_in_get_port    000000014000d400 f   pjlib-x86_64-x64-vc14-release:sock_common.obj
 0001:0000c410       pj_sockaddr_in_init        000000014000d410 f   pjlib-x86_64-x64-vc14-release:sock_common.obj
 0001:0000c480       pj_sockaddr_in_set_str_addr 000000014000d480 f   pjlib-x86_64-x64-vc14-release:sock_common.obj
 0001:0000c560       pj_gethostname             000000014000d560 f   pjlib-x86_64-x64-vc14-release:sock_bsd.obj
 0001:0000c600       pj_htons                   000000014000d600 f   pjlib-x86_64-x64-vc14-release:sock_bsd.obj
 0001:0000c610       pj_inet_aton               000000014000d610 f   pjlib-x86_64-x64-vc14-release:sock_bsd.obj
 0001:0000c6a0       pj_ntohl                   000000014000d6a0 f   pjlib-x86_64-x64-vc14-release:sock_bsd.obj
 0001:0000c6b0       pj_ntohs                   000000014000d6b0 f   pjlib-x86_64-x64-vc14-release:sock_bsd.obj
 0001:0000c6c0       pj_sock_accept             000000014000d6c0 f   pjlib-x86_64-x64-vc14-release:sock_bsd.obj
 0001:0000c760       pj_sock_bind               000000014000d760 f   pjlib-x86_64-x64-vc14-release:sock_bsd.obj
 0001:0000c810       pj_sock_close              000000014000d810 f   pjlib-x86_64-x64-vc14-release:sock_bsd.obj
 0001:0000c870       pj_sock_getsockname        000000014000d870 f   pjlib-x86_64-x64-vc14-release:sock_bsd.obj
 0001:0000c900       pj_sock_getsockopt         000000014000d900 f   pjlib-x86_64-x64-vc14-release:sock_bsd.obj
 0001:0000c9b0       pj_sock_listen             000000014000d9b0 f   pjlib-x86_64-x64-vc14-release:sock_bsd.obj
 0001:0000ca30       pj_sock_recv               000000014000da30 f   pjlib-x86_64-x64-vc14-release:sock_bsd.obj
 0001:0000cad0       pj_sock_recvfrom           000000014000dad0 f   pjlib-x86_64-x64-vc14-release:sock_bsd.obj
 0001:0000cb80       pj_sock_send               000000014000db80 f   pjlib-x86_64-x64-vc14-release:sock_bsd.obj
 0001:0000cc20       pj_sock_sendto             000000014000dc20 f   pjlib-x86_64-x64-vc14-release:sock_bsd.obj
 0001:0000ccd0       pj_sock_setsockopt         000000014000dcd0 f   pjlib-x86_64-x64-vc14-release:sock_bsd.obj
 0001:0000cd80       pj_sock_socket             000000014000dd80 f   pjlib-x86_64-x64-vc14-release:sock_bsd.obj
 0001:0000d340       pj_activesock_close        000000014000e340 f   pjlib-x86_64-x64-vc14-release:activesock.obj
 0001:0000d3b0       pj_activesock_create       000000014000e3b0 f   pjlib-x86_64-x64-vc14-release:activesock.obj
 0001:0000d5a0       pj_activesock_get_user_data 000000014000e5a0 f   pjlib-x86_64-x64-vc14-release:activesock.obj
 0001:0000d5b0       pj_activesock_send         000000014000e5b0 f   pjlib-x86_64-x64-vc14-release:activesock.obj
 0001:0000d6b0       pj_activesock_start_accept 000000014000e6b0 f   pjlib-x86_64-x64-vc14-release:activesock.obj
 0001:0000d7c0       pj_activesock_start_read   000000014000e7c0 f   pjlib-x86_64-x64-vc14-release:activesock.obj
 0001:0000d9b0       pj_get_timestamp           000000014000e9b0 f   pjlib-x86_64-x64-vc14-release:os_timestamp_win32.obj
 0001:0000da10       pj_get_timestamp_freq      000000014000ea10 f   pjlib-x86_64-x64-vc14-release:os_timestamp_win32.obj
 0001:0000da70       pj_generate_unique_string  000000014000ea70 f   pjlib-x86_64-x64-vc14-release:guid_win32.obj
 0001:0000db40       pj_get_netos_error         000000014000eb40 f   pjlib-x86_64-x64-vc14-release:os_error_win32.obj
 0001:0000db70       platform_strerror          000000014000eb70 f   pjlib-x86_64-x64-vc14-release:os_error_win32.obj
 0001:0000dca0       pj_log_write               000000014000eca0 f   pjlib-x86_64-x64-vc14-release:log_writer_stdout.obj
 0001:0000ddc0       pj_gettimeofday            000000014000edc0 f   pjlib-x86_64-x64-vc14-release:os_time_win32.obj
 0001:0000de60       pj_time_decode             000000014000ee60 f   pjlib-x86_64-x64-vc14-release:os_time_win32.obj
 0001:0000e260       pj_grp_lock_acquire        000000014000f260 f   pjlib-x86_64-x64-vc14-release:lock.obj
 0001:0000e270       pj_grp_lock_add_ref        000000014000f270 f   pjlib-x86_64-x64-vc14-release:lock.obj
 0001:0000e290       pj_grp_lock_dec_ref        000000014000f290 f   pjlib-x86_64-x64-vc14-release:lock.obj
 0001:0000e2d0       pj_grp_lock_release        000000014000f2d0 f   pjlib-x86_64-x64-vc14-release:lock.obj
 0001:0000e2e0       pj_grp_lock_tryacquire     000000014000f2e0 f   pjlib-x86_64-x64-vc14-release:lock.obj
 0001:0000e2f0       pj_lock_acquire            000000014000f2f0 f   pjlib-x86_64-x64-vc14-release:lock.obj
 0001:0000e310       pj_lock_create_null_mutex  000000014000f310 f   pjlib-x86_64-x64-vc14-release:lock.obj
 0001:0000e330       pj_lock_create_recursive_mutex 000000014000f330 f   pjlib-x86_64-x64-vc14-release:lock.obj
 0001:0000e340       pj_lock_create_simple_mutex 000000014000f340 f   pjlib-x86_64-x64-vc14-release:lock.obj
 0001:0000e350       pj_lock_destroy            000000014000f350 f   pjlib-x86_64-x64-vc14-release:lock.obj
 0001:0000e370       pj_lock_release            000000014000f370 f   pjlib-x86_64-x64-vc14-release:lock.obj
 0001:0000e390       pj_lock_tryacquire         000000014000f390 f   pjlib-x86_64-x64-vc14-release:lock.obj
 0001:0000e3b0       pj_pool_create_on_buf      000000014000f3b0 f   pjlib-x86_64-x64-vc14-release:pool_buf.obj
 0001:0000e630       pj_time_val_normalize      000000014000f630 f   pjlib-x86_64-x64-vc14-release:types.obj
 0001:0000e6e0       pj_gettickcount            000000014000f6e0 f   pjlib-x86_64-x64-vc14-release:os_timestamp_common.obj
 0001:0000e7a0       PJ_FD_CLR                  000000014000f7a0 f   pjlib-x86_64-x64-vc14-release:sock_select.obj
 0001:0000e850       PJ_FD_COUNT                000000014000f850 f   pjlib-x86_64-x64-vc14-release:sock_select.obj
 0001:0000e860       PJ_FD_ISSET                000000014000f860 f   pjlib-x86_64-x64-vc14-release:sock_select.obj
 0001:0000e8a0       PJ_FD_SET                  000000014000f8a0 f   pjlib-x86_64-x64-vc14-release:sock_select.obj
 0001:0000e930       PJ_FD_ZERO                 000000014000f930 f   pjlib-x86_64-x64-vc14-release:sock_select.obj
 0001:0000e960       pj_sock_select             000000014000f960 f   pjlib-x86_64-x64-vc14-release:sock_select.obj
 0001:0000ea00       pj_getaddrinfo             000000014000fa00 f   pjlib-x86_64-x64-vc14-release:addr_resolv_sock.obj
 0001:0000eb80       pj_gethostbyname           000000014000fb80 f   pjlib-x86_64-x64-vc14-release:addr_resolv_sock.obj
 0001:0000ec3e       __WSAFDIsSet               000000014000fc3e f   ws2_32:WS2_32.dll
 0001:0000ec44       __GSHandlerCheck           000000014000fc44 f   MSVCRT:_gshandler_.obj
 0001:0000ec64       __GSHandlerCheckCommon     000000014000fc64 f   MSVCRT:_gshandler_.obj
 0001:0000ecd0       __security_check_cookie    000000014000fcd0 f   MSVCRT:_amdsecgs_.obj
 0001:0000ef54       mainCRTStartup             000000014000ff54 f   MSVCRT:exe_main.obj
 0001:0000ef68       __raise_securityfailure    000000014000ff68 f   MSVCRT:gs_report.obj
 0001:0000ef9c       __report_gsfailure         000000014000ff9c f   MSVCRT:gs_report.obj
 0001:0000f070       __report_rangecheckfailure 0000000140010070 f   MSVCRT:gs_report.obj
 0001:0000f084       __report_securityfailure   0000000140010084 f   MSVCRT:gs_report.obj
 0001:0000f220       _alloca_probe              0000000140010220 f   MSVCRT:_chkstk_.obj
 0001:0000f220       __chkstk                   0000000140010220 f   MSVCRT:_chkstk_.obj
 0001:0000f274       __scrt_acquire_startup_lock 0000000140010274 f   MSVCRT:utility.obj
 0001:0000f2b0       __scrt_initialize_crt      00000001400102b0 f   MSVCRT:utility.obj
 0001:0000f2fc       __scrt_initialize_onexit_tables 00000001400102fc f   MSVCRT:utility.obj
 0001:0000f3c8       __scrt_is_nonwritable_in_current_image 00000001400103c8 f   MSVCRT:utility.obj
 0001:0000f464       __scrt_release_startup_lock 0000000140010464 f   MSVCRT:utility.obj
 0001:0000f488       __scrt_uninitialize_crt    0000000140010488 f   MSVCRT:utility.obj
 0001:0000f4b4       _onexit                    00000001400104b4 f   MSVCRT:utility.obj
 0001:0000f504       atexit                     0000000140010504 f   MSVCRT:utility.obj
 0001:0000f51c       __security_init_cookie     000000014001051c f   MSVCRT:gs_support.obj
 0001:0000f5d0       _get_startup_thread_locale_mode 00000001400105d0 f   MSVCRT:thread_locale.obj
 0001:0000f5d0       __scrt_initialize_winrt    00000001400105d0 f   MSVCRT:utility_desktop.obj
 0001:0000f5d0       _get_startup_new_mode      00000001400105d0 f   MSVCRT:new_mode.obj
 0001:0000f5d0       _matherr                   00000001400105d0 f   MSVCRT:matherr.obj
 0001:0000f5d0       _get_startup_commit_mode   00000001400105d0 f   MSVCRT:commit_mode.obj
 0001:0000f5d4       _get_startup_argv_mode     00000001400105d4 f   MSVCRT:argv_mode.obj
 0001:0000f5dc       _get_startup_file_mode     00000001400105dc f   MSVCRT:file_mode.obj
 0001:0000f5e4       ?__scrt_initialize_type_info@@YAXXZ 00000001400105e4 f   MSVCRT:tncleanup.obj
 0001:0000f5f4       __local_stdio_scanf_options 00000001400105f4 f i MSVCRT:default_local_stdio_options.obj
 0001:0000f5fc       __scrt_initialize_default_local_stdio_options 00000001400105fc f   MSVCRT:default_local_stdio_options.obj
 0001:0000f618       __scrt_is_user_matherr_present 0000000140010618 f   MSVCRT:matherr_detection.obj
 0001:0000f624       __scrt_get_dyn_tls_init_callback 0000000140010624 f   MSVCRT:dyn_tls_init.obj
 0001:0000f62c       __scrt_get_dyn_tls_dtor_callback 000000014001062c f   MSVCRT:dyn_tls_dtor.obj
 0001:0000f634       __scrt_fastfail            0000000140010634 f   MSVCRT:utility_desktop.obj
 0001:0000f77c       __scrt_is_managed_app      000000014001077c f   MSVCRT:utility_desktop.obj
 0001:0000f7d0       __scrt_set_unhandled_exception_filter 00000001400107d0 f   MSVCRT:utility_desktop.obj
 0001:0000f7e0       __scrt_unhandled_exception_filter 00000001400107e0 f   MSVCRT:utility_desktop.obj
 0001:0000f818       _RTC_Initialize            0000000140010818 f   MSVCRT:_initsect_.obj
 0001:0000f864       _RTC_Terminate             0000000140010864 f   MSVCRT:_initsect_.obj
 0001:0000f8b0       _guard_check_icall         00000001400108b0 f i MSVCRT:checkcfg.obj
 0001:0000f8b8       __isa_available_init       00000001400108b8 f   MSVCRT:_cpu_disp_.obj
 0001:0000fa80       __scrt_is_ucrt_dll_in_use  0000000140010a80 f   MSVCRT:ucrt_detection.obj
 0001:0000fa8c       _guard_check_icall_nop     0000000140010a8c f i MSVCRT:guard_support.obj
 0001:0000fa8c       _initialize_denormal_control 0000000140010a8c f i MSVCRT:denormal_control.obj
 0001:0000fa8c       _initialize_invalid_parameter_handler 0000000140010a8c f i MSVCRT:invalid_parameter_handler.obj
 0001:0000fa90       IsProcessorFeaturePresent  0000000140010a90 f   kernel32:KERNEL32.dll
 0001:0000fa96       memcpy                     0000000140010a96 f   vcruntime:VCRUNTIME140.dll
 0001:0000fa9c       memset                     0000000140010a9c f   vcruntime:VCRUNTIME140.dll
 0001:0000faa2       memcmp                     0000000140010aa2 f   vcruntime:VCRUNTIME140.dll
 0001:0000faa8       longjmp                    0000000140010aa8 f   vcruntime:VCRUNTIME140.dll
 0001:0000faae       __C_specific_handler       0000000140010aae f   vcruntime:VCRUNTIME140.dll
 0001:0000fab4       _setjmp                    0000000140010ab4 f   vcruntime:VCRUNTIME140.dll
 0001:0000fab4       __intrinsic_setjmp         0000000140010ab4 f   vcruntime:VCRUNTIME140.dll
 0001:0000faba       fmod                       0000000140010aba f   ucrt:api-ms-win-crt-math-l1-1-0.dll
 0001:0000fac0       _seh_filter_exe            0000000140010ac0 f   ucrt:api-ms-win-crt-runtime-l1-1-0.dll
 0001:0000fac6       _set_app_type              0000000140010ac6 f   ucrt:api-ms-win-crt-runtime-l1-1-0.dll
 0001:0000facc       __setusermatherr           0000000140010acc f   ucrt:api-ms-win-crt-math-l1-1-0.dll
 0001:0000fad2       _configure_narrow_argv     0000000140010ad2 f   ucrt:api-ms-win-crt-runtime-l1-1-0.dll
 0001:0000fad8       _initialize_narrow_environment 0000000140010ad8 f   ucrt:api-ms-win-crt-runtime-l1-1-0.dll
 0001:0000fade       _get_initial_narrow_environment 0000000140010ade f   ucrt:api-ms-win-crt-runtime-l1-1-0.dll
 0001:0000fae4       _initterm                  0000000140010ae4 f   ucrt:api-ms-win-crt-runtime-l1-1-0.dll
 0001:0000faea       _initterm_e                0000000140010aea f   ucrt:api-ms-win-crt-runtime-l1-1-0.dll
 0001:0000faf0       exit                       0000000140010af0 f   ucrt:api-ms-win-crt-runtime-l1-1-0.dll
 0001:0000faf6       _exit                      0000000140010af6 f   ucrt:api-ms-win-crt-runtime-l1-1-0.dll
 0001:0000fafc       _set_fmode                 0000000140010afc f   ucrt:api-ms-win-crt-stdio-l1-1-0.dll
 0001:0000fb02       __p___argc                 0000000140010b02 f   ucrt:api-ms-win-crt-runtime-l1-1-0.dll
 0001:0000fb08       __p___argv                 0000000140010b08 f   ucrt:api-ms-win-crt-runtime-l1-1-0.dll
 0001:0000fb0e       _cexit                     0000000140010b0e f   ucrt:api-ms-win-crt-runtime-l1-1-0.dll
 0001:0000fb14       _c_exit                    0000000140010b14 f   ucrt:api-ms-win-crt-runtime-l1-1-0.dll
 0001:0000fb1a       _register_thread_local_exe_atexit_callback 0000000140010b1a f   ucrt:api-ms-win-crt-runtime-l1-1-0.dll
 0001:0000fb20       _configthreadlocale        0000000140010b20 f   ucrt:api-ms-win-crt-locale-l1-1-0.dll
 0001:0000fb26       _set_new_mode              0000000140010b26 f   ucrt:api-ms-win-crt-heap-l1-1-0.dll
 0001:0000fb2c       __p__commode               0000000140010b2c f   ucrt:api-ms-win-crt-stdio-l1-1-0.dll
 0001:0000fb32       _initialize_onexit_table   0000000140010b32 f   ucrt:api-ms-win-crt-runtime-l1-1-0.dll
 0001:0000fb38       _register_onexit_function  0000000140010b38 f   ucrt:api-ms-win-crt-runtime-l1-1-0.dll
 0001:0000fb3e       _crt_atexit                0000000140010b3e f   ucrt:api-ms-win-crt-runtime-l1-1-0.dll
 0001:0000fb44       terminate                  0000000140010b44 f   ucrt:api-ms-win-crt-runtime-l1-1-0.dll
 0001:0000fb4c       __vcrt_uninitialize        0000000140010b4c f   MSVCRT:ucrt_stubs.obj
 0001:0000fb4c       __vcrt_initialize          0000000140010b4c f   MSVCRT:ucrt_stubs.obj
 0001:0000fb4c       __acrt_uninitialize        0000000140010b4c f   MSVCRT:ucrt_stubs.obj
 0001:0000fb4c       __scrt_stub_for_acrt_uninitialize 0000000140010b4c f   MSVCRT:ucrt_stubs.obj
 0001:0000fb4c       _should_initialize_environment 0000000140010b4c f   MSVCRT:env_mode.obj
 0001:0000fb4c       __acrt_initialize          0000000140010b4c f   MSVCRT:ucrt_stubs.obj
 0001:0000fb4c       __scrt_stub_for_acrt_initialize 0000000140010b4c f   MSVCRT:ucrt_stubs.obj
 0001:0000fb60       _guard_dispatch_icall_nop  0000000140010b60 f   MSVCRT:_guard_dispatch_.obj
 0002:00000000       __imp_RtlCaptureContext    0000000140011000     kernel32:KERNEL32.dll
 0002:00000008       __imp_GetModuleHandleW     0000000140011008     kernel32:KERNEL32.dll
 0002:00000010       __imp_IsDebuggerPresent    0000000140011010     kernel32:KERNEL32.dll
 0002:00000018       __imp_InitializeSListHead  0000000140011018     kernel32:KERNEL32.dll
 0002:00000020       __imp_GetSystemTimeAsFileTime 0000000140011020     kernel32:KERNEL32.dll
 0002:00000028       __imp_IsProcessorFeaturePresent 0000000140011028     kernel32:KERNEL32.dll
 0002:00000030       __imp_TerminateProcess     0000000140011030     kernel32:KERNEL32.dll
 0002:00000038       __imp_GetCurrentProcess    0000000140011038     kernel32:KERNEL32.dll
 0002:00000040       __imp_SetUnhandledExceptionFilter 0000000140011040     kernel32:KERNEL32.dll
 0002:00000048       __imp_UnhandledExceptionFilter 0000000140011048     kernel32:KERNEL32.dll
 0002:00000050       __imp_RtlVirtualUnwind     0000000140011050     kernel32:KERNEL32.dll
 0002:00000058       __imp_RtlLookupFunctionEntry 0000000140011058     kernel32:KERNEL32.dll
 0002:00000060       __imp_SystemTimeToFileTime 0000000140011060     kernel32:KERNEL32.dll
 0002:00000068       __imp_FileTimeToSystemTime 0000000140011068     kernel32:KERNEL32.dll
 0002:00000070       __imp_GetLocalTime         0000000140011070     kernel32:KERNEL32.dll
 0002:00000078       __imp_FormatMessageA       0000000140011078     kernel32:KERNEL32.dll
 0002:00000080       __imp_QueryPerformanceFrequency 0000000140011080     kernel32:KERNEL32.dll
 0002:00000088       __imp_QueryPerformanceCounter 0000000140011088     kernel32:KERNEL32.dll
 0002:00000090       __imp_SetConsoleTextAttribute 0000000140011090     kernel32:KERNEL32.dll
 0002:00000098       __imp_CreateSemaphoreA     0000000140011098     kernel32:KERNEL32.dll
 0002:000000a0       __imp_TlsFree              00000001400110a0     kernel32:KERNEL32.dll
 0002:000000a8       __imp_TlsSetValue          00000001400110a8     kernel32:KERNEL32.dll
 0002:000000b0       __imp_TlsGetValue          00000001400110b0     kernel32:KERNEL32.dll
 0002:000000b8       __imp_TlsAlloc             00000001400110b8     kernel32:KERNEL32.dll
 0002:000000c0       __imp_GetCurrentThreadId   00000001400110c0     kernel32:KERNEL32.dll
 0002:000000c8       __imp_GetStdHandle         00000001400110c8     kernel32:KERNEL32.dll
 0002:000000d0       __imp_CloseHandle          00000001400110d0     kernel32:KERNEL32.dll
 0002:000000d8       __imp_GetLastError         00000001400110d8     kernel32:KERNEL32.dll
 0002:000000e0       __imp_InitializeCriticalSection 00000001400110e0     kernel32:KERNEL32.dll
 0002:000000e8       __imp_EnterCriticalSection 00000001400110e8     kernel32:KERNEL32.dll
 0002:000000f0       __imp_LeaveCriticalSection 00000001400110f0     kernel32:KERNEL32.dll
 0002:000000f8       __imp_TryEnterCriticalSection 00000001400110f8     kernel32:KERNEL32.dll
 0002:00000100       __imp_DeleteCriticalSection 0000000140011100     kernel32:KERNEL32.dll
 0002:00000108       __imp_ReleaseSemaphore     0000000140011108     kernel32:KERNEL32.dll
 0002:00000110       __imp_WaitForSingleObject  0000000140011110     kernel32:KERNEL32.dll
 0002:00000118       __imp_Sleep                0000000140011118     kernel32:KERNEL32.dll
 0002:00000120       __imp_GetCurrentProcessId  0000000140011120     kernel32:KERNEL32.dll
 0002:00000128       __imp_CreateThread         0000000140011128     kernel32:KERNEL32.dll
 0002:00000130       __imp_GetCurrentThread     0000000140011130     kernel32:KERNEL32.dll
 0002:00000138       \177KERNEL32_NULL_THUNK_DATA 0000000140011138     kernel32:KERNEL32.dll
 0002:00000140       __imp___C_specific_handler 0000000140011140     vcruntime:VCRUNTIME140.dll
 0002:00000148       __imp_longjmp              0000000140011148     vcruntime:VCRUNTIME140.dll
 0002:00000150       __imp_memcmp               0000000140011150     vcruntime:VCRUNTIME140.dll
 0002:00000158       __imp_strchr               0000000140011158     vcruntime:VCRUNTIME140.dll
 0002:00000160       __imp_memchr               0000000140011160     vcruntime:VCRUNTIME140.dll
 0002:00000168       __imp_memmove              0000000140011168     vcruntime:VCRUNTIME140.dll
 0002:00000170       __imp_memset               0000000140011170     vcruntime:VCRUNTIME140.dll
 0002:00000178       __imp_memcpy               0000000140011178     vcruntime:VCRUNTIME140.dll
 0002:00000180       __imp___intrinsic_setjmp   0000000140011180     vcruntime:VCRUNTIME140.dll
 0002:00000188       \177VCRUNTIME140_NULL_THUNK_DATA 0000000140011188     vcruntime:VCRUNTIME140.dll
 0002:00000190       __imp_setsockopt           0000000140011190     ws2_32:WS2_32.dll
 0002:00000198       __imp_sendto               0000000140011198     ws2_32:WS2_32.dll
 0002:000001a0       __imp_send                 00000001400111a0     ws2_32:WS2_32.dll
 0002:000001a8       __imp_recvfrom             00000001400111a8     ws2_32:WS2_32.dll
 0002:000001b0       __imp_recv                 00000001400111b0     ws2_32:WS2_32.dll
 0002:000001b8       __imp_ntohs                00000001400111b8     ws2_32:WS2_32.dll
 0002:000001c0       __imp_ntohl                00000001400111c0     ws2_32:WS2_32.dll
 0002:000001c8       __imp_listen               00000001400111c8     ws2_32:WS2_32.dll
 0002:000001d0       __imp_inet_addr            00000001400111d0     ws2_32:WS2_32.dll
 0002:000001d8       __imp_htons                00000001400111d8     ws2_32:WS2_32.dll
 0002:000001e0       __imp_getsockopt           00000001400111e0     ws2_32:WS2_32.dll
 0002:000001e8       __imp_getsockname          00000001400111e8     ws2_32:WS2_32.dll
 0002:000001f0       __imp_closesocket          00000001400111f0     ws2_32:WS2_32.dll
 0002:000001f8       __imp_bind                 00000001400111f8     ws2_32:WS2_32.dll
 0002:00000200       __imp_accept               0000000140011200     ws2_32:WS2_32.dll
 0002:00000208       __imp_ioctlsocket          0000000140011208     ws2_32:WS2_32.dll
 0002:00000210       __imp_WSAGetLastError      0000000140011210     ws2_32:WS2_32.dll
 0002:00000218       __imp_WSACleanup           0000000140011218     ws2_32:WS2_32.dll
 0002:00000220       __imp_WSAStartup           0000000140011220     ws2_32:WS2_32.dll
 0002:00000228       __imp_gethostname          0000000140011228     ws2_32:WS2_32.dll
 0002:00000230       __imp_WSAIoctl             0000000140011230     ws2_32:WS2_32.dll
 0002:00000238       __imp_WSASocketA           0000000140011238     ws2_32:WS2_32.dll
 0002:00000240       __imp___WSAFDIsSet         0000000140011240     ws2_32:WS2_32.dll
 0002:00000248       __imp_select               0000000140011248     ws2_32:WS2_32.dll
 0002:00000250       __imp_gethostbyname        0000000140011250     ws2_32:WS2_32.dll
 0002:00000258       \177WS2_32_NULL_THUNK_DATA 0000000140011258     ws2_32:WS2_32.dll
 0002:00000260       __imp_free                 0000000140011260     ucrt:api-ms-win-crt-heap-l1-1-0.dll
 0002:00000268       __imp__set_new_mode        0000000140011268     ucrt:api-ms-win-crt-heap-l1-1-0.dll
 0002:00000270       __imp_malloc               0000000140011270     ucrt:api-ms-win-crt-heap-l1-1-0.dll
 0002:00000278       \177api-ms-win-crt-heap-l1-1-0_NULL_THUNK_DATA 0000000140011278     ucrt:api-ms-win-crt-heap-l1-1-0.dll
 0002:00000280       __imp__configthreadlocale  0000000140011280     ucrt:api-ms-win-crt-locale-l1-1-0.dll
 0002:00000288       \177api-ms-win-crt-locale-l1-1-0_NULL_THUNK_DATA 0000000140011288     ucrt:api-ms-win-crt-locale-l1-1-0.dll
 0002:00000290       __imp___setusermatherr     0000000140011290     ucrt:api-ms-win-crt-math-l1-1-0.dll
 0002:00000298       __imp_fmod                 0000000140011298     ucrt:api-ms-win-crt-math-l1-1-0.dll
 0002:000002a0       \177api-ms-win-crt-math-l1-1-0_NULL_THUNK_DATA 00000001400112a0     ucrt:api-ms-win-crt-math-l1-1-0.dll
 0002:000002a8       __imp__c_exit              00000001400112a8     ucrt:api-ms-win-crt-runtime-l1-1-0.dll
 0002:000002b0       __imp_terminate            00000001400112b0     ucrt:api-ms-win-crt-runtime-l1-1-0.dll
 0002:000002b8       __imp__register_thread_local_exe_atexit_callback 00000001400112b8     ucrt:api-ms-win-crt-runtime-l1-1-0.dll
 0002:000002c0       __imp__register_onexit_function 00000001400112c0     ucrt:api-ms-win-crt-runtime-l1-1-0.dll
 0002:000002c8       __imp__initialize_onexit_table 00000001400112c8     ucrt:api-ms-win-crt-runtime-l1-1-0.dll
 0002:000002d0       __imp__cexit               00000001400112d0     ucrt:api-ms-win-crt-runtime-l1-1-0.dll
 0002:000002d8       __imp___p___argv           00000001400112d8     ucrt:api-ms-win-crt-runtime-l1-1-0.dll
 0002:000002e0       __imp__crt_atexit          00000001400112e0     ucrt:api-ms-win-crt-runtime-l1-1-0.dll
 0002:000002e8       __imp__seh_filter_exe      00000001400112e8     ucrt:api-ms-win-crt-runtime-l1-1-0.dll
 0002:000002f0       __imp__set_app_type        00000001400112f0     ucrt:api-ms-win-crt-runtime-l1-1-0.dll
 0002:000002f8       __imp__exit                00000001400112f8     ucrt:api-ms-win-crt-runtime-l1-1-0.dll
 0002:00000300       __imp__configure_narrow_argv 0000000140011300     ucrt:api-ms-win-crt-runtime-l1-1-0.dll
 0002:00000308       __imp__initialize_narrow_environment 0000000140011308     ucrt:api-ms-win-crt-runtime-l1-1-0.dll
 0002:00000310       __imp__get_initial_narrow_environment 0000000140011310     ucrt:api-ms-win-crt-runtime-l1-1-0.dll
 0002:00000318       __imp__initterm            0000000140011318     ucrt:api-ms-win-crt-runtime-l1-1-0.dll
 0002:00000320       __imp__initterm_e          0000000140011320     ucrt:api-ms-win-crt-runtime-l1-1-0.dll
 0002:00000328       __imp_exit                 0000000140011328     ucrt:api-ms-win-crt-runtime-l1-1-0.dll
 0002:00000330       __imp___p___argc           0000000140011330     ucrt:api-ms-win-crt-runtime-l1-1-0.dll
 0002:00000338       \177api-ms-win-crt-runtime-l1-1-0_NULL_THUNK_DATA 0000000140011338     ucrt:api-ms-win-crt-runtime-l1-1-0.dll
 0002:00000340       __imp_puts                 0000000140011340     ucrt:api-ms-win-crt-stdio-l1-1-0.dll
 0002:00000348       __imp_fgets                0000000140011348     ucrt:api-ms-win-crt-stdio-l1-1-0.dll
 0002:00000350       __imp_freopen              0000000140011350     ucrt:api-ms-win-crt-stdio-l1-1-0.dll
 0002:00000358       __imp___stdio_common_vfprintf 0000000140011358     ucrt:api-ms-win-crt-stdio-l1-1-0.dll
 0002:00000360       __imp___acrt_iob_func      0000000140011360     ucrt:api-ms-win-crt-stdio-l1-1-0.dll
 0002:00000368       __imp___stdio_common_vsprintf 0000000140011368     ucrt:api-ms-win-crt-stdio-l1-1-0.dll
 0002:00000370       __imp___p__commode         0000000140011370     ucrt:api-ms-win-crt-stdio-l1-1-0.dll
 0002:00000378       __imp__set_fmode           0000000140011378     ucrt:api-ms-win-crt-stdio-l1-1-0.dll
 0002:00000380       \177api-ms-win-crt-stdio-l1-1-0_NULL_THUNK_DATA 0000000140011380     ucrt:api-ms-win-crt-stdio-l1-1-0.dll
 0002:00000388       __imp_strncmp              0000000140011388     ucrt:api-ms-win-crt-string-l1-1-0.dll
 0002:00000390       __imp_strncpy              0000000140011390     ucrt:api-ms-win-crt-string-l1-1-0.dll
 0002:00000398       __imp_isspace              0000000140011398     ucrt:api-ms-win-crt-string-l1-1-0.dll
 0002:000003a0       __imp_isdigit              00000001400113a0     ucrt:api-ms-win-crt-string-l1-1-0.dll
 0002:000003a8       __imp__strnicmp            00000001400113a8     ucrt:api-ms-win-crt-string-l1-1-0.dll
 0002:000003b0       \177api-ms-win-crt-string-l1-1-0_NULL_THUNK_DATA 00000001400113b0     ucrt:api-ms-win-crt-string-l1-1-0.dll
 0002:000003b8       __imp_CoCreateGuid         00000001400113b8     ole32:ole32.dll
 0002:000003c0       \177ole32_NULL_THUNK_DATA  00000001400113c0     ole32:ole32.dll
 0002:000003c8       __guard_check_icall_fptr   00000001400113c8     MSVCRT:guard_support.obj
 0002:000003d0       __guard_dispatch_icall_fptr 00000001400113d0     MSVCRT:guard_support.obj
 0002:000003d8       __xc_a                     00000001400113d8     MSVCRT:initializers.obj
 0002:000003e8       __xc_z                     00000001400113e8     MSVCRT:initializers.obj
 0002:000003f0       __xi_a                     00000001400113f0     MSVCRT:initializers.obj
 0002:00000408       __xi_z                     0000000140011408     MSVCRT:initializers.obj
 0002:00000410       __xp_a                     0000000140011410     MSVCRT:initializers.obj
 0002:00000418       __xp_z                     0000000140011418     MSVCRT:initializers.obj
 0002:00000420       __xt_a                     0000000140011420     MSVCRT:initializers.obj
 0002:00000428       __xt_z                     0000000140011428     MSVCRT:initializers.obj
 0002:00000430       ??_C@_0FA@DIAPLEFD@Found?5non?9FINGERPRINT?5attr?4?5afte@ 0000000140011430     pjlib-util-x86_64-x64-vc14-release:errno.obj
 0002:00000480       ??_C@_0ED@CNMDGMPD@Found?5STUN?5attribute?5after?5FINGE@ 0000000140011480     pjlib-util-x86_64-x64-vc14-release:errno.obj
 0002:000004c8       ??_C@_0DN@JLMAJAKN@Missing?5STUN?5USERNAME?5attribute?5@ 00000001400114c8     pjlib-util-x86_64-x64-vc14-release:errno.obj
 0002:00000510       ??_C@_0EK@LMHKLKC@Missing?1invalid?5STUN?5MESSAGE?9INT@ 0000000140011510     pjlib-util-x86_64-x64-vc14-release:errno.obj
 0002:00000560       ??_C@_0DJ@BCFNCGF@Found?5duplicate?5STUN?5attribute?5?$CI@ 0000000140011560     pjlib-util-x86_64-x64-vc14-release:errno.obj
 0002:000005a0       ??_C@_0DH@MMHMOPBG@Missing?5STUN?5REALM?5attribute?5?$CIPJ@ 00000001400115a0     pjlib-util-x86_64-x64-vc14-release:errno.obj
 0002:000005e0       ??_C@_0EB@FGOGNHPO@Missing?1stale?5STUN?5NONCE?5attribu@ 00000001400115e0     pjlib-util-x86_64-x64-vc14-release:errno.obj
 0002:00000630       ??_C@_0EF@HAPLEMIK@STUN?5transaction?5terminates?5with@ 0000000140011630     pjlib-util-x86_64-x64-vc14-release:errno.obj
 0002:00000678       ??_C@_0CL@GOOAEBLJ@Invalid?5URL?5format?5?$CIPJLIB_UTIL_E@ 0000000140011678     pjlib-util-x86_64-x64-vc14-release:errno.obj
 0002:000006a8       ??_C@_0DB@BDFJPAOA@Invalid?5URL?5port?5number?5?$CIPJLIB_U@ 00000001400116a8     pjlib-util-x86_64-x64-vc14-release:errno.obj
 0002:000006e0       ??_C@_0DN@CABCKELB@Incomplete?5response?5header?5recei@ 00000001400116e0     pjlib-util-x86_64-x64-vc14-release:errno.obj
 0002:00000720       ??_C@_0CN@MKMAKFDH@Insufficient?5buffer?5?$CIPJLIB_UTIL_@ 0000000140011720     pjlib-util-x86_64-x64-vc14-release:errno.obj
 0002:00000750       ??_C@_0CH@JNBFBBKA@Connection?5lost?5?$CIPJLIB_UTIL_EHTT@ 0000000140011750     pjlib-util-x86_64-x64-vc14-release:errno.obj
 0002:00000778       ??_C@_0CE@DHMMOEGP@Exit?5current?5session?5?$CIPJ_CLI_EEX@ 0000000140011778     pjlib-util-x86_64-x64-vc14-release:errno.obj
 0002:000007a0       ??_C@_0CG@LEDMCEME@Missing?5argument?5?$CIPJ_CLI_EMISSIN@ 00000001400117a0     pjlib-util-x86_64-x64-vc14-release:errno.obj
 0002:000007c8       ??_C@_0CJ@ECODGDHL@Too?5many?5arguments?5?$CIPJ_CLI_ETOOM@ 00000001400117c8     pjlib-util-x86_64-x64-vc14-release:errno.obj
 0002:000007f8       ??_C@_0CC@NLPGOLED@Invalid?5argument?5?$CIPJ_CLI_EINVARG@ 00000001400117f8     pjlib-util-x86_64-x64-vc14-release:errno.obj
 0002:00000820       ??_C@_0CO@OOEOBCH@Command?5name?5already?5exists?5?$CIPJ_@ 0000000140011820     pjlib-util-x86_64-x64-vc14-release:errno.obj
 0002:00000850       ??_C@_0CK@MKOACJP@Command?5id?5already?5exists?5?$CIPJ_CL@ 0000000140011850     pjlib-util-x86_64-x64-vc14-release:errno.obj
 0002:00000880       ??_C@_0CE@LHHCBFML@Invalid?5XML?5format?5?$CIPJ_CLI_EBADX@ 0000000140011880     pjlib-util-x86_64-x64-vc14-release:errno.obj
 0002:000008a8       ??_C@_0CF@CKMLJLLP@Connection?5lost?5?$CIPJ_CLI_ETELNETL@ 00000001400118a8     pjlib-util-x86_64-x64-vc14-release:errno.obj
 0002:00000c90       ??_C@_0DI@FPKNFLPC@Unable?5to?5resolve?5STUN?5server?5?$CIP@ 0000000140011c90     pjlib-util-x86_64-x64-vc14-release:errno.obj
 0002:00000cc8       ??_C@_0DG@MLIAHJMC@Unknown?5STUN?5message?5type?5?$CIPJLIB@ 0000000140011cc8     pjlib-util-x86_64-x64-vc14-release:errno.obj
 0002:00000d00       ??_C@_0DH@BGLGMNML@Invalid?5STUN?5message?5length?5?$CIPJL@ 0000000140011d00     pjlib-util-x86_64-x64-vc14-release:errno.obj
 0002:00000d38       ??_C@_0DI@MNKBLDCO@STUN?5attribute?5length?5error?5?$CIPJL@ 0000000140011d38     pjlib-util-x86_64-x64-vc14-release:errno.obj
 0002:00000d70       ??_C@_0DJ@GEFJCPHI@Invalid?5STUN?5attribute?5type?5?$CIPJL@ 0000000140011d70     pjlib-util-x86_64-x64-vc14-release:errno.obj
 0002:00000db0       ??_C@_0DL@JFEBBJAB@Invalid?5STUN?5server?1socket?5index@ 0000000140011db0     pjlib-util-x86_64-x64-vc14-release:errno.obj
 0002:00000df0       ??_C@_0EE@OMBAKMPD@No?5STUN?5binding?5response?5in?5the?5@ 0000000140011df0     pjlib-util-x86_64-x64-vc14-release:errno.obj
 0002:00000e38       ??_C@_0DM@JJJKHKHH@Received?5STUN?5error?5attribute?5?$CIP@ 0000000140011e38     pjlib-util-x86_64-x64-vc14-release:errno.obj
 0002:00000e78       ??_C@_0DJ@BDPKKDEL@No?5STUN?5mapped?5address?5attribute@ 0000000140011e78     pjlib-util-x86_64-x64-vc14-release:errno.obj
 0002:00000ec0       ??_C@_0ED@MIOBPJDH@Received?5no?5response?5from?5STUN?5s@ 0000000140011ec0     pjlib-util-x86_64-x64-vc14-release:errno.obj
 0002:00000f08       ??_C@_0DK@OILEGGA@Symetric?5NAT?5detected?5by?5STUN?5?$CIP@ 0000000140011f08     pjlib-util-x86_64-x64-vc14-release:errno.obj
 0002:00000f48       ??_C@_0CI@OKGDIDF@Invalid?5XML?5message?5?$CIPJLIB_UTIL_@ 0000000140011f48     pjlib-util-x86_64-x64-vc14-release:errno.obj
 0002:00000f70       ??_C@_0CL@IPLFEOJE@Invalid?5JSON?5document?5?$CIPJLIB_UTI@ 0000000140011f70     pjlib-util-x86_64-x64-vc14-release:errno.obj
 0002:00000fa0       ??_C@_0EC@KJLJANIE@DNS?5query?5packet?5buffer?5is?5too?5s@ 0000000140011fa0     pjlib-util-x86_64-x64-vc14-release:errno.obj
 0002:00000fe8       ??_C@_0DC@JFKHADAC@Invalid?5DNS?5packet?5length?5?$CIPJLIB@ 0000000140011fe8     pjlib-util-x86_64-x64-vc14-release:errno.obj
 0002:00001020       ??_C@_0CL@OCFDFFNM@Invalid?5DNS?5class?5?$CIPJLIB_UTIL_ED@ 0000000140012020     pjlib-util-x86_64-x64-vc14-release:errno.obj
 0002:00001050       ??_C@_0DE@FIPILDGP@Invalid?5DNS?5name?5pointer?5?$CIPJLIB_@ 0000000140012050     pjlib-util-x86_64-x64-vc14-release:errno.obj
 0002:00001088       ??_C@_0DJ@NBOGGJL@Invalid?5DNS?5nameserver?5address?5?$CI@ 0000000140012088     pjlib-util-x86_64-x64-vc14-release:errno.obj
 0002:000010c8       ??_C@_0DH@LFJGDOHB@No?5nameserver?5is?5in?5DNS?5resolver@ 00000001400120c8     pjlib-util-x86_64-x64-vc14-release:errno.obj
 0002:00001100       ??_C@_0DH@PHJBLCKD@No?5working?5DNS?5nameserver?5?$CIPJLIB@ 0000000140012100     pjlib-util-x86_64-x64-vc14-release:errno.obj
 0002:00001140       ??_C@_0EC@HJFBNLFC@No?5answer?5record?5in?5the?5DNS?5resp@ 0000000140012140     pjlib-util-x86_64-x64-vc14-release:errno.obj
 0002:00001188       ??_C@_0CN@DEFBDJKF@Invalid?5DNS?5answer?5?$CIPJLIB_UTIL_E@ 0000000140012188     pjlib-util-x86_64-x64-vc14-release:errno.obj
 0002:000011b8       ??_C@_0CN@BCAAPMPM@DNS?5?$CCFormat?5error?$CC?5?$CIPJLIB_UTIL_E@ 00000001400121b8     pjlib-util-x86_64-x64-vc14-release:errno.obj
 0002:000011e8       ??_C@_0DA@NBPIIAHM@DNS?5?$CCServer?5failure?$CC?5?$CIPJLIB_UTIL@ 00000001400121e8     pjlib-util-x86_64-x64-vc14-release:errno.obj
 0002:00001218       ??_C@_0CM@CNNJNBCA@DNS?5?$CCName?5Error?$CC?5?$CIPJLIB_UTIL_EDN@ 0000000140012218     pjlib-util-x86_64-x64-vc14-release:errno.obj
 0002:00001248       ??_C@_0DA@DIMDKHPM@DNS?5?$CCNot?5Implemented?$CC?5?$CIPJLIB_UTI@ 0000000140012248     pjlib-util-x86_64-x64-vc14-release:errno.obj
 0002:00001278       ??_C@_0CI@LDMKLLKJ@DNS?5?$CCRefused?$CC?5?$CIPJLIB_UTIL_EDNS_R@ 0000000140012278     pjlib-util-x86_64-x64-vc14-release:errno.obj
 0002:000012a0       ??_C@_0DB@PFAMNHPJ@DNS?5?$CCThe?5name?5exists?$CC?5?$CIPJLIB_UTI@ 00000001400122a0     pjlib-util-x86_64-x64-vc14-release:errno.obj
 0002:000012d8       ??_C@_0DO@OIIHMCI@DNS?5?$CCThe?5RRset?5?$CIname?0?5type?$CJ?5exis@ 00000001400122d8     pjlib-util-x86_64-x64-vc14-release:errno.obj
 0002:00001320       ??_C@_0EG@OMHMBNML@DNS?5?$CCThe?5RRset?5?$CIname?0?5type?$CJ?5does@ 0000000140012320     pjlib-util-x86_64-x64-vc14-release:errno.obj
 0002:00001368       ??_C@_0CP@HJODAHHO@DNS?5?$CCNot?5authorized?$CC?5?$CIPJLIB_UTIL@ 0000000140012368     pjlib-util-x86_64-x64-vc14-release:errno.obj
 0002:000013a0       ??_C@_0EB@GKEHOPAE@DNS?5?$CCThe?5zone?5specified?5is?5not?5a@ 00000001400123a0     pjlib-util-x86_64-x64-vc14-release:errno.obj
 0002:000013e8       ??_C@_0DH@EMGNELGL@Too?5many?5STUN?5attributes?5?$CIPJLIB_@ 00000001400123e8     pjlib-util-x86_64-x64-vc14-release:errno.obj
 0002:00001420       ??_C@_0DF@KMIPDCMM@Unknown?5STUN?5attribute?5?$CIPJLIB_UT@ 0000000140012420     pjlib-util-x86_64-x64-vc14-release:errno.obj
 0002:00001458       ??_C@_0DP@PDBNFLFH@Invalid?5STUN?5socket?5address?5leng@ 0000000140012458     pjlib-util-x86_64-x64-vc14-release:errno.obj
 0002:000014a0       ??_C@_0EA@NAKPKGDE@STUN?5IPv6?5attribute?5not?5supporte@ 00000001400124a0     pjlib-util-x86_64-x64-vc14-release:errno.obj
 0002:000014e0       ??_C@_0DO@LEKPMIHP@Expecting?5STUN?5response?5message?5@ 00000001400124e0     pjlib-util-x86_64-x64-vc14-release:errno.obj
 0002:00001520       ??_C@_0DJ@DDEJFFIL@STUN?5transaction?5ID?5mismatch?5?$CIPJ@ 0000000140012520     pjlib-util-x86_64-x64-vc14-release:errno.obj
 0002:00001560       ??_C@_0EI@BNLBFIKH@Unable?5to?5find?5STUN?5handler?5for?5@ 0000000140012560     pjlib-util-x86_64-x64-vc14-release:errno.obj
 0002:000015a8       ??_C@_0BM@LDLEGOFO@Unknown?5pjlib?9util?5error?5?$CFd?$AA@ 00000001400125a8     pjlib-util-x86_64-x64-vc14-release:errno.obj
 0002:000015e8       ??_C@_02LFBAKKMC@SC?$AA@   00000001400125e8     pjlib-util-x86_64-x64-vc14-release:cli.obj
 0002:000015ec       ??_C@_04OJAHODMC@Text?$AA@ 00000001400125ec     pjlib-util-x86_64-x64-vc14-release:cli.obj
 0002:000015f4       ??_C@_03DBLNGNIM@Int?$AA@  00000001400125f4     pjlib-util-x86_64-x64-vc14-release:cli.obj
 0002:000015f8       ??_C@_06PMIAHANM@Choice?$AA@ 00000001400125f8     pjlib-util-x86_64-x64-vc14-release:cli.obj
 0002:00001600       ??_C@_06DDDNEJEA@choice?$AA@ 0000000140012600     pjlib-util-x86_64-x64-vc14-release:cli.obj
 0002:00001607       ??_C@_00CNPNBAHC@?$AA@     0000000140012607     pjlib-util-x86_64-x64-vc14-release:cli.obj
 0002:00001610       ??_C@_0IA@IHKENAFH@?$DMCMD?5name?$DN?8log?8?5id?$DN?830000?8?5sc?$DN?8?8@ 0000000140012610     pjlib-util-x86_64-x64-vc14-release:cli.obj
 0002:00001690       ??_C@_0DN@JBMPIMOA@?$DMCMD?5name?$DN?8exit?8?5id?$DN?830001?8?5sc?$DN?8@ 0000000140012690     pjlib-util-x86_64-x64-vc14-release:cli.obj
 0002:000016d0       ??_C@_03CNKJKKE@cli?$AA@   00000001400126d0     pjlib-util-x86_64-x64-vc14-release:cli.obj
 0002:000016d8       ??_C@_0BK@DBPPABLN@Failed?5to?5add?5command?5?$CD?$CFd?$AA@ 00000001400126d8     pjlib-util-x86_64-x64-vc14-release:cli.obj
 0002:000016f4       ??_C@_05KGLCFCOD@cli?4c?$AA@ 00000001400126f4     pjlib-util-x86_64-x64-vc14-release:cli.obj
 0002:000016fc       ??_C@_02DPKJAMEF@?$CFd?$AA@ 00000001400126fc     pjlib-util-x86_64-x64-vc14-release:cli.obj
 0002:00001700       ??_C@_05MFEJDJP@value?$AA@ 0000000140012700     pjlib-util-x86_64-x64-vc14-release:cli.obj
 0002:00001708       ??_C@_04EBPADADD@desc?$AA@ 0000000140012708     pjlib-util-x86_64-x64-vc14-release:cli.obj
 0002:00001710       ??_C@_04MEMAJGDJ@name?$AA@ 0000000140012710     pjlib-util-x86_64-x64-vc14-release:cli.obj
 0002:00001718       ??_C@_02EGCJHIOB@id?$AA@   0000000140012718     pjlib-util-x86_64-x64-vc14-release:cli.obj
 0002:0000171c       ??_C@_04GPMDFGEJ@type?$AA@ 000000014001271c     pjlib-util-x86_64-x64-vc14-release:cli.obj
 0002:00001724       ??_C@_04CIMGMMMG@text?$AA@ 0000000140012724     pjlib-util-x86_64-x64-vc14-release:cli.obj
 0002:0000172c       ??_C@_03JBIPMCLC@int?$AA@  000000014001272c     pjlib-util-x86_64-x64-vc14-release:cli.obj
 0002:00001730       ??_C@_08EBGGHLAO@optional?$AA@ 0000000140012730     pjlib-util-x86_64-x64-vc14-release:cli.obj
 0002:0000173c       ??_C@_01HIHLOKLC@1?$AA@    000000014001273c     pjlib-util-x86_64-x64-vc14-release:cli.obj
 0002:00001740       ??_C@_08EBLJJHKN@validate?$AA@ 0000000140012740     pjlib-util-x86_64-x64-vc14-release:cli.obj
 0002:0000174c       ??_C@_03LLENEDKC@CMD?$AA@  000000014001274c     pjlib-util-x86_64-x64-vc14-release:cli.obj
 0002:00001750       ??_C@_02BINJMIIA@sc?$AA@   0000000140012750     pjlib-util-x86_64-x64-vc14-release:cli.obj
 0002:00001754       ??_C@_03CNBDDMKH@ARG?$AA@  0000000140012754     pjlib-util-x86_64-x64-vc14-release:cli.obj
 0002:00001758       ??_C@_03PJHHNEEI@xml?$AA@  0000000140012758     pjlib-util-x86_64-x64-vc14-release:cli.obj
 0002:00001760       ??_C@_0BL@IDNCPFLH@Error?3?5unable?5to?5parse?5XML?$AA@ 0000000140012760     pjlib-util-x86_64-x64-vc14-release:cli.obj
 0002:0000177c       ??_C@_03ECAGCCFB@?8?$CC?$HN?$AA@ 000000014001277c     pjlib-util-x86_64-x64-vc14-release:cli.obj
 0002:00001780       ??_C@_03BEFMIFNH@?8?$CC?$HL?$AA@ 0000000140012780     pjlib-util-x86_64-x64-vc14-release:cli.obj
 0002:00001784       ??_C@_04HHCDBDLF@?5?7?$AN?6?$AA@ 0000000140012784     pjlib-util-x86_64-x64-vc14-release:cli.obj
 0002:000017d0       ??_C@_0BN@IPGOFGHC@?$CFError?5?3?5Invalid?5Arguments?$AN?6?$AA@ 00000001400127d0     pjlib-util-x86_64-x64-vc14-release:cli_console.obj
 0002:000017f0       ??_C@_0BO@HKLDDDMM@?$CFError?5?3?5Too?5Many?5Arguments?$AN?6?$AA@ 00000001400127f0     pjlib-util-x86_64-x64-vc14-release:cli_console.obj
 0002:00001810       ??_C@_04EBNJJJJI@?$CF?4?$CKs?$AA@ 0000000140012810     pjlib-util-x86_64-x64-vc14-release:cli_console.obj
 0002:00001818       ??_C@_0L@FPHIBBAG@console_fe?$AA@ 0000000140012818     pjlib-util-x86_64-x64-vc14-release:cli_console.obj
 0002:00001824       ??_C@_04IMEJGNKP@?$DO?$DO?$DO?5?$AA@ 0000000140012824     pjlib-util-x86_64-x64-vc14-release:cli_console.obj
 0002:0000182c       ??_C@_02DKCKIIND@?$CFs?$AA@ 000000014001282c     pjlib-util-x86_64-x64-vc14-release:cli_console.obj
 0002:00001830       ??_C@_02PCIJFNDE@?$AN?6?$AA@ 0000000140012830     pjlib-util-x86_64-x64-vc14-release:cli_console.obj
 0002:00001834       ??_C@_01CLKCMJKC@?5?$AA@   0000000140012834     pjlib-util-x86_64-x64-vc14-release:cli_console.obj
 0002:00001838       ??_C@_01JKBOJNNK@?$FO?$AA@ 0000000140012838     pjlib-util-x86_64-x64-vc14-release:cli_console.obj
 0002:0000183c       ??_C@_02KNHHEEKP@?5?5?$AA@ 000000014001283c     pjlib-util-x86_64-x64-vc14-release:cli_console.obj
 0002:00001840       ??_C@_04DDJEOHF@?$AN?6?5?5?$AA@ 0000000140012840     pjlib-util-x86_64-x64-vc14-release:cli_console.obj
 0002:00001848       ??_C@_01OHGJGJJP@?$FL?$AA@ 0000000140012848     pjlib-util-x86_64-x64-vc14-release:cli_console.obj
 0002:0000184c       ??_C@_01LBDDMOBJ@?$FN?$AA@ 000000014001284c     pjlib-util-x86_64-x64-vc14-release:cli_console.obj
 0002:00001850       ??_C@_01MNNFJEPP@?$DM?$AA@ 0000000140012850     pjlib-util-x86_64-x64-vc14-release:cli_console.obj
 0002:00001854       ??_C@_01PPODPGHN@?$DO?$AA@ 0000000140012854     pjlib-util-x86_64-x64-vc14-release:cli_console.obj
 0002:00001858       ??_C@_03LGOGDKEL@?5?$HM?5?$AA@ 0000000140012858     pjlib-util-x86_64-x64-vc14-release:cli_console.obj
 0002:00001860       ??_C@_0M@LAOLDMLM@handle_hint?$AA@ 0000000140012860     pjlib-util-x86_64-x64-vc14-release:cli_console.obj
 0002:00001870       ??_C@_0M@KJAIKDIA@handle_exec?$AA@ 0000000140012870     pjlib-util-x86_64-x64-vc14-release:cli_console.obj
 0002:0000187c       ??_C@_01KDCPPGHE@r?$AA@    000000014001287c     pjlib-util-x86_64-x64-vc14-release:cli_console.obj
 0002:00001880       ??_C@_06GDENEHCP@CONIN$?$AA@ 0000000140012880     pjlib-util-x86_64-x64-vc14-release:cli_console.obj
 0002:00001888       ??_C@_0DE@KMLJCNEF@Cannot?5switch?5back?5to?5console?5fr@ 0000000140012888     pjlib-util-x86_64-x64-vc14-release:cli_console.obj
 0002:000018c0       ??_C@_0CP@LCNJNDBP@Switched?5back?5to?5console?5from?5fi@ 00000001400128c0     pjlib-util-x86_64-x64-vc14-release:cli_console.obj
 0002:00001948       ??_C@_0L@NEKFNNMM@handle_tab?$AA@ 0000000140012948     pjlib-util-x86_64-x64-vc14-release:cli_telnet.obj
 0002:00001958       ??_C@_0O@ONJEDMHC@handle_return?$AA@ 0000000140012958     pjlib-util-x86_64-x64-vc14-release:cli_telnet.obj
 0002:00001968       ??_C@_0BH@IIJPKDOG@?$DM?4?4data?5truncated?4?4?$DO?$AN?6?$AA@ 0000000140012968     pjlib-util-x86_64-x64-vc14-release:cli_telnet.obj
 0002:00001980       ??_C@_0BD@EDGHECDN@Error?5On?5data?5send?$AA@ 0000000140012980     pjlib-util-x86_64-x64-vc14-release:cli_telnet.obj
 0002:00001998       ??_C@_0N@IPEMLDNJ@cli_telnet?4c?$AA@ 0000000140012998     pjlib-util-x86_64-x64-vc14-release:cli_telnet.obj
 0002:000019a8       ??_C@_0BG@IIMMODFM@Error?5on?5data?5read?5?$CFd?$AA@ 00000001400129a8     pjlib-util-x86_64-x64-vc14-release:cli_telnet.obj
 0002:000019c0       ??_C@_0BI@FGEAGNLA@Error?5on?5data?5accept?5?$CFd?$AA@ 00000001400129c0     pjlib-util-x86_64-x64-vc14-release:cli_telnet.obj
 0002:000019d8       ??_C@_0M@EAEEIGHO@telnet_sess?$AA@ 00000001400129d8     pjlib-util-x86_64-x64-vc14-release:cli_telnet.obj
 0002:000019e8       ??_C@_0DB@GMPCGDOL@Not?5enough?5memory?5to?5create?5a?5ne@ 00000001400129e8     pjlib-util-x86_64-x64-vc14-release:cli_telnet.obj
 0002:00001a20       ??_C@_0BC@FFNCOBNJ@mutex_telnet_sess?$AA@ 0000000140012a20     pjlib-util-x86_64-x64-vc14-release:cli_telnet.obj
 0002:00001a38       ??_C@_0BP@BOMGCGBH@Failure?5creating?5active?5socket?$AA@ 0000000140012a38     pjlib-util-x86_64-x64-vc14-release:cli_telnet.obj
 0002:00001a58       ??_C@_0BO@LBKLDPHF@Failure?5reading?5active?5socket?$AA@ 0000000140012a58     pjlib-util-x86_64-x64-vc14-release:cli_telnet.obj
 0002:00001a78       ??_C@_09DKDLBLKO@telnet_fe?$AA@ 0000000140012a78     pjlib-util-x86_64-x64-vc14-release:cli_telnet.obj
 0002:00001a88       ??_C@_0BA@BJMFBIIP@mutex_telnet_fe?$AA@ 0000000140012a88     pjlib-util-x86_64-x64-vc14-release:cli_telnet.obj
 0002:00001a98       ??_C@_0BO@LNGEGFKJ@Failed?5setting?5socket?5options?$AA@ 0000000140012a98     pjlib-util-x86_64-x64-vc14-release:cli_telnet.obj
 0002:00001ab8       ??_C@_0CE@IGNJOCDM@Address?5is?5still?5in?5use?0?5retryin@ 0000000140012ab8     pjlib-util-x86_64-x64-vc14-release:cli_telnet.obj
 0002:00001adc       ??_C@_02LLMPMKNF@?$DO?5?$AA@ 0000000140012adc     pjlib-util-x86_64-x64-vc14-release:cli_telnet.obj
 0002:00001ae0       ??_C@_0BK@FMGILPIG@Failed?5binding?5the?5socket?$AA@ 0000000140012ae0     pjlib-util-x86_64-x64-vc14-release:cli_telnet.obj
 0002:00001b00       ??_C@_0BB@LOAHFKNN@worker_telnet_fe?$AA@ 0000000140012b00     pjlib-util-x86_64-x64-vc14-release:cli_telnet.obj
 0002:00001b18       ??_C@_0BB@MEBBOAAM@Telnet?5Restarted?$AA@ 0000000140012b18     pjlib-util-x86_64-x64-vc14-release:cli_telnet.obj
 0002:00001b30       ??_C@_0BM@HBCIEFJJ@?4?4?2src?2pjlib?9util?2scanner?4c?$AA@ 0000000140012b30     pjlib-util-x86_64-x64-vc14-release:scanner.obj
 0002:00001b50       ??_C@_0BI@LDPGPFDH@?4?4?2src?2pjlib?9util?2xml?4c?$AA@ 0000000140012b50     pjlib-util-x86_64-x64-vc14-release:xml.obj
 0002:00001b68       ??_C@_02KBFACPPK@?$DM?$CB?$AA@ 0000000140012b68     pjlib-util-x86_64-x64-vc14-release:xml.obj
 0002:00001b6c       ??_C@_06MKPKJMEK@?5?1?$DO?7?$AN?6?$AA@ 0000000140012b6c     pjlib-util-x86_64-x64-vc14-release:xml.obj
 0002:00001b74       ??_C@_06NLKJJJJJ@?$DN?$DO?5?7?$AN?6?$AA@ 0000000140012b74     pjlib-util-x86_64-x64-vc14-release:xml.obj
 0002:00001b7c       ??_C@_02OBLCAGAG@?$CC?8?$AA@ 0000000140012b7c     pjlib-util-x86_64-x64-vc14-release:xml.obj
 0002:00001b80       ??_C@_09BLLNCBLF@?$DM?$CB?$FLCDATA?$FL?$AA@ 0000000140012b80     pjlib-util-x86_64-x64-vc14-release:xml.obj
 0002:00001b8c       ??_C@_03MCHNFBAC@?$FN?$FN?$DO?$AA@ 0000000140012b8c     pjlib-util-x86_64-x64-vc14-release:xml.obj
 0002:00001b90       ??_C@_03DAJNKPCP@?5?7?$DO?$AA@ 0000000140012b90     pjlib-util-x86_64-x64-vc14-release:xml.obj
 0002:00001b98       ??_C@_0CO@GIBLJIOM@Syntax?5error?5parsing?5XML?5in?5line@ 0000000140012b98     pjlib-util-x86_64-x64-vc14-release:xml.obj
 0002:00001bc8       ??_C@_05MFBNHJDJ@xml?4c?$AA@ 0000000140012bc8     pjlib-util-x86_64-x64-vc14-release:xml.obj
 0002:00001bd0       ??_C@_04IFCNACLH@pj?$CFp?$AA@ 0000000140012bd0     pjlib-x86_64-x64-vc14-release:os_core_win32.obj
 0002:00001bd8       ??_C@_0BA@NGJFHJA@PJLIB?1No?5memory?$AA@ 0000000140012bd8     pjlib-x86_64-x64-vc14-release:os_core_win32.obj
 0002:00001be8       ??_C@_0BP@NGEKBPIB@pjlib?5?$CFs?5for?5win32?5initialized?$AA@ 0000000140012be8     pjlib-x86_64-x64-vc14-release:os_core_win32.obj
 0002:00001c08       ??_C@_0BA@FNCACAIG@os_core_win32?4c?$AA@ 0000000140012c08     pjlib-x86_64-x64-vc14-release:os_core_win32.obj
 0002:00001c18       ??_C@_0CI@EAKIIBBA@Main?5thread?5stack?5max?5usage?$DN?$CFu?5b@ 0000000140012c18     pjlib-x86_64-x64-vc14-release:os_core_win32.obj
 0002:00001c40       ??_C@_0BK@BHGJHPMG@?4?4?2src?2pj?2os_core_win32?4c?$AA@ 0000000140012c40     pjlib-x86_64-x64-vc14-release:os_core_win32.obj
 0002:00001c5c       ??_C@_05KHEDLION@thr?$CFp?$AA@ 0000000140012c5c     pjlib-x86_64-x64-vc14-release:os_core_win32.obj
 0002:00001c68       ??_C@_0CD@GPHECFNA@Thread?5stack?5max?5usage?$DN?$CFu?5by?5?$CFs?3@ 0000000140012c68     pjlib-x86_64-x64-vc14-release:os_core_win32.obj
 0002:00001c8c       ??_C@_05EJDHHBFJ@mtx?$CFp?$AA@ 0000000140012c8c     pjlib-x86_64-x64-vc14-release:os_core_win32.obj
 0002:00001c94       ??_C@_05EKKMALCN@sem?$CFp?$AA@ 0000000140012c94     pjlib-x86_64-x64-vc14-release:os_core_win32.obj
 0002:00001ca0       ??_C@_0CH@OGOOBJBE@IPv6?5is?5not?5supported?5?$CIPJ_EIPV6N@ 0000000140012ca0     pjlib-x86_64-x64-vc14-release:errno.obj
 0002:00001cc8       ??_C@_0CK@DJAHHNOI@Unsupported?5address?5family?5?$CIPJ_E@ 0000000140012cc8     pjlib-x86_64-x64-vc14-release:errno.obj
 0002:00001cf8       ??_C@_0CD@PDGCJOJH@Object?5no?5longer?5exists?5?$CIPJ_EGON@ 0000000140012cf8     pjlib-x86_64-x64-vc14-release:errno.obj
 0002:00001d20       ??_C@_0CI@LBHALONI@Socket?5is?5in?5bad?5state?5?$CIPJ_ESOCK@ 0000000140012d20     pjlib-x86_64-x64-vc14-release:errno.obj
 0002:00001ed0       ??_C@_0BM@FLPPOGAG@Unknown?5Error?5?$CIPJ_EUNKNOWN?$CJ?$AA@ 0000000140012ed0     pjlib-x86_64-x64-vc14-release:errno.obj
 0002:00001ef0       ??_C@_0CA@DCLOOJGD@Pending?5operation?5?$CIPJ_EPENDING?$CJ?$AA@ 0000000140012ef0     pjlib-x86_64-x64-vc14-release:errno.obj
 0002:00001f10       ??_C@_0CO@GABEOAFF@Too?5many?5connecting?5sockets?5?$CIPJ_@ 0000000140012f10     pjlib-x86_64-x64-vc14-release:errno.obj
 0002:00001f40       ??_C@_0CG@CBCJBJGD@Invalid?5value?5or?5argument?5?$CIPJ_EI@ 0000000140012f40     pjlib-x86_64-x64-vc14-release:errno.obj
 0002:00001f68       ??_C@_0CA@GJABNEKD@Name?5too?5long?5?$CIPJ_ENAMETOOLONG?$CJ?$AA@ 0000000140012f68     pjlib-x86_64-x64-vc14-release:errno.obj
 0002:00001f88       ??_C@_0BJ@JNKLPII@Not?5found?5?$CIPJ_ENOTFOUND?$CJ?$AA@ 0000000140012f88     pjlib-x86_64-x64-vc14-release:errno.obj
 0002:00001fa8       ??_C@_0BO@GOLCMJKK@Not?5enough?5memory?5?$CIPJ_ENOMEM?$CJ?$AA@ 0000000140012fa8     pjlib-x86_64-x64-vc14-release:errno.obj
 0002:00001fc8       ??_C@_0BI@HHGDCAID@BUG?5DETECTED?$CB?5?$CIPJ_EBUG?$CJ?$AA@ 0000000140012fc8     pjlib-x86_64-x64-vc14-release:errno.obj
 0002:00001fe0       ??_C@_0CD@JOGIDHPJ@Operation?5timed?5out?5?$CIPJ_ETIMEDOU@ 0000000140012fe0     pjlib-x86_64-x64-vc14-release:errno.obj
 0002:00002008       ??_C@_0DF@MIFNAIHL@Too?5many?5objects?5of?5the?5specifie@ 0000000140013008     pjlib-x86_64-x64-vc14-release:errno.obj
 0002:00002040       ??_C@_0BK@OMPILOH@Object?5is?5busy?5?$CIPJ_EBUSY?$CJ?$AA@ 0000000140013040     pjlib-x86_64-x64-vc14-release:errno.obj
 0002:00002060       ??_C@_0CP@BAIBJOJE@Option?1operation?5is?5not?5supporte@ 0000000140013060     pjlib-x86_64-x64-vc14-release:errno.obj
 0002:00002090       ??_C@_0CC@OEEEEEML@Invalid?5operation?5?$CIPJ_EINVALIDOP@ 0000000140013090     pjlib-x86_64-x64-vc14-release:errno.obj
 0002:000020b8       ??_C@_0CE@KDDMJLGF@Operation?5cancelled?5?$CIPJ_ECANCELL@ 00000001400130b8     pjlib-x86_64-x64-vc14-release:errno.obj
 0002:000020e0       ??_C@_0CD@LODOFNLC@Object?5already?5exists?5?$CIPJ_EEXIST@ 00000001400130e0     pjlib-x86_64-x64-vc14-release:errno.obj
 0002:00002108       ??_C@_0BG@GMBDFNLN@End?5of?5file?5?$CIPJ_EEOF?$CJ?$AA@ 0000000140013108     pjlib-x86_64-x64-vc14-release:errno.obj
 0002:00002120       ??_C@_0BN@PCCNBFLN@Size?5is?5too?5big?5?$CIPJ_ETOOBIG?$CJ?$AA@ 0000000140013120     pjlib-x86_64-x64-vc14-release:errno.obj
 0002:00002140       ??_C@_0DB@FDCHLEID@gethostbyname?$CI?$CJ?5has?5returned?5err@ 0000000140013140     pjlib-x86_64-x64-vc14-release:errno.obj
 0002:00002178       ??_C@_0CB@MGGLJMNO@Size?5is?5too?5short?5?$CIPJ_ETOOSMALL?$CJ@ 0000000140013178     pjlib-x86_64-x64-vc14-release:errno.obj
 0002:000021a0       ??_C@_0BG@NBDJGAFI@Ignored?5?$CIPJ_EIGNORED?$CJ?$AA@ 00000001400131a0     pjlib-x86_64-x64-vc14-release:errno.obj
 0002:000021b8       ??_C@_0BH@ONDLFCEA@Unknown?5pjlib?5error?5?$CFd?$AA@ 00000001400131b8     pjlib-x86_64-x64-vc14-release:errno.obj
 0002:000021d0       ??_C@_07PBILKAFL@Success?$AA@ 00000001400131d0     pjlib-x86_64-x64-vc14-release:errno.obj
 0002:000021d8       ??_C@_0BB@BIKLJNJD@Unknown?5error?5?$CFd?$AA@ 00000001400131d8     pjlib-x86_64-x64-vc14-release:errno.obj
 0002:000021ec       ??_C@_05NAOIJFC@Error?$AA@ 00000001400131ec     pjlib-x86_64-x64-vc14-release:errno.obj
 0002:000021f4       ??_C@_06DJHOIPC@?$CFs?3?5?$CFs?$AA@ 00000001400131f4     pjlib-x86_64-x64-vc14-release:errno.obj
 0002:00002200       ??_C@_0BA@CLLJDBF@?4?4?2src?2pj?2log?4c?$AA@ 0000000140013200     pjlib-x86_64-x64-vc14-release:log.obj
 0002:00002210       ??_C@_06DDFOEFIF@FATAL?3?$AA@ 0000000140013210     pjlib-x86_64-x64-vc14-release:log.obj
 0002:00002218       ??_C@_06PONDCDME@ERROR?3?$AA@ 0000000140013218     pjlib-x86_64-x64-vc14-release:log.obj
 0002:00002220       ??_C@_06OHJPOJDB@?5WARN?3?$AA@ 0000000140013220     pjlib-x86_64-x64-vc14-release:log.obj
 0002:00002228       ??_C@_06ICKKLHPE@?5INFO?3?$AA@ 0000000140013228     pjlib-x86_64-x64-vc14-release:log.obj
 0002:00002230       ??_C@_06DNOFLLB@DEBUG?3?$AA@ 0000000140013230     pjlib-x86_64-x64-vc14-release:log.obj
 0002:00002238       ??_C@_06ELIFFDKB@TRACE?3?$AA@ 0000000140013238     pjlib-x86_64-x64-vc14-release:log.obj
 0002:00002240       ??_C@_06HGKAKJPG@DETRC?3?$AA@ 0000000140013240     pjlib-x86_64-x64-vc14-release:log.obj
 0002:00002248       ??_C@_03KOEHGMDN@Sun?$AA@  0000000140013248     pjlib-x86_64-x64-vc14-release:log.obj
 0002:0000224c       ??_C@_03PDAGKDH@Mon?$AA@   000000014001324c     pjlib-x86_64-x64-vc14-release:log.obj
 0002:00002250       ??_C@_03NAGEINEP@Tue?$AA@  0000000140013250     pjlib-x86_64-x64-vc14-release:log.obj
 0002:00002254       ??_C@_03MHOMLAJA@Wed?$AA@  0000000140013254     pjlib-x86_64-x64-vc14-release:log.obj
 0002:00002258       ??_C@_03IOFIKPDN@Thu?$AA@  0000000140013258     pjlib-x86_64-x64-vc14-release:log.obj
 0002:0000225c       ??_C@_03IDIOELNC@Fri?$AA@  000000014001325c     pjlib-x86_64-x64-vc14-release:log.obj
 0002:00002260       ??_C@_03FEFJNEK@Sat?$AA@   0000000140013260     pjlib-x86_64-x64-vc14-release:log.obj
 0002:00002268       ??_C@_0BO@BGMDCDKP@?$DMlogging?5error?3?5msg?5too?5long?$DO?$AA@ 0000000140013268     pjlib-x86_64-x64-vc14-release:log.obj
 0002:00002288       ??_C@_0BD@ELEDKDKB@?4?4?2src?2pj?2string?4c?$AA@ 0000000140013288     pjlib-x86_64-x64-vc14-release:string.obj
 0002:000022a0       ??_C@_0BJ@MJKAJPML@?4?4?2src?2pj?2pool_caching?4c?$AA@ 00000001400132a0     pjlib-x86_64-x64-vc14-release:pool_caching.obj
 0002:000022c0       ??_C@_0M@IGFPEOLJ@cachingpool?$AA@ 00000001400132c0     pjlib-x86_64-x64-vc14-release:pool_caching.obj
 0002:000022d0       ??_C@_0DD@ECGDPCBA@Pool?5is?5not?5released?5by?5applicat@ 00000001400132d0     pjlib-x86_64-x64-vc14-release:pool_caching.obj
 0002:00002308       ??_C@_0BH@BBPHJKOA@?5Dumping?5caching?5pool?3?$AA@ 0000000140013308     pjlib-x86_64-x64-vc14-release:pool_caching.obj
 0002:00002320       ??_C@_08COPEICHG@cachpool?$AA@ 0000000140013320     pjlib-x86_64-x64-vc14-release:pool_caching.obj
 0002:00002330       ??_C@_0CN@DOKPIIOH@?5?5?5Capacity?$DN?$CFu?0?5max_capacity?$DN?$CFu?0@ 0000000140013330     pjlib-x86_64-x64-vc14-release:pool_caching.obj
 0002:00002360       ??_C@_0BM@IDLDGCC@?5?5Dumping?5all?5active?5pools?3?$AA@ 0000000140013360     pjlib-x86_64-x64-vc14-release:pool_caching.obj
 0002:00002380       ??_C@_0CA@MMLIKIEG@?5?5?5?$CF16s?3?5?$CF8d?5of?5?$CF8d?5?$CI?$CFd?$CF?$CF?$CJ?5used?$AA@ 0000000140013380     pjlib-x86_64-x64-vc14-release:pool_caching.obj
 0002:000023a0       ??_C@_0CB@GKBJPDKG@?5?5Total?5?$CF9d?5of?5?$CF9d?5?$CI?$CFd?5?$CF?$CF?$CJ?5used?$CB@ 00000001400133a0     pjlib-x86_64-x64-vc14-release:pool_caching.obj
 0002:000023c8       ??_C@_0CD@KFHCCJFN@?$CB?$CB?$CBFATAL?3?5unhandled?5exception?5?$CFs@ 00000001400133c8     pjlib-x86_64-x64-vc14-release:except.obj
 0002:000023f0       ??_C@_08PDFMOJIE@except?4c?$AA@ 00000001400133f0     pjlib-x86_64-x64-vc14-release:except.obj
 0002:00002400       ??_C@_0N@GJOLEKJC@?$DMInvalid?5ID?$DO?$AA@ 0000000140013400     pjlib-x86_64-x64-vc14-release:except.obj
 0002:00002410       ??_C@_0N@LJPLLMIL@exception?5?$CFd?$AA@ 0000000140013410     pjlib-x86_64-x64-vc14-release:except.obj
 0002:00002420       ??_C@_0BB@LOBHAKEP@?4?4?2src?2pj?2hash?4c?$AA@ 0000000140013420     pjlib-x86_64-x64-vc14-release:hash.obj
 0002:00002438       ??_C@_0BB@PKFOFEEC@?4?4?2src?2pj?2pool?4c?$AA@ 0000000140013438     pjlib-x86_64-x64-vc14-release:pool.obj
 0002:00002450       ??_C@_0HG@CMNADICF@c?3?2users?2user?2documents?2github?2a@ 0000000140013450     pjlib-x86_64-x64-vc14-release:ioqueue_select.obj
 0002:000024c8       ??_C@_05LIJONKFG@ioq?$CFp?$AA@ 00000001400134c8     pjlib-x86_64-x64-vc14-release:ioqueue_select.obj
 0002:000024d0       ??_C@_0CA@IMDCINDN@select?$CI?$CJ?5I?1O?5Queue?5created?5?$CI?$CFp?$CJ?$AA@ 00000001400134d0     pjlib-x86_64-x64-vc14-release:ioqueue_select.obj
 0002:000024f0       ??_C@_05PHKAINEA@pjlib?$AA@ 00000001400134f0     pjlib-x86_64-x64-vc14-release:ioqueue_select.obj
 0002:000024f8       ??_C@_0CJ@NPMLHLI@Bad?5ioqueue?5count?5in?5key?5unregis@ 00000001400134f8     pjlib-x86_64-x64-vc14-release:ioqueue_select.obj
 0002:00002528       ??_C@_0L@CAJCIPAG@ioq_select?$AA@ 0000000140013528     pjlib-x86_64-x64-vc14-release:ioqueue_select.obj
 0002:00002538       ??_C@_0BI@IIPAIKDD@?4?4?2src?2pj?2sock_common?4c?$AA@ 0000000140013538     pjlib-x86_64-x64-vc14-release:sock_common.obj
 0002:00002550       PJ_IPV6_TCLASS             0000000140013550     pjlib-x86_64-x64-vc14-release:sock_bsd.obj
 0002:00002554       PJ_SO_TYPE                 0000000140013554     pjlib-x86_64-x64-vc14-release:sock_bsd.obj
 0002:00002558       PJ_SO_RCVBUF               0000000140013558     pjlib-x86_64-x64-vc14-release:sock_bsd.obj
 0002:0000255c       PJ_SO_SNDBUF               000000014001355c     pjlib-x86_64-x64-vc14-release:sock_bsd.obj
 0002:00002560       PJ_TCP_NODELAY             0000000140013560     pjlib-x86_64-x64-vc14-release:sock_bsd.obj
 0002:00002564       PJ_SO_REUSEADDR            0000000140013564     pjlib-x86_64-x64-vc14-release:sock_bsd.obj
 0002:00002568       PJ_SO_NOSIGPIPE            0000000140013568     pjlib-x86_64-x64-vc14-release:sock_bsd.obj
 0002:0000256c       PJ_SO_PRIORITY             000000014001356c     pjlib-x86_64-x64-vc14-release:sock_bsd.obj
 0002:00002570       PJ_IP_MULTICAST_IF         0000000140013570     pjlib-x86_64-x64-vc14-release:sock_bsd.obj
 0002:00002574       PJ_IP_MULTICAST_TTL        0000000140013574     pjlib-x86_64-x64-vc14-release:sock_bsd.obj
 0002:00002578       PJ_IP_MULTICAST_LOOP       0000000140013578     pjlib-x86_64-x64-vc14-release:sock_bsd.obj
 0002:0000257c       PJ_IP_ADD_MEMBERSHIP       000000014001357c     pjlib-x86_64-x64-vc14-release:sock_bsd.obj
 0002:00002580       PJ_IP_DROP_MEMBERSHIP      0000000140013580     pjlib-x86_64-x64-vc14-release:sock_bsd.obj
 0002:00002584       PJ_MSG_OOB                 0000000140013584     pjlib-x86_64-x64-vc14-release:sock_bsd.obj
 0002:00002588       PJ_MSG_PEEK                0000000140013588     pjlib-x86_64-x64-vc14-release:sock_bsd.obj
 0002:0000258c       PJ_MSG_DONTROUTE           000000014001358c     pjlib-x86_64-x64-vc14-release:sock_bsd.obj
 0002:00002590       PJ_AF_UNSPEC               0000000140013590     pjlib-x86_64-x64-vc14-release:sock_bsd.obj
 0002:00002594       PJ_AF_UNIX                 0000000140013594     pjlib-x86_64-x64-vc14-release:sock_bsd.obj
 0002:00002598       PJ_AF_INET                 0000000140013598     pjlib-x86_64-x64-vc14-release:sock_bsd.obj
[...]
 0004:00000dec       $pdata$2$pj_ioqueue_accept 0000000140019dec     pjlib-x86_64-x64-vc14-release:ioqueue_select.obj
 0004:00000df8       $pdata$4$pj_ioqueue_accept 0000000140019df8     pjlib-x86_64-x64-vc14-release:ioqueue_select.obj
 0004:00000e04       $pdata$5$pj_ioqueue_accept 0000000140019e04     pjlib-x86_64-x64-vc14-release:ioqueue_select.obj
 0004:00000e10       $pdata$pj_ioqueue_create   0000000140019e10     pjlib-x86_64-x64-vc14-release:ioqueue_select.obj
 0004:00000e1c       $pdata$1$pj_ioqueue_create 0000000140019e1c     pjlib-x86_64-x64-vc14-release:ioqueue_select.obj
 0004:00000e28       $pdata$4$pj_ioqueue_create 0000000140019e28     pjlib-x86_64-x64-vc14-release:ioqueue_select.obj
 0004:00000e34       $pdata$5$pj_ioqueue_create 0000000140019e34     pjlib-x86_64-x64-vc14-release:ioqueue_select.obj
 0004:00000e40       $pdata$7$pj_ioqueue_create 0000000140019e40     pjlib-x86_64-x64-vc14-release:ioqueue_select.obj
 0004:00000e4c       $pdata$8$pj_ioqueue_create 0000000140019e4c     pjlib-x86_64-x64-vc14-release:ioqueue_select.obj
 0004:00000e58       $pdata$pj_ioqueue_destroy  0000000140019e58     pjlib-x86_64-x64-vc14-release:ioqueue_select.obj
 0004:00000e64       $pdata$1$pj_ioqueue_destroy 0000000140019e64     pjlib-x86_64-x64-vc14-release:ioqueue_select.obj
 0004:00000e70       $pdata$2$pj_ioqueue_destroy 0000000140019e70     pjlib-x86_64-x64-vc14-release:ioqueue_select.obj
 0004:00000e7c       $pdata$pj_ioqueue_poll     0000000140019e7c     pjlib-x86_64-x64-vc14-release:ioqueue_select.obj
 0004:00000e88       $pdata$0$pj_ioqueue_poll   0000000140019e88     pjlib-x86_64-x64-vc14-release:ioqueue_select.obj
 0004:00000e94       $pdata$1$pj_ioqueue_poll   0000000140019e94     pjlib-x86_64-x64-vc14-release:ioqueue_select.obj
 0004:00000ea0       $pdata$4$pj_ioqueue_poll   0000000140019ea0     pjlib-x86_64-x64-vc14-release:ioqueue_select.obj
 0004:00000eac       $pdata$5$pj_ioqueue_poll   0000000140019eac     pjlib-x86_64-x64-vc14-release:ioqueue_select.obj
 0004:00000eb8       $pdata$6$pj_ioqueue_poll   0000000140019eb8     pjlib-x86_64-x64-vc14-release:ioqueue_select.obj
 0004:00000ec4       $pdata$7$pj_ioqueue_poll   0000000140019ec4     pjlib-x86_64-x64-vc14-release:ioqueue_select.obj
 0004:00000ed0       $pdata$8$pj_ioqueue_poll   0000000140019ed0     pjlib-x86_64-x64-vc14-release:ioqueue_select.obj
 0004:00000edc       $pdata$9$pj_ioqueue_poll   0000000140019edc     pjlib-x86_64-x64-vc14-release:ioqueue_select.obj
 0004:00000ee8       $pdata$pj_ioqueue_recv     0000000140019ee8     pjlib-x86_64-x64-vc14-release:ioqueue_select.obj
 0004:00000ef4       $pdata$0$pj_ioqueue_recv   0000000140019ef4     pjlib-x86_64-x64-vc14-release:ioqueue_select.obj
 0004:00000f00       $pdata$2$pj_ioqueue_recv   0000000140019f00     pjlib-x86_64-x64-vc14-release:ioqueue_select.obj
 0004:00000f0c       $pdata$3$pj_ioqueue_recv   0000000140019f0c     pjlib-x86_64-x64-vc14-release:ioqueue_select.obj
 0004:00000f18       $pdata$pj_ioqueue_recvfrom 0000000140019f18     pjlib-x86_64-x64-vc14-release:ioqueue_select.obj
 0004:00000f24       $pdata$2$pj_ioqueue_recvfrom 0000000140019f24     pjlib-x86_64-x64-vc14-release:ioqueue_select.obj
 0004:00000f30       $pdata$4$pj_ioqueue_recvfrom 0000000140019f30     pjlib-x86_64-x64-vc14-release:ioqueue_select.obj
 0004:00000f3c       $pdata$5$pj_ioqueue_recvfrom 0000000140019f3c     pjlib-x86_64-x64-vc14-release:ioqueue_select.obj
 0004:00000f48       $pdata$pj_ioqueue_register_sock2 0000000140019f48     pjlib-x86_64-x64-vc14-release:ioqueue_select.obj
 0004:00000f54       $pdata$pj_ioqueue_send     0000000140019f54     pjlib-x86_64-x64-vc14-release:ioqueue_select.obj
 0004:00000f60       $pdata$1$pj_ioqueue_send   0000000140019f60     pjlib-x86_64-x64-vc14-release:ioqueue_select.obj
 0004:00000f6c       $pdata$2$pj_ioqueue_send   0000000140019f6c     pjlib-x86_64-x64-vc14-release:ioqueue_select.obj
 0004:00000f78       $pdata$3$pj_ioqueue_send   0000000140019f78     pjlib-x86_64-x64-vc14-release:ioqueue_select.obj
 0004:00000f84       $pdata$5$pj_ioqueue_send   0000000140019f84     pjlib-x86_64-x64-vc14-release:ioqueue_select.obj
 0004:00000f90       $pdata$6$pj_ioqueue_send   0000000140019f90     pjlib-x86_64-x64-vc14-release:ioqueue_select.obj
 0004:00000f9c       $pdata$pj_ioqueue_set_lock 0000000140019f9c     pjlib-x86_64-x64-vc14-release:ioqueue_select.obj
 0004:00000fa8       $pdata$pj_ioqueue_unregister 0000000140019fa8     pjlib-x86_64-x64-vc14-release:ioqueue_select.obj
 0004:00000fb4       $pdata$0$pj_ioqueue_unregister 0000000140019fb4     pjlib-x86_64-x64-vc14-release:ioqueue_select.obj
 0004:00000fc0       $pdata$2$pj_ioqueue_unregister 0000000140019fc0     pjlib-x86_64-x64-vc14-release:ioqueue_select.obj
 0004:00000fcc       $pdata$4$pj_ioqueue_unregister 0000000140019fcc     pjlib-x86_64-x64-vc14-release:ioqueue_select.obj
 0004:00000fd8       $pdata$scan_closing_keys   0000000140019fd8     pjlib-x86_64-x64-vc14-release:ioqueue_select.obj
 0004:00000fe4       $pdata$0$scan_closing_keys 0000000140019fe4     pjlib-x86_64-x64-vc14-release:ioqueue_select.obj
 0004:00000ff0       $pdata$1$scan_closing_keys 0000000140019ff0     pjlib-x86_64-x64-vc14-release:ioqueue_select.obj
 0004:00000ffc       $pdata$pj_sockaddr_in_init 0000000140019ffc     pjlib-x86_64-x64-vc14-release:sock_common.obj
 0004:00001008       $pdata$pj_sockaddr_in_set_str_addr 000000014001a008     pjlib-x86_64-x64-vc14-release:sock_common.obj
 0004:00001014       $pdata$pj_gethostname      000000014001a014     pjlib-x86_64-x64-vc14-release:sock_bsd.obj
 0004:00001020       $pdata$0$pj_gethostname    000000014001a020     pjlib-x86_64-x64-vc14-release:sock_bsd.obj
 0004:0000102c       $pdata$2$pj_gethostname    000000014001a02c     pjlib-x86_64-x64-vc14-release:sock_bsd.obj
 0004:00001038       $pdata$3$pj_gethostname    000000014001a038     pjlib-x86_64-x64-vc14-release:sock_bsd.obj
 0004:00001044       $pdata$pj_inet_aton        000000014001a044     pjlib-x86_64-x64-vc14-release:sock_bsd.obj
 0004:00001050       $pdata$pj_sock_accept      000000014001a050     pjlib-x86_64-x64-vc14-release:sock_bsd.obj
 0004:0000105c       $pdata$pj_sock_bind        000000014001a05c     pjlib-x86_64-x64-vc14-release:sock_bsd.obj
 0004:00001068       $pdata$pj_sock_close       000000014001a068     pjlib-x86_64-x64-vc14-release:sock_bsd.obj
 0004:00001074       $pdata$pj_sock_getsockname 000000014001a074     pjlib-x86_64-x64-vc14-release:sock_bsd.obj
 0004:00001080       $pdata$pj_sock_getsockopt  000000014001a080     pjlib-x86_64-x64-vc14-release:sock_bsd.obj
 0004:0000108c       $pdata$pj_sock_listen      000000014001a08c     pjlib-x86_64-x64-vc14-release:sock_bsd.obj
 0004:00001098       $pdata$pj_sock_recv        000000014001a098     pjlib-x86_64-x64-vc14-release:sock_bsd.obj
 0004:000010a4       $pdata$pj_sock_recvfrom    000000014001a0a4     pjlib-x86_64-x64-vc14-release:sock_bsd.obj
 0004:000010b0       $pdata$pj_sock_send        000000014001a0b0     pjlib-x86_64-x64-vc14-release:sock_bsd.obj
 0004:000010bc       $pdata$pj_sock_sendto      000000014001a0bc     pjlib-x86_64-x64-vc14-release:sock_bsd.obj
 0004:000010c8       $pdata$pj_sock_setsockopt  000000014001a0c8     pjlib-x86_64-x64-vc14-release:sock_bsd.obj
 0004:000010d4       $pdata$pj_sock_socket      000000014001a0d4     pjlib-x86_64-x64-vc14-release:sock_bsd.obj
 0004:000010e0       $pdata$ioqueue_on_accept_complete 000000014001a0e0     pjlib-x86_64-x64-vc14-release:activesock.obj
 0004:000010ec       $pdata$0$ioqueue_on_accept_complete 000000014001a0ec     pjlib-x86_64-x64-vc14-release:activesock.obj
 0004:000010f8       $pdata$1$ioqueue_on_accept_complete 000000014001a0f8     pjlib-x86_64-x64-vc14-release:activesock.obj
 0004:00001104       $pdata$2$ioqueue_on_accept_complete 000000014001a104     pjlib-x86_64-x64-vc14-release:activesock.obj
 0004:00001110       $pdata$ioqueue_on_connect_complete 000000014001a110     pjlib-x86_64-x64-vc14-release:activesock.obj
 0004:0000111c       $pdata$ioqueue_on_read_complete 000000014001a11c     pjlib-x86_64-x64-vc14-release:activesock.obj
 0004:00001128       $pdata$ioqueue_on_write_complete 000000014001a128     pjlib-x86_64-x64-vc14-release:activesock.obj
 0004:00001134       $pdata$0$ioqueue_on_write_complete 000000014001a134     pjlib-x86_64-x64-vc14-release:activesock.obj
 0004:00001140       $pdata$1$ioqueue_on_write_complete 000000014001a140     pjlib-x86_64-x64-vc14-release:activesock.obj
 0004:0000114c       $pdata$pj_activesock_close 000000014001a14c     pjlib-x86_64-x64-vc14-release:activesock.obj
 0004:00001158       $pdata$1$pj_activesock_close 000000014001a158     pjlib-x86_64-x64-vc14-release:activesock.obj
 0004:00001164       $pdata$2$pj_activesock_close 000000014001a164     pjlib-x86_64-x64-vc14-release:activesock.obj
 0004:00001170       $pdata$pj_activesock_create 000000014001a170     pjlib-x86_64-x64-vc14-release:activesock.obj
 0004:0000117c       $pdata$0$pj_activesock_create 000000014001a17c     pjlib-x86_64-x64-vc14-release:activesock.obj
 0004:00001188       $pdata$1$pj_activesock_create 000000014001a188     pjlib-x86_64-x64-vc14-release:activesock.obj
 0004:00001194       $pdata$2$pj_activesock_create 000000014001a194     pjlib-x86_64-x64-vc14-release:activesock.obj
 0004:000011a0       $pdata$3$pj_activesock_create 000000014001a1a0     pjlib-x86_64-x64-vc14-release:activesock.obj
 0004:000011ac       $pdata$4$pj_activesock_create 000000014001a1ac     pjlib-x86_64-x64-vc14-release:activesock.obj
 0004:000011b8       $pdata$5$pj_activesock_create 000000014001a1b8     pjlib-x86_64-x64-vc14-release:activesock.obj
 0004:000011c4       $pdata$pj_activesock_send  000000014001a1c4     pjlib-x86_64-x64-vc14-release:activesock.obj
 0004:000011d0       $pdata$1$pj_activesock_send 000000014001a1d0     pjlib-x86_64-x64-vc14-release:activesock.obj
 0004:000011dc       $pdata$3$pj_activesock_send 000000014001a1dc     pjlib-x86_64-x64-vc14-release:activesock.obj
 0004:000011e8       $pdata$4$pj_activesock_send 000000014001a1e8     pjlib-x86_64-x64-vc14-release:activesock.obj
 0004:000011f4       $pdata$pj_activesock_start_accept 000000014001a1f4     pjlib-x86_64-x64-vc14-release:activesock.obj
 0004:00001200       $pdata$pj_activesock_start_read 000000014001a200     pjlib-x86_64-x64-vc14-release:activesock.obj
 0004:0000120c       $pdata$1$pj_activesock_start_read 000000014001a20c     pjlib-x86_64-x64-vc14-release:activesock.obj
 0004:00001218       $pdata$2$pj_activesock_start_read 000000014001a218     pjlib-x86_64-x64-vc14-release:activesock.obj
 0004:00001224       $pdata$3$pj_activesock_start_read 000000014001a224     pjlib-x86_64-x64-vc14-release:activesock.obj
 0004:00001230       $pdata$5$pj_activesock_start_read 000000014001a230     pjlib-x86_64-x64-vc14-release:activesock.obj
 0004:0000123c       $pdata$7$pj_activesock_start_read 000000014001a23c     pjlib-x86_64-x64-vc14-release:activesock.obj
 0004:00001248       $pdata$8$pj_activesock_start_read 000000014001a248     pjlib-x86_64-x64-vc14-release:activesock.obj
 0004:00001254       $pdata$send_remaining      000000014001a254     pjlib-x86_64-x64-vc14-release:activesock.obj
 0004:00001260       $pdata$pj_get_timestamp    000000014001a260     pjlib-x86_64-x64-vc14-release:os_timestamp_win32.obj
 0004:0000126c       $pdata$pj_get_timestamp_freq 000000014001a26c     pjlib-x86_64-x64-vc14-release:os_timestamp_win32.obj
 0004:00001278       $pdata$pj_generate_unique_string 000000014001a278     pjlib-x86_64-x64-vc14-release:guid_win32.obj
 0004:00001284       $pdata$pj_get_netos_error  000000014001a284     pjlib-x86_64-x64-vc14-release:os_error_win32.obj
 0004:00001290       $pdata$platform_strerror   000000014001a290     pjlib-x86_64-x64-vc14-release:os_error_win32.obj
 0004:0000129c       $pdata$pj_log_write        000000014001a29c     pjlib-x86_64-x64-vc14-release:log_writer_stdout.obj
 0004:000012a8       $pdata$get_base_time       000000014001a2a8     pjlib-x86_64-x64-vc14-release:os_time_win32.obj
 0004:000012b4       $pdata$pj_gettimeofday     000000014001a2b4     pjlib-x86_64-x64-vc14-release:os_time_win32.obj
 0004:000012c0       $pdata$pj_time_decode      000000014001a2c0     pjlib-x86_64-x64-vc14-release:os_time_win32.obj
 0004:000012cc       $pdata$create_mutex_lock   000000014001a2cc     pjlib-x86_64-x64-vc14-release:lock.obj
 0004:000012d8       $pdata$0$create_mutex_lock 000000014001a2d8     pjlib-x86_64-x64-vc14-release:lock.obj
 0004:000012e4       $pdata$2$create_mutex_lock 000000014001a2e4     pjlib-x86_64-x64-vc14-release:lock.obj
 0004:000012f0       $pdata$3$create_mutex_lock 000000014001a2f0     pjlib-x86_64-x64-vc14-release:lock.obj
 0004:000012fc       $pdata$grp_lock_acquire    000000014001a2fc     pjlib-x86_64-x64-vc14-release:lock.obj
 0004:00001308       $pdata$grp_lock_destroy    000000014001a308     pjlib-x86_64-x64-vc14-release:lock.obj
 0004:00001314       $pdata$0$grp_lock_destroy  000000014001a314     pjlib-x86_64-x64-vc14-release:lock.obj
 0004:00001320       $pdata$2$grp_lock_destroy  000000014001a320     pjlib-x86_64-x64-vc14-release:lock.obj
 0004:0000132c       $pdata$3$grp_lock_destroy  000000014001a32c     pjlib-x86_64-x64-vc14-release:lock.obj
 0004:00001338       $pdata$4$grp_lock_destroy  000000014001a338     pjlib-x86_64-x64-vc14-release:lock.obj
 0004:00001344       $pdata$grp_lock_release    000000014001a344     pjlib-x86_64-x64-vc14-release:lock.obj
 0004:00001350       $pdata$grp_lock_tryacquire 000000014001a350     pjlib-x86_64-x64-vc14-release:lock.obj
 0004:0000135c       $pdata$pj_grp_lock_add_ref 000000014001a35c     pjlib-x86_64-x64-vc14-release:lock.obj
 0004:00001368       $pdata$pj_grp_lock_dec_ref 000000014001a368     pjlib-x86_64-x64-vc14-release:lock.obj
 0004:00001374       $pdata$pj_pool_create_on_buf 000000014001a374     pjlib-x86_64-x64-vc14-release:pool_buf.obj
 0004:00001380       $pdata$pool_buf_cleanup    000000014001a380     pjlib-x86_64-x64-vc14-release:pool_buf.obj
 0004:0000138c       $pdata$stack_alloc         000000014001a38c     pjlib-x86_64-x64-vc14-release:pool_buf.obj
 0004:00001398       $pdata$default_block_alloc 000000014001a398     pjlib-x86_64-x64-vc14-release:pool_policy_malloc.obj
 0004:000013a4       $pdata$default_block_free  000000014001a3a4     pjlib-x86_64-x64-vc14-release:pool_policy_malloc.obj
 0004:000013b0       $pdata$default_pool_callback 000000014001a3b0     pjlib-x86_64-x64-vc14-release:pool_policy_malloc.obj
 0004:000013bc       $pdata$pj_time_val_normalize 000000014001a3bc     pjlib-x86_64-x64-vc14-release:types.obj
 0004:000013c8       $pdata$pj_gettickcount     000000014001a3c8     pjlib-x86_64-x64-vc14-release:os_timestamp_common.obj
 0004:000013d4       $pdata$0$pj_gettickcount   000000014001a3d4     pjlib-x86_64-x64-vc14-release:os_timestamp_common.obj
 0004:000013e0       $pdata$1$pj_gettickcount   000000014001a3e0     pjlib-x86_64-x64-vc14-release:os_timestamp_common.obj
 0004:000013ec       $pdata$PJ_FD_CLR           000000014001a3ec     pjlib-x86_64-x64-vc14-release:sock_select.obj
 0004:000013f8       $pdata$PJ_FD_ISSET         000000014001a3f8     pjlib-x86_64-x64-vc14-release:sock_select.obj
 0004:00001404       $pdata$PJ_FD_SET           000000014001a404     pjlib-x86_64-x64-vc14-release:sock_select.obj
 0004:00001410       $pdata$PJ_FD_ZERO          000000014001a410     pjlib-x86_64-x64-vc14-release:sock_select.obj
 0004:0000141c       $pdata$pj_sock_select      000000014001a41c     pjlib-x86_64-x64-vc14-release:sock_select.obj
 0004:00001428       $pdata$pj_getaddrinfo      000000014001a428     pjlib-x86_64-x64-vc14-release:addr_resolv_sock.obj
 0004:00001434       $pdata$0$pj_getaddrinfo    000000014001a434     pjlib-x86_64-x64-vc14-release:addr_resolv_sock.obj
 0004:00001440       $pdata$5$pj_getaddrinfo    000000014001a440     pjlib-x86_64-x64-vc14-release:addr_resolv_sock.obj
 0004:0000144c       $pdata$7$pj_getaddrinfo    000000014001a44c     pjlib-x86_64-x64-vc14-release:addr_resolv_sock.obj
 0004:00001458       $pdata$8$pj_getaddrinfo    000000014001a458     pjlib-x86_64-x64-vc14-release:addr_resolv_sock.obj
 0004:00001464       $pdata$9$pj_getaddrinfo    000000014001a464     pjlib-x86_64-x64-vc14-release:addr_resolv_sock.obj
 0004:00001470       $pdata$pj_gethostbyname    000000014001a470     pjlib-x86_64-x64-vc14-release:addr_resolv_sock.obj
 0004:0000147c       $pdata$__GSHandlerCheck    000000014001a47c     MSVCRT:_gshandler_.obj
 0004:00001488       $pdata$__GSHandlerCheckCommon 000000014001a488     MSVCRT:_gshandler_.obj
 0004:000014a0       $pdata$?pre_c_initialization@@YAHXZ 000000014001a4a0     MSVCRT:exe_main.obj
 0004:000014ac       $pdata$?post_pgo_initialization@@YAHXZ 000000014001a4ac     MSVCRT:exe_main.obj
 0004:000014b8       $pdata$?pre_cpp_initialization@@YAXXZ 000000014001a4b8     MSVCRT:exe_main.obj
 0004:000014c4       $pdata$?__scrt_common_main_seh@@YAHXZ 000000014001a4c4     MSVCRT:exe_main.obj
 0004:000014d0       $pdata$mainCRTStartup      000000014001a4d0     MSVCRT:exe_main.obj
 0004:000014dc       $pdata$__raise_securityfailure 000000014001a4dc     MSVCRT:gs_report.obj
 0004:000014e8       $pdata$__report_gsfailure  000000014001a4e8     MSVCRT:gs_report.obj
 0004:000014f4       $pdata$__report_rangecheckfailure 000000014001a4f4     MSVCRT:gs_report.obj
 0004:00001500       $pdata$__report_securityfailure 000000014001a500     MSVCRT:gs_report.obj
 0004:0000150c       $pdata$capture_current_context 000000014001a50c     MSVCRT:gs_report.obj
 0004:00001518       $pdata$capture_previous_context 000000014001a518     MSVCRT:gs_report.obj
 0004:00001530       $pdata$__scrt_acquire_startup_lock 000000014001a530     MSVCRT:utility.obj
 0004:0000153c       $pdata$__scrt_initialize_crt 000000014001a53c     MSVCRT:utility.obj
 0004:00001548       $pdata$__scrt_initialize_onexit_tables 000000014001a548     MSVCRT:utility.obj
 0004:00001554       $pdata$__scrt_is_nonwritable_in_current_image 000000014001a554     MSVCRT:utility.obj
 0004:00001560       $pdata$__scrt_release_startup_lock 000000014001a560     MSVCRT:utility.obj
 0004:0000156c       $pdata$__scrt_uninitialize_crt 000000014001a56c     MSVCRT:utility.obj
 0004:00001578       $pdata$_onexit             000000014001a578     MSVCRT:utility.obj
 0004:00001584       $pdata$atexit              000000014001a584     MSVCRT:utility.obj
 0004:00001590       $pdata$__security_init_cookie 000000014001a590     MSVCRT:gs_support.obj
 0004:0000159c       $pdata$__scrt_initialize_default_local_stdio_options 000000014001a59c     MSVCRT:default_local_stdio_options.obj
 0004:000015a8       $pdata$__scrt_fastfail     000000014001a5a8     MSVCRT:utility_desktop.obj
 0004:000015b4       $pdata$__scrt_is_managed_app 000000014001a5b4     MSVCRT:utility_desktop.obj
 0004:000015c0       $pdata$__scrt_unhandled_exception_filter 000000014001a5c0     MSVCRT:utility_desktop.obj
 0004:000015cc       $pdata$_RTC_Initialize     000000014001a5cc     MSVCRT:_initsect_.obj
 0004:000015d8       $pdata$_RTC_Terminate      000000014001a5d8     MSVCRT:_initsect_.obj
 0004:000015e4       $pdata$__isa_available_init 000000014001a5e4     MSVCRT:_cpu_disp_.obj
 0004:000015fc       $pdata$?filt$0@?0??__scrt_common_main_seh@@YAHXZ@4HA 000000014001a5fc     MSVCRT:exe_main.obj
 0004:00001608       $pdata$__scrt_is_nonwritable_in_current_image$filt$0 000000014001a608     MSVCRT:utility.obj
 0005:00000000       __guard_fids__             000000014001b000     MSVCRT:exe_main.obj
 0005:00000004       __guard_fids__             000000014001b004     MSVCRT:exe_main.obj
 0005:00000008       __guard_fids__             000000014001b008     MSVCRT:exe_main.obj
 0005:0000000c       __guard_fids_?pre_c_initialization@@YAHXZ 000000014001b00c     MSVCRT:exe_main.obj
 0005:00000014       __guard_fids___scrt_set_unhandled_exception_filter 000000014001b014     MSVCRT:utility_desktop.obj
 0005:00000018       __guard_fids__             000000014001b018     MSVCRT:guard_support.obj
