 clidemo

 Timestamp is 60aeb6d7 (Wed May 26 23:00:07 2021)

 Preferred load address is 0000000140000000

 Start         Length     Name                   Class
 0001:00000000 0000fc40H .text$mn                CODE
 0001:0000fc40 00000036H .text$mn$00             CODE
 0001:0000fc76 00000036H .text$x                 CODE
 0002:00000000 000003d8H .idata$5                DATA
 0002:000003d8 00000028H .00cfg                  DATA
 0002:00000400 00000008H .CRT$XCA                DATA
 0002:00000408 00000008H .CRT$XCAA               DATA
 0002:00000410 00000008H .CRT$XCZ                DATA
 0002:00000418 00000008H .CRT$XIA                DATA
 0002:00000420 00000008H .CRT$XIAA               DATA
 0002:00000428 00000008H .CRT$XIAC               DATA
 0002:00000430 00000008H .CRT$XIZ                DATA
 0002:00000438 00000008H .CRT$XPA                DATA
 0002:00000440 00000008H .CRT$XPZ                DATA
 0002:00000448 00000008H .CRT$XTA                DATA
 0002:00000450 00000010H .CRT$XTZ                DATA
 0002:00000458 00000000H .gehcont$y              DATA
 0002:00000458 00000000H .gfids$y                DATA
 0002:00000460 000036a0H .rdata                  DATA
 0002:00003b00 00000000H .rdata$CastGuardVftablesA DATA
 0002:00003b00 00000000H .rdata$CastGuardVftablesC DATA
 0002:00003b00 00000078H .rdata$voltmd           DATA
 0002:00003b78 00000260H .rdata$zzzdbg           DATA
 0002:00003dd8 00000008H .rtc$IAA                DATA
 0002:00003de0 00000008H .rtc$IZZ                DATA
 0002:00003de8 00000008H .rtc$TAA                DATA
 0002:00003df0 00000008H .rtc$TZZ                DATA
 0002:00003df8 0000151cH .xdata                  DATA
 0002:00005314 00000000H .edata                  DATA
 0002:00005314 000000c8H .idata$2                DATA
 0002:000053dc 00000014H .idata$3                DATA
 0002:000053f0 000003d8H .idata$4                DATA
 0002:000057c8 0000075cH .idata$6                DATA
 0003:00000000 000008b0H .data                   DATA
 0003:000008b0 00000b00H .bss                    DATA
 0004:00000000 00001374H .pdata                  DATA

  Address         Publics by Value              Rva+Base               Lib:Object

 0000:00000000       __arm64x_redirection_metadata 0000000000000000     <absolute>
 0000:00000000       __guard_iat_count          0000000000000000     <absolute>
 0000:00000000       __guard_longjmp_count      0000000000000000     <absolute>
 0000:00000000       __x64_code_ranges_to_entry_points_count 0000000000000000     <absolute>
 0000:00000000       __dynamic_value_reloc_table 0000000000000000     <absolute>
 0000:00000000       ___safe_se_handler_table   0000000000000000     <absolute>
 0000:00000000       __hybrid_auxiliary_iat     0000000000000000     <absolute>
 0000:00000000       __hybrid_auxiliary_iat_copy 0000000000000000     <absolute>
 0000:00000000       __guard_longjmp_table      0000000000000000     <absolute>
 0000:00000000       __x64_code_ranges_to_entry_points 0000000000000000     <absolute>
 0000:00000000       __AbsoluteZero             0000000000000000     <absolute>
 0000:00000000       __guard_iat_table          0000000000000000     <absolute>
 0000:00000000       __guard_fids_count         0000000000000000     <absolute>
 0000:00000000       __guard_check_icall_a64n_fptr 0000000000000000     <absolute>
 0000:00000000       __arm64x_extra_rfe_table   0000000000000000     <absolute>
 0000:00000000       __guard_fids_table         0000000000000000     <absolute>
 0000:00000000       __hybrid_code_map          0000000000000000     <absolute>
 0000:00000000       __arm64x_extra_rfe_table_size 0000000000000000     <absolute>
 0000:00000000       ___safe_se_handler_count   0000000000000000     <absolute>
 0000:00000000       __guard_eh_cont_count      0000000000000000     <absolute>
 0000:00000000       __arm64x_redirection_metadata_count 0000000000000000     <absolute>
 0000:00000000       __enclave_config           0000000000000000     <absolute>
 0000:00000000       __guard_eh_cont_table      0000000000000000     <absolute>
 0000:00000000       __arm64x_native_entrypoint 0000000000000000     <absolute>
 0000:00000000       __hybrid_code_map_count    0000000000000000     <absolute>
 0000:00000100       __guard_flags              0000000000000100     <absolute>
 0000:00000000       __ImageBase                0000000140000000     <linker-defined>
 0001:00000000       app_main                   0000000140001000 f   clidemo.obj
 0001:000002d0       main                       00000001400012d0 f   clidemo.obj
 0001:00000520       __local_stdio_printf_options 0000000140001520 f i pjlib-util-x86_64-x64-vc14-release:errno.obj
 0001:00000530       _snprintf                  0000000140001530 f i pjlib-util-x86_64-x64-vc14-release:errno.obj
 0001:00000590       pjlib_util_init            0000000140001590 f   pjlib-util-x86_64-x64-vc14-release:errno.obj
 0001:000005b0       pjlib_util_strerror        00000001400015b0 f   pjlib-util-x86_64-x64-vc14-release:errno.obj
 0001:00001c20       pj_cli_add_cmd_from_xml    0000000140002c20 f   pjlib-util-x86_64-x64-vc14-release:cli.obj
 0001:00001d30       pj_cli_cfg_default         0000000140002d30 f   pjlib-util-x86_64-x64-vc14-release:cli.obj
 0001:00001d50       pj_cli_create              0000000140002d50 f   pjlib-util-x86_64-x64-vc14-release:cli.obj
 0001:00001f90       pj_cli_destroy             0000000140002f90 f   pjlib-util-x86_64-x64-vc14-release:cli.obj
 0001:00002060       pj_cli_get_param           0000000140003060 f   pjlib-util-x86_64-x64-vc14-release:cli.obj
 0001:00002070       pj_cli_is_quitting         0000000140003070 f   pjlib-util-x86_64-x64-vc14-release:cli.obj
 0001:00002080       pj_cli_quit                0000000140003080 f   pjlib-util-x86_64-x64-vc14-release:cli.obj
 0001:00002100       pj_cli_register_front_end  0000000140003100 f   pjlib-util-x86_64-x64-vc14-release:cli.obj
 0001:00002110       pj_cli_sess_end_session    0000000140003110 f   pjlib-util-x86_64-x64-vc14-release:cli.obj
 0001:00002130       pj_cli_sess_exec           0000000140003130 f   pjlib-util-x86_64-x64-vc14-release:cli.obj
 0001:00002230       pj_cli_sess_parse          0000000140003230 f   pjlib-util-x86_64-x64-vc14-release:cli.obj
 0001:00002640       pj_cli_write_log           0000000140003640 f   pjlib-util-x86_64-x64-vc14-release:cli.obj
 0001:000026c0       sprintf                    00000001400036c0 f i pjlib-util-x86_64-x64-vc14-release:cli.obj
 0001:00002ce0       pj_cli_console_cfg_default 0000000140003ce0 f   pjlib-util-x86_64-x64-vc14-release:cli_console.obj
 0001:00002d00       pj_cli_console_create      0000000140003d00 f   pjlib-util-x86_64-x64-vc14-release:cli_console.obj
 0001:00002f60       pj_cli_console_process     0000000140003f60 f   pjlib-util-x86_64-x64-vc14-release:cli_console.obj
 0001:00002fe0       printf                     0000000140003fe0 f i pjlib-util-x86_64-x64-vc14-release:cli_console.obj
 0001:00003f70       pj_cli_telnet_cfg_default  0000000140004f70 f   pjlib-util-x86_64-x64-vc14-release:cli_telnet.obj
 0001:00003f90       pj_cli_telnet_create       0000000140004f90 f   pjlib-util-x86_64-x64-vc14-release:cli_telnet.obj
 0001:00005f80       pj_scan_advance_n          0000000140006f80 f   pjlib-util-x86_64-x64-vc14-release:scanner.obj
 0001:00005fb0       pj_scan_fini               0000000140006fb0 f   pjlib-util-x86_64-x64-vc14-release:scanner.obj
 0001:00005fd0       pj_scan_get_char           0000000140006fd0 f   pjlib-util-x86_64-x64-vc14-release:scanner.obj
 0001:00006020       pj_scan_get_quotes         0000000140007020 f   pjlib-util-x86_64-x64-vc14-release:scanner.obj
 0001:00006110       pj_scan_get_until_ch       0000000140007110 f   pjlib-util-x86_64-x64-vc14-release:scanner.obj
 0001:00006160       pj_scan_get_until_chr      0000000140007160 f   pjlib-util-x86_64-x64-vc14-release:scanner.obj
 0001:00006210       pj_scan_init               0000000140007210 f   pjlib-util-x86_64-x64-vc14-release:scanner.obj
 0001:00006290       pj_scan_skip_whitespace    0000000140007290 f   pjlib-util-x86_64-x64-vc14-release:scanner.obj
 0001:00006370       pj_scan_strcmp             0000000140007370 f   pjlib-util-x86_64-x64-vc14-release:scanner.obj
 0001:000063c0       pj_xml_parse               00000001400073c0 f   pjlib-util-x86_64-x64-vc14-release:xml.obj
 0001:00006990       pj_atexit                  0000000140007990 f   pjlib-x86_64-x64-vc14-release:os_core_win32.obj
 0001:000069c0       pj_atomic_dec_and_get      00000001400079c0 f   pjlib-x86_64-x64-vc14-release:os_core_win32.obj
 0001:00006a30       pj_atomic_destroy          0000000140007a30 f   pjlib-x86_64-x64-vc14-release:os_core_win32.obj
 0001:00006a40       pj_atomic_inc              0000000140007a40 f   pjlib-x86_64-x64-vc14-release:os_core_win32.obj
 0001:00006aa0       pj_enter_critical_section  0000000140007aa0 f   pjlib-x86_64-x64-vc14-release:os_core_win32.obj
 0001:00006b10       pj_init                    0000000140007b10 f   pjlib-x86_64-x64-vc14-release:os_core_win32.obj
 0001:00006e40       pj_leave_critical_section  0000000140007e40 f   pjlib-x86_64-x64-vc14-release:os_core_win32.obj
 0001:00006eb0       pj_mutex_create            0000000140007eb0 f   pjlib-x86_64-x64-vc14-release:os_core_win32.obj
 0001:00006f30       pj_mutex_create_recursive  0000000140007f30 f   pjlib-x86_64-x64-vc14-release:os_core_win32.obj
 0001:00006f30       pj_mutex_create_simple     0000000140007f30 f   pjlib-x86_64-x64-vc14-release:os_core_win32.obj
 0001:00006fb0       pj_mutex_destroy           0000000140007fb0 f   pjlib-x86_64-x64-vc14-release:os_core_win32.obj
 0001:00007030       pj_mutex_lock              0000000140008030 f   pjlib-x86_64-x64-vc14-release:os_core_win32.obj
 0001:000070b0       pj_mutex_trylock           00000001400080b0 f   pjlib-x86_64-x64-vc14-release:os_core_win32.obj
 0001:00007140       pj_mutex_unlock            0000000140008140 f   pjlib-x86_64-x64-vc14-release:os_core_win32.obj
 0001:000071c0       pj_sem_create              00000001400081c0 f   pjlib-x86_64-x64-vc14-release:os_core_win32.obj
 0001:00007320       pj_sem_destroy             0000000140008320 f   pjlib-x86_64-x64-vc14-release:os_core_win32.obj
 0001:000073d0       pj_sem_post                00000001400083d0 f   pjlib-x86_64-x64-vc14-release:os_core_win32.obj
 0001:00007490       pj_sem_trywait             0000000140008490 f   pjlib-x86_64-x64-vc14-release:os_core_win32.obj
 0001:00007510       pj_sem_wait                0000000140008510 f   pjlib-x86_64-x64-vc14-release:os_core_win32.obj
 0001:00007680       pj_shutdown                0000000140008680 f   pjlib-x86_64-x64-vc14-release:os_core_win32.obj
 0001:00007800       pj_term_set_color          0000000140008800 f   pjlib-x86_64-x64-vc14-release:os_core_win32.obj
 0001:000078f0       pj_thread_check_stack      00000001400088f0 f   pjlib-x86_64-x64-vc14-release:os_core_win32.obj
 0001:00007950       pj_thread_create           0000000140008950 f   pjlib-x86_64-x64-vc14-release:os_core_win32.obj
 0001:00007b10       pj_thread_destroy          0000000140008b10 f   pjlib-x86_64-x64-vc14-release:os_core_win32.obj
 0001:00007bc0       pj_thread_get_name         0000000140008bc0 f   pjlib-x86_64-x64-vc14-release:os_core_win32.obj
 0001:00007c30       pj_thread_join             0000000140008c30 f   pjlib-x86_64-x64-vc14-release:os_core_win32.obj
 0001:00007d30       pj_thread_local_alloc      0000000140008d30 f   pjlib-x86_64-x64-vc14-release:os_core_win32.obj
 0001:00007da0       pj_thread_local_free       0000000140008da0 f   pjlib-x86_64-x64-vc14-release:os_core_win32.obj
 0001:00007e00       pj_thread_local_get        0000000140008e00 f   pjlib-x86_64-x64-vc14-release:os_core_win32.obj
 0001:00007e10       pj_thread_local_set        0000000140008e10 f   pjlib-x86_64-x64-vc14-release:os_core_win32.obj
 0001:00007e60       pj_thread_sleep            0000000140008e60 f   pjlib-x86_64-x64-vc14-release:os_core_win32.obj
 0001:00007ed0       pj_thread_this             0000000140008ed0 f   pjlib-x86_64-x64-vc14-release:os_core_win32.obj
 0001:00007fb0       pj_log                     0000000140008fb0 f   pjlib-x86_64-x64-vc14-release:log.obj
 0001:000085f0       pj_log_1                   00000001400095f0 f   pjlib-x86_64-x64-vc14-release:log.obj
 0001:00008620       pj_log_3                   0000000140009620 f   pjlib-x86_64-x64-vc14-release:log.obj
 0001:00008650       pj_log_4                   0000000140009650 f   pjlib-x86_64-x64-vc14-release:log.obj
 0001:00008680       pj_log_5                   0000000140009680 f   pjlib-x86_64-x64-vc14-release:log.obj
 0001:000086b0       pj_log_get_color           00000001400096b0 f   pjlib-x86_64-x64-vc14-release:log.obj
 0001:00008720       pj_log_get_decor           0000000140009720 f   pjlib-x86_64-x64-vc14-release:log.obj
 0001:00008730       pj_log_get_level           0000000140009730 f   pjlib-x86_64-x64-vc14-release:log.obj
 0001:00008740       pj_log_init                0000000140009740 f   pjlib-x86_64-x64-vc14-release:log.obj
 0001:000087b0       pj_log_set_decor           00000001400097b0 f   pjlib-x86_64-x64-vc14-release:log.obj
 0001:000087c0       pj_log_set_log_func        00000001400097c0 f   pjlib-x86_64-x64-vc14-release:log.obj
 0001:000087d0       pj_str                     00000001400097d0 f   pjlib-x86_64-x64-vc14-release:string.obj
 0001:00008800       pj_strassign               0000000140009800 f   pjlib-x86_64-x64-vc14-release:string.obj
 0001:00008820       pj_strcat                  0000000140009820 f   pjlib-x86_64-x64-vc14-release:string.obj
 0001:00008860       pj_strcat2                 0000000140009860 f   pjlib-x86_64-x64-vc14-release:string.obj
 0001:000088b0       pj_strcmp                  00000001400098b0 f   pjlib-x86_64-x64-vc14-release:string.obj
 0001:00008930       pj_strcmp2                 0000000140009930 f   pjlib-x86_64-x64-vc14-release:string.obj
 0001:000089e0       pj_strcpy                  00000001400099e0 f   pjlib-x86_64-x64-vc14-release:string.obj
 0001:00008a10       pj_strdup                  0000000140009a10 f   pjlib-x86_64-x64-vc14-release:string.obj
 0001:00008a60       pj_strdup2                 0000000140009a60 f   pjlib-x86_64-x64-vc14-release:string.obj
 0001:00008ad0       pj_stricmp                 0000000140009ad0 f   pjlib-x86_64-x64-vc14-release:string.obj
 0001:00008b60       pj_stricmp2                0000000140009b60 f   pjlib-x86_64-x64-vc14-release:string.obj
 0001:00008c10       pj_strltrim                0000000140009c10 f   pjlib-x86_64-x64-vc14-release:string.obj
 0001:00008c70       pj_strncmp                 0000000140009c70 f   pjlib-x86_64-x64-vc14-release:string.obj
 0001:00008cc0       pj_strncpy_with_null       0000000140009cc0 f   pjlib-x86_64-x64-vc14-release:string.obj
 0001:00008d10       pj_strrtrim                0000000140009d10 f   pjlib-x86_64-x64-vc14-release:string.obj
 0001:00008d70       pj_strtol                  0000000140009d70 f   pjlib-x86_64-x64-vc14-release:string.obj
 0001:00008de0       pj_strtoul                 0000000140009de0 f   pjlib-x86_64-x64-vc14-release:string.obj
 0001:00008e80       pj_strtrim                 0000000140009e80 f   pjlib-x86_64-x64-vc14-release:string.obj
 0001:00008f20       pj_utoa                    0000000140009f20 f   pjlib-x86_64-x64-vc14-release:string.obj
 0001:00008fc0       pj_utoa_pad                0000000140009fc0 f   pjlib-x86_64-x64-vc14-release:string.obj
 0001:000094e0       pj_caching_pool_destroy    000000014000a4e0 f   pjlib-x86_64-x64-vc14-release:pool_caching.obj
 0001:000095f0       pj_caching_pool_init       000000014000a5f0 f   pjlib-x86_64-x64-vc14-release:pool_caching.obj
 0001:000097d0       pj_errno_clear_handlers    000000014000a7d0 f   pjlib-x86_64-x64-vc14-release:errno.obj
 0001:000097f0       pj_perror_3                000000014000a7f0 f   pjlib-x86_64-x64-vc14-release:errno.obj
 0001:00009910       pj_register_strerror       000000014000a910 f   pjlib-x86_64-x64-vc14-release:errno.obj
 0001:00009a00       pj_strerror                000000014000aa00 f   pjlib-x86_64-x64-vc14-release:errno.obj
 0001:00009b90       pj_list_erase              000000014000ab90 f   pjlib-x86_64-x64-vc14-release:list.obj
 0001:00009bb0       pj_list_insert_after       000000014000abb0 f   pjlib-x86_64-x64-vc14-release:list.obj
 0001:00009bd0       pj_list_insert_before      000000014000abd0 f   pjlib-x86_64-x64-vc14-release:list.obj
 0001:00009bf0       pj_list_insert_nodes_after 000000014000abf0 f   pjlib-x86_64-x64-vc14-release:list.obj
 0001:00009c10       pj_list_search             000000014000ac10 f   pjlib-x86_64-x64-vc14-release:list.obj
 0001:00009c70       pj_list_size               000000014000ac70 f   pjlib-x86_64-x64-vc14-release:list.obj
 0001:00009cf0       pj_exception_id_alloc      000000014000acf0 f   pjlib-x86_64-x64-vc14-release:except.obj
 0001:00009d60       pj_exception_id_free       000000014000ad60 f   pjlib-x86_64-x64-vc14-release:except.obj
 0001:00009da0       pj_exception_id_name       000000014000ada0 f   pjlib-x86_64-x64-vc14-release:except.obj
 0001:00009df0       pj_pop_exception_handler_  000000014000adf0 f   pjlib-x86_64-x64-vc14-release:except.obj
 0001:00009e30       pj_push_exception_handler_ 000000014000ae30 f   pjlib-x86_64-x64-vc14-release:except.obj
 0001:00009e90       pj_throw_exception_        000000014000ae90 f   pjlib-x86_64-x64-vc14-release:except.obj
 0001:00009ef0       pj_hash_create             000000014000aef0 f   pjlib-x86_64-x64-vc14-release:hash.obj
 0001:00009f60       pj_hash_first              000000014000af60 f   pjlib-x86_64-x64-vc14-release:hash.obj
 0001:00009fa0       pj_hash_get                000000014000afa0 f   pjlib-x86_64-x64-vc14-release:hash.obj
 0001:0000a0b0       pj_hash_next               000000014000b0b0 f   pjlib-x86_64-x64-vc14-release:hash.obj
 0001:0000a110       pj_hash_set                000000014000b110 f   pjlib-x86_64-x64-vc14-release:hash.obj
 0001:0000a2b0       pj_hash_this               000000014000b2b0 f   pjlib-x86_64-x64-vc14-release:hash.obj
 0001:0000a2e0       pj_pool_alloc              000000014000b2e0 f   pjlib-x86_64-x64-vc14-release:pool.obj
 0001:0000a4a0       pj_pool_calloc             000000014000b4a0 f   pjlib-x86_64-x64-vc14-release:pool.obj
 0001:0000a4e0       pj_pool_create             000000014000b4e0 f   pjlib-x86_64-x64-vc14-release:pool.obj
 0001:0000a4f0       pj_pool_create_int         000000014000b4f0 f   pjlib-x86_64-x64-vc14-release:pool.obj
 0001:0000a650       pj_pool_destroy_int        000000014000b650 f   pjlib-x86_64-x64-vc14-release:pool.obj
 0001:0000a690       pj_pool_get_capacity       000000014000b690 f   pjlib-x86_64-x64-vc14-release:pool.obj
 0001:0000a6a0       pj_pool_get_used_size      000000014000b6a0 f   pjlib-x86_64-x64-vc14-release:pool.obj
 0001:0000a6e0       pj_pool_getobjname         000000014000b6e0 f   pjlib-x86_64-x64-vc14-release:pool.obj
 0001:0000a6f0       pj_pool_init_int           000000014000b6f0 f   pjlib-x86_64-x64-vc14-release:pool.obj
 0001:0000a790       pj_pool_release            000000014000b790 f   pjlib-x86_64-x64-vc14-release:pool.obj
 0001:0000a7b0       pj_pool_reset              000000014000b7b0 f   pjlib-x86_64-x64-vc14-release:pool.obj
 0001:0000a920       ioqueue_dispatch_exception_event 000000014000b920 f   pjlib-x86_64-x64-vc14-release:ioqueue_select.obj
 0001:0000aa80       ioqueue_dispatch_read_event 000000014000ba80 f   pjlib-x86_64-x64-vc14-release:ioqueue_select.obj
 0001:0000acf0       ioqueue_dispatch_write_event 000000014000bcf0 f   pjlib-x86_64-x64-vc14-release:ioqueue_select.obj
 0001:0000aff0       pj_ioqueue_accept          000000014000bff0 f   pjlib-x86_64-x64-vc14-release:ioqueue_select.obj
 0001:0000b1b0       pj_ioqueue_create          000000014000c1b0 f   pjlib-x86_64-x64-vc14-release:ioqueue_select.obj
 0001:0000b390       pj_ioqueue_destroy         000000014000c390 f   pjlib-x86_64-x64-vc14-release:ioqueue_select.obj
 0001:0000b470       pj_ioqueue_get_user_data   000000014000c470 f   pjlib-x86_64-x64-vc14-release:ioqueue_select.obj
 0001:0000b480       pj_ioqueue_lock_key        000000014000c480 f   pjlib-x86_64-x64-vc14-release:ioqueue_select.obj
 0001:0000b4a0       pj_ioqueue_op_key_init     000000014000c4a0 f   pjlib-x86_64-x64-vc14-release:ioqueue_select.obj
 0001:0000b4b0       pj_ioqueue_poll            000000014000c4b0 f   pjlib-x86_64-x64-vc14-release:ioqueue_select.obj
 0001:0000b9d0       pj_ioqueue_recv            000000014000c9d0 f   pjlib-x86_64-x64-vc14-release:ioqueue_select.obj
 0001:0000bb60       pj_ioqueue_recvfrom        000000014000cb60 f   pjlib-x86_64-x64-vc14-release:ioqueue_select.obj
 0001:0000bd20       pj_ioqueue_register_sock2  000000014000cd20 f   pjlib-x86_64-x64-vc14-release:ioqueue_select.obj
 0001:0000bf10       pj_ioqueue_send            000000014000cf10 f   pjlib-x86_64-x64-vc14-release:ioqueue_select.obj
 0001:0000c0d0       pj_ioqueue_set_concurrency 000000014000d0d0 f   pjlib-x86_64-x64-vc14-release:ioqueue_select.obj
 0001:0000c0f0       pj_ioqueue_unlock_key      000000014000d0f0 f   pjlib-x86_64-x64-vc14-release:ioqueue_select.obj
 0001:0000c110       pj_ioqueue_unregister      000000014000d110 f   pjlib-x86_64-x64-vc14-release:ioqueue_select.obj
 0001:0000c2f0       pj_sockaddr_in_get_port    000000014000d2f0 f   pjlib-x86_64-x64-vc14-release:sock_common.obj
 0001:0000c300       pj_sockaddr_in_init        000000014000d300 f   pjlib-x86_64-x64-vc14-release:sock_common.obj
 0001:0000c370       pj_sockaddr_in_set_str_addr 000000014000d370 f   pjlib-x86_64-x64-vc14-release:sock_common.obj
 0001:0000c450       pj_gethostname             000000014000d450 f   pjlib-x86_64-x64-vc14-release:sock_bsd.obj
 0001:0000c4f0       pj_htons                   000000014000d4f0 f   pjlib-x86_64-x64-vc14-release:sock_bsd.obj
 0001:0000c500       pj_inet_aton               000000014000d500 f   pjlib-x86_64-x64-vc14-release:sock_bsd.obj
 0001:0000c590       pj_ntohl                   000000014000d590 f   pjlib-x86_64-x64-vc14-release:sock_bsd.obj
 0001:0000c5a0       pj_ntohs                   000000014000d5a0 f   pjlib-x86_64-x64-vc14-release:sock_bsd.obj
 0001:0000c5b0       pj_sock_accept             000000014000d5b0 f   pjlib-x86_64-x64-vc14-release:sock_bsd.obj
 0001:0000c650       pj_sock_bind               000000014000d650 f   pjlib-x86_64-x64-vc14-release:sock_bsd.obj
 0001:0000c710       pj_sock_close              000000014000d710 f   pjlib-x86_64-x64-vc14-release:sock_bsd.obj
 0001:0000c770       pj_sock_getsockname        000000014000d770 f   pjlib-x86_64-x64-vc14-release:sock_bsd.obj
 0001:0000c810       pj_sock_getsockopt         000000014000d810 f   pjlib-x86_64-x64-vc14-release:sock_bsd.obj
 0001:0000c8c0       pj_sock_listen             000000014000d8c0 f   pjlib-x86_64-x64-vc14-release:sock_bsd.obj
 0001:0000c940       pj_sock_recv               000000014000d940 f   pjlib-x86_64-x64-vc14-release:sock_bsd.obj
 0001:0000c9e0       pj_sock_recvfrom           000000014000d9e0 f   pjlib-x86_64-x64-vc14-release:sock_bsd.obj
 0001:0000caa0       pj_sock_send               000000014000daa0 f   pjlib-x86_64-x64-vc14-release:sock_bsd.obj
 0001:0000cb40       pj_sock_sendto             000000014000db40 f   pjlib-x86_64-x64-vc14-release:sock_bsd.obj
 0001:0000cbf0       pj_sock_setsockopt         000000014000dbf0 f   pjlib-x86_64-x64-vc14-release:sock_bsd.obj
 0001:0000cca0       pj_sock_socket             000000014000dca0 f   pjlib-x86_64-x64-vc14-release:sock_bsd.obj
 0001:0000d270       pj_activesock_close        000000014000e270 f   pjlib-x86_64-x64-vc14-release:activesock.obj
 0001:0000d2e0       pj_activesock_create       000000014000e2e0 f   pjlib-x86_64-x64-vc14-release:activesock.obj
 0001:0000d4d0       pj_activesock_get_user_data 000000014000e4d0 f   pjlib-x86_64-x64-vc14-release:activesock.obj
 0001:0000d4e0       pj_activesock_send         000000014000e4e0 f   pjlib-x86_64-x64-vc14-release:activesock.obj
 0001:0000d5e0       pj_activesock_start_accept 000000014000e5e0 f   pjlib-x86_64-x64-vc14-release:activesock.obj
 0001:0000d6f0       pj_activesock_start_read   000000014000e6f0 f   pjlib-x86_64-x64-vc14-release:activesock.obj
 0001:0000d910       pj_get_timestamp           000000014000e910 f   pjlib-x86_64-x64-vc14-release:os_timestamp_win32.obj
 0001:0000d970       pj_get_timestamp_freq      000000014000e970 f   pjlib-x86_64-x64-vc14-release:os_timestamp_win32.obj
 0001:0000dbe0       pj_generate_unique_string  000000014000ebe0 f   pjlib-x86_64-x64-vc14-release:guid_win32.obj
 0001:0000dc40       pj_log_write               000000014000ec40 f   pjlib-x86_64-x64-vc14-release:log_writer_stdout.obj
 0001:0000dcc0       pj_gettimeofday            000000014000ecc0 f   pjlib-x86_64-x64-vc14-release:os_time_win32.obj
 0001:0000ddd0       pj_time_decode             000000014000edd0 f   pjlib-x86_64-x64-vc14-release:os_time_win32.obj
 0001:0000de80       _get_startup_new_mode      000000014000ee80 f   MSVCRT:new_mode.obj
 0001:0000de80       __scrt_initialize_winrt    000000014000ee80 f   MSVCRT:utility_desktop.obj
 0001:0000de80       __scrt_exe_initialize_mta  000000014000ee80 f   MSVCRT:utility_desktop.obj
 0001:0000de80       _matherr                   000000014000ee80 f   MSVCRT:matherr.obj
 0001:0000de80       __scrt_stub_for_initialize_mta 000000014000ee80 f   MSVCRT:utility_desktop.obj
 0001:0000de80       _get_startup_commit_mode   000000014000ee80 f   MSVCRT:commit_mode.obj
 0001:0000de80       _get_startup_thread_locale_mode 000000014000ee80 f   MSVCRT:thread_locale.obj
 0001:0000e130       pj_grp_lock_acquire        000000014000f130 f   pjlib-x86_64-x64-vc14-release:lock.obj
 0001:0000e140       pj_grp_lock_add_ref        000000014000f140 f   pjlib-x86_64-x64-vc14-release:lock.obj
 0001:0000e160       pj_grp_lock_dec_ref        000000014000f160 f   pjlib-x86_64-x64-vc14-release:lock.obj
 0001:0000e1a0       pj_grp_lock_release        000000014000f1a0 f   pjlib-x86_64-x64-vc14-release:lock.obj
 0001:0000e1b0       pj_grp_lock_tryacquire     000000014000f1b0 f   pjlib-x86_64-x64-vc14-release:lock.obj
 0001:0000e1c0       pj_lock_acquire            000000014000f1c0 f   pjlib-x86_64-x64-vc14-release:lock.obj
 0001:0000e1e0       pj_lock_create_null_mutex  000000014000f1e0 f   pjlib-x86_64-x64-vc14-release:lock.obj
 0001:0000e200       pj_lock_create_recursive_mutex 000000014000f200 f   pjlib-x86_64-x64-vc14-release:lock.obj
 0001:0000e2c0       pj_lock_create_simple_mutex 000000014000f2c0 f   pjlib-x86_64-x64-vc14-release:lock.obj
 0001:0000e380       pj_lock_destroy            000000014000f380 f   pjlib-x86_64-x64-vc14-release:lock.obj
 0001:0000e3a0       pj_lock_release            000000014000f3a0 f   pjlib-x86_64-x64-vc14-release:lock.obj
 0001:0000e3c0       pj_lock_tryacquire         000000014000f3c0 f   pjlib-x86_64-x64-vc14-release:lock.obj
 0001:0000e3e0       pj_pool_create_on_buf      000000014000f3e0 f   pjlib-x86_64-x64-vc14-release:pool_buf.obj
 0001:0000e660       pj_get_netos_error         000000014000f660 f   pjlib-x86_64-x64-vc14-release:os_error_win32.obj
 0001:0000e690       platform_strerror          000000014000f690 f   pjlib-x86_64-x64-vc14-release:os_error_win32.obj
 0001:0000e7d0       pj_time_val_normalize      000000014000f7d0 f   pjlib-x86_64-x64-vc14-release:types.obj
 0001:0000e880       pj_gettickcount            000000014000f880 f   pjlib-x86_64-x64-vc14-release:os_timestamp_common.obj
 0001:0000e940       PJ_FD_CLR                  000000014000f940 f   pjlib-x86_64-x64-vc14-release:sock_select.obj
 0001:0000ea00       PJ_FD_COUNT                000000014000fa00 f   pjlib-x86_64-x64-vc14-release:sock_select.obj
 0001:0000ea10       PJ_FD_ISSET                000000014000fa10 f   pjlib-x86_64-x64-vc14-release:sock_select.obj
 0001:0000ea50       PJ_FD_SET                  000000014000fa50 f   pjlib-x86_64-x64-vc14-release:sock_select.obj
 0001:0000eae0       PJ_FD_ZERO                 000000014000fae0 f   pjlib-x86_64-x64-vc14-release:sock_select.obj
 0001:0000eb10       pj_sock_select             000000014000fb10 f   pjlib-x86_64-x64-vc14-release:sock_select.obj
 0001:0000ebb0       pj_getaddrinfo             000000014000fbb0 f   pjlib-x86_64-x64-vc14-release:addr_resolv_sock.obj
 0001:0000ed8c       __WSAFDIsSet               000000014000fd8c f   ws2_32:WS2_32.dll
 0001:0000ed94       __GSHandlerCheck           000000014000fd94 f   MSVCRT:gshandler.obj
 0001:0000edb4       __GSHandlerCheckCommon     000000014000fdb4 f   MSVCRT:gshandler.obj
 0001:0000ee20       __security_check_cookie    000000014000fe20 f   MSVCRT:amdsecgs.obj
 0001:0000f0a0       mainCRTStartup             00000001400100a0 f   MSVCRT:exe_main.obj
 0001:0000f0b4       __raise_securityfailure    00000001400100b4 f   MSVCRT:gs_report.obj
 0001:0000f0e8       __report_gsfailure         00000001400100e8 f   MSVCRT:gs_report.obj
 0001:0000f1bc       __report_rangecheckfailure 00000001400101bc f   MSVCRT:gs_report.obj
 0001:0000f1d0       __report_securityfailure   00000001400101d0 f   MSVCRT:gs_report.obj
 0001:0000f360       __chkstk                   0000000140010360 f   MSVCRT:chkstk.obj
 0001:0000f360       _alloca_probe              0000000140010360 f   MSVCRT:chkstk.obj
 0001:0000f3b0       __scrt_acquire_startup_lock 00000001400103b0 f   MSVCRT:utility.obj
 0001:0000f3ec       __scrt_initialize_crt      00000001400103ec f   MSVCRT:utility.obj
 0001:0000f438       __scrt_initialize_onexit_tables 0000000140010438 f   MSVCRT:utility.obj
 0001:0000f4c4       __scrt_is_nonwritable_in_current_image 00000001400104c4 f   MSVCRT:utility.obj
 0001:0000f55c       __scrt_release_startup_lock 000000014001055c f   MSVCRT:utility.obj
 0001:0000f580       __scrt_uninitialize_crt    0000000140010580 f   MSVCRT:utility.obj
 0001:0000f5ac       _onexit                    00000001400105ac f   MSVCRT:utility.obj
 0001:0000f5e8       atexit                     00000001400105e8 f   MSVCRT:utility.obj
 0001:0000f600       __security_init_cookie     0000000140010600 f   MSVCRT:gs_support.obj
 0001:0000f6ac       _get_startup_argv_mode     00000001400106ac f   MSVCRT:argv_mode.obj
 0001:0000f6b4       _get_startup_file_mode     00000001400106b4 f   MSVCRT:file_mode.obj
 0001:0000f6bc       ?__scrt_initialize_type_info@@YAXXZ 00000001400106bc f   MSVCRT:tncleanup.obj
 0001:0000f6cc       __vcrt_initialize          00000001400106cc f   MSVCRT:ucrt_stubs.obj
 0001:0000f6cc       __acrt_initialize          00000001400106cc f   MSVCRT:ucrt_stubs.obj
 0001:0000f6cc       __scrt_stub_for_acrt_uninitialize 00000001400106cc f   MSVCRT:ucrt_stubs.obj
 0001:0000f6cc       __vcrt_uninitialize        00000001400106cc f   MSVCRT:ucrt_stubs.obj
 0001:0000f6cc       __acrt_uninitialize        00000001400106cc f   MSVCRT:ucrt_stubs.obj
 0001:0000f6cc       __scrt_stub_for_acrt_initialize 00000001400106cc f   MSVCRT:ucrt_stubs.obj
 0001:0000f6cc       _should_initialize_environment 00000001400106cc f   MSVCRT:env_mode.obj
 0001:0000f6d0       _initialize_invalid_parameter_handler 00000001400106d0 f   MSVCRT:invalid_parameter_handler.obj
 0001:0000f6d0       _initialize_denormal_control 00000001400106d0 f   MSVCRT:denormal_control.obj
 0001:0000f6d0       _guard_check_icall_nop     00000001400106d0 f   MSVCRT:guard_support.obj
 0001:0000f6d4       __local_stdio_scanf_options 00000001400106d4 f i MSVCRT:default_local_stdio_options.obj
 0001:0000f6dc       __scrt_initialize_default_local_stdio_options 00000001400106dc f   MSVCRT:default_local_stdio_options.obj
 0001:0000f6f8       __scrt_is_user_matherr_present 00000001400106f8 f   MSVCRT:matherr_detection.obj
 0001:0000f704       __scrt_get_dyn_tls_init_callback 0000000140010704 f   MSVCRT:dyn_tls_init.obj
 0001:0000f70c       __scrt_get_dyn_tls_dtor_callback 000000014001070c f   MSVCRT:dyn_tls_dtor.obj
 0001:0000f714       __crt_debugger_hook        0000000140010714 f   MSVCRT:utility_desktop.obj
 0001:0000f71c       __scrt_fastfail            000000014001071c f   MSVCRT:utility_desktop.obj
 0001:0000f868       __scrt_initialize_mta      0000000140010868 f   MSVCRT:utility_desktop.obj
 0001:0000f870       __scrt_is_managed_app      0000000140010870 f   MSVCRT:utility_desktop.obj
 0001:0000f8c4       __scrt_set_unhandled_exception_filter 00000001400108c4 f   MSVCRT:utility_desktop.obj
 0001:0000f8d4       __scrt_unhandled_exception_filter 00000001400108d4 f   MSVCRT:utility_desktop.obj
 0001:0000f930       _RTC_Initialize            0000000140010930 f   MSVCRT:initsect.obj
 0001:0000f96c       _RTC_Terminate             000000014001096c f   MSVCRT:initsect.obj
 0001:0000f9a8       __isa_available_init       00000001400109a8 f   MSVCRT:cpu_disp.obj
 0001:0000fb4c       __scrt_is_ucrt_dll_in_use  0000000140010b4c f   MSVCRT:ucrt_detection.obj
 0001:0000fb60       memcpy                     0000000140010b60 f   vcruntime:VCRUNTIME140.dll
 0001:0000fb66       memset                     0000000140010b66 f   vcruntime:VCRUNTIME140.dll
 0001:0000fb6c       memmove                    0000000140010b6c f   vcruntime:VCRUNTIME140.dll
 0001:0000fb72       strchr                     0000000140010b72 f   vcruntime:VCRUNTIME140.dll
 0001:0000fb78       memchr                     0000000140010b78 f   vcruntime:VCRUNTIME140.dll
 0001:0000fb7e       memcmp                     0000000140010b7e f   vcruntime:VCRUNTIME140.dll
 0001:0000fb84       longjmp                    0000000140010b84 f   vcruntime:VCRUNTIME140.dll
 0001:0000fb8a       __C_specific_handler       0000000140010b8a f   vcruntime:VCRUNTIME140.dll
 0001:0000fb90       __intrinsic_setjmp         0000000140010b90 f   vcruntime:VCRUNTIME140.dll
 0001:0000fb90       _setjmp                    0000000140010b90 f   vcruntime:VCRUNTIME140.dll
 0001:0000fb96       __current_exception        0000000140010b96 f   vcruntime:VCRUNTIME140.dll
 0001:0000fb9c       __current_exception_context 0000000140010b9c f   vcruntime:VCRUNTIME140.dll
 0001:0000fba2       fmod                       0000000140010ba2 f   ucrt:api-ms-win-crt-math-l1-1-0.dll
 0001:0000fba8       _seh_filter_exe            0000000140010ba8 f   ucrt:api-ms-win-crt-runtime-l1-1-0.dll
 0001:0000fbae       _set_app_type              0000000140010bae f   ucrt:api-ms-win-crt-runtime-l1-1-0.dll
 0001:0000fbb4       __setusermatherr           0000000140010bb4 f   ucrt:api-ms-win-crt-math-l1-1-0.dll
 0001:0000fbba       _configure_narrow_argv     0000000140010bba f   ucrt:api-ms-win-crt-runtime-l1-1-0.dll
 0001:0000fbc0       _initialize_narrow_environment 0000000140010bc0 f   ucrt:api-ms-win-crt-runtime-l1-1-0.dll
 0001:0000fbc6       _get_initial_narrow_environment 0000000140010bc6 f   ucrt:api-ms-win-crt-runtime-l1-1-0.dll
 0001:0000fbcc       _initterm                  0000000140010bcc f   ucrt:api-ms-win-crt-runtime-l1-1-0.dll
 0001:0000fbd2       _initterm_e                0000000140010bd2 f   ucrt:api-ms-win-crt-runtime-l1-1-0.dll
 0001:0000fbd8       exit                       0000000140010bd8 f   ucrt:api-ms-win-crt-runtime-l1-1-0.dll
 0001:0000fbde       _exit                      0000000140010bde f   ucrt:api-ms-win-crt-runtime-l1-1-0.dll
 0001:0000fbe4       _set_fmode                 0000000140010be4 f   ucrt:api-ms-win-crt-stdio-l1-1-0.dll
 0001:0000fbea       __p___argc                 0000000140010bea f   ucrt:api-ms-win-crt-runtime-l1-1-0.dll
 0001:0000fbf0       __p___argv                 0000000140010bf0 f   ucrt:api-ms-win-crt-runtime-l1-1-0.dll
 0001:0000fbf6       _cexit                     0000000140010bf6 f   ucrt:api-ms-win-crt-runtime-l1-1-0.dll
 0001:0000fbfc       _c_exit                    0000000140010bfc f   ucrt:api-ms-win-crt-runtime-l1-1-0.dll
 0001:0000fc02       _register_thread_local_exe_atexit_callback 0000000140010c02 f   ucrt:api-ms-win-crt-runtime-l1-1-0.dll
 0001:0000fc08       _configthreadlocale        0000000140010c08 f   ucrt:api-ms-win-crt-locale-l1-1-0.dll
 0001:0000fc0e       _set_new_mode              0000000140010c0e f   ucrt:api-ms-win-crt-heap-l1-1-0.dll
 0001:0000fc14       __p__commode               0000000140010c14 f   ucrt:api-ms-win-crt-stdio-l1-1-0.dll
 0001:0000fc1a       _initialize_onexit_table   0000000140010c1a f   ucrt:api-ms-win-crt-runtime-l1-1-0.dll
 0001:0000fc20       _register_onexit_function  0000000140010c20 f   ucrt:api-ms-win-crt-runtime-l1-1-0.dll
 0001:0000fc26       _crt_atexit                0000000140010c26 f   ucrt:api-ms-win-crt-runtime-l1-1-0.dll
 0001:0000fc2c       terminate                  0000000140010c2c f   ucrt:api-ms-win-crt-runtime-l1-1-0.dll
 0001:0000fc50       _guard_dispatch_icall_nop  0000000140010c50 f   MSVCRT:guard_dispatch.obj
 0001:0000fc70       _guard_xfg_dispatch_icall_nop 0000000140010c70 f   MSVCRT:guard_xfg_dispatch.obj
 0002:00000000       __imp_RtlLookupFunctionEntry 0000000140011000     kernel32:KERNEL32.dll
 0002:00000008       __imp_GetModuleHandleW     0000000140011008     kernel32:KERNEL32.dll
 0002:00000010       __imp_IsDebuggerPresent    0000000140011010     kernel32:KERNEL32.dll
 0002:00000018       __imp_InitializeSListHead  0000000140011018     kernel32:KERNEL32.dll
 0002:00000020       __imp_GetSystemTimeAsFileTime 0000000140011020     kernel32:KERNEL32.dll
 0002:00000028       __imp_IsProcessorFeaturePresent 0000000140011028     kernel32:KERNEL32.dll
 0002:00000030       __imp_TerminateProcess     0000000140011030     kernel32:KERNEL32.dll
 0002:00000038       __imp_GetCurrentProcess    0000000140011038     kernel32:KERNEL32.dll
 0002:00000040       __imp_SetUnhandledExceptionFilter 0000000140011040     kernel32:KERNEL32.dll
 0002:00000048       __imp_UnhandledExceptionFilter 0000000140011048     kernel32:KERNEL32.dll
 0002:00000050       __imp_RtlVirtualUnwind     0000000140011050     kernel32:KERNEL32.dll
 0002:00000058       __imp_RtlCaptureContext    0000000140011058     kernel32:KERNEL32.dll
 0002:00000060       __imp_FormatMessageA       0000000140011060     kernel32:KERNEL32.dll
 0002:00000068       __imp_SystemTimeToFileTime 0000000140011068     kernel32:KERNEL32.dll
 0002:00000070       __imp_FileTimeToSystemTime 0000000140011070     kernel32:KERNEL32.dll
 0002:00000078       __imp_GetLocalTime         0000000140011078     kernel32:KERNEL32.dll
 0002:00000080       __imp_QueryPerformanceFrequency 0000000140011080     kernel32:KERNEL32.dll
 0002:00000088       __imp_QueryPerformanceCounter 0000000140011088     kernel32:KERNEL32.dll
 0002:00000090       __imp_SetConsoleTextAttribute 0000000140011090     kernel32:KERNEL32.dll
 0002:00000098       __imp_CreateSemaphoreA     0000000140011098     kernel32:KERNEL32.dll
 0002:000000a0       __imp_TlsFree              00000001400110a0     kernel32:KERNEL32.dll
 0002:000000a8       __imp_TlsSetValue          00000001400110a8     kernel32:KERNEL32.dll
 0002:000000b0       __imp_TlsGetValue          00000001400110b0     kernel32:KERNEL32.dll
 0002:000000b8       __imp_TlsAlloc             00000001400110b8     kernel32:KERNEL32.dll
 0002:000000c0       __imp_GetCurrentThreadId   00000001400110c0     kernel32:KERNEL32.dll
 0002:000000c8       __imp_GetCurrentThread     00000001400110c8     kernel32:KERNEL32.dll
 0002:000000d0       __imp_GetStdHandle         00000001400110d0     kernel32:KERNEL32.dll
 0002:000000d8       __imp_CloseHandle          00000001400110d8     kernel32:KERNEL32.dll
 0002:000000e0       __imp_GetLastError         00000001400110e0     kernel32:KERNEL32.dll
 0002:000000e8       __imp_InitializeCriticalSection 00000001400110e8     kernel32:KERNEL32.dll
 0002:000000f0       __imp_EnterCriticalSection 00000001400110f0     kernel32:KERNEL32.dll
 0002:000000f8       __imp_LeaveCriticalSection 00000001400110f8     kernel32:KERNEL32.dll
 0002:00000100       __imp_TryEnterCriticalSection 0000000140011100     kernel32:KERNEL32.dll
 0002:00000108       __imp_DeleteCriticalSection 0000000140011108     kernel32:KERNEL32.dll
 0002:00000110       __imp_ReleaseSemaphore     0000000140011110     kernel32:KERNEL32.dll
 0002:00000118       __imp_WaitForSingleObject  0000000140011118     kernel32:KERNEL32.dll
 0002:00000120       __imp_Sleep                0000000140011120     kernel32:KERNEL32.dll
 0002:00000128       __imp_GetCurrentProcessId  0000000140011128     kernel32:KERNEL32.dll
 0002:00000130       __imp_CreateThread         0000000140011130     kernel32:KERNEL32.dll
 0002:00000138       \177KERNEL32_NULL_THUNK_DATA 0000000140011138     kernel32:KERNEL32.dll
 0002:00000140       __imp___intrinsic_setjmp   0000000140011140     vcruntime:VCRUNTIME140.dll
 0002:00000148       __imp___C_specific_handler 0000000140011148     vcruntime:VCRUNTIME140.dll
 0002:00000150       __imp_longjmp              0000000140011150     vcruntime:VCRUNTIME140.dll
 0002:00000158       __imp_memcmp               0000000140011158     vcruntime:VCRUNTIME140.dll
 0002:00000160       __imp_memchr               0000000140011160     vcruntime:VCRUNTIME140.dll
 0002:00000168       __imp_strchr               0000000140011168     vcruntime:VCRUNTIME140.dll
 0002:00000170       __imp_memmove              0000000140011170     vcruntime:VCRUNTIME140.dll
 0002:00000178       __imp_memset               0000000140011178     vcruntime:VCRUNTIME140.dll
 0002:00000180       __imp_memcpy               0000000140011180     vcruntime:VCRUNTIME140.dll
 0002:00000188       __imp___current_exception  0000000140011188     vcruntime:VCRUNTIME140.dll
 0002:00000190       __imp___current_exception_context 0000000140011190     vcruntime:VCRUNTIME140.dll
 0002:00000198       \177VCRUNTIME140_NULL_THUNK_DATA 0000000140011198     vcruntime:VCRUNTIME140.dll
 0002:000001a0       __imp_recvfrom             00000001400111a0     ws2_32:WS2_32.dll
 0002:000001a8       __imp_recv                 00000001400111a8     ws2_32:WS2_32.dll
 0002:000001b0       __imp_ntohs                00000001400111b0     ws2_32:WS2_32.dll
 0002:000001b8       __imp_ntohl                00000001400111b8     ws2_32:WS2_32.dll
 0002:000001c0       __imp_listen               00000001400111c0     ws2_32:WS2_32.dll
 0002:000001c8       __imp_inet_addr            00000001400111c8     ws2_32:WS2_32.dll
 0002:000001d0       __imp_htons                00000001400111d0     ws2_32:WS2_32.dll
 0002:000001d8       __imp_getsockopt           00000001400111d8     ws2_32:WS2_32.dll
 0002:000001e0       __imp_send                 00000001400111e0     ws2_32:WS2_32.dll
 0002:000001e8       __imp_getsockname          00000001400111e8     ws2_32:WS2_32.dll
 0002:000001f0       __imp_gethostbyname        00000001400111f0     ws2_32:WS2_32.dll
 0002:000001f8       __imp_closesocket          00000001400111f8     ws2_32:WS2_32.dll
 0002:00000200       __imp_bind                 0000000140011200     ws2_32:WS2_32.dll
 0002:00000208       __imp_accept               0000000140011208     ws2_32:WS2_32.dll
 0002:00000210       __imp_ioctlsocket          0000000140011210     ws2_32:WS2_32.dll
 0002:00000218       __imp_WSAGetLastError      0000000140011218     ws2_32:WS2_32.dll
 0002:00000220       __imp_WSACleanup           0000000140011220     ws2_32:WS2_32.dll
 0002:00000228       __imp_WSAStartup           0000000140011228     ws2_32:WS2_32.dll
 0002:00000230       __imp_sendto               0000000140011230     ws2_32:WS2_32.dll
 0002:00000238       __imp_setsockopt           0000000140011238     ws2_32:WS2_32.dll
 0002:00000240       __imp_gethostname          0000000140011240     ws2_32:WS2_32.dll
 0002:00000248       __imp_WSAIoctl             0000000140011248     ws2_32:WS2_32.dll
 0002:00000250       __imp_WSASocketA           0000000140011250     ws2_32:WS2_32.dll
 0002:00000258       __imp___WSAFDIsSet         0000000140011258     ws2_32:WS2_32.dll
 0002:00000260       __imp_select               0000000140011260     ws2_32:WS2_32.dll
 0002:00000268       \177WS2_32_NULL_THUNK_DATA 0000000140011268     ws2_32:WS2_32.dll
 0002:00000270       __imp_free                 0000000140011270     ucrt:api-ms-win-crt-heap-l1-1-0.dll
 0002:00000278       __imp__set_new_mode        0000000140011278     ucrt:api-ms-win-crt-heap-l1-1-0.dll
 0002:00000280       __imp_malloc               0000000140011280     ucrt:api-ms-win-crt-heap-l1-1-0.dll
 0002:00000288       \177api-ms-win-crt-heap-l1-1-0_NULL_THUNK_DATA 0000000140011288     ucrt:api-ms-win-crt-heap-l1-1-0.dll
 0002:00000290       __imp__configthreadlocale  0000000140011290     ucrt:api-ms-win-crt-locale-l1-1-0.dll
 0002:00000298       \177api-ms-win-crt-locale-l1-1-0_NULL_THUNK_DATA 0000000140011298     ucrt:api-ms-win-crt-locale-l1-1-0.dll
 0002:000002a0       __imp___setusermatherr     00000001400112a0     ucrt:api-ms-win-crt-math-l1-1-0.dll
 0002:000002a8       __imp_fmod                 00000001400112a8     ucrt:api-ms-win-crt-math-l1-1-0.dll
 0002:000002b0       \177api-ms-win-crt-math-l1-1-0_NULL_THUNK_DATA 00000001400112b0     ucrt:api-ms-win-crt-math-l1-1-0.dll
 0002:000002b8       __imp__cexit               00000001400112b8     ucrt:api-ms-win-crt-runtime-l1-1-0.dll
 0002:000002c0       __imp_terminate            00000001400112c0     ucrt:api-ms-win-crt-runtime-l1-1-0.dll
 0002:000002c8       __imp__crt_atexit          00000001400112c8     ucrt:api-ms-win-crt-runtime-l1-1-0.dll
 0002:000002d0       __imp__c_exit              00000001400112d0     ucrt:api-ms-win-crt-runtime-l1-1-0.dll
 0002:000002d8       __imp__register_onexit_function 00000001400112d8     ucrt:api-ms-win-crt-runtime-l1-1-0.dll
 0002:000002e0       __imp__initialize_onexit_table 00000001400112e0     ucrt:api-ms-win-crt-runtime-l1-1-0.dll
 0002:000002e8       __imp___p___argv           00000001400112e8     ucrt:api-ms-win-crt-runtime-l1-1-0.dll
 0002:000002f0       __imp___p___argc           00000001400112f0     ucrt:api-ms-win-crt-runtime-l1-1-0.dll
 0002:000002f8       __imp__seh_filter_exe      00000001400112f8     ucrt:api-ms-win-crt-runtime-l1-1-0.dll
 0002:00000300       __imp__set_app_type        0000000140011300     ucrt:api-ms-win-crt-runtime-l1-1-0.dll
 0002:00000308       __imp__exit                0000000140011308     ucrt:api-ms-win-crt-runtime-l1-1-0.dll
 0002:00000310       __imp__configure_narrow_argv 0000000140011310     ucrt:api-ms-win-crt-runtime-l1-1-0.dll
 0002:00000318       __imp__initialize_narrow_environment 0000000140011318     ucrt:api-ms-win-crt-runtime-l1-1-0.dll
 0002:00000320       __imp__get_initial_narrow_environment 0000000140011320     ucrt:api-ms-win-crt-runtime-l1-1-0.dll
 0002:00000328       __imp__initterm            0000000140011328     ucrt:api-ms-win-crt-runtime-l1-1-0.dll
 0002:00000330       __imp__initterm_e          0000000140011330     ucrt:api-ms-win-crt-runtime-l1-1-0.dll
 0002:00000338       __imp_exit                 0000000140011338     ucrt:api-ms-win-crt-runtime-l1-1-0.dll
 0002:00000340       __imp__register_thread_local_exe_atexit_callback 0000000140011340     ucrt:api-ms-win-crt-runtime-l1-1-0.dll
 0002:00000348       \177api-ms-win-crt-runtime-l1-1-0_NULL_THUNK_DATA 0000000140011348     ucrt:api-ms-win-crt-runtime-l1-1-0.dll
 0002:00000350       __imp_freopen              0000000140011350     ucrt:api-ms-win-crt-stdio-l1-1-0.dll
 0002:00000358       __imp_fgets                0000000140011358     ucrt:api-ms-win-crt-stdio-l1-1-0.dll
 0002:00000360       __imp___stdio_common_vfprintf 0000000140011360     ucrt:api-ms-win-crt-stdio-l1-1-0.dll
 0002:00000368       __imp__set_fmode           0000000140011368     ucrt:api-ms-win-crt-stdio-l1-1-0.dll
 0002:00000370       __imp_puts                 0000000140011370     ucrt:api-ms-win-crt-stdio-l1-1-0.dll
 0002:00000378       __imp___acrt_iob_func      0000000140011378     ucrt:api-ms-win-crt-stdio-l1-1-0.dll
 0002:00000380       __imp___stdio_common_vsprintf 0000000140011380     ucrt:api-ms-win-crt-stdio-l1-1-0.dll
 0002:00000388       __imp___p__commode         0000000140011388     ucrt:api-ms-win-crt-stdio-l1-1-0.dll
 0002:00000390       \177api-ms-win-crt-stdio-l1-1-0_NULL_THUNK_DATA 0000000140011390     ucrt:api-ms-win-crt-stdio-l1-1-0.dll
 0002:00000398       __imp_strncpy              0000000140011398     ucrt:api-ms-win-crt-string-l1-1-0.dll
 0002:000003a0       __imp_isspace              00000001400113a0     ucrt:api-ms-win-crt-string-l1-1-0.dll
 0002:000003a8       __imp_isdigit              00000001400113a8     ucrt:api-ms-win-crt-string-l1-1-0.dll
 0002:000003b0       __imp__strnicmp            00000001400113b0     ucrt:api-ms-win-crt-string-l1-1-0.dll
 0002:000003b8       __imp_strncmp              00000001400113b8     ucrt:api-ms-win-crt-string-l1-1-0.dll
 0002:000003c0       \177api-ms-win-crt-string-l1-1-0_NULL_THUNK_DATA 00000001400113c0     ucrt:api-ms-win-crt-string-l1-1-0.dll
 0002:000003c8       __imp_CoCreateGuid         00000001400113c8     ole32:ole32.dll
 0002:000003d0       \177ole32_NULL_THUNK_DATA  00000001400113d0     ole32:ole32.dll
 0002:000003d8       __guard_check_icall_fptr   00000001400113d8     MSVCRT:guard_support.obj
 0002:000003e0       __guard_xfg_check_icall_fptr 00000001400113e0     MSVCRT:guard_support.obj
 0002:000003e8       __guard_dispatch_icall_fptr 00000001400113e8     MSVCRT:guard_support.obj
 0002:000003f0       __guard_xfg_dispatch_icall_fptr 00000001400113f0     MSVCRT:guard_support.obj
 0002:000003f8       __guard_xfg_table_dispatch_icall_fptr 00000001400113f8     MSVCRT:guard_support.obj
 0002:00000400       __xc_a                     0000000140011400     MSVCRT:initializers.obj
 0002:00000410       __xc_z                     0000000140011410     MSVCRT:initializers.obj
 0002:00000418       __xi_a                     0000000140011418     MSVCRT:initializers.obj
 0002:00000430       __xi_z                     0000000140011430     MSVCRT:initializers.obj
 0002:00000438       __xp_a                     0000000140011438     MSVCRT:initializers.obj
 0002:00000440       __xp_z                     0000000140011440     MSVCRT:initializers.obj
 0002:00000448       __xt_a                     0000000140011448     MSVCRT:initializers.obj
 0002:00000450       __xt_z                     0000000140011450     MSVCRT:initializers.obj
 0002:00000820       ??_C@_0DI@FPKNFLPC@Unable?5to?5resolve?5STUN?5server?5?$CI@ 0000000140011820     pjlib-util-x86_64-x64-vc14-release:errno.obj
 0002:00000858       ??_C@_0DG@MLIAHJMC@Unknown?5STUN?5message?5type?5?$CIPJLI@ 0000000140011858     pjlib-util-x86_64-x64-vc14-release:errno.obj
 0002:00000890       ??_C@_0DH@BGLGMNML@Invalid?5STUN?5message?5length?5?$CIPJ@ 0000000140011890     pjlib-util-x86_64-x64-vc14-release:errno.obj
 0002:000008c8       ??_C@_0DI@MNKBLDCO@STUN?5attribute?5length?5error?5?$CIPJ@ 00000001400118c8     pjlib-util-x86_64-x64-vc14-release:errno.obj
 0002:00000900       ??_C@_0DJ@GEFJCPHI@Invalid?5STUN?5attribute?5type?5?$CIPJ@ 0000000140011900     pjlib-util-x86_64-x64-vc14-release:errno.obj
 0002:00000940       ??_C@_0DL@JFEBBJAB@Invalid?5STUN?5server?1socket?5inde@ 0000000140011940     pjlib-util-x86_64-x64-vc14-release:errno.obj
 0002:00000980       ??_C@_0EE@OMBAKMPD@No?5STUN?5binding?5response?5in?5the@ 0000000140011980     pjlib-util-x86_64-x64-vc14-release:errno.obj
 0002:000009c8       ??_C@_0DM@JJJKHKHH@Received?5STUN?5error?5attribute?5?$CI@ 00000001400119c8     pjlib-util-x86_64-x64-vc14-release:errno.obj
 0002:00000a08       ??_C@_0DJ@BDPKKDEL@No?5STUN?5mapped?5address?5attribut@ 0000000140011a08     pjlib-util-x86_64-x64-vc14-release:errno.obj
 0002:00000a50       ??_C@_0ED@MIOBPJDH@Received?5no?5response?5from?5STUN?5@ 0000000140011a50     pjlib-util-x86_64-x64-vc14-release:errno.obj
 0002:00000a98       ??_C@_0DK@OILEGGA@Symetric?5NAT?5detected?5by?5STUN?5?$CI@ 0000000140011a98     pjlib-util-x86_64-x64-vc14-release:errno.obj
 0002:00000ad8       ??_C@_0CI@OKGDIDF@Invalid?5XML?5message?5?$CIPJLIB_UTIL@ 0000000140011ad8     pjlib-util-x86_64-x64-vc14-release:errno.obj
 0002:00000b00       ??_C@_0CL@IPLFEOJE@Invalid?5JSON?5document?5?$CIPJLIB_UT@ 0000000140011b00     pjlib-util-x86_64-x64-vc14-release:errno.obj
 0002:00000b30       ??_C@_0EC@KJLJANIE@DNS?5query?5packet?5buffer?5is?5too?5@ 0000000140011b30     pjlib-util-x86_64-x64-vc14-release:errno.obj
 0002:00000b78       ??_C@_0DC@JFKHADAC@Invalid?5DNS?5packet?5length?5?$CIPJLI@ 0000000140011b78     pjlib-util-x86_64-x64-vc14-release:errno.obj
 0002:00000bb0       ??_C@_0CL@OCFDFFNM@Invalid?5DNS?5class?5?$CIPJLIB_UTIL_E@ 0000000140011bb0     pjlib-util-x86_64-x64-vc14-release:errno.obj
 0002:00000be0       ??_C@_0DE@FIPILDGP@Invalid?5DNS?5name?5pointer?5?$CIPJLIB@ 0000000140011be0     pjlib-util-x86_64-x64-vc14-release:errno.obj
 0002:00000c18       ??_C@_0DJ@NBOGGJL@Invalid?5DNS?5nameserver?5address?5@ 0000000140011c18     pjlib-util-x86_64-x64-vc14-release:errno.obj
 0002:00000c58       ??_C@_0DH@LFJGDOHB@No?5nameserver?5is?5in?5DNS?5resolve@ 0000000140011c58     pjlib-util-x86_64-x64-vc14-release:errno.obj
 0002:00000c90       ??_C@_0DH@PHJBLCKD@No?5working?5DNS?5nameserver?5?$CIPJLI@ 0000000140011c90     pjlib-util-x86_64-x64-vc14-release:errno.obj
 0002:00000cd0       ??_C@_0EC@HJFBNLFC@No?5answer?5record?5in?5the?5DNS?5res@ 0000000140011cd0     pjlib-util-x86_64-x64-vc14-release:errno.obj
 0002:00000d18       ??_C@_0CN@DEFBDJKF@Invalid?5DNS?5answer?5?$CIPJLIB_UTIL_@ 0000000140011d18     pjlib-util-x86_64-x64-vc14-release:errno.obj
 0002:00000d48       ??_C@_0CN@BCAAPMPM@DNS?5?$CCFormat?5error?$CC?5?$CIPJLIB_UTIL_@ 0000000140011d48     pjlib-util-x86_64-x64-vc14-release:errno.obj
 0002:00000d78       ??_C@_0DA@NBPIIAHM@DNS?5?$CCServer?5failure?$CC?5?$CIPJLIB_UTI@ 0000000140011d78     pjlib-util-x86_64-x64-vc14-release:errno.obj
 0002:00000da8       ??_C@_0CM@CNNJNBCA@DNS?5?$CCName?5Error?$CC?5?$CIPJLIB_UTIL_ED@ 0000000140011da8     pjlib-util-x86_64-x64-vc14-release:errno.obj
 0002:00000dd8       ??_C@_0DA@DIMDKHPM@DNS?5?$CCNot?5Implemented?$CC?5?$CIPJLIB_UT@ 0000000140011dd8     pjlib-util-x86_64-x64-vc14-release:errno.obj
 0002:00000e08       ??_C@_0CI@LDMKLLKJ@DNS?5?$CCRefused?$CC?5?$CIPJLIB_UTIL_EDNS_@ 0000000140011e08     pjlib-util-x86_64-x64-vc14-release:errno.obj
 0002:00000e30       ??_C@_0DB@PFAMNHPJ@DNS?5?$CCThe?5name?5exists?$CC?5?$CIPJLIB_UT@ 0000000140011e30     pjlib-util-x86_64-x64-vc14-release:errno.obj
 0002:00000e68       ??_C@_0DO@OIIHMCI@DNS?5?$CCThe?5RRset?5?$CIname?0?5type?$CJ?5exi@ 0000000140011e68     pjlib-util-x86_64-x64-vc14-release:errno.obj
 0002:00000eb0       ??_C@_0EG@OMHMBNML@DNS?5?$CCThe?5RRset?5?$CIname?0?5type?$CJ?5doe@ 0000000140011eb0     pjlib-util-x86_64-x64-vc14-release:errno.obj
 0002:00000ef8       ??_C@_0CP@HJODAHHO@DNS?5?$CCNot?5authorized?$CC?5?$CIPJLIB_UTI@ 0000000140011ef8     pjlib-util-x86_64-x64-vc14-release:errno.obj
 0002:00000f30       ??_C@_0EB@GKEHOPAE@DNS?5?$CCThe?5zone?5specified?5is?5not?5@ 0000000140011f30     pjlib-util-x86_64-x64-vc14-release:errno.obj
 0002:00000f78       ??_C@_0DH@EMGNELGL@Too?5many?5STUN?5attributes?5?$CIPJLIB@ 0000000140011f78     pjlib-util-x86_64-x64-vc14-release:errno.obj
 0002:00000fb0       ??_C@_0DF@KMIPDCMM@Unknown?5STUN?5attribute?5?$CIPJLIB_U@ 0000000140011fb0     pjlib-util-x86_64-x64-vc14-release:errno.obj
 0002:00000fe8       ??_C@_0DP@PDBNFLFH@Invalid?5STUN?5socket?5address?5len@ 0000000140011fe8     pjlib-util-x86_64-x64-vc14-release:errno.obj
 0002:00001030       ??_C@_0EA@NAKPKGDE@STUN?5IPv6?5attribute?5not?5support@ 0000000140012030     pjlib-util-x86_64-x64-vc14-release:errno.obj
 0002:00001070       ??_C@_0DO@LEKPMIHP@Expecting?5STUN?5response?5message@ 0000000140012070     pjlib-util-x86_64-x64-vc14-release:errno.obj
 0002:000010b0       ??_C@_0DJ@DDEJFFIL@STUN?5transaction?5ID?5mismatch?5?$CIP@ 00000001400120b0     pjlib-util-x86_64-x64-vc14-release:errno.obj
 0002:000010f0       ??_C@_0EI@BNLBFIKH@Unable?5to?5find?5STUN?5handler?5for@ 00000001400120f0     pjlib-util-x86_64-x64-vc14-release:errno.obj
 0002:00001140       ??_C@_0FA@DIAPLEFD@Found?5non?9FINGERPRINT?5attr?4?5aft@ 0000000140012140     pjlib-util-x86_64-x64-vc14-release:errno.obj
 0002:00001190       ??_C@_0ED@CNMDGMPD@Found?5STUN?5attribute?5after?5FING@ 0000000140012190     pjlib-util-x86_64-x64-vc14-release:errno.obj
 0002:000011d8       ??_C@_0DN@JLMAJAKN@Missing?5STUN?5USERNAME?5attribute@ 00000001400121d8     pjlib-util-x86_64-x64-vc14-release:errno.obj
 0002:00001220       ??_C@_0EK@LMHKLKC@Missing?1invalid?5STUN?5MESSAGE?9IN@ 0000000140012220     pjlib-util-x86_64-x64-vc14-release:errno.obj
 0002:00001270       ??_C@_0DJ@BCFNCGF@Found?5duplicate?5STUN?5attribute?5@ 0000000140012270     pjlib-util-x86_64-x64-vc14-release:errno.obj
 0002:000012b0       ??_C@_0DH@MMHMOPBG@Missing?5STUN?5REALM?5attribute?5?$CIP@ 00000001400122b0     pjlib-util-x86_64-x64-vc14-release:errno.obj
 0002:000012f0       ??_C@_0EB@FGOGNHPO@Missing?1stale?5STUN?5NONCE?5attrib@ 00000001400122f0     pjlib-util-x86_64-x64-vc14-release:errno.obj
 0002:00001340       ??_C@_0EF@HAPLEMIK@STUN?5transaction?5terminates?5wit@ 0000000140012340     pjlib-util-x86_64-x64-vc14-release:errno.obj
 0002:00001388       ??_C@_0CL@GOOAEBLJ@Invalid?5URL?5format?5?$CIPJLIB_UTIL_@ 0000000140012388     pjlib-util-x86_64-x64-vc14-release:errno.obj
 0002:000013b8       ??_C@_0DB@BDFJPAOA@Invalid?5URL?5port?5number?5?$CIPJLIB_@ 00000001400123b8     pjlib-util-x86_64-x64-vc14-release:errno.obj
 0002:000013f0       ??_C@_0DN@CABCKELB@Incomplete?5response?5header?5rece@ 00000001400123f0     pjlib-util-x86_64-x64-vc14-release:errno.obj
 0002:00001430       ??_C@_0CN@MKMAKFDH@Insufficient?5buffer?5?$CIPJLIB_UTIL@ 0000000140012430     pjlib-util-x86_64-x64-vc14-release:errno.obj
 0002:00001460       ??_C@_0CH@JNBFBBKA@Connection?5lost?5?$CIPJLIB_UTIL_EHT@ 0000000140012460     pjlib-util-x86_64-x64-vc14-release:errno.obj
 0002:00001488       ??_C@_0CE@DHMMOEGP@Exit?5current?5session?5?$CIPJ_CLI_EE@ 0000000140012488     pjlib-util-x86_64-x64-vc14-release:errno.obj
 0002:000014b0       ??_C@_0CG@LEDMCEME@Missing?5argument?5?$CIPJ_CLI_EMISSI@ 00000001400124b0     pjlib-util-x86_64-x64-vc14-release:errno.obj
 0002:000014d8       ??_C@_0CJ@ECODGDHL@Too?5many?5arguments?5?$CIPJ_CLI_ETOO@ 00000001400124d8     pjlib-util-x86_64-x64-vc14-release:errno.obj
 0002:00001508       ??_C@_0CC@NLPGOLED@Invalid?5argument?5?$CIPJ_CLI_EINVAR@ 0000000140012508     pjlib-util-x86_64-x64-vc14-release:errno.obj
 0002:00001530       ??_C@_0CO@OOEOBCH@Command?5name?5already?5exists?5?$CIPJ@ 0000000140012530     pjlib-util-x86_64-x64-vc14-release:errno.obj
 0002:00001560       ??_C@_0CK@MKOACJP@Command?5id?5already?5exists?5?$CIPJ_C@ 0000000140012560     pjlib-util-x86_64-x64-vc14-release:errno.obj
 0002:00001590       ??_C@_0CE@LHHCBFML@Invalid?5XML?5format?5?$CIPJ_CLI_EBAD@ 0000000140012590     pjlib-util-x86_64-x64-vc14-release:errno.obj
 0002:000015b8       ??_C@_0CF@CKMLJLLP@Connection?5lost?5?$CIPJ_CLI_ETELNET@ 00000001400125b8     pjlib-util-x86_64-x64-vc14-release:errno.obj
 0002:000015e0       ??_C@_0BM@LDLEGOFO@Unknown?5pjlib?9util?5error?5?$CFd@ 00000001400125e0     pjlib-util-x86_64-x64-vc14-release:errno.obj
 0002:000015fc       ??_C@_04OJAHODMC@Text@     00000001400125fc     pjlib-util-x86_64-x64-vc14-release:cli.obj
 0002:00001604       ??_C@_03DBLNGNIM@Int@      0000000140012604     pjlib-util-x86_64-x64-vc14-release:cli.obj
 0002:00001608       ??_C@_06PMIAHANM@Choice@   0000000140012608     pjlib-util-x86_64-x64-vc14-release:cli.obj
 0002:00001610       ??_C@_06DDDNEJEA@choice@   0000000140012610     pjlib-util-x86_64-x64-vc14-release:cli.obj
 0002:00001638       ??_C@_02LFBAKKMC@SC@       0000000140012638     pjlib-util-x86_64-x64-vc14-release:cli.obj
 0002:0000163b       ??_C@_00CNPNBAHC@@         000000014001263b     pjlib-util-x86_64-x64-vc14-release:cli.obj
 0002:00001640       ??_C@_0IA@IHKENAFH@?$DMCMD?5name?$DN?8log?8?5id?$DN?830000?8?5sc?$DN?8@ 0000000140012640     pjlib-util-x86_64-x64-vc14-release:cli.obj
 0002:000016c0       ??_C@_0DN@JBMPIMOA@?$DMCMD?5name?$DN?8exit?8?5id?$DN?830001?8?5sc?$DN@ 00000001400126c0     pjlib-util-x86_64-x64-vc14-release:cli.obj
 0002:00001700       ??_C@_03CNKJKKE@cli@       0000000140012700     pjlib-util-x86_64-x64-vc14-release:cli.obj
 0002:00001708       ??_C@_0BK@DBPPABLN@Failed?5to?5add?5command?5?$CD?$CFd@ 0000000140012708     pjlib-util-x86_64-x64-vc14-release:cli.obj
 0002:00001724       ??_C@_05KGLCFCOD@cli?4c@   0000000140012724     pjlib-util-x86_64-x64-vc14-release:cli.obj
 0002:0000172c       ??_C@_02DPKJAMEF@?$CFd@    000000014001272c     pjlib-util-x86_64-x64-vc14-release:cli.obj
 0002:00001730       ??_C@_05MFEJDJP@value@     0000000140012730     pjlib-util-x86_64-x64-vc14-release:cli.obj
 0002:00001738       ??_C@_04EBPADADD@desc@     0000000140012738     pjlib-util-x86_64-x64-vc14-release:cli.obj
 0002:00001740       ??_C@_04MEMAJGDJ@name@     0000000140012740     pjlib-util-x86_64-x64-vc14-release:cli.obj
 0002:00001748       ??_C@_02EGCJHIOB@id@       0000000140012748     pjlib-util-x86_64-x64-vc14-release:cli.obj
 0002:0000174c       ??_C@_04GPMDFGEJ@type@     000000014001274c     pjlib-util-x86_64-x64-vc14-release:cli.obj
 0002:00001754       ??_C@_04CIMGMMMG@text@     0000000140012754     pjlib-util-x86_64-x64-vc14-release:cli.obj
 0002:0000175c       ??_C@_03JBIPMCLC@int@      000000014001275c     pjlib-util-x86_64-x64-vc14-release:cli.obj
 0002:00001760       ??_C@_08EBGGHLAO@optional@ 0000000140012760     pjlib-util-x86_64-x64-vc14-release:cli.obj
 0002:0000176c       ??_C@_01HIHLOKLC@1@        000000014001276c     pjlib-util-x86_64-x64-vc14-release:cli.obj
 0002:00001770       ??_C@_08EBLJJHKN@validate@ 0000000140012770     pjlib-util-x86_64-x64-vc14-release:cli.obj
 0002:0000177c       ??_C@_03LLENEDKC@CMD@      000000014001277c     pjlib-util-x86_64-x64-vc14-release:cli.obj
 0002:00001780       ??_C@_02BINJMIIA@sc@       0000000140012780     pjlib-util-x86_64-x64-vc14-release:cli.obj
 0002:00001784       ??_C@_03CNBDDMKH@ARG@      0000000140012784     pjlib-util-x86_64-x64-vc14-release:cli.obj
 0002:00001788       ??_C@_03PJHHNEEI@xml@      0000000140012788     pjlib-util-x86_64-x64-vc14-release:cli.obj
 0002:00001790       ??_C@_0BL@IDNCPFLH@Error?3?5unable?5to?5parse?5XML@ 0000000140012790     pjlib-util-x86_64-x64-vc14-release:cli.obj
 0002:000017ac       ??_C@_03ECAGCCFB@?8?$CC?$HN@ 00000001400127ac     pjlib-util-x86_64-x64-vc14-release:cli.obj
 0002:000017b0       ??_C@_03BEFMIFNH@?8?$CC?$HL@ 00000001400127b0     pjlib-util-x86_64-x64-vc14-release:cli.obj
 0002:000017b4       ??_C@_04HHCDBDLF@?5?7?$AN?6@ 00000001400127b4     pjlib-util-x86_64-x64-vc14-release:cli.obj
 0002:00001800       ??_C@_0BN@IPGOFGHC@?$CFError?5?3?5Invalid?5Arguments?$AN?6@ 0000000140012800     pjlib-util-x86_64-x64-vc14-release:cli_console.obj
 0002:00001820       ??_C@_0BO@HKLDDDMM@?$CFError?5?3?5Too?5Many?5Arguments?$AN?6@ 0000000140012820     pjlib-util-x86_64-x64-vc14-release:cli_console.obj
 0002:00001840       ??_C@_04EBNJJJJI@?$CF?4?$CKs@ 0000000140012840     pjlib-util-x86_64-x64-vc14-release:cli_console.obj
 0002:00001848       ??_C@_0L@FPHIBBAG@console_fe@ 0000000140012848     pjlib-util-x86_64-x64-vc14-release:cli_console.obj
 0002:00001854       ??_C@_04IMEJGNKP@?$DO?$DO?$DO?5@ 0000000140012854     pjlib-util-x86_64-x64-vc14-release:cli_console.obj
 0002:0000185c       ??_C@_02DKCKIIND@?$CFs@    000000014001285c     pjlib-util-x86_64-x64-vc14-release:cli_console.obj
 0002:00001860       ??_C@_02PCIJFNDE@?$AN?6@   0000000140012860     pjlib-util-x86_64-x64-vc14-release:cli_console.obj
 0002:00001864       ??_C@_01CLKCMJKC@?5@       0000000140012864     pjlib-util-x86_64-x64-vc14-release:cli_console.obj
 0002:00001868       ??_C@_01JKBOJNNK@?$FO@     0000000140012868     pjlib-util-x86_64-x64-vc14-release:cli_console.obj
 0002:0000186c       ??_C@_02KNHHEEKP@?5?5@     000000014001286c     pjlib-util-x86_64-x64-vc14-release:cli_console.obj
 0002:00001870       ??_C@_04DDJEOHF@?$AN?6?5?5@ 0000000140012870     pjlib-util-x86_64-x64-vc14-release:cli_console.obj
 0002:00001878       ??_C@_01OHGJGJJP@?$FL@     0000000140012878     pjlib-util-x86_64-x64-vc14-release:cli_console.obj
 0002:0000187c       ??_C@_01LBDDMOBJ@?$FN@     000000014001287c     pjlib-util-x86_64-x64-vc14-release:cli_console.obj
 0002:00001880       ??_C@_01MNNFJEPP@?$DM@     0000000140012880     pjlib-util-x86_64-x64-vc14-release:cli_console.obj
 0002:00001884       ??_C@_01PPODPGHN@?$DO@     0000000140012884     pjlib-util-x86_64-x64-vc14-release:cli_console.obj
 0002:00001888       ??_C@_03LGOGDKEL@?5?$HM?5@ 0000000140012888     pjlib-util-x86_64-x64-vc14-release:cli_console.obj
 0002:00001890       ??_C@_0M@LAOLDMLM@handle_hint@ 0000000140012890     pjlib-util-x86_64-x64-vc14-release:cli_console.obj
 0002:000018a0       ??_C@_0M@KJAIKDIA@handle_exec@ 00000001400128a0     pjlib-util-x86_64-x64-vc14-release:cli_console.obj
 0002:000018ac       ??_C@_01KDCPPGHE@r@        00000001400128ac     pjlib-util-x86_64-x64-vc14-release:cli_console.obj
 0002:000018b0       ??_C@_06GDENEHCP@CONIN$@   00000001400128b0     pjlib-util-x86_64-x64-vc14-release:cli_console.obj
 0002:000018b8       ??_C@_0DE@KMLJCNEF@Cannot?5switch?5back?5to?5console?5f@ 00000001400128b8     pjlib-util-x86_64-x64-vc14-release:cli_console.obj
 0002:000018f0       ??_C@_0CP@LCNJNDBP@Switched?5back?5to?5console?5from?5f@ 00000001400128f0     pjlib-util-x86_64-x64-vc14-release:cli_console.obj
 0002:00001980       ??_C@_0L@NEKFNNMM@handle_tab@ 0000000140012980     pjlib-util-x86_64-x64-vc14-release:cli_telnet.obj
 0002:00001990       ??_C@_0O@ONJEDMHC@handle_return@ 0000000140012990     pjlib-util-x86_64-x64-vc14-release:cli_telnet.obj
 0002:000019a0       ??_C@_0BH@IIJPKDOG@?$DM?4?4data?5truncated?4?4?$DO?$AN?6@ 00000001400129a0     pjlib-util-x86_64-x64-vc14-release:cli_telnet.obj
 0002:000019b8       ??_C@_0BD@EDGHECDN@Error?5On?5data?5send@ 00000001400129b8     pjlib-util-x86_64-x64-vc14-release:cli_telnet.obj
 0002:000019d0       ??_C@_0N@IPEMLDNJ@cli_telnet?4c@ 00000001400129d0     pjlib-util-x86_64-x64-vc14-release:cli_telnet.obj
 0002:000019e0       ??_C@_0BG@IIMMODFM@Error?5on?5data?5read?5?$CFd@ 00000001400129e0     pjlib-util-x86_64-x64-vc14-release:cli_telnet.obj
 0002:000019f8       ??_C@_0BI@FGEAGNLA@Error?5on?5data?5accept?5?$CFd@ 00000001400129f8     pjlib-util-x86_64-x64-vc14-release:cli_telnet.obj
 0002:00001a10       ??_C@_0M@EAEEIGHO@telnet_sess@ 0000000140012a10     pjlib-util-x86_64-x64-vc14-release:cli_telnet.obj
 0002:00001a20       ??_C@_0DB@GMPCGDOL@Not?5enough?5memory?5to?5create?5a?5n@ 0000000140012a20     pjlib-util-x86_64-x64-vc14-release:cli_telnet.obj
 0002:00001a58       ??_C@_0BC@FFNCOBNJ@mutex_telnet_sess@ 0000000140012a58     pjlib-util-x86_64-x64-vc14-release:cli_telnet.obj
 0002:00001a70       ??_C@_0BP@BOMGCGBH@Failure?5creating?5active?5socket@ 0000000140012a70     pjlib-util-x86_64-x64-vc14-release:cli_telnet.obj
 0002:00001a90       ??_C@_0BO@LBKLDPHF@Failure?5reading?5active?5socket@ 0000000140012a90     pjlib-util-x86_64-x64-vc14-release:cli_telnet.obj
 0002:00001ab0       ??_C@_09DKDLBLKO@telnet_fe@ 0000000140012ab0     pjlib-util-x86_64-x64-vc14-release:cli_telnet.obj
 0002:00001ac0       ??_C@_0BA@BJMFBIIP@mutex_telnet_fe@ 0000000140012ac0     pjlib-util-x86_64-x64-vc14-release:cli_telnet.obj
 0002:00001ad0       ??_C@_0BO@LNGEGFKJ@Failed?5setting?5socket?5options@ 0000000140012ad0     pjlib-util-x86_64-x64-vc14-release:cli_telnet.obj
 0002:00001af0       ??_C@_0CE@IGNJOCDM@Address?5is?5still?5in?5use?0?5retryi@ 0000000140012af0     pjlib-util-x86_64-x64-vc14-release:cli_telnet.obj
 0002:00001b14       ??_C@_02LLMPMKNF@?$DO?5@   0000000140012b14     pjlib-util-x86_64-x64-vc14-release:cli_telnet.obj
 0002:00001b18       ??_C@_0BK@FMGILPIG@Failed?5binding?5the?5socket@ 0000000140012b18     pjlib-util-x86_64-x64-vc14-release:cli_telnet.obj
 0002:00001b38       ??_C@_0BB@LOAHFKNN@worker_telnet_fe@ 0000000140012b38     pjlib-util-x86_64-x64-vc14-release:cli_telnet.obj
 0002:00001b50       ??_C@_0BB@MEBBOAAM@Telnet?5Restarted@ 0000000140012b50     pjlib-util-x86_64-x64-vc14-release:cli_telnet.obj
 0002:00001b70       ??_C@_0IF@ECGJNPNE@C?3?2Users?2WerBinIch?2Documents?2gi@ 0000000140012b70     pjlib-util-x86_64-x64-vc14-release:scanner.obj
 0002:00001c00       __xmm@ffffffffffffffffffffffffffffffff 0000000140012c00     pjlib-util-x86_64-x64-vc14-release:scanner.obj
 0002:00001c10       ??_C@_0IB@HPBFAFGF@C?3?2Users?2WerBinIch?2Documents?2gi@ 0000000140012c10     pjlib-util-x86_64-x64-vc14-release:xml.obj
 0002:00001c94       ??_C@_02KBFACPPK@?$DM?$CB@ 0000000140012c94     pjlib-util-x86_64-x64-vc14-release:xml.obj
 0002:00001c98       ??_C@_06MKPKJMEK@?5?1?$DO?7?$AN?6@ 0000000140012c98     pjlib-util-x86_64-x64-vc14-release:xml.obj
 0002:00001ca0       ??_C@_06NLKJJJJJ@?$DN?$DO?5?7?$AN?6@ 0000000140012ca0     pjlib-util-x86_64-x64-vc14-release:xml.obj
 0002:00001ca8       ??_C@_02OBLCAGAG@?$CC?8@   0000000140012ca8     pjlib-util-x86_64-x64-vc14-release:xml.obj
 0002:00001cb0       ??_C@_09BLLNCBLF@?$DM?$CB?$FLCDATA?$FL@ 0000000140012cb0     pjlib-util-x86_64-x64-vc14-release:xml.obj
 0002:00001cbc       ??_C@_03MCHNFBAC@?$FN?$FN?$DO@ 0000000140012cbc     pjlib-util-x86_64-x64-vc14-release:xml.obj
 0002:00001cc0       ??_C@_03DAJNKPCP@?5?7?$DO@ 0000000140012cc0     pjlib-util-x86_64-x64-vc14-release:xml.obj
 0002:00001cc8       ??_C@_0CO@GIBLJIOM@Syntax?5error?5parsing?5XML?5in?5lin@ 0000000140012cc8     pjlib-util-x86_64-x64-vc14-release:xml.obj
 0002:00001cf8       ??_C@_05MFBNHJDJ@xml?4c@   0000000140012cf8     pjlib-util-x86_64-x64-vc14-release:xml.obj
 0002:00001d00       ??_C@_04IFCNACLH@pj?$CFp@  0000000140012d00     pjlib-x86_64-x64-vc14-release:os_core_win32.obj
 0002:00001d08       ??_C@_0BA@NGJFHJA@PJLIB?1No?5memory@ 0000000140012d08     pjlib-x86_64-x64-vc14-release:os_core_win32.obj
 0002:00001d18       ??_C@_0BP@NGEKBPIB@pjlib?5?$CFs?5for?5win32?5initialized@ 0000000140012d18     pjlib-x86_64-x64-vc14-release:os_core_win32.obj
 0002:00001d38       ??_C@_0BA@FNCACAIG@os_core_win32?4c@ 0000000140012d38     pjlib-x86_64-x64-vc14-release:os_core_win32.obj
 0002:00001d48       ??_C@_0CI@EAKIIBBA@Main?5thread?5stack?5max?5usage?$DN?$CFu?5@ 0000000140012d48     pjlib-x86_64-x64-vc14-release:os_core_win32.obj
 0002:00001d70       ??_C@_0HO@NIBMBENE@C?3?2Users?2WerBinIch?2Documents?2gi@ 0000000140012d70     pjlib-x86_64-x64-vc14-release:os_core_win32.obj
 0002:00001df0       ??_C@_05KHEDLION@thr?$CFp@ 0000000140012df0     pjlib-x86_64-x64-vc14-release:os_core_win32.obj
 0002:00001df8       ??_C@_0CD@GPHECFNA@Thread?5stack?5max?5usage?$DN?$CFu?5by?5?$CFs@ 0000000140012df8     pjlib-x86_64-x64-vc14-release:os_core_win32.obj
 0002:00001e1c       ??_C@_05EJDHHBFJ@mtx?$CFp@ 0000000140012e1c     pjlib-x86_64-x64-vc14-release:os_core_win32.obj
 0002:00001e24       ??_C@_05EKKMALCN@sem?$CFp@ 0000000140012e24     pjlib-x86_64-x64-vc14-release:os_core_win32.obj
 0002:00001e2c       ??_C@_06DDFOEFIF@FATAL?3@  0000000140012e2c     pjlib-x86_64-x64-vc14-release:log.obj
 0002:00001e34       ??_C@_06PONDCDME@ERROR?3@  0000000140012e34     pjlib-x86_64-x64-vc14-release:log.obj
 0002:00001e3c       ??_C@_06OHJPOJDB@?5WARN?3@ 0000000140012e3c     pjlib-x86_64-x64-vc14-release:log.obj
 0002:00001e44       ??_C@_06ICKKLHPE@?5INFO?3@ 0000000140012e44     pjlib-x86_64-x64-vc14-release:log.obj
 0002:00001e4c       ??_C@_06DNOFLLB@DEBUG?3@   0000000140012e4c     pjlib-x86_64-x64-vc14-release:log.obj
 0002:00001e54       ??_C@_06ELIFFDKB@TRACE?3@  0000000140012e54     pjlib-x86_64-x64-vc14-release:log.obj
 0002:00001e5c       ??_C@_06HGKAKJPG@DETRC?3@  0000000140012e5c     pjlib-x86_64-x64-vc14-release:log.obj
 0002:00001e64       ??_C@_03KOEHGMDN@Sun@      0000000140012e64     pjlib-x86_64-x64-vc14-release:log.obj
 0002:00001e68       ??_C@_03PDAGKDH@Mon@       0000000140012e68     pjlib-x86_64-x64-vc14-release:log.obj
 0002:00001e6c       ??_C@_03NAGEINEP@Tue@      0000000140012e6c     pjlib-x86_64-x64-vc14-release:log.obj
 0002:00001e70       ??_C@_03MHOMLAJA@Wed@      0000000140012e70     pjlib-x86_64-x64-vc14-release:log.obj
 0002:00001e74       ??_C@_03IOFIKPDN@Thu@      0000000140012e74     pjlib-x86_64-x64-vc14-release:log.obj
 0002:00001e78       ??_C@_03IDIOELNC@Fri@      0000000140012e78     pjlib-x86_64-x64-vc14-release:log.obj
 0002:00001e7c       ??_C@_03FEFJNEK@Sat@       0000000140012e7c     pjlib-x86_64-x64-vc14-release:log.obj
 0002:00001e80       ??_C@_0HE@ONAIBOBI@C?3?2Users?2WerBinIch?2Documents?2gi@ 0000000140012e80     pjlib-x86_64-x64-vc14-release:log.obj
 0002:00001ef8       ??_C@_0BO@BGMDCDKP@?$DMlogging?5error?3?5msg?5too?5long?$DO@ 0000000140012ef8     pjlib-x86_64-x64-vc14-release:log.obj
 0002:00001f20       ??_C@_0HH@JPNODECN@C?3?2Users?2WerBinIch?2Documents?2gi@ 0000000140012f20     pjlib-x86_64-x64-vc14-release:string.obj
 0002:00001fa0       ??_C@_0HN@GFOBEPN@C?3?2Users?2WerBinIch?2Documents?2gi@ 0000000140012fa0     pjlib-x86_64-x64-vc14-release:pool_caching.obj
 0002:00002020       ??_C@_0M@IGFPEOLJ@cachingpool@ 0000000140013020     pjlib-x86_64-x64-vc14-release:pool_caching.obj
 0002:00002030       ??_C@_0DD@ECGDPCBA@Pool?5is?5not?5released?5by?5applica@ 0000000140013030     pjlib-x86_64-x64-vc14-release:pool_caching.obj
 0002:00002068       ??_C@_0BH@BBPHJKOA@?5Dumping?5caching?5pool?3@ 0000000140013068     pjlib-x86_64-x64-vc14-release:pool_caching.obj
 0002:00002080       ??_C@_08COPEICHG@cachpool@ 0000000140013080     pjlib-x86_64-x64-vc14-release:pool_caching.obj
 0002:00002090       ??_C@_0CN@DOKPIIOH@?5?5?5Capacity?$DN?$CFu?0?5max_capacity?$DN?$CFu@ 0000000140013090     pjlib-x86_64-x64-vc14-release:pool_caching.obj
 0002:000020c0       ??_C@_0BM@IDLDGCC@?5?5Dumping?5all?5active?5pools?3@ 00000001400130c0     pjlib-x86_64-x64-vc14-release:pool_caching.obj
 0002:000020e0       ??_C@_0CA@MMLIKIEG@?5?5?5?$CF16s?3?5?$CF8d?5of?5?$CF8d?5?$CI?$CFd?$CF?$CF?$CJ?5used@ 00000001400130e0     pjlib-x86_64-x64-vc14-release:pool_caching.obj
 0002:00002100       ??_C@_0CB@GKBJPDKG@?5?5Total?5?$CF9d?5of?5?$CF9d?5?$CI?$CFd?5?$CF?$CF?$CJ?5used@ 0000000140013100     pjlib-x86_64-x64-vc14-release:pool_caching.obj
 0002:000022b0       ??_C@_0BM@FLPPOGAG@Unknown?5Error?5?$CIPJ_EUNKNOWN?$CJ@ 00000001400132b0     pjlib-x86_64-x64-vc14-release:errno.obj
 0002:000022d0       ??_C@_0CA@DCLOOJGD@Pending?5operation?5?$CIPJ_EPENDING?$CJ@ 00000001400132d0     pjlib-x86_64-x64-vc14-release:errno.obj
 0002:000022f0       ??_C@_0CO@GABEOAFF@Too?5many?5connecting?5sockets?5?$CIPJ@ 00000001400132f0     pjlib-x86_64-x64-vc14-release:errno.obj
 0002:00002320       ??_C@_0CG@CBCJBJGD@Invalid?5value?5or?5argument?5?$CIPJ_E@ 0000000140013320     pjlib-x86_64-x64-vc14-release:errno.obj
 0002:00002348       ??_C@_0CA@GJABNEKD@Name?5too?5long?5?$CIPJ_ENAMETOOLONG?$CJ@ 0000000140013348     pjlib-x86_64-x64-vc14-release:errno.obj
 0002:00002368       ??_C@_0BJ@JNKLPII@Not?5found?5?$CIPJ_ENOTFOUND?$CJ@ 0000000140013368     pjlib-x86_64-x64-vc14-release:errno.obj
 0002:00002388       ??_C@_0BO@GOLCMJKK@Not?5enough?5memory?5?$CIPJ_ENOMEM?$CJ@ 0000000140013388     pjlib-x86_64-x64-vc14-release:errno.obj
 0002:000023a8       ??_C@_0BI@HHGDCAID@BUG?5DETECTED?$CB?5?$CIPJ_EBUG?$CJ@ 00000001400133a8     pjlib-x86_64-x64-vc14-release:errno.obj
 0002:000023c0       ??_C@_0CD@JOGIDHPJ@Operation?5timed?5out?5?$CIPJ_ETIMEDO@ 00000001400133c0     pjlib-x86_64-x64-vc14-release:errno.obj
 0002:000023e8       ??_C@_0DF@MIFNAIHL@Too?5many?5objects?5of?5the?5specifi@ 00000001400133e8     pjlib-x86_64-x64-vc14-release:errno.obj
 0002:00002420       ??_C@_0BK@OMPILOH@Object?5is?5busy?5?$CIPJ_EBUSY?$CJ@ 0000000140013420     pjlib-x86_64-x64-vc14-release:errno.obj
 0002:00002440       ??_C@_0CP@BAIBJOJE@Option?1operation?5is?5not?5support@ 0000000140013440     pjlib-x86_64-x64-vc14-release:errno.obj
 0002:00002470       ??_C@_0CC@OEEEEEML@Invalid?5operation?5?$CIPJ_EINVALIDO@ 0000000140013470     pjlib-x86_64-x64-vc14-release:errno.obj
 0002:00002498       ??_C@_0CE@KDDMJLGF@Operation?5cancelled?5?$CIPJ_ECANCEL@ 0000000140013498     pjlib-x86_64-x64-vc14-release:errno.obj
 0002:000024c0       ??_C@_0CD@LODOFNLC@Object?5already?5exists?5?$CIPJ_EEXIS@ 00000001400134c0     pjlib-x86_64-x64-vc14-release:errno.obj
 0002:000024e8       ??_C@_0BG@GMBDFNLN@End?5of?5file?5?$CIPJ_EEOF?$CJ@ 00000001400134e8     pjlib-x86_64-x64-vc14-release:errno.obj
 0002:00002500       ??_C@_0BN@PCCNBFLN@Size?5is?5too?5big?5?$CIPJ_ETOOBIG?$CJ@ 0000000140013500     pjlib-x86_64-x64-vc14-release:errno.obj
 0002:00002520       ??_C@_0DB@FDCHLEID@gethostbyname?$CI?$CJ?5has?5returned?5er@ 0000000140013520     pjlib-x86_64-x64-vc14-release:errno.obj
 0002:00002558       ??_C@_0CB@MGGLJMNO@Size?5is?5too?5short?5?$CIPJ_ETOOSMALL@ 0000000140013558     pjlib-x86_64-x64-vc14-release:errno.obj
 0002:00002580       ??_C@_0BG@NBDJGAFI@Ignored?5?$CIPJ_EIGNORED?$CJ@ 0000000140013580     pjlib-x86_64-x64-vc14-release:errno.obj
 0002:00002598       ??_C@_0CH@OGOOBJBE@IPv6?5is?5not?5supported?5?$CIPJ_EIPV6@ 0000000140013598     pjlib-x86_64-x64-vc14-release:errno.obj
 0002:000025c0       ??_C@_0CK@DJAHHNOI@Unsupported?5address?5family?5?$CIPJ_@ 00000001400135c0     pjlib-x86_64-x64-vc14-release:errno.obj
 0002:000025f0       ??_C@_0CD@PDGCJOJH@Object?5no?5longer?5exists?5?$CIPJ_EGO@ 00000001400135f0     pjlib-x86_64-x64-vc14-release:errno.obj
 0002:00002618       ??_C@_0CI@LBHALONI@Socket?5is?5in?5bad?5state?5?$CIPJ_ESOC@ 0000000140013618     pjlib-x86_64-x64-vc14-release:errno.obj
 0002:00002640       ??_C@_0BH@ONDLFCEA@Unknown?5pjlib?5error?5?$CFd@ 0000000140013640     pjlib-x86_64-x64-vc14-release:errno.obj
 0002:00002658       ??_C@_07PBILKAFL@Success@  0000000140013658     pjlib-x86_64-x64-vc14-release:errno.obj
 0002:00002660       ??_C@_0BB@BIKLJNJD@Unknown?5error?5?$CFd@ 0000000140013660     pjlib-x86_64-x64-vc14-release:errno.obj
 0002:00002674       ??_C@_05NAOIJFC@Error@     0000000140013674     pjlib-x86_64-x64-vc14-release:errno.obj
 0002:0000267c       ??_C@_06DJHOIPC@?$CFs?3?5?$CFs@ 000000014001367c     pjlib-x86_64-x64-vc14-release:errno.obj
 0002:00002688       ??_C@_0CD@KFHCCJFN@?$CB?$CB?$CBFATAL?3?5unhandled?5exception?5?$CF@ 0000000140013688     pjlib-x86_64-x64-vc14-release:except.obj
 0002:000026b0       ??_C@_08PDFMOJIE@except?4c@ 00000001400136b0     pjlib-x86_64-x64-vc14-release:except.obj
 0002:000026c0       ??_C@_0N@GJOLEKJC@?$DMInvalid?5ID?$DO@ 00000001400136c0     pjlib-x86_64-x64-vc14-release:except.obj
 0002:000026d0       ??_C@_0N@LJPLLMIL@exception?5?$CFd@ 00000001400136d0     pjlib-x86_64-x64-vc14-release:except.obj
 0002:000026e0       ??_C@_0HF@MAEJMFHP@C?3?2Users?2WerBinIch?2Documents?2gi@ 00000001400136e0     pjlib-x86_64-x64-vc14-release:hash.obj
 0002:00002760       ??_C@_0HF@IEAAJLHC@C?3?2Users?2WerBinIch?2Documents?2gi@ 0000000140013760     pjlib-x86_64-x64-vc14-release:pool.obj
 0002:000027e0       ??_C@_0ID@CCMBIOPL@C?3?2Users?2WerBinIch?2Documents?2gi@ 00000001400137e0     pjlib-x86_64-x64-vc14-release:ioqueue_select.obj
 0002:00002864       ??_C@_05LIJONKFG@ioq?$CFp@ 0000000140013864     pjlib-x86_64-x64-vc14-release:ioqueue_select.obj
 0002:00002870       ??_C@_0CA@IMDCINDN@select?$CI?$CJ?5I?1O?5Queue?5created?5?$CI?$CFp?$CJ@ 0000000140013870     pjlib-x86_64-x64-vc14-release:ioqueue_select.obj
 0002:00002890       ??_C@_05PHKAINEA@pjlib@    0000000140013890     pjlib-x86_64-x64-vc14-release:ioqueue_select.obj
 0002:00002898       ??_C@_0CJ@NPMLHLI@Bad?5ioqueue?5count?5in?5key?5unregi@ 0000000140013898     pjlib-x86_64-x64-vc14-release:ioqueue_select.obj
 0002:000028c8       ??_C@_0L@CAJCIPAG@ioq_select@ 00000001400138c8     pjlib-x86_64-x64-vc14-release:ioqueue_select.obj
 0002:000028e0       ??_C@_0HM@MMOOCFAF@C?3?2Users?2WerBinIch?2Documents?2gi@ 00000001400138e0     pjlib-x86_64-x64-vc14-release:sock_common.obj
 0002:0000295c       PJ_AF_UNSPEC               000000014001395c     pjlib-x86_64-x64-vc14-release:sock_bsd.obj
 0002:00002960       PJ_AF_UNIX                 0000000140013960     pjlib-x86_64-x64-vc14-release:sock_bsd.obj
 0002:00002964       PJ_AF_INET                 0000000140013964     pjlib-x86_64-x64-vc14-release:sock_bsd.obj
[...]
 0002:00004ca8       $chain$5$pj_ioqueue_send   0000000140015ca8     pjlib-x86_64-x64-vc14-release:ioqueue_select.obj
 0002:00004cb8       $unwind$ioqueue_dispatch_write_event 0000000140015cb8     pjlib-x86_64-x64-vc14-release:ioqueue_select.obj
 0002:00004cd0       $unwind$ioqueue_dispatch_read_event 0000000140015cd0     pjlib-x86_64-x64-vc14-release:ioqueue_select.obj
 0002:00004ce8       $unwind$ioqueue_dispatch_exception_event 0000000140015ce8     pjlib-x86_64-x64-vc14-release:ioqueue_select.obj
 0002:00004cf4       $chain$0$ioqueue_dispatch_exception_event 0000000140015cf4     pjlib-x86_64-x64-vc14-release:ioqueue_select.obj
 0002:00004d08       $chain$1$ioqueue_dispatch_exception_event 0000000140015d08     pjlib-x86_64-x64-vc14-release:ioqueue_select.obj
 0002:00004d18       $unwind$scan_closing_keys  0000000140015d18     pjlib-x86_64-x64-vc14-release:ioqueue_select.obj
 0002:00004d28       $chain$0$scan_closing_keys 0000000140015d28     pjlib-x86_64-x64-vc14-release:ioqueue_select.obj
 0002:00004d3c       $chain$1$scan_closing_keys 0000000140015d3c     pjlib-x86_64-x64-vc14-release:ioqueue_select.obj
 0002:00004d4c       $chain$0$decrement_counter 0000000140015d4c     pjlib-x86_64-x64-vc14-release:ioqueue_select.obj
 0002:00004d60       $chain$1$decrement_counter 0000000140015d60     pjlib-x86_64-x64-vc14-release:ioqueue_select.obj
 0002:00004d70       $unwind$pj_sockaddr_in_set_str_addr 0000000140015d70     pjlib-x86_64-x64-vc14-release:sock_common.obj
 0002:00004d88       $unwind$pj_inet_aton       0000000140015d88     pjlib-x86_64-x64-vc14-release:sock_bsd.obj
 0002:00004d9c       $chain$0$pj_gethostname    0000000140015d9c     pjlib-x86_64-x64-vc14-release:sock_bsd.obj
 0002:00004db0       $chain$2$pj_gethostname    0000000140015db0     pjlib-x86_64-x64-vc14-release:sock_bsd.obj
 0002:00004dc4       $chain$3$pj_gethostname    0000000140015dc4     pjlib-x86_64-x64-vc14-release:sock_bsd.obj
 0002:00004dd4       $unwind$pj_sock_socket     0000000140015dd4     pjlib-x86_64-x64-vc14-release:sock_bsd.obj
 0002:00004de8       $unwind$pj_sock_getsockopt 0000000140015de8     pjlib-x86_64-x64-vc14-release:sock_bsd.obj
 0002:00004de8       $unwind$pj_sock_recvfrom   0000000140015de8     pjlib-x86_64-x64-vc14-release:sock_bsd.obj
 0002:00004de8       $unwind$pj_sock_sendto     0000000140015de8     pjlib-x86_64-x64-vc14-release:sock_bsd.obj
 0002:00004de8       $unwind$pj_sock_setsockopt 0000000140015de8     pjlib-x86_64-x64-vc14-release:sock_bsd.obj
 0002:00004dfc       $unwind$pj_activesock_create 0000000140015dfc     pjlib-x86_64-x64-vc14-release:activesock.obj
 0002:00004e10       $chain$0$pj_activesock_create 0000000140015e10     pjlib-x86_64-x64-vc14-release:activesock.obj
 0002:00004e24       $chain$1$pj_activesock_create 0000000140015e24     pjlib-x86_64-x64-vc14-release:activesock.obj
 0002:00004e38       $chain$2$pj_activesock_create 0000000140015e38     pjlib-x86_64-x64-vc14-release:activesock.obj
 0002:00004e48       $chain$3$pj_activesock_create 0000000140015e48     pjlib-x86_64-x64-vc14-release:activesock.obj
 0002:00004e48       $chain$5$pj_activesock_create 0000000140015e48     pjlib-x86_64-x64-vc14-release:activesock.obj
 0002:00004e58       $chain$4$pj_activesock_create 0000000140015e58     pjlib-x86_64-x64-vc14-release:activesock.obj
 0002:00004e6c       $unwind$pj_activesock_close 0000000140015e6c     pjlib-x86_64-x64-vc14-release:activesock.obj
 0002:00004e78       $chain$1$pj_activesock_close 0000000140015e78     pjlib-x86_64-x64-vc14-release:activesock.obj
 0002:00004e8c       $chain$2$pj_activesock_close 0000000140015e8c     pjlib-x86_64-x64-vc14-release:activesock.obj
 0002:00004e9c       $unwind$pj_activesock_start_read 0000000140015e9c     pjlib-x86_64-x64-vc14-release:activesock.obj
 0002:00004eac       $chain$1$pj_activesock_start_read 0000000140015eac     pjlib-x86_64-x64-vc14-release:activesock.obj
 0002:00004ec4       $chain$2$pj_activesock_start_read 0000000140015ec4     pjlib-x86_64-x64-vc14-release:activesock.obj
 0002:00004ed8       $chain$3$pj_activesock_start_read 0000000140015ed8     pjlib-x86_64-x64-vc14-release:activesock.obj
 0002:00004ee8       $chain$5$pj_activesock_start_read 0000000140015ee8     pjlib-x86_64-x64-vc14-release:activesock.obj
 0002:00004ee8       $chain$7$pj_activesock_start_read 0000000140015ee8     pjlib-x86_64-x64-vc14-release:activesock.obj
 0002:00004f00       $chain$8$pj_activesock_start_read 0000000140015f00     pjlib-x86_64-x64-vc14-release:activesock.obj
 0002:00004f10       $unwind$pj_activesock_send 0000000140015f10     pjlib-x86_64-x64-vc14-release:activesock.obj
 0002:00004f20       $chain$1$pj_activesock_send 0000000140015f20     pjlib-x86_64-x64-vc14-release:activesock.obj
 0002:00004f38       $chain$3$pj_activesock_send 0000000140015f38     pjlib-x86_64-x64-vc14-release:activesock.obj
 0002:00004f50       $chain$4$pj_activesock_send 0000000140015f50     pjlib-x86_64-x64-vc14-release:activesock.obj
 0002:00004f60       $unwind$pj_activesock_start_accept 0000000140015f60     pjlib-x86_64-x64-vc14-release:activesock.obj
 0002:00004f68       $chain$4$pj_activesock_start_accept 0000000140015f68     pjlib-x86_64-x64-vc14-release:activesock.obj
 0002:00004f8c       $chain$5$pj_activesock_start_accept 0000000140015f8c     pjlib-x86_64-x64-vc14-release:activesock.obj
 0002:00004f9c       $unwind$ioqueue_on_read_complete 0000000140015f9c     pjlib-x86_64-x64-vc14-release:activesock.obj
 0002:00004fb0       $unwind$ioqueue_on_write_complete 0000000140015fb0     pjlib-x86_64-x64-vc14-release:activesock.obj
 0002:00004fc0       $chain$0$ioqueue_on_write_complete 0000000140015fc0     pjlib-x86_64-x64-vc14-release:activesock.obj
 0002:00004fd4       $chain$1$ioqueue_on_write_complete 0000000140015fd4     pjlib-x86_64-x64-vc14-release:activesock.obj
 0002:00004fe4       $unwind$ioqueue_on_accept_complete 0000000140015fe4     pjlib-x86_64-x64-vc14-release:activesock.obj
 0002:00004fe4       $unwind$send_remaining     0000000140015fe4     pjlib-x86_64-x64-vc14-release:activesock.obj
 0002:00004ff4       $chain$0$ioqueue_on_accept_complete 0000000140015ff4     pjlib-x86_64-x64-vc14-release:activesock.obj
 0002:00005008       $chain$1$ioqueue_on_accept_complete 0000000140016008     pjlib-x86_64-x64-vc14-release:activesock.obj
 0002:00005018       $chain$2$ioqueue_on_accept_complete 0000000140016018     pjlib-x86_64-x64-vc14-release:activesock.obj
 0002:0000502c       $unwind$pj_generate_unique_string 000000014001602c     pjlib-x86_64-x64-vc14-release:guid_win32.obj
 0002:0000503c       $unwind$pj_gettimeofday    000000014001603c     pjlib-x86_64-x64-vc14-release:os_time_win32.obj
 0002:00005050       $unwind$pj_time_decode     0000000140016050     pjlib-x86_64-x64-vc14-release:os_time_win32.obj
 0002:00005064       $unwind$pj_lock_create_recursive_mutex 0000000140016064     pjlib-x86_64-x64-vc14-release:lock.obj
 0002:00005064       $unwind$pj_lock_create_simple_mutex 0000000140016064     pjlib-x86_64-x64-vc14-release:lock.obj
 0002:00005074       $chain$0$pj_lock_create_simple_mutex 0000000140016074     pjlib-x86_64-x64-vc14-release:lock.obj
 0002:00005088       $chain$2$pj_lock_create_simple_mutex 0000000140016088     pjlib-x86_64-x64-vc14-release:lock.obj
 0002:0000509c       $chain$3$pj_lock_create_simple_mutex 000000014001609c     pjlib-x86_64-x64-vc14-release:lock.obj
 0002:000050ac       $chain$0$pj_lock_create_recursive_mutex 00000001400160ac     pjlib-x86_64-x64-vc14-release:lock.obj
 0002:000050c0       $chain$2$pj_lock_create_recursive_mutex 00000001400160c0     pjlib-x86_64-x64-vc14-release:lock.obj
 0002:000050d4       $chain$3$pj_lock_create_recursive_mutex 00000001400160d4     pjlib-x86_64-x64-vc14-release:lock.obj
 0002:000050e4       $unwind$grp_lock_destroy   00000001400160e4     pjlib-x86_64-x64-vc14-release:lock.obj
 0002:000050f0       $chain$0$grp_lock_destroy  00000001400160f0     pjlib-x86_64-x64-vc14-release:lock.obj
 0002:00005104       $chain$2$grp_lock_destroy  0000000140016104     pjlib-x86_64-x64-vc14-release:lock.obj
 0002:0000511c       $chain$3$grp_lock_destroy  000000014001611c     pjlib-x86_64-x64-vc14-release:lock.obj
 0002:00005130       $chain$4$grp_lock_destroy  0000000140016130     pjlib-x86_64-x64-vc14-release:lock.obj
 0002:00005140       $unwind$pj_pool_create_on_buf 0000000140016140     pjlib-x86_64-x64-vc14-release:pool_buf.obj
 0002:00005150       $unwind$default_block_alloc 0000000140016150     pjlib-x86_64-x64-vc14-release:pool_policy_malloc.obj
 0002:00005160       $unwind$platform_strerror  0000000140016160     pjlib-x86_64-x64-vc14-release:os_error_win32.obj
 0002:00005174       $chain$0$pj_gettickcount   0000000140016174     pjlib-x86_64-x64-vc14-release:os_timestamp_common.obj
 0002:00005188       $chain$2$pj_gettickcount   0000000140016188     pjlib-x86_64-x64-vc14-release:os_timestamp_common.obj
 0002:0000519c       $chain$3$pj_gettickcount   000000014001619c     pjlib-x86_64-x64-vc14-release:os_timestamp_common.obj
 0002:000051ac       $unwind$pj_sock_select     00000001400161ac     pjlib-x86_64-x64-vc14-release:sock_select.obj
 0002:000051c0       $unwind$pj_getaddrinfo     00000001400161c0     pjlib-x86_64-x64-vc14-release:addr_resolv_sock.obj
 0002:000051d4       $chain$0$pj_getaddrinfo    00000001400161d4     pjlib-x86_64-x64-vc14-release:addr_resolv_sock.obj
 0002:000051e8       $chain$1$pj_getaddrinfo    00000001400161e8     pjlib-x86_64-x64-vc14-release:addr_resolv_sock.obj
 0002:000051e8       $chain$9$pj_getaddrinfo    00000001400161e8     pjlib-x86_64-x64-vc14-release:addr_resolv_sock.obj
 0002:000051f8       $chain$10$pj_getaddrinfo   00000001400161f8     pjlib-x86_64-x64-vc14-release:addr_resolv_sock.obj
 0002:000051f8       $chain$2$pj_getaddrinfo    00000001400161f8     pjlib-x86_64-x64-vc14-release:addr_resolv_sock.obj
 0002:0000520c       $chain$7$pj_getaddrinfo    000000014001620c     pjlib-x86_64-x64-vc14-release:addr_resolv_sock.obj
 0002:00005230       $unwind$__GSHandlerCheckCommon 0000000140016230     MSVCRT:gshandler.obj
 0002:00005238       $xdatasym                  0000000140016238     MSVCRT:amdsecgs.obj
 0002:0000523c       $unwind$?__scrt_common_main_seh@@YAHXZ 000000014001623c     MSVCRT:exe_main.obj
 0002:00005274       $unwind$?filt$0@?0??__scrt_common_main_seh@@YAHXZ@4HA 0000000140016274     MSVCRT:exe_main.obj
 0002:0000527c       $unwind$__report_securityfailure 000000014001627c     MSVCRT:gs_report.obj
 0002:00005284       $unwind$__report_gsfailure 0000000140016284     MSVCRT:gs_report.obj
 0002:0000528c       $unwind$capture_current_context 000000014001628c     MSVCRT:gs_report.obj
 0002:00005298       $unwind$capture_previous_context 0000000140016298     MSVCRT:gs_report.obj
 0002:000052a8       $xdatasym                  00000001400162a8     MSVCRT:chkstk.obj
 0002:000052b0       $unwind$__scrt_is_nonwritable_in_current_image 00000001400162b0     MSVCRT:utility.obj
 0002:000052d0       $unwind$__scrt_is_nonwritable_in_current_image$filt$0 00000001400162d0     MSVCRT:utility.obj
 0002:000052d8       $unwind$__security_init_cookie 00000001400162d8     MSVCRT:gs_support.obj
 0002:000052e4       $unwind$__scrt_fastfail    00000001400162e4     MSVCRT:utility_desktop.obj
 0002:000052f4       $unwind$__isa_available_init 00000001400162f4     MSVCRT:cpu_disp.obj
 0002:00005308       $xdatasym                  0000000140016308     MSVCRT:guard_dispatch.obj
 0002:00005310       $xdatasym                  0000000140016310     MSVCRT:guard_xfg_dispatch.obj
 0002:000057d8       .idata$6                   00000001400167d8     ole32:ole32.dll
 0002:000057fc       .idata$6                   00000001400167fc     ws2_32:WS2_32.dll
 0002:00005b36       .idata$6                   0000000140016b36     kernel32:KERNEL32.dll
 0002:00005bec       .idata$6                   0000000140016bec     vcruntime:VCRUNTIME140.dll
 0002:00005e5e       .idata$6                   0000000140016e5e     ucrt:api-ms-win-crt-stdio-l1-1-0.dll
 0002:00005e7e       .idata$6                   0000000140016e7e     ucrt:api-ms-win-crt-string-l1-1-0.dll
 0002:00005ea0       .idata$6                   0000000140016ea0     ucrt:api-ms-win-crt-heap-l1-1-0.dll
 0002:00005ec0       .idata$6                   0000000140016ec0     ucrt:api-ms-win-crt-math-l1-1-0.dll
 0002:00005ee0       .idata$6                   0000000140016ee0     ucrt:api-ms-win-crt-runtime-l1-1-0.dll
 0002:00005f02       .idata$6                   0000000140016f02     ucrt:api-ms-win-crt-locale-l1-1-0.dll
 0003:00000000       $SG16817                   0000000140017000     clidemo.obj
 0003:00000090       $SG16818                   0000000140017090     clidemo.obj
 0003:00000110       $SG16819                   0000000140017110     clidemo.obj
 0003:000001d0       $SG16820                   00000001400171d0     clidemo.obj
 0003:000003e0       $SG16821                   00000001400173e0     clidemo.obj
 0003:000004c0       $SG16822                   00000001400174c0     clidemo.obj
 0003:00000510       $SG16767                   0000000140017510     clidemo.obj
 0003:00000520       $SG16782                   0000000140017520     clidemo.obj
 0003:00000530       $SG16798                   0000000140017530     clidemo.obj
 0003:0000053c       $SG16810                   000000014001753c     clidemo.obj
 0003:00000548       $SG16811                   0000000140017548     clidemo.obj
 0003:00000554       $SG16812                   0000000140017554     clidemo.obj
 0003:00000560       $SG16813                   0000000140017560     clidemo.obj
 0003:00000570       cmd_xmls                   0000000140017570     clidemo.obj
 0003:000005d0       $SG16849                   00000001400175d0     clidemo.obj
 0003:000005e0       $SG16850                   00000001400175e0     clidemo.obj
 0003:000005f8       $SG16853                   00000001400175f8     clidemo.obj
 0003:00000608       $SG16869                   0000000140017608     clidemo.obj
 0003:00000648       ?choice_str@?BA@??get_match_args@@9@9 0000000140017648     pjlib-util-x86_64-x64-vc14-release:cli.obj
 0003:00000658       thread_tls_id              0000000140017658     pjlib-x86_64-x64-vc14-release:os_core_win32.obj
 0003:00000660       pj_log_max_level           0000000140017660     pjlib-x86_64-x64-vc14-release:log.obj
 0003:00000664       thread_suspended_tls_id    0000000140017664     pjlib-x86_64-x64-vc14-release:log.obj
 0003:00000668       thread_indent_tls_id       0000000140017668     pjlib-x86_64-x64-vc14-release:log.obj
 0003:0000066c       log_decor                  000000014001766c     pjlib-x86_64-x64-vc14-release:log.obj
 0003:00000670       log_writer                 0000000140017670     pjlib-x86_64-x64-vc14-release:log.obj
 0003:00000678       PJ_LOG_COLOR_0             0000000140017678     pjlib-x86_64-x64-vc14-release:log.obj
 0003:0000067c       PJ_LOG_COLOR_1             000000014001767c     pjlib-x86_64-x64-vc14-release:log.obj
 0003:00000680       PJ_LOG_COLOR_2             0000000140017680     pjlib-x86_64-x64-vc14-release:log.obj
 0003:00000684       PJ_LOG_COLOR_3             0000000140017684     pjlib-x86_64-x64-vc14-release:log.obj
 0003:00000688       PJ_LOG_COLOR_4             0000000140017688     pjlib-x86_64-x64-vc14-release:log.obj
 0003:0000068c       PJ_LOG_COLOR_5             000000014001768c     pjlib-x86_64-x64-vc14-release:log.obj
 0003:00000690       PJ_LOG_COLOR_6             0000000140017690     pjlib-x86_64-x64-vc14-release:log.obj
 0003:00000694       PJ_LOG_COLOR_77            0000000140017694     pjlib-x86_64-x64-vc14-release:log.obj
 0003:00000698       ?ltexts@?2??pj_log@@9@9    0000000140017698     pjlib-x86_64-x64-vc14-release:log.obj
 0003:000006d0       ?wdays@?3??pj_log@@9@9     00000001400176d0     pjlib-x86_64-x64-vc14-release:log.obj
 0003:00000710       pool_sizes                 0000000140017710     pjlib-x86_64-x64-vc14-release:pool_caching.obj
 0003:00000790       thread_local_id            0000000140017790     pjlib-x86_64-x64-vc14-release:except.obj
 0003:00000798       ?hex@?1??hex2digit@@9@9    0000000140017798     pjlib-x86_64-x64-vc14-release:guid_win32.obj
 0003:000007b0       id                         00000001400177b0     pjlib-x86_64-x64-vc14-release:config.obj
 0003:000007b8       mutex_lock_template        00000001400177b8     pjlib-x86_64-x64-vc14-release:lock.obj
 0003:000007e0       null_lock_template         00000001400177e0     pjlib-x86_64-x64-vc14-release:lock.obj
 0003:00000808       sem_lock_template          0000000140017808     pjlib-x86_64-x64-vc14-release:lock.obj
 0003:00000830       tls                        0000000140017830     pjlib-x86_64-x64-vc14-release:pool_buf.obj
 0003:000008b0       cli                        00000001400178b0     clidemo.obj
 0003:000008b8       $SG16768                   00000001400178b8     clidemo.obj
 0003:000008b9       $SG16783                   00000001400178b9     clidemo.obj
 0003:000008ba       $SG16799                   00000001400178ba     clidemo.obj
 0003:000008c0       initialized                00000001400178c0     pjlib-x86_64-x64-vc14-release:os_core_win32.obj
 0003:000008c4       atexit_count               00000001400178c4     pjlib-x86_64-x64-vc14-release:os_core_win32.obj
 0003:000008d0       main_thread                00000001400178d0     pjlib-x86_64-x64-vc14-release:os_core_win32.obj
 0003:000009d0       critical_section_mutex     00000001400179d0     pjlib-x86_64-x64-vc14-release:os_core_win32.obj
 0003:00000a20       atexit_func                0000000140017a20     pjlib-x86_64-x64-vc14-release:os_core_win32.obj
 0003:00000b20       g_last_thread              0000000140017b20     pjlib-x86_64-x64-vc14-release:log.obj
 0003:00000b30       err_msg_hnd_cnt            0000000140017b30     pjlib-x86_64-x64-vc14-release:errno.obj
 0003:00000b40       err_msg_hnd                0000000140017b40     pjlib-x86_64-x64-vc14-release:errno.obj
 0003:00000be0       exception_id_names         0000000140017be0     pjlib-x86_64-x64-vc14-release:except.obj
 0003:00000c60       ?unknown_name@?1??pj_exception_id_name@@9@9 0000000140017c60     pjlib-x86_64-x64-vc14-release:except.obj
 0003:00000c80       ?buf@?1??pj_gethostname@@9@9 0000000140017c80     pjlib-x86_64-x64-vc14-release:sock_bsd.obj
 0003:00000d00       ?hostname@?1??pj_gethostname@@9@9 0000000140017d00     pjlib-x86_64-x64-vc14-release:sock_bsd.obj
 0003:00000d10       base_time                  0000000140017d10     pjlib-x86_64-x64-vc14-release:os_time_win32.obj
 0003:00000d20       stack_based_factory        0000000140017d20     pjlib-x86_64-x64-vc14-release:pool_buf.obj
 0003:00000d68       is_initialized             0000000140017d68     pjlib-x86_64-x64-vc14-release:pool_buf.obj
 0003:00000d70       s_hDLL                     0000000140017d70     pjlib-x86_64-x64-vc14-release:ip_helper_win32.obj
 0003:00000d78       s_pfnGetIpAddrTable        0000000140017d78     pjlib-x86_64-x64-vc14-release:ip_helper_win32.obj
 0003:00000d80       s_pfnGetAdapterAddresses   0000000140017d80     pjlib-x86_64-x64-vc14-release:ip_helper_win32.obj
 0003:00000d88       s_pfnGetIpForwardTable     0000000140017d88     pjlib-x86_64-x64-vc14-release:ip_helper_win32.obj
 0003:00000d90       s_pfnGetIfEntry            0000000140017d90     pjlib-x86_64-x64-vc14-release:ip_helper_win32.obj
 0003:00000da0       GS_ExceptionRecord         0000000140017da0     MSVCRT:gs_report.obj
 0003:00000e40       GS_ContextRecord           0000000140017e40     MSVCRT:gs_report.obj
 0003:00001320       ?is_initialized_as_dll@@3_NA 0000000140018320     MSVCRT:utility.obj
 0003:00001321       ?module_local_atexit_table_initialized@@3_NA 0000000140018321     MSVCRT:utility.obj
 0003:00001328       ?module_local_atexit_table@@3U_onexit_table_t@@A 0000000140018328     MSVCRT:utility.obj
 0003:00001340       ?module_local_at_quick_exit_table@@3U_onexit_table_t@@A 0000000140018340     MSVCRT:utility.obj
