 httpdemo

 Timestamp is 5f95b13d (Sun Oct 25 18:09:17 2020)

 Preferred load address is 0000000140000000

 Start         Length     Name                   Class
 0001:00000000 0000d520H .text$mn                CODE
 0001:0000d520 00000012H .text$mn$00             CODE
 0001:0000d532 00000036H .text$x                 CODE
 0002:00000000 000003d8H .idata$5                DATA
 0002:000003d8 00000010H .00cfg                  DATA
 0002:000003e8 00000008H .CRT$XCA                DATA
 0002:000003f0 00000008H .CRT$XCAA               DATA
 0002:000003f8 00000008H .CRT$XCZ                DATA
 0002:00000400 00000008H .CRT$XIA                DATA
 0002:00000408 00000008H .CRT$XIAA               DATA
 0002:00000410 00000008H .CRT$XIAC               DATA
 0002:00000418 00000008H .CRT$XIZ                DATA
 0002:00000420 00000008H .CRT$XPA                DATA
 0002:00000428 00000008H .CRT$XPZ                DATA
 0002:00000430 00000008H .CRT$XTA                DATA
 0002:00000438 00000008H .CRT$XTZ                DATA
 0002:00000440 00002d64H .rdata                  DATA
 0002:000031a4 0000025cH .rdata$zzzdbg           DATA
 0002:00003400 00000008H .rtc$IAA                DATA
 0002:00003408 00000008H .rtc$IZZ                DATA
 0002:00003410 00000008H .rtc$TAA                DATA
 0002:00003418 00000008H .rtc$TZZ                DATA
 0002:00003420 00001274H .xdata                  DATA
 0002:00004694 00000000H .edata                  DATA
 0002:00004694 000000dcH .idata$2                DATA
 0002:00004770 00000018H .idata$3                DATA
 0002:00004788 000003d8H .idata$4                DATA
 0002:00004b60 00000764H .idata$6                DATA
 0003:00000000 000003b0H .data                   DATA
 0003:000003b0 00000b10H .bss                    DATA
 0004:00000000 0000120cH .pdata                  DATA
 0005:00000000 0000001cH .gfids$y                DATA

  Address         Publics by Value              Rva+Base               Lib:Object

 0000:00000000       __dynamic_value_reloc_table 0000000000000000     <absolute>
 0000:00000000       __guard_longjmp_count      0000000000000000     <absolute>
 0000:00000000       __guard_fids_count         0000000000000000     <absolute>
 0000:00000000       __guard_longjmp_table      0000000000000000     <absolute>
 0000:00000000       __guard_iat_table          0000000000000000     <absolute>
 0000:00000000       ___safe_se_handler_table   0000000000000000     <absolute>
 0000:00000000       __guard_iat_count          0000000000000000     <absolute>
 0000:00000000       ___safe_se_handler_count   0000000000000000     <absolute>
 0000:00000000       __guard_fids_table         0000000000000000     <absolute>
 0000:00000100       __guard_flags              0000000000000100     <absolute>
 0000:00000000       __ImageBase                0000000140000000     <linker-defined>
 0001:000001b0       getURL                     00000001400011b0 f   httpdemo.obj
 0001:00000380       main                       0000000140001380 f   httpdemo.obj
 0001:00000490       __local_stdio_printf_options 0000000140001490 f i pjlib-util-x86_64-x64-vc14-release:errno.obj
 0001:000004a0       _snprintf                  00000001400014a0 f i pjlib-util-x86_64-x64-vc14-release:errno.obj
 0001:00000500       pjlib_util_init            0000000140001500 f   pjlib-util-x86_64-x64-vc14-release:errno.obj
 0001:00000520       pjlib_util_strerror        0000000140001520 f   pjlib-util-x86_64-x64-vc14-release:errno.obj
 0001:00002300       pj_http_req_cancel         0000000140003300 f   pjlib-util-x86_64-x64-vc14-release:http_client.obj
 0001:000023a0       pj_http_req_create         00000001400033a0 f   pjlib-util-x86_64-x64-vc14-release:http_client.obj
 0001:00002760       pj_http_req_destroy        0000000140003760 f   pjlib-util-x86_64-x64-vc14-release:http_client.obj
 0001:000027f0       pj_http_req_is_running     00000001400037f0 f   pjlib-util-x86_64-x64-vc14-release:http_client.obj
 0001:00002810       pj_http_req_param_default  0000000140003810 f   pjlib-util-x86_64-x64-vc14-release:http_client.obj
 0001:00002890       pj_http_req_parse_url      0000000140003890 f   pjlib-util-x86_64-x64-vc14-release:http_client.obj
 0001:00002b90       pj_http_req_start          0000000140003b90 f   pjlib-util-x86_64-x64-vc14-release:http_client.obj
 0001:00003050       pj_base64_encode           0000000140004050 f   pjlib-util-x86_64-x64-vc14-release:base64.obj
 0001:000039e0       pj_md5_final               00000001400049e0 f   pjlib-util-x86_64-x64-vc14-release:md5.obj
 0001:00003aa0       pj_md5_init                0000000140004aa0 f   pjlib-util-x86_64-x64-vc14-release:md5.obj
 0001:00003ad0       pj_md5_update              0000000140004ad0 f   pjlib-util-x86_64-x64-vc14-release:md5.obj
 0001:00003bc0       pj_scan_advance_n          0000000140004bc0 f   pjlib-util-x86_64-x64-vc14-release:scanner.obj
 0001:00003bf0       pj_scan_fini               0000000140004bf0 f   pjlib-util-x86_64-x64-vc14-release:scanner.obj
 0001:00003c10       pj_scan_get_char           0000000140004c10 f   pjlib-util-x86_64-x64-vc14-release:scanner.obj
 0001:00003c60       pj_scan_get_quote          0000000140004c60 f   pjlib-util-x86_64-x64-vc14-release:scanner.obj
 0001:00003d70       pj_scan_get_until_ch       0000000140004d70 f   pjlib-util-x86_64-x64-vc14-release:scanner.obj
 0001:00003dc0       pj_scan_get_until_chr      0000000140004dc0 f   pjlib-util-x86_64-x64-vc14-release:scanner.obj
 0001:00003e60       pj_scan_init               0000000140004e60 f   pjlib-util-x86_64-x64-vc14-release:scanner.obj
 0001:00003ee0       pj_scan_skip_whitespace    0000000140004ee0 f   pjlib-util-x86_64-x64-vc14-release:scanner.obj
 0001:00003fd0       pj_scan_strcmp             0000000140004fd0 f   pjlib-util-x86_64-x64-vc14-release:scanner.obj
 0001:00004010       pj_str_unescape            0000000140005010 f   pjlib-util-x86_64-x64-vc14-release:string.obj
 0001:00004210       pj_atexit                  0000000140005210 f   pjlib-x86_64-x64-vc14-release:os_core_win32.obj
 0001:00004240       pj_atomic_dec_and_get      0000000140005240 f   pjlib-x86_64-x64-vc14-release:os_core_win32.obj
 0001:000042a0       pj_atomic_destroy          00000001400052a0 f   pjlib-x86_64-x64-vc14-release:os_core_win32.obj
 0001:000042b0       pj_atomic_inc              00000001400052b0 f   pjlib-x86_64-x64-vc14-release:os_core_win32.obj
 0001:000042c0       pj_atomic_inc_and_get      00000001400052c0 f   pjlib-x86_64-x64-vc14-release:os_core_win32.obj
 0001:00004330       pj_enter_critical_section  0000000140005330 f   pjlib-x86_64-x64-vc14-release:os_core_win32.obj
 0001:000043a0       pj_init                    00000001400053a0 f   pjlib-x86_64-x64-vc14-release:os_core_win32.obj
 0001:00004500       pj_leave_critical_section  0000000140005500 f   pjlib-x86_64-x64-vc14-release:os_core_win32.obj
 0001:00004570       pj_mutex_create            0000000140005570 f   pjlib-x86_64-x64-vc14-release:os_core_win32.obj
 0001:000045f0       pj_mutex_create_simple     00000001400055f0 f   pjlib-x86_64-x64-vc14-release:os_core_win32.obj
 0001:00004670       pj_mutex_destroy           0000000140005670 f   pjlib-x86_64-x64-vc14-release:os_core_win32.obj
 0001:000046f0       pj_mutex_lock              00000001400056f0 f   pjlib-x86_64-x64-vc14-release:os_core_win32.obj
 0001:00004770       pj_mutex_trylock           0000000140005770 f   pjlib-x86_64-x64-vc14-release:os_core_win32.obj
 0001:00004800       pj_mutex_unlock            0000000140005800 f   pjlib-x86_64-x64-vc14-release:os_core_win32.obj
 0001:00004880       pj_sem_destroy             0000000140005880 f   pjlib-x86_64-x64-vc14-release:os_core_win32.obj
 0001:00004930       pj_sem_post                0000000140005930 f   pjlib-x86_64-x64-vc14-release:os_core_win32.obj
 0001:000049e0       pj_sem_trywait             00000001400059e0 f   pjlib-x86_64-x64-vc14-release:os_core_win32.obj
 0001:00004a50       pj_sem_wait                0000000140005a50 f   pjlib-x86_64-x64-vc14-release:os_core_win32.obj
 0001:00004bc0       pj_shutdown                0000000140005bc0 f   pjlib-x86_64-x64-vc14-release:os_core_win32.obj
 0001:00004d40       pj_term_set_color          0000000140005d40 f   pjlib-x86_64-x64-vc14-release:os_core_win32.obj
 0001:00004e30       pj_thread_check_stack      0000000140005e30 f   pjlib-x86_64-x64-vc14-release:os_core_win32.obj
 0001:00004e90       pj_thread_get_name         0000000140005e90 f   pjlib-x86_64-x64-vc14-release:os_core_win32.obj
 0001:00004f00       pj_thread_init             0000000140005f00 f   pjlib-x86_64-x64-vc14-release:os_core_win32.obj
 0001:00004f60       pj_thread_local_alloc      0000000140005f60 f   pjlib-x86_64-x64-vc14-release:os_core_win32.obj
 0001:00004fd0       pj_thread_local_free       0000000140005fd0 f   pjlib-x86_64-x64-vc14-release:os_core_win32.obj
 0001:00005030       pj_thread_local_get        0000000140006030 f   pjlib-x86_64-x64-vc14-release:os_core_win32.obj
 0001:00005040       pj_thread_local_set        0000000140006040 f   pjlib-x86_64-x64-vc14-release:os_core_win32.obj
 0001:00005090       pj_thread_register         0000000140006090 f   pjlib-x86_64-x64-vc14-release:os_core_win32.obj
 0001:000051a0       pj_thread_sleep            00000001400061a0 f   pjlib-x86_64-x64-vc14-release:os_core_win32.obj
 0001:00005200       pj_thread_this             0000000140006200 f   pjlib-x86_64-x64-vc14-release:os_core_win32.obj
 0001:00005300       ioqueue_dispatch_exception_event 0000000140006300 f   pjlib-x86_64-x64-vc14-release:ioqueue_select.obj
 0001:00005460       ioqueue_dispatch_read_event 0000000140006460 f   pjlib-x86_64-x64-vc14-release:ioqueue_select.obj
 0001:000056f0       ioqueue_dispatch_write_event 00000001400066f0 f   pjlib-x86_64-x64-vc14-release:ioqueue_select.obj
 0001:00005b00       pj_ioqueue_accept          0000000140006b00 f   pjlib-x86_64-x64-vc14-release:ioqueue_select.obj
 0001:00005ce0       pj_ioqueue_connect         0000000140006ce0 f   pjlib-x86_64-x64-vc14-release:ioqueue_select.obj
 0001:00005e20       pj_ioqueue_create          0000000140006e20 f   pjlib-x86_64-x64-vc14-release:ioqueue_select.obj
 0001:00006020       pj_ioqueue_destroy         0000000140007020 f   pjlib-x86_64-x64-vc14-release:ioqueue_select.obj
 0001:00006100       pj_ioqueue_get_user_data   0000000140007100 f   pjlib-x86_64-x64-vc14-release:ioqueue_select.obj
 0001:00006110       pj_ioqueue_lock_key        0000000140007110 f   pjlib-x86_64-x64-vc14-release:ioqueue_select.obj
 0001:00006130       pj_ioqueue_op_key_init     0000000140007130 f   pjlib-x86_64-x64-vc14-release:ioqueue_select.obj
 0001:00006140       pj_ioqueue_poll            0000000140007140 f   pjlib-x86_64-x64-vc14-release:ioqueue_select.obj
 0001:000065e0       pj_ioqueue_recv            00000001400075e0 f   pjlib-x86_64-x64-vc14-release:ioqueue_select.obj
 0001:00006790       pj_ioqueue_recvfrom        0000000140007790 f   pjlib-x86_64-x64-vc14-release:ioqueue_select.obj
 0001:00006970       pj_ioqueue_register_sock2  0000000140007970 f   pjlib-x86_64-x64-vc14-release:ioqueue_select.obj
 0001:00006ae0       pj_ioqueue_send            0000000140007ae0 f   pjlib-x86_64-x64-vc14-release:ioqueue_select.obj
 0001:00006cb0       pj_ioqueue_set_concurrency 0000000140007cb0 f   pjlib-x86_64-x64-vc14-release:ioqueue_select.obj
 0001:00006cd0       pj_ioqueue_set_lock        0000000140007cd0 f   pjlib-x86_64-x64-vc14-release:ioqueue_select.obj
 0001:00006d40       pj_ioqueue_unlock_key      0000000140007d40 f   pjlib-x86_64-x64-vc14-release:ioqueue_select.obj
 0001:00006d60       pj_ioqueue_unregister      0000000140007d60 f   pjlib-x86_64-x64-vc14-release:ioqueue_select.obj
 0001:00006f80       pj_errno_clear_handlers    0000000140007f80 f   pjlib-x86_64-x64-vc14-release:errno.obj
 0001:00006fa0       pj_perror_1                0000000140007fa0 f   pjlib-x86_64-x64-vc14-release:errno.obj
 0001:000070b0       pj_register_strerror       00000001400080b0 f   pjlib-x86_64-x64-vc14-release:errno.obj
 0001:000071d0       pj_strerror                00000001400081d0 f   pjlib-x86_64-x64-vc14-release:errno.obj
 0001:000073d0       pj_log                     00000001400083d0 f   pjlib-x86_64-x64-vc14-release:log.obj
 0001:00007960       pj_log_1                   0000000140008960 f   pjlib-x86_64-x64-vc14-release:log.obj
 0001:00007990       pj_log_3                   0000000140008990 f   pjlib-x86_64-x64-vc14-release:log.obj
 0001:000079c0       pj_log_4                   00000001400089c0 f   pjlib-x86_64-x64-vc14-release:log.obj
 0001:000079f0       pj_log_5                   00000001400089f0 f   pjlib-x86_64-x64-vc14-release:log.obj
 0001:00007a20       pj_log_get_color           0000000140008a20 f   pjlib-x86_64-x64-vc14-release:log.obj
 0001:00007a90       pj_log_get_decor           0000000140008a90 f   pjlib-x86_64-x64-vc14-release:log.obj
 0001:00007aa0       pj_log_get_level           0000000140008aa0 f   pjlib-x86_64-x64-vc14-release:log.obj
 0001:00007ab0       pj_log_init                0000000140008ab0 f   pjlib-x86_64-x64-vc14-release:log.obj
 0001:00007b20       pj_log_set_level           0000000140008b20 f   pjlib-x86_64-x64-vc14-release:log.obj
 0001:00007b30       pj_str                     0000000140008b30 f   pjlib-x86_64-x64-vc14-release:string.obj
 0001:00007b60       pj_strassign               0000000140008b60 f   pjlib-x86_64-x64-vc14-release:string.obj
 0001:00007b80       pj_strcat                  0000000140008b80 f   pjlib-x86_64-x64-vc14-release:string.obj
 0001:00007bc0       pj_strcat2                 0000000140008bc0 f   pjlib-x86_64-x64-vc14-release:string.obj
 0001:00007c10       pj_strcmp2                 0000000140008c10 f   pjlib-x86_64-x64-vc14-release:string.obj
 0001:00007cb0       pj_strcpy                  0000000140008cb0 f   pjlib-x86_64-x64-vc14-release:string.obj
 0001:00007ce0       pj_strcpy2                 0000000140008ce0 f   pjlib-x86_64-x64-vc14-release:string.obj
 0001:00007d20       pj_strdup                  0000000140008d20 f   pjlib-x86_64-x64-vc14-release:string.obj
 0001:00007d70       pj_strdup2                 0000000140008d70 f   pjlib-x86_64-x64-vc14-release:string.obj
 0001:00007df0       pj_strdup_with_null        0000000140008df0 f   pjlib-x86_64-x64-vc14-release:string.obj
 0001:00007e40       pj_stricmp                 0000000140008e40 f   pjlib-x86_64-x64-vc14-release:string.obj
 0001:00007ed0       pj_stricmp2                0000000140008ed0 f   pjlib-x86_64-x64-vc14-release:string.obj
 0001:00007f80       pj_strncpy_with_null       0000000140008f80 f   pjlib-x86_64-x64-vc14-release:string.obj
 0001:00007fd0       pj_strtoul                 0000000140008fd0 f   pjlib-x86_64-x64-vc14-release:string.obj
 0001:00008060       pj_utoa                    0000000140009060 f   pjlib-x86_64-x64-vc14-release:string.obj
 0001:00008070       pj_utoa_pad                0000000140009070 f   pjlib-x86_64-x64-vc14-release:string.obj
 0001:00008130       pj_pool_alloc              0000000140009130 f   pjlib-x86_64-x64-vc14-release:pool.obj
 0001:00008180       pj_pool_allocate_find      0000000140009180 f   pjlib-x86_64-x64-vc14-release:pool.obj
 0001:000082c0       pj_pool_calloc             00000001400092c0 f   pjlib-x86_64-x64-vc14-release:pool.obj
 0001:00008330       pj_pool_create             0000000140009330 f   pjlib-x86_64-x64-vc14-release:pool.obj
 0001:000083f0       pj_pool_create_int         00000001400093f0 f   pjlib-x86_64-x64-vc14-release:pool.obj
 0001:000084e0       pj_pool_destroy_int        00000001400094e0 f   pjlib-x86_64-x64-vc14-release:pool.obj
 0001:00008520       pj_pool_get_capacity       0000000140009520 f   pjlib-x86_64-x64-vc14-release:pool.obj
 0001:00008530       pj_pool_get_used_size      0000000140009530 f   pjlib-x86_64-x64-vc14-release:pool.obj
 0001:00008570       pj_pool_getobjname         0000000140009570 f   pjlib-x86_64-x64-vc14-release:pool.obj
 0001:00008580       pj_pool_init_int           0000000140009580 f   pjlib-x86_64-x64-vc14-release:pool.obj
 0001:00008620       pj_pool_release            0000000140009620 f   pjlib-x86_64-x64-vc14-release:pool.obj
 0001:00008640       pj_pool_reset              0000000140009640 f   pjlib-x86_64-x64-vc14-release:pool.obj
 0001:00008b50       pj_caching_pool_destroy    0000000140009b50 f   pjlib-x86_64-x64-vc14-release:pool_caching.obj
 0001:00008c60       pj_caching_pool_init       0000000140009c60 f   pjlib-x86_64-x64-vc14-release:pool_caching.obj
 0001:00009020       pj_timer_entry_init        000000014000a020 f   pjlib-x86_64-x64-vc14-release:timer.obj
 0001:00009040       pj_timer_heap_cancel       000000014000a040 f   pjlib-x86_64-x64-vc14-release:timer.obj
 0001:00009050       pj_timer_heap_create       000000014000a050 f   pjlib-x86_64-x64-vc14-release:timer.obj
 0001:00009170       pj_timer_heap_destroy      000000014000a170 f   pjlib-x86_64-x64-vc14-release:timer.obj
 0001:000091a0       pj_timer_heap_poll         000000014000a1a0 f   pjlib-x86_64-x64-vc14-release:timer.obj
 0001:000093c0       pj_timer_heap_schedule_dbg 000000014000a3c0 f   pjlib-x86_64-x64-vc14-release:timer.obj
 0001:00009940       pj_time_val_normalize      000000014000a940 f   pjlib-x86_64-x64-vc14-release:types.obj
 0001:000099f0       pj_sockaddr_get_len        000000014000a9f0 f   pjlib-x86_64-x64-vc14-release:sock_common.obj
 0001:00009a20       pj_sockaddr_has_addr       000000014000aa20 f   pjlib-x86_64-x64-vc14-release:sock_common.obj
 0001:00009ab0       pj_sockaddr_in_init        000000014000aab0 f   pjlib-x86_64-x64-vc14-release:sock_common.obj
 0001:00009b20       pj_sockaddr_in_set_str_addr 000000014000ab20 f   pjlib-x86_64-x64-vc14-release:sock_common.obj
 0001:00009c00       pj_sockaddr_init           000000014000ac00 f   pjlib-x86_64-x64-vc14-release:sock_common.obj
 0001:00009ce0       pj_sockaddr_set_str_addr   000000014000ace0 f   pjlib-x86_64-x64-vc14-release:sock_common.obj
 0001:00009dd0       pj_htons                   000000014000add0 f   pjlib-x86_64-x64-vc14-release:sock_bsd.obj
 0001:00009de0       pj_inet_aton               000000014000ade0 f   pjlib-x86_64-x64-vc14-release:sock_bsd.obj
 0001:00009e70       pj_inet_pton               000000014000ae70 f   pjlib-x86_64-x64-vc14-release:sock_bsd.obj
 0001:00009fa0       pj_ntohl                   000000014000afa0 f   pjlib-x86_64-x64-vc14-release:sock_bsd.obj
 0001:00009fb0       pj_ntohs                   000000014000afb0 f   pjlib-x86_64-x64-vc14-release:sock_bsd.obj
 0001:00009fc0       pj_sock_accept             000000014000afc0 f   pjlib-x86_64-x64-vc14-release:sock_bsd.obj
 0001:0000a060       pj_sock_bind               000000014000b060 f   pjlib-x86_64-x64-vc14-release:sock_bsd.obj
 0001:0000a110       pj_sock_close              000000014000b110 f   pjlib-x86_64-x64-vc14-release:sock_bsd.obj
 0001:0000a170       pj_sock_connect            000000014000b170 f   pjlib-x86_64-x64-vc14-release:sock_bsd.obj
 0001:0000a200       pj_sock_getsockname        000000014000b200 f   pjlib-x86_64-x64-vc14-release:sock_bsd.obj
 0001:0000a290       pj_sock_getsockopt         000000014000b290 f   pjlib-x86_64-x64-vc14-release:sock_bsd.obj
 0001:0000a340       pj_sock_recv               000000014000b340 f   pjlib-x86_64-x64-vc14-release:sock_bsd.obj
 0001:0000a3e0       pj_sock_recvfrom           000000014000b3e0 f   pjlib-x86_64-x64-vc14-release:sock_bsd.obj
 0001:0000a490       pj_sock_send               000000014000b490 f   pjlib-x86_64-x64-vc14-release:sock_bsd.obj
 0001:0000a530       pj_sock_sendto             000000014000b530 f   pjlib-x86_64-x64-vc14-release:sock_bsd.obj
 0001:0000a5e0       pj_sock_socket             000000014000b5e0 f   pjlib-x86_64-x64-vc14-release:sock_bsd.obj
 0001:0000aba0       pj_activesock_close        000000014000bba0 f   pjlib-x86_64-x64-vc14-release:activesock.obj
 0001:0000ac10       pj_activesock_create       000000014000bc10 f   pjlib-x86_64-x64-vc14-release:activesock.obj
 0001:0000ae00       pj_activesock_get_user_data 000000014000be00 f   pjlib-x86_64-x64-vc14-release:activesock.obj
 0001:0000ae10       pj_activesock_send         000000014000be10 f   pjlib-x86_64-x64-vc14-release:activesock.obj
 0001:0000af10       pj_activesock_start_connect 000000014000bf10 f   pjlib-x86_64-x64-vc14-release:activesock.obj
 0001:0000af30       pj_activesock_start_read2  000000014000bf30 f   pjlib-x86_64-x64-vc14-release:activesock.obj
 0001:0000b120       pj_exception_id_alloc      000000014000c120 f   pjlib-x86_64-x64-vc14-release:except.obj
 0001:0000b190       pj_exception_id_free       000000014000c190 f   pjlib-x86_64-x64-vc14-release:except.obj
 0001:0000b1d0       pj_pop_exception_handler_  000000014000c1d0 f   pjlib-x86_64-x64-vc14-release:except.obj
 0001:0000b210       pj_push_exception_handler_ 000000014000c210 f   pjlib-x86_64-x64-vc14-release:except.obj
 0001:0000b270       pj_throw_exception_        000000014000c270 f   pjlib-x86_64-x64-vc14-release:except.obj
 0001:0000b330       pj_rand                    000000014000c330 f   pjlib-x86_64-x64-vc14-release:rand.obj
 0001:0000b370       pj_get_timestamp           000000014000c370 f   pjlib-x86_64-x64-vc14-release:os_timestamp_win32.obj
 0001:0000b3d0       pj_get_timestamp_freq      000000014000c3d0 f   pjlib-x86_64-x64-vc14-release:os_timestamp_win32.obj
 0001:0000b430       pj_generate_unique_string  000000014000c430 f   pjlib-x86_64-x64-vc14-release:guid_win32.obj
 0001:0000b500       pj_gettickcount            000000014000c500 f   pjlib-x86_64-x64-vc14-release:os_timestamp_common.obj
 0001:0000b910       pj_grp_lock_acquire        000000014000c910 f   pjlib-x86_64-x64-vc14-release:lock.obj
 0001:0000b920       pj_grp_lock_add_ref        000000014000c920 f   pjlib-x86_64-x64-vc14-release:lock.obj
 0001:0000b940       pj_grp_lock_dec_ref        000000014000c940 f   pjlib-x86_64-x64-vc14-release:lock.obj
 0001:0000b980       pj_grp_lock_release        000000014000c980 f   pjlib-x86_64-x64-vc14-release:lock.obj
 0001:0000b990       pj_grp_lock_tryacquire     000000014000c990 f   pjlib-x86_64-x64-vc14-release:lock.obj
 0001:0000b9a0       pj_lock_acquire            000000014000c9a0 f   pjlib-x86_64-x64-vc14-release:lock.obj
 0001:0000b9c0       pj_lock_create_null_mutex  000000014000c9c0 f   pjlib-x86_64-x64-vc14-release:lock.obj
 0001:0000b9e0       pj_lock_create_recursive_mutex 000000014000c9e0 f   pjlib-x86_64-x64-vc14-release:lock.obj
 0001:0000b9f0       pj_lock_create_simple_mutex 000000014000c9f0 f   pjlib-x86_64-x64-vc14-release:lock.obj
 0001:0000ba00       pj_lock_destroy            000000014000ca00 f   pjlib-x86_64-x64-vc14-release:lock.obj
 0001:0000ba20       pj_lock_release            000000014000ca20 f   pjlib-x86_64-x64-vc14-release:lock.obj
 0001:0000ba40       pj_lock_tryacquire         000000014000ca40 f   pjlib-x86_64-x64-vc14-release:lock.obj
 0001:0000ba60       pj_list_erase              000000014000ca60 f   pjlib-x86_64-x64-vc14-release:list.obj
 0001:0000ba80       pj_list_insert_after       000000014000ca80 f   pjlib-x86_64-x64-vc14-release:list.obj
 0001:0000baa0       pj_list_insert_before      000000014000caa0 f   pjlib-x86_64-x64-vc14-release:list.obj
 0001:0000bac0       PJ_FD_CLR                  000000014000cac0 f   pjlib-x86_64-x64-vc14-release:sock_select.obj
 0001:0000bb70       PJ_FD_COUNT                000000014000cb70 f   pjlib-x86_64-x64-vc14-release:sock_select.obj
 0001:0000bb80       PJ_FD_ISSET                000000014000cb80 f   pjlib-x86_64-x64-vc14-release:sock_select.obj
 0001:0000bbc0       PJ_FD_SET                  000000014000cbc0 f   pjlib-x86_64-x64-vc14-release:sock_select.obj
 0001:0000bc50       PJ_FD_ZERO                 000000014000cc50 f   pjlib-x86_64-x64-vc14-release:sock_select.obj
 0001:0000bc80       pj_sock_select             000000014000cc80 f   pjlib-x86_64-x64-vc14-release:sock_select.obj
 0001:0000bd20       pj_get_netos_error         000000014000cd20 f   pjlib-x86_64-x64-vc14-release:os_error_win32.obj
 0001:0000bd50       platform_strerror          000000014000cd50 f   pjlib-x86_64-x64-vc14-release:os_error_win32.obj
 0001:0000be80       pj_log_write               000000014000ce80 f   pjlib-x86_64-x64-vc14-release:log_writer_stdout.obj
 0001:0000bf00       printf                     000000014000cf00 f i pjlib-x86_64-x64-vc14-release:log_writer_stdout.obj
 0001:0000c000       pj_gettimeofday            000000014000d000 f   pjlib-x86_64-x64-vc14-release:os_time_win32.obj
 0001:0000c0a0       pj_time_decode             000000014000d0a0 f   pjlib-x86_64-x64-vc14-release:os_time_win32.obj
 0001:0000c150       pj_pool_create_on_buf      000000014000d150 f   pjlib-x86_64-x64-vc14-release:pool_buf.obj
 0001:0000c3d0       pj_getaddrinfo             000000014000d3d0 f   pjlib-x86_64-x64-vc14-release:addr_resolv_sock.obj
 0001:0000c550       pj_gethostbyname           000000014000d550 f   pjlib-x86_64-x64-vc14-release:addr_resolv_sock.obj
 0001:0000c60e       __WSAFDIsSet               000000014000d60e f   ws2_32:WS2_32.dll
 0001:0000c614       __GSHandlerCheck           000000014000d614 f   MSVCRT:_gshandler_.obj
 0001:0000c634       __GSHandlerCheckCommon     000000014000d634 f   MSVCRT:_gshandler_.obj
 0001:0000c6a0       __security_check_cookie    000000014000d6a0 f   MSVCRT:_amdsecgs_.obj
 0001:0000c924       mainCRTStartup             000000014000d924 f   MSVCRT:exe_main.obj
 0001:0000c938       __raise_securityfailure    000000014000d938 f   MSVCRT:gs_report.obj
 0001:0000c96c       __report_gsfailure         000000014000d96c f   MSVCRT:gs_report.obj
 0001:0000ca40       __report_rangecheckfailure 000000014000da40 f   MSVCRT:gs_report.obj
 0001:0000ca54       __report_securityfailure   000000014000da54 f   MSVCRT:gs_report.obj
 0001:0000cbf0       __chkstk                   000000014000dbf0 f   MSVCRT:_chkstk_.obj
 0001:0000cbf0       _alloca_probe              000000014000dbf0 f   MSVCRT:_chkstk_.obj
 0001:0000cc44       __scrt_acquire_startup_lock 000000014000dc44 f   MSVCRT:utility.obj
 0001:0000cc80       __scrt_initialize_crt      000000014000dc80 f   MSVCRT:utility.obj
 0001:0000cccc       __scrt_initialize_onexit_tables 000000014000dccc f   MSVCRT:utility.obj
 0001:0000cd98       __scrt_is_nonwritable_in_current_image 000000014000dd98 f   MSVCRT:utility.obj
 0001:0000ce34       __scrt_release_startup_lock 000000014000de34 f   MSVCRT:utility.obj
 0001:0000ce58       __scrt_uninitialize_crt    000000014000de58 f   MSVCRT:utility.obj
 0001:0000ce84       _onexit                    000000014000de84 f   MSVCRT:utility.obj
 0001:0000ced4       atexit                     000000014000ded4 f   MSVCRT:utility.obj
 0001:0000ceec       __security_init_cookie     000000014000deec f   MSVCRT:gs_support.obj
 0001:0000cf98       _get_startup_argv_mode     000000014000df98 f   MSVCRT:argv_mode.obj
 0001:0000cfa0       _get_startup_file_mode     000000014000dfa0 f   MSVCRT:file_mode.obj
 0001:0000cfb0       __scrt_initialize_winrt    000000014000dfb0 f   MSVCRT:utility_desktop.obj
 0001:0000cfb0       _get_startup_commit_mode   000000014000dfb0 f   MSVCRT:commit_mode.obj
 0001:0000cfb0       _get_startup_new_mode      000000014000dfb0 f   MSVCRT:new_mode.obj
 0001:0000cfb0       _matherr                   000000014000dfb0 f   MSVCRT:matherr.obj
 0001:0000cfb0       _get_startup_thread_locale_mode 000000014000dfb0 f   MSVCRT:thread_locale.obj
 0001:0000cfb4       ?__scrt_initialize_type_info@@YAXXZ 000000014000dfb4 f   MSVCRT:tncleanup.obj
 0001:0000cfc4       _guard_check_icall_nop     000000014000dfc4 f   MSVCRT:guard_support.obj
 0001:0000cfc4       _initialize_invalid_parameter_handler 000000014000dfc4 f   MSVCRT:invalid_parameter_handler.obj
 0001:0000cfc4       _initialize_denormal_control 000000014000dfc4 f   MSVCRT:denormal_control.obj
 0001:0000cfc8       __local_stdio_scanf_options 000000014000dfc8 f i MSVCRT:default_local_stdio_options.obj
 0001:0000cfd0       __scrt_initialize_default_local_stdio_options 000000014000dfd0 f   MSVCRT:default_local_stdio_options.obj
 0001:0000cfec       __scrt_is_user_matherr_present 000000014000dfec f   MSVCRT:matherr_detection.obj
 0001:0000cff8       __scrt_get_dyn_tls_init_callback 000000014000dff8 f   MSVCRT:dyn_tls_init.obj
 0001:0000d000       __scrt_get_dyn_tls_dtor_callback 000000014000e000 f   MSVCRT:dyn_tls_dtor.obj
 0001:0000d008       __scrt_fastfail            000000014000e008 f   MSVCRT:utility_desktop.obj
 0001:0000d150       __scrt_is_managed_app      000000014000e150 f   MSVCRT:utility_desktop.obj
 0001:0000d1a4       __scrt_set_unhandled_exception_filter 000000014000e1a4 f   MSVCRT:utility_desktop.obj
 0001:0000d1b4       __scrt_unhandled_exception_filter 000000014000e1b4 f   MSVCRT:utility_desktop.obj
 0001:0000d1ec       _RTC_Initialize            000000014000e1ec f   MSVCRT:_initsect_.obj
 0001:0000d238       _RTC_Terminate             000000014000e238 f   MSVCRT:_initsect_.obj
 0001:0000d284       _guard_check_icall         000000014000e284 f i MSVCRT:checkcfg.obj
 0001:0000d28c       __isa_available_init       000000014000e28c f   MSVCRT:_cpu_disp_.obj
 0001:0000d454       __scrt_is_ucrt_dll_in_use  000000014000e454 f   MSVCRT:ucrt_detection.obj
 0001:0000d460       IsProcessorFeaturePresent  000000014000e460 f   kernel32:KERNEL32.dll
 0001:0000d466       memset                     000000014000e466 f   vcruntime:VCRUNTIME140.dll
 0001:0000d46c       memcpy                     000000014000e46c f   vcruntime:VCRUNTIME140.dll
 0001:0000d472       memcmp                     000000014000e472 f   vcruntime:VCRUNTIME140.dll
 0001:0000d478       longjmp                    000000014000e478 f   vcruntime:VCRUNTIME140.dll
 0001:0000d47e       __C_specific_handler       000000014000e47e f   vcruntime:VCRUNTIME140.dll
 0001:0000d484       _setjmp                    000000014000e484 f   vcruntime:VCRUNTIME140.dll
 0001:0000d484       __intrinsic_setjmp         000000014000e484 f   vcruntime:VCRUNTIME140.dll
 0001:0000d48a       fmod                       000000014000e48a f   ucrt:api-ms-win-crt-math-l1-1-0.dll
 0001:0000d490       _seh_filter_exe            000000014000e490 f   ucrt:api-ms-win-crt-runtime-l1-1-0.dll
 0001:0000d496       _set_app_type              000000014000e496 f   ucrt:api-ms-win-crt-runtime-l1-1-0.dll
 0001:0000d49c       __setusermatherr           000000014000e49c f   ucrt:api-ms-win-crt-math-l1-1-0.dll
 0001:0000d4a2       _configure_narrow_argv     000000014000e4a2 f   ucrt:api-ms-win-crt-runtime-l1-1-0.dll
 0001:0000d4a8       _initialize_narrow_environment 000000014000e4a8 f   ucrt:api-ms-win-crt-runtime-l1-1-0.dll
 0001:0000d4ae       _get_initial_narrow_environment 000000014000e4ae f   ucrt:api-ms-win-crt-runtime-l1-1-0.dll
 0001:0000d4b4       _initterm                  000000014000e4b4 f   ucrt:api-ms-win-crt-runtime-l1-1-0.dll
 0001:0000d4ba       _initterm_e                000000014000e4ba f   ucrt:api-ms-win-crt-runtime-l1-1-0.dll
 0001:0000d4c0       exit                       000000014000e4c0 f   ucrt:api-ms-win-crt-runtime-l1-1-0.dll
 0001:0000d4c6       _exit                      000000014000e4c6 f   ucrt:api-ms-win-crt-runtime-l1-1-0.dll
 0001:0000d4cc       _set_fmode                 000000014000e4cc f   ucrt:api-ms-win-crt-stdio-l1-1-0.dll
 0001:0000d4d2       __p___argc                 000000014000e4d2 f   ucrt:api-ms-win-crt-runtime-l1-1-0.dll
 0001:0000d4d8       __p___argv                 000000014000e4d8 f   ucrt:api-ms-win-crt-runtime-l1-1-0.dll
 0001:0000d4de       _cexit                     000000014000e4de f   ucrt:api-ms-win-crt-runtime-l1-1-0.dll
 0001:0000d4e4       _c_exit                    000000014000e4e4 f   ucrt:api-ms-win-crt-runtime-l1-1-0.dll
 0001:0000d4ea       _register_thread_local_exe_atexit_callback 000000014000e4ea f   ucrt:api-ms-win-crt-runtime-l1-1-0.dll
 0001:0000d4f0       _configthreadlocale        000000014000e4f0 f   ucrt:api-ms-win-crt-locale-l1-1-0.dll
 0001:0000d4f6       _set_new_mode              000000014000e4f6 f   ucrt:api-ms-win-crt-heap-l1-1-0.dll
 0001:0000d4fc       __p__commode               000000014000e4fc f   ucrt:api-ms-win-crt-stdio-l1-1-0.dll
 0001:0000d502       _initialize_onexit_table   000000014000e502 f   ucrt:api-ms-win-crt-runtime-l1-1-0.dll
 0001:0000d508       _register_onexit_function  000000014000e508 f   ucrt:api-ms-win-crt-runtime-l1-1-0.dll
 0001:0000d50e       _crt_atexit                000000014000e50e f   ucrt:api-ms-win-crt-runtime-l1-1-0.dll
 0001:0000d514       terminate                  000000014000e514 f   ucrt:api-ms-win-crt-runtime-l1-1-0.dll
 0001:0000d51c       __scrt_stub_for_acrt_initialize 000000014000e51c f   MSVCRT:ucrt_stubs.obj
 0001:0000d51c       __vcrt_uninitialize        000000014000e51c f   MSVCRT:ucrt_stubs.obj
 0001:0000d51c       __vcrt_initialize          000000014000e51c f   MSVCRT:ucrt_stubs.obj
 0001:0000d51c       __acrt_initialize          000000014000e51c f   MSVCRT:ucrt_stubs.obj
 0001:0000d51c       _should_initialize_environment 000000014000e51c f   MSVCRT:env_mode.obj
 0001:0000d51c       __acrt_uninitialize        000000014000e51c f   MSVCRT:ucrt_stubs.obj
 0001:0000d51c       __scrt_stub_for_acrt_uninitialize 000000014000e51c f   MSVCRT:ucrt_stubs.obj
 0001:0000d530       _guard_dispatch_icall_nop  000000014000e530 f   MSVCRT:_guard_dispatch_.obj
 0002:00000000       __imp_RtlLookupFunctionEntry 000000014000f000     kernel32:KERNEL32.dll
 0002:00000008       __imp_GetModuleHandleW     000000014000f008     kernel32:KERNEL32.dll
 0002:00000010       __imp_IsDebuggerPresent    000000014000f010     kernel32:KERNEL32.dll
 0002:00000018       __imp_InitializeSListHead  000000014000f018     kernel32:KERNEL32.dll
 0002:00000020       __imp_GetSystemTimeAsFileTime 000000014000f020     kernel32:KERNEL32.dll
 0002:00000028       __imp_IsProcessorFeaturePresent 000000014000f028     kernel32:KERNEL32.dll
 0002:00000030       __imp_TerminateProcess     000000014000f030     kernel32:KERNEL32.dll
 0002:00000038       __imp_GetCurrentProcess    000000014000f038     kernel32:KERNEL32.dll
 0002:00000040       __imp_SetUnhandledExceptionFilter 000000014000f040     kernel32:KERNEL32.dll
 0002:00000048       __imp_UnhandledExceptionFilter 000000014000f048     kernel32:KERNEL32.dll
 0002:00000050       __imp_RtlVirtualUnwind     000000014000f050     kernel32:KERNEL32.dll
 0002:00000058       __imp_RtlCaptureContext    000000014000f058     kernel32:KERNEL32.dll
 0002:00000060       __imp_SystemTimeToFileTime 000000014000f060     kernel32:KERNEL32.dll
 0002:00000068       __imp_FileTimeToSystemTime 000000014000f068     kernel32:KERNEL32.dll
 0002:00000070       __imp_GetLocalTime         000000014000f070     kernel32:KERNEL32.dll
 0002:00000078       __imp_FormatMessageA       000000014000f078     kernel32:KERNEL32.dll
 0002:00000080       __imp_QueryPerformanceFrequency 000000014000f080     kernel32:KERNEL32.dll
 0002:00000088       __imp_QueryPerformanceCounter 000000014000f088     kernel32:KERNEL32.dll
 0002:00000090       __imp_SetConsoleTextAttribute 000000014000f090     kernel32:KERNEL32.dll
 0002:00000098       __imp_TlsFree              000000014000f098     kernel32:KERNEL32.dll
 0002:000000a0       __imp_TlsSetValue          000000014000f0a0     kernel32:KERNEL32.dll
 0002:000000a8       __imp_TlsGetValue          000000014000f0a8     kernel32:KERNEL32.dll
 0002:000000b0       __imp_TlsAlloc             000000014000f0b0     kernel32:KERNEL32.dll
 0002:000000b8       __imp_GetCurrentThreadId   000000014000f0b8     kernel32:KERNEL32.dll
 0002:000000c0       __imp_GetStdHandle         000000014000f0c0     kernel32:KERNEL32.dll
 0002:000000c8       __imp_CloseHandle          000000014000f0c8     kernel32:KERNEL32.dll
 0002:000000d0       __imp_GetLastError         000000014000f0d0     kernel32:KERNEL32.dll
 0002:000000d8       __imp_InitializeCriticalSection 000000014000f0d8     kernel32:KERNEL32.dll
 0002:000000e0       __imp_EnterCriticalSection 000000014000f0e0     kernel32:KERNEL32.dll
 0002:000000e8       __imp_LeaveCriticalSection 000000014000f0e8     kernel32:KERNEL32.dll
 0002:000000f0       __imp_TryEnterCriticalSection 000000014000f0f0     kernel32:KERNEL32.dll
 0002:000000f8       __imp_DeleteCriticalSection 000000014000f0f8     kernel32:KERNEL32.dll
 0002:00000100       __imp_ReleaseSemaphore     000000014000f100     kernel32:KERNEL32.dll
 0002:00000108       __imp_WaitForSingleObject  000000014000f108     kernel32:KERNEL32.dll
 0002:00000110       __imp_Sleep                000000014000f110     kernel32:KERNEL32.dll
 0002:00000118       __imp_GetCurrentProcessId  000000014000f118     kernel32:KERNEL32.dll
 0002:00000120       __imp_GetCurrentThread     000000014000f120     kernel32:KERNEL32.dll
 0002:00000128       \177KERNEL32_NULL_THUNK_DATA 000000014000f128     kernel32:KERNEL32.dll
 0002:00000130       __imp___intrinsic_setjmp   000000014000f130     vcruntime:VCRUNTIME140.dll
 0002:00000138       __imp_longjmp              000000014000f138     vcruntime:VCRUNTIME140.dll
 0002:00000140       __imp_memcmp               000000014000f140     vcruntime:VCRUNTIME140.dll
 0002:00000148       __imp_memcpy               000000014000f148     vcruntime:VCRUNTIME140.dll
 0002:00000150       __imp_strchr               000000014000f150     vcruntime:VCRUNTIME140.dll
 0002:00000158       __imp_memmove              000000014000f158     vcruntime:VCRUNTIME140.dll
 0002:00000160       __imp_memchr               000000014000f160     vcruntime:VCRUNTIME140.dll
 0002:00000168       __imp_memset               000000014000f168     vcruntime:VCRUNTIME140.dll
 0002:00000170       __imp___C_specific_handler 000000014000f170     vcruntime:VCRUNTIME140.dll
 0002:00000178       \177VCRUNTIME140_NULL_THUNK_DATA 000000014000f178     vcruntime:VCRUNTIME140.dll
 0002:00000180       __imp_sendto               000000014000f180     ws2_32:WS2_32.dll
 0002:00000188       __imp_send                 000000014000f188     ws2_32:WS2_32.dll
 0002:00000190       __imp_recvfrom             000000014000f190     ws2_32:WS2_32.dll
 0002:00000198       __imp_recv                 000000014000f198     ws2_32:WS2_32.dll
 0002:000001a0       __imp_ntohs                000000014000f1a0     ws2_32:WS2_32.dll
 0002:000001a8       __imp_ntohl                000000014000f1a8     ws2_32:WS2_32.dll
 0002:000001b0       __imp_inet_addr            000000014000f1b0     ws2_32:WS2_32.dll
 0002:000001b8       __imp_htons                000000014000f1b8     ws2_32:WS2_32.dll
 0002:000001c0       __imp_getsockopt           000000014000f1c0     ws2_32:WS2_32.dll
 0002:000001c8       __imp_getsockname          000000014000f1c8     ws2_32:WS2_32.dll
 0002:000001d0       __imp_connect              000000014000f1d0     ws2_32:WS2_32.dll
 0002:000001d8       __imp_closesocket          000000014000f1d8     ws2_32:WS2_32.dll
 0002:000001e0       __imp_bind                 000000014000f1e0     ws2_32:WS2_32.dll
 0002:000001e8       __imp_accept               000000014000f1e8     ws2_32:WS2_32.dll
 0002:000001f0       __imp_ioctlsocket          000000014000f1f0     ws2_32:WS2_32.dll
 0002:000001f8       __imp_WSAGetLastError      000000014000f1f8     ws2_32:WS2_32.dll
 0002:00000200       __imp_WSACleanup           000000014000f200     ws2_32:WS2_32.dll
 0002:00000208       __imp_WSAStartup           000000014000f208     ws2_32:WS2_32.dll
 0002:00000210       __imp_WSAIoctl             000000014000f210     ws2_32:WS2_32.dll
 0002:00000218       __imp_WSASocketA           000000014000f218     ws2_32:WS2_32.dll
 0002:00000220       __imp_WSAStringToAddressA  000000014000f220     ws2_32:WS2_32.dll
 0002:00000228       __imp___WSAFDIsSet         000000014000f228     ws2_32:WS2_32.dll
 0002:00000230       __imp_select               000000014000f230     ws2_32:WS2_32.dll
 0002:00000238       __imp_gethostbyname        000000014000f238     ws2_32:WS2_32.dll
 0002:00000240       \177WS2_32_NULL_THUNK_DATA 000000014000f240     ws2_32:WS2_32.dll
 0002:00000248       __imp_free                 000000014000f248     ucrt:api-ms-win-crt-heap-l1-1-0.dll
 0002:00000250       __imp__set_new_mode        000000014000f250     ucrt:api-ms-win-crt-heap-l1-1-0.dll
 0002:00000258       __imp_malloc               000000014000f258     ucrt:api-ms-win-crt-heap-l1-1-0.dll
 0002:00000260       \177api-ms-win-crt-heap-l1-1-0_NULL_THUNK_DATA 000000014000f260     ucrt:api-ms-win-crt-heap-l1-1-0.dll
 0002:00000268       __imp__configthreadlocale  000000014000f268     ucrt:api-ms-win-crt-locale-l1-1-0.dll
 0002:00000270       \177api-ms-win-crt-locale-l1-1-0_NULL_THUNK_DATA 000000014000f270     ucrt:api-ms-win-crt-locale-l1-1-0.dll
 0002:00000278       __imp___setusermatherr     000000014000f278     ucrt:api-ms-win-crt-math-l1-1-0.dll
 0002:00000280       __imp_fmod                 000000014000f280     ucrt:api-ms-win-crt-math-l1-1-0.dll
 0002:00000288       \177api-ms-win-crt-math-l1-1-0_NULL_THUNK_DATA 000000014000f288     ucrt:api-ms-win-crt-math-l1-1-0.dll
 0002:00000290       __imp__c_exit              000000014000f290     ucrt:api-ms-win-crt-runtime-l1-1-0.dll
 0002:00000298       __imp__cexit               000000014000f298     ucrt:api-ms-win-crt-runtime-l1-1-0.dll
 0002:000002a0       __imp__register_thread_local_exe_atexit_callback 000000014000f2a0     ucrt:api-ms-win-crt-runtime-l1-1-0.dll
 0002:000002a8       __imp__crt_atexit          000000014000f2a8     ucrt:api-ms-win-crt-runtime-l1-1-0.dll
 0002:000002b0       __imp__register_onexit_function 000000014000f2b0     ucrt:api-ms-win-crt-runtime-l1-1-0.dll
 0002:000002b8       __imp__initialize_onexit_table 000000014000f2b8     ucrt:api-ms-win-crt-runtime-l1-1-0.dll
 0002:000002c0       __imp_terminate            000000014000f2c0     ucrt:api-ms-win-crt-runtime-l1-1-0.dll
 0002:000002c8       __imp___p___argv           000000014000f2c8     ucrt:api-ms-win-crt-runtime-l1-1-0.dll
 0002:000002d0       __imp___p___argc           000000014000f2d0     ucrt:api-ms-win-crt-runtime-l1-1-0.dll
 0002:000002d8       __imp__exit                000000014000f2d8     ucrt:api-ms-win-crt-runtime-l1-1-0.dll
 0002:000002e0       __imp__seh_filter_exe      000000014000f2e0     ucrt:api-ms-win-crt-runtime-l1-1-0.dll
 0002:000002e8       __imp__set_app_type        000000014000f2e8     ucrt:api-ms-win-crt-runtime-l1-1-0.dll
 0002:000002f0       __imp_exit                 000000014000f2f0     ucrt:api-ms-win-crt-runtime-l1-1-0.dll
 0002:000002f8       __imp__configure_narrow_argv 000000014000f2f8     ucrt:api-ms-win-crt-runtime-l1-1-0.dll
 0002:00000300       __imp__initialize_narrow_environment 000000014000f300     ucrt:api-ms-win-crt-runtime-l1-1-0.dll
 0002:00000308       __imp__get_initial_narrow_environment 000000014000f308     ucrt:api-ms-win-crt-runtime-l1-1-0.dll
 0002:00000310       __imp__initterm            000000014000f310     ucrt:api-ms-win-crt-runtime-l1-1-0.dll
 0002:00000318       __imp__initterm_e          000000014000f318     ucrt:api-ms-win-crt-runtime-l1-1-0.dll
 0002:00000320       \177api-ms-win-crt-runtime-l1-1-0_NULL_THUNK_DATA 000000014000f320     ucrt:api-ms-win-crt-runtime-l1-1-0.dll
 0002:00000328       __imp_fflush               000000014000f328     ucrt:api-ms-win-crt-stdio-l1-1-0.dll
 0002:00000330       __imp__set_fmode           000000014000f330     ucrt:api-ms-win-crt-stdio-l1-1-0.dll
 0002:00000338       __imp_fopen                000000014000f338     ucrt:api-ms-win-crt-stdio-l1-1-0.dll
 0002:00000340       __imp___stdio_common_vfprintf 000000014000f340     ucrt:api-ms-win-crt-stdio-l1-1-0.dll
 0002:00000348       __imp___stdio_common_vsprintf 000000014000f348     ucrt:api-ms-win-crt-stdio-l1-1-0.dll
 0002:00000350       __imp_puts                 000000014000f350     ucrt:api-ms-win-crt-stdio-l1-1-0.dll
 0002:00000358       __imp_fclose               000000014000f358     ucrt:api-ms-win-crt-stdio-l1-1-0.dll
 0002:00000360       __imp___acrt_iob_func      000000014000f360     ucrt:api-ms-win-crt-stdio-l1-1-0.dll
 0002:00000368       __imp___p__commode         000000014000f368     ucrt:api-ms-win-crt-stdio-l1-1-0.dll
 0002:00000370       __imp_fwrite               000000014000f370     ucrt:api-ms-win-crt-stdio-l1-1-0.dll
 0002:00000378       \177api-ms-win-crt-stdio-l1-1-0_NULL_THUNK_DATA 000000014000f378     ucrt:api-ms-win-crt-stdio-l1-1-0.dll
 0002:00000380       __imp_strncmp              000000014000f380     ucrt:api-ms-win-crt-string-l1-1-0.dll
 0002:00000388       __imp_isxdigit             000000014000f388     ucrt:api-ms-win-crt-string-l1-1-0.dll
 0002:00000390       __imp_isdigit              000000014000f390     ucrt:api-ms-win-crt-string-l1-1-0.dll
 0002:00000398       __imp_strncpy              000000014000f398     ucrt:api-ms-win-crt-string-l1-1-0.dll
 0002:000003a0       __imp__strnicmp            000000014000f3a0     ucrt:api-ms-win-crt-string-l1-1-0.dll
 0002:000003a8       __imp_tolower              000000014000f3a8     ucrt:api-ms-win-crt-string-l1-1-0.dll
 0002:000003b0       \177api-ms-win-crt-string-l1-1-0_NULL_THUNK_DATA 000000014000f3b0     ucrt:api-ms-win-crt-string-l1-1-0.dll
 0002:000003b8       __imp_rand                 000000014000f3b8     ucrt:api-ms-win-crt-utility-l1-1-0.dll
 0002:000003c0       \177api-ms-win-crt-utility-l1-1-0_NULL_THUNK_DATA 000000014000f3c0     ucrt:api-ms-win-crt-utility-l1-1-0.dll
 0002:000003c8       __imp_CoCreateGuid         000000014000f3c8     ole32:ole32.dll
 0002:000003d0       \177ole32_NULL_THUNK_DATA  000000014000f3d0     ole32:ole32.dll
 0002:000003d8       __guard_check_icall_fptr   000000014000f3d8     MSVCRT:guard_support.obj
 0002:000003e0       __guard_dispatch_icall_fptr 000000014000f3e0     MSVCRT:guard_support.obj
 0002:000003e8       __xc_a                     000000014000f3e8     MSVCRT:initializers.obj
 0002:000003f8       __xc_z                     000000014000f3f8     MSVCRT:initializers.obj
 0002:00000400       __xi_a                     000000014000f400     MSVCRT:initializers.obj
 0002:00000418       __xi_z                     000000014000f418     MSVCRT:initializers.obj
 0002:00000420       __xp_a                     000000014000f420     MSVCRT:initializers.obj
 0002:00000428       __xp_z                     000000014000f428     MSVCRT:initializers.obj
 0002:00000430       __xt_a                     000000014000f430     MSVCRT:initializers.obj
 0002:00000438       __xt_z                     000000014000f438     MSVCRT:initializers.obj
 0002:00000440       ??_C@_0FA@DIAPLEFD@Found?5non?9FINGERPRINT?5attr?4?5afte@ 000000014000f440     pjlib-util-x86_64-x64-vc14-release:errno.obj
 0002:00000490       ??_C@_0ED@CNMDGMPD@Found?5STUN?5attribute?5after?5FINGE@ 000000014000f490     pjlib-util-x86_64-x64-vc14-release:errno.obj
 0002:000004d8       ??_C@_0DN@JLMAJAKN@Missing?5STUN?5USERNAME?5attribute?5@ 000000014000f4d8     pjlib-util-x86_64-x64-vc14-release:errno.obj
 0002:00000520       ??_C@_0EK@LMHKLKC@Missing?1invalid?5STUN?5MESSAGE?9INT@ 000000014000f520     pjlib-util-x86_64-x64-vc14-release:errno.obj
 0002:00000570       ??_C@_0DJ@BCFNCGF@Found?5duplicate?5STUN?5attribute?5?$CI@ 000000014000f570     pjlib-util-x86_64-x64-vc14-release:errno.obj
 0002:000005b0       ??_C@_0DH@MMHMOPBG@Missing?5STUN?5REALM?5attribute?5?$CIPJ@ 000000014000f5b0     pjlib-util-x86_64-x64-vc14-release:errno.obj
 0002:000005f0       ??_C@_0EB@FGOGNHPO@Missing?1stale?5STUN?5NONCE?5attribu@ 000000014000f5f0     pjlib-util-x86_64-x64-vc14-release:errno.obj
 0002:00000640       ??_C@_0EF@HAPLEMIK@STUN?5transaction?5terminates?5with@ 000000014000f640     pjlib-util-x86_64-x64-vc14-release:errno.obj
 0002:00000688       ??_C@_0CL@GOOAEBLJ@Invalid?5URL?5format?5?$CIPJLIB_UTIL_E@ 000000014000f688     pjlib-util-x86_64-x64-vc14-release:errno.obj
 0002:000006b8       ??_C@_0DB@BDFJPAOA@Invalid?5URL?5port?5number?5?$CIPJLIB_U@ 000000014000f6b8     pjlib-util-x86_64-x64-vc14-release:errno.obj
 0002:000006f0       ??_C@_0DN@CABCKELB@Incomplete?5response?5header?5recei@ 000000014000f6f0     pjlib-util-x86_64-x64-vc14-release:errno.obj
 0002:00000730       ??_C@_0CN@MKMAKFDH@Insufficient?5buffer?5?$CIPJLIB_UTIL_@ 000000014000f730     pjlib-util-x86_64-x64-vc14-release:errno.obj
 0002:00000760       ??_C@_0CH@JNBFBBKA@Connection?5lost?5?$CIPJLIB_UTIL_EHTT@ 000000014000f760     pjlib-util-x86_64-x64-vc14-release:errno.obj
 0002:00000788       ??_C@_0CE@DHMMOEGP@Exit?5current?5session?5?$CIPJ_CLI_EEX@ 000000014000f788     pjlib-util-x86_64-x64-vc14-release:errno.obj
 0002:000007b0       ??_C@_0CG@LEDMCEME@Missing?5argument?5?$CIPJ_CLI_EMISSIN@ 000000014000f7b0     pjlib-util-x86_64-x64-vc14-release:errno.obj
 0002:000007d8       ??_C@_0CJ@ECODGDHL@Too?5many?5arguments?5?$CIPJ_CLI_ETOOM@ 000000014000f7d8     pjlib-util-x86_64-x64-vc14-release:errno.obj
 0002:00000808       ??_C@_0CC@NLPGOLED@Invalid?5argument?5?$CIPJ_CLI_EINVARG@ 000000014000f808     pjlib-util-x86_64-x64-vc14-release:errno.obj
 0002:00000830       ??_C@_0CO@OOEOBCH@Command?5name?5already?5exists?5?$CIPJ_@ 000000014000f830     pjlib-util-x86_64-x64-vc14-release:errno.obj
 0002:00000860       ??_C@_0CK@MKOACJP@Command?5id?5already?5exists?5?$CIPJ_CL@ 000000014000f860     pjlib-util-x86_64-x64-vc14-release:errno.obj
 0002:00000890       ??_C@_0CE@LHHCBFML@Invalid?5XML?5format?5?$CIPJ_CLI_EBADX@ 000000014000f890     pjlib-util-x86_64-x64-vc14-release:errno.obj
 0002:000008b8       ??_C@_0CF@CKMLJLLP@Connection?5lost?5?$CIPJ_CLI_ETELNETL@ 000000014000f8b8     pjlib-util-x86_64-x64-vc14-release:errno.obj
 0002:00000ca0       ??_C@_0DI@FPKNFLPC@Unable?5to?5resolve?5STUN?5server?5?$CIP@ 000000014000fca0     pjlib-util-x86_64-x64-vc14-release:errno.obj
 0002:00000cd8       ??_C@_0DG@MLIAHJMC@Unknown?5STUN?5message?5type?5?$CIPJLIB@ 000000014000fcd8     pjlib-util-x86_64-x64-vc14-release:errno.obj
 0002:00000d10       ??_C@_0DH@BGLGMNML@Invalid?5STUN?5message?5length?5?$CIPJL@ 000000014000fd10     pjlib-util-x86_64-x64-vc14-release:errno.obj
 0002:00000d48       ??_C@_0DI@MNKBLDCO@STUN?5attribute?5length?5error?5?$CIPJL@ 000000014000fd48     pjlib-util-x86_64-x64-vc14-release:errno.obj
 0002:00000d80       ??_C@_0DJ@GEFJCPHI@Invalid?5STUN?5attribute?5type?5?$CIPJL@ 000000014000fd80     pjlib-util-x86_64-x64-vc14-release:errno.obj
 0002:00000dc0       ??_C@_0DL@JFEBBJAB@Invalid?5STUN?5server?1socket?5index@ 000000014000fdc0     pjlib-util-x86_64-x64-vc14-release:errno.obj
 0002:00000e00       ??_C@_0EE@OMBAKMPD@No?5STUN?5binding?5response?5in?5the?5@ 000000014000fe00     pjlib-util-x86_64-x64-vc14-release:errno.obj
 0002:00000e48       ??_C@_0DM@JJJKHKHH@Received?5STUN?5error?5attribute?5?$CIP@ 000000014000fe48     pjlib-util-x86_64-x64-vc14-release:errno.obj
 0002:00000e88       ??_C@_0DJ@BDPKKDEL@No?5STUN?5mapped?5address?5attribute@ 000000014000fe88     pjlib-util-x86_64-x64-vc14-release:errno.obj
 0002:00000ed0       ??_C@_0ED@MIOBPJDH@Received?5no?5response?5from?5STUN?5s@ 000000014000fed0     pjlib-util-x86_64-x64-vc14-release:errno.obj
 0002:00000f18       ??_C@_0DK@OILEGGA@Symetric?5NAT?5detected?5by?5STUN?5?$CIP@ 000000014000ff18     pjlib-util-x86_64-x64-vc14-release:errno.obj
 0002:00000f58       ??_C@_0CI@OKGDIDF@Invalid?5XML?5message?5?$CIPJLIB_UTIL_@ 000000014000ff58     pjlib-util-x86_64-x64-vc14-release:errno.obj
 0002:00000f80       ??_C@_0CL@IPLFEOJE@Invalid?5JSON?5document?5?$CIPJLIB_UTI@ 000000014000ff80     pjlib-util-x86_64-x64-vc14-release:errno.obj
 0002:00000fb0       ??_C@_0EC@KJLJANIE@DNS?5query?5packet?5buffer?5is?5too?5s@ 000000014000ffb0     pjlib-util-x86_64-x64-vc14-release:errno.obj
 0002:00000ff8       ??_C@_0DC@JFKHADAC@Invalid?5DNS?5packet?5length?5?$CIPJLIB@ 000000014000fff8     pjlib-util-x86_64-x64-vc14-release:errno.obj
 0002:00001030       ??_C@_0CL@OCFDFFNM@Invalid?5DNS?5class?5?$CIPJLIB_UTIL_ED@ 0000000140010030     pjlib-util-x86_64-x64-vc14-release:errno.obj
 0002:00001060       ??_C@_0DE@FIPILDGP@Invalid?5DNS?5name?5pointer?5?$CIPJLIB_@ 0000000140010060     pjlib-util-x86_64-x64-vc14-release:errno.obj
 0002:00001098       ??_C@_0DJ@NBOGGJL@Invalid?5DNS?5nameserver?5address?5?$CI@ 0000000140010098     pjlib-util-x86_64-x64-vc14-release:errno.obj
 0002:000010d8       ??_C@_0DH@LFJGDOHB@No?5nameserver?5is?5in?5DNS?5resolver@ 00000001400100d8     pjlib-util-x86_64-x64-vc14-release:errno.obj
 0002:00001110       ??_C@_0DH@PHJBLCKD@No?5working?5DNS?5nameserver?5?$CIPJLIB@ 0000000140010110     pjlib-util-x86_64-x64-vc14-release:errno.obj
 0002:00001150       ??_C@_0EC@HJFBNLFC@No?5answer?5record?5in?5the?5DNS?5resp@ 0000000140010150     pjlib-util-x86_64-x64-vc14-release:errno.obj
 0002:00001198       ??_C@_0CN@DEFBDJKF@Invalid?5DNS?5answer?5?$CIPJLIB_UTIL_E@ 0000000140010198     pjlib-util-x86_64-x64-vc14-release:errno.obj
 0002:000011c8       ??_C@_0CN@BCAAPMPM@DNS?5?$CCFormat?5error?$CC?5?$CIPJLIB_UTIL_E@ 00000001400101c8     pjlib-util-x86_64-x64-vc14-release:errno.obj
 0002:000011f8       ??_C@_0DA@NBPIIAHM@DNS?5?$CCServer?5failure?$CC?5?$CIPJLIB_UTIL@ 00000001400101f8     pjlib-util-x86_64-x64-vc14-release:errno.obj
 0002:00001228       ??_C@_0CM@CNNJNBCA@DNS?5?$CCName?5Error?$CC?5?$CIPJLIB_UTIL_EDN@ 0000000140010228     pjlib-util-x86_64-x64-vc14-release:errno.obj
 0002:00001258       ??_C@_0DA@DIMDKHPM@DNS?5?$CCNot?5Implemented?$CC?5?$CIPJLIB_UTI@ 0000000140010258     pjlib-util-x86_64-x64-vc14-release:errno.obj
 0002:00001288       ??_C@_0CI@LDMKLLKJ@DNS?5?$CCRefused?$CC?5?$CIPJLIB_UTIL_EDNS_R@ 0000000140010288     pjlib-util-x86_64-x64-vc14-release:errno.obj
 0002:000012b0       ??_C@_0DB@PFAMNHPJ@DNS?5?$CCThe?5name?5exists?$CC?5?$CIPJLIB_UTI@ 00000001400102b0     pjlib-util-x86_64-x64-vc14-release:errno.obj
 0002:000012e8       ??_C@_0DO@OIIHMCI@DNS?5?$CCThe?5RRset?5?$CIname?0?5type?$CJ?5exis@ 00000001400102e8     pjlib-util-x86_64-x64-vc14-release:errno.obj
 0002:00001330       ??_C@_0EG@OMHMBNML@DNS?5?$CCThe?5RRset?5?$CIname?0?5type?$CJ?5does@ 0000000140010330     pjlib-util-x86_64-x64-vc14-release:errno.obj
 0002:00001378       ??_C@_0CP@HJODAHHO@DNS?5?$CCNot?5authorized?$CC?5?$CIPJLIB_UTIL@ 0000000140010378     pjlib-util-x86_64-x64-vc14-release:errno.obj
 0002:000013b0       ??_C@_0EB@GKEHOPAE@DNS?5?$CCThe?5zone?5specified?5is?5not?5a@ 00000001400103b0     pjlib-util-x86_64-x64-vc14-release:errno.obj
 0002:000013f8       ??_C@_0DH@EMGNELGL@Too?5many?5STUN?5attributes?5?$CIPJLIB_@ 00000001400103f8     pjlib-util-x86_64-x64-vc14-release:errno.obj
 0002:00001430       ??_C@_0DF@KMIPDCMM@Unknown?5STUN?5attribute?5?$CIPJLIB_UT@ 0000000140010430     pjlib-util-x86_64-x64-vc14-release:errno.obj
 0002:00001468       ??_C@_0DP@PDBNFLFH@Invalid?5STUN?5socket?5address?5leng@ 0000000140010468     pjlib-util-x86_64-x64-vc14-release:errno.obj
 0002:000014b0       ??_C@_0EA@NAKPKGDE@STUN?5IPv6?5attribute?5not?5supporte@ 00000001400104b0     pjlib-util-x86_64-x64-vc14-release:errno.obj
 0002:000014f0       ??_C@_0DO@LEKPMIHP@Expecting?5STUN?5response?5message?5@ 00000001400104f0     pjlib-util-x86_64-x64-vc14-release:errno.obj
 0002:00001530       ??_C@_0DJ@DDEJFFIL@STUN?5transaction?5ID?5mismatch?5?$CIPJ@ 0000000140010530     pjlib-util-x86_64-x64-vc14-release:errno.obj
 0002:00001570       ??_C@_0EI@BNLBFIKH@Unable?5to?5find?5STUN?5handler?5for?5@ 0000000140010570     pjlib-util-x86_64-x64-vc14-release:errno.obj
 0002:000015b8       ??_C@_0BM@LDLEGOFO@Unknown?5pjlib?9util?5error?5?$CFd?$AA@ 00000001400105b8     pjlib-util-x86_64-x64-vc14-release:errno.obj
 0002:000015d8       ??_C@_0BB@JCEFLFJE@0123456789abcdef?$AA@ 00000001400105d8     pjlib-util-x86_64-x64-vc14-release:http_client.obj
 0002:000015ec       ??_C@_04MEDPFIKH@HTTP?$AA@ 00000001400105ec     pjlib-util-x86_64-x64-vc14-release:http_client.obj
 0002:000015f4       ??_C@_05NJOAAHIE@HTTPS?$AA@ 00000001400105f4     pjlib-util-x86_64-x64-vc14-release:http_client.obj
 0002:00001608       ??_C@_03HAPOJHBM@GET?$AA@  0000000140010608     pjlib-util-x86_64-x64-vc14-release:http_client.obj
 0002:0000160c       ??_C@_03KBBGFLEK@PUT?$AA@  000000014001060c     pjlib-util-x86_64-x64-vc14-release:http_client.obj
 0002:00001610       ??_C@_06FKDAMKFP@DELETE?$AA@ 0000000140010610     pjlib-util-x86_64-x64-vc14-release:http_client.obj
 0002:00001618       ??_C@_0BB@KEDJJIFI@WWW?9Authenticate?$AA@ 0000000140010618     pjlib-util-x86_64-x64-vc14-release:http_client.obj
 0002:00001630       ??_C@_0BD@GKJFGNG@Proxy?9Authenticate?$AA@ 0000000140010630     pjlib-util-x86_64-x64-vc14-release:http_client.obj
 0002:00001644       ??_C@_05ELABLNGD@realm?$AA@ 0000000140010644     pjlib-util-x86_64-x64-vc14-release:http_client.obj
 0002:0000164c       ??_C@_05OOEDLKEB@nonce?$AA@ 000000014001064c     pjlib-util-x86_64-x64-vc14-release:http_client.obj
 0002:00001658       ??_C@_09JPNFBOJG@algorithm?$AA@ 0000000140010658     pjlib-util-x86_64-x64-vc14-release:http_client.obj
 0002:00001664       ??_C@_05BFAEFKPM@stale?$AA@ 0000000140010664     pjlib-util-x86_64-x64-vc14-release:http_client.obj
 0002:0000166c       ??_C@_03GBIMBCPB@qop?$AA@  000000014001066c     pjlib-util-x86_64-x64-vc14-release:http_client.obj
 0002:00001670       ??_C@_06CJCOLNBB@opaque?$AA@ 0000000140010670     pjlib-util-x86_64-x64-vc14-release:http_client.obj
 0002:00001678       ??_C@_04HHCDBDLF@?5?7?$AN?6?$AA@ 0000000140010678     pjlib-util-x86_64-x64-vc14-release:http_client.obj
 0002:00001680       ??_C@_06KDHNKGBN@?0?5?7?$AN?6?$DL?$AA@ 0000000140010680     pjlib-util-x86_64-x64-vc14-release:http_client.obj
 0002:00001688       ??_C@_06JFLHDKAJ@?$DN?0?5?7?$AN?6?$AA@ 0000000140010688     pjlib-util-x86_64-x64-vc14-release:http_client.obj
 0002:00001690       ??_C@_0P@HOJGPHBA@Content?9Length?$AA@ 0000000140010690     pjlib-util-x86_64-x64-vc14-release:http_client.obj
 0002:000016a0       ??_C@_01GBGANLPD@0?$AA@    00000001400106a0     pjlib-util-x86_64-x64-vc14-release:http_client.obj
 0002:000016a4       ??_C@_02NDKNKOCB@?3?6?$AA@ 00000001400106a4     pjlib-util-x86_64-x64-vc14-release:http_client.obj
 0002:000016a8       ??_C@_03HLLJOCDO@1?40?$AA@ 00000001400106a8     pjlib-util-x86_64-x64-vc14-release:http_client.obj
 0002:000016ac       ??_C@_03GACAABJG@?3?1?1?$AA@ 00000001400106ac     pjlib-util-x86_64-x64-vc14-release:http_client.obj
 0002:000016b0       ??_C@_02NJDLAJKO@?3?$EA?$AA@ 00000001400106b0     pjlib-util-x86_64-x64-vc14-release:http_client.obj
 0002:000016b4       ??_C@_01EOFPKCAF@?$EA?$AA@ 00000001400106b4     pjlib-util-x86_64-x64-vc14-release:http_client.obj
 0002:000016b8       ??_C@_02DLFOHOMG@?3?1?$AA@ 00000001400106b8     pjlib-util-x86_64-x64-vc14-release:http_client.obj
 0002:000016bc       ??_C@_01KMDKNFGN@?1?$AA@   00000001400106bc     pjlib-util-x86_64-x64-vc14-release:http_client.obj
 0002:000016c0       ??_C@_03GCKCNDHP@1?41?$AA@ 00000001400106c0     pjlib-util-x86_64-x64-vc14-release:http_client.obj
 0002:000016c8       ??_C@_0CF@PPAGDFLF@Unable?5to?5bind?5to?5the?5requested?5@ 00000001400106c8     pjlib-util-x86_64-x64-vc14-release:http_client.obj
 0002:000016f0       ??_C@_0O@GABNAGKL@http_client?4c?$AA@ 00000001400106f0     pjlib-util-x86_64-x64-vc14-release:http_client.obj
 0002:00001700       ??_C@_0CA@DADAGKDB@?4?4?2src?2pjlib?9util?2http_client?4c?$AA@ 0000000140010700     pjlib-util-x86_64-x64-vc14-release:http_client.obj
 0002:00001720       ??_C@_01JLIPDDHJ@?3?$AA@   0000000140010720     pjlib-util-x86_64-x64-vc14-release:http_client.obj
 0002:00001728       ??_C@_0O@NAFGPKMI@Authorization?$AA@ 0000000140010728     pjlib-util-x86_64-x64-vc14-release:http_client.obj
 0002:00001738       ??_C@_0BE@DCLKKIPG@Proxy?9Authorization?$AA@ 0000000140010738     pjlib-util-x86_64-x64-vc14-release:http_client.obj
 0002:0000174c       ??_C@_06FFOGOLGD@Basic?5?$AA@ 000000014001074c     pjlib-util-x86_64-x64-vc14-release:http_client.obj
 0002:00001754       ??_C@_03GCGHEHKJ@MD5?$AA@  0000000140010754     pjlib-util-x86_64-x64-vc14-release:http_client.obj
 0002:00001760       ??_C@_0GA@DCOGGJGN@Digest?5username?$DN?$CC?$CF?4?$CKs?$CC?0?5realm?$DN?$CC?$CF@ 0000000140010760     pjlib-util-x86_64-x64-vc14-release:http_client.obj
 0002:000017c0       ??_C@_04DPLCCHJC@auth?$AA@ 00000001400107c0     pjlib-util-x86_64-x64-vc14-release:http_client.obj
 0002:000017c8       ??_C@_08KNCPHIAE@00000001?$AA@ 00000001400107c8     pjlib-util-x86_64-x64-vc14-release:http_client.obj
 0002:000017d4       ??_C@_06DKDPJBDF@b39971?$AA@ 00000001400107d4     pjlib-util-x86_64-x64-vc14-release:http_client.obj
 0002:000017e0       ??_C@_0IC@MLPPCALJ@Digest?5username?$DN?$CC?$CF?4?$CKs?$CC?0?5realm?$DN?$CC?$CF@ 00000001400107e0     pjlib-util-x86_64-x64-vc14-release:http_client.obj
 0002:00001868       ??_C@_0L@CDFNEOGO@?0?5opaque?$DN?$CC?$AA@ 0000000140010868     pjlib-util-x86_64-x64-vc14-release:http_client.obj
 0002:00001874       ??_C@_01BJJEKLCA@?$CC?$AA@ 0000000140010874     pjlib-util-x86_64-x64-vc14-release:http_client.obj
 0002:00001878       ??_C@_05NPAPGJEJ@basic?$AA@ 0000000140010878     pjlib-util-x86_64-x64-vc14-release:http_client.obj
 0002:00001880       ??_C@_06IJPNAHC@digest?$AA@ 0000000140010880     pjlib-util-x86_64-x64-vc14-release:http_client.obj
 0002:00001888       ??_C@_0BE@BNEADNJB@?$CF?4?$CKs?5?$CF?4?$CKs?5?$CFs?1?$CF?4?$CKs?$AN?6?$AA@ 0000000140010888     pjlib-util-x86_64-x64-vc14-release:http_client.obj
 0002:000018a0       ??_C@_0BA@HAJMDAOA@Host?3?5?$CF?4?$CKs?3?$CFd?$AN?6?$AA@ 00000001400108a0     pjlib-util-x86_64-x64-vc14-release:http_client.obj
 0002:000018b0       ??_C@_08HKGMJBDL@?$CFs?3?5?$CFs?$AN?6?$AA@ 00000001400108b0     pjlib-util-x86_64-x64-vc14-release:http_client.obj
 0002:000018c0       ??_C@_0N@DEBBLJNM@?$CF?4?$CKs?3?5?$CF?4?$CKs?$AN?6?$AA@ 00000001400108c0     pjlib-util-x86_64-x64-vc14-release:http_client.obj
 0002:000018d0       ??_C@_02PCIJFNDE@?$AN?6?$AA@ 00000001400108d0     pjlib-util-x86_64-x64-vc14-release:http_client.obj
 0002:00001920       ??_C@_0BM@HBCIEFJJ@?4?4?2src?2pjlib?9util?2scanner?4c?$AA@ 0000000140010920     pjlib-util-x86_64-x64-vc14-release:scanner.obj
 0002:0000193c       ??_C@_04IFCNACLH@pj?$CFp?$AA@ 000000014001093c     pjlib-x86_64-x64-vc14-release:os_core_win32.obj
 0002:00001948       ??_C@_0BA@NGJFHJA@PJLIB?1No?5memory?$AA@ 0000000140010948     pjlib-x86_64-x64-vc14-release:os_core_win32.obj
 0002:00001958       ??_C@_0BP@NGEKBPIB@pjlib?5?$CFs?5for?5win32?5initialized?$AA@ 0000000140010958     pjlib-x86_64-x64-vc14-release:os_core_win32.obj
 0002:00001978       ??_C@_0BA@FNCACAIG@os_core_win32?4c?$AA@ 0000000140010978     pjlib-x86_64-x64-vc14-release:os_core_win32.obj
 0002:00001988       ??_C@_0CI@EAKIIBBA@Main?5thread?5stack?5max?5usage?$DN?$CFu?5b@ 0000000140010988     pjlib-x86_64-x64-vc14-release:os_core_win32.obj
 0002:000019b0       ??_C@_0BK@BHGJHPMG@?4?4?2src?2pj?2os_core_win32?4c?$AA@ 00000001400109b0     pjlib-x86_64-x64-vc14-release:os_core_win32.obj
 0002:000019cc       ??_C@_05KHEDLION@thr?$CFp?$AA@ 00000001400109cc     pjlib-x86_64-x64-vc14-release:os_core_win32.obj
 0002:000019d2       ??_C@_00CNPNBAHC@?$AA@     00000001400109d2     pjlib-x86_64-x64-vc14-release:os_core_win32.obj
 0002:000019d4       ??_C@_05EJDHHBFJ@mtx?$CFp?$AA@ 00000001400109d4     pjlib-x86_64-x64-vc14-release:os_core_win32.obj
 0002:000019e0       ??_C@_0HG@CMNADICF@c?3?2users?2user?2documents?2github?2a@ 00000001400109e0     pjlib-x86_64-x64-vc14-release:ioqueue_select.obj
 0002:00001a58       ??_C@_05LIJONKFG@ioq?$CFp?$AA@ 0000000140010a58     pjlib-x86_64-x64-vc14-release:ioqueue_select.obj
 0002:00001a60       ??_C@_0CA@IMDCINDN@select?$CI?$CJ?5I?1O?5Queue?5created?5?$CI?$CFp?$CJ?$AA@ 0000000140010a60     pjlib-x86_64-x64-vc14-release:ioqueue_select.obj
 0002:00001a80       ??_C@_05PHKAINEA@pjlib?$AA@ 0000000140010a80     pjlib-x86_64-x64-vc14-release:ioqueue_select.obj
 0002:00001a88       ??_C@_0CJ@NPMLHLI@Bad?5ioqueue?5count?5in?5key?5unregis@ 0000000140010a88     pjlib-x86_64-x64-vc14-release:ioqueue_select.obj
 0002:00001ab8       ??_C@_0L@CAJCIPAG@ioq_select?$AA@ 0000000140010ab8     pjlib-x86_64-x64-vc14-release:ioqueue_select.obj
 0002:00001ac8       ??_C@_0CH@OGOOBJBE@IPv6?5is?5not?5supported?5?$CIPJ_EIPV6N@ 0000000140010ac8     pjlib-x86_64-x64-vc14-release:errno.obj
 0002:00001af0       ??_C@_0CK@DJAHHNOI@Unsupported?5address?5family?5?$CIPJ_E@ 0000000140010af0     pjlib-x86_64-x64-vc14-release:errno.obj
 0002:00001b20       ??_C@_0CD@PDGCJOJH@Object?5no?5longer?5exists?5?$CIPJ_EGON@ 0000000140010b20     pjlib-x86_64-x64-vc14-release:errno.obj
 0002:00001b48       ??_C@_0CI@LBHALONI@Socket?5is?5in?5bad?5state?5?$CIPJ_ESOCK@ 0000000140010b48     pjlib-x86_64-x64-vc14-release:errno.obj
 0002:00001cf0       ??_C@_0BM@FLPPOGAG@Unknown?5Error?5?$CIPJ_EUNKNOWN?$CJ?$AA@ 0000000140010cf0     pjlib-x86_64-x64-vc14-release:errno.obj
 0002:00001d10       ??_C@_0CA@DCLOOJGD@Pending?5operation?5?$CIPJ_EPENDING?$CJ?$AA@ 0000000140010d10     pjlib-x86_64-x64-vc14-release:errno.obj
 0002:00001d30       ??_C@_0CO@GABEOAFF@Too?5many?5connecting?5sockets?5?$CIPJ_@ 0000000140010d30     pjlib-x86_64-x64-vc14-release:errno.obj
 0002:00001d60       ??_C@_0CG@CBCJBJGD@Invalid?5value?5or?5argument?5?$CIPJ_EI@ 0000000140010d60     pjlib-x86_64-x64-vc14-release:errno.obj
 0002:00001d88       ??_C@_0CA@GJABNEKD@Name?5too?5long?5?$CIPJ_ENAMETOOLONG?$CJ?$AA@ 0000000140010d88     pjlib-x86_64-x64-vc14-release:errno.obj
 0002:00001da8       ??_C@_0BJ@JNKLPII@Not?5found?5?$CIPJ_ENOTFOUND?$CJ?$AA@ 0000000140010da8     pjlib-x86_64-x64-vc14-release:errno.obj
 0002:00001dc8       ??_C@_0BO@GOLCMJKK@Not?5enough?5memory?5?$CIPJ_ENOMEM?$CJ?$AA@ 0000000140010dc8     pjlib-x86_64-x64-vc14-release:errno.obj
 0002:00001de8       ??_C@_0BI@HHGDCAID@BUG?5DETECTED?$CB?5?$CIPJ_EBUG?$CJ?$AA@ 0000000140010de8     pjlib-x86_64-x64-vc14-release:errno.obj
 0002:00001e00       ??_C@_0CD@JOGIDHPJ@Operation?5timed?5out?5?$CIPJ_ETIMEDOU@ 0000000140010e00     pjlib-x86_64-x64-vc14-release:errno.obj
 0002:00001e28       ??_C@_0DF@MIFNAIHL@Too?5many?5objects?5of?5the?5specifie@ 0000000140010e28     pjlib-x86_64-x64-vc14-release:errno.obj
 0002:00001e60       ??_C@_0BK@OMPILOH@Object?5is?5busy?5?$CIPJ_EBUSY?$CJ?$AA@ 0000000140010e60     pjlib-x86_64-x64-vc14-release:errno.obj
 0002:00001e80       ??_C@_0CP@BAIBJOJE@Option?1operation?5is?5not?5supporte@ 0000000140010e80     pjlib-x86_64-x64-vc14-release:errno.obj
 0002:00001eb0       ??_C@_0CC@OEEEEEML@Invalid?5operation?5?$CIPJ_EINVALIDOP@ 0000000140010eb0     pjlib-x86_64-x64-vc14-release:errno.obj
 0002:00001ed8       ??_C@_0CE@KDDMJLGF@Operation?5cancelled?5?$CIPJ_ECANCELL@ 0000000140010ed8     pjlib-x86_64-x64-vc14-release:errno.obj
 0002:00001f00       ??_C@_0CD@LODOFNLC@Object?5already?5exists?5?$CIPJ_EEXIST@ 0000000140010f00     pjlib-x86_64-x64-vc14-release:errno.obj
 0002:00001f28       ??_C@_0BG@GMBDFNLN@End?5of?5file?5?$CIPJ_EEOF?$CJ?$AA@ 0000000140010f28     pjlib-x86_64-x64-vc14-release:errno.obj
 0002:00001f40       ??_C@_0BN@PCCNBFLN@Size?5is?5too?5big?5?$CIPJ_ETOOBIG?$CJ?$AA@ 0000000140010f40     pjlib-x86_64-x64-vc14-release:errno.obj
 0002:00001f60       ??_C@_0DB@FDCHLEID@gethostbyname?$CI?$CJ?5has?5returned?5err@ 0000000140010f60     pjlib-x86_64-x64-vc14-release:errno.obj
 0002:00001f98       ??_C@_0CB@MGGLJMNO@Size?5is?5too?5short?5?$CIPJ_ETOOSMALL?$CJ@ 0000000140010f98     pjlib-x86_64-x64-vc14-release:errno.obj
 0002:00001fc0       ??_C@_0BG@NBDJGAFI@Ignored?5?$CIPJ_EIGNORED?$CJ?$AA@ 0000000140010fc0     pjlib-x86_64-x64-vc14-release:errno.obj
 0002:00001fd8       ??_C@_0BH@ONDLFCEA@Unknown?5pjlib?5error?5?$CFd?$AA@ 0000000140010fd8     pjlib-x86_64-x64-vc14-release:errno.obj
 0002:00001ff0       ??_C@_07PBILKAFL@Success?$AA@ 0000000140010ff0     pjlib-x86_64-x64-vc14-release:errno.obj
 0002:00001ff8       ??_C@_0BB@BIKLJNJD@Unknown?5error?5?$CFd?$AA@ 0000000140010ff8     pjlib-x86_64-x64-vc14-release:errno.obj
 0002:0000200c       ??_C@_05NAOIJFC@Error?$AA@ 000000014001100c     pjlib-x86_64-x64-vc14-release:errno.obj
 0002:00002014       ??_C@_06DJHOIPC@?$CFs?3?5?$CFs?$AA@ 0000000140011014     pjlib-x86_64-x64-vc14-release:errno.obj
 0002:00002020       ??_C@_0BA@CLLJDBF@?4?4?2src?2pj?2log?4c?$AA@ 0000000140011020     pjlib-x86_64-x64-vc14-release:log.obj
 0002:00002030       ??_C@_06DDFOEFIF@FATAL?3?$AA@ 0000000140011030     pjlib-x86_64-x64-vc14-release:log.obj
 0002:00002038       ??_C@_06PONDCDME@ERROR?3?$AA@ 0000000140011038     pjlib-x86_64-x64-vc14-release:log.obj
 0002:00002040       ??_C@_06OHJPOJDB@?5WARN?3?$AA@ 0000000140011040     pjlib-x86_64-x64-vc14-release:log.obj
 0002:00002048       ??_C@_06ICKKLHPE@?5INFO?3?$AA@ 0000000140011048     pjlib-x86_64-x64-vc14-release:log.obj
 0002:00002050       ??_C@_06DNOFLLB@DEBUG?3?$AA@ 0000000140011050     pjlib-x86_64-x64-vc14-release:log.obj
 0002:00002058       ??_C@_06ELIFFDKB@TRACE?3?$AA@ 0000000140011058     pjlib-x86_64-x64-vc14-release:log.obj
 0002:00002060       ??_C@_06HGKAKJPG@DETRC?3?$AA@ 0000000140011060     pjlib-x86_64-x64-vc14-release:log.obj
 0002:00002068       ??_C@_03KOEHGMDN@Sun?$AA@  0000000140011068     pjlib-x86_64-x64-vc14-release:log.obj
 0002:0000206c       ??_C@_03PDAGKDH@Mon?$AA@   000000014001106c     pjlib-x86_64-x64-vc14-release:log.obj
 0002:00002070       ??_C@_03NAGEINEP@Tue?$AA@  0000000140011070     pjlib-x86_64-x64-vc14-release:log.obj
 0002:00002074       ??_C@_03MHOMLAJA@Wed?$AA@  0000000140011074     pjlib-x86_64-x64-vc14-release:log.obj
 0002:00002078       ??_C@_03IOFIKPDN@Thu?$AA@  0000000140011078     pjlib-x86_64-x64-vc14-release:log.obj
 0002:0000207c       ??_C@_03IDIOELNC@Fri?$AA@  000000014001107c     pjlib-x86_64-x64-vc14-release:log.obj
 0002:00002080       ??_C@_03FEFJNEK@Sat?$AA@   0000000140011080     pjlib-x86_64-x64-vc14-release:log.obj
 0002:00002088       ??_C@_0BO@BGMDCDKP@?$DMlogging?5error?3?5msg?5too?5long?$DO?$AA@ 0000000140011088     pjlib-x86_64-x64-vc14-release:log.obj
 0002:000020a8       ??_C@_0BD@ELEDKDKB@?4?4?2src?2pj?2string?4c?$AA@ 00000001400110a8     pjlib-x86_64-x64-vc14-release:string.obj
 0002:000020c0       ??_C@_0BB@PKFOFEEC@?4?4?2src?2pj?2pool?4c?$AA@ 00000001400110c0     pjlib-x86_64-x64-vc14-release:pool.obj
 0002:000020d8       ??_C@_0BJ@MJKAJPML@?4?4?2src?2pj?2pool_caching?4c?$AA@ 00000001400110d8     pjlib-x86_64-x64-vc14-release:pool_caching.obj
 0002:000020f8       ??_C@_0M@IGFPEOLJ@cachingpool?$AA@ 00000001400110f8     pjlib-x86_64-x64-vc14-release:pool_caching.obj
 0002:00002108       ??_C@_0DD@ECGDPCBA@Pool?5is?5not?5released?5by?5applicat@ 0000000140011108     pjlib-x86_64-x64-vc14-release:pool_caching.obj
 0002:00002140       ??_C@_0BH@BBPHJKOA@?5Dumping?5caching?5pool?3?$AA@ 0000000140011140     pjlib-x86_64-x64-vc14-release:pool_caching.obj
 0002:00002158       ??_C@_08COPEICHG@cachpool?$AA@ 0000000140011158     pjlib-x86_64-x64-vc14-release:pool_caching.obj
 0002:00002168       ??_C@_0CN@DOKPIIOH@?5?5?5Capacity?$DN?$CFu?0?5max_capacity?$DN?$CFu?0@ 0000000140011168     pjlib-x86_64-x64-vc14-release:pool_caching.obj
 0002:00002198       ??_C@_0BM@IDLDGCC@?5?5Dumping?5all?5active?5pools?3?$AA@ 0000000140011198     pjlib-x86_64-x64-vc14-release:pool_caching.obj
 0002:000021b8       ??_C@_0CA@MMLIKIEG@?5?5?5?$CF16s?3?5?$CF8d?5of?5?$CF8d?5?$CI?$CFd?$CF?$CF?$CJ?5used?$AA@ 00000001400111b8     pjlib-x86_64-x64-vc14-release:pool_caching.obj
 0002:000021d8       ??_C@_0CB@GKBJPDKG@?5?5Total?5?$CF9d?5of?5?$CF9d?5?$CI?$CFd?5?$CF?$CF?$CJ?5used?$CB@ 00000001400111d8     pjlib-x86_64-x64-vc14-release:pool_caching.obj
 0002:00002200       ??_C@_0BC@IICDBALP@?4?4?2src?2pj?2timer?4c?$AA@ 0000000140011200     pjlib-x86_64-x64-vc14-release:timer.obj
 0002:00002220       ??_C@_0GD@IKDOJBHK@Bug?$CB?5Trying?5to?5remove?5entry?5?$CFp?5f@ 0000000140011220     pjlib-x86_64-x64-vc14-release:timer.obj
 0002:00002288       ??_C@_07PEGEGJOK@timer?4c?$AA@ 0000000140011288     pjlib-x86_64-x64-vc14-release:timer.obj
 0002:00002290       ??_C@_0CN@BCAOBBMI@Warning?$CB?5Rescheduling?5outstandin@ 0000000140011290     pjlib-x86_64-x64-vc14-release:timer.obj
 0002:000022c0       ??_C@_0FD@OKAOJAGN@Bug?$CB?5Polling?5entry?5?$CFp?5from?5?$CFs?5li@ 00000001400112c0     pjlib-x86_64-x64-vc14-release:timer.obj
 0002:00002318       ??_C@_0BC@OIAJPKFB@?4?4?2src?2pj?2types?4c?$AA@ 0000000140011318     pjlib-x86_64-x64-vc14-release:types.obj
 0002:00002330       ??_C@_0BI@IIPAIKDD@?4?4?2src?2pj?2sock_common?4c?$AA@ 0000000140011330     pjlib-x86_64-x64-vc14-release:sock_common.obj
 0002:00002348       PJ_IPV6_TCLASS             0000000140011348     pjlib-x86_64-x64-vc14-release:sock_bsd.obj
 0002:0000234c       PJ_SO_TYPE                 000000014001134c     pjlib-x86_64-x64-vc14-release:sock_bsd.obj
 0002:00002350       PJ_SO_RCVBUF               0000000140011350     pjlib-x86_64-x64-vc14-release:sock_bsd.obj
 0002:00002354       PJ_SO_SNDBUF               0000000140011354     pjlib-x86_64-x64-vc14-release:sock_bsd.obj
 0002:00002358       PJ_TCP_NODELAY             0000000140011358     pjlib-x86_64-x64-vc14-release:sock_bsd.obj
 0002:0000235c       PJ_SO_REUSEADDR            000000014001135c     pjlib-x86_64-x64-vc14-release:sock_bsd.obj
 0002:00002360       PJ_SO_NOSIGPIPE            0000000140011360     pjlib-x86_64-x64-vc14-release:sock_bsd.obj
 0002:00002364       PJ_SO_PRIORITY             0000000140011364     pjlib-x86_64-x64-vc14-release:sock_bsd.obj
 0002:00002368       PJ_IP_MULTICAST_IF         0000000140011368     pjlib-x86_64-x64-vc14-release:sock_bsd.obj
 0002:0000236c       PJ_IP_MULTICAST_TTL        000000014001136c     pjlib-x86_64-x64-vc14-release:sock_bsd.obj
 0002:00002370       PJ_IP_MULTICAST_LOOP       0000000140011370     pjlib-x86_64-x64-vc14-release:sock_bsd.obj
 0002:00002374       PJ_IP_ADD_MEMBERSHIP       0000000140011374     pjlib-x86_64-x64-vc14-release:sock_bsd.obj
 0002:00002378       PJ_IP_DROP_MEMBERSHIP      0000000140011378     pjlib-x86_64-x64-vc14-release:sock_bsd.obj
 0002:0000237c       PJ_MSG_OOB                 000000014001137c     pjlib-x86_64-x64-vc14-release:sock_bsd.obj
 0002:00002380       PJ_MSG_PEEK                0000000140011380     pjlib-x86_64-x64-vc14-release:sock_bsd.obj
 0002:00002384       PJ_MSG_DONTROUTE           0000000140011384     pjlib-x86_64-x64-vc14-release:sock_bsd.obj
 0002:00002388       PJ_AF_UNSPEC               0000000140011388     pjlib-x86_64-x64-vc14-release:sock_bsd.obj
 0002:0000238c       PJ_AF_UNIX                 000000014001138c     pjlib-x86_64-x64-vc14-release:sock_bsd.obj
 0002:00002390       PJ_AF_INET                 0000000140011390     pjlib-x86_64-x64-vc14-release:sock_bsd.obj
 0002:00002394       PJ_AF_INET6                0000000140011394     pjlib-x86_64-x64-vc14-release:sock_bsd.obj
 0002:00002398       PJ_AF_PACKET               0000000140011398     pjlib-x86_64-x64-vc14-release:sock_bsd.obj
 0002:0000239c       PJ_AF_IRDA                 000000014001139c     pjlib-x86_64-x64-vc14-release:sock_bsd.obj
 0002:000023a0       PJ_SOCK_STREAM             00000001400113a0     pjlib-x86_64-x64-vc14-release:sock_bsd.obj
 0002:000023a4       PJ_SOCK_DGRAM              00000001400113a4     pjlib-x86_64-x64-vc14-release:sock_bsd.obj
 0002:000023a8       PJ_SOCK_RAW                00000001400113a8     pjlib-x86_64-x64-vc14-release:sock_bsd.obj
 0002:000023ac       PJ_SOCK_RDM                00000001400113ac     pjlib-x86_64-x64-vc14-release:sock_bsd.obj
 0002:000023b0       PJ_SOL_SOCKET              00000001400113b0     pjlib-x86_64-x64-vc14-release:sock_bsd.obj
 0002:000023b4       PJ_SOL_IP                  00000001400113b4     pjlib-x86_64-x64-vc14-release:sock_bsd.obj
 0002:000023b8       PJ_SOL_TCP                 00000001400113b8     pjlib-x86_64-x64-vc14-release:sock_bsd.obj
 0002:000023bc       PJ_SOL_UDP                 00000001400113bc     pjlib-x86_64-x64-vc14-release:sock_bsd.obj
 0002:000023c0       PJ_SOL_IPV6                00000001400113c0     pjlib-x86_64-x64-vc14-release:sock_bsd.obj
 0002:000023c4       PJ_IP_TOS                  00000001400113c4     pjlib-x86_64-x64-vc14-release:sock_bsd.obj
 0002:000023c8       PJ_IPTOS_LOWDELAY          00000001400113c8     pjlib-x86_64-x64-vc14-release:sock_bsd.obj
 0002:000023cc       PJ_IPTOS_THROUGHPUT        00000001400113cc     pjlib-x86_64-x64-vc14-release:sock_bsd.obj
 0002:000023d0       PJ_IPTOS_RELIABILITY       00000001400113d0     pjlib-x86_64-x64-vc14-release:sock_bsd.obj
 0002:000023d4       PJ_IPTOS_MINCOST           00000001400113d4     pjlib-x86_64-x64-vc14-release:sock_bsd.obj
 0002:000023d8       ??_C@_0BF@KBJNEAPB@?4?4?2src?2pj?2sock_bsd?4c?$AA@ 00000001400113d8     pjlib-x86_64-x64-vc14-release:sock_bsd.obj
 0002:000023f0       ??_C@_0GB@HHNNKDBF@Received?5?$CFd?5consecutive?5errors?3?5@ 00000001400113f0     pjlib-x86_64-x64-vc14-release:activesock.obj
 0002:00002458       ??_C@_0CD@KFHCCJFN@?$CB?$CB?$CBFATAL?3?5unhandled?5exception?5?$CFs@ 0000000140011458     pjlib-x86_64-x64-vc14-release:except.obj
 0002:00002480       ??_C@_08PDFMOJIE@except?4c?$AA@ 0000000140011480     pjlib-x86_64-x64-vc14-release:except.obj
 0002:00002490       ??_C@_0N@GJOLEKJC@?$DMInvalid?5ID?$DO?$AA@ 0000000140011490     pjlib-x86_64-x64-vc14-release:except.obj
 0002:000024a0       ??_C@_0N@LJPLLMIL@exception?5?$CFd?$AA@ 00000001400114a0     pjlib-x86_64-x64-vc14-release:except.obj
 0002:000024b0       ??_C@_0BB@KPBPCFEE@?4?4?2src?2pj?2rand?4c?$AA@ 00000001400114b0     pjlib-x86_64-x64-vc14-release:rand.obj
 0002:000024c4       PJ_GUID_STRING_LENGTH      00000001400114c4     pjlib-x86_64-x64-vc14-release:guid_win32.obj
 0002:000024c8       ??_C@_0BH@DLOCENPK@?4?4?2src?2pj?2guid_win32?4c?$AA@ 00000001400114c8     pjlib-x86_64-x64-vc14-release:guid_win32.obj
 0002:000024e0       ??_C@_04FIDOICFN@2?410?$AA@ 00000001400114e0     pjlib-x86_64-x64-vc14-release:config.obj
 0002:000024e8       ??_C@_08DOCHLGNA@config?4c?$AA@ 00000001400114e8     pjlib-x86_64-x64-vc14-release:config.obj
 0002:000024f8       __real@3ff0000000000000    00000001400114f8     pjlib-x86_64-x64-vc14-release:os_timestamp_common.obj
 0002:00002500       __real@408f400000000000    0000000140011500     pjlib-x86_64-x64-vc14-release:os_timestamp_common.obj
 0002:00002508       ??_C@_0BI@FIAAHKJ@?4?4?2src?2pj?2sock_select?4c?$AA@ 0000000140011508     pjlib-x86_64-x64-vc14-release:sock_select.obj
 0002:00002840       ??_C@_0CD@FNMHLHMI@Interrupted?5system?5call?5?$CIWSAEINT@ 0000000140011840     pjlib-x86_64-x64-vc14-release:os_error_win32.obj
 0002:00002868       ??_C@_0BL@OKPDNKLH@Bad?5file?5number?5?$CIWSAEBADF?$CJ?$AA@ 0000000140011868     pjlib-x86_64-x64-vc14-release:os_error_win32.obj
 0002:00002888       ??_C@_0BO@BMBEEPBP@Permission?5denied?5?$CIWSAEACCES?$CJ?$AA@ 0000000140011888     pjlib-x86_64-x64-vc14-release:os_error_win32.obj
 0002:000028a8       ??_C@_0BI@LAKHPJJ@Bad?5address?5?$CIWSAEFAULT?$CJ?$AA@ 00000001400118a8     pjlib-x86_64-x64-vc14-release:os_error_win32.obj
 0002:000028c0       ??_C@_0BN@FEIDINKH@Invalid?5argument?5?$CIWSAEINVAL?$CJ?$AA@ 00000001400118c0     pjlib-x86_64-x64-vc14-release:os_error_win32.obj
 0002:000028e0       ??_C@_0CC@HMKKNDGL@Too?5many?5open?5sockets?5?$CIWSAEMFILE@ 00000001400118e0     pjlib-x86_64-x64-vc14-release:os_error_win32.obj
 0002:00002908       ??_C@_0CH@GCPPFMGM@Operation?5would?5block?5?$CIWSAEWOULD@ 0000000140011908     pjlib-x86_64-x64-vc14-release:os_error_win32.obj
 0002:00002930       ??_C@_0CL@DKGHEPCD@Operation?5now?5in?5progress?5?$CIWSAEI@ 0000000140011930     pjlib-x86_64-x64-vc14-release:os_error_win32.obj
 0002:00002960       ??_C@_0CM@BEMCBKDH@Operation?5already?5in?5progress?5?$CIW@ 0000000140011960     pjlib-x86_64-x64-vc14-release:os_error_win32.obj
 0002:00002990       ??_C@_0CN@PAFKDEBN@Socket?5operation?5on?5non?9socket?5?$CI@ 0000000140011990     pjlib-x86_64-x64-vc14-release:os_error_win32.obj
 0002:000029c0       ??_C@_0CP@HCDICECK@Destination?5address?5required?5?$CIWS@ 00000001400119c0     pjlib-x86_64-x64-vc14-release:os_error_win32.obj
 0002:000029f0       ??_C@_0BP@LNFPBFEK@Message?5too?5long?5?$CIWSAEMSGSIZE?$CJ?$AA@ 00000001400119f0     pjlib-x86_64-x64-vc14-release:os_error_win32.obj
 0002:00002a10       ??_C@_0CP@MMIMIEMF@Protocol?5wrong?5type?5for?5socket?5?$CI@ 0000000140011a10     pjlib-x86_64-x64-vc14-release:os_error_win32.obj
[...]
 0004:000009cc       $pdata$6$cpool_dump_status 00000001400169cc     pjlib-x86_64-x64-vc14-release:pool_caching.obj
 0004:000009d8       $pdata$7$cpool_dump_status 00000001400169d8     pjlib-x86_64-x64-vc14-release:pool_caching.obj
 0004:000009e4       $pdata$cpool_release_pool  00000001400169e4     pjlib-x86_64-x64-vc14-release:pool_caching.obj
 0004:000009f0       $pdata$0$cpool_release_pool 00000001400169f0     pjlib-x86_64-x64-vc14-release:pool_caching.obj
 0004:000009fc       $pdata$1$cpool_release_pool 00000001400169fc     pjlib-x86_64-x64-vc14-release:pool_caching.obj
 0004:00000a08       $pdata$2$cpool_release_pool 0000000140016a08     pjlib-x86_64-x64-vc14-release:pool_caching.obj
 0004:00000a14       $pdata$3$cpool_release_pool 0000000140016a14     pjlib-x86_64-x64-vc14-release:pool_caching.obj
 0004:00000a20       $pdata$pj_caching_pool_destroy 0000000140016a20     pjlib-x86_64-x64-vc14-release:pool_caching.obj
 0004:00000a2c       $pdata$pj_caching_pool_init 0000000140016a2c     pjlib-x86_64-x64-vc14-release:pool_caching.obj
 0004:00000a38       $pdata$cancel              0000000140016a38     pjlib-x86_64-x64-vc14-release:timer.obj
 0004:00000a44       $pdata$cancel_timer        0000000140016a44     pjlib-x86_64-x64-vc14-release:timer.obj
 0004:00000a50       $pdata$1$cancel_timer      0000000140016a50     pjlib-x86_64-x64-vc14-release:timer.obj
 0004:00000a5c       $pdata$2$cancel_timer      0000000140016a5c     pjlib-x86_64-x64-vc14-release:timer.obj
 0004:00000a68       $pdata$3$cancel_timer      0000000140016a68     pjlib-x86_64-x64-vc14-release:timer.obj
 0004:00000a74       $pdata$grow_heap           0000000140016a74     pjlib-x86_64-x64-vc14-release:timer.obj
 0004:00000a80       $pdata$pj_timer_heap_create 0000000140016a80     pjlib-x86_64-x64-vc14-release:timer.obj
 0004:00000a8c       $pdata$1$pj_timer_heap_create 0000000140016a8c     pjlib-x86_64-x64-vc14-release:timer.obj
 0004:00000a98       $pdata$3$pj_timer_heap_create 0000000140016a98     pjlib-x86_64-x64-vc14-release:timer.obj
 0004:00000aa4       $pdata$4$pj_timer_heap_create 0000000140016aa4     pjlib-x86_64-x64-vc14-release:timer.obj
 0004:00000ab0       $pdata$pj_timer_heap_destroy 0000000140016ab0     pjlib-x86_64-x64-vc14-release:timer.obj
 0004:00000abc       $pdata$pj_timer_heap_poll  0000000140016abc     pjlib-x86_64-x64-vc14-release:timer.obj
 0004:00000ac8       $pdata$2$pj_timer_heap_poll 0000000140016ac8     pjlib-x86_64-x64-vc14-release:timer.obj
 0004:00000ad4       $pdata$3$pj_timer_heap_poll 0000000140016ad4     pjlib-x86_64-x64-vc14-release:timer.obj
 0004:00000ae0       $pdata$pj_timer_heap_schedule_dbg 0000000140016ae0     pjlib-x86_64-x64-vc14-release:timer.obj
 0004:00000aec       $pdata$reheap_down         0000000140016aec     pjlib-x86_64-x64-vc14-release:timer.obj
 0004:00000af8       $pdata$0$reheap_down       0000000140016af8     pjlib-x86_64-x64-vc14-release:timer.obj
 0004:00000b04       $pdata$1$reheap_down       0000000140016b04     pjlib-x86_64-x64-vc14-release:timer.obj
 0004:00000b10       $pdata$reheap_up           0000000140016b10     pjlib-x86_64-x64-vc14-release:timer.obj
 0004:00000b1c       $pdata$0$reheap_up         0000000140016b1c     pjlib-x86_64-x64-vc14-release:timer.obj
 0004:00000b28       $pdata$1$reheap_up         0000000140016b28     pjlib-x86_64-x64-vc14-release:timer.obj
 0004:00000b34       $pdata$remove_node         0000000140016b34     pjlib-x86_64-x64-vc14-release:timer.obj
 0004:00000b40       $pdata$schedule_w_grp_lock_dbg 0000000140016b40     pjlib-x86_64-x64-vc14-release:timer.obj
 0004:00000b4c       $pdata$0$schedule_w_grp_lock_dbg 0000000140016b4c     pjlib-x86_64-x64-vc14-release:timer.obj
 0004:00000b58       $pdata$1$schedule_w_grp_lock_dbg 0000000140016b58     pjlib-x86_64-x64-vc14-release:timer.obj
 0004:00000b64       $pdata$pj_time_val_normalize 0000000140016b64     pjlib-x86_64-x64-vc14-release:types.obj
 0004:00000b70       $pdata$pj_sockaddr_has_addr 0000000140016b70     pjlib-x86_64-x64-vc14-release:sock_common.obj
 0004:00000b7c       $pdata$pj_sockaddr_in_init 0000000140016b7c     pjlib-x86_64-x64-vc14-release:sock_common.obj
 0004:00000b88       $pdata$pj_sockaddr_in_set_str_addr 0000000140016b88     pjlib-x86_64-x64-vc14-release:sock_common.obj
 0004:00000b94       $pdata$pj_sockaddr_init    0000000140016b94     pjlib-x86_64-x64-vc14-release:sock_common.obj
 0004:00000ba0       $pdata$pj_sockaddr_set_str_addr 0000000140016ba0     pjlib-x86_64-x64-vc14-release:sock_common.obj
 0004:00000bac       $pdata$0$pj_sockaddr_set_str_addr 0000000140016bac     pjlib-x86_64-x64-vc14-release:sock_common.obj
 0004:00000bb8       $pdata$1$pj_sockaddr_set_str_addr 0000000140016bb8     pjlib-x86_64-x64-vc14-release:sock_common.obj
 0004:00000bc4       $pdata$pj_inet_aton        0000000140016bc4     pjlib-x86_64-x64-vc14-release:sock_bsd.obj
 0004:00000bd0       $pdata$pj_inet_pton        0000000140016bd0     pjlib-x86_64-x64-vc14-release:sock_bsd.obj
 0004:00000bdc       $pdata$0$pj_inet_pton      0000000140016bdc     pjlib-x86_64-x64-vc14-release:sock_bsd.obj
 0004:00000be8       $pdata$1$pj_inet_pton      0000000140016be8     pjlib-x86_64-x64-vc14-release:sock_bsd.obj
 0004:00000bf4       $pdata$2$pj_inet_pton      0000000140016bf4     pjlib-x86_64-x64-vc14-release:sock_bsd.obj
 0004:00000c00       $pdata$3$pj_inet_pton      0000000140016c00     pjlib-x86_64-x64-vc14-release:sock_bsd.obj
 0004:00000c0c       $pdata$4$pj_inet_pton      0000000140016c0c     pjlib-x86_64-x64-vc14-release:sock_bsd.obj
 0004:00000c18       $pdata$pj_sock_accept      0000000140016c18     pjlib-x86_64-x64-vc14-release:sock_bsd.obj
 0004:00000c24       $pdata$pj_sock_bind        0000000140016c24     pjlib-x86_64-x64-vc14-release:sock_bsd.obj
 0004:00000c30       $pdata$pj_sock_close       0000000140016c30     pjlib-x86_64-x64-vc14-release:sock_bsd.obj
 0004:00000c3c       $pdata$pj_sock_connect     0000000140016c3c     pjlib-x86_64-x64-vc14-release:sock_bsd.obj
 0004:00000c48       $pdata$pj_sock_getsockname 0000000140016c48     pjlib-x86_64-x64-vc14-release:sock_bsd.obj
 0004:00000c54       $pdata$pj_sock_getsockopt  0000000140016c54     pjlib-x86_64-x64-vc14-release:sock_bsd.obj
 0004:00000c60       $pdata$pj_sock_recv        0000000140016c60     pjlib-x86_64-x64-vc14-release:sock_bsd.obj
 0004:00000c6c       $pdata$pj_sock_recvfrom    0000000140016c6c     pjlib-x86_64-x64-vc14-release:sock_bsd.obj
 0004:00000c78       $pdata$pj_sock_send        0000000140016c78     pjlib-x86_64-x64-vc14-release:sock_bsd.obj
 0004:00000c84       $pdata$pj_sock_sendto      0000000140016c84     pjlib-x86_64-x64-vc14-release:sock_bsd.obj
 0004:00000c90       $pdata$pj_sock_socket      0000000140016c90     pjlib-x86_64-x64-vc14-release:sock_bsd.obj
 0004:00000c9c       $pdata$ioqueue_on_accept_complete 0000000140016c9c     pjlib-x86_64-x64-vc14-release:activesock.obj
 0004:00000ca8       $pdata$0$ioqueue_on_accept_complete 0000000140016ca8     pjlib-x86_64-x64-vc14-release:activesock.obj
 0004:00000cb4       $pdata$1$ioqueue_on_accept_complete 0000000140016cb4     pjlib-x86_64-x64-vc14-release:activesock.obj
 0004:00000cc0       $pdata$2$ioqueue_on_accept_complete 0000000140016cc0     pjlib-x86_64-x64-vc14-release:activesock.obj
 0004:00000ccc       $pdata$ioqueue_on_connect_complete 0000000140016ccc     pjlib-x86_64-x64-vc14-release:activesock.obj
 0004:00000cd8       $pdata$ioqueue_on_read_complete 0000000140016cd8     pjlib-x86_64-x64-vc14-release:activesock.obj
 0004:00000ce4       $pdata$ioqueue_on_write_complete 0000000140016ce4     pjlib-x86_64-x64-vc14-release:activesock.obj
 0004:00000cf0       $pdata$0$ioqueue_on_write_complete 0000000140016cf0     pjlib-x86_64-x64-vc14-release:activesock.obj
 0004:00000cfc       $pdata$1$ioqueue_on_write_complete 0000000140016cfc     pjlib-x86_64-x64-vc14-release:activesock.obj
 0004:00000d08       $pdata$pj_activesock_close 0000000140016d08     pjlib-x86_64-x64-vc14-release:activesock.obj
 0004:00000d14       $pdata$1$pj_activesock_close 0000000140016d14     pjlib-x86_64-x64-vc14-release:activesock.obj
 0004:00000d20       $pdata$2$pj_activesock_close 0000000140016d20     pjlib-x86_64-x64-vc14-release:activesock.obj
 0004:00000d2c       $pdata$pj_activesock_create 0000000140016d2c     pjlib-x86_64-x64-vc14-release:activesock.obj
 0004:00000d38       $pdata$0$pj_activesock_create 0000000140016d38     pjlib-x86_64-x64-vc14-release:activesock.obj
 0004:00000d44       $pdata$1$pj_activesock_create 0000000140016d44     pjlib-x86_64-x64-vc14-release:activesock.obj
 0004:00000d50       $pdata$2$pj_activesock_create 0000000140016d50     pjlib-x86_64-x64-vc14-release:activesock.obj
 0004:00000d5c       $pdata$3$pj_activesock_create 0000000140016d5c     pjlib-x86_64-x64-vc14-release:activesock.obj
 0004:00000d68       $pdata$4$pj_activesock_create 0000000140016d68     pjlib-x86_64-x64-vc14-release:activesock.obj
 0004:00000d74       $pdata$5$pj_activesock_create 0000000140016d74     pjlib-x86_64-x64-vc14-release:activesock.obj
 0004:00000d80       $pdata$pj_activesock_send  0000000140016d80     pjlib-x86_64-x64-vc14-release:activesock.obj
 0004:00000d8c       $pdata$1$pj_activesock_send 0000000140016d8c     pjlib-x86_64-x64-vc14-release:activesock.obj
 0004:00000d98       $pdata$3$pj_activesock_send 0000000140016d98     pjlib-x86_64-x64-vc14-release:activesock.obj
 0004:00000da4       $pdata$4$pj_activesock_send 0000000140016da4     pjlib-x86_64-x64-vc14-release:activesock.obj
 0004:00000db0       $pdata$pj_activesock_start_read2 0000000140016db0     pjlib-x86_64-x64-vc14-release:activesock.obj
 0004:00000dbc       $pdata$2$pj_activesock_start_read2 0000000140016dbc     pjlib-x86_64-x64-vc14-release:activesock.obj
 0004:00000dc8       $pdata$4$pj_activesock_start_read2 0000000140016dc8     pjlib-x86_64-x64-vc14-release:activesock.obj
 0004:00000dd4       $pdata$5$pj_activesock_start_read2 0000000140016dd4     pjlib-x86_64-x64-vc14-release:activesock.obj
 0004:00000de0       $pdata$send_remaining      0000000140016de0     pjlib-x86_64-x64-vc14-release:activesock.obj
 0004:00000dec       $pdata$exception_cleanup   0000000140016dec     pjlib-x86_64-x64-vc14-release:except.obj
 0004:00000df8       $pdata$pj_exception_id_alloc 0000000140016df8     pjlib-x86_64-x64-vc14-release:except.obj
 0004:00000e04       $pdata$pj_exception_id_free 0000000140016e04     pjlib-x86_64-x64-vc14-release:except.obj
 0004:00000e10       $pdata$pj_pop_exception_handler_ 0000000140016e10     pjlib-x86_64-x64-vc14-release:except.obj
 0004:00000e1c       $pdata$pj_push_exception_handler_ 0000000140016e1c     pjlib-x86_64-x64-vc14-release:except.obj
 0004:00000e28       $pdata$pj_throw_exception_ 0000000140016e28     pjlib-x86_64-x64-vc14-release:except.obj
 0004:00000e34       $pdata$0$pj_throw_exception_ 0000000140016e34     pjlib-x86_64-x64-vc14-release:except.obj
 0004:00000e40       $pdata$1$pj_throw_exception_ 0000000140016e40     pjlib-x86_64-x64-vc14-release:except.obj
 0004:00000e4c       $pdata$pj_rand             0000000140016e4c     pjlib-x86_64-x64-vc14-release:rand.obj
 0004:00000e58       $pdata$pj_get_timestamp    0000000140016e58     pjlib-x86_64-x64-vc14-release:os_timestamp_win32.obj
 0004:00000e64       $pdata$pj_get_timestamp_freq 0000000140016e64     pjlib-x86_64-x64-vc14-release:os_timestamp_win32.obj
 0004:00000e70       $pdata$pj_generate_unique_string 0000000140016e70     pjlib-x86_64-x64-vc14-release:guid_win32.obj
 0004:00000e7c       $pdata$pj_gettickcount     0000000140016e7c     pjlib-x86_64-x64-vc14-release:os_timestamp_common.obj
 0004:00000e88       $pdata$0$pj_gettickcount   0000000140016e88     pjlib-x86_64-x64-vc14-release:os_timestamp_common.obj
 0004:00000e94       $pdata$1$pj_gettickcount   0000000140016e94     pjlib-x86_64-x64-vc14-release:os_timestamp_common.obj
 0004:00000ea0       $pdata$create_mutex_lock   0000000140016ea0     pjlib-x86_64-x64-vc14-release:lock.obj
 0004:00000eac       $pdata$0$create_mutex_lock 0000000140016eac     pjlib-x86_64-x64-vc14-release:lock.obj
 0004:00000eb8       $pdata$2$create_mutex_lock 0000000140016eb8     pjlib-x86_64-x64-vc14-release:lock.obj
 0004:00000ec4       $pdata$3$create_mutex_lock 0000000140016ec4     pjlib-x86_64-x64-vc14-release:lock.obj
 0004:00000ed0       $pdata$grp_lock_acquire    0000000140016ed0     pjlib-x86_64-x64-vc14-release:lock.obj
 0004:00000edc       $pdata$grp_lock_destroy    0000000140016edc     pjlib-x86_64-x64-vc14-release:lock.obj
 0004:00000ee8       $pdata$0$grp_lock_destroy  0000000140016ee8     pjlib-x86_64-x64-vc14-release:lock.obj
 0004:00000ef4       $pdata$2$grp_lock_destroy  0000000140016ef4     pjlib-x86_64-x64-vc14-release:lock.obj
 0004:00000f00       $pdata$3$grp_lock_destroy  0000000140016f00     pjlib-x86_64-x64-vc14-release:lock.obj
 0004:00000f0c       $pdata$4$grp_lock_destroy  0000000140016f0c     pjlib-x86_64-x64-vc14-release:lock.obj
 0004:00000f18       $pdata$grp_lock_release    0000000140016f18     pjlib-x86_64-x64-vc14-release:lock.obj
 0004:00000f24       $pdata$grp_lock_tryacquire 0000000140016f24     pjlib-x86_64-x64-vc14-release:lock.obj
 0004:00000f30       $pdata$pj_grp_lock_add_ref 0000000140016f30     pjlib-x86_64-x64-vc14-release:lock.obj
 0004:00000f3c       $pdata$pj_grp_lock_dec_ref 0000000140016f3c     pjlib-x86_64-x64-vc14-release:lock.obj
 0004:00000f48       $pdata$PJ_FD_CLR           0000000140016f48     pjlib-x86_64-x64-vc14-release:sock_select.obj
 0004:00000f54       $pdata$PJ_FD_ISSET         0000000140016f54     pjlib-x86_64-x64-vc14-release:sock_select.obj
 0004:00000f60       $pdata$PJ_FD_SET           0000000140016f60     pjlib-x86_64-x64-vc14-release:sock_select.obj
 0004:00000f6c       $pdata$PJ_FD_ZERO          0000000140016f6c     pjlib-x86_64-x64-vc14-release:sock_select.obj
 0004:00000f78       $pdata$pj_sock_select      0000000140016f78     pjlib-x86_64-x64-vc14-release:sock_select.obj
 0004:00000f84       $pdata$pj_get_netos_error  0000000140016f84     pjlib-x86_64-x64-vc14-release:os_error_win32.obj
 0004:00000f90       $pdata$platform_strerror   0000000140016f90     pjlib-x86_64-x64-vc14-release:os_error_win32.obj
 0004:00000f9c       $pdata$pj_log_write        0000000140016f9c     pjlib-x86_64-x64-vc14-release:log_writer_stdout.obj
 0004:00000fa8       $pdata$printf              0000000140016fa8     pjlib-x86_64-x64-vc14-release:log_writer_stdout.obj
 0004:00000fb4       $pdata$get_base_time       0000000140016fb4     pjlib-x86_64-x64-vc14-release:os_time_win32.obj
 0004:00000fc0       $pdata$pj_gettimeofday     0000000140016fc0     pjlib-x86_64-x64-vc14-release:os_time_win32.obj
 0004:00000fcc       $pdata$pj_time_decode      0000000140016fcc     pjlib-x86_64-x64-vc14-release:os_time_win32.obj
 0004:00000fd8       $pdata$pj_pool_create_on_buf 0000000140016fd8     pjlib-x86_64-x64-vc14-release:pool_buf.obj
 0004:00000fe4       $pdata$pool_buf_cleanup    0000000140016fe4     pjlib-x86_64-x64-vc14-release:pool_buf.obj
 0004:00000ff0       $pdata$stack_alloc         0000000140016ff0     pjlib-x86_64-x64-vc14-release:pool_buf.obj
 0004:00000ffc       $pdata$default_block_alloc 0000000140016ffc     pjlib-x86_64-x64-vc14-release:pool_policy_malloc.obj
 0004:00001008       $pdata$default_block_free  0000000140017008     pjlib-x86_64-x64-vc14-release:pool_policy_malloc.obj
 0004:00001014       $pdata$default_pool_callback 0000000140017014     pjlib-x86_64-x64-vc14-release:pool_policy_malloc.obj
 0004:00001020       $pdata$pj_getaddrinfo      0000000140017020     pjlib-x86_64-x64-vc14-release:addr_resolv_sock.obj
 0004:0000102c       $pdata$0$pj_getaddrinfo    000000014001702c     pjlib-x86_64-x64-vc14-release:addr_resolv_sock.obj
 0004:00001038       $pdata$5$pj_getaddrinfo    0000000140017038     pjlib-x86_64-x64-vc14-release:addr_resolv_sock.obj
 0004:00001044       $pdata$7$pj_getaddrinfo    0000000140017044     pjlib-x86_64-x64-vc14-release:addr_resolv_sock.obj
 0004:00001050       $pdata$8$pj_getaddrinfo    0000000140017050     pjlib-x86_64-x64-vc14-release:addr_resolv_sock.obj
 0004:0000105c       $pdata$9$pj_getaddrinfo    000000014001705c     pjlib-x86_64-x64-vc14-release:addr_resolv_sock.obj
 0004:00001068       $pdata$pj_gethostbyname    0000000140017068     pjlib-x86_64-x64-vc14-release:addr_resolv_sock.obj
 0004:00001074       $pdata$__GSHandlerCheck    0000000140017074     MSVCRT:_gshandler_.obj
 0004:00001080       $pdata$__GSHandlerCheckCommon 0000000140017080     MSVCRT:_gshandler_.obj
 0004:00001098       $pdata$?pre_c_initialization@@YAHXZ 0000000140017098     MSVCRT:exe_main.obj
 0004:000010a4       $pdata$?post_pgo_initialization@@YAHXZ 00000001400170a4     MSVCRT:exe_main.obj
 0004:000010b0       $pdata$?pre_cpp_initialization@@YAXXZ 00000001400170b0     MSVCRT:exe_main.obj
 0004:000010bc       $pdata$?__scrt_common_main_seh@@YAHXZ 00000001400170bc     MSVCRT:exe_main.obj
 0004:000010c8       $pdata$mainCRTStartup      00000001400170c8     MSVCRT:exe_main.obj
 0004:000010d4       $pdata$__raise_securityfailure 00000001400170d4     MSVCRT:gs_report.obj
 0004:000010e0       $pdata$__report_gsfailure  00000001400170e0     MSVCRT:gs_report.obj
 0004:000010ec       $pdata$__report_rangecheckfailure 00000001400170ec     MSVCRT:gs_report.obj
 0004:000010f8       $pdata$__report_securityfailure 00000001400170f8     MSVCRT:gs_report.obj
 0004:00001104       $pdata$capture_current_context 0000000140017104     MSVCRT:gs_report.obj
 0004:00001110       $pdata$capture_previous_context 0000000140017110     MSVCRT:gs_report.obj
 0004:00001128       $pdata$__scrt_acquire_startup_lock 0000000140017128     MSVCRT:utility.obj
 0004:00001134       $pdata$__scrt_initialize_crt 0000000140017134     MSVCRT:utility.obj
 0004:00001140       $pdata$__scrt_initialize_onexit_tables 0000000140017140     MSVCRT:utility.obj
 0004:0000114c       $pdata$__scrt_is_nonwritable_in_current_image 000000014001714c     MSVCRT:utility.obj
 0004:00001158       $pdata$__scrt_release_startup_lock 0000000140017158     MSVCRT:utility.obj
 0004:00001164       $pdata$__scrt_uninitialize_crt 0000000140017164     MSVCRT:utility.obj
 0004:00001170       $pdata$_onexit             0000000140017170     MSVCRT:utility.obj
 0004:0000117c       $pdata$atexit              000000014001717c     MSVCRT:utility.obj
 0004:00001188       $pdata$__security_init_cookie 0000000140017188     MSVCRT:gs_support.obj
 0004:00001194       $pdata$__scrt_initialize_default_local_stdio_options 0000000140017194     MSVCRT:default_local_stdio_options.obj
 0004:000011a0       $pdata$__scrt_fastfail     00000001400171a0     MSVCRT:utility_desktop.obj
 0004:000011ac       $pdata$__scrt_is_managed_app 00000001400171ac     MSVCRT:utility_desktop.obj
 0004:000011b8       $pdata$__scrt_unhandled_exception_filter 00000001400171b8     MSVCRT:utility_desktop.obj
 0004:000011c4       $pdata$_RTC_Initialize     00000001400171c4     MSVCRT:_initsect_.obj
 0004:000011d0       $pdata$_RTC_Terminate      00000001400171d0     MSVCRT:_initsect_.obj
 0004:000011dc       $pdata$__isa_available_init 00000001400171dc     MSVCRT:_cpu_disp_.obj
 0004:000011f4       $pdata$?filt$0@?0??__scrt_common_main_seh@@YAHXZ@4HA 00000001400171f4     MSVCRT:exe_main.obj
 0004:00001200       $pdata$__scrt_is_nonwritable_in_current_image$filt$0 0000000140017200     MSVCRT:utility.obj
 0005:00000000       __guard_fids__             0000000140018000     MSVCRT:exe_main.obj
 0005:00000004       __guard_fids__             0000000140018004     MSVCRT:exe_main.obj
 0005:00000008       __guard_fids__             0000000140018008     MSVCRT:exe_main.obj
 0005:0000000c       __guard_fids_?pre_c_initialization@@YAHXZ 000000014001800c     MSVCRT:exe_main.obj
 0005:00000014       __guard_fids___scrt_set_unhandled_exception_filter 0000000140018014     MSVCRT:utility_desktop.obj
 0005:00000018       __guard_fids__             0000000140018018     MSVCRT:guard_support.obj
