 httpdemo

 Timestamp is 60aeb6d8 (Wed May 26 23:00:08 2021)

 Preferred load address is 0000000140000000

 Start         Length     Name                   Class
 0001:00000000 0000d970H .text$mn                CODE
 0001:0000d970 00000036H .text$mn$00             CODE
 0001:0000d9a6 00000036H .text$x                 CODE
 0002:00000000 000003e8H .idata$5                DATA
 0002:000003e8 00000028H .00cfg                  DATA
 0002:00000410 00000008H .CRT$XCA                DATA
 0002:00000418 00000008H .CRT$XCAA               DATA
 0002:00000420 00000008H .CRT$XCZ                DATA
 0002:00000428 00000008H .CRT$XIA                DATA
 0002:00000430 00000008H .CRT$XIAA               DATA
 0002:00000438 00000008H .CRT$XIAC               DATA
 0002:00000440 00000008H .CRT$XIZ                DATA
 0002:00000448 00000008H .CRT$XPA                DATA
 0002:00000450 00000008H .CRT$XPZ                DATA
 0002:00000458 00000008H .CRT$XTA                DATA
 0002:00000460 00000010H .CRT$XTZ                DATA
 0002:00000468 00000000H .gehcont$y              DATA
 0002:00000468 00000000H .gfids$y                DATA
 0002:00000470 00003510H .rdata                  DATA
 0002:00003980 00000000H .rdata$CastGuardVftablesA DATA
 0002:00003980 00000000H .rdata$CastGuardVftablesC DATA
 0002:00003980 00000078H .rdata$voltmd           DATA
 0002:000039f8 00000260H .rdata$zzzdbg           DATA
 0002:00003c58 00000008H .rtc$IAA                DATA
 0002:00003c60 00000008H .rtc$IZZ                DATA
 0002:00003c68 00000008H .rtc$TAA                DATA
 0002:00003c70 00000008H .rtc$TZZ                DATA
 0002:00003c78 0000121cH .xdata                  DATA
 0002:00004e94 00000000H .edata                  DATA
 0002:00004e94 000000dcH .idata$2                DATA
 0002:00004f70 00000018H .idata$3                DATA
 0002:00004f88 000003e8H .idata$4                DATA
 0002:00005370 00000798H .idata$6                DATA
 0003:00000000 00000380H .data                   DATA
 0003:00000380 00000b20H .bss                    DATA
 0004:00000000 000010f8H .pdata                  DATA

  Address         Publics by Value              Rva+Base               Lib:Object

 0000:00000000       __guard_iat_table          0000000000000000     <absolute>
 0000:00000000       __x64_code_ranges_to_entry_points 0000000000000000     <absolute>
 0000:00000000       __guard_iat_count          0000000000000000     <absolute>
 0000:00000000       __guard_fids_count         0000000000000000     <absolute>
 0000:00000000       __guard_longjmp_count      0000000000000000     <absolute>
 0000:00000000       __guard_longjmp_table      0000000000000000     <absolute>
 0000:00000000       __dynamic_value_reloc_table 0000000000000000     <absolute>
 0000:00000000       __arm64x_extra_rfe_table   0000000000000000     <absolute>
 0000:00000000       __hybrid_auxiliary_iat     0000000000000000     <absolute>
 0000:00000000       __hybrid_auxiliary_iat_copy 0000000000000000     <absolute>
 0000:00000000       __x64_code_ranges_to_entry_points_count 0000000000000000     <absolute>
 0000:00000000       __arm64x_redirection_metadata 0000000000000000     <absolute>
 0000:00000000       __hybrid_code_map          0000000000000000     <absolute>
 0000:00000000       __AbsoluteZero             0000000000000000     <absolute>
 0000:00000000       __guard_check_icall_a64n_fptr 0000000000000000     <absolute>
 0000:00000000       __arm64x_extra_rfe_table_size 0000000000000000     <absolute>
 0000:00000000       ___safe_se_handler_table   0000000000000000     <absolute>
 0000:00000000       __guard_fids_table         0000000000000000     <absolute>
 0000:00000000       ___safe_se_handler_count   0000000000000000     <absolute>
 0000:00000000       __arm64x_redirection_metadata_count 0000000000000000     <absolute>
 0000:00000000       __enclave_config           0000000000000000     <absolute>
 0000:00000000       __guard_eh_cont_table      0000000000000000     <absolute>
 0000:00000000       __arm64x_native_entrypoint 0000000000000000     <absolute>
 0000:00000000       __guard_eh_cont_count      0000000000000000     <absolute>
 0000:00000000       __hybrid_code_map_count    0000000000000000     <absolute>
 0000:00000100       __guard_flags              0000000000000100     <absolute>
 0000:00000000       __ImageBase                0000000140000000     <linker-defined>
 0001:000001b0       getURL                     00000001400011b0 f   httpdemo.obj
 0001:00000380       main                       0000000140001380 f   httpdemo.obj
 0001:00000620       __local_stdio_printf_options 0000000140001620 f i pjlib-util-x86_64-x64-vc14-release:errno.obj
 0001:00000630       _snprintf                  0000000140001630 f i pjlib-util-x86_64-x64-vc14-release:errno.obj
 0001:00000690       pjlib_util_init            0000000140001690 f   pjlib-util-x86_64-x64-vc14-release:errno.obj
 0001:000006b0       pjlib_util_strerror        00000001400016b0 f   pjlib-util-x86_64-x64-vc14-release:errno.obj
 0001:00002450       pj_http_req_cancel         0000000140003450 f   pjlib-util-x86_64-x64-vc14-release:http_client.obj
 0001:000024f0       pj_http_req_create         00000001400034f0 f   pjlib-util-x86_64-x64-vc14-release:http_client.obj
 0001:00002920       pj_http_req_destroy        0000000140003920 f   pjlib-util-x86_64-x64-vc14-release:http_client.obj
 0001:000029b0       pj_http_req_is_running     00000001400039b0 f   pjlib-util-x86_64-x64-vc14-release:http_client.obj
 0001:000029d0       pj_http_req_parse_url      00000001400039d0 f   pjlib-util-x86_64-x64-vc14-release:http_client.obj
 0001:00002d30       pj_http_req_start          0000000140003d30 f   pjlib-util-x86_64-x64-vc14-release:http_client.obj
 0001:000033b0       pj_base64_encode           00000001400043b0 f   pjlib-util-x86_64-x64-vc14-release:base64.obj
 0001:00003d20       pj_md5_final               0000000140004d20 f   pjlib-util-x86_64-x64-vc14-release:md5.obj
 0001:00003de0       pj_md5_init                0000000140004de0 f   pjlib-util-x86_64-x64-vc14-release:md5.obj
 0001:00003e10       pj_md5_update              0000000140004e10 f   pjlib-util-x86_64-x64-vc14-release:md5.obj
 0001:00003f10       pj_scan_advance_n          0000000140004f10 f   pjlib-util-x86_64-x64-vc14-release:scanner.obj
 0001:00003f40       pj_scan_fini               0000000140004f40 f   pjlib-util-x86_64-x64-vc14-release:scanner.obj
 0001:00003f60       pj_scan_get_char           0000000140004f60 f   pjlib-util-x86_64-x64-vc14-release:scanner.obj
 0001:00003fb0       pj_scan_get_quote          0000000140004fb0 f   pjlib-util-x86_64-x64-vc14-release:scanner.obj
 0001:00004080       pj_scan_get_until_ch       0000000140005080 f   pjlib-util-x86_64-x64-vc14-release:scanner.obj
 0001:000040d0       pj_scan_get_until_chr      00000001400050d0 f   pjlib-util-x86_64-x64-vc14-release:scanner.obj
 0001:00004180       pj_scan_init               0000000140005180 f   pjlib-util-x86_64-x64-vc14-release:scanner.obj
 0001:00004200       pj_scan_skip_whitespace    0000000140005200 f   pjlib-util-x86_64-x64-vc14-release:scanner.obj
 0001:000042e0       pj_scan_strcmp             00000001400052e0 f   pjlib-util-x86_64-x64-vc14-release:scanner.obj
 0001:00004320       pj_str_unescape            0000000140005320 f   pjlib-util-x86_64-x64-vc14-release:string.obj
 0001:00004500       pj_atexit                  0000000140005500 f   pjlib-x86_64-x64-vc14-release:os_core_win32.obj
 0001:00004530       pj_atomic_dec_and_get      0000000140005530 f   pjlib-x86_64-x64-vc14-release:os_core_win32.obj
 0001:000045a0       pj_atomic_destroy          00000001400055a0 f   pjlib-x86_64-x64-vc14-release:os_core_win32.obj
 0001:000045b0       pj_atomic_inc              00000001400055b0 f   pjlib-x86_64-x64-vc14-release:os_core_win32.obj
 0001:00004610       pj_enter_critical_section  0000000140005610 f   pjlib-x86_64-x64-vc14-release:os_core_win32.obj
 0001:00004680       pj_init                    0000000140005680 f   pjlib-x86_64-x64-vc14-release:os_core_win32.obj
 0001:000049b0       pj_leave_critical_section  00000001400059b0 f   pjlib-x86_64-x64-vc14-release:os_core_win32.obj
 0001:00004a20       pj_mutex_create            0000000140005a20 f   pjlib-x86_64-x64-vc14-release:os_core_win32.obj
 0001:00004aa0       pj_mutex_create_simple     0000000140005aa0 f   pjlib-x86_64-x64-vc14-release:os_core_win32.obj
 0001:00004b20       pj_mutex_destroy           0000000140005b20 f   pjlib-x86_64-x64-vc14-release:os_core_win32.obj
 0001:00004ba0       pj_mutex_lock              0000000140005ba0 f   pjlib-x86_64-x64-vc14-release:os_core_win32.obj
 0001:00004c20       pj_mutex_trylock           0000000140005c20 f   pjlib-x86_64-x64-vc14-release:os_core_win32.obj
 0001:00004cb0       pj_mutex_unlock            0000000140005cb0 f   pjlib-x86_64-x64-vc14-release:os_core_win32.obj
 0001:00004d30       pj_sem_destroy             0000000140005d30 f   pjlib-x86_64-x64-vc14-release:os_core_win32.obj
 0001:00004de0       pj_sem_post                0000000140005de0 f   pjlib-x86_64-x64-vc14-release:os_core_win32.obj
 0001:00004ea0       pj_sem_trywait             0000000140005ea0 f   pjlib-x86_64-x64-vc14-release:os_core_win32.obj
 0001:00004f20       pj_sem_wait                0000000140005f20 f   pjlib-x86_64-x64-vc14-release:os_core_win32.obj
 0001:00005090       pj_shutdown                0000000140006090 f   pjlib-x86_64-x64-vc14-release:os_core_win32.obj
 0001:00005210       pj_term_set_color          0000000140006210 f   pjlib-x86_64-x64-vc14-release:os_core_win32.obj
 0001:00005300       pj_thread_check_stack      0000000140006300 f   pjlib-x86_64-x64-vc14-release:os_core_win32.obj
 0001:00005360       pj_thread_get_name         0000000140006360 f   pjlib-x86_64-x64-vc14-release:os_core_win32.obj
 0001:000053d0       pj_thread_local_alloc      00000001400063d0 f   pjlib-x86_64-x64-vc14-release:os_core_win32.obj
 0001:00005440       pj_thread_local_free       0000000140006440 f   pjlib-x86_64-x64-vc14-release:os_core_win32.obj
 0001:000054a0       pj_thread_local_get        00000001400064a0 f   pjlib-x86_64-x64-vc14-release:os_core_win32.obj
 0001:000054b0       pj_thread_local_set        00000001400064b0 f   pjlib-x86_64-x64-vc14-release:os_core_win32.obj
 0001:00005500       pj_thread_sleep            0000000140006500 f   pjlib-x86_64-x64-vc14-release:os_core_win32.obj
 0001:00005570       pj_thread_this             0000000140006570 f   pjlib-x86_64-x64-vc14-release:os_core_win32.obj
 0001:00005630       ioqueue_dispatch_exception_event 0000000140006630 f   pjlib-x86_64-x64-vc14-release:ioqueue_select.obj
 0001:00005790       ioqueue_dispatch_read_event 0000000140006790 f   pjlib-x86_64-x64-vc14-release:ioqueue_select.obj
 0001:00005a00       ioqueue_dispatch_write_event 0000000140006a00 f   pjlib-x86_64-x64-vc14-release:ioqueue_select.obj
 0001:00005d00       pj_ioqueue_accept          0000000140006d00 f   pjlib-x86_64-x64-vc14-release:ioqueue_select.obj
 0001:00005ec0       pj_ioqueue_connect         0000000140006ec0 f   pjlib-x86_64-x64-vc14-release:ioqueue_select.obj
 0001:00006000       pj_ioqueue_create          0000000140007000 f   pjlib-x86_64-x64-vc14-release:ioqueue_select.obj
 0001:000061e0       pj_ioqueue_destroy         00000001400071e0 f   pjlib-x86_64-x64-vc14-release:ioqueue_select.obj
 0001:000062c0       pj_ioqueue_get_user_data   00000001400072c0 f   pjlib-x86_64-x64-vc14-release:ioqueue_select.obj
 0001:000062d0       pj_ioqueue_lock_key        00000001400072d0 f   pjlib-x86_64-x64-vc14-release:ioqueue_select.obj
 0001:000062f0       pj_ioqueue_op_key_init     00000001400072f0 f   pjlib-x86_64-x64-vc14-release:ioqueue_select.obj
 0001:00006300       pj_ioqueue_poll            0000000140007300 f   pjlib-x86_64-x64-vc14-release:ioqueue_select.obj
 0001:00006820       pj_ioqueue_recv            0000000140007820 f   pjlib-x86_64-x64-vc14-release:ioqueue_select.obj
 0001:000069b0       pj_ioqueue_recvfrom        00000001400079b0 f   pjlib-x86_64-x64-vc14-release:ioqueue_select.obj
 0001:00006b70       pj_ioqueue_register_sock2  0000000140007b70 f   pjlib-x86_64-x64-vc14-release:ioqueue_select.obj
 0001:00006d60       pj_ioqueue_send            0000000140007d60 f   pjlib-x86_64-x64-vc14-release:ioqueue_select.obj
 0001:00006f20       pj_ioqueue_set_concurrency 0000000140007f20 f   pjlib-x86_64-x64-vc14-release:ioqueue_select.obj
 0001:00006f40       pj_ioqueue_unlock_key      0000000140007f40 f   pjlib-x86_64-x64-vc14-release:ioqueue_select.obj
 0001:00006f60       pj_ioqueue_unregister      0000000140007f60 f   pjlib-x86_64-x64-vc14-release:ioqueue_select.obj
 0001:00007160       pj_errno_clear_handlers    0000000140008160 f   pjlib-x86_64-x64-vc14-release:errno.obj
 0001:00007180       pj_perror_1                0000000140008180 f   pjlib-x86_64-x64-vc14-release:errno.obj
 0001:000072a0       pj_register_strerror       00000001400082a0 f   pjlib-x86_64-x64-vc14-release:errno.obj
 0001:00007390       pj_strerror                0000000140008390 f   pjlib-x86_64-x64-vc14-release:errno.obj
 0001:00007560       pj_log                     0000000140008560 f   pjlib-x86_64-x64-vc14-release:log.obj
 0001:00007ba0       pj_log_1                   0000000140008ba0 f   pjlib-x86_64-x64-vc14-release:log.obj
 0001:00007bd0       pj_log_3                   0000000140008bd0 f   pjlib-x86_64-x64-vc14-release:log.obj
 0001:00007c00       pj_log_4                   0000000140008c00 f   pjlib-x86_64-x64-vc14-release:log.obj
 0001:00007c30       pj_log_5                   0000000140008c30 f   pjlib-x86_64-x64-vc14-release:log.obj
 0001:00007c60       pj_log_get_color           0000000140008c60 f   pjlib-x86_64-x64-vc14-release:log.obj
 0001:00007cd0       pj_log_get_decor           0000000140008cd0 f   pjlib-x86_64-x64-vc14-release:log.obj
 0001:00007ce0       pj_log_get_level           0000000140008ce0 f   pjlib-x86_64-x64-vc14-release:log.obj
 0001:00007cf0       pj_log_init                0000000140008cf0 f   pjlib-x86_64-x64-vc14-release:log.obj
 0001:00007d60       pj_log_set_level           0000000140008d60 f   pjlib-x86_64-x64-vc14-release:log.obj
 0001:00007d70       pj_str                     0000000140008d70 f   pjlib-x86_64-x64-vc14-release:string.obj
 0001:00007da0       pj_strassign               0000000140008da0 f   pjlib-x86_64-x64-vc14-release:string.obj
 0001:00007dc0       pj_strcat                  0000000140008dc0 f   pjlib-x86_64-x64-vc14-release:string.obj
 0001:00007e00       pj_strcat2                 0000000140008e00 f   pjlib-x86_64-x64-vc14-release:string.obj
 0001:00007e50       pj_strcmp2                 0000000140008e50 f   pjlib-x86_64-x64-vc14-release:string.obj
 0001:00007f00       pj_strcpy                  0000000140008f00 f   pjlib-x86_64-x64-vc14-release:string.obj
 0001:00007f30       pj_strcpy2                 0000000140008f30 f   pjlib-x86_64-x64-vc14-release:string.obj
 0001:00007f80       pj_strdup                  0000000140008f80 f   pjlib-x86_64-x64-vc14-release:string.obj
 0001:00007fd0       pj_strdup2                 0000000140008fd0 f   pjlib-x86_64-x64-vc14-release:string.obj
 0001:00008040       pj_strdup_with_null        0000000140009040 f   pjlib-x86_64-x64-vc14-release:string.obj
 0001:000080a0       pj_stricmp                 00000001400090a0 f   pjlib-x86_64-x64-vc14-release:string.obj
 0001:00008130       pj_stricmp2                0000000140009130 f   pjlib-x86_64-x64-vc14-release:string.obj
 0001:000081e0       pj_strncpy_with_null       00000001400091e0 f   pjlib-x86_64-x64-vc14-release:string.obj
 0001:00008230       pj_strtoul                 0000000140009230 f   pjlib-x86_64-x64-vc14-release:string.obj
 0001:000082d0       pj_utoa                    00000001400092d0 f   pjlib-x86_64-x64-vc14-release:string.obj
 0001:00008370       pj_utoa_pad                0000000140009370 f   pjlib-x86_64-x64-vc14-release:string.obj
 0001:00008440       pj_pool_alloc              0000000140009440 f   pjlib-x86_64-x64-vc14-release:pool.obj
 0001:00008600       pj_pool_calloc             0000000140009600 f   pjlib-x86_64-x64-vc14-release:pool.obj
 0001:00008640       pj_pool_create             0000000140009640 f   pjlib-x86_64-x64-vc14-release:pool.obj
 0001:00008650       pj_pool_create_int         0000000140009650 f   pjlib-x86_64-x64-vc14-release:pool.obj
 0001:000087b0       pj_pool_destroy_int        00000001400097b0 f   pjlib-x86_64-x64-vc14-release:pool.obj
 0001:000087f0       pj_pool_get_capacity       00000001400097f0 f   pjlib-x86_64-x64-vc14-release:pool.obj
 0001:00008800       pj_pool_get_used_size      0000000140009800 f   pjlib-x86_64-x64-vc14-release:pool.obj
 0001:00008840       pj_pool_getobjname         0000000140009840 f   pjlib-x86_64-x64-vc14-release:pool.obj
 0001:00008850       pj_pool_init_int           0000000140009850 f   pjlib-x86_64-x64-vc14-release:pool.obj
 0001:000088f0       pj_pool_release            00000001400098f0 f   pjlib-x86_64-x64-vc14-release:pool.obj
 0001:00008910       pj_pool_reset              0000000140009910 f   pjlib-x86_64-x64-vc14-release:pool.obj
 0001:00008e20       pj_caching_pool_destroy    0000000140009e20 f   pjlib-x86_64-x64-vc14-release:pool_caching.obj
 0001:00008f30       pj_caching_pool_init       0000000140009f30 f   pjlib-x86_64-x64-vc14-release:pool_caching.obj
 0001:000092d0       pj_timer_entry_init        000000014000a2d0 f   pjlib-x86_64-x64-vc14-release:timer.obj
 0001:000092f0       pj_timer_heap_cancel       000000014000a2f0 f   pjlib-x86_64-x64-vc14-release:timer.obj
 0001:000093d0       pj_timer_heap_create       000000014000a3d0 f   pjlib-x86_64-x64-vc14-release:timer.obj
 0001:000094f0       pj_timer_heap_destroy      000000014000a4f0 f   pjlib-x86_64-x64-vc14-release:timer.obj
 0001:00009520       pj_timer_heap_poll         000000014000a520 f   pjlib-x86_64-x64-vc14-release:timer.obj
 0001:00009760       pj_timer_heap_schedule_dbg 000000014000a760 f   pjlib-x86_64-x64-vc14-release:timer.obj
 0001:00009ba0       pj_time_val_normalize      000000014000aba0 f   pjlib-x86_64-x64-vc14-release:types.obj
 0001:00009c50       pj_sockaddr_get_len        000000014000ac50 f   pjlib-x86_64-x64-vc14-release:sock_common.obj
 0001:00009c80       pj_sockaddr_has_addr       000000014000ac80 f   pjlib-x86_64-x64-vc14-release:sock_common.obj
 0001:00009d20       pj_sockaddr_in_init        000000014000ad20 f   pjlib-x86_64-x64-vc14-release:sock_common.obj
 0001:00009d90       pj_sockaddr_in_set_str_addr 000000014000ad90 f   pjlib-x86_64-x64-vc14-release:sock_common.obj
 0001:00009e70       pj_sockaddr_init           000000014000ae70 f   pjlib-x86_64-x64-vc14-release:sock_common.obj
 0001:00009ff0       pj_htons                   000000014000aff0 f   pjlib-x86_64-x64-vc14-release:sock_bsd.obj
 0001:0000a000       pj_inet_aton               000000014000b000 f   pjlib-x86_64-x64-vc14-release:sock_bsd.obj
 0001:0000a090       pj_inet_pton               000000014000b090 f   pjlib-x86_64-x64-vc14-release:sock_bsd.obj
 0001:0000a1d0       pj_ntohl                   000000014000b1d0 f   pjlib-x86_64-x64-vc14-release:sock_bsd.obj
 0001:0000a1e0       pj_ntohs                   000000014000b1e0 f   pjlib-x86_64-x64-vc14-release:sock_bsd.obj
 0001:0000a1f0       pj_sock_accept             000000014000b1f0 f   pjlib-x86_64-x64-vc14-release:sock_bsd.obj
 0001:0000a290       pj_sock_bind               000000014000b290 f   pjlib-x86_64-x64-vc14-release:sock_bsd.obj
 0001:0000a350       pj_sock_close              000000014000b350 f   pjlib-x86_64-x64-vc14-release:sock_bsd.obj
 0001:0000a3b0       pj_sock_connect            000000014000b3b0 f   pjlib-x86_64-x64-vc14-release:sock_bsd.obj
 0001:0000a450       pj_sock_getsockname        000000014000b450 f   pjlib-x86_64-x64-vc14-release:sock_bsd.obj
 0001:0000a4f0       pj_sock_getsockopt         000000014000b4f0 f   pjlib-x86_64-x64-vc14-release:sock_bsd.obj
 0001:0000a5a0       pj_sock_recv               000000014000b5a0 f   pjlib-x86_64-x64-vc14-release:sock_bsd.obj
 0001:0000a640       pj_sock_recvfrom           000000014000b640 f   pjlib-x86_64-x64-vc14-release:sock_bsd.obj
 0001:0000a700       pj_sock_send               000000014000b700 f   pjlib-x86_64-x64-vc14-release:sock_bsd.obj
 0001:0000a7a0       pj_sock_sendto             000000014000b7a0 f   pjlib-x86_64-x64-vc14-release:sock_bsd.obj
 0001:0000a850       pj_sock_socket             000000014000b850 f   pjlib-x86_64-x64-vc14-release:sock_bsd.obj
 0001:0000ae20       pj_activesock_close        000000014000be20 f   pjlib-x86_64-x64-vc14-release:activesock.obj
 0001:0000ae90       pj_activesock_create       000000014000be90 f   pjlib-x86_64-x64-vc14-release:activesock.obj
 0001:0000b080       pj_activesock_get_user_data 000000014000c080 f   pjlib-x86_64-x64-vc14-release:activesock.obj
 0001:0000b090       pj_activesock_send         000000014000c090 f   pjlib-x86_64-x64-vc14-release:activesock.obj
 0001:0000b190       pj_activesock_start_connect 000000014000c190 f   pjlib-x86_64-x64-vc14-release:activesock.obj
 0001:0000b1b0       pj_activesock_start_read2  000000014000c1b0 f   pjlib-x86_64-x64-vc14-release:activesock.obj
 0001:0000b3f0       pj_exception_id_alloc      000000014000c3f0 f   pjlib-x86_64-x64-vc14-release:except.obj
 0001:0000b460       pj_exception_id_free       000000014000c460 f   pjlib-x86_64-x64-vc14-release:except.obj
 0001:0000b4a0       pj_exception_id_name       000000014000c4a0 f   pjlib-x86_64-x64-vc14-release:except.obj
 0001:0000b4f0       pj_pop_exception_handler_  000000014000c4f0 f   pjlib-x86_64-x64-vc14-release:except.obj
 0001:0000b530       pj_push_exception_handler_ 000000014000c530 f   pjlib-x86_64-x64-vc14-release:except.obj
 0001:0000b590       pj_throw_exception_        000000014000c590 f   pjlib-x86_64-x64-vc14-release:except.obj
 0001:0000b5f0       pj_rand                    000000014000c5f0 f   pjlib-x86_64-x64-vc14-release:rand.obj
 0001:0000b630       pj_get_timestamp           000000014000c630 f   pjlib-x86_64-x64-vc14-release:os_timestamp_win32.obj
 0001:0000b690       pj_get_timestamp_freq      000000014000c690 f   pjlib-x86_64-x64-vc14-release:os_timestamp_win32.obj
 0001:0000b900       pj_generate_unique_string  000000014000c900 f   pjlib-x86_64-x64-vc14-release:guid_win32.obj
 0001:0000b960       pj_gettickcount            000000014000c960 f   pjlib-x86_64-x64-vc14-release:os_timestamp_common.obj
 0001:0000ba20       _get_startup_commit_mode   000000014000ca20 f   MSVCRT:commit_mode.obj
 0001:0000ba20       _get_startup_new_mode      000000014000ca20 f   MSVCRT:new_mode.obj
 0001:0000ba20       _matherr                   000000014000ca20 f   MSVCRT:matherr.obj
 0001:0000ba20       __scrt_exe_initialize_mta  000000014000ca20 f   MSVCRT:utility_desktop.obj
 0001:0000ba20       __scrt_stub_for_initialize_mta 000000014000ca20 f   MSVCRT:utility_desktop.obj
 0001:0000ba20       _get_startup_thread_locale_mode 000000014000ca20 f   MSVCRT:thread_locale.obj
 0001:0000ba20       __scrt_initialize_winrt    000000014000ca20 f   MSVCRT:utility_desktop.obj
 0001:0000bcd0       pj_grp_lock_acquire        000000014000ccd0 f   pjlib-x86_64-x64-vc14-release:lock.obj
 0001:0000bce0       pj_grp_lock_add_ref        000000014000cce0 f   pjlib-x86_64-x64-vc14-release:lock.obj
 0001:0000bd00       pj_grp_lock_dec_ref        000000014000cd00 f   pjlib-x86_64-x64-vc14-release:lock.obj
 0001:0000bd40       pj_grp_lock_release        000000014000cd40 f   pjlib-x86_64-x64-vc14-release:lock.obj
 0001:0000bd50       pj_grp_lock_tryacquire     000000014000cd50 f   pjlib-x86_64-x64-vc14-release:lock.obj
 0001:0000bd60       pj_lock_acquire            000000014000cd60 f   pjlib-x86_64-x64-vc14-release:lock.obj
 0001:0000bd80       pj_lock_create_null_mutex  000000014000cd80 f   pjlib-x86_64-x64-vc14-release:lock.obj
 0001:0000bda0       pj_lock_create_recursive_mutex 000000014000cda0 f   pjlib-x86_64-x64-vc14-release:lock.obj
 0001:0000be60       pj_lock_create_simple_mutex 000000014000ce60 f   pjlib-x86_64-x64-vc14-release:lock.obj
 0001:0000bf20       pj_lock_destroy            000000014000cf20 f   pjlib-x86_64-x64-vc14-release:lock.obj
 0001:0000bf40       pj_lock_release            000000014000cf40 f   pjlib-x86_64-x64-vc14-release:lock.obj
 0001:0000bf60       pj_lock_tryacquire         000000014000cf60 f   pjlib-x86_64-x64-vc14-release:lock.obj
 0001:0000bf80       pj_list_erase              000000014000cf80 f   pjlib-x86_64-x64-vc14-release:list.obj
 0001:0000bfa0       pj_list_insert_after       000000014000cfa0 f   pjlib-x86_64-x64-vc14-release:list.obj
 0001:0000bfc0       pj_list_insert_before      000000014000cfc0 f   pjlib-x86_64-x64-vc14-release:list.obj
 0001:0000bfe0       PJ_FD_CLR                  000000014000cfe0 f   pjlib-x86_64-x64-vc14-release:sock_select.obj
 0001:0000c0a0       PJ_FD_COUNT                000000014000d0a0 f   pjlib-x86_64-x64-vc14-release:sock_select.obj
 0001:0000c0b0       PJ_FD_ISSET                000000014000d0b0 f   pjlib-x86_64-x64-vc14-release:sock_select.obj
 0001:0000c0f0       PJ_FD_SET                  000000014000d0f0 f   pjlib-x86_64-x64-vc14-release:sock_select.obj
 0001:0000c180       PJ_FD_ZERO                 000000014000d180 f   pjlib-x86_64-x64-vc14-release:sock_select.obj
 0001:0000c1b0       pj_sock_select             000000014000d1b0 f   pjlib-x86_64-x64-vc14-release:sock_select.obj
 0001:0000c250       pj_get_netos_error         000000014000d250 f   pjlib-x86_64-x64-vc14-release:os_error_win32.obj
 0001:0000c280       platform_strerror          000000014000d280 f   pjlib-x86_64-x64-vc14-release:os_error_win32.obj
 0001:0000c3c0       pj_log_write               000000014000d3c0 f   pjlib-x86_64-x64-vc14-release:log_writer_stdout.obj
 0001:0000c440       printf                     000000014000d440 f i pjlib-x86_64-x64-vc14-release:log_writer_stdout.obj
 0001:0000c4a0       pj_gettimeofday            000000014000d4a0 f   pjlib-x86_64-x64-vc14-release:os_time_win32.obj
 0001:0000c5b0       pj_time_decode             000000014000d5b0 f   pjlib-x86_64-x64-vc14-release:os_time_win32.obj
 0001:0000c660       pj_pool_create_on_buf      000000014000d660 f   pjlib-x86_64-x64-vc14-release:pool_buf.obj
 0001:0000c8e0       pj_getaddrinfo             000000014000d8e0 f   pjlib-x86_64-x64-vc14-release:addr_resolv_sock.obj
 0001:0000cabc       __WSAFDIsSet               000000014000dabc f   ws2_32:WS2_32.dll
 0001:0000cac4       __GSHandlerCheck           000000014000dac4 f   MSVCRT:gshandler.obj
 0001:0000cae4       __GSHandlerCheckCommon     000000014000dae4 f   MSVCRT:gshandler.obj
 0001:0000cb50       __security_check_cookie    000000014000db50 f   MSVCRT:amdsecgs.obj
 0001:0000cdd0       mainCRTStartup             000000014000ddd0 f   MSVCRT:exe_main.obj
 0001:0000cde4       __raise_securityfailure    000000014000dde4 f   MSVCRT:gs_report.obj
 0001:0000ce18       __report_gsfailure         000000014000de18 f   MSVCRT:gs_report.obj
 0001:0000ceec       __report_rangecheckfailure 000000014000deec f   MSVCRT:gs_report.obj
 0001:0000cf00       __report_securityfailure   000000014000df00 f   MSVCRT:gs_report.obj
 0001:0000d090       _alloca_probe              000000014000e090 f   MSVCRT:chkstk.obj
 0001:0000d090       __chkstk                   000000014000e090 f   MSVCRT:chkstk.obj
 0001:0000d0e0       __scrt_acquire_startup_lock 000000014000e0e0 f   MSVCRT:utility.obj
 0001:0000d11c       __scrt_initialize_crt      000000014000e11c f   MSVCRT:utility.obj
 0001:0000d168       __scrt_initialize_onexit_tables 000000014000e168 f   MSVCRT:utility.obj
 0001:0000d1f4       __scrt_is_nonwritable_in_current_image 000000014000e1f4 f   MSVCRT:utility.obj
 0001:0000d28c       __scrt_release_startup_lock 000000014000e28c f   MSVCRT:utility.obj
 0001:0000d2b0       __scrt_uninitialize_crt    000000014000e2b0 f   MSVCRT:utility.obj
 0001:0000d2dc       _onexit                    000000014000e2dc f   MSVCRT:utility.obj
 0001:0000d318       atexit                     000000014000e318 f   MSVCRT:utility.obj
 0001:0000d330       __security_init_cookie     000000014000e330 f   MSVCRT:gs_support.obj
 0001:0000d3dc       _get_startup_argv_mode     000000014000e3dc f   MSVCRT:argv_mode.obj
 0001:0000d3e4       _get_startup_file_mode     000000014000e3e4 f   MSVCRT:file_mode.obj
 0001:0000d3ec       ?__scrt_initialize_type_info@@YAXXZ 000000014000e3ec f   MSVCRT:tncleanup.obj
 0001:0000d3fc       __scrt_stub_for_acrt_initialize 000000014000e3fc f   MSVCRT:ucrt_stubs.obj
 0001:0000d3fc       __vcrt_uninitialize        000000014000e3fc f   MSVCRT:ucrt_stubs.obj
 0001:0000d3fc       __scrt_stub_for_acrt_uninitialize 000000014000e3fc f   MSVCRT:ucrt_stubs.obj
 0001:0000d3fc       __acrt_initialize          000000014000e3fc f   MSVCRT:ucrt_stubs.obj
 0001:0000d3fc       __vcrt_initialize          000000014000e3fc f   MSVCRT:ucrt_stubs.obj
 0001:0000d3fc       _should_initialize_environment 000000014000e3fc f   MSVCRT:env_mode.obj
 0001:0000d3fc       __acrt_uninitialize        000000014000e3fc f   MSVCRT:ucrt_stubs.obj
 0001:0000d400       _initialize_denormal_control 000000014000e400 f   MSVCRT:denormal_control.obj
 0001:0000d400       _guard_check_icall_nop     000000014000e400 f   MSVCRT:guard_support.obj
 0001:0000d400       _initialize_invalid_parameter_handler 000000014000e400 f   MSVCRT:invalid_parameter_handler.obj
 0001:0000d404       __local_stdio_scanf_options 000000014000e404 f i MSVCRT:default_local_stdio_options.obj
 0001:0000d40c       __scrt_initialize_default_local_stdio_options 000000014000e40c f   MSVCRT:default_local_stdio_options.obj
 0001:0000d428       __scrt_is_user_matherr_present 000000014000e428 f   MSVCRT:matherr_detection.obj
 0001:0000d434       __scrt_get_dyn_tls_init_callback 000000014000e434 f   MSVCRT:dyn_tls_init.obj
 0001:0000d43c       __scrt_get_dyn_tls_dtor_callback 000000014000e43c f   MSVCRT:dyn_tls_dtor.obj
 0001:0000d444       __crt_debugger_hook        000000014000e444 f   MSVCRT:utility_desktop.obj
 0001:0000d44c       __scrt_fastfail            000000014000e44c f   MSVCRT:utility_desktop.obj
 0001:0000d598       __scrt_initialize_mta      000000014000e598 f   MSVCRT:utility_desktop.obj
 0001:0000d5a0       __scrt_is_managed_app      000000014000e5a0 f   MSVCRT:utility_desktop.obj
 0001:0000d5f4       __scrt_set_unhandled_exception_filter 000000014000e5f4 f   MSVCRT:utility_desktop.obj
 0001:0000d604       __scrt_unhandled_exception_filter 000000014000e604 f   MSVCRT:utility_desktop.obj
 0001:0000d660       _RTC_Initialize            000000014000e660 f   MSVCRT:initsect.obj
 0001:0000d69c       _RTC_Terminate             000000014000e69c f   MSVCRT:initsect.obj
 0001:0000d6d8       __isa_available_init       000000014000e6d8 f   MSVCRT:cpu_disp.obj
 0001:0000d87c       __scrt_is_ucrt_dll_in_use  000000014000e87c f   MSVCRT:ucrt_detection.obj
 0001:0000d890       memset                     000000014000e890 f   vcruntime:VCRUNTIME140.dll
 0001:0000d896       strchr                     000000014000e896 f   vcruntime:VCRUNTIME140.dll
 0001:0000d89c       memchr                     000000014000e89c f   vcruntime:VCRUNTIME140.dll
 0001:0000d8a2       memcpy                     000000014000e8a2 f   vcruntime:VCRUNTIME140.dll
 0001:0000d8a8       memmove                    000000014000e8a8 f   vcruntime:VCRUNTIME140.dll
 0001:0000d8ae       memcmp                     000000014000e8ae f   vcruntime:VCRUNTIME140.dll
 0001:0000d8b4       longjmp                    000000014000e8b4 f   vcruntime:VCRUNTIME140.dll
 0001:0000d8ba       __C_specific_handler       000000014000e8ba f   vcruntime:VCRUNTIME140.dll
 0001:0000d8c0       _setjmp                    000000014000e8c0 f   vcruntime:VCRUNTIME140.dll
 0001:0000d8c0       __intrinsic_setjmp         000000014000e8c0 f   vcruntime:VCRUNTIME140.dll
 0001:0000d8c6       __current_exception        000000014000e8c6 f   vcruntime:VCRUNTIME140.dll
 0001:0000d8cc       __current_exception_context 000000014000e8cc f   vcruntime:VCRUNTIME140.dll
 0001:0000d8d2       fmod                       000000014000e8d2 f   ucrt:api-ms-win-crt-math-l1-1-0.dll
 0001:0000d8d8       _seh_filter_exe            000000014000e8d8 f   ucrt:api-ms-win-crt-runtime-l1-1-0.dll
 0001:0000d8de       _set_app_type              000000014000e8de f   ucrt:api-ms-win-crt-runtime-l1-1-0.dll
 0001:0000d8e4       __setusermatherr           000000014000e8e4 f   ucrt:api-ms-win-crt-math-l1-1-0.dll
 0001:0000d8ea       _configure_narrow_argv     000000014000e8ea f   ucrt:api-ms-win-crt-runtime-l1-1-0.dll
 0001:0000d8f0       _initialize_narrow_environment 000000014000e8f0 f   ucrt:api-ms-win-crt-runtime-l1-1-0.dll
 0001:0000d8f6       _get_initial_narrow_environment 000000014000e8f6 f   ucrt:api-ms-win-crt-runtime-l1-1-0.dll
 0001:0000d8fc       _initterm                  000000014000e8fc f   ucrt:api-ms-win-crt-runtime-l1-1-0.dll
 0001:0000d902       _initterm_e                000000014000e902 f   ucrt:api-ms-win-crt-runtime-l1-1-0.dll
 0001:0000d908       exit                       000000014000e908 f   ucrt:api-ms-win-crt-runtime-l1-1-0.dll
 0001:0000d90e       _exit                      000000014000e90e f   ucrt:api-ms-win-crt-runtime-l1-1-0.dll
 0001:0000d914       _set_fmode                 000000014000e914 f   ucrt:api-ms-win-crt-stdio-l1-1-0.dll
 0001:0000d91a       __p___argc                 000000014000e91a f   ucrt:api-ms-win-crt-runtime-l1-1-0.dll
 0001:0000d920       __p___argv                 000000014000e920 f   ucrt:api-ms-win-crt-runtime-l1-1-0.dll
 0001:0000d926       _cexit                     000000014000e926 f   ucrt:api-ms-win-crt-runtime-l1-1-0.dll
 0001:0000d92c       _c_exit                    000000014000e92c f   ucrt:api-ms-win-crt-runtime-l1-1-0.dll
 0001:0000d932       _register_thread_local_exe_atexit_callback 000000014000e932 f   ucrt:api-ms-win-crt-runtime-l1-1-0.dll
 0001:0000d938       _configthreadlocale        000000014000e938 f   ucrt:api-ms-win-crt-locale-l1-1-0.dll
 0001:0000d93e       _set_new_mode              000000014000e93e f   ucrt:api-ms-win-crt-heap-l1-1-0.dll
 0001:0000d944       __p__commode               000000014000e944 f   ucrt:api-ms-win-crt-stdio-l1-1-0.dll
 0001:0000d94a       _initialize_onexit_table   000000014000e94a f   ucrt:api-ms-win-crt-runtime-l1-1-0.dll
 0001:0000d950       _register_onexit_function  000000014000e950 f   ucrt:api-ms-win-crt-runtime-l1-1-0.dll
 0001:0000d956       _crt_atexit                000000014000e956 f   ucrt:api-ms-win-crt-runtime-l1-1-0.dll
 0001:0000d95c       terminate                  000000014000e95c f   ucrt:api-ms-win-crt-runtime-l1-1-0.dll
 0001:0000d980       _guard_dispatch_icall_nop  000000014000e980 f   MSVCRT:guard_dispatch.obj
 0001:0000d9a0       _guard_xfg_dispatch_icall_nop 000000014000e9a0 f   MSVCRT:guard_xfg_dispatch.obj
 0002:00000000       __imp_RtlVirtualUnwind     000000014000f000     kernel32:KERNEL32.dll
 0002:00000008       __imp_GetModuleHandleW     000000014000f008     kernel32:KERNEL32.dll
 0002:00000010       __imp_IsDebuggerPresent    000000014000f010     kernel32:KERNEL32.dll
 0002:00000018       __imp_InitializeSListHead  000000014000f018     kernel32:KERNEL32.dll
 0002:00000020       __imp_GetSystemTimeAsFileTime 000000014000f020     kernel32:KERNEL32.dll
 0002:00000028       __imp_IsProcessorFeaturePresent 000000014000f028     kernel32:KERNEL32.dll
 0002:00000030       __imp_TerminateProcess     000000014000f030     kernel32:KERNEL32.dll
 0002:00000038       __imp_GetCurrentProcess    000000014000f038     kernel32:KERNEL32.dll
 0002:00000040       __imp_SetUnhandledExceptionFilter 000000014000f040     kernel32:KERNEL32.dll
 0002:00000048       __imp_UnhandledExceptionFilter 000000014000f048     kernel32:KERNEL32.dll
 0002:00000050       __imp_RtlLookupFunctionEntry 000000014000f050     kernel32:KERNEL32.dll
 0002:00000058       __imp_RtlCaptureContext    000000014000f058     kernel32:KERNEL32.dll
 0002:00000060       __imp_SystemTimeToFileTime 000000014000f060     kernel32:KERNEL32.dll
 0002:00000068       __imp_FileTimeToSystemTime 000000014000f068     kernel32:KERNEL32.dll
 0002:00000070       __imp_GetLocalTime         000000014000f070     kernel32:KERNEL32.dll
 0002:00000078       __imp_FormatMessageA       000000014000f078     kernel32:KERNEL32.dll
 0002:00000080       __imp_QueryPerformanceFrequency 000000014000f080     kernel32:KERNEL32.dll
 0002:00000088       __imp_QueryPerformanceCounter 000000014000f088     kernel32:KERNEL32.dll
 0002:00000090       __imp_SetConsoleTextAttribute 000000014000f090     kernel32:KERNEL32.dll
 0002:00000098       __imp_TlsFree              000000014000f098     kernel32:KERNEL32.dll
 0002:000000a0       __imp_TlsSetValue          000000014000f0a0     kernel32:KERNEL32.dll
 0002:000000a8       __imp_TlsGetValue          000000014000f0a8     kernel32:KERNEL32.dll
 0002:000000b0       __imp_TlsAlloc             000000014000f0b0     kernel32:KERNEL32.dll
 0002:000000b8       __imp_GetCurrentThreadId   000000014000f0b8     kernel32:KERNEL32.dll
 0002:000000c0       __imp_GetCurrentThread     000000014000f0c0     kernel32:KERNEL32.dll
 0002:000000c8       __imp_GetStdHandle         000000014000f0c8     kernel32:KERNEL32.dll
 0002:000000d0       __imp_CloseHandle          000000014000f0d0     kernel32:KERNEL32.dll
 0002:000000d8       __imp_GetLastError         000000014000f0d8     kernel32:KERNEL32.dll
 0002:000000e0       __imp_InitializeCriticalSection 000000014000f0e0     kernel32:KERNEL32.dll
 0002:000000e8       __imp_EnterCriticalSection 000000014000f0e8     kernel32:KERNEL32.dll
 0002:000000f0       __imp_LeaveCriticalSection 000000014000f0f0     kernel32:KERNEL32.dll
 0002:000000f8       __imp_TryEnterCriticalSection 000000014000f0f8     kernel32:KERNEL32.dll
 0002:00000100       __imp_DeleteCriticalSection 000000014000f100     kernel32:KERNEL32.dll
 0002:00000108       __imp_ReleaseSemaphore     000000014000f108     kernel32:KERNEL32.dll
 0002:00000110       __imp_WaitForSingleObject  000000014000f110     kernel32:KERNEL32.dll
 0002:00000118       __imp_Sleep                000000014000f118     kernel32:KERNEL32.dll
 0002:00000120       __imp_GetCurrentProcessId  000000014000f120     kernel32:KERNEL32.dll
 0002:00000128       \177KERNEL32_NULL_THUNK_DATA 000000014000f128     kernel32:KERNEL32.dll
 0002:00000130       __imp___C_specific_handler 000000014000f130     vcruntime:VCRUNTIME140.dll
 0002:00000138       __imp_longjmp              000000014000f138     vcruntime:VCRUNTIME140.dll
 0002:00000140       __imp_memcmp               000000014000f140     vcruntime:VCRUNTIME140.dll
 0002:00000148       __imp_memmove              000000014000f148     vcruntime:VCRUNTIME140.dll
 0002:00000150       __imp_memcpy               000000014000f150     vcruntime:VCRUNTIME140.dll
 0002:00000158       __imp_memchr               000000014000f158     vcruntime:VCRUNTIME140.dll
 0002:00000160       __imp_strchr               000000014000f160     vcruntime:VCRUNTIME140.dll
 0002:00000168       __imp_memset               000000014000f168     vcruntime:VCRUNTIME140.dll
 0002:00000170       __imp___current_exception  000000014000f170     vcruntime:VCRUNTIME140.dll
 0002:00000178       __imp___current_exception_context 000000014000f178     vcruntime:VCRUNTIME140.dll
 0002:00000180       __imp___intrinsic_setjmp   000000014000f180     vcruntime:VCRUNTIME140.dll
 0002:00000188       \177VCRUNTIME140_NULL_THUNK_DATA 000000014000f188     vcruntime:VCRUNTIME140.dll
 0002:00000190       __imp_recvfrom             000000014000f190     ws2_32:WS2_32.dll
 0002:00000198       __imp_recv                 000000014000f198     ws2_32:WS2_32.dll
 0002:000001a0       __imp_ntohs                000000014000f1a0     ws2_32:WS2_32.dll
 0002:000001a8       __imp_ntohl                000000014000f1a8     ws2_32:WS2_32.dll
 0002:000001b0       __imp_inet_addr            000000014000f1b0     ws2_32:WS2_32.dll
 0002:000001b8       __imp_htons                000000014000f1b8     ws2_32:WS2_32.dll
 0002:000001c0       __imp_sendto               000000014000f1c0     ws2_32:WS2_32.dll
 0002:000001c8       __imp_getsockname          000000014000f1c8     ws2_32:WS2_32.dll
 0002:000001d0       __imp_send                 000000014000f1d0     ws2_32:WS2_32.dll
 0002:000001d8       __imp_closesocket          000000014000f1d8     ws2_32:WS2_32.dll
 0002:000001e0       __imp_bind                 000000014000f1e0     ws2_32:WS2_32.dll
 0002:000001e8       __imp_accept               000000014000f1e8     ws2_32:WS2_32.dll
 0002:000001f0       __imp_ioctlsocket          000000014000f1f0     ws2_32:WS2_32.dll
 0002:000001f8       __imp_WSAGetLastError      000000014000f1f8     ws2_32:WS2_32.dll
 0002:00000200       __imp_WSACleanup           000000014000f200     ws2_32:WS2_32.dll
 0002:00000208       __imp_WSAStartup           000000014000f208     ws2_32:WS2_32.dll
 0002:00000210       __imp_WSAIoctl             000000014000f210     ws2_32:WS2_32.dll
 0002:00000218       __imp_WSASocketA           000000014000f218     ws2_32:WS2_32.dll
 0002:00000220       __imp_WSAStringToAddressA  000000014000f220     ws2_32:WS2_32.dll
 0002:00000228       __imp___WSAFDIsSet         000000014000f228     ws2_32:WS2_32.dll
 0002:00000230       __imp_select               000000014000f230     ws2_32:WS2_32.dll
 0002:00000238       __imp_gethostbyname        000000014000f238     ws2_32:WS2_32.dll
 0002:00000240       __imp_getsockopt           000000014000f240     ws2_32:WS2_32.dll
 0002:00000248       __imp_connect              000000014000f248     ws2_32:WS2_32.dll
 0002:00000250       \177WS2_32_NULL_THUNK_DATA 000000014000f250     ws2_32:WS2_32.dll
 0002:00000258       __imp_free                 000000014000f258     ucrt:api-ms-win-crt-heap-l1-1-0.dll
 0002:00000260       __imp__set_new_mode        000000014000f260     ucrt:api-ms-win-crt-heap-l1-1-0.dll
 0002:00000268       __imp_malloc               000000014000f268     ucrt:api-ms-win-crt-heap-l1-1-0.dll
 0002:00000270       \177api-ms-win-crt-heap-l1-1-0_NULL_THUNK_DATA 000000014000f270     ucrt:api-ms-win-crt-heap-l1-1-0.dll
 0002:00000278       __imp__configthreadlocale  000000014000f278     ucrt:api-ms-win-crt-locale-l1-1-0.dll
 0002:00000280       \177api-ms-win-crt-locale-l1-1-0_NULL_THUNK_DATA 000000014000f280     ucrt:api-ms-win-crt-locale-l1-1-0.dll
 0002:00000288       __imp___setusermatherr     000000014000f288     ucrt:api-ms-win-crt-math-l1-1-0.dll
 0002:00000290       __imp_fmod                 000000014000f290     ucrt:api-ms-win-crt-math-l1-1-0.dll
 0002:00000298       \177api-ms-win-crt-math-l1-1-0_NULL_THUNK_DATA 000000014000f298     ucrt:api-ms-win-crt-math-l1-1-0.dll
 0002:000002a0       __imp___p___argv           000000014000f2a0     ucrt:api-ms-win-crt-runtime-l1-1-0.dll
 0002:000002a8       __imp__cexit               000000014000f2a8     ucrt:api-ms-win-crt-runtime-l1-1-0.dll
 0002:000002b0       __imp_terminate            000000014000f2b0     ucrt:api-ms-win-crt-runtime-l1-1-0.dll
 0002:000002b8       __imp__c_exit              000000014000f2b8     ucrt:api-ms-win-crt-runtime-l1-1-0.dll
 0002:000002c0       __imp__crt_atexit          000000014000f2c0     ucrt:api-ms-win-crt-runtime-l1-1-0.dll
 0002:000002c8       __imp__register_onexit_function 000000014000f2c8     ucrt:api-ms-win-crt-runtime-l1-1-0.dll
 0002:000002d0       __imp__initialize_onexit_table 000000014000f2d0     ucrt:api-ms-win-crt-runtime-l1-1-0.dll
 0002:000002d8       __imp___p___argc           000000014000f2d8     ucrt:api-ms-win-crt-runtime-l1-1-0.dll
 0002:000002e0       __imp__exit                000000014000f2e0     ucrt:api-ms-win-crt-runtime-l1-1-0.dll
 0002:000002e8       __imp__initterm_e          000000014000f2e8     ucrt:api-ms-win-crt-runtime-l1-1-0.dll
 0002:000002f0       __imp__seh_filter_exe      000000014000f2f0     ucrt:api-ms-win-crt-runtime-l1-1-0.dll
 0002:000002f8       __imp__set_app_type        000000014000f2f8     ucrt:api-ms-win-crt-runtime-l1-1-0.dll
 0002:00000300       __imp_exit                 000000014000f300     ucrt:api-ms-win-crt-runtime-l1-1-0.dll
 0002:00000308       __imp__configure_narrow_argv 000000014000f308     ucrt:api-ms-win-crt-runtime-l1-1-0.dll
 0002:00000310       __imp__initialize_narrow_environment 000000014000f310     ucrt:api-ms-win-crt-runtime-l1-1-0.dll
 0002:00000318       __imp__get_initial_narrow_environment 000000014000f318     ucrt:api-ms-win-crt-runtime-l1-1-0.dll
 0002:00000320       __imp__initterm            000000014000f320     ucrt:api-ms-win-crt-runtime-l1-1-0.dll
 0002:00000328       __imp__register_thread_local_exe_atexit_callback 000000014000f328     ucrt:api-ms-win-crt-runtime-l1-1-0.dll
 0002:00000330       \177api-ms-win-crt-runtime-l1-1-0_NULL_THUNK_DATA 000000014000f330     ucrt:api-ms-win-crt-runtime-l1-1-0.dll
 0002:00000338       __imp__set_fmode           000000014000f338     ucrt:api-ms-win-crt-stdio-l1-1-0.dll
 0002:00000340       __imp___stdio_common_vfprintf 000000014000f340     ucrt:api-ms-win-crt-stdio-l1-1-0.dll
 0002:00000348       __imp_fopen                000000014000f348     ucrt:api-ms-win-crt-stdio-l1-1-0.dll
 0002:00000350       __imp_fwrite               000000014000f350     ucrt:api-ms-win-crt-stdio-l1-1-0.dll
 0002:00000358       __imp___stdio_common_vsprintf 000000014000f358     ucrt:api-ms-win-crt-stdio-l1-1-0.dll
 0002:00000360       __imp_puts                 000000014000f360     ucrt:api-ms-win-crt-stdio-l1-1-0.dll
 0002:00000368       __imp_fflush               000000014000f368     ucrt:api-ms-win-crt-stdio-l1-1-0.dll
 0002:00000370       __imp_fclose               000000014000f370     ucrt:api-ms-win-crt-stdio-l1-1-0.dll
 0002:00000378       __imp___acrt_iob_func      000000014000f378     ucrt:api-ms-win-crt-stdio-l1-1-0.dll
 0002:00000380       __imp___p__commode         000000014000f380     ucrt:api-ms-win-crt-stdio-l1-1-0.dll
 0002:00000388       \177api-ms-win-crt-stdio-l1-1-0_NULL_THUNK_DATA 000000014000f388     ucrt:api-ms-win-crt-stdio-l1-1-0.dll
 0002:00000390       __imp_tolower              000000014000f390     ucrt:api-ms-win-crt-string-l1-1-0.dll
 0002:00000398       __imp_isdigit              000000014000f398     ucrt:api-ms-win-crt-string-l1-1-0.dll
 0002:000003a0       __imp_strncpy              000000014000f3a0     ucrt:api-ms-win-crt-string-l1-1-0.dll
 0002:000003a8       __imp__strnicmp            000000014000f3a8     ucrt:api-ms-win-crt-string-l1-1-0.dll
 0002:000003b0       __imp_strncmp              000000014000f3b0     ucrt:api-ms-win-crt-string-l1-1-0.dll
 0002:000003b8       __imp_isxdigit             000000014000f3b8     ucrt:api-ms-win-crt-string-l1-1-0.dll
 0002:000003c0       \177api-ms-win-crt-string-l1-1-0_NULL_THUNK_DATA 000000014000f3c0     ucrt:api-ms-win-crt-string-l1-1-0.dll
 0002:000003c8       __imp_rand                 000000014000f3c8     ucrt:api-ms-win-crt-utility-l1-1-0.dll
 0002:000003d0       \177api-ms-win-crt-utility-l1-1-0_NULL_THUNK_DATA 000000014000f3d0     ucrt:api-ms-win-crt-utility-l1-1-0.dll
 0002:000003d8       __imp_CoCreateGuid         000000014000f3d8     ole32:ole32.dll
 0002:000003e0       \177ole32_NULL_THUNK_DATA  000000014000f3e0     ole32:ole32.dll
 0002:000003e8       __guard_check_icall_fptr   000000014000f3e8     MSVCRT:guard_support.obj
 0002:000003f0       __guard_xfg_check_icall_fptr 000000014000f3f0     MSVCRT:guard_support.obj
 0002:000003f8       __guard_dispatch_icall_fptr 000000014000f3f8     MSVCRT:guard_support.obj
 0002:00000400       __guard_xfg_dispatch_icall_fptr 000000014000f400     MSVCRT:guard_support.obj
 0002:00000408       __guard_xfg_table_dispatch_icall_fptr 000000014000f408     MSVCRT:guard_support.obj
 0002:00000410       __xc_a                     000000014000f410     MSVCRT:initializers.obj
 0002:00000420       __xc_z                     000000014000f420     MSVCRT:initializers.obj
 0002:00000428       __xi_a                     000000014000f428     MSVCRT:initializers.obj
 0002:00000440       __xi_z                     000000014000f440     MSVCRT:initializers.obj
 0002:00000448       __xp_a                     000000014000f448     MSVCRT:initializers.obj
 0002:00000450       __xp_z                     000000014000f450     MSVCRT:initializers.obj
 0002:00000458       __xt_a                     000000014000f458     MSVCRT:initializers.obj
 0002:00000460       __xt_z                     000000014000f460     MSVCRT:initializers.obj
 0002:00000830       ??_C@_0DI@FPKNFLPC@Unable?5to?5resolve?5STUN?5server?5?$CI@ 000000014000f830     pjlib-util-x86_64-x64-vc14-release:errno.obj
 0002:00000868       ??_C@_0DG@MLIAHJMC@Unknown?5STUN?5message?5type?5?$CIPJLI@ 000000014000f868     pjlib-util-x86_64-x64-vc14-release:errno.obj
 0002:000008a0       ??_C@_0DH@BGLGMNML@Invalid?5STUN?5message?5length?5?$CIPJ@ 000000014000f8a0     pjlib-util-x86_64-x64-vc14-release:errno.obj
 0002:000008d8       ??_C@_0DI@MNKBLDCO@STUN?5attribute?5length?5error?5?$CIPJ@ 000000014000f8d8     pjlib-util-x86_64-x64-vc14-release:errno.obj
 0002:00000910       ??_C@_0DJ@GEFJCPHI@Invalid?5STUN?5attribute?5type?5?$CIPJ@ 000000014000f910     pjlib-util-x86_64-x64-vc14-release:errno.obj
 0002:00000950       ??_C@_0DL@JFEBBJAB@Invalid?5STUN?5server?1socket?5inde@ 000000014000f950     pjlib-util-x86_64-x64-vc14-release:errno.obj
 0002:00000990       ??_C@_0EE@OMBAKMPD@No?5STUN?5binding?5response?5in?5the@ 000000014000f990     pjlib-util-x86_64-x64-vc14-release:errno.obj
 0002:000009d8       ??_C@_0DM@JJJKHKHH@Received?5STUN?5error?5attribute?5?$CI@ 000000014000f9d8     pjlib-util-x86_64-x64-vc14-release:errno.obj
 0002:00000a18       ??_C@_0DJ@BDPKKDEL@No?5STUN?5mapped?5address?5attribut@ 000000014000fa18     pjlib-util-x86_64-x64-vc14-release:errno.obj
 0002:00000a60       ??_C@_0ED@MIOBPJDH@Received?5no?5response?5from?5STUN?5@ 000000014000fa60     pjlib-util-x86_64-x64-vc14-release:errno.obj
 0002:00000aa8       ??_C@_0DK@OILEGGA@Symetric?5NAT?5detected?5by?5STUN?5?$CI@ 000000014000faa8     pjlib-util-x86_64-x64-vc14-release:errno.obj
 0002:00000ae8       ??_C@_0CI@OKGDIDF@Invalid?5XML?5message?5?$CIPJLIB_UTIL@ 000000014000fae8     pjlib-util-x86_64-x64-vc14-release:errno.obj
 0002:00000b10       ??_C@_0CL@IPLFEOJE@Invalid?5JSON?5document?5?$CIPJLIB_UT@ 000000014000fb10     pjlib-util-x86_64-x64-vc14-release:errno.obj
 0002:00000b40       ??_C@_0EC@KJLJANIE@DNS?5query?5packet?5buffer?5is?5too?5@ 000000014000fb40     pjlib-util-x86_64-x64-vc14-release:errno.obj
 0002:00000b88       ??_C@_0DC@JFKHADAC@Invalid?5DNS?5packet?5length?5?$CIPJLI@ 000000014000fb88     pjlib-util-x86_64-x64-vc14-release:errno.obj
 0002:00000bc0       ??_C@_0CL@OCFDFFNM@Invalid?5DNS?5class?5?$CIPJLIB_UTIL_E@ 000000014000fbc0     pjlib-util-x86_64-x64-vc14-release:errno.obj
 0002:00000bf0       ??_C@_0DE@FIPILDGP@Invalid?5DNS?5name?5pointer?5?$CIPJLIB@ 000000014000fbf0     pjlib-util-x86_64-x64-vc14-release:errno.obj
 0002:00000c28       ??_C@_0DJ@NBOGGJL@Invalid?5DNS?5nameserver?5address?5@ 000000014000fc28     pjlib-util-x86_64-x64-vc14-release:errno.obj
 0002:00000c68       ??_C@_0DH@LFJGDOHB@No?5nameserver?5is?5in?5DNS?5resolve@ 000000014000fc68     pjlib-util-x86_64-x64-vc14-release:errno.obj
 0002:00000ca0       ??_C@_0DH@PHJBLCKD@No?5working?5DNS?5nameserver?5?$CIPJLI@ 000000014000fca0     pjlib-util-x86_64-x64-vc14-release:errno.obj
 0002:00000ce0       ??_C@_0EC@HJFBNLFC@No?5answer?5record?5in?5the?5DNS?5res@ 000000014000fce0     pjlib-util-x86_64-x64-vc14-release:errno.obj
 0002:00000d28       ??_C@_0CN@DEFBDJKF@Invalid?5DNS?5answer?5?$CIPJLIB_UTIL_@ 000000014000fd28     pjlib-util-x86_64-x64-vc14-release:errno.obj
 0002:00000d58       ??_C@_0CN@BCAAPMPM@DNS?5?$CCFormat?5error?$CC?5?$CIPJLIB_UTIL_@ 000000014000fd58     pjlib-util-x86_64-x64-vc14-release:errno.obj
 0002:00000d88       ??_C@_0DA@NBPIIAHM@DNS?5?$CCServer?5failure?$CC?5?$CIPJLIB_UTI@ 000000014000fd88     pjlib-util-x86_64-x64-vc14-release:errno.obj
 0002:00000db8       ??_C@_0CM@CNNJNBCA@DNS?5?$CCName?5Error?$CC?5?$CIPJLIB_UTIL_ED@ 000000014000fdb8     pjlib-util-x86_64-x64-vc14-release:errno.obj
 0002:00000de8       ??_C@_0DA@DIMDKHPM@DNS?5?$CCNot?5Implemented?$CC?5?$CIPJLIB_UT@ 000000014000fde8     pjlib-util-x86_64-x64-vc14-release:errno.obj
 0002:00000e18       ??_C@_0CI@LDMKLLKJ@DNS?5?$CCRefused?$CC?5?$CIPJLIB_UTIL_EDNS_@ 000000014000fe18     pjlib-util-x86_64-x64-vc14-release:errno.obj
 0002:00000e40       ??_C@_0DB@PFAMNHPJ@DNS?5?$CCThe?5name?5exists?$CC?5?$CIPJLIB_UT@ 000000014000fe40     pjlib-util-x86_64-x64-vc14-release:errno.obj
 0002:00000e78       ??_C@_0DO@OIIHMCI@DNS?5?$CCThe?5RRset?5?$CIname?0?5type?$CJ?5exi@ 000000014000fe78     pjlib-util-x86_64-x64-vc14-release:errno.obj
 0002:00000ec0       ??_C@_0EG@OMHMBNML@DNS?5?$CCThe?5RRset?5?$CIname?0?5type?$CJ?5doe@ 000000014000fec0     pjlib-util-x86_64-x64-vc14-release:errno.obj
 0002:00000f08       ??_C@_0CP@HJODAHHO@DNS?5?$CCNot?5authorized?$CC?5?$CIPJLIB_UTI@ 000000014000ff08     pjlib-util-x86_64-x64-vc14-release:errno.obj
 0002:00000f40       ??_C@_0EB@GKEHOPAE@DNS?5?$CCThe?5zone?5specified?5is?5not?5@ 000000014000ff40     pjlib-util-x86_64-x64-vc14-release:errno.obj
 0002:00000f88       ??_C@_0DH@EMGNELGL@Too?5many?5STUN?5attributes?5?$CIPJLIB@ 000000014000ff88     pjlib-util-x86_64-x64-vc14-release:errno.obj
 0002:00000fc0       ??_C@_0DF@KMIPDCMM@Unknown?5STUN?5attribute?5?$CIPJLIB_U@ 000000014000ffc0     pjlib-util-x86_64-x64-vc14-release:errno.obj
 0002:00000ff8       ??_C@_0DP@PDBNFLFH@Invalid?5STUN?5socket?5address?5len@ 000000014000fff8     pjlib-util-x86_64-x64-vc14-release:errno.obj
 0002:00001040       ??_C@_0EA@NAKPKGDE@STUN?5IPv6?5attribute?5not?5support@ 0000000140010040     pjlib-util-x86_64-x64-vc14-release:errno.obj
 0002:00001080       ??_C@_0DO@LEKPMIHP@Expecting?5STUN?5response?5message@ 0000000140010080     pjlib-util-x86_64-x64-vc14-release:errno.obj
 0002:000010c0       ??_C@_0DJ@DDEJFFIL@STUN?5transaction?5ID?5mismatch?5?$CIP@ 00000001400100c0     pjlib-util-x86_64-x64-vc14-release:errno.obj
 0002:00001100       ??_C@_0EI@BNLBFIKH@Unable?5to?5find?5STUN?5handler?5for@ 0000000140010100     pjlib-util-x86_64-x64-vc14-release:errno.obj
 0002:00001150       ??_C@_0FA@DIAPLEFD@Found?5non?9FINGERPRINT?5attr?4?5aft@ 0000000140010150     pjlib-util-x86_64-x64-vc14-release:errno.obj
 0002:000011a0       ??_C@_0ED@CNMDGMPD@Found?5STUN?5attribute?5after?5FING@ 00000001400101a0     pjlib-util-x86_64-x64-vc14-release:errno.obj
 0002:000011e8       ??_C@_0DN@JLMAJAKN@Missing?5STUN?5USERNAME?5attribute@ 00000001400101e8     pjlib-util-x86_64-x64-vc14-release:errno.obj
 0002:00001230       ??_C@_0EK@LMHKLKC@Missing?1invalid?5STUN?5MESSAGE?9IN@ 0000000140010230     pjlib-util-x86_64-x64-vc14-release:errno.obj
 0002:00001280       ??_C@_0DJ@BCFNCGF@Found?5duplicate?5STUN?5attribute?5@ 0000000140010280     pjlib-util-x86_64-x64-vc14-release:errno.obj
 0002:000012c0       ??_C@_0DH@MMHMOPBG@Missing?5STUN?5REALM?5attribute?5?$CIP@ 00000001400102c0     pjlib-util-x86_64-x64-vc14-release:errno.obj
 0002:00001300       ??_C@_0EB@FGOGNHPO@Missing?1stale?5STUN?5NONCE?5attrib@ 0000000140010300     pjlib-util-x86_64-x64-vc14-release:errno.obj
 0002:00001350       ??_C@_0EF@HAPLEMIK@STUN?5transaction?5terminates?5wit@ 0000000140010350     pjlib-util-x86_64-x64-vc14-release:errno.obj
 0002:00001398       ??_C@_0CL@GOOAEBLJ@Invalid?5URL?5format?5?$CIPJLIB_UTIL_@ 0000000140010398     pjlib-util-x86_64-x64-vc14-release:errno.obj
 0002:000013c8       ??_C@_0DB@BDFJPAOA@Invalid?5URL?5port?5number?5?$CIPJLIB_@ 00000001400103c8     pjlib-util-x86_64-x64-vc14-release:errno.obj
 0002:00001400       ??_C@_0DN@CABCKELB@Incomplete?5response?5header?5rece@ 0000000140010400     pjlib-util-x86_64-x64-vc14-release:errno.obj
 0002:00001440       ??_C@_0CN@MKMAKFDH@Insufficient?5buffer?5?$CIPJLIB_UTIL@ 0000000140010440     pjlib-util-x86_64-x64-vc14-release:errno.obj
 0002:00001470       ??_C@_0CH@JNBFBBKA@Connection?5lost?5?$CIPJLIB_UTIL_EHT@ 0000000140010470     pjlib-util-x86_64-x64-vc14-release:errno.obj
 0002:00001498       ??_C@_0CE@DHMMOEGP@Exit?5current?5session?5?$CIPJ_CLI_EE@ 0000000140010498     pjlib-util-x86_64-x64-vc14-release:errno.obj
 0002:000014c0       ??_C@_0CG@LEDMCEME@Missing?5argument?5?$CIPJ_CLI_EMISSI@ 00000001400104c0     pjlib-util-x86_64-x64-vc14-release:errno.obj
 0002:000014e8       ??_C@_0CJ@ECODGDHL@Too?5many?5arguments?5?$CIPJ_CLI_ETOO@ 00000001400104e8     pjlib-util-x86_64-x64-vc14-release:errno.obj
 0002:00001518       ??_C@_0CC@NLPGOLED@Invalid?5argument?5?$CIPJ_CLI_EINVAR@ 0000000140010518     pjlib-util-x86_64-x64-vc14-release:errno.obj
 0002:00001540       ??_C@_0CO@OOEOBCH@Command?5name?5already?5exists?5?$CIPJ@ 0000000140010540     pjlib-util-x86_64-x64-vc14-release:errno.obj
 0002:00001570       ??_C@_0CK@MKOACJP@Command?5id?5already?5exists?5?$CIPJ_C@ 0000000140010570     pjlib-util-x86_64-x64-vc14-release:errno.obj
 0002:000015a0       ??_C@_0CE@LHHCBFML@Invalid?5XML?5format?5?$CIPJ_CLI_EBAD@ 00000001400105a0     pjlib-util-x86_64-x64-vc14-release:errno.obj
 0002:000015c8       ??_C@_0CF@CKMLJLLP@Connection?5lost?5?$CIPJ_CLI_ETELNET@ 00000001400105c8     pjlib-util-x86_64-x64-vc14-release:errno.obj
 0002:000015f0       ??_C@_0BM@LDLEGOFO@Unknown?5pjlib?9util?5error?5?$CFd@ 00000001400105f0     pjlib-util-x86_64-x64-vc14-release:errno.obj
 0002:0000160c       ??_C@_04MEDPFIKH@HTTP@     000000014001060c     pjlib-util-x86_64-x64-vc14-release:http_client.obj
 0002:00001614       ??_C@_05NJOAAHIE@HTTPS@    0000000140010614     pjlib-util-x86_64-x64-vc14-release:http_client.obj
 0002:0000161c       ??_C@_03HAPOJHBM@GET@      000000014001061c     pjlib-util-x86_64-x64-vc14-release:http_client.obj
 0002:00001620       ??_C@_03KBBGFLEK@PUT@      0000000140010620     pjlib-util-x86_64-x64-vc14-release:http_client.obj
 0002:00001624       ??_C@_06FKDAMKFP@DELETE@   0000000140010624     pjlib-util-x86_64-x64-vc14-release:http_client.obj
 0002:00001630       ??_C@_0BB@JCEFLFJE@0123456789abcdef@ 0000000140010630     pjlib-util-x86_64-x64-vc14-release:http_client.obj
 0002:00001650       ??_C@_0BB@KEDJJIFI@WWW?9Authenticate@ 0000000140010650     pjlib-util-x86_64-x64-vc14-release:http_client.obj
 0002:00001668       ??_C@_0BD@GKJFGNG@Proxy?9Authenticate@ 0000000140010668     pjlib-util-x86_64-x64-vc14-release:http_client.obj
 0002:0000167c       ??_C@_05ELABLNGD@realm@    000000014001067c     pjlib-util-x86_64-x64-vc14-release:http_client.obj
 0002:00001684       ??_C@_05OOEDLKEB@nonce@    0000000140010684     pjlib-util-x86_64-x64-vc14-release:http_client.obj
 0002:00001690       ??_C@_09JPNFBOJG@algorithm@ 0000000140010690     pjlib-util-x86_64-x64-vc14-release:http_client.obj
 0002:0000169c       ??_C@_05BFAEFKPM@stale@    000000014001069c     pjlib-util-x86_64-x64-vc14-release:http_client.obj
 0002:000016a4       ??_C@_03GBIMBCPB@qop@      00000001400106a4     pjlib-util-x86_64-x64-vc14-release:http_client.obj
 0002:000016a8       ??_C@_06CJCOLNBB@opaque@   00000001400106a8     pjlib-util-x86_64-x64-vc14-release:http_client.obj
 0002:000016b0       ??_C@_04HHCDBDLF@?5?7?$AN?6@ 00000001400106b0     pjlib-util-x86_64-x64-vc14-release:http_client.obj
 0002:000016b8       ??_C@_06KDHNKGBN@?0?5?7?$AN?6?$DL@ 00000001400106b8     pjlib-util-x86_64-x64-vc14-release:http_client.obj
 0002:000016c0       ??_C@_06JFLHDKAJ@?$DN?0?5?7?$AN?6@ 00000001400106c0     pjlib-util-x86_64-x64-vc14-release:http_client.obj
 0002:000016c8       ??_C@_0P@HOJGPHBA@Content?9Length@ 00000001400106c8     pjlib-util-x86_64-x64-vc14-release:http_client.obj
 0002:000016d8       ??_C@_01GBGANLPD@0@        00000001400106d8     pjlib-util-x86_64-x64-vc14-release:http_client.obj
 0002:000016dc       ??_C@_02NDKNKOCB@?3?6@     00000001400106dc     pjlib-util-x86_64-x64-vc14-release:http_client.obj
 0002:000016e0       ??_C@_03HLLJOCDO@1?40@     00000001400106e0     pjlib-util-x86_64-x64-vc14-release:http_client.obj
 0002:000016e4       ??_C@_03GACAABJG@?3?1?1@   00000001400106e4     pjlib-util-x86_64-x64-vc14-release:http_client.obj
 0002:000016e8       ??_C@_02NJDLAJKO@?3?$EA@   00000001400106e8     pjlib-util-x86_64-x64-vc14-release:http_client.obj
 0002:000016ec       ??_C@_01EOFPKCAF@?$EA@     00000001400106ec     pjlib-util-x86_64-x64-vc14-release:http_client.obj
 0002:000016f0       ??_C@_02DLFOHOMG@?3?1@     00000001400106f0     pjlib-util-x86_64-x64-vc14-release:http_client.obj
 0002:000016f4       ??_C@_01KMDKNFGN@?1@       00000001400106f4     pjlib-util-x86_64-x64-vc14-release:http_client.obj
 0002:000016f8       ??_C@_03GCKCNDHP@1?41@     00000001400106f8     pjlib-util-x86_64-x64-vc14-release:http_client.obj
 0002:00001700       ??_C@_0CF@PPAGDFLF@Unable?5to?5bind?5to?5the?5requested@ 0000000140010700     pjlib-util-x86_64-x64-vc14-release:http_client.obj
 0002:00001728       ??_C@_0O@GABNAGKL@http_client?4c@ 0000000140010728     pjlib-util-x86_64-x64-vc14-release:http_client.obj
 0002:00001740       ??_C@_0IJ@PPHIMIKF@C?3?2Users?2WerBinIch?2Documents?2gi@ 0000000140010740     pjlib-util-x86_64-x64-vc14-release:http_client.obj
 0002:000017cc       ??_C@_01JLIPDDHJ@?3@       00000001400107cc     pjlib-util-x86_64-x64-vc14-release:http_client.obj
 0002:000017d0       ??_C@_0O@NAFGPKMI@Authorization@ 00000001400107d0     pjlib-util-x86_64-x64-vc14-release:http_client.obj
 0002:000017e0       ??_C@_0BE@DCLKKIPG@Proxy?9Authorization@ 00000001400107e0     pjlib-util-x86_64-x64-vc14-release:http_client.obj
 0002:000017f4       ??_C@_06FFOGOLGD@Basic?5@  00000001400107f4     pjlib-util-x86_64-x64-vc14-release:http_client.obj
 0002:000017fc       ??_C@_03GCGHEHKJ@MD5@      00000001400107fc     pjlib-util-x86_64-x64-vc14-release:http_client.obj
 0002:00001800       ??_C@_0GA@DCOGGJGN@Digest?5username?$DN?$CC?$CF?4?$CKs?$CC?0?5realm?$DN?$CC@ 0000000140010800     pjlib-util-x86_64-x64-vc14-release:http_client.obj
 0002:00001860       ??_C@_04DPLCCHJC@auth@     0000000140010860     pjlib-util-x86_64-x64-vc14-release:http_client.obj
 0002:00001868       ??_C@_08KNCPHIAE@00000001@ 0000000140010868     pjlib-util-x86_64-x64-vc14-release:http_client.obj
 0002:00001874       ??_C@_06DKDPJBDF@b39971@   0000000140010874     pjlib-util-x86_64-x64-vc14-release:http_client.obj
 0002:00001880       ??_C@_0IC@MLPPCALJ@Digest?5username?$DN?$CC?$CF?4?$CKs?$CC?0?5realm?$DN?$CC@ 0000000140010880     pjlib-util-x86_64-x64-vc14-release:http_client.obj
 0002:00001908       ??_C@_0L@CDFNEOGO@?0?5opaque?$DN?$CC@ 0000000140010908     pjlib-util-x86_64-x64-vc14-release:http_client.obj
 0002:00001914       ??_C@_01BJJEKLCA@?$CC@     0000000140010914     pjlib-util-x86_64-x64-vc14-release:http_client.obj
 0002:00001918       ??_C@_05NPAPGJEJ@basic@    0000000140010918     pjlib-util-x86_64-x64-vc14-release:http_client.obj
 0002:00001920       ??_C@_06IJPNAHC@digest@    0000000140010920     pjlib-util-x86_64-x64-vc14-release:http_client.obj
 0002:00001928       ??_C@_0BE@BNEADNJB@?$CF?4?$CKs?5?$CF?4?$CKs?5?$CFs?1?$CF?4?$CKs?$AN?6@ 0000000140010928     pjlib-util-x86_64-x64-vc14-release:http_client.obj
 0002:00001940       ??_C@_0BA@HAJMDAOA@Host?3?5?$CF?4?$CKs?3?$CFd?$AN?6@ 0000000140010940     pjlib-util-x86_64-x64-vc14-release:http_client.obj
 0002:00001950       ??_C@_08HKGMJBDL@?$CFs?3?5?$CFs?$AN?6@ 0000000140010950     pjlib-util-x86_64-x64-vc14-release:http_client.obj
 0002:00001960       ??_C@_0N@DEBBLJNM@?$CF?4?$CKs?3?5?$CF?4?$CKs?$AN?6@ 0000000140010960     pjlib-util-x86_64-x64-vc14-release:http_client.obj
 0002:00001970       ??_C@_02PCIJFNDE@?$AN?6@   0000000140010970     pjlib-util-x86_64-x64-vc14-release:http_client.obj
 0002:000019c0       ??_C@_0IF@ECGJNPNE@C?3?2Users?2WerBinIch?2Documents?2gi@ 00000001400109c0     pjlib-util-x86_64-x64-vc14-release:scanner.obj
 0002:00001a50       __xmm@ffffffffffffffffffffffffffffffff 0000000140010a50     pjlib-util-x86_64-x64-vc14-release:scanner.obj
 0002:00001a60       ??_C@_04IFCNACLH@pj?$CFp@  0000000140010a60     pjlib-x86_64-x64-vc14-release:os_core_win32.obj
 0002:00001a68       ??_C@_0BA@NGJFHJA@PJLIB?1No?5memory@ 0000000140010a68     pjlib-x86_64-x64-vc14-release:os_core_win32.obj
 0002:00001a78       ??_C@_0BP@NGEKBPIB@pjlib?5?$CFs?5for?5win32?5initialized@ 0000000140010a78     pjlib-x86_64-x64-vc14-release:os_core_win32.obj
 0002:00001a98       ??_C@_0BA@FNCACAIG@os_core_win32?4c@ 0000000140010a98     pjlib-x86_64-x64-vc14-release:os_core_win32.obj
 0002:00001aa8       ??_C@_0CI@EAKIIBBA@Main?5thread?5stack?5max?5usage?$DN?$CFu?5@ 0000000140010aa8     pjlib-x86_64-x64-vc14-release:os_core_win32.obj
 0002:00001ad0       ??_C@_0HO@NIBMBENE@C?3?2Users?2WerBinIch?2Documents?2gi@ 0000000140010ad0     pjlib-x86_64-x64-vc14-release:os_core_win32.obj
 0002:00001b50       ??_C@_05KHEDLION@thr?$CFp@ 0000000140010b50     pjlib-x86_64-x64-vc14-release:os_core_win32.obj
 0002:00001b56       ??_C@_00CNPNBAHC@@         0000000140010b56     pjlib-x86_64-x64-vc14-release:os_core_win32.obj
 0002:00001b58       ??_C@_05EJDHHBFJ@mtx?$CFp@ 0000000140010b58     pjlib-x86_64-x64-vc14-release:os_core_win32.obj
 0002:00001b60       ??_C@_0ID@CCMBIOPL@C?3?2Users?2WerBinIch?2Documents?2gi@ 0000000140010b60     pjlib-x86_64-x64-vc14-release:ioqueue_select.obj
 0002:00001be4       ??_C@_05LIJONKFG@ioq?$CFp@ 0000000140010be4     pjlib-x86_64-x64-vc14-release:ioqueue_select.obj
 0002:00001bf0       ??_C@_0CA@IMDCINDN@select?$CI?$CJ?5I?1O?5Queue?5created?5?$CI?$CFp?$CJ@ 0000000140010bf0     pjlib-x86_64-x64-vc14-release:ioqueue_select.obj
 0002:00001c10       ??_C@_05PHKAINEA@pjlib@    0000000140010c10     pjlib-x86_64-x64-vc14-release:ioqueue_select.obj
 0002:00001c18       ??_C@_0CJ@NPMLHLI@Bad?5ioqueue?5count?5in?5key?5unregi@ 0000000140010c18     pjlib-x86_64-x64-vc14-release:ioqueue_select.obj
 0002:00001c48       ??_C@_0L@CAJCIPAG@ioq_select@ 0000000140010c48     pjlib-x86_64-x64-vc14-release:ioqueue_select.obj
 0002:00001de0       ??_C@_0BM@FLPPOGAG@Unknown?5Error?5?$CIPJ_EUNKNOWN?$CJ@ 0000000140010de0     pjlib-x86_64-x64-vc14-release:errno.obj
 0002:00001e00       ??_C@_0CA@DCLOOJGD@Pending?5operation?5?$CIPJ_EPENDING?$CJ@ 0000000140010e00     pjlib-x86_64-x64-vc14-release:errno.obj
 0002:00001e20       ??_C@_0CO@GABEOAFF@Too?5many?5connecting?5sockets?5?$CIPJ@ 0000000140010e20     pjlib-x86_64-x64-vc14-release:errno.obj
 0002:00001e50       ??_C@_0CG@CBCJBJGD@Invalid?5value?5or?5argument?5?$CIPJ_E@ 0000000140010e50     pjlib-x86_64-x64-vc14-release:errno.obj
 0002:00001e78       ??_C@_0CA@GJABNEKD@Name?5too?5long?5?$CIPJ_ENAMETOOLONG?$CJ@ 0000000140010e78     pjlib-x86_64-x64-vc14-release:errno.obj
 0002:00001e98       ??_C@_0BJ@JNKLPII@Not?5found?5?$CIPJ_ENOTFOUND?$CJ@ 0000000140010e98     pjlib-x86_64-x64-vc14-release:errno.obj
 0002:00001eb8       ??_C@_0BO@GOLCMJKK@Not?5enough?5memory?5?$CIPJ_ENOMEM?$CJ@ 0000000140010eb8     pjlib-x86_64-x64-vc14-release:errno.obj
 0002:00001ed8       ??_C@_0BI@HHGDCAID@BUG?5DETECTED?$CB?5?$CIPJ_EBUG?$CJ@ 0000000140010ed8     pjlib-x86_64-x64-vc14-release:errno.obj
 0002:00001ef0       ??_C@_0CD@JOGIDHPJ@Operation?5timed?5out?5?$CIPJ_ETIMEDO@ 0000000140010ef0     pjlib-x86_64-x64-vc14-release:errno.obj
 0002:00001f18       ??_C@_0DF@MIFNAIHL@Too?5many?5objects?5of?5the?5specifi@ 0000000140010f18     pjlib-x86_64-x64-vc14-release:errno.obj
 0002:00001f50       ??_C@_0BK@OMPILOH@Object?5is?5busy?5?$CIPJ_EBUSY?$CJ@ 0000000140010f50     pjlib-x86_64-x64-vc14-release:errno.obj
 0002:00001f70       ??_C@_0CP@BAIBJOJE@Option?1operation?5is?5not?5support@ 0000000140010f70     pjlib-x86_64-x64-vc14-release:errno.obj
 0002:00001fa0       ??_C@_0CC@OEEEEEML@Invalid?5operation?5?$CIPJ_EINVALIDO@ 0000000140010fa0     pjlib-x86_64-x64-vc14-release:errno.obj
 0002:00001fc8       ??_C@_0CE@KDDMJLGF@Operation?5cancelled?5?$CIPJ_ECANCEL@ 0000000140010fc8     pjlib-x86_64-x64-vc14-release:errno.obj
 0002:00001ff0       ??_C@_0CD@LODOFNLC@Object?5already?5exists?5?$CIPJ_EEXIS@ 0000000140010ff0     pjlib-x86_64-x64-vc14-release:errno.obj
 0002:00002018       ??_C@_0BG@GMBDFNLN@End?5of?5file?5?$CIPJ_EEOF?$CJ@ 0000000140011018     pjlib-x86_64-x64-vc14-release:errno.obj
 0002:00002030       ??_C@_0BN@PCCNBFLN@Size?5is?5too?5big?5?$CIPJ_ETOOBIG?$CJ@ 0000000140011030     pjlib-x86_64-x64-vc14-release:errno.obj
 0002:00002050       ??_C@_0DB@FDCHLEID@gethostbyname?$CI?$CJ?5has?5returned?5er@ 0000000140011050     pjlib-x86_64-x64-vc14-release:errno.obj
 0002:00002088       ??_C@_0CB@MGGLJMNO@Size?5is?5too?5short?5?$CIPJ_ETOOSMALL@ 0000000140011088     pjlib-x86_64-x64-vc14-release:errno.obj
 0002:000020b0       ??_C@_0BG@NBDJGAFI@Ignored?5?$CIPJ_EIGNORED?$CJ@ 00000001400110b0     pjlib-x86_64-x64-vc14-release:errno.obj
 0002:000020c8       ??_C@_0CH@OGOOBJBE@IPv6?5is?5not?5supported?5?$CIPJ_EIPV6@ 00000001400110c8     pjlib-x86_64-x64-vc14-release:errno.obj
 0002:000020f0       ??_C@_0CK@DJAHHNOI@Unsupported?5address?5family?5?$CIPJ_@ 00000001400110f0     pjlib-x86_64-x64-vc14-release:errno.obj
 0002:00002120       ??_C@_0CD@PDGCJOJH@Object?5no?5longer?5exists?5?$CIPJ_EGO@ 0000000140011120     pjlib-x86_64-x64-vc14-release:errno.obj
 0002:00002148       ??_C@_0CI@LBHALONI@Socket?5is?5in?5bad?5state?5?$CIPJ_ESOC@ 0000000140011148     pjlib-x86_64-x64-vc14-release:errno.obj
 0002:00002170       ??_C@_0BH@ONDLFCEA@Unknown?5pjlib?5error?5?$CFd@ 0000000140011170     pjlib-x86_64-x64-vc14-release:errno.obj
 0002:00002188       ??_C@_07PBILKAFL@Success@  0000000140011188     pjlib-x86_64-x64-vc14-release:errno.obj
 0002:00002190       ??_C@_0BB@BIKLJNJD@Unknown?5error?5?$CFd@ 0000000140011190     pjlib-x86_64-x64-vc14-release:errno.obj
 0002:000021a4       ??_C@_05NAOIJFC@Error@     00000001400111a4     pjlib-x86_64-x64-vc14-release:errno.obj
 0002:000021ac       ??_C@_06DJHOIPC@?$CFs?3?5?$CFs@ 00000001400111ac     pjlib-x86_64-x64-vc14-release:errno.obj
 0002:000021b4       ??_C@_06DDFOEFIF@FATAL?3@  00000001400111b4     pjlib-x86_64-x64-vc14-release:log.obj
 0002:000021bc       ??_C@_06PONDCDME@ERROR?3@  00000001400111bc     pjlib-x86_64-x64-vc14-release:log.obj
 0002:000021c4       ??_C@_06OHJPOJDB@?5WARN?3@ 00000001400111c4     pjlib-x86_64-x64-vc14-release:log.obj
 0002:000021cc       ??_C@_06ICKKLHPE@?5INFO?3@ 00000001400111cc     pjlib-x86_64-x64-vc14-release:log.obj
 0002:000021d4       ??_C@_06DNOFLLB@DEBUG?3@   00000001400111d4     pjlib-x86_64-x64-vc14-release:log.obj
 0002:000021dc       ??_C@_06ELIFFDKB@TRACE?3@  00000001400111dc     pjlib-x86_64-x64-vc14-release:log.obj
 0002:000021e4       ??_C@_06HGKAKJPG@DETRC?3@  00000001400111e4     pjlib-x86_64-x64-vc14-release:log.obj
 0002:000021ec       ??_C@_03KOEHGMDN@Sun@      00000001400111ec     pjlib-x86_64-x64-vc14-release:log.obj
 0002:000021f0       ??_C@_03PDAGKDH@Mon@       00000001400111f0     pjlib-x86_64-x64-vc14-release:log.obj
 0002:000021f4       ??_C@_03NAGEINEP@Tue@      00000001400111f4     pjlib-x86_64-x64-vc14-release:log.obj
 0002:000021f8       ??_C@_03MHOMLAJA@Wed@      00000001400111f8     pjlib-x86_64-x64-vc14-release:log.obj
 0002:000021fc       ??_C@_03IOFIKPDN@Thu@      00000001400111fc     pjlib-x86_64-x64-vc14-release:log.obj
 0002:00002200       ??_C@_03IDIOELNC@Fri@      0000000140011200     pjlib-x86_64-x64-vc14-release:log.obj
 0002:00002204       ??_C@_03FEFJNEK@Sat@       0000000140011204     pjlib-x86_64-x64-vc14-release:log.obj
 0002:00002210       ??_C@_0HE@ONAIBOBI@C?3?2Users?2WerBinIch?2Documents?2gi@ 0000000140011210     pjlib-x86_64-x64-vc14-release:log.obj
 0002:00002288       ??_C@_0BO@BGMDCDKP@?$DMlogging?5error?3?5msg?5too?5long?$DO@ 0000000140011288     pjlib-x86_64-x64-vc14-release:log.obj
 0002:000022b0       ??_C@_0HH@JPNODECN@C?3?2Users?2WerBinIch?2Documents?2gi@ 00000001400112b0     pjlib-x86_64-x64-vc14-release:string.obj
 0002:00002330       ??_C@_0HF@IEAAJLHC@C?3?2Users?2WerBinIch?2Documents?2gi@ 0000000140011330     pjlib-x86_64-x64-vc14-release:pool.obj
 0002:000023b0       ??_C@_0HN@GFOBEPN@C?3?2Users?2WerBinIch?2Documents?2gi@ 00000001400113b0     pjlib-x86_64-x64-vc14-release:pool_caching.obj
 0002:00002430       ??_C@_0M@IGFPEOLJ@cachingpool@ 0000000140011430     pjlib-x86_64-x64-vc14-release:pool_caching.obj
 0002:00002440       ??_C@_0DD@ECGDPCBA@Pool?5is?5not?5released?5by?5applica@ 0000000140011440     pjlib-x86_64-x64-vc14-release:pool_caching.obj
 0002:00002478       ??_C@_0BH@BBPHJKOA@?5Dumping?5caching?5pool?3@ 0000000140011478     pjlib-x86_64-x64-vc14-release:pool_caching.obj
 0002:00002490       ??_C@_08COPEICHG@cachpool@ 0000000140011490     pjlib-x86_64-x64-vc14-release:pool_caching.obj
 0002:000024a0       ??_C@_0CN@DOKPIIOH@?5?5?5Capacity?$DN?$CFu?0?5max_capacity?$DN?$CFu@ 00000001400114a0     pjlib-x86_64-x64-vc14-release:pool_caching.obj
 0002:000024d0       ??_C@_0BM@IDLDGCC@?5?5Dumping?5all?5active?5pools?3@ 00000001400114d0     pjlib-x86_64-x64-vc14-release:pool_caching.obj
 0002:000024f0       ??_C@_0CA@MMLIKIEG@?5?5?5?$CF16s?3?5?$CF8d?5of?5?$CF8d?5?$CI?$CFd?$CF?$CF?$CJ?5used@ 00000001400114f0     pjlib-x86_64-x64-vc14-release:pool_caching.obj
 0002:00002510       ??_C@_0CB@GKBJPDKG@?5?5Total?5?$CF9d?5of?5?$CF9d?5?$CI?$CFd?5?$CF?$CF?$CJ?5used@ 0000000140011510     pjlib-x86_64-x64-vc14-release:pool_caching.obj
 0002:00002540       ??_C@_0HG@KOIEHONM@C?3?2Users?2WerBinIch?2Documents?2gi@ 0000000140011540     pjlib-x86_64-x64-vc14-release:timer.obj
 0002:000025c0       ??_C@_0GD@IKDOJBHK@Bug?$CB?5Trying?5to?5remove?5entry?5?$CFp?5@ 00000001400115c0     pjlib-x86_64-x64-vc14-release:timer.obj
 0002:00002628       ??_C@_07PEGEGJOK@timer?4c@ 0000000140011628     pjlib-x86_64-x64-vc14-release:timer.obj
 0002:00002630       ??_C@_0CN@BCAOBBMI@Warning?$CB?5Rescheduling?5outstandi@ 0000000140011630     pjlib-x86_64-x64-vc14-release:timer.obj
 0002:00002660       ??_C@_0FD@OKAOJAGN@Bug?$CB?5Polling?5entry?5?$CFp?5from?5?$CFs?5l@ 0000000140011660     pjlib-x86_64-x64-vc14-release:timer.obj
 0002:000026c0       ??_C@_0HG@MOKOJEDC@C?3?2Users?2WerBinIch?2Documents?2gi@ 00000001400116c0     pjlib-x86_64-x64-vc14-release:types.obj
 0002:00002740       ??_C@_0HM@MMOOCFAF@C?3?2Users?2WerBinIch?2Documents?2gi@ 0000000140011740     pjlib-x86_64-x64-vc14-release:sock_common.obj
 0002:000027bc       PJ_AF_UNSPEC               00000001400117bc     pjlib-x86_64-x64-vc14-release:sock_bsd.obj
 0002:000027c0       PJ_AF_UNIX                 00000001400117c0     pjlib-x86_64-x64-vc14-release:sock_bsd.obj
 0002:000027c4       PJ_AF_INET                 00000001400117c4     pjlib-x86_64-x64-vc14-release:sock_bsd.obj
 0002:000027c8       PJ_AF_INET6                00000001400117c8     pjlib-x86_64-x64-vc14-release:sock_bsd.obj
 0002:000027cc       PJ_AF_PACKET               00000001400117cc     pjlib-x86_64-x64-vc14-release:sock_bsd.obj
 0002:000027d0       PJ_AF_IRDA                 00000001400117d0     pjlib-x86_64-x64-vc14-release:sock_bsd.obj
 0002:000027d4       PJ_SOCK_STREAM             00000001400117d4     pjlib-x86_64-x64-vc14-release:sock_bsd.obj
 0002:000027d8       PJ_SOCK_DGRAM              00000001400117d8     pjlib-x86_64-x64-vc14-release:sock_bsd.obj
 0002:000027dc       PJ_SOCK_RAW                00000001400117dc     pjlib-x86_64-x64-vc14-release:sock_bsd.obj
 0002:000027e0       PJ_SOCK_RDM                00000001400117e0     pjlib-x86_64-x64-vc14-release:sock_bsd.obj
 0002:000027e4       PJ_SOL_SOCKET              00000001400117e4     pjlib-x86_64-x64-vc14-release:sock_bsd.obj
 0002:000027e8       PJ_SOL_IP                  00000001400117e8     pjlib-x86_64-x64-vc14-release:sock_bsd.obj
 0002:000027ec       PJ_SOL_TCP                 00000001400117ec     pjlib-x86_64-x64-vc14-release:sock_bsd.obj
 0002:000027f0       PJ_SOL_UDP                 00000001400117f0     pjlib-x86_64-x64-vc14-release:sock_bsd.obj
 0002:000027f4       PJ_SOL_IPV6                00000001400117f4     pjlib-x86_64-x64-vc14-release:sock_bsd.obj
 0002:000027f8       PJ_IP_TOS                  00000001400117f8     pjlib-x86_64-x64-vc14-release:sock_bsd.obj
 0002:000027fc       PJ_IPTOS_LOWDELAY          00000001400117fc     pjlib-x86_64-x64-vc14-release:sock_bsd.obj
 0002:00002800       PJ_IPTOS_THROUGHPUT        0000000140011800     pjlib-x86_64-x64-vc14-release:sock_bsd.obj
 0002:00002804       PJ_IPTOS_RELIABILITY       0000000140011804     pjlib-x86_64-x64-vc14-release:sock_bsd.obj
 0002:00002808       PJ_IPTOS_MINCOST           0000000140011808     pjlib-x86_64-x64-vc14-release:sock_bsd.obj
 0002:0000280c       PJ_IPV6_TCLASS             000000014001180c     pjlib-x86_64-x64-vc14-release:sock_bsd.obj
 0002:00002810       PJ_SO_TYPE                 0000000140011810     pjlib-x86_64-x64-vc14-release:sock_bsd.obj
 0002:00002814       PJ_SO_RCVBUF               0000000140011814     pjlib-x86_64-x64-vc14-release:sock_bsd.obj
 0002:00002818       PJ_SO_SNDBUF               0000000140011818     pjlib-x86_64-x64-vc14-release:sock_bsd.obj
 0002:0000281c       PJ_TCP_NODELAY             000000014001181c     pjlib-x86_64-x64-vc14-release:sock_bsd.obj
 0002:00002820       PJ_SO_REUSEADDR            0000000140011820     pjlib-x86_64-x64-vc14-release:sock_bsd.obj
 0002:00002824       PJ_SO_NOSIGPIPE            0000000140011824     pjlib-x86_64-x64-vc14-release:sock_bsd.obj
 0002:00002828       PJ_SO_PRIORITY             0000000140011828     pjlib-x86_64-x64-vc14-release:sock_bsd.obj
 0002:0000282c       PJ_IP_MULTICAST_IF         000000014001182c     pjlib-x86_64-x64-vc14-release:sock_bsd.obj
 0002:00002830       PJ_IP_MULTICAST_TTL        0000000140011830     pjlib-x86_64-x64-vc14-release:sock_bsd.obj
 0002:00002834       PJ_IP_MULTICAST_LOOP       0000000140011834     pjlib-x86_64-x64-vc14-release:sock_bsd.obj
 0002:00002838       PJ_IP_ADD_MEMBERSHIP       0000000140011838     pjlib-x86_64-x64-vc14-release:sock_bsd.obj
 0002:0000283c       PJ_IP_DROP_MEMBERSHIP      000000014001183c     pjlib-x86_64-x64-vc14-release:sock_bsd.obj
 0002:00002840       PJ_MSG_OOB                 0000000140011840     pjlib-x86_64-x64-vc14-release:sock_bsd.obj
 0002:00002844       PJ_MSG_PEEK                0000000140011844     pjlib-x86_64-x64-vc14-release:sock_bsd.obj
 0002:00002848       PJ_MSG_DONTROUTE           0000000140011848     pjlib-x86_64-x64-vc14-release:sock_bsd.obj
 0002:00002850       ??_C@_0HJ@FIMAEFMM@C?3?2Users?2WerBinIch?2Documents?2gi@ 0000000140011850     pjlib-x86_64-x64-vc14-release:sock_bsd.obj
 0002:000028d0       ??_C@_0GB@HHNNKDBF@Received?5?$CFd?5consecutive?5errors?3@ 00000001400118d0     pjlib-x86_64-x64-vc14-release:activesock.obj
 0002:00002938       ??_C@_0CD@KFHCCJFN@?$CB?$CB?$CBFATAL?3?5unhandled?5exception?5?$CF@ 0000000140011938     pjlib-x86_64-x64-vc14-release:except.obj
 0002:00002960       ??_C@_08PDFMOJIE@except?4c@ 0000000140011960     pjlib-x86_64-x64-vc14-release:except.obj
 0002:00002970       ??_C@_0N@GJOLEKJC@?$DMInvalid?5ID?$DO@ 0000000140011970     pjlib-x86_64-x64-vc14-release:except.obj
 0002:00002980       ??_C@_0N@LJPLLMIL@exception?5?$CFd@ 0000000140011980     pjlib-x86_64-x64-vc14-release:except.obj
 0002:00002990       ??_C@_0HF@NBEBOKHE@C?3?2Users?2WerBinIch?2Documents?2gi@ 0000000140011990     pjlib-x86_64-x64-vc14-release:rand.obj
 0002:00002a08       PJ_GUID_STRING_LENGTH      0000000140011a08     pjlib-x86_64-x64-vc14-release:guid_win32.obj
 0002:00002a10       ??_C@_0HL@CBGAAIJG@C?3?2Users?2WerBinIch?2Documents?2gi@ 0000000140011a10     pjlib-x86_64-x64-vc14-release:guid_win32.obj
 0002:00002a90       ??_C@_08DOCHLGNA@config?4c@ 0000000140011a90     pjlib-x86_64-x64-vc14-release:config.obj
 0002:00002a9c       ??_C@_04FIDOICFN@2?410@    0000000140011a9c     pjlib-x86_64-x64-vc14-release:config.obj
 0002:00002aa8       __real@3ff0000000000000    0000000140011aa8     pjlib-x86_64-x64-vc14-release:os_timestamp_common.obj
 0002:00002ab0       __real@408f400000000000    0000000140011ab0     pjlib-x86_64-x64-vc14-release:os_timestamp_common.obj
 0002:00002ac0       ??_C@_0HM@EBJOKIJP@C?3?2Users?2WerBinIch?2Documents?2gi@ 0000000140011ac0     pjlib-x86_64-x64-vc14-release:sock_select.obj
 0002:00002e60       ??_C@_0CD@FNMHLHMI@Interrupted?5system?5call?5?$CIWSAEIN@ 0000000140011e60     pjlib-x86_64-x64-vc14-release:os_error_win32.obj
[...]
 0002:000047d0       $unwind$pj_timer_heap_schedule_dbg 00000001400137d0     pjlib-x86_64-x64-vc14-release:timer.obj
 0002:000047e4       $chain$0$pj_timer_heap_cancel 00000001400137e4     pjlib-x86_64-x64-vc14-release:timer.obj
 0002:000047f8       $chain$1$pj_timer_heap_cancel 00000001400137f8     pjlib-x86_64-x64-vc14-release:timer.obj
 0002:00004808       $unwind$pj_timer_heap_poll 0000000140013808     pjlib-x86_64-x64-vc14-release:timer.obj
 0002:00004814       $chain$5$pj_timer_heap_poll 0000000140013814     pjlib-x86_64-x64-vc14-release:timer.obj
 0002:0000483c       $chain$6$pj_timer_heap_poll 000000014001383c     pjlib-x86_64-x64-vc14-release:timer.obj
 0002:00004850       $unwind$reheap_up          0000000140013850     pjlib-x86_64-x64-vc14-release:timer.obj
 0002:00004864       $chain$0$reheap_up         0000000140013864     pjlib-x86_64-x64-vc14-release:timer.obj
 0002:00004878       $chain$1$reheap_up         0000000140013878     pjlib-x86_64-x64-vc14-release:timer.obj
 0002:00004888       $unwind$remove_node        0000000140013888     pjlib-x86_64-x64-vc14-release:timer.obj
 0002:0000489c       $chain$0$remove_node       000000014001389c     pjlib-x86_64-x64-vc14-release:timer.obj
 0002:000048b0       $chain$1$remove_node       00000001400138b0     pjlib-x86_64-x64-vc14-release:timer.obj
 0002:000048c0       $unwind$insert_node        00000001400138c0     pjlib-x86_64-x64-vc14-release:timer.obj
 0002:000048dc       $unwind$pj_sockaddr_init   00000001400138dc     pjlib-x86_64-x64-vc14-release:sock_common.obj
 0002:000048f4       $chain$0$pj_sockaddr_init  00000001400138f4     pjlib-x86_64-x64-vc14-release:sock_common.obj
 0002:00004908       $chain$1$pj_sockaddr_init  0000000140013908     pjlib-x86_64-x64-vc14-release:sock_common.obj
 0002:00004918       $unwind$pj_sockaddr_has_addr 0000000140013918     pjlib-x86_64-x64-vc14-release:sock_common.obj
 0002:00004928       $unwind$pj_sockaddr_in_set_str_addr 0000000140013928     pjlib-x86_64-x64-vc14-release:sock_common.obj
 0002:00004940       $unwind$pj_inet_aton       0000000140013940     pjlib-x86_64-x64-vc14-release:sock_bsd.obj
 0002:00004954       $unwind$pj_inet_pton       0000000140013954     pjlib-x86_64-x64-vc14-release:sock_bsd.obj
 0002:00004968       $chain$0$pj_inet_pton      0000000140013968     pjlib-x86_64-x64-vc14-release:sock_bsd.obj
 0002:0000497c       $chain$1$pj_inet_pton      000000014001397c     pjlib-x86_64-x64-vc14-release:sock_bsd.obj
 0002:0000498c       $chain$2$pj_inet_pton      000000014001398c     pjlib-x86_64-x64-vc14-release:sock_bsd.obj
 0002:000049a0       $unwind$pj_sock_socket     00000001400139a0     pjlib-x86_64-x64-vc14-release:sock_bsd.obj
 0002:000049b4       $unwind$pj_sock_getsockopt 00000001400139b4     pjlib-x86_64-x64-vc14-release:sock_bsd.obj
 0002:000049b4       $unwind$pj_sock_recvfrom   00000001400139b4     pjlib-x86_64-x64-vc14-release:sock_bsd.obj
 0002:000049b4       $unwind$pj_sock_sendto     00000001400139b4     pjlib-x86_64-x64-vc14-release:sock_bsd.obj
 0002:000049c8       $unwind$pj_activesock_create 00000001400139c8     pjlib-x86_64-x64-vc14-release:activesock.obj
 0002:000049dc       $chain$0$pj_activesock_create 00000001400139dc     pjlib-x86_64-x64-vc14-release:activesock.obj
 0002:000049f0       $chain$1$pj_activesock_create 00000001400139f0     pjlib-x86_64-x64-vc14-release:activesock.obj
 0002:00004a04       $chain$2$pj_activesock_create 0000000140013a04     pjlib-x86_64-x64-vc14-release:activesock.obj
 0002:00004a14       $chain$3$pj_activesock_create 0000000140013a14     pjlib-x86_64-x64-vc14-release:activesock.obj
 0002:00004a14       $chain$5$pj_activesock_create 0000000140013a14     pjlib-x86_64-x64-vc14-release:activesock.obj
 0002:00004a24       $chain$4$pj_activesock_create 0000000140013a24     pjlib-x86_64-x64-vc14-release:activesock.obj
 0002:00004a38       $unwind$pj_activesock_close 0000000140013a38     pjlib-x86_64-x64-vc14-release:activesock.obj
 0002:00004a44       $chain$1$pj_activesock_close 0000000140013a44     pjlib-x86_64-x64-vc14-release:activesock.obj
 0002:00004a58       $chain$2$pj_activesock_close 0000000140013a58     pjlib-x86_64-x64-vc14-release:activesock.obj
 0002:00004a68       $unwind$pj_activesock_start_read2 0000000140013a68     pjlib-x86_64-x64-vc14-release:activesock.obj
 0002:00004a74       $chain$2$pj_activesock_start_read2 0000000140013a74     pjlib-x86_64-x64-vc14-release:activesock.obj
 0002:00004a90       $chain$4$pj_activesock_start_read2 0000000140013a90     pjlib-x86_64-x64-vc14-release:activesock.obj
 0002:00004aac       $chain$5$pj_activesock_start_read2 0000000140013aac     pjlib-x86_64-x64-vc14-release:activesock.obj
 0002:00004abc       $unwind$pj_activesock_send 0000000140013abc     pjlib-x86_64-x64-vc14-release:activesock.obj
 0002:00004acc       $chain$1$pj_activesock_send 0000000140013acc     pjlib-x86_64-x64-vc14-release:activesock.obj
 0002:00004ae4       $chain$3$pj_activesock_send 0000000140013ae4     pjlib-x86_64-x64-vc14-release:activesock.obj
 0002:00004afc       $chain$4$pj_activesock_send 0000000140013afc     pjlib-x86_64-x64-vc14-release:activesock.obj
 0002:00004b0c       $unwind$ioqueue_on_read_complete 0000000140013b0c     pjlib-x86_64-x64-vc14-release:activesock.obj
 0002:00004b20       $unwind$ioqueue_on_write_complete 0000000140013b20     pjlib-x86_64-x64-vc14-release:activesock.obj
 0002:00004b30       $chain$0$ioqueue_on_write_complete 0000000140013b30     pjlib-x86_64-x64-vc14-release:activesock.obj
 0002:00004b44       $chain$1$ioqueue_on_write_complete 0000000140013b44     pjlib-x86_64-x64-vc14-release:activesock.obj
 0002:00004b54       $unwind$ioqueue_on_accept_complete 0000000140013b54     pjlib-x86_64-x64-vc14-release:activesock.obj
 0002:00004b54       $unwind$send_remaining     0000000140013b54     pjlib-x86_64-x64-vc14-release:activesock.obj
 0002:00004b64       $chain$0$ioqueue_on_accept_complete 0000000140013b64     pjlib-x86_64-x64-vc14-release:activesock.obj
 0002:00004b78       $chain$1$ioqueue_on_accept_complete 0000000140013b78     pjlib-x86_64-x64-vc14-release:activesock.obj
 0002:00004b88       $chain$2$ioqueue_on_accept_complete 0000000140013b88     pjlib-x86_64-x64-vc14-release:activesock.obj
 0002:00004b9c       $unwind$pj_generate_unique_string 0000000140013b9c     pjlib-x86_64-x64-vc14-release:guid_win32.obj
 0002:00004bac       $chain$0$pj_gettickcount   0000000140013bac     pjlib-x86_64-x64-vc14-release:os_timestamp_common.obj
 0002:00004bc0       $chain$2$pj_gettickcount   0000000140013bc0     pjlib-x86_64-x64-vc14-release:os_timestamp_common.obj
 0002:00004bd4       $chain$3$pj_gettickcount   0000000140013bd4     pjlib-x86_64-x64-vc14-release:os_timestamp_common.obj
 0002:00004be4       $unwind$pj_lock_create_recursive_mutex 0000000140013be4     pjlib-x86_64-x64-vc14-release:lock.obj
 0002:00004be4       $unwind$pj_lock_create_simple_mutex 0000000140013be4     pjlib-x86_64-x64-vc14-release:lock.obj
 0002:00004bf4       $chain$0$pj_lock_create_simple_mutex 0000000140013bf4     pjlib-x86_64-x64-vc14-release:lock.obj
 0002:00004c08       $chain$2$pj_lock_create_simple_mutex 0000000140013c08     pjlib-x86_64-x64-vc14-release:lock.obj
 0002:00004c1c       $chain$3$pj_lock_create_simple_mutex 0000000140013c1c     pjlib-x86_64-x64-vc14-release:lock.obj
 0002:00004c2c       $chain$0$pj_lock_create_recursive_mutex 0000000140013c2c     pjlib-x86_64-x64-vc14-release:lock.obj
 0002:00004c40       $chain$2$pj_lock_create_recursive_mutex 0000000140013c40     pjlib-x86_64-x64-vc14-release:lock.obj
 0002:00004c54       $chain$3$pj_lock_create_recursive_mutex 0000000140013c54     pjlib-x86_64-x64-vc14-release:lock.obj
 0002:00004c64       $unwind$grp_lock_destroy   0000000140013c64     pjlib-x86_64-x64-vc14-release:lock.obj
 0002:00004c70       $chain$0$grp_lock_destroy  0000000140013c70     pjlib-x86_64-x64-vc14-release:lock.obj
 0002:00004c84       $chain$2$grp_lock_destroy  0000000140013c84     pjlib-x86_64-x64-vc14-release:lock.obj
 0002:00004c9c       $chain$3$grp_lock_destroy  0000000140013c9c     pjlib-x86_64-x64-vc14-release:lock.obj
 0002:00004cb0       $chain$4$grp_lock_destroy  0000000140013cb0     pjlib-x86_64-x64-vc14-release:lock.obj
 0002:00004cc0       $unwind$pj_sock_select     0000000140013cc0     pjlib-x86_64-x64-vc14-release:sock_select.obj
 0002:00004cd4       $unwind$platform_strerror  0000000140013cd4     pjlib-x86_64-x64-vc14-release:os_error_win32.obj
 0002:00004ce8       $unwind$printf             0000000140013ce8     pjlib-x86_64-x64-vc14-release:log_writer_stdout.obj
 0002:00004cf4       $unwind$pj_gettimeofday    0000000140013cf4     pjlib-x86_64-x64-vc14-release:os_time_win32.obj
 0002:00004d08       $unwind$pj_time_decode     0000000140013d08     pjlib-x86_64-x64-vc14-release:os_time_win32.obj
 0002:00004d1c       $unwind$pj_pool_create_on_buf 0000000140013d1c     pjlib-x86_64-x64-vc14-release:pool_buf.obj
 0002:00004d2c       $unwind$default_block_alloc 0000000140013d2c     pjlib-x86_64-x64-vc14-release:pool_policy_malloc.obj
 0002:00004d3c       $unwind$pj_getaddrinfo     0000000140013d3c     pjlib-x86_64-x64-vc14-release:addr_resolv_sock.obj
 0002:00004d50       $chain$0$pj_getaddrinfo    0000000140013d50     pjlib-x86_64-x64-vc14-release:addr_resolv_sock.obj
 0002:00004d64       $chain$1$pj_getaddrinfo    0000000140013d64     pjlib-x86_64-x64-vc14-release:addr_resolv_sock.obj
 0002:00004d64       $chain$9$pj_getaddrinfo    0000000140013d64     pjlib-x86_64-x64-vc14-release:addr_resolv_sock.obj
 0002:00004d74       $chain$10$pj_getaddrinfo   0000000140013d74     pjlib-x86_64-x64-vc14-release:addr_resolv_sock.obj
 0002:00004d74       $chain$2$pj_getaddrinfo    0000000140013d74     pjlib-x86_64-x64-vc14-release:addr_resolv_sock.obj
 0002:00004d88       $chain$7$pj_getaddrinfo    0000000140013d88     pjlib-x86_64-x64-vc14-release:addr_resolv_sock.obj
 0002:00004dac       $unwind$__GSHandlerCheckCommon 0000000140013dac     MSVCRT:gshandler.obj
 0002:00004db8       $xdatasym                  0000000140013db8     MSVCRT:amdsecgs.obj
 0002:00004dbc       $unwind$?__scrt_common_main_seh@@YAHXZ 0000000140013dbc     MSVCRT:exe_main.obj
 0002:00004df4       $unwind$?filt$0@?0??__scrt_common_main_seh@@YAHXZ@4HA 0000000140013df4     MSVCRT:exe_main.obj
 0002:00004dfc       $unwind$__report_securityfailure 0000000140013dfc     MSVCRT:gs_report.obj
 0002:00004e04       $unwind$__report_gsfailure 0000000140013e04     MSVCRT:gs_report.obj
 0002:00004e0c       $unwind$capture_current_context 0000000140013e0c     MSVCRT:gs_report.obj
 0002:00004e18       $unwind$capture_previous_context 0000000140013e18     MSVCRT:gs_report.obj
 0002:00004e28       $xdatasym                  0000000140013e28     MSVCRT:chkstk.obj
 0002:00004e30       $unwind$__scrt_is_nonwritable_in_current_image 0000000140013e30     MSVCRT:utility.obj
 0002:00004e50       $unwind$__scrt_is_nonwritable_in_current_image$filt$0 0000000140013e50     MSVCRT:utility.obj
 0002:00004e58       $unwind$__security_init_cookie 0000000140013e58     MSVCRT:gs_support.obj
 0002:00004e64       $unwind$__scrt_fastfail    0000000140013e64     MSVCRT:utility_desktop.obj
 0002:00004e74       $unwind$__isa_available_init 0000000140013e74     MSVCRT:cpu_disp.obj
 0002:00004e88       $xdatasym                  0000000140013e88     MSVCRT:guard_dispatch.obj
 0002:00004e90       $xdatasym                  0000000140013e90     MSVCRT:guard_xfg_dispatch.obj
 0002:00005380       .idata$6                   0000000140014380     ole32:ole32.dll
 0002:000053ba       .idata$6                   00000001400143ba     ws2_32:WS2_32.dll
 0002:000056d0       .idata$6                   00000001400146d0     kernel32:KERNEL32.dll
 0002:00005786       .idata$6                   0000000140014786     vcruntime:VCRUNTIME140.dll
 0002:00005a20       .idata$6                   0000000140014a20     ucrt:api-ms-win-crt-stdio-l1-1-0.dll
 0002:00005a40       .idata$6                   0000000140014a40     ucrt:api-ms-win-crt-string-l1-1-0.dll
 0002:00005a62       .idata$6                   0000000140014a62     ucrt:api-ms-win-crt-utility-l1-1-0.dll
 0002:00005a84       .idata$6                   0000000140014a84     ucrt:api-ms-win-crt-math-l1-1-0.dll
 0002:00005aa4       .idata$6                   0000000140014aa4     ucrt:api-ms-win-crt-heap-l1-1-0.dll
 0002:00005ac4       .idata$6                   0000000140014ac4     ucrt:api-ms-win-crt-runtime-l1-1-0.dll
 0002:00005ae6       .idata$6                   0000000140014ae6     ucrt:api-ms-win-crt-locale-l1-1-0.dll
 0003:00000000       $SG31250                   0000000140015000     httpdemo.obj
 0003:00000010       $SG31251                   0000000140015010     httpdemo.obj
 0003:0000001c       $SG31337                   000000014001501c     httpdemo.obj
 0003:00000020       $SG31254                   0000000140015020     httpdemo.obj
 0003:00000030       $SG31255                   0000000140015030     httpdemo.obj
 0003:00000040       $SG31257                   0000000140015040     httpdemo.obj
 0003:00000050       $SG31258                   0000000140015050     httpdemo.obj
 0003:00000060       $SG31296                   0000000140015060     httpdemo.obj
 0003:00000088       $SG31297                   0000000140015088     httpdemo.obj
 0003:00000098       $SG31299                   0000000140015098     httpdemo.obj
 0003:000000b4       $SG31339                   00000001400150b4     httpdemo.obj
 0003:000000c0       $SG31300                   00000001400150c0     httpdemo.obj
 0003:000000d0       $SG31334                   00000001400150d0     httpdemo.obj
 0003:000000f8       $SG31340                   00000001400150f8     httpdemo.obj
 0003:00000108       http_protocol_names        0000000140015108     pjlib-util-x86_64-x64-vc14-release:http_client.obj
 0003:00000118       http_method_names          0000000140015118     pjlib-util-x86_64-x64-vc14-release:http_client.obj
 0003:00000130       thread_tls_id              0000000140015130     pjlib-x86_64-x64-vc14-release:os_core_win32.obj
 0003:00000138       pj_log_max_level           0000000140015138     pjlib-x86_64-x64-vc14-release:log.obj
 0003:0000013c       thread_suspended_tls_id    000000014001513c     pjlib-x86_64-x64-vc14-release:log.obj
 0003:00000140       thread_indent_tls_id       0000000140015140     pjlib-x86_64-x64-vc14-release:log.obj
 0003:00000144       log_decor                  0000000140015144     pjlib-x86_64-x64-vc14-release:log.obj
 0003:00000148       log_writer                 0000000140015148     pjlib-x86_64-x64-vc14-release:log.obj
 0003:00000150       PJ_LOG_COLOR_0             0000000140015150     pjlib-x86_64-x64-vc14-release:log.obj
 0003:00000154       PJ_LOG_COLOR_1             0000000140015154     pjlib-x86_64-x64-vc14-release:log.obj
 0003:00000158       PJ_LOG_COLOR_2             0000000140015158     pjlib-x86_64-x64-vc14-release:log.obj
 0003:0000015c       PJ_LOG_COLOR_3             000000014001515c     pjlib-x86_64-x64-vc14-release:log.obj
 0003:00000160       PJ_LOG_COLOR_4             0000000140015160     pjlib-x86_64-x64-vc14-release:log.obj
 0003:00000164       PJ_LOG_COLOR_5             0000000140015164     pjlib-x86_64-x64-vc14-release:log.obj
 0003:00000168       PJ_LOG_COLOR_6             0000000140015168     pjlib-x86_64-x64-vc14-release:log.obj
 0003:0000016c       PJ_LOG_COLOR_77            000000014001516c     pjlib-x86_64-x64-vc14-release:log.obj
 0003:00000170       ?ltexts@?2??pj_log@@9@9    0000000140015170     pjlib-x86_64-x64-vc14-release:log.obj
 0003:000001a8       ?wdays@?3??pj_log@@9@9     00000001400151a8     pjlib-x86_64-x64-vc14-release:log.obj
 0003:000001e0       pool_sizes                 00000001400151e0     pjlib-x86_64-x64-vc14-release:pool_caching.obj
 0003:00000260       thread_local_id            0000000140015260     pjlib-x86_64-x64-vc14-release:except.obj
 0003:00000268       ?hex@?1??hex2digit@@9@9    0000000140015268     pjlib-x86_64-x64-vc14-release:guid_win32.obj
 0003:00000280       id                         0000000140015280     pjlib-x86_64-x64-vc14-release:config.obj
 0003:00000288       mutex_lock_template        0000000140015288     pjlib-x86_64-x64-vc14-release:lock.obj
 0003:000002b0       null_lock_template         00000001400152b0     pjlib-x86_64-x64-vc14-release:lock.obj
 0003:000002d8       sem_lock_template          00000001400152d8     pjlib-x86_64-x64-vc14-release:lock.obj
 0003:00000300       tls                        0000000140015300     pjlib-x86_64-x64-vc14-release:pool_buf.obj
 0003:00000380       timer_heap                 0000000140015380     httpdemo.obj
 0003:00000388       ioqueue                    0000000140015388     httpdemo.obj
 0003:00000390       pool                       0000000140015390     httpdemo.obj
 0003:00000398       http_req                   0000000140015398     httpdemo.obj
 0003:000003a0       mem                        00000001400153a0     httpdemo.obj
 0003:000003a8       f                          00000001400153a8     httpdemo.obj
 0003:000003b0       initialized                00000001400153b0     pjlib-x86_64-x64-vc14-release:os_core_win32.obj
 0003:000003b4       atexit_count               00000001400153b4     pjlib-x86_64-x64-vc14-release:os_core_win32.obj
 0003:000003c0       main_thread                00000001400153c0     pjlib-x86_64-x64-vc14-release:os_core_win32.obj
 0003:000004c0       critical_section_mutex     00000001400154c0     pjlib-x86_64-x64-vc14-release:os_core_win32.obj
 0003:00000510       atexit_func                0000000140015510     pjlib-x86_64-x64-vc14-release:os_core_win32.obj
 0003:00000610       err_msg_hnd_cnt            0000000140015610     pjlib-x86_64-x64-vc14-release:errno.obj
 0003:00000620       err_msg_hnd                0000000140015620     pjlib-x86_64-x64-vc14-release:errno.obj
 0003:000006c0       g_last_thread              00000001400156c0     pjlib-x86_64-x64-vc14-release:log.obj
 0003:000006d0       ?buf@?1??pj_gethostname@@9@9 00000001400156d0     pjlib-x86_64-x64-vc14-release:sock_bsd.obj
 0003:00000750       ?hostname@?1??pj_gethostname@@9@9 0000000140015750     pjlib-x86_64-x64-vc14-release:sock_bsd.obj
 0003:00000760       exception_id_names         0000000140015760     pjlib-x86_64-x64-vc14-release:except.obj
 0003:000007e0       ?unknown_name@?1??pj_exception_id_name@@9@9 00000001400157e0     pjlib-x86_64-x64-vc14-release:except.obj
 0003:00000800       base_time                  0000000140015800     pjlib-x86_64-x64-vc14-release:os_time_win32.obj
 0003:00000810       stack_based_factory        0000000140015810     pjlib-x86_64-x64-vc14-release:pool_buf.obj
 0003:00000858       is_initialized             0000000140015858     pjlib-x86_64-x64-vc14-release:pool_buf.obj
 0003:00000860       s_hDLL                     0000000140015860     pjlib-x86_64-x64-vc14-release:ip_helper_win32.obj
 0003:00000868       s_pfnGetIpAddrTable        0000000140015868     pjlib-x86_64-x64-vc14-release:ip_helper_win32.obj
 0003:00000870       s_pfnGetAdapterAddresses   0000000140015870     pjlib-x86_64-x64-vc14-release:ip_helper_win32.obj
 0003:00000878       s_pfnGetIpForwardTable     0000000140015878     pjlib-x86_64-x64-vc14-release:ip_helper_win32.obj
 0003:00000880       s_pfnGetIfEntry            0000000140015880     pjlib-x86_64-x64-vc14-release:ip_helper_win32.obj
 0003:00000890       GS_ExceptionRecord         0000000140015890     MSVCRT:gs_report.obj
 0003:00000930       GS_ContextRecord           0000000140015930     MSVCRT:gs_report.obj
 0003:00000e10       ?is_initialized_as_dll@@3_NA 0000000140015e10     MSVCRT:utility.obj
 0003:00000e11       ?module_local_atexit_table_initialized@@3_NA 0000000140015e11     MSVCRT:utility.obj
 0003:00000e18       ?module_local_atexit_table@@3U_onexit_table_t@@A 0000000140015e18     MSVCRT:utility.obj
 0003:00000e30       ?module_local_at_quick_exit_table@@3U_onexit_table_t@@A 0000000140015e30     MSVCRT:utility.obj
