 recfile

 Timestamp is 5f95b145 (Sun Oct 25 18:09:25 2020)

 Preferred load address is 0000000140000000

 Start         Length     Name                   Class
 0001:00000000 0002a6e0H .text$mn                CODE
 0001:0002a6e0 00000012H .text$mn$00             CODE
 0001:0002a6f2 00000036H .text$x                 CODE
 0002:00000000 000004b0H .idata$5                DATA
 0002:000004b0 00000010H .00cfg                  DATA
 0002:000004c0 00000008H .CRT$XCA                DATA
 0002:000004c8 00000008H .CRT$XCAA               DATA
 0002:000004d0 00000008H .CRT$XCZ                DATA
 0002:000004d8 00000008H .CRT$XIA                DATA
 0002:000004e0 00000008H .CRT$XIAA               DATA
 0002:000004e8 00000008H .CRT$XIAC               DATA
 0002:000004f0 00000008H .CRT$XIZ                DATA
 0002:000004f8 00000008H .CRT$XPA                DATA
 0002:00000500 00000008H .CRT$XPZ                DATA
 0002:00000508 00000008H .CRT$XTA                DATA
 0002:00000510 00000010H .CRT$XTZ                DATA
 0002:00000520 000108d4H .rdata                  DATA
 0002:00010df4 0000026cH .rdata$zzzdbg           DATA
 0002:00011060 00000008H .rtc$IAA                DATA
 0002:00011068 00000008H .rtc$IZZ                DATA
 0002:00011070 00000008H .rtc$TAA                DATA
 0002:00011078 00000008H .rtc$TZZ                DATA
 0002:00011080 000032dcH .xdata                  DATA
 0002:0001435c 00000000H .edata                  DATA
 0002:0001435c 000000f0H .idata$2                DATA
 0002:0001444c 00000014H .idata$3                DATA
 0002:00014460 000004b0H .idata$4                DATA
 0002:00014910 00000972H .idata$6                DATA
 0003:00000000 00000da0H .data                   DATA
 0003:00000da0 000020f8H .bss                    DATA
 0004:00000000 00002904H .pdata                  DATA
 0005:00000000 0000001cH .gfids$y                DATA
 0006:00000000 00001750H _RDATA                  DATA

  Address         Publics by Value              Rva+Base               Lib:Object

 0000:00000000       __dynamic_value_reloc_table 0000000000000000     <absolute>
 0000:00000000       __guard_iat_count          0000000000000000     <absolute>
 0000:00000000       __guard_fids_count         0000000000000000     <absolute>
 0000:00000000       __guard_iat_table          0000000000000000     <absolute>
 0000:00000000       ___safe_se_handler_table   0000000000000000     <absolute>
 0000:00000000       ___safe_se_handler_count   0000000000000000     <absolute>
 0000:00000000       __guard_longjmp_table      0000000000000000     <absolute>
 0000:00000000       __guard_longjmp_count      0000000000000000     <absolute>
 0000:00000000       __guard_fids_table         0000000000000000     <absolute>
 0000:00000100       __guard_flags              0000000000000100     <absolute>
 0000:00000000       __ImageBase                0000000140000000     <linker-defined>
 0001:000001d0       main                       00000001400011d0 f   recfile.obj
 0001:000004b0       __local_stdio_printf_options 00000001400014b0 f i recfile.obj
 0001:000004c0       printf                     00000001400014c0 f i recfile.obj
 0001:00000520       pjmedia_aud_subsys_init    0000000140001520 f   pjmedia-audiodev-x86_64-x64-vc14-release:audiodev.obj
 0001:000005e0       pjmedia_aud_subsys_shutdown 00000001400015e0 f   pjmedia-audiodev-x86_64-x64-vc14-release:audiodev.obj
 0001:00000630       _snprintf                  0000000140001630 f i pjmedia-audiodev-x86_64-x64-vc14-release:errno.obj
 0001:00000690       pjmedia_audiodev_strerror  0000000140001690 f   pjmedia-audiodev-x86_64-x64-vc14-release:errno.obj
 0001:00001e70       pjmedia_wmme_factory       0000000140002e70 f   pjmedia-audiodev-x86_64-x64-vc14-release:wmme_dev.obj
 0001:00002490       pjmedia_port_destroy       0000000140003490 f   pjmedia-x86_64-x64-vc14-release:port.obj
 0001:000024b0       pjmedia_port_get_frame     00000001400034b0 f   pjmedia-x86_64-x64-vc14-release:port.obj
 0001:000024e0       pjmedia_port_info_init     00000001400034e0 f   pjmedia-x86_64-x64-vc14-release:port.obj
 0001:00002590       pjmedia_port_put_frame     0000000140003590 f   pjmedia-x86_64-x64-vc14-release:port.obj
 0001:000025c0       pjmedia_endpt_create2      00000001400035c0 f   pjmedia-x86_64-x64-vc14-release:endpoint.obj
 0001:000027c0       pjmedia_endpt_destroy2     00000001400037c0 f   pjmedia-x86_64-x64-vc14-release:endpoint.obj
 0001:00002850       pjmedia_endpt_stop_threads 0000000140003850 f   pjmedia-x86_64-x64-vc14-release:endpoint.obj
 0001:000028e0       sprintf                    00000001400038e0 f i pjmedia-x86_64-x64-vc14-release:endpoint.obj
 0001:000029a0       pjmedia_snd_port_connect   00000001400039a0 f   pjmedia-x86_64-x64-vc14-release:sound_port.obj
 0001:00002a80       pjmedia_snd_port_create2   0000000140003a80 f   pjmedia-x86_64-x64-vc14-release:sound_port.obj
 0001:00002c20       pjmedia_snd_port_create_rec 0000000140003c20 f   pjmedia-x86_64-x64-vc14-release:sound_port.obj
 0001:00002d00       pjmedia_snd_port_destroy   0000000140003d00 f   pjmedia-x86_64-x64-vc14-release:sound_port.obj
 0001:00002d70       pjmedia_snd_port_set_ec    0000000140003d70 f   pjmedia-x86_64-x64-vc14-release:sound_port.obj
 0001:00003870       pjmedia_wav_writer_port_create 0000000140004870 f   pjmedia-x86_64-x64-vc14-release:wav_writer.obj
 0001:00003cb0       pjmedia_aud_dev_default_param 0000000140004cb0 f   pjmedia-x86_64-x64-vc14-release:audiodev.obj
 0001:00003d40       pjmedia_aud_dev_get_info   0000000140004d40 f   pjmedia-x86_64-x64-vc14-release:audiodev.obj
 0001:00003da0       pjmedia_aud_driver_deinit  0000000140004da0 f   pjmedia-x86_64-x64-vc14-release:audiodev.obj
 0001:00003e10       pjmedia_aud_driver_init    0000000140004e10 f   pjmedia-x86_64-x64-vc14-release:audiodev.obj
 0001:00004060       pjmedia_aud_stream_create  0000000140005060 f   pjmedia-x86_64-x64-vc14-release:audiodev.obj
 0001:00004200       pjmedia_aud_stream_destroy 0000000140005200 f   pjmedia-x86_64-x64-vc14-release:audiodev.obj
 0001:00004210       pjmedia_aud_stream_get_cap 0000000140005210 f   pjmedia-x86_64-x64-vc14-release:audiodev.obj
 0001:00004220       pjmedia_aud_stream_get_param 0000000140005220 f   pjmedia-x86_64-x64-vc14-release:audiodev.obj
 0001:000042e0       pjmedia_aud_stream_set_cap 00000001400052e0 f   pjmedia-x86_64-x64-vc14-release:audiodev.obj
 0001:000042f0       pjmedia_aud_stream_start   00000001400052f0 f   pjmedia-x86_64-x64-vc14-release:audiodev.obj
 0001:00004300       pjmedia_aud_stream_stop    0000000140005300 f   pjmedia-x86_64-x64-vc14-release:audiodev.obj
 0001:00004310       pjmedia_get_aud_subsys     0000000140005310 f   pjmedia-x86_64-x64-vc14-release:audiodev.obj
 0001:00004440       pjmedia_event_init         0000000140005440 f   pjmedia-x86_64-x64-vc14-release:event.obj
 0001:000044a0       pjmedia_event_publish      00000001400054a0 f   pjmedia-x86_64-x64-vc14-release:event.obj
 0001:00004680       pjmedia_event_subscribe    0000000140005680 f   pjmedia-x86_64-x64-vc14-release:event.obj
 0001:00004780       pjmedia_event_unsubscribe  0000000140005780 f   pjmedia-x86_64-x64-vc14-release:event.obj
 0001:00004890       pjmedia_format_get_audio_format_detail 0000000140005890 f   pjmedia-x86_64-x64-vc14-release:format.obj
 0001:000048a0       pjmedia_sdp_attr_create    00000001400058a0 f   pjmedia-x86_64-x64-vc14-release:sdp.obj
 0001:00004950       pjmedia_sdp_attr_find      0000000140005950 f   pjmedia-x86_64-x64-vc14-release:sdp.obj
 0001:00004a00       pjmedia_sdp_media_deactivate 0000000140005a00 f   pjmedia-x86_64-x64-vc14-release:sdp.obj
 0001:00004a20       pjmedia_sdp_media_find_attr 0000000140005a20 f   pjmedia-x86_64-x64-vc14-release:sdp.obj
 0001:00004a50       pjmedia_sdp_transport_get_proto 0000000140005a50 f   pjmedia-x86_64-x64-vc14-release:sdp.obj
 0001:00004bb0       pjmedia_codec_mgr_destroy  0000000140005bb0 f   pjmedia-x86_64-x64-vc14-release:codec.obj
 0001:00004c60       pjmedia_codec_mgr_init     0000000140005c60 f   pjmedia-x86_64-x64-vc14-release:codec.obj
 0001:00004cf0       pjmedia_strerror           0000000140005cf0 f   pjmedia-x86_64-x64-vc14-release:errno.obj
 0001:00004e50       pjmedia_clock_src_init     0000000140005e50 f   pjmedia-x86_64-x64-vc14-release:clock_thread.obj
 0001:00004e90       pjmedia_clock_src_update   0000000140005e90 f   pjmedia-x86_64-x64-vc14-release:clock_thread.obj
 0001:00004ed0       pjmedia_echo_capture       0000000140005ed0 f   pjmedia-x86_64-x64-vc14-release:echo_common.obj
 0001:00004fd0       pjmedia_echo_create2       0000000140005fd0 f   pjmedia-x86_64-x64-vc14-release:echo_common.obj
 0001:00005220       pjmedia_echo_destroy       0000000140006220 f   pjmedia-x86_64-x64-vc14-release:echo_common.obj
 0001:00005260       pjmedia_echo_playback      0000000140006260 f   pjmedia-x86_64-x64-vc14-release:echo_common.obj
 0001:00005330       pjmedia_echo_stat_default  0000000140006330 f   pjmedia-x86_64-x64-vc14-release:echo_common.obj
 0001:000071a0       get_libsrtp_errstr         00000001400081a0 f   pjmedia-x86_64-x64-vc14-release:transport_srtp.obj
 0001:000074b0       pjmedia_transport_srtp_start 00000001400084b0 f   pjmedia-x86_64-x64-vc14-release:transport_srtp.obj
 0001:00007a60       pjmedia_transport_srtp_stop 0000000140008a60 f   pjmedia-x86_64-x64-vc14-release:transport_srtp.obj
 0001:00008290       echo_supp_cancel_echo      0000000140009290 f   pjmedia-x86_64-x64-vc14-release:echo_suppress.obj
 0001:000085d0       echo_supp_create           00000001400095d0 f   pjmedia-x86_64-x64-vc14-release:echo_suppress.obj
 0001:00008740       echo_supp_get_stat         0000000140009740 f   pjmedia-x86_64-x64-vc14-release:echo_suppress.obj
 0001:000088a0       echo_supp_reset            00000001400098a0 f   pjmedia-x86_64-x64-vc14-release:echo_suppress.obj
 0001:00008ff0       speex_aec_cancel_echo      0000000140009ff0 f   pjmedia-x86_64-x64-vc14-release:echo_speex.obj
 0001:00009100       speex_aec_capture          000000014000a100 f   pjmedia-x86_64-x64-vc14-release:echo_speex.obj
 0001:000091f0       speex_aec_create           000000014000a1f0 f   pjmedia-x86_64-x64-vc14-release:echo_speex.obj
 0001:000093c0       speex_aec_destroy          000000014000a3c0 f   pjmedia-x86_64-x64-vc14-release:echo_speex.obj
 0001:00009480       speex_aec_playback         000000014000a480 f   pjmedia-x86_64-x64-vc14-release:echo_speex.obj
 0001:000094f0       speex_aec_reset            000000014000a4f0 f   pjmedia-x86_64-x64-vc14-release:echo_speex.obj
 0001:00009720       pjmedia_delay_buf_create   000000014000a720 f   pjmedia-x86_64-x64-vc14-release:delaybuf.obj
 0001:000098e0       pjmedia_delay_buf_destroy  000000014000a8e0 f   pjmedia-x86_64-x64-vc14-release:delaybuf.obj
 0001:00009950       pjmedia_delay_buf_get      000000014000a950 f   pjmedia-x86_64-x64-vc14-release:delaybuf.obj
 0001:00009ac0       pjmedia_delay_buf_put      000000014000aac0 f   pjmedia-x86_64-x64-vc14-release:delaybuf.obj
 0001:00009d90       pjmedia_calc_avg_signal    000000014000ad90 f   pjmedia-x86_64-x64-vc14-release:silencedet.obj
 0001:0000ab70       pjmedia_wsola_create       000000014000bb70 f   pjmedia-x86_64-x64-vc14-release:wsola.obj
 0001:0000ad90       pjmedia_wsola_discard      000000014000bd90 f   pjmedia-x86_64-x64-vc14-release:wsola.obj
 0001:0000b010       pjmedia_wsola_generate     000000014000c010 f   pjmedia-x86_64-x64-vc14-release:wsola.obj
 0001:0000b0e0       pjmedia_wsola_save         000000014000c0e0 f   pjmedia-x86_64-x64-vc14-release:wsola.obj
 0001:0000b530       pj_base64_decode           000000014000c530 f   pjlib-util-x86_64-x64-vc14-release:base64.obj
 0001:0000b710       pj_base64_encode           000000014000c710 f   pjlib-util-x86_64-x64-vc14-release:base64.obj
 0001:0000b980       pj_atexit                  000000014000c980 f   pjlib-x86_64-x64-vc14-release:os_core_win32.obj
 0001:0000b9b0       pj_atomic_dec_and_get      000000014000c9b0 f   pjlib-x86_64-x64-vc14-release:os_core_win32.obj
 0001:0000ba10       pj_atomic_destroy          000000014000ca10 f   pjlib-x86_64-x64-vc14-release:os_core_win32.obj
 0001:0000ba20       pj_atomic_inc              000000014000ca20 f   pjlib-x86_64-x64-vc14-release:os_core_win32.obj
 0001:0000ba30       pj_atomic_inc_and_get      000000014000ca30 f   pjlib-x86_64-x64-vc14-release:os_core_win32.obj
 0001:0000baa0       pj_enter_critical_section  000000014000caa0 f   pjlib-x86_64-x64-vc14-release:os_core_win32.obj
 0001:0000bb10       pj_init                    000000014000cb10 f   pjlib-x86_64-x64-vc14-release:os_core_win32.obj
 0001:0000bc70       pj_leave_critical_section  000000014000cc70 f   pjlib-x86_64-x64-vc14-release:os_core_win32.obj
 0001:0000bce0       pj_mutex_create            000000014000cce0 f   pjlib-x86_64-x64-vc14-release:os_core_win32.obj
 0001:0000bd60       pj_mutex_create_simple     000000014000cd60 f   pjlib-x86_64-x64-vc14-release:os_core_win32.obj
 0001:0000bd60       pj_mutex_create_recursive  000000014000cd60 f   pjlib-x86_64-x64-vc14-release:os_core_win32.obj
 0001:0000bde0       pj_mutex_destroy           000000014000cde0 f   pjlib-x86_64-x64-vc14-release:os_core_win32.obj
 0001:0000be60       pj_mutex_lock              000000014000ce60 f   pjlib-x86_64-x64-vc14-release:os_core_win32.obj
 0001:0000bee0       pj_mutex_trylock           000000014000cee0 f   pjlib-x86_64-x64-vc14-release:os_core_win32.obj
 0001:0000bf70       pj_mutex_unlock            000000014000cf70 f   pjlib-x86_64-x64-vc14-release:os_core_win32.obj
 0001:0000bff0       pj_sem_destroy             000000014000cff0 f   pjlib-x86_64-x64-vc14-release:os_core_win32.obj
 0001:0000c0a0       pj_sem_post                000000014000d0a0 f   pjlib-x86_64-x64-vc14-release:os_core_win32.obj
 0001:0000c150       pj_sem_trywait             000000014000d150 f   pjlib-x86_64-x64-vc14-release:os_core_win32.obj
 0001:0000c1c0       pj_sem_wait                000000014000d1c0 f   pjlib-x86_64-x64-vc14-release:os_core_win32.obj
 0001:0000c330       pj_shutdown                000000014000d330 f   pjlib-x86_64-x64-vc14-release:os_core_win32.obj
 0001:0000c4b0       pj_term_set_color          000000014000d4b0 f   pjlib-x86_64-x64-vc14-release:os_core_win32.obj
 0001:0000c5a0       pj_thread_check_stack      000000014000d5a0 f   pjlib-x86_64-x64-vc14-release:os_core_win32.obj
 0001:0000c600       pj_thread_create           000000014000d600 f   pjlib-x86_64-x64-vc14-release:os_core_win32.obj
 0001:0000c7c0       pj_thread_destroy          000000014000d7c0 f   pjlib-x86_64-x64-vc14-release:os_core_win32.obj
 0001:0000c870       pj_thread_get_name         000000014000d870 f   pjlib-x86_64-x64-vc14-release:os_core_win32.obj
 0001:0000c8e0       pj_thread_init             000000014000d8e0 f   pjlib-x86_64-x64-vc14-release:os_core_win32.obj
 0001:0000c940       pj_thread_join             000000014000d940 f   pjlib-x86_64-x64-vc14-release:os_core_win32.obj
 0001:0000ca40       pj_thread_local_alloc      000000014000da40 f   pjlib-x86_64-x64-vc14-release:os_core_win32.obj
 0001:0000cab0       pj_thread_local_free       000000014000dab0 f   pjlib-x86_64-x64-vc14-release:os_core_win32.obj
 0001:0000cb10       pj_thread_local_get        000000014000db10 f   pjlib-x86_64-x64-vc14-release:os_core_win32.obj
 0001:0000cb20       pj_thread_local_set        000000014000db20 f   pjlib-x86_64-x64-vc14-release:os_core_win32.obj
 0001:0000cb70       pj_thread_register         000000014000db70 f   pjlib-x86_64-x64-vc14-release:os_core_win32.obj
 0001:0000cc80       pj_thread_sleep            000000014000dc80 f   pjlib-x86_64-x64-vc14-release:os_core_win32.obj
 0001:0000cce0       pj_thread_this             000000014000dce0 f   pjlib-x86_64-x64-vc14-release:os_core_win32.obj
 0001:0000cd80       pj_pool_alloc              000000014000dd80 f   pjlib-x86_64-x64-vc14-release:pool.obj
 0001:0000cdd0       pj_pool_allocate_find      000000014000ddd0 f   pjlib-x86_64-x64-vc14-release:pool.obj
 0001:0000cf10       pj_pool_calloc             000000014000df10 f   pjlib-x86_64-x64-vc14-release:pool.obj
 0001:0000cf80       pj_pool_create             000000014000df80 f   pjlib-x86_64-x64-vc14-release:pool.obj
 0001:0000d040       pj_pool_create_int         000000014000e040 f   pjlib-x86_64-x64-vc14-release:pool.obj
 0001:0000d130       pj_pool_destroy_int        000000014000e130 f   pjlib-x86_64-x64-vc14-release:pool.obj
 0001:0000d170       pj_pool_get_capacity       000000014000e170 f   pjlib-x86_64-x64-vc14-release:pool.obj
 0001:0000d180       pj_pool_get_used_size      000000014000e180 f   pjlib-x86_64-x64-vc14-release:pool.obj
 0001:0000d1c0       pj_pool_getobjname         000000014000e1c0 f   pjlib-x86_64-x64-vc14-release:pool.obj
 0001:0000d1d0       pj_pool_init_int           000000014000e1d0 f   pjlib-x86_64-x64-vc14-release:pool.obj
 0001:0000d270       pj_pool_release            000000014000e270 f   pjlib-x86_64-x64-vc14-release:pool.obj
 0001:0000d290       pj_pool_reset              000000014000e290 f   pjlib-x86_64-x64-vc14-release:pool.obj
 0001:0000d7a0       pj_caching_pool_destroy    000000014000e7a0 f   pjlib-x86_64-x64-vc14-release:pool_caching.obj
 0001:0000d8b0       pj_caching_pool_init       000000014000e8b0 f   pjlib-x86_64-x64-vc14-release:pool_caching.obj
 0001:0000d9e0       pj_errno_clear_handlers    000000014000e9e0 f   pjlib-x86_64-x64-vc14-release:errno.obj
 0001:0000da00       pj_perror_3                000000014000ea00 f   pjlib-x86_64-x64-vc14-release:errno.obj
 0001:0000da30       pj_perror_4                000000014000ea30 f   pjlib-x86_64-x64-vc14-release:errno.obj
 0001:0000da60       pj_perror_5                000000014000ea60 f   pjlib-x86_64-x64-vc14-release:errno.obj
 0001:0000db70       pj_register_strerror       000000014000eb70 f   pjlib-x86_64-x64-vc14-release:errno.obj
 0001:0000dc90       pj_strerror                000000014000ec90 f   pjlib-x86_64-x64-vc14-release:errno.obj
 0001:0000df60       pj_str                     000000014000ef60 f   pjlib-x86_64-x64-vc14-release:string.obj
 0001:0000df90       pj_strcmp                  000000014000ef90 f   pjlib-x86_64-x64-vc14-release:string.obj
 0001:0000e010       pj_strcspn                 000000014000f010 f   pjlib-x86_64-x64-vc14-release:string.obj
 0001:0000e070       pj_strcspn2                000000014000f070 f   pjlib-x86_64-x64-vc14-release:string.obj
 0001:0000e0d0       pj_strdup                  000000014000f0d0 f   pjlib-x86_64-x64-vc14-release:string.obj
 0001:0000e120       pj_strdup2                 000000014000f120 f   pjlib-x86_64-x64-vc14-release:string.obj
 0001:0000e1a0       pj_strdup_with_null        000000014000f1a0 f   pjlib-x86_64-x64-vc14-release:string.obj
 0001:0000e1f0       pj_stricmp                 000000014000f1f0 f   pjlib-x86_64-x64-vc14-release:string.obj
 0001:0000e280       pj_stricmp2                000000014000f280 f   pjlib-x86_64-x64-vc14-release:string.obj
 0001:0000e330       pj_strncpy_with_null       000000014000f330 f   pjlib-x86_64-x64-vc14-release:string.obj
 0001:0000e380       pj_strspn                  000000014000f380 f   pjlib-x86_64-x64-vc14-release:string.obj
 0001:0000e400       pj_strspn2                 000000014000f400 f   pjlib-x86_64-x64-vc14-release:string.obj
 0001:0000e480       pj_strtok                  000000014000f480 f   pjlib-x86_64-x64-vc14-release:string.obj
 0001:0000e520       pj_strtok2                 000000014000f520 f   pjlib-x86_64-x64-vc14-release:string.obj
 0001:0000e5c0       pj_strtoul                 000000014000f5c0 f   pjlib-x86_64-x64-vc14-release:string.obj
 0001:0000e650       pj_strtoul2                000000014000f650 f   pjlib-x86_64-x64-vc14-release:string.obj
 0001:0000e740       pj_utoa                    000000014000f740 f   pjlib-x86_64-x64-vc14-release:string.obj
 0001:0000e750       pj_utoa_pad                000000014000f750 f   pjlib-x86_64-x64-vc14-release:string.obj
 0001:0000e810       pj_get_netos_error         000000014000f810 f   pjlib-x86_64-x64-vc14-release:os_error_win32.obj
 0001:0000e840       pj_get_os_error            000000014000f840 f   pjlib-x86_64-x64-vc14-release:os_error_win32.obj
 0001:0000e870       platform_strerror          000000014000f870 f   pjlib-x86_64-x64-vc14-release:os_error_win32.obj
 0001:0000e9e0       pj_log                     000000014000f9e0 f   pjlib-x86_64-x64-vc14-release:log.obj
 0001:0000ef70       pj_log_1                   000000014000ff70 f   pjlib-x86_64-x64-vc14-release:log.obj
 0001:0000efa0       pj_log_3                   000000014000ffa0 f   pjlib-x86_64-x64-vc14-release:log.obj
 0001:0000efd0       pj_log_4                   000000014000ffd0 f   pjlib-x86_64-x64-vc14-release:log.obj
 0001:0000f000       pj_log_5                   0000000140010000 f   pjlib-x86_64-x64-vc14-release:log.obj
 0001:0000f030       pj_log_get_color           0000000140010030 f   pjlib-x86_64-x64-vc14-release:log.obj
 0001:0000f0a0       pj_log_get_decor           00000001400100a0 f   pjlib-x86_64-x64-vc14-release:log.obj
 0001:0000f0b0       pj_log_get_level           00000001400100b0 f   pjlib-x86_64-x64-vc14-release:log.obj
 0001:0000f0c0       pj_log_init                00000001400100c0 f   pjlib-x86_64-x64-vc14-release:log.obj
 0001:0000f130       pj_sockaddr_cmp            0000000140010130 f   pjlib-x86_64-x64-vc14-release:sock_common.obj
 0001:0000f280       pj_sockaddr_has_addr       0000000140010280 f   pjlib-x86_64-x64-vc14-release:sock_common.obj
 0001:0000f310       pj_list_erase              0000000140010310 f   pjlib-x86_64-x64-vc14-release:list.obj
 0001:0000f330       pj_list_insert_after       0000000140010330 f   pjlib-x86_64-x64-vc14-release:list.obj
 0001:0000f350       pj_list_insert_before      0000000140010350 f   pjlib-x86_64-x64-vc14-release:list.obj
 0001:0000f410       pj_gettimeofday            0000000140010410 f   pjlib-x86_64-x64-vc14-release:os_time_win32.obj
 0001:0000f4b0       pj_time_decode             00000001400104b0 f   pjlib-x86_64-x64-vc14-release:os_time_win32.obj
 0001:0000f650       ioqueue_dispatch_exception_event 0000000140010650 f   pjlib-x86_64-x64-vc14-release:ioqueue_select.obj
 0001:0000f7b0       ioqueue_dispatch_read_event 00000001400107b0 f   pjlib-x86_64-x64-vc14-release:ioqueue_select.obj
 0001:0000fa40       ioqueue_dispatch_write_event 0000000140010a40 f   pjlib-x86_64-x64-vc14-release:ioqueue_select.obj
 0001:0000fd70       pj_ioqueue_create          0000000140010d70 f   pjlib-x86_64-x64-vc14-release:ioqueue_select.obj
 0001:0000ff70       pj_ioqueue_destroy         0000000140010f70 f   pjlib-x86_64-x64-vc14-release:ioqueue_select.obj
 0001:00010050       pj_ioqueue_poll            0000000140011050 f   pjlib-x86_64-x64-vc14-release:ioqueue_select.obj
 0001:000104f0       pj_ioqueue_set_lock        00000001400114f0 f   pjlib-x86_64-x64-vc14-release:ioqueue_select.obj
 0001:00010610       pj_ntohl                   0000000140011610 f   pjlib-x86_64-x64-vc14-release:sock_bsd.obj
 0001:00010620       pj_ntohs                   0000000140011620 f   pjlib-x86_64-x64-vc14-release:sock_bsd.obj
 0001:00010630       pj_sock_accept             0000000140011630 f   pjlib-x86_64-x64-vc14-release:sock_bsd.obj
 0001:000106d0       pj_sock_getsockname        00000001400116d0 f   pjlib-x86_64-x64-vc14-release:sock_bsd.obj
 0001:00010760       pj_sock_getsockopt         0000000140011760 f   pjlib-x86_64-x64-vc14-release:sock_bsd.obj
 0001:00010810       pj_sock_recv               0000000140011810 f   pjlib-x86_64-x64-vc14-release:sock_bsd.obj
 0001:000108b0       pj_sock_recvfrom           00000001400118b0 f   pjlib-x86_64-x64-vc14-release:sock_bsd.obj
 0001:00010960       pj_sock_send               0000000140011960 f   pjlib-x86_64-x64-vc14-release:sock_bsd.obj
 0001:00010a00       pj_sock_sendto             0000000140011a00 f   pjlib-x86_64-x64-vc14-release:sock_bsd.obj
 0001:00010ab0       pj_file_close              0000000140011ab0 f   pjlib-x86_64-x64-vc14-release:file_io_win32.obj
 0001:00010b00       pj_file_getpos             0000000140011b00 f   pjlib-x86_64-x64-vc14-release:file_io_win32.obj
 0001:00010bb0       pj_file_open               0000000140011bb0 f   pjlib-x86_64-x64-vc14-release:file_io_win32.obj
 0001:00010d40       pj_file_setpos             0000000140011d40 f   pjlib-x86_64-x64-vc14-release:file_io_win32.obj
 0001:00010df0       pj_file_write              0000000140011df0 f   pjlib-x86_64-x64-vc14-release:file_io_win32.obj
 0001:00010e70       pj_array_erase             0000000140011e70 f   pjlib-x86_64-x64-vc14-release:array.obj
 0001:00010eb0       pj_exception_id_alloc      0000000140011eb0 f   pjlib-x86_64-x64-vc14-release:except.obj
 0001:00010f20       pj_exception_id_free       0000000140011f20 f   pjlib-x86_64-x64-vc14-release:except.obj
 0001:00010f60       pj_throw_exception_        0000000140011f60 f   pjlib-x86_64-x64-vc14-release:except.obj
 0001:00011300       pj_grp_lock_add_ref        0000000140012300 f   pjlib-x86_64-x64-vc14-release:lock.obj
 0001:00011320       pj_grp_lock_dec_ref        0000000140012320 f   pjlib-x86_64-x64-vc14-release:lock.obj
 0001:00011360       pj_grp_lock_release        0000000140012360 f   pjlib-x86_64-x64-vc14-release:lock.obj
 0001:00011370       pj_grp_lock_tryacquire     0000000140012370 f   pjlib-x86_64-x64-vc14-release:lock.obj
 0001:00011380       pj_lock_acquire            0000000140012380 f   pjlib-x86_64-x64-vc14-release:lock.obj
 0001:000113a0       pj_lock_create_null_mutex  00000001400123a0 f   pjlib-x86_64-x64-vc14-release:lock.obj
 0001:000113c0       pj_lock_create_recursive_mutex 00000001400123c0 f   pjlib-x86_64-x64-vc14-release:lock.obj
 0001:000113d0       pj_lock_create_simple_mutex 00000001400123d0 f   pjlib-x86_64-x64-vc14-release:lock.obj
 0001:000113e0       pj_lock_destroy            00000001400123e0 f   pjlib-x86_64-x64-vc14-release:lock.obj
 0001:00011400       pj_lock_release            0000000140012400 f   pjlib-x86_64-x64-vc14-release:lock.obj
 0001:00011420       pj_lock_tryacquire         0000000140012420 f   pjlib-x86_64-x64-vc14-release:lock.obj
 0001:00011440       pj_get_timestamp           0000000140012440 f   pjlib-x86_64-x64-vc14-release:os_timestamp_win32.obj
 0001:000114a0       pj_get_timestamp_freq      00000001400124a0 f   pjlib-x86_64-x64-vc14-release:os_timestamp_win32.obj
 0001:00011500       pj_gettickcount            0000000140012500 f   pjlib-x86_64-x64-vc14-release:os_timestamp_common.obj
 0001:000115c0       pj_rand                    00000001400125c0 f   pjlib-x86_64-x64-vc14-release:rand.obj
 0001:00011600       pj_generate_unique_string  0000000140012600 f   pjlib-x86_64-x64-vc14-release:guid_win32.obj
 0001:000116d0       pj_pool_create_on_buf      00000001400126d0 f   pjlib-x86_64-x64-vc14-release:pool_buf.obj
 0001:00011840       pj_log_write               0000000140012840 f   pjlib-x86_64-x64-vc14-release:log_writer_stdout.obj
 0001:000118c0       pj_time_val_normalize      00000001400128c0 f   pjlib-x86_64-x64-vc14-release:types.obj
 0001:00011970       PJ_FD_CLR                  0000000140012970 f   pjlib-x86_64-x64-vc14-release:sock_select.obj
 0001:00011a20       PJ_FD_COUNT                0000000140012a20 f   pjlib-x86_64-x64-vc14-release:sock_select.obj
 0001:00011a20       srtp_rdbx_get_packet_index 0000000140012a20 f   libsrtp-x86_64-x64-vc14-release:rdbx.obj
 0001:00011a30       PJ_FD_ISSET                0000000140012a30 f   pjlib-x86_64-x64-vc14-release:sock_select.obj
 0001:00011a70       PJ_FD_ZERO                 0000000140012a70 f   pjlib-x86_64-x64-vc14-release:sock_select.obj
 0001:00011aa0       pj_sock_select             0000000140012aa0 f   pjlib-x86_64-x64-vc14-release:sock_select.obj
 0001:00012380       speex_echo_cancellation    0000000140013380 f   libspeex-x86_64-x64-vc14-release:mdf.obj
 0001:00014120       speex_echo_capture         0000000140015120 f   libspeex-x86_64-x64-vc14-release:mdf.obj
 0001:00014240       speex_echo_ctl             0000000140015240 f   libspeex-x86_64-x64-vc14-release:mdf.obj
 0001:000145c0       speex_echo_get_residual    00000001400155c0 f   libspeex-x86_64-x64-vc14-release:mdf.obj
 0001:00014890       speex_echo_playback        0000000140015890 f   libspeex-x86_64-x64-vc14-release:mdf.obj
 0001:000149c0       speex_echo_state_destroy   00000001400159c0 f   libspeex-x86_64-x64-vc14-release:mdf.obj
 0001:00014b20       speex_echo_state_init_mc   0000000140015b20 f   libspeex-x86_64-x64-vc14-release:mdf.obj
 0001:000151d0       speex_echo_state_reset     00000001400161d0 f   libspeex-x86_64-x64-vc14-release:mdf.obj
 0001:00015b60       speex_decorrelate          0000000140016b60 f   libspeex-x86_64-x64-vc14-release:scal.obj
 0001:000161f0       speex_decorrelate_destroy  00000001400171f0 f   libspeex-x86_64-x64-vc14-release:scal.obj
 0001:00016250       speex_decorrelate_new      0000000140017250 f   libspeex-x86_64-x64-vc14-release:scal.obj
 0001:00017430       speex_preprocess_ctl       0000000140018430 f   libspeex-x86_64-x64-vc14-release:preprocess.obj
 0001:00017b00       speex_preprocess_run       0000000140018b00 f   libspeex-x86_64-x64-vc14-release:preprocess.obj
 0001:000198b0       speex_preprocess_state_destroy 000000014001a8b0 f   libspeex-x86_64-x64-vc14-release:preprocess.obj
 0001:000199f0       speex_preprocess_state_init 000000014001a9f0 f   libspeex-x86_64-x64-vc14-release:preprocess.obj
 0001:0001ae20       spx_fft                    000000014001be20 f   libspeex-x86_64-x64-vc14-release:fftwrap.obj
 0001:0001af10       spx_fft_destroy            000000014001bf10 f   libspeex-x86_64-x64-vc14-release:fftwrap.obj
 0001:0001af30       spx_fft_init               000000014001bf30 f   libspeex-x86_64-x64-vc14-release:fftwrap.obj
 0001:0001af70       spx_ifft                   000000014001bf70 f   libspeex-x86_64-x64-vc14-release:fftwrap.obj
 0001:0001aff0       filterbank_compute_bank32  000000014001bff0 f   libspeex-x86_64-x64-vc14-release:filterbank.obj
 0001:0001b090       filterbank_compute_psd16   000000014001c090 f   libspeex-x86_64-x64-vc14-release:filterbank.obj
 0001:0001b0f0       filterbank_destroy         000000014001c0f0 f   libspeex-x86_64-x64-vc14-release:filterbank.obj
 0001:0001b140       filterbank_new             000000014001c140 f   libspeex-x86_64-x64-vc14-release:filterbank.obj
 0001:00021080       spx_drft_backward          0000000140022080 f   libspeex-x86_64-x64-vc14-release:smallft.obj
 0001:000210b0       spx_drft_clear             00000001400220b0 f   libspeex-x86_64-x64-vc14-release:smallft.obj
 0001:000210f0       spx_drft_forward           00000001400220f0 f   libspeex-x86_64-x64-vc14-release:smallft.obj
 0001:00021120       spx_drft_init              0000000140022120 f   libspeex-x86_64-x64-vc14-release:smallft.obj
 0001:00021180       __local_stdio_scanf_options 0000000140022180 f i libsrtp-x86_64-x64-vc14-release:srtp.obj
 0001:000211d0       srtp_add_stream            00000001400221d0 f   libsrtp-x86_64-x64-vc14-release:srtp.obj
 0001:00021540       srtp_create                0000000140022540 f   libsrtp-x86_64-x64-vc14-release:srtp.obj
 0001:00021600       srtp_crypto_policy_set_aes_cm_256_hmac_sha1_32 0000000140022600 f   libsrtp-x86_64-x64-vc14-release:srtp.obj
 0001:00021630       srtp_crypto_policy_set_aes_cm_256_hmac_sha1_80 0000000140022630 f   libsrtp-x86_64-x64-vc14-release:srtp.obj
 0001:00021660       srtp_dealloc               0000000140022660 f   libsrtp-x86_64-x64-vc14-release:srtp.obj
 0001:00021880       srtp_event_reporter        0000000140022880 f   libsrtp-x86_64-x64-vc14-release:srtp.obj
 0001:000219f0       srtp_get_session_keys      00000001400229f0 f   libsrtp-x86_64-x64-vc14-release:srtp.obj
 0001:00021ad0       srtp_inject_mki            0000000140022ad0 f   libsrtp-x86_64-x64-vc14-release:srtp.obj
 0001:00021e60       srtp_protect               0000000140022e60 f   libsrtp-x86_64-x64-vc14-release:srtp.obj
 0001:00022170       srtp_protect_mki           0000000140023170 f   libsrtp-x86_64-x64-vc14-release:srtp.obj
 0001:000226b0       srtp_protect_rtcp          00000001400236b0 f   libsrtp-x86_64-x64-vc14-release:srtp.obj
 0001:000228c0       srtp_protect_rtcp_mki      00000001400238c0 f   libsrtp-x86_64-x64-vc14-release:srtp.obj
 0001:00022c50       srtp_stream_alloc          0000000140023c50 f   libsrtp-x86_64-x64-vc14-release:srtp.obj
 0001:00022ed0       srtp_stream_clone          0000000140023ed0 f   libsrtp-x86_64-x64-vc14-release:srtp.obj
 0001:00023110       srtp_stream_dealloc        0000000140024110 f   libsrtp-x86_64-x64-vc14-release:srtp.obj
 0001:000233c0       srtp_stream_init           00000001400243c0 f   libsrtp-x86_64-x64-vc14-release:srtp.obj
 0001:000234f0       srtp_stream_init_all_master_keys 00000001400244f0 f   libsrtp-x86_64-x64-vc14-release:srtp.obj
 0001:00023590       srtp_stream_init_keys      0000000140024590 f   libsrtp-x86_64-x64-vc14-release:srtp.obj
 0001:00023f10       srtp_unprotect             0000000140024f10 f   libsrtp-x86_64-x64-vc14-release:srtp.obj
 0001:00024220       srtp_unprotect_mki         0000000140025220 f   libsrtp-x86_64-x64-vc14-release:srtp.obj
 0001:00024820       srtp_unprotect_rtcp        0000000140025820 f   libsrtp-x86_64-x64-vc14-release:srtp.obj
 0001:00024a90       srtp_unprotect_rtcp_mki    0000000140025a90 f   libsrtp-x86_64-x64-vc14-release:srtp.obj
 0001:00024fc0       srtp_crypto_alloc          0000000140025fc0 f   libsrtp-x86_64-x64-vc14-release:alloc.obj
 0001:00025030       srtp_crypto_free           0000000140026030 f   libsrtp-x86_64-x64-vc14-release:alloc.obj
 0001:00025070       bitvector_alloc            0000000140026070 f   libsrtp-x86_64-x64-vc14-release:datatypes.obj
 0001:000250e0       bitvector_dealloc          00000001400260e0 f   libsrtp-x86_64-x64-vc14-release:datatypes.obj
 0001:00025110       bitvector_left_shift       0000000140026110 f   libsrtp-x86_64-x64-vc14-release:datatypes.obj
 0001:000252e0       bitvector_set_to_zero      00000001400262e0 f   libsrtp-x86_64-x64-vc14-release:datatypes.obj
 0001:00025300       octet_string_is_eq         0000000140026300 f   libsrtp-x86_64-x64-vc14-release:datatypes.obj
 0001:00025400       octet_string_set_to_zero   0000000140026400 f   libsrtp-x86_64-x64-vc14-release:datatypes.obj
 0001:00025420       srtp_octet_string_hex_string 0000000140026420 f   libsrtp-x86_64-x64-vc14-release:datatypes.obj
 0001:000254e0       v128_copy_octet_string     00000001400264e0 f   libsrtp-x86_64-x64-vc14-release:datatypes.obj
 0001:00025550       v128_hex_string            0000000140026550 f   libsrtp-x86_64-x64-vc14-release:datatypes.obj
 0001:000255e0       v128_left_shift            00000001400265e0 f   libsrtp-x86_64-x64-vc14-release:datatypes.obj
 0001:00025710       srtp_err_report            0000000140026710 f   libsrtp-x86_64-x64-vc14-release:srtp_err.obj
 0001:00025750       srtp_index_guess           0000000140026750 f   libsrtp-x86_64-x64-vc14-release:rdbx.obj
 0001:000257c0       srtp_rdbx_add_index        00000001400267c0 f   libsrtp-x86_64-x64-vc14-release:rdbx.obj
 0001:00025840       srtp_rdbx_check            0000000140026840 f   libsrtp-x86_64-x64-vc14-release:rdbx.obj
 0001:00025880       srtp_rdbx_dealloc          0000000140026880 f   libsrtp-x86_64-x64-vc14-release:rdbx.obj
 0001:000258a0       srtp_rdbx_estimate_index   00000001400268a0 f   libsrtp-x86_64-x64-vc14-release:rdbx.obj
 0001:000258c0       srtp_rdbx_get_window_size  00000001400268c0 f   libsrtp-x86_64-x64-vc14-release:rdbx.obj
 0001:000258d0       srtp_rdbx_init             00000001400268d0 f   libsrtp-x86_64-x64-vc14-release:rdbx.obj
 0001:00025910       srtp_rdbx_set_roc          0000000140026910 f   libsrtp-x86_64-x64-vc14-release:rdbx.obj
 0001:00025970       srtp_rdbx_set_roc_seq      0000000140026970 f   libsrtp-x86_64-x64-vc14-release:rdbx.obj
 0001:000259b0       srtp_rdb_add_index         00000001400269b0 f   libsrtp-x86_64-x64-vc14-release:rdb.obj
 0001:00025a20       srtp_rdb_check             0000000140026a20 f   libsrtp-x86_64-x64-vc14-release:rdb.obj
 0001:00025a60       srtp_rdb_get_value         0000000140026a60 f   libsrtp-x86_64-x64-vc14-release:rdb.obj
 0001:00025a70       srtp_rdb_increment         0000000140026a70 f   libsrtp-x86_64-x64-vc14-release:rdb.obj
 0001:00025a90       srtp_rdb_init              0000000140026a90 f   libsrtp-x86_64-x64-vc14-release:rdb.obj
 0001:00025aa0       srtp_cipher_dealloc        0000000140026aa0 f   libsrtp-x86_64-x64-vc14-release:cipher.obj
 0001:00025ac0       srtp_cipher_decrypt        0000000140026ac0 f   libsrtp-x86_64-x64-vc14-release:cipher.obj
 0001:00025ae0       srtp_cipher_encrypt        0000000140026ae0 f   libsrtp-x86_64-x64-vc14-release:cipher.obj
 0001:00025b00       srtp_cipher_get_tag        0000000140026b00 f   libsrtp-x86_64-x64-vc14-release:cipher.obj
 0001:00025b30       srtp_cipher_init           0000000140026b30 f   libsrtp-x86_64-x64-vc14-release:cipher.obj
 0001:00025b50       srtp_cipher_output         0000000140026b50 f   libsrtp-x86_64-x64-vc14-release:cipher.obj
 0001:00025ba0       srtp_cipher_set_aad        0000000140026ba0 f   libsrtp-x86_64-x64-vc14-release:cipher.obj
 0001:00025bd0       srtp_cipher_set_iv         0000000140026bd0 f   libsrtp-x86_64-x64-vc14-release:cipher.obj
 0001:00025bf0       srtp_auth_get_key_length   0000000140026bf0 f   libsrtp-x86_64-x64-vc14-release:auth.obj
 0001:00025c00       srtp_auth_get_prefix_length 0000000140026c00 f   libsrtp-x86_64-x64-vc14-release:auth.obj
 0001:00025c10       srtp_cipher_get_key_length 0000000140026c10 f   libsrtp-x86_64-x64-vc14-release:cipher.obj
 0001:00025c10       srtp_auth_get_tag_length   0000000140026c10 f   libsrtp-x86_64-x64-vc14-release:auth.obj
 0001:00025c20       srtp_key_limit_clone       0000000140026c20 f   libsrtp-x86_64-x64-vc14-release:key.obj
 0001:00025c40       srtp_key_limit_set         0000000140026c40 f   libsrtp-x86_64-x64-vc14-release:key.obj
 0001:00025c60       srtp_key_limit_update      0000000140026c60 f   libsrtp-x86_64-x64-vc14-release:key.obj
 0001:00025ca0       srtp_crypto_kernel_alloc_auth 0000000140026ca0 f   libsrtp-x86_64-x64-vc14-release:crypto_kernel.obj
 0001:00025d00       srtp_crypto_kernel_alloc_cipher 0000000140026d00 f   libsrtp-x86_64-x64-vc14-release:crypto_kernel.obj
 0001:00025d60       srtp_ekt_alloc             0000000140026d60 f   libsrtp-x86_64-x64-vc14-release:ekt.obj
 0001:00025d70       srtp_ekt_octets_after_base_tag 0000000140026d70 f   libsrtp-x86_64-x64-vc14-release:ekt.obj
 0001:00025d90       srtp_ekt_write_data        0000000140026d90 f   libsrtp-x86_64-x64-vc14-release:ekt.obj
 0001:00025f40       srtp_stream_init_from_ekt  0000000140026f40 f   libsrtp-x86_64-x64-vc14-release:ekt.obj
 0001:00027430       srtp_aes_decrypt           0000000140028430 f   libsrtp-x86_64-x64-vc14-release:aes.obj
 0001:00027580       srtp_aes_encrypt           0000000140028580 f   libsrtp-x86_64-x64-vc14-release:aes.obj
 0001:000276d0       srtp_aes_expand_decryption_key 00000001400286d0 f   libsrtp-x86_64-x64-vc14-release:aes.obj
 0001:00027920       srtp_aes_expand_encryption_key 0000000140028920 f   libsrtp-x86_64-x64-vc14-release:aes.obj
 0001:00027960       srtp_sha1_core             0000000140028960 f   libsrtp-x86_64-x64-vc14-release:sha1.obj
 0001:00027d90       srtp_sha1_final            0000000140028d90 f   libsrtp-x86_64-x64-vc14-release:sha1.obj
 0001:000282d0       srtp_sha1_init             00000001400292d0 f   libsrtp-x86_64-x64-vc14-release:sha1.obj
 0001:00028300       srtp_sha1_update           0000000140029300 f   libsrtp-x86_64-x64-vc14-release:sha1.obj
 0001:00028416       __WSAFDIsSet               0000000140029416 f   ws2_32:WS2_32.dll
 0001:0002841c       __GSHandlerCheck           000000014002941c f   MSVCRT:_gshandler_.obj
 0001:0002843c       __GSHandlerCheckCommon     000000014002943c f   MSVCRT:_gshandler_.obj
 0001:000284b0       __security_check_cookie    00000001400294b0 f   MSVCRT:_amdsecgs_.obj
 0001:00028734       mainCRTStartup             0000000140029734 f   MSVCRT:exe_main.obj
 0001:00028748       __raise_securityfailure    0000000140029748 f   MSVCRT:gs_report.obj
 0001:0002877c       __report_gsfailure         000000014002977c f   MSVCRT:gs_report.obj
 0001:00028850       __report_rangecheckfailure 0000000140029850 f   MSVCRT:gs_report.obj
 0001:00028864       __report_securityfailure   0000000140029864 f   MSVCRT:gs_report.obj
 0001:000289f0       __vdecl_cos2               00000001400299f0 f   MSVCRT:_svml_dcos2_dispatch_.obj
 0001:00028a10       __chkstk                   0000000140029a10 f   MSVCRT:_chkstk_.obj
 0001:00028a10       _alloca_probe              0000000140029a10 f   MSVCRT:_chkstk_.obj
 0001:00028a70       __vdecl_sin2               0000000140029a70 f   MSVCRT:_svml_dsin2_dispatch_.obj
 0001:00028a78       __scrt_acquire_startup_lock 0000000140029a78 f   MSVCRT:utility.obj
 0001:00028ab4       __scrt_initialize_crt      0000000140029ab4 f   MSVCRT:utility.obj
 0001:00028b00       __scrt_initialize_onexit_tables 0000000140029b00 f   MSVCRT:utility.obj
 0001:00028bcc       __scrt_is_nonwritable_in_current_image 0000000140029bcc f   MSVCRT:utility.obj
 0001:00028c68       __scrt_release_startup_lock 0000000140029c68 f   MSVCRT:utility.obj
 0001:00028c8c       __scrt_uninitialize_crt    0000000140029c8c f   MSVCRT:utility.obj
 0001:00028cb8       _onexit                    0000000140029cb8 f   MSVCRT:utility.obj
 0001:00028d08       atexit                     0000000140029d08 f   MSVCRT:utility.obj
 0001:00028d20       __security_init_cookie     0000000140029d20 f   MSVCRT:gs_support.obj
 0001:00028dcc       _get_startup_argv_mode     0000000140029dcc f   MSVCRT:argv_mode.obj
 0001:00028dd4       _get_startup_file_mode     0000000140029dd4 f   MSVCRT:file_mode.obj
 0001:00028de0       _matherr                   0000000140029de0 f   MSVCRT:matherr.obj
 0001:00028de0       srtp_ekt_stream_init_from_policy 0000000140029de0 f   libsrtp-x86_64-x64-vc14-release:ekt.obj
 0001:00028de0       pjmedia_wsola_destroy      0000000140029de0 f   pjmedia-x86_64-x64-vc14-release:wsola.obj
 0001:00028de0       echo_supp_destroy          0000000140029de0 f   pjmedia-x86_64-x64-vc14-release:echo_suppress.obj
 0001:00028de0       _get_startup_new_mode      0000000140029de0 f   MSVCRT:new_mode.obj
 0001:00028de0       _get_startup_commit_mode   0000000140029de0 f   MSVCRT:commit_mode.obj
 0001:00028de0       __scrt_initialize_winrt    0000000140029de0 f   MSVCRT:utility_desktop.obj
 0001:00028de0       _get_startup_thread_locale_mode 0000000140029de0 f   MSVCRT:thread_locale.obj
 0001:00028de4       ?__scrt_initialize_type_info@@YAXXZ 0000000140029de4 f   MSVCRT:tncleanup.obj
 0001:00028df4       __scrt_stub_for_acrt_initialize 0000000140029df4 f   MSVCRT:ucrt_stubs.obj
 0001:00028df4       __acrt_initialize          0000000140029df4 f   MSVCRT:ucrt_stubs.obj
 0001:00028df4       _should_initialize_environment 0000000140029df4 f   MSVCRT:env_mode.obj
 0001:00028df4       __vcrt_uninitialize        0000000140029df4 f   MSVCRT:ucrt_stubs.obj
 0001:00028df4       __vcrt_initialize          0000000140029df4 f   MSVCRT:ucrt_stubs.obj
 0001:00028df4       __acrt_uninitialize        0000000140029df4 f   MSVCRT:ucrt_stubs.obj
 0001:00028df4       __scrt_stub_for_acrt_uninitialize 0000000140029df4 f   MSVCRT:ucrt_stubs.obj
 0001:00028e00       _guard_check_icall_nop     0000000140029e00 f   MSVCRT:guard_support.obj
 0001:00028e00       _initialize_invalid_parameter_handler 0000000140029e00 f   MSVCRT:invalid_parameter_handler.obj
 0001:00028e00       pjmedia_wave_hdr_host_to_file 0000000140029e00 f   pjmedia-x86_64-x64-vc14-release:wave.obj
 0001:00028e00       _initialize_denormal_control 0000000140029e00 f   MSVCRT:denormal_control.obj
 0001:00028e04       __scrt_initialize_default_local_stdio_options 0000000140029e04 f   MSVCRT:default_local_stdio_options.obj
 0001:00028e20       __scrt_is_user_matherr_present 0000000140029e20 f   MSVCRT:matherr_detection.obj
 0001:00028e2c       __scrt_get_dyn_tls_init_callback 0000000140029e2c f   MSVCRT:dyn_tls_init.obj
 0001:00028e34       __scrt_get_dyn_tls_dtor_callback 0000000140029e34 f   MSVCRT:dyn_tls_dtor.obj
 0001:00028e3c       __scrt_fastfail            0000000140029e3c f   MSVCRT:utility_desktop.obj
 0001:00028f84       __scrt_is_managed_app      0000000140029f84 f   MSVCRT:utility_desktop.obj
 0001:00028fd8       __scrt_set_unhandled_exception_filter 0000000140029fd8 f   MSVCRT:utility_desktop.obj
 0001:00028fe8       __scrt_unhandled_exception_filter 0000000140029fe8 f   MSVCRT:utility_desktop.obj
 0001:00029020       _RTC_Initialize            000000014002a020 f   MSVCRT:_initsect_.obj
 0001:0002906c       _RTC_Terminate             000000014002a06c f   MSVCRT:_initsect_.obj
 0001:000290b8       _guard_check_icall         000000014002a0b8 f i MSVCRT:checkcfg.obj
 0001:000295c0       __sse2_cos2                000000014002a5c0 f   MSVCRT:_svml_dcos2_sse2_.obj
 0001:00029f50       __sse2_sin2                000000014002af50 f   MSVCRT:_svml_dsin2_sse2_.obj
 0001:0002a410       __isa_available_init       000000014002b410 f   MSVCRT:_cpu_disp_.obj
 0001:0002a5d8       __scrt_is_ucrt_dll_in_use  000000014002b5d8 f   MSVCRT:ucrt_detection.obj
 0001:0002a5f0       IsProcessorFeaturePresent  000000014002b5f0 f   kernel32:KERNEL32.dll
 0001:0002a5f6       memcpy                     000000014002b5f6 f   vcruntime:VCRUNTIME140.dll
 0001:0002a5fc       memset                     000000014002b5fc f   vcruntime:VCRUNTIME140.dll
 0001:0002a602       memcmp                     000000014002b602 f   vcruntime:VCRUNTIME140.dll
 0001:0002a608       longjmp                    000000014002b608 f   vcruntime:VCRUNTIME140.dll
 0001:0002a60e       __C_specific_handler       000000014002b60e f   vcruntime:VCRUNTIME140.dll
 0001:0002a614       cos                        000000014002b614 f   ucrt:api-ms-win-crt-math-l1-1-0.dll
 0001:0002a61a       fmod                       000000014002b61a f   ucrt:api-ms-win-crt-math-l1-1-0.dll
 0001:0002a620       exp                        000000014002b620 f   ucrt:api-ms-win-crt-math-l1-1-0.dll
 0001:0002a626       floor                      000000014002b626 f   ucrt:api-ms-win-crt-math-l1-1-0.dll
 0001:0002a62c       sqrt                       000000014002b62c f   ucrt:api-ms-win-crt-math-l1-1-0.dll
 0001:0002a632       pow                        000000014002b632 f   ucrt:api-ms-win-crt-math-l1-1-0.dll
 0001:0002a638       sin                        000000014002b638 f   ucrt:api-ms-win-crt-math-l1-1-0.dll
 0001:0002a63e       log                        000000014002b63e f   ucrt:api-ms-win-crt-math-l1-1-0.dll
 0001:0002a644       atan                       000000014002b644 f   ucrt:api-ms-win-crt-math-l1-1-0.dll
 0001:0002a64a       exit                       000000014002b64a f   ucrt:api-ms-win-crt-runtime-l1-1-0.dll
 0001:0002a650       _seh_filter_exe            000000014002b650 f   ucrt:api-ms-win-crt-runtime-l1-1-0.dll
 0001:0002a656       _set_app_type              000000014002b656 f   ucrt:api-ms-win-crt-runtime-l1-1-0.dll
 0001:0002a65c       __setusermatherr           000000014002b65c f   ucrt:api-ms-win-crt-math-l1-1-0.dll
 0001:0002a662       _configure_narrow_argv     000000014002b662 f   ucrt:api-ms-win-crt-runtime-l1-1-0.dll
 0001:0002a668       _initialize_narrow_environment 000000014002b668 f   ucrt:api-ms-win-crt-runtime-l1-1-0.dll
 0001:0002a66e       _get_initial_narrow_environment 000000014002b66e f   ucrt:api-ms-win-crt-runtime-l1-1-0.dll
 0001:0002a674       _initterm                  000000014002b674 f   ucrt:api-ms-win-crt-runtime-l1-1-0.dll
 0001:0002a67a       _initterm_e                000000014002b67a f   ucrt:api-ms-win-crt-runtime-l1-1-0.dll
 0001:0002a680       _exit                      000000014002b680 f   ucrt:api-ms-win-crt-runtime-l1-1-0.dll
 0001:0002a686       _set_fmode                 000000014002b686 f   ucrt:api-ms-win-crt-stdio-l1-1-0.dll
 0001:0002a68c       __p___argc                 000000014002b68c f   ucrt:api-ms-win-crt-runtime-l1-1-0.dll
 0001:0002a692       __p___argv                 000000014002b692 f   ucrt:api-ms-win-crt-runtime-l1-1-0.dll
 0001:0002a698       _cexit                     000000014002b698 f   ucrt:api-ms-win-crt-runtime-l1-1-0.dll
 0001:0002a69e       _c_exit                    000000014002b69e f   ucrt:api-ms-win-crt-runtime-l1-1-0.dll
 0001:0002a6a4       _register_thread_local_exe_atexit_callback 000000014002b6a4 f   ucrt:api-ms-win-crt-runtime-l1-1-0.dll
 0001:0002a6aa       _configthreadlocale        000000014002b6aa f   ucrt:api-ms-win-crt-locale-l1-1-0.dll
 0001:0002a6b0       _set_new_mode              000000014002b6b0 f   ucrt:api-ms-win-crt-heap-l1-1-0.dll
 0001:0002a6b6       __p__commode               000000014002b6b6 f   ucrt:api-ms-win-crt-stdio-l1-1-0.dll
 0001:0002a6bc       _initialize_onexit_table   000000014002b6bc f   ucrt:api-ms-win-crt-runtime-l1-1-0.dll
 0001:0002a6c2       _register_onexit_function  000000014002b6c2 f   ucrt:api-ms-win-crt-runtime-l1-1-0.dll
 0001:0002a6c8       _crt_atexit                000000014002b6c8 f   ucrt:api-ms-win-crt-runtime-l1-1-0.dll
 0001:0002a6ce       terminate                  000000014002b6ce f   ucrt:api-ms-win-crt-runtime-l1-1-0.dll
 0001:0002a6f0       _guard_dispatch_icall_nop  000000014002b6f0 f   MSVCRT:_guard_dispatch_.obj
 0002:00000000       __imp_CreateFileA          000000014002c000     kernel32:KERNEL32.dll
 0002:00000008       __imp_GetModuleHandleW     000000014002c008     kernel32:KERNEL32.dll
 0002:00000010       __imp_IsDebuggerPresent    000000014002c010     kernel32:KERNEL32.dll
 0002:00000018       __imp_InitializeSListHead  000000014002c018     kernel32:KERNEL32.dll
 0002:00000020       __imp_GetSystemTimeAsFileTime 000000014002c020     kernel32:KERNEL32.dll
 0002:00000028       __imp_IsProcessorFeaturePresent 000000014002c028     kernel32:KERNEL32.dll
 0002:00000030       __imp_TerminateProcess     000000014002c030     kernel32:KERNEL32.dll
 0002:00000038       __imp_GetCurrentProcess    000000014002c038     kernel32:KERNEL32.dll
 0002:00000040       __imp_SetUnhandledExceptionFilter 000000014002c040     kernel32:KERNEL32.dll
 0002:00000048       __imp_UnhandledExceptionFilter 000000014002c048     kernel32:KERNEL32.dll
 0002:00000050       __imp_RtlVirtualUnwind     000000014002c050     kernel32:KERNEL32.dll
 0002:00000058       __imp_RtlLookupFunctionEntry 000000014002c058     kernel32:KERNEL32.dll
 0002:00000060       __imp_RtlCaptureContext    000000014002c060     kernel32:KERNEL32.dll
 0002:00000068       __imp_QueryPerformanceFrequency 000000014002c068     kernel32:KERNEL32.dll
 0002:00000070       __imp_QueryPerformanceCounter 000000014002c070     kernel32:KERNEL32.dll
 0002:00000078       __imp_WriteFile            000000014002c078     kernel32:KERNEL32.dll
 0002:00000080       __imp_SetFilePointer       000000014002c080     kernel32:KERNEL32.dll
 0002:00000088       __imp_SystemTimeToFileTime 000000014002c088     kernel32:KERNEL32.dll
 0002:00000090       __imp_FileTimeToSystemTime 000000014002c090     kernel32:KERNEL32.dll
 0002:00000098       __imp_GetLocalTime         000000014002c098     kernel32:KERNEL32.dll
 0002:000000a0       __imp_FormatMessageA       000000014002c0a0     kernel32:KERNEL32.dll
 0002:000000a8       __imp_SetConsoleTextAttribute 000000014002c0a8     kernel32:KERNEL32.dll
 0002:000000b0       __imp_TlsFree              000000014002c0b0     kernel32:KERNEL32.dll
 0002:000000b8       __imp_TlsSetValue          000000014002c0b8     kernel32:KERNEL32.dll
 0002:000000c0       __imp_TlsGetValue          000000014002c0c0     kernel32:KERNEL32.dll
 0002:000000c8       __imp_TlsAlloc             000000014002c0c8     kernel32:KERNEL32.dll
 0002:000000d0       __imp_GetCurrentThreadId   000000014002c0d0     kernel32:KERNEL32.dll
 0002:000000d8       __imp_CreateThread         000000014002c0d8     kernel32:KERNEL32.dll
 0002:000000e0       __imp_GetCurrentProcessId  000000014002c0e0     kernel32:KERNEL32.dll
 0002:000000e8       __imp_Sleep                000000014002c0e8     kernel32:KERNEL32.dll
 0002:000000f0       __imp_WaitForSingleObject  000000014002c0f0     kernel32:KERNEL32.dll
 0002:000000f8       __imp_ReleaseSemaphore     000000014002c0f8     kernel32:KERNEL32.dll
 0002:00000100       __imp_DeleteCriticalSection 000000014002c100     kernel32:KERNEL32.dll
 0002:00000108       __imp_TryEnterCriticalSection 000000014002c108     kernel32:KERNEL32.dll
 0002:00000110       __imp_LeaveCriticalSection 000000014002c110     kernel32:KERNEL32.dll
 0002:00000118       __imp_EnterCriticalSection 000000014002c118     kernel32:KERNEL32.dll
 0002:00000120       __imp_InitializeCriticalSection 000000014002c120     kernel32:KERNEL32.dll
 0002:00000128       __imp_GetLastError         000000014002c128     kernel32:KERNEL32.dll
 0002:00000130       __imp_GetStdHandle         000000014002c130     kernel32:KERNEL32.dll
 0002:00000138       __imp_WaitForMultipleObjects 000000014002c138     kernel32:KERNEL32.dll
 0002:00000140       __imp_SetThreadPriority    000000014002c140     kernel32:KERNEL32.dll
 0002:00000148       __imp_GetCurrentThread     000000014002c148     kernel32:KERNEL32.dll
 0002:00000150       __imp_CreateEventA         000000014002c150     kernel32:KERNEL32.dll
 0002:00000158       __imp_SetEvent             000000014002c158     kernel32:KERNEL32.dll
 0002:00000160       __imp_CloseHandle          000000014002c160     kernel32:KERNEL32.dll
 0002:00000168       \177KERNEL32_NULL_THUNK_DATA 000000014002c168     kernel32:KERNEL32.dll
 0002:00000170       __imp_memcpy               000000014002c170     vcruntime:VCRUNTIME140.dll
 0002:00000178       __imp_memset               000000014002c178     vcruntime:VCRUNTIME140.dll
 0002:00000180       __imp_memmove              000000014002c180     vcruntime:VCRUNTIME140.dll
 0002:00000188       __imp_strchr               000000014002c188     vcruntime:VCRUNTIME140.dll
 0002:00000190       __imp_memcmp               000000014002c190     vcruntime:VCRUNTIME140.dll
 0002:00000198       __imp_longjmp              000000014002c198     vcruntime:VCRUNTIME140.dll
 0002:000001a0       __imp___C_specific_handler 000000014002c1a0     vcruntime:VCRUNTIME140.dll
 0002:000001a8       \177VCRUNTIME140_NULL_THUNK_DATA 000000014002c1a8     vcruntime:VCRUNTIME140.dll
 0002:000001b0       __imp_waveOutReset         000000014002c1b0     winmm:WINMM.dll
 0002:000001b8       __imp_waveOutRestart       000000014002c1b8     winmm:WINMM.dll
 0002:000001c0       __imp_waveOutPause         000000014002c1c0     winmm:WINMM.dll
 0002:000001c8       __imp_waveOutWrite         000000014002c1c8     winmm:WINMM.dll
 0002:000001d0       __imp_waveOutUnprepareHeader 000000014002c1d0     winmm:WINMM.dll
 0002:000001d8       __imp_waveOutPrepareHeader 000000014002c1d8     winmm:WINMM.dll
 0002:000001e0       __imp_waveInGetNumDevs     000000014002c1e0     winmm:WINMM.dll
 0002:000001e8       __imp_waveOutOpen          000000014002c1e8     winmm:WINMM.dll
 0002:000001f0       __imp_waveOutSetVolume     000000014002c1f0     winmm:WINMM.dll
 0002:000001f8       __imp_waveOutGetVolume     000000014002c1f8     winmm:WINMM.dll
 0002:00000200       __imp_waveOutGetDevCapsA   000000014002c200     winmm:WINMM.dll
 0002:00000208       __imp_waveOutGetNumDevs    000000014002c208     winmm:WINMM.dll
 0002:00000210       __imp_waveInGetErrorTextA  000000014002c210     winmm:WINMM.dll
 0002:00000218       __imp_waveOutGetErrorTextA 000000014002c218     winmm:WINMM.dll
 0002:00000220       __imp_waveInGetDevCapsA    000000014002c220     winmm:WINMM.dll
 0002:00000228       __imp_waveInOpen           000000014002c228     winmm:WINMM.dll
 0002:00000230       __imp_waveInClose          000000014002c230     winmm:WINMM.dll
 0002:00000238       __imp_waveInPrepareHeader  000000014002c238     winmm:WINMM.dll
 0002:00000240       __imp_waveInUnprepareHeader 000000014002c240     winmm:WINMM.dll
 0002:00000248       __imp_waveInAddBuffer      000000014002c248     winmm:WINMM.dll
 0002:00000250       __imp_waveInStart          000000014002c250     winmm:WINMM.dll
 0002:00000258       __imp_waveInStop           000000014002c258     winmm:WINMM.dll
 0002:00000260       __imp_waveOutClose         000000014002c260     winmm:WINMM.dll
 0002:00000268       __imp_waveInReset          000000014002c268     winmm:WINMM.dll
 0002:00000270       \177WINMM_NULL_THUNK_DATA  000000014002c270     winmm:WINMM.dll
 0002:00000278       __imp_sendto               000000014002c278     ws2_32:WS2_32.dll
 0002:00000280       __imp_send                 000000014002c280     ws2_32:WS2_32.dll
 0002:00000288       __imp_recvfrom             000000014002c288     ws2_32:WS2_32.dll
 0002:00000290       __imp_recv                 000000014002c290     ws2_32:WS2_32.dll
 0002:00000298       __imp_ntohs                000000014002c298     ws2_32:WS2_32.dll
 0002:000002a0       __imp_ntohl                000000014002c2a0     ws2_32:WS2_32.dll
 0002:000002a8       __imp_htons                000000014002c2a8     ws2_32:WS2_32.dll
 0002:000002b0       __imp_htonl                000000014002c2b0     ws2_32:WS2_32.dll
 0002:000002b8       __imp_getsockopt           000000014002c2b8     ws2_32:WS2_32.dll
 0002:000002c0       __imp_getsockname          000000014002c2c0     ws2_32:WS2_32.dll
 0002:000002c8       __imp_accept               000000014002c2c8     ws2_32:WS2_32.dll
 0002:000002d0       __imp_WSAGetLastError      000000014002c2d0     ws2_32:WS2_32.dll
 0002:000002d8       __imp_WSACleanup           000000014002c2d8     ws2_32:WS2_32.dll
 0002:000002e0       __imp_WSAStartup           000000014002c2e0     ws2_32:WS2_32.dll
 0002:000002e8       __imp___WSAFDIsSet         000000014002c2e8     ws2_32:WS2_32.dll
 0002:000002f0       __imp_select               000000014002c2f0     ws2_32:WS2_32.dll
 0002:000002f8       \177WS2_32_NULL_THUNK_DATA 000000014002c2f8     ws2_32:WS2_32.dll
 0002:00000300       __imp_free                 000000014002c300     ucrt:api-ms-win-crt-heap-l1-1-0.dll
 0002:00000308       __imp__set_new_mode        000000014002c308     ucrt:api-ms-win-crt-heap-l1-1-0.dll
 0002:00000310       __imp_malloc               000000014002c310     ucrt:api-ms-win-crt-heap-l1-1-0.dll
 0002:00000318       __imp_calloc               000000014002c318     ucrt:api-ms-win-crt-heap-l1-1-0.dll
 0002:00000320       \177api-ms-win-crt-heap-l1-1-0_NULL_THUNK_DATA 000000014002c320     ucrt:api-ms-win-crt-heap-l1-1-0.dll
 0002:00000328       __imp__configthreadlocale  000000014002c328     ucrt:api-ms-win-crt-locale-l1-1-0.dll
 0002:00000330       \177api-ms-win-crt-locale-l1-1-0_NULL_THUNK_DATA 000000014002c330     ucrt:api-ms-win-crt-locale-l1-1-0.dll
 0002:00000338       __imp___setusermatherr     000000014002c338     ucrt:api-ms-win-crt-math-l1-1-0.dll
 0002:00000340       __imp_log                  000000014002c340     ucrt:api-ms-win-crt-math-l1-1-0.dll
 0002:00000348       __imp_sin                  000000014002c348     ucrt:api-ms-win-crt-math-l1-1-0.dll
 0002:00000350       __imp_cos                  000000014002c350     ucrt:api-ms-win-crt-math-l1-1-0.dll
 0002:00000358       __imp_pow                  000000014002c358     ucrt:api-ms-win-crt-math-l1-1-0.dll
 0002:00000360       __imp_sqrt                 000000014002c360     ucrt:api-ms-win-crt-math-l1-1-0.dll
 0002:00000368       __imp_floor                000000014002c368     ucrt:api-ms-win-crt-math-l1-1-0.dll
 0002:00000370       __imp_exp                  000000014002c370     ucrt:api-ms-win-crt-math-l1-1-0.dll
 0002:00000378       __imp_fmod                 000000014002c378     ucrt:api-ms-win-crt-math-l1-1-0.dll
 0002:00000380       __imp_atan                 000000014002c380     ucrt:api-ms-win-crt-math-l1-1-0.dll
 0002:00000388       \177api-ms-win-crt-math-l1-1-0_NULL_THUNK_DATA 000000014002c388     ucrt:api-ms-win-crt-math-l1-1-0.dll
 0002:00000390       __imp__c_exit              000000014002c390     ucrt:api-ms-win-crt-runtime-l1-1-0.dll
 0002:00000398       __imp__initialize_onexit_table 000000014002c398     ucrt:api-ms-win-crt-runtime-l1-1-0.dll
 0002:000003a0       __imp__register_onexit_function 000000014002c3a0     ucrt:api-ms-win-crt-runtime-l1-1-0.dll
 0002:000003a8       __imp__crt_atexit          000000014002c3a8     ucrt:api-ms-win-crt-runtime-l1-1-0.dll
 0002:000003b0       __imp_terminate            000000014002c3b0     ucrt:api-ms-win-crt-runtime-l1-1-0.dll
 0002:000003b8       __imp__register_thread_local_exe_atexit_callback 000000014002c3b8     ucrt:api-ms-win-crt-runtime-l1-1-0.dll
 0002:000003c0       __imp__cexit               000000014002c3c0     ucrt:api-ms-win-crt-runtime-l1-1-0.dll
 0002:000003c8       __imp___p___argv           000000014002c3c8     ucrt:api-ms-win-crt-runtime-l1-1-0.dll
 0002:000003d0       __imp_exit                 000000014002c3d0     ucrt:api-ms-win-crt-runtime-l1-1-0.dll
 0002:000003d8       __imp__seh_filter_exe      000000014002c3d8     ucrt:api-ms-win-crt-runtime-l1-1-0.dll
 0002:000003e0       __imp__set_app_type        000000014002c3e0     ucrt:api-ms-win-crt-runtime-l1-1-0.dll
 0002:000003e8       __imp__initialize_narrow_environment 000000014002c3e8     ucrt:api-ms-win-crt-runtime-l1-1-0.dll
 0002:000003f0       __imp__configure_narrow_argv 000000014002c3f0     ucrt:api-ms-win-crt-runtime-l1-1-0.dll
 0002:000003f8       __imp___p___argc           000000014002c3f8     ucrt:api-ms-win-crt-runtime-l1-1-0.dll
 0002:00000400       __imp__get_initial_narrow_environment 000000014002c400     ucrt:api-ms-win-crt-runtime-l1-1-0.dll
 0002:00000408       __imp__initterm            000000014002c408     ucrt:api-ms-win-crt-runtime-l1-1-0.dll
 0002:00000410       __imp__initterm_e          000000014002c410     ucrt:api-ms-win-crt-runtime-l1-1-0.dll
 0002:00000418       __imp__exit                000000014002c418     ucrt:api-ms-win-crt-runtime-l1-1-0.dll
 0002:00000420       \177api-ms-win-crt-runtime-l1-1-0_NULL_THUNK_DATA 000000014002c420     ucrt:api-ms-win-crt-runtime-l1-1-0.dll
 0002:00000428       __imp__set_fmode           000000014002c428     ucrt:api-ms-win-crt-stdio-l1-1-0.dll
 0002:00000430       __imp___stdio_common_vsprintf 000000014002c430     ucrt:api-ms-win-crt-stdio-l1-1-0.dll
 0002:00000438       __imp___stdio_common_vfprintf 000000014002c438     ucrt:api-ms-win-crt-stdio-l1-1-0.dll
 0002:00000440       __imp_puts                 000000014002c440     ucrt:api-ms-win-crt-stdio-l1-1-0.dll
 0002:00000448       __imp___p__commode         000000014002c448     ucrt:api-ms-win-crt-stdio-l1-1-0.dll
 0002:00000450       __imp_fgets                000000014002c450     ucrt:api-ms-win-crt-stdio-l1-1-0.dll
 0002:00000458       __imp___acrt_iob_func      000000014002c458     ucrt:api-ms-win-crt-stdio-l1-1-0.dll
 0002:00000460       \177api-ms-win-crt-stdio-l1-1-0_NULL_THUNK_DATA 000000014002c460     ucrt:api-ms-win-crt-stdio-l1-1-0.dll
 0002:00000468       __imp_strncpy              000000014002c468     ucrt:api-ms-win-crt-string-l1-1-0.dll
 0002:00000470       __imp__strnicmp            000000014002c470     ucrt:api-ms-win-crt-string-l1-1-0.dll
 0002:00000478       __imp_isxdigit             000000014002c478     ucrt:api-ms-win-crt-string-l1-1-0.dll
 0002:00000480       __imp_isdigit              000000014002c480     ucrt:api-ms-win-crt-string-l1-1-0.dll
 0002:00000488       \177api-ms-win-crt-string-l1-1-0_NULL_THUNK_DATA 000000014002c488     ucrt:api-ms-win-crt-string-l1-1-0.dll
 0002:00000490       __imp_rand                 000000014002c490     ucrt:api-ms-win-crt-utility-l1-1-0.dll
 0002:00000498       \177api-ms-win-crt-utility-l1-1-0_NULL_THUNK_DATA 000000014002c498     ucrt:api-ms-win-crt-utility-l1-1-0.dll
 0002:000004a0       __imp_CoCreateGuid         000000014002c4a0     ole32:ole32.dll
 0002:000004a8       \177ole32_NULL_THUNK_DATA  000000014002c4a8     ole32:ole32.dll
 0002:000004b0       __guard_check_icall_fptr   000000014002c4b0     MSVCRT:guard_support.obj
 0002:000004b8       __guard_dispatch_icall_fptr 000000014002c4b8     MSVCRT:guard_support.obj
 0002:000004c0       __xc_a                     000000014002c4c0     MSVCRT:initializers.obj
 0002:000004d0       __xc_z                     000000014002c4d0     MSVCRT:initializers.obj
 0002:000004d8       __xi_a                     000000014002c4d8     MSVCRT:initializers.obj
 0002:000004f0       __xi_z                     000000014002c4f0     MSVCRT:initializers.obj
 0002:000004f8       __xp_a                     000000014002c4f8     MSVCRT:initializers.obj
 0002:00000500       __xp_z                     000000014002c500     MSVCRT:initializers.obj
 0002:00000508       __xt_a                     000000014002c508     MSVCRT:initializers.obj
 0002:00000510       __xt_z                     000000014002c510     MSVCRT:initializers.obj
 0002:000005e0       ??_C@_0DC@MHBBCDGM@Unspecified?5audio?5device?5error?5?$CI@ 000000014002c5e0     pjmedia-audiodev-x86_64-x64-vc14-release:errno.obj
 0002:00000618       ??_C@_0DG@FEDKLOFB@Unknown?5error?5from?5audio?5driver?5@ 000000014002c618     pjmedia-audiodev-x86_64-x64-vc14-release:errno.obj
 0002:00000650       ??_C@_0DE@DOHCBKFK@Audio?5subsystem?5not?5initialized?5@ 000000014002c650     pjmedia-audiodev-x86_64-x64-vc14-release:errno.obj
 0002:00000688       ??_C@_0CL@NCBJPCNF@Invalid?5audio?5device?5?$CIPJMEDIA_EA@ 000000014002c688     pjmedia-audiodev-x86_64-x64-vc14-release:errno.obj
 0002:000006b8       ??_C@_0CM@LOPLLMHO@Found?5no?5audio?5devices?5?$CIPJMEDIA_@ 000000014002c6b8     pjmedia-audiodev-x86_64-x64-vc14-release:errno.obj
 0002:000006e8       ??_C@_0DM@DPDKGMIE@Unable?5to?5find?5default?5audio?5dev@ 000000014002c6e8     pjmedia-audiodev-x86_64-x64-vc14-release:errno.obj
 0002:00000728       ??_C@_0CP@JIPJOIMB@Audio?5device?5not?5ready?5?$CIPJMEDIA_@ 000000014002c728     pjmedia-audiodev-x86_64-x64-vc14-release:errno.obj
 0002:00000758       ??_C@_0DO@NMIGLFFA@Invalid?5or?5unsupported?5audio?5cap@ 000000014002c758     pjmedia-audiodev-x86_64-x64-vc14-release:errno.obj
 0002:000007a0       ??_C@_0ED@PLJALPOA@Invalid?5or?5unsupported?5audio?5dev@ 000000014002c7a0     pjmedia-audiodev-x86_64-x64-vc14-release:errno.obj
 0002:000007e8       ??_C@_0DM@JKDJGBNG@Bad?5or?5invalid?5audio?5device?5form@ 000000014002c7e8     pjmedia-audiodev-x86_64-x64-vc14-release:errno.obj
 0002:00000828       ??_C@_0DN@BLAJILEA@Invalid?5audio?5device?5sample?5form@ 000000014002c828     pjmedia-audiodev-x86_64-x64-vc14-release:errno.obj
 0002:00000868       ??_C@_0DE@LJJGJIEF@Bad?5audio?5latency?5setting?5?$CIPJMED@ 000000014002c868     pjmedia-audiodev-x86_64-x64-vc14-release:errno.obj
 0002:000008a0       ??_C@_0BJ@GMHLEOAL@MMSYSTEM?5native?5error?5?$CFd?$AA@ 000000014002c8a0     pjmedia-audiodev-x86_64-x64-vc14-release:errno.obj
 0002:000008c0       ??_C@_0CC@MFOJNIAN@Unknown?5pjmedia?9audiodev?5error?5?$CF@ 000000014002c8c0     pjmedia-audiodev-x86_64-x64-vc14-release:errno.obj
 0002:000008e8       ??_C@_0M@KBHHDDLP@Wave?5mapper?$AA@ 000000014002c8e8     pjmedia-audiodev-x86_64-x64-vc14-release:wmme_dev.obj
 0002:000008f4       ??_C@_04CPNMDOAK@WMME?$AA@ 000000014002c8f4     pjmedia-audiodev-x86_64-x64-vc14-release:wmme_dev.obj
 0002:00000900       ??_C@_0BB@EOKKHGLD@WMME?5initialized?$AA@ 000000014002c900     pjmedia-audiodev-x86_64-x64-vc14-release:wmme_dev.obj
 0002:00000918       ??_C@_0L@HHCCMOGO@wmme_dev?4c?$AA@ 000000014002c918     pjmedia-audiodev-x86_64-x64-vc14-release:wmme_dev.obj
 0002:00000928       ??_C@_0BM@OMJMEAMB@WMME?5found?5no?5sound?5devices?$AA@ 000000014002c928     pjmedia-audiodev-x86_64-x64-vc14-release:wmme_dev.obj
 0002:00000944       ??_C@_11LOCGONAA@?$AA?$AA@ 000000014002c944     pjmedia-audiodev-x86_64-x64-vc14-release:wmme_dev.obj
 0002:00000948       ??_C@_0BH@GEMAAOCL@WMME?5found?5?$CFd?5devices?3?$AA@ 000000014002c948     pjmedia-audiodev-x86_64-x64-vc14-release:wmme_dev.obj
 0002:00000960       ??_C@_0CA@NLJGEGOG@?5dev_id?5?$CFd?3?5?$CFs?5?5?$CIin?$DN?$CFd?0?5out?$DN?$CFd?$CJ?$AA@ 000000014002c960     pjmedia-audiodev-x86_64-x64-vc14-release:wmme_dev.obj
 0002:00000980       ??_C@_03CCLNCNJA@PCM?$AA@  000000014002c980     pjmedia-audiodev-x86_64-x64-vc14-release:wmme_dev.obj
 0002:00000990       ??_C@_0HB@MKIBCFPJ@?5WaveAPI?5Sound?5player?5?$CC?$CFs?$CC?5initi@ 000000014002c990     pjmedia-audiodev-x86_64-x64-vc14-release:wmme_dev.obj
 0002:00000a10       ??_C@_0HD@PIICIPL@?5WaveAPI?5Sound?5recorder?5?$CC?$CFs?$CC?5ini@ 000000014002ca10     pjmedia-audiodev-x86_64-x64-vc14-release:wmme_dev.obj
 0002:00000a88       ??_C@_0CJ@BMOAEONK@Failed?5to?5write?5audio?5frame?5for?5@ 000000014002ca88     pjmedia-audiodev-x86_64-x64-vc14-release:wmme_dev.obj
 0002:00000ab8       ??_C@_0BP@EAOBDJJO@Failed?5to?5add?5recording?5buffer?$AA@ 000000014002cab8     pjmedia-audiodev-x86_64-x64-vc14-release:wmme_dev.obj
 0002:00000ad8       ??_C@_0BI@BEJPJEBJ@WMME?3?5thread?5stopping?4?4?$AA@ 000000014002cad8     pjmedia-audiodev-x86_64-x64-vc14-release:wmme_dev.obj
 0002:00000af0       ??_C@_0CB@JKFANBEJ@WMME?5thread?5stopped?5due?5to?5error@ 000000014002caf0     pjmedia-audiodev-x86_64-x64-vc14-release:wmme_dev.obj
 0002:00000b18       ??_C@_08MOOOBPLB@wmme?9dev?$AA@ 000000014002cb18     pjmedia-audiodev-x86_64-x64-vc14-release:wmme_dev.obj
 0002:00000b24       ??_C@_04ODOGNMHC@wmme?$AA@ 000000014002cb24     pjmedia-audiodev-x86_64-x64-vc14-release:wmme_dev.obj
 0002:00000b30       ??_C@_0BN@MNACKNIN@WMME?5playback?5stream?5started?$AA@ 000000014002cb30     pjmedia-audiodev-x86_64-x64-vc14-release:wmme_dev.obj
 0002:00000b50       ??_C@_0BM@NKDLICNM@WMME?5capture?5stream?5started?$AA@ 000000014002cb50     pjmedia-audiodev-x86_64-x64-vc14-release:wmme_dev.obj
 0002:00000b70       ??_C@_0BN@FMJNHCPG@Stopped?5WMME?5playback?5stream?$AA@ 000000014002cb70     pjmedia-audiodev-x86_64-x64-vc14-release:wmme_dev.obj
 0002:00000b90       ??_C@_0BM@KCHDOGNE@Stopped?5WMME?5capture?5stream?$AA@ 000000014002cb90     pjmedia-audiodev-x86_64-x64-vc14-release:wmme_dev.obj
 0002:00000bb0       ??_C@_09OFDCJLJM@WMME?5base?$AA@ 000000014002cbb0     pjmedia-audiodev-x86_64-x64-vc14-release:wmme_dev.obj
 0002:00000c20       ??_C@_07OEHJJJKF@RTP?1AVP?$AA@ 000000014002cc20     pjmedia-x86_64-x64-vc14-release:endpoint.obj
 0002:00000c28       ??_C@_02BBAPPCCJ@IN?$AA@   000000014002cc28     pjmedia-x86_64-x64-vc14-release:endpoint.obj
 0002:00000c2c       ??_C@_03OPDBOKBD@IP4?$AA@  000000014002cc2c     pjmedia-x86_64-x64-vc14-release:endpoint.obj
 0002:00000c30       ??_C@_03NNAHIIJB@IP6?$AA@  000000014002cc30     pjmedia-x86_64-x64-vc14-release:endpoint.obj
 0002:00000c38       ??_C@_07HDFHIMAJ@pjmedia?$AA@ 000000014002cc38     pjmedia-x86_64-x64-vc14-release:endpoint.obj
 0002:00000c40       ??_C@_08LMCBNPPN@sendrecv?$AA@ 000000014002cc40     pjmedia-x86_64-x64-vc14-release:endpoint.obj
 0002:00000c50       ??_C@_07LBNDIDNE@med?9ept?$AA@ 000000014002cc50     pjmedia-x86_64-x64-vc14-release:endpoint.obj
 0002:00000c60       ??_C@_0EL@BIFHLACC@Warning?3?5no?5worker?5thread?5is?5cre@ 000000014002cc60     pjmedia-x86_64-x64-vc14-release:endpoint.obj
 0002:00000cb0       ??_C@_0L@DLFDMOGF@endpoint?4c?$AA@ 000000014002ccb0     pjmedia-x86_64-x64-vc14-release:endpoint.obj
 0002:00000cbc       ??_C@_05CECBHAPI@media?$AA@ 000000014002ccbc     pjmedia-x86_64-x64-vc14-release:endpoint.obj
 0002:00000cc2       ??_C@_00CNPNBAHC@?$AA@     000000014002ccc2     pjmedia-x86_64-x64-vc14-release:endpoint.obj
 0002:00000cc4       ??_C@_01CLKCMJKC@?5?$AA@   000000014002ccc4     pjmedia-x86_64-x64-vc14-release:endpoint.obj
 0002:00000cc8       ??_C@_0N@COEOBFOD@EC?5activated?$AA@ 000000014002ccc8     pjmedia-x86_64-x64-vc14-release:sound_port.obj
 0002:00000cd8       ??_C@_0N@GOCHBLLA@sound_port?4c?$AA@ 000000014002ccd8     pjmedia-x86_64-x64-vc14-release:sound_port.obj
 0002:00000ce8       ??_C@_0CD@IGHBIGGN@EC?5suspended?5because?5of?5inactivi@ 000000014002cce8     pjmedia-x86_64-x64-vc14-release:sound_port.obj
 0002:00000d10       ??_C@_0CB@KICGINBD@AEC?5tail?5is?5set?5to?5default?5?$CFu?5ms@ 000000014002cd10     pjmedia-x86_64-x64-vc14-release:sound_port.obj
 0002:00000d38       ??_C@_0DJ@PNINHBGM@pjmedia_snd_port_set_ec?$CI?$CJ?5ignore@ 000000014002cd38     pjmedia-x86_64-x64-vc14-release:sound_port.obj
 0002:00000d78       ??_C@_0DB@KDEIEFDK@Echo?5canceller?5is?5now?5disabled?5i@ 000000014002cd78     pjmedia-x86_64-x64-vc14-release:sound_port.obj
 0002:00000db0       ??_C@_0DH@EDIEAILI@File?5writer?5?8?$CF?4?$CKs?8?5created?3?5samp@ 000000014002cdb0     pjmedia-x86_64-x64-vc14-release:wav_writer.obj
 0002:00000de8       ??_C@_0N@MCLOBLAH@wav_writer?4c?$AA@ 000000014002cde8     pjmedia-x86_64-x64-vc14-release:wav_writer.obj
 0002:00000df8       ??_C@_07GBKCPIDJ@ext?9fmt?$AA@ 000000014002cdf8     pjmedia-x86_64-x64-vc14-release:audiodev.obj
 0002:00000e00       ??_C@_0BI@GGHCECPI@Extended?1non?9PCM?5format?$AA@ 000000014002ce00     pjmedia-x86_64-x64-vc14-release:audiodev.obj
 0002:00000e18       ??_C@_0L@IKNMBADD@latency?9in?$AA@ 000000014002ce18     pjmedia-x86_64-x64-vc14-release:audiodev.obj
 0002:00000e28       ??_C@_0CC@LIGOHOJN@Input?5latency?1buffer?5size?5settin@ 000000014002ce28     pjmedia-x86_64-x64-vc14-release:audiodev.obj
 0002:00000e50       ??_C@_0M@MBBBBCLJ@latency?9out?$AA@ 000000014002ce50     pjmedia-x86_64-x64-vc14-release:audiodev.obj
 0002:00000e60       ??_C@_0CD@GAINMBC@Output?5latency?1buffer?5size?5setti@ 000000014002ce60     pjmedia-x86_64-x64-vc14-release:audiodev.obj
 0002:00000e84       ??_C@_06KGGLCDDG@vol?9in?$AA@ 000000014002ce84     pjmedia-x86_64-x64-vc14-release:audiodev.obj
 0002:00000e90       ??_C@_0BF@CCEKOJAN@Input?5volume?5setting?$AA@ 000000014002ce90     pjmedia-x86_64-x64-vc14-release:audiodev.obj
 0002:00000ea8       ??_C@_07LBFHFBAF@vol?9out?$AA@ 000000014002cea8     pjmedia-x86_64-x64-vc14-release:audiodev.obj
 0002:00000eb0       ??_C@_0BG@IBEHJHAD@Output?5volume?5setting?$AA@ 000000014002ceb0     pjmedia-x86_64-x64-vc14-release:audiodev.obj
 0002:00000ec8       ??_C@_08BPNDLGG@meter?9in?$AA@ 000000014002cec8     pjmedia-x86_64-x64-vc14-release:audiodev.obj
 0002:00000ed8       ??_C@_0M@NCGIGNPG@Input?5meter?$AA@ 000000014002ced8     pjmedia-x86_64-x64-vc14-release:audiodev.obj
 0002:00000ee8       ??_C@_09NKJLJGOJ@meter?9out?$AA@ 000000014002cee8     pjmedia-x86_64-x64-vc14-release:audiodev.obj
 0002:00000ef8       ??_C@_0N@GBEOEOEP@Output?5meter?$AA@ 000000014002cef8     pjmedia-x86_64-x64-vc14-release:audiodev.obj
 0002:00000f08       ??_C@_08FPHJDLBG@route?9in?$AA@ 000000014002cf08     pjmedia-x86_64-x64-vc14-release:audiodev.obj
 0002:00000f18       ??_C@_0O@JDPFDDM@Input?5routing?$AA@ 000000014002cf18     pjmedia-x86_64-x64-vc14-release:audiodev.obj
 0002:00000f28       ??_C@_09IKMAGDNF@route?9out?$AA@ 000000014002cf28     pjmedia-x86_64-x64-vc14-release:audiodev.obj
 0002:00000f38       ??_C@_0P@JOFPIEJJ@Output?5routing?$AA@ 000000014002cf38     pjmedia-x86_64-x64-vc14-release:audiodev.obj
 0002:00000f48       ??_C@_03FNONIBCK@aec?$AA@  000000014002cf48     pjmedia-x86_64-x64-vc14-release:audiodev.obj
 0002:00000f50       ??_C@_0BM@HPDLGLFJ@Accoustic?5echo?5cancellation?$AA@ 000000014002cf50     pjmedia-x86_64-x64-vc14-release:audiodev.obj
 0002:00000f70       ??_C@_08MKAPJCJE@aec?9tail?$AA@ 000000014002cf70     pjmedia-x86_64-x64-vc14-release:audiodev.obj
 0002:00000f80       ??_C@_0BM@PBLLADJD@Tail?5length?5setting?5for?5AEC?$AA@ 000000014002cf80     pjmedia-x86_64-x64-vc14-release:audiodev.obj
 0002:00000f9c       ??_C@_03NIGLNABH@vad?$AA@  000000014002cf9c     pjmedia-x86_64-x64-vc14-release:audiodev.obj
 0002:00000fa0       ??_C@_0BJ@PEELNNPF@Voice?5activity?5detection?$AA@ 000000014002cfa0     pjmedia-x86_64-x64-vc14-release:audiodev.obj
 0002:00000fbc       ??_C@_03JPNNGDEE@cng?$AA@  000000014002cfbc     pjmedia-x86_64-x64-vc14-release:audiodev.obj
 0002:00000fc0       ??_C@_0BJ@MNDOFJGN@Comfort?5noise?5generation?$AA@ 000000014002cfc0     pjmedia-x86_64-x64-vc14-release:audiodev.obj
 0002:00000fdc       ??_C@_03NOPFEPFL@plg?$AA@  000000014002cfdc     pjmedia-x86_64-x64-vc14-release:audiodev.obj
 0002:00000fe0       ??_C@_0BI@OMEMKBHH@Packet?5loss?5concealment?$AA@ 000000014002cfe0     pjmedia-x86_64-x64-vc14-release:audiodev.obj
 0002:00001000       ??_C@_0EF@NLCNMHAD@?$CFd?5device?$CIs?$CJ?5cannot?5be?5registere@ 000000014002d000     pjmedia-x86_64-x64-vc14-release:audiodev.obj
 0002:00001048       ??_C@_0L@FGHHAHLM@audiodev?4c?$AA@ 000000014002d048     pjmedia-x86_64-x64-vc14-release:audiodev.obj
 0002:00001058       ??_C@_0DH@LLDEKPNG@Lost?5event?5?$CFs?5from?5publisher?5?$FL0x@ 000000014002d058     pjmedia-x86_64-x64-vc14-release:event.obj
 0002:00001090       ??_C@_07GLALFINI@event?4c?$AA@ 000000014002d090     pjmedia-x86_64-x64-vc14-release:event.obj
 0002:00001098       ??_C@_01KMDKNFGN@?1?$AA@   000000014002d098     pjmedia-x86_64-x64-vc14-release:sdp.obj
 0002:0000109c       ??_C@_03GOLBDMPC@RTP?$AA@  000000014002d09c     pjmedia-x86_64-x64-vc14-release:sdp.obj
 0002:000010a0       ??_C@_03CPJJBAON@AVP?$AA@  000000014002d0a0     pjmedia-x86_64-x64-vc14-release:sdp.obj
 0002:000010a4       ??_C@_04LHEMINPH@SAVP?$AA@ 000000014002d0a4     pjmedia-x86_64-x64-vc14-release:sdp.obj
 0002:000010ac       ??_C@_04HILHOPFG@AVPF?$AA@ 000000014002d0ac     pjmedia-x86_64-x64-vc14-release:sdp.obj
 0002:000010b4       ??_C@_05IFENMDLB@SAVPF?$AA@ 000000014002d0b4     pjmedia-x86_64-x64-vc14-release:sdp.obj
 0002:000010bc       ??_C@_03OPEAKHDL@UDP?$AA@  000000014002d0bc     pjmedia-x86_64-x64-vc14-release:sdp.obj
 0002:000010c0       ??_C@_0N@IFKNLCBO@TLS?1RTP?1SAVP?$AA@ 000000014002d0c0     pjmedia-x86_64-x64-vc14-release:sdp.obj
 0002:000010d0       ??_C@_0O@FMKJHIFC@TLS?1RTP?1SAVPF?$AA@ 000000014002d0d0     pjmedia-x86_64-x64-vc14-release:sdp.obj
 0002:000010e0       ??_C@_09GLMNEMC@codec?9mgr?$AA@ 000000014002d0e0     pjmedia-x86_64-x64-vc14-release:codec.obj
 0002:00001790       ??_C@_0CK@HBHLALIF@Unspecified?5PJMEDIA?5error?5?$CIPJMED@ 000000014002d790     pjmedia-x86_64-x64-vc14-release:errno.obj
 0002:000017c0       ??_C@_0CM@KFAONKNJ@Invalid?5SDP?5descriptor?5?$CIPJMEDIA_@ 000000014002d7c0     pjmedia-x86_64-x64-vc14-release:errno.obj
 0002:000017f0       ??_C@_0CO@ONPCFICA@Invalid?5SDP?5version?5line?5?$CIPJMEDI@ 000000014002d7f0     pjmedia-x86_64-x64-vc14-release:errno.obj
 0002:00001820       ??_C@_0DA@DIKNJOEJ@Invalid?5SDP?5origin?5line?5?$CIPJMEDIA@ 000000014002d820     pjmedia-x86_64-x64-vc14-release:errno.obj
 0002:00001850       ??_C@_0CM@DLEAGODI@Invalid?5SDP?5time?5line?5?$CIPJMEDIA_S@ 000000014002d850     pjmedia-x86_64-x64-vc14-release:errno.obj
 0002:00001880       ??_C@_0DF@HNDCDPJF@SDP?5name?1subject?5line?5is?5empty?5?$CI@ 000000014002d880     pjmedia-x86_64-x64-vc14-release:errno.obj
 0002:000018b8       ??_C@_0DC@KNNPDHKA@Invalid?5SDP?5connection?5line?5?$CIPJM@ 000000014002d8b8     pjmedia-x86_64-x64-vc14-release:errno.obj
 0002:000018f0       ??_C@_0DM@NEDHCJGL@Missing?5SDP?5connection?5info?5line@ 000000014002d8f0     pjmedia-x86_64-x64-vc14-release:errno.obj
 0002:00001930       ??_C@_0CN@JHLMEODJ@Invalid?5SDP?5attributes?5?$CIPJMEDIA_@ 000000014002d930     pjmedia-x86_64-x64-vc14-release:errno.obj
 0002:00001960       ??_C@_0DF@BJAALDOM@Invalid?5SDP?5rtpmap?5attribute?5?$CIPJ@ 000000014002d960     pjmedia-x86_64-x64-vc14-release:errno.obj
 0002:00001998       ??_C@_0DL@HCOGNPAF@SDP?5rtpmap?5attribute?5too?5long?5?$CIP@ 000000014002d998     pjmedia-x86_64-x64-vc14-release:errno.obj
 0002:000019e0       ??_C@_0EJ@IDNJACOO@Missing?5SDP?5rtpmap?5for?5dynamic?5p@ 000000014002d9e0     pjmedia-x86_64-x64-vc14-release:errno.obj
 0002:00001a30       ??_C@_0CO@DIKFNJOF@Invalid?5SDP?5media?5line?5?$CIPJMEDIA_@ 000000014002da30     pjmedia-x86_64-x64-vc14-release:errno.obj
 0002:00001a60       ??_C@_0DN@GADAENKO@No?5SDP?5payload?5format?5in?5the?5med@ 000000014002da60     pjmedia-x86_64-x64-vc14-release:errno.obj
[...]
 0004:000022ec       $pdata$srtp_unprotect_rtcp_mki 00000001400472ec     libsrtp-x86_64-x64-vc14-release:srtp.obj
 0004:000022f8       $pdata$0$srtp_unprotect_rtcp_mki 00000001400472f8     libsrtp-x86_64-x64-vc14-release:srtp.obj
 0004:00002304       $pdata$1$srtp_unprotect_rtcp_mki 0000000140047304     libsrtp-x86_64-x64-vc14-release:srtp.obj
 0004:00002310       $pdata$2$srtp_unprotect_rtcp_mki 0000000140047310     libsrtp-x86_64-x64-vc14-release:srtp.obj
 0004:0000231c       $pdata$3$srtp_unprotect_rtcp_mki 000000014004731c     libsrtp-x86_64-x64-vc14-release:srtp.obj
 0004:00002328       $pdata$4$srtp_unprotect_rtcp_mki 0000000140047328     libsrtp-x86_64-x64-vc14-release:srtp.obj
 0004:00002334       $pdata$5$srtp_unprotect_rtcp_mki 0000000140047334     libsrtp-x86_64-x64-vc14-release:srtp.obj
 0004:00002340       $pdata$srtp_validate_rtp_header 0000000140047340     libsrtp-x86_64-x64-vc14-release:srtp.obj
 0004:0000234c       $pdata$0$srtp_validate_rtp_header 000000014004734c     libsrtp-x86_64-x64-vc14-release:srtp.obj
 0004:00002358       $pdata$2$srtp_validate_rtp_header 0000000140047358     libsrtp-x86_64-x64-vc14-release:srtp.obj
 0004:00002364       $pdata$srtp_crypto_alloc   0000000140047364     libsrtp-x86_64-x64-vc14-release:alloc.obj
 0004:00002370       $pdata$srtp_crypto_free    0000000140047370     libsrtp-x86_64-x64-vc14-release:alloc.obj
 0004:0000237c       $pdata$bitvector_alloc     000000014004737c     libsrtp-x86_64-x64-vc14-release:datatypes.obj
 0004:00002388       $pdata$bitvector_dealloc   0000000140047388     libsrtp-x86_64-x64-vc14-release:datatypes.obj
 0004:00002394       $pdata$bitvector_left_shift 0000000140047394     libsrtp-x86_64-x64-vc14-release:datatypes.obj
 0004:000023a0       $pdata$2$bitvector_left_shift 00000001400473a0     libsrtp-x86_64-x64-vc14-release:datatypes.obj
 0004:000023ac       $pdata$3$bitvector_left_shift 00000001400473ac     libsrtp-x86_64-x64-vc14-release:datatypes.obj
 0004:000023b8       $pdata$6$bitvector_left_shift 00000001400473b8     libsrtp-x86_64-x64-vc14-release:datatypes.obj
 0004:000023c4       $pdata$7$bitvector_left_shift 00000001400473c4     libsrtp-x86_64-x64-vc14-release:datatypes.obj
 0004:000023d0       $pdata$8$bitvector_left_shift 00000001400473d0     libsrtp-x86_64-x64-vc14-release:datatypes.obj
 0004:000023dc       $pdata$9$bitvector_left_shift 00000001400473dc     libsrtp-x86_64-x64-vc14-release:datatypes.obj
 0004:000023e8       $pdata$octet_string_is_eq  00000001400473e8     libsrtp-x86_64-x64-vc14-release:datatypes.obj
 0004:000023f4       $pdata$srtp_octet_string_hex_string 00000001400473f4     libsrtp-x86_64-x64-vc14-release:datatypes.obj
 0004:00002400       $pdata$v128_hex_string     0000000140047400     libsrtp-x86_64-x64-vc14-release:datatypes.obj
 0004:0000240c       $pdata$v128_left_shift     000000014004740c     libsrtp-x86_64-x64-vc14-release:datatypes.obj
 0004:00002418       $pdata$2$v128_left_shift   0000000140047418     libsrtp-x86_64-x64-vc14-release:datatypes.obj
 0004:00002424       $pdata$6$v128_left_shift   0000000140047424     libsrtp-x86_64-x64-vc14-release:datatypes.obj
 0004:00002430       $pdata$7$v128_left_shift   0000000140047430     libsrtp-x86_64-x64-vc14-release:datatypes.obj
 0004:0000243c       $pdata$8$v128_left_shift   000000014004743c     libsrtp-x86_64-x64-vc14-release:datatypes.obj
 0004:00002448       $pdata$srtp_err_report     0000000140047448     libsrtp-x86_64-x64-vc14-release:srtp_err.obj
 0004:00002454       $pdata$srtp_rdbx_add_index 0000000140047454     libsrtp-x86_64-x64-vc14-release:rdbx.obj
 0004:00002460       $pdata$0$srtp_rdbx_add_index 0000000140047460     libsrtp-x86_64-x64-vc14-release:rdbx.obj
 0004:0000246c       $pdata$1$srtp_rdbx_add_index 000000014004746c     libsrtp-x86_64-x64-vc14-release:rdbx.obj
 0004:00002478       $pdata$srtp_rdbx_dealloc   0000000140047478     libsrtp-x86_64-x64-vc14-release:rdbx.obj
 0004:00002484       $pdata$srtp_rdbx_init      0000000140047484     libsrtp-x86_64-x64-vc14-release:rdbx.obj
 0004:00002490       $pdata$srtp_rdbx_set_roc   0000000140047490     libsrtp-x86_64-x64-vc14-release:rdbx.obj
 0004:0000249c       $pdata$srtp_rdbx_set_roc_seq 000000014004749c     libsrtp-x86_64-x64-vc14-release:rdbx.obj
 0004:000024a8       $pdata$srtp_rdb_add_index  00000001400474a8     libsrtp-x86_64-x64-vc14-release:rdb.obj
 0004:000024b4       $pdata$srtp_cipher_output  00000001400474b4     libsrtp-x86_64-x64-vc14-release:cipher.obj
 0004:000024c0       $pdata$srtp_crypto_kernel_alloc_auth 00000001400474c0     libsrtp-x86_64-x64-vc14-release:crypto_kernel.obj
 0004:000024cc       $pdata$srtp_crypto_kernel_alloc_cipher 00000001400474cc     libsrtp-x86_64-x64-vc14-release:crypto_kernel.obj
 0004:000024d8       $pdata$srtp_ekt_write_data 00000001400474d8     libsrtp-x86_64-x64-vc14-release:ekt.obj
 0004:000024e4       $pdata$0$srtp_ekt_write_data 00000001400474e4     libsrtp-x86_64-x64-vc14-release:ekt.obj
 0004:000024f0       $pdata$1$srtp_ekt_write_data 00000001400474f0     libsrtp-x86_64-x64-vc14-release:ekt.obj
 0004:000024fc       $pdata$2$srtp_ekt_write_data 00000001400474fc     libsrtp-x86_64-x64-vc14-release:ekt.obj
 0004:00002508       $pdata$3$srtp_ekt_write_data 0000000140047508     libsrtp-x86_64-x64-vc14-release:ekt.obj
 0004:00002514       $pdata$srtp_stream_init_from_ekt 0000000140047514     libsrtp-x86_64-x64-vc14-release:ekt.obj
 0004:00002520       $pdata$srtp_null_cipher_alloc 0000000140047520     libsrtp-x86_64-x64-vc14-release:null_cipher.obj
 0004:0000252c       $pdata$srtp_null_cipher_dealloc 000000014004752c     libsrtp-x86_64-x64-vc14-release:null_cipher.obj
 0004:00002538       $pdata$srtp_null_cipher_init 0000000140047538     libsrtp-x86_64-x64-vc14-release:null_cipher.obj
 0004:00002544       $pdata$srtp_aes_icm_alloc  0000000140047544     libsrtp-x86_64-x64-vc14-release:aes_icm.obj
 0004:00002550       $pdata$0$srtp_aes_icm_alloc 0000000140047550     libsrtp-x86_64-x64-vc14-release:aes_icm.obj
 0004:0000255c       $pdata$2$srtp_aes_icm_alloc 000000014004755c     libsrtp-x86_64-x64-vc14-release:aes_icm.obj
 0004:00002568       $pdata$srtp_aes_icm_dealloc 0000000140047568     libsrtp-x86_64-x64-vc14-release:aes_icm.obj
 0004:00002574       $pdata$srtp_aes_icm_context_init 0000000140047574     libsrtp-x86_64-x64-vc14-release:aes_icm.obj
 0004:00002580       $pdata$4$srtp_aes_icm_context_init 0000000140047580     libsrtp-x86_64-x64-vc14-release:aes_icm.obj
 0004:0000258c       $pdata$5$srtp_aes_icm_context_init 000000014004758c     libsrtp-x86_64-x64-vc14-release:aes_icm.obj
 0004:00002598       $pdata$6$srtp_aes_icm_context_init 0000000140047598     libsrtp-x86_64-x64-vc14-release:aes_icm.obj
 0004:000025a4       $pdata$8$srtp_aes_icm_context_init 00000001400475a4     libsrtp-x86_64-x64-vc14-release:aes_icm.obj
 0004:000025b0       $pdata$srtp_aes_icm_set_iv 00000001400475b0     libsrtp-x86_64-x64-vc14-release:aes_icm.obj
 0004:000025bc       $pdata$srtp_aes_icm_encrypt 00000001400475bc     libsrtp-x86_64-x64-vc14-release:aes_icm.obj
 0004:000025c8       $pdata$0$srtp_aes_icm_encrypt 00000001400475c8     libsrtp-x86_64-x64-vc14-release:aes_icm.obj
 0004:000025d4       $pdata$3$srtp_aes_icm_encrypt 00000001400475d4     libsrtp-x86_64-x64-vc14-release:aes_icm.obj
 0004:000025e0       $pdata$4$srtp_aes_icm_encrypt 00000001400475e0     libsrtp-x86_64-x64-vc14-release:aes_icm.obj
 0004:000025ec       $pdata$5$srtp_aes_icm_encrypt 00000001400475ec     libsrtp-x86_64-x64-vc14-release:aes_icm.obj
 0004:000025f8       $pdata$srtp_aes_icm_advance 00000001400475f8     libsrtp-x86_64-x64-vc14-release:aes_icm.obj
 0004:00002604       $pdata$srtp_null_auth_alloc 0000000140047604     libsrtp-x86_64-x64-vc14-release:null_auth.obj
 0004:00002610       $pdata$srtp_null_auth_dealloc 0000000140047610     libsrtp-x86_64-x64-vc14-release:null_auth.obj
 0004:0000261c       $pdata$srtp_hmac_alloc     000000014004761c     libsrtp-x86_64-x64-vc14-release:hmac.obj
 0004:00002628       $pdata$srtp_hmac_dealloc   0000000140047628     libsrtp-x86_64-x64-vc14-release:hmac.obj
 0004:00002634       $pdata$srtp_hmac_init      0000000140047634     libsrtp-x86_64-x64-vc14-release:hmac.obj
 0004:00002640       $pdata$2$srtp_hmac_init    0000000140047640     libsrtp-x86_64-x64-vc14-release:hmac.obj
 0004:0000264c       $pdata$3$srtp_hmac_init    000000014004764c     libsrtp-x86_64-x64-vc14-release:hmac.obj
 0004:00002658       $pdata$srtp_hmac_update    0000000140047658     libsrtp-x86_64-x64-vc14-release:hmac.obj
 0004:00002664       $pdata$srtp_hmac_compute   0000000140047664     libsrtp-x86_64-x64-vc14-release:hmac.obj
 0004:00002670       $pdata$0$srtp_hmac_compute 0000000140047670     libsrtp-x86_64-x64-vc14-release:hmac.obj
 0004:0000267c       $pdata$1$srtp_hmac_compute 000000014004767c     libsrtp-x86_64-x64-vc14-release:hmac.obj
 0004:00002688       $pdata$aes_128_expand_encryption_key 0000000140047688     libsrtp-x86_64-x64-vc14-release:aes.obj
 0004:00002694       $pdata$aes_256_expand_encryption_key 0000000140047694     libsrtp-x86_64-x64-vc14-release:aes.obj
 0004:000026a0       $pdata$aes_inv_round       00000001400476a0     libsrtp-x86_64-x64-vc14-release:aes.obj
 0004:000026ac       $pdata$aes_round           00000001400476ac     libsrtp-x86_64-x64-vc14-release:aes.obj
 0004:000026b8       $pdata$srtp_aes_decrypt    00000001400476b8     libsrtp-x86_64-x64-vc14-release:aes.obj
 0004:000026c4       $pdata$srtp_aes_encrypt    00000001400476c4     libsrtp-x86_64-x64-vc14-release:aes.obj
 0004:000026d0       $pdata$srtp_aes_expand_decryption_key 00000001400476d0     libsrtp-x86_64-x64-vc14-release:aes.obj
 0004:000026dc       $pdata$0$srtp_aes_expand_decryption_key 00000001400476dc     libsrtp-x86_64-x64-vc14-release:aes.obj
 0004:000026e8       $pdata$1$srtp_aes_expand_decryption_key 00000001400476e8     libsrtp-x86_64-x64-vc14-release:aes.obj
 0004:000026f4       $pdata$srtp_aes_expand_encryption_key 00000001400476f4     libsrtp-x86_64-x64-vc14-release:aes.obj
 0004:00002700       $pdata$srtp_sha1_core      0000000140047700     libsrtp-x86_64-x64-vc14-release:sha1.obj
 0004:0000270c       $pdata$srtp_sha1_final     000000014004770c     libsrtp-x86_64-x64-vc14-release:sha1.obj
 0004:00002718       $pdata$srtp_sha1_update    0000000140047718     libsrtp-x86_64-x64-vc14-release:sha1.obj
 0004:00002724       $pdata$0$srtp_sha1_update  0000000140047724     libsrtp-x86_64-x64-vc14-release:sha1.obj
 0004:00002730       $pdata$1$srtp_sha1_update  0000000140047730     libsrtp-x86_64-x64-vc14-release:sha1.obj
 0004:0000273c       $pdata$__GSHandlerCheck    000000014004773c     MSVCRT:_gshandler_.obj
 0004:00002748       $pdata$__GSHandlerCheckCommon 0000000140047748     MSVCRT:_gshandler_.obj
 0004:00002760       $pdata$?pre_c_initialization@@YAHXZ 0000000140047760     MSVCRT:exe_main.obj
 0004:0000276c       $pdata$?post_pgo_initialization@@YAHXZ 000000014004776c     MSVCRT:exe_main.obj
 0004:00002778       $pdata$?pre_cpp_initialization@@YAXXZ 0000000140047778     MSVCRT:exe_main.obj
 0004:00002784       $pdata$?__scrt_common_main_seh@@YAHXZ 0000000140047784     MSVCRT:exe_main.obj
 0004:00002790       $pdata$mainCRTStartup      0000000140047790     MSVCRT:exe_main.obj
 0004:0000279c       $pdata$__raise_securityfailure 000000014004779c     MSVCRT:gs_report.obj
 0004:000027a8       $pdata$__report_gsfailure  00000001400477a8     MSVCRT:gs_report.obj
 0004:000027b4       $pdata$__report_rangecheckfailure 00000001400477b4     MSVCRT:gs_report.obj
 0004:000027c0       $pdata$__report_securityfailure 00000001400477c0     MSVCRT:gs_report.obj
 0004:000027cc       $pdata$capture_current_context 00000001400477cc     MSVCRT:gs_report.obj
 0004:000027d8       $pdata$capture_previous_context 00000001400477d8     MSVCRT:gs_report.obj
 0004:000027f0       $pdata$__scrt_acquire_startup_lock 00000001400477f0     MSVCRT:utility.obj
 0004:000027fc       $pdata$__scrt_initialize_crt 00000001400477fc     MSVCRT:utility.obj
 0004:00002808       $pdata$__scrt_initialize_onexit_tables 0000000140047808     MSVCRT:utility.obj
 0004:00002814       $pdata$__scrt_is_nonwritable_in_current_image 0000000140047814     MSVCRT:utility.obj
 0004:00002820       $pdata$__scrt_release_startup_lock 0000000140047820     MSVCRT:utility.obj
 0004:0000282c       $pdata$__scrt_uninitialize_crt 000000014004782c     MSVCRT:utility.obj
 0004:00002838       $pdata$_onexit             0000000140047838     MSVCRT:utility.obj
 0004:00002844       $pdata$atexit              0000000140047844     MSVCRT:utility.obj
 0004:00002850       $pdata$__security_init_cookie 0000000140047850     MSVCRT:gs_support.obj
 0004:0000285c       $pdata$__scrt_initialize_default_local_stdio_options 000000014004785c     MSVCRT:default_local_stdio_options.obj
 0004:00002868       $pdata$__scrt_fastfail     0000000140047868     MSVCRT:utility_desktop.obj
 0004:00002874       $pdata$__scrt_is_managed_app 0000000140047874     MSVCRT:utility_desktop.obj
 0004:00002880       $pdata$__scrt_unhandled_exception_filter 0000000140047880     MSVCRT:utility_desktop.obj
 0004:0000288c       $pdata$_RTC_Initialize     000000014004788c     MSVCRT:_initsect_.obj
 0004:00002898       $pdata$_RTC_Terminate      0000000140047898     MSVCRT:_initsect_.obj
 0004:000028d4       $pdata$__isa_available_init 00000001400478d4     MSVCRT:_cpu_disp_.obj
 0004:000028ec       $pdata$?filt$0@?0??__scrt_common_main_seh@@YAHXZ@4HA 00000001400478ec     MSVCRT:exe_main.obj
 0004:000028f8       $pdata$__scrt_is_nonwritable_in_current_image$filt$0 00000001400478f8     MSVCRT:utility.obj
 0005:00000000       __guard_fids__             0000000140048000     MSVCRT:exe_main.obj
 0005:00000004       __guard_fids__             0000000140048004     MSVCRT:exe_main.obj
 0005:00000008       __guard_fids__             0000000140048008     MSVCRT:exe_main.obj
 0005:0000000c       __guard_fids_?pre_c_initialization@@YAHXZ 000000014004800c     MSVCRT:exe_main.obj
 0005:00000014       __guard_fids___scrt_set_unhandled_exception_filter 0000000140048014     MSVCRT:utility_desktop.obj
 0005:00000018       __guard_fids__             0000000140048018     MSVCRT:guard_support.obj
 0006:00000000       __spec_table               0000000140049000     MSVCRT:_svml_dcos2_sse2_.obj
 0006:00000980       dbA1                       0000000140049980     MSVCRT:_svml_dcos2_sse2_.obj
 0006:00000990       dbA2                       0000000140049990     MSVCRT:_svml_dcos2_sse2_.obj
 0006:000009a0       dbA3                       00000001400499a0     MSVCRT:_svml_dcos2_sse2_.obj
 0006:000009b0       dbA4                       00000001400499b0     MSVCRT:_svml_dcos2_sse2_.obj
 0006:000009c0       dbA5                       00000001400499c0     MSVCRT:_svml_dcos2_sse2_.obj
 0006:000009d0       dbA6                       00000001400499d0     MSVCRT:_svml_dcos2_sse2_.obj
 0006:000009e0       dbA7                       00000001400499e0     MSVCRT:_svml_dcos2_sse2_.obj
 0006:000009f0       dbA8                       00000001400499f0     MSVCRT:_svml_dcos2_sse2_.obj
 0006:00000a00       dbPi4                      0000000140049a00     MSVCRT:_svml_dcos2_sse2_.obj
 0006:00000a10       dbPi3                      0000000140049a10     MSVCRT:_svml_dcos2_sse2_.obj
 0006:00000a20       db05                       0000000140049a20     MSVCRT:_svml_dcos2_sse2_.obj
 0006:00000a30       dbHUGE                     0000000140049a30     MSVCRT:_svml_dcos2_sse2_.obj
 0006:00000a40       iABSMASK                   0000000140049a40     MSVCRT:_svml_dcos2_sse2_.obj
 0006:00000a50       dbPi2                      0000000140049a50     MSVCRT:_svml_dcos2_sse2_.obj
 0006:00000a60       dbInvPi                    0000000140049a60     MSVCRT:_svml_dcos2_sse2_.obj
 0006:00000a70       dbPi1                      0000000140049a70     MSVCRT:_svml_dcos2_sse2_.obj
 0006:00000a80       dbNegRS                    0000000140049a80     MSVCRT:_svml_dcos2_sse2_.obj
 0006:00000a90       dbPio2                     0000000140049a90     MSVCRT:_svml_dcos2_sse2_.obj
 0006:00000aa0       MMISIGNMASK                0000000140049aa0     MSVCRT:_svml_dcos2_sse2_.obj
 0006:00000ab0       PI02C_4                    0000000140049ab0     MSVCRT:_svml_dcos2_sse2_.obj
 0006:00000ac0       PI02C_3                    0000000140049ac0     MSVCRT:_svml_dcos2_sse2_.obj
 0006:00000ad0       PI02C_2                    0000000140049ad0     MSVCRT:_svml_dcos2_sse2_.obj
 0006:00000ae0       PI02C_1                    0000000140049ae0     MSVCRT:_svml_dcos2_sse2_.obj
 0006:00000af0       PI02C_0                    0000000140049af0     MSVCRT:_svml_dcos2_sse2_.obj
 0006:00000b00       RS                         0000000140049b00     MSVCRT:_svml_dcos2_sse2_.obj
 0006:00000b10       MMI_ONE                    0000000140049b10     MSVCRT:_svml_dcos2_sse2_.obj
 0006:00000b20       THE_PI02_INV               0000000140049b20     MSVCRT:_svml_dcos2_sse2_.obj
 0006:00000b30       flAllOnes                  0000000140049b30     MSVCRT:_svml_dcos2_sse2_.obj
 0006:00000b40       TWO_POW_30                 0000000140049b40     MSVCRT:_svml_dcos2_sse2_.obj
 0006:00000c00       __spec_table               0000000140049c00     MSVCRT:_svml_dsin2_sse2_.obj
 0006:00001590       MMDA1                      000000014004a590     MSVCRT:_svml_dsin2_sse2_.obj
 0006:000015a0       MMDA2                      000000014004a5a0     MSVCRT:_svml_dsin2_sse2_.obj
 0006:000015b0       MMDA3                      000000014004a5b0     MSVCRT:_svml_dsin2_sse2_.obj
 0006:000015c0       MMDA4                      000000014004a5c0     MSVCRT:_svml_dsin2_sse2_.obj
 0006:000015d0       MMDA5                      000000014004a5d0     MSVCRT:_svml_dsin2_sse2_.obj
 0006:000015e0       MMDA6                      000000014004a5e0     MSVCRT:_svml_dsin2_sse2_.obj
 0006:000015f0       MMDA7                      000000014004a5f0     MSVCRT:_svml_dsin2_sse2_.obj
 0006:00001600       MMDA8                      000000014004a600     MSVCRT:_svml_dsin2_sse2_.obj
 0006:00001610       MMDPI4                     000000014004a610     MSVCRT:_svml_dsin2_sse2_.obj
 0006:00001620       MMDHUGE                    000000014004a620     MSVCRT:_svml_dsin2_sse2_.obj
 0006:00001630       MMDRSHIFT                  000000014004a630     MSVCRT:_svml_dsin2_sse2_.obj
 0006:00001640       MMDPI3                     000000014004a640     MSVCRT:_svml_dsin2_sse2_.obj
 0006:00001650       MMDPI2                     000000014004a650     MSVCRT:_svml_dsin2_sse2_.obj
 0006:00001660       MMIABSMASK                 000000014004a660     MSVCRT:_svml_dsin2_sse2_.obj
 0006:00001670       MMDINVPI                   000000014004a670     MSVCRT:_svml_dsin2_sse2_.obj
 0006:00001680       MMDPI1                     000000014004a680     MSVCRT:_svml_dsin2_sse2_.obj
 0006:00001690       MMISIGNMASK                000000014004a690     MSVCRT:_svml_dsin2_sse2_.obj
 0006:000016a0       PI02C_4                    000000014004a6a0     MSVCRT:_svml_dsin2_sse2_.obj
 0006:000016b0       PI02C_3                    000000014004a6b0     MSVCRT:_svml_dsin2_sse2_.obj
 0006:000016c0       PI02C_2                    000000014004a6c0     MSVCRT:_svml_dsin2_sse2_.obj
 0006:000016d0       PI02C_1                    000000014004a6d0     MSVCRT:_svml_dsin2_sse2_.obj
 0006:000016e0       PI02C_0                    000000014004a6e0     MSVCRT:_svml_dsin2_sse2_.obj
 0006:000016f0       RS                         000000014004a6f0     MSVCRT:_svml_dsin2_sse2_.obj
 0006:00001700       MSK_LOW_BIT                000000014004a700     MSVCRT:_svml_dsin2_sse2_.obj
 0006:00001710       MMI_ONE                    000000014004a710     MSVCRT:_svml_dsin2_sse2_.obj
 0006:00001720       THE_PI02_INV               000000014004a720     MSVCRT:_svml_dsin2_sse2_.obj
 0006:00001730       TWO_POW_30                 000000014004a730     MSVCRT:_svml_dsin2_sse2_.obj
 0006:00001740       flAllOnes                  000000014004a740     MSVCRT:_svml_dsin2_sse2_.obj
