 recfile

 Timestamp is 60aeb6dc (Wed May 26 23:00:12 2021)

 Preferred load address is 0000000140000000

 Start         Length     Name                   Class
 0001:00000000 0002a5c0H .text$mn                CODE
 0001:0002a5c0 00000036H .text$mn$00             CODE
 0001:0002a5f6 00000036H .text$x                 CODE
 0002:00000000 000004c0H .idata$5                DATA
 0002:000004c0 00000028H .00cfg                  DATA
 0002:000004e8 00000008H .CRT$XCA                DATA
 0002:000004f0 00000008H .CRT$XCAA               DATA
 0002:000004f8 00000008H .CRT$XCZ                DATA
 0002:00000500 00000008H .CRT$XIA                DATA
 0002:00000508 00000008H .CRT$XIAA               DATA
 0002:00000510 00000008H .CRT$XIAC               DATA
 0002:00000518 00000008H .CRT$XIZ                DATA
 0002:00000520 00000008H .CRT$XPA                DATA
 0002:00000528 00000008H .CRT$XPZ                DATA
 0002:00000530 00000008H .CRT$XTA                DATA
 0002:00000538 00000008H .CRT$XTZ                DATA
 0002:00000540 00000000H .gehcont$y              DATA
 0002:00000540 00000000H .gfids$y                DATA
 0002:00000540 00010e40H .rdata                  DATA
 0002:00011380 00000000H .rdata$CastGuardVftablesA DATA
 0002:00011380 00000000H .rdata$CastGuardVftablesC DATA
 0002:00011380 0000007cH .rdata$voltmd           DATA
 0002:000113fc 0000025cH .rdata$zzzdbg           DATA
 0002:00011658 00000008H .rtc$IAA                DATA
 0002:00011660 00000008H .rtc$IZZ                DATA
 0002:00011668 00000008H .rtc$TAA                DATA
 0002:00011670 00000008H .rtc$TZZ                DATA
 0002:00011678 00003024H .xdata                  DATA
 0002:0001469c 00000000H .edata                  DATA
 0002:0001469c 000000f0H .idata$2                DATA
 0002:0001478c 00000014H .idata$3                DATA
 0002:000147a0 000004c0H .idata$4                DATA
 0002:00014c60 000009a6H .idata$6                DATA
 0003:00000000 00000d40H .data                   DATA
 0003:00000d40 000020f8H .bss                    DATA
 0004:00000000 0000267cH .pdata                  DATA

  Address         Publics by Value              Rva+Base               Lib:Object

 0000:00000000       __guard_iat_table          0000000000000000     <absolute>
 0000:00000000       __guard_iat_count          0000000000000000     <absolute>
 0000:00000000       __guard_longjmp_count      0000000000000000     <absolute>
 0000:00000000       __guard_longjmp_table      0000000000000000     <absolute>
 0000:00000000       __x64_code_ranges_to_entry_points 0000000000000000     <absolute>
 0000:00000000       __dynamic_value_reloc_table 0000000000000000     <absolute>
 0000:00000000       __arm64x_redirection_metadata 0000000000000000     <absolute>
 0000:00000000       __hybrid_auxiliary_iat     0000000000000000     <absolute>
 0000:00000000       __guard_fids_count         0000000000000000     <absolute>
 0000:00000000       __hybrid_auxiliary_iat_copy 0000000000000000     <absolute>
 0000:00000000       __arm64x_extra_rfe_table   0000000000000000     <absolute>
 0000:00000000       __hybrid_code_map          0000000000000000     <absolute>
 0000:00000000       __arm64x_extra_rfe_table_size 0000000000000000     <absolute>
 0000:00000000       ___safe_se_handler_table   0000000000000000     <absolute>
 0000:00000000       __AbsoluteZero             0000000000000000     <absolute>
 0000:00000000       ___safe_se_handler_count   0000000000000000     <absolute>
 0000:00000000       __x64_code_ranges_to_entry_points_count 0000000000000000     <absolute>
 0000:00000000       __guard_check_icall_a64n_fptr 0000000000000000     <absolute>
 0000:00000000       __guard_fids_table         0000000000000000     <absolute>
 0000:00000000       __guard_eh_cont_count      0000000000000000     <absolute>
 0000:00000000       __arm64x_redirection_metadata_count 0000000000000000     <absolute>
 0000:00000000       __enclave_config           0000000000000000     <absolute>
 0000:00000000       __guard_eh_cont_table      0000000000000000     <absolute>
 0000:00000000       __arm64x_native_entrypoint 0000000000000000     <absolute>
 0000:00000000       __hybrid_code_map_count    0000000000000000     <absolute>
 0000:00000100       __guard_flags              0000000000000100     <absolute>
 0000:00000000       __ImageBase                0000000140000000     <linker-defined>
 0001:000001d0       main                       00000001400011d0 f   recfile.obj
 0001:000004c0       __local_stdio_printf_options 00000001400014c0 f i recfile.obj
 0001:000004d0       printf                     00000001400014d0 f i recfile.obj
 0001:00000530       pjmedia_aud_subsys_init    0000000140001530 f   pjmedia-audiodev-x86_64-x64-vc14-release:audiodev.obj
 0001:000005e0       pjmedia_aud_subsys_shutdown 00000001400015e0 f   pjmedia-audiodev-x86_64-x64-vc14-release:audiodev.obj
 0001:00000630       _snprintf                  0000000140001630 f i pjmedia-audiodev-x86_64-x64-vc14-release:errno.obj
 0001:00000690       pjmedia_audiodev_strerror  0000000140001690 f   pjmedia-audiodev-x86_64-x64-vc14-release:errno.obj
 0001:00001f60       pjmedia_wmme_factory       0000000140002f60 f   pjmedia-audiodev-x86_64-x64-vc14-release:wmme_dev.obj
 0001:00002630       pjmedia_port_destroy       0000000140003630 f   pjmedia-x86_64-x64-vc14-release:port.obj
 0001:00002650       pjmedia_port_get_frame     0000000140003650 f   pjmedia-x86_64-x64-vc14-release:port.obj
 0001:00002680       pjmedia_port_info_init     0000000140003680 f   pjmedia-x86_64-x64-vc14-release:port.obj
 0001:00002720       pjmedia_port_put_frame     0000000140003720 f   pjmedia-x86_64-x64-vc14-release:port.obj
 0001:00002750       pjmedia_endpt_create2      0000000140003750 f   pjmedia-x86_64-x64-vc14-release:endpoint.obj
 0001:00002970       pjmedia_endpt_destroy2     0000000140003970 f   pjmedia-x86_64-x64-vc14-release:endpoint.obj
 0001:00002a60       sprintf                    0000000140003a60 f i pjmedia-x86_64-x64-vc14-release:endpoint.obj
 0001:00002b20       pjmedia_snd_port_connect   0000000140003b20 f   pjmedia-x86_64-x64-vc14-release:sound_port.obj
 0001:00002c00       pjmedia_snd_port_create2   0000000140003c00 f   pjmedia-x86_64-x64-vc14-release:sound_port.obj
 0001:00002de0       pjmedia_snd_port_create_rec 0000000140003de0 f   pjmedia-x86_64-x64-vc14-release:sound_port.obj
 0001:00002ed0       pjmedia_snd_port_destroy   0000000140003ed0 f   pjmedia-x86_64-x64-vc14-release:sound_port.obj
 0001:00002f40       pjmedia_snd_port_set_ec    0000000140003f40 f   pjmedia-x86_64-x64-vc14-release:sound_port.obj
 0001:00003a50       pjmedia_wav_writer_port_create 0000000140004a50 f   pjmedia-x86_64-x64-vc14-release:wav_writer.obj
 0001:00003ea0       pjmedia_aud_dev_default_param 0000000140004ea0 f   pjmedia-x86_64-x64-vc14-release:audiodev.obj
 0001:00003f30       pjmedia_aud_dev_get_info   0000000140004f30 f   pjmedia-x86_64-x64-vc14-release:audiodev.obj
 0001:00003f90       pjmedia_aud_driver_deinit  0000000140004f90 f   pjmedia-x86_64-x64-vc14-release:audiodev.obj
 0001:00004000       pjmedia_aud_driver_init    0000000140005000 f   pjmedia-x86_64-x64-vc14-release:audiodev.obj
 0001:00004280       pjmedia_aud_stream_create  0000000140005280 f   pjmedia-x86_64-x64-vc14-release:audiodev.obj
 0001:00004440       pjmedia_aud_stream_destroy 0000000140005440 f   pjmedia-x86_64-x64-vc14-release:audiodev.obj
 0001:00004450       pjmedia_aud_stream_get_cap 0000000140005450 f   pjmedia-x86_64-x64-vc14-release:audiodev.obj
 0001:00004460       pjmedia_aud_stream_get_param 0000000140005460 f   pjmedia-x86_64-x64-vc14-release:audiodev.obj
 0001:00004520       pjmedia_aud_stream_set_cap 0000000140005520 f   pjmedia-x86_64-x64-vc14-release:audiodev.obj
 0001:00004530       pjmedia_aud_stream_start   0000000140005530 f   pjmedia-x86_64-x64-vc14-release:audiodev.obj
 0001:00004540       pjmedia_aud_stream_stop    0000000140005540 f   pjmedia-x86_64-x64-vc14-release:audiodev.obj
 0001:00004550       pjmedia_get_aud_subsys     0000000140005550 f   pjmedia-x86_64-x64-vc14-release:audiodev.obj
 0001:00004680       pjmedia_event_init         0000000140005680 f   pjmedia-x86_64-x64-vc14-release:event.obj
 0001:000046c0       pjmedia_event_publish      00000001400056c0 f   pjmedia-x86_64-x64-vc14-release:event.obj
 0001:000048a0       pjmedia_event_subscribe    00000001400058a0 f   pjmedia-x86_64-x64-vc14-release:event.obj
 0001:000049b0       pjmedia_event_unsubscribe  00000001400059b0 f   pjmedia-x86_64-x64-vc14-release:event.obj
 0001:00004ac0       pjmedia_format_get_audio_format_detail 0000000140005ac0 f   pjmedia-x86_64-x64-vc14-release:format.obj
 0001:00004ad0       pjmedia_sdp_attr_create    0000000140005ad0 f   pjmedia-x86_64-x64-vc14-release:sdp.obj
 0001:00004b80       pjmedia_sdp_media_deactivate 0000000140005b80 f   pjmedia-x86_64-x64-vc14-release:sdp.obj
 0001:00004ba0       pjmedia_sdp_media_find_attr 0000000140005ba0 f   pjmedia-x86_64-x64-vc14-release:sdp.obj
 0001:00004c90       pjmedia_sdp_transport_get_proto 0000000140005c90 f   pjmedia-x86_64-x64-vc14-release:sdp.obj
 0001:00004df0       pjmedia_codec_mgr_destroy  0000000140005df0 f   pjmedia-x86_64-x64-vc14-release:codec.obj
 0001:00004ea0       pjmedia_codec_mgr_init     0000000140005ea0 f   pjmedia-x86_64-x64-vc14-release:codec.obj
 0001:00004f30       pjmedia_strerror           0000000140005f30 f   pjmedia-x86_64-x64-vc14-release:errno.obj
 0001:00005090       pjmedia_clock_src_init     0000000140006090 f   pjmedia-x86_64-x64-vc14-release:clock_thread.obj
 0001:000050d0       pjmedia_clock_src_update   00000001400060d0 f   pjmedia-x86_64-x64-vc14-release:clock_thread.obj
 0001:00005100       pjmedia_echo_capture       0000000140006100 f   pjmedia-x86_64-x64-vc14-release:echo_common.obj
 0001:00005200       pjmedia_echo_create2       0000000140006200 f   pjmedia-x86_64-x64-vc14-release:echo_common.obj
 0001:00005460       pjmedia_echo_destroy       0000000140006460 f   pjmedia-x86_64-x64-vc14-release:echo_common.obj
 0001:000054a0       pjmedia_echo_playback      00000001400064a0 f   pjmedia-x86_64-x64-vc14-release:echo_common.obj
 0001:00005570       pjmedia_echo_stat_default  0000000140006570 f   pjmedia-x86_64-x64-vc14-release:echo_common.obj
 0001:000055c0       _guard_check_icall_nop     00000001400065c0 f   MSVCRT:guard_support.obj
 0001:000055c0       pjmedia_wave_hdr_host_to_file 00000001400065c0 f   pjmedia-x86_64-x64-vc14-release:wave.obj
 0001:000055c0       _initialize_denormal_control 00000001400065c0 f   MSVCRT:denormal_control.obj
 0001:000055c0       _initialize_invalid_parameter_handler 00000001400065c0 f   MSVCRT:invalid_parameter_handler.obj
 0001:00006f10       _matherr                   0000000140007f10 f   MSVCRT:matherr.obj
 0001:00006f10       _get_startup_new_mode      0000000140007f10 f   MSVCRT:new_mode.obj
 0001:00006f10       _get_startup_commit_mode   0000000140007f10 f   MSVCRT:commit_mode.obj
 0001:00006f10       _get_startup_thread_locale_mode 0000000140007f10 f   MSVCRT:thread_locale.obj
 0001:00006f10       __scrt_initialize_winrt    0000000140007f10 f   MSVCRT:utility_desktop.obj
 0001:00006f10       pjmedia_wsola_destroy      0000000140007f10 f   pjmedia-x86_64-x64-vc14-release:wsola.obj
 0001:00006f10       srtp_ekt_stream_init_from_policy 0000000140007f10 f   libsrtp-x86_64-x64-vc14-release:ekt.obj
 0001:00006f10       echo_supp_destroy          0000000140007f10 f   pjmedia-x86_64-x64-vc14-release:echo_suppress.obj
 0001:00006f10       __scrt_stub_for_initialize_mta 0000000140007f10 f   MSVCRT:utility_desktop.obj
 0001:00006f10       __scrt_exe_initialize_mta  0000000140007f10 f   MSVCRT:utility_desktop.obj
 0001:00007620       get_libsrtp_errstr         0000000140008620 f   pjmedia-x86_64-x64-vc14-release:transport_srtp.obj
 0001:00007940       pjmedia_transport_srtp_start 0000000140008940 f   pjmedia-x86_64-x64-vc14-release:transport_srtp.obj
 0001:00007ee0       pjmedia_transport_srtp_stop 0000000140008ee0 f   pjmedia-x86_64-x64-vc14-release:transport_srtp.obj
 0001:000084f0       echo_supp_cancel_echo      00000001400094f0 f   pjmedia-x86_64-x64-vc14-release:echo_suppress.obj
 0001:00008900       echo_supp_create           0000000140009900 f   pjmedia-x86_64-x64-vc14-release:echo_suppress.obj
 0001:00008af0       echo_supp_get_stat         0000000140009af0 f   pjmedia-x86_64-x64-vc14-release:echo_suppress.obj
 0001:00008c80       echo_supp_reset            0000000140009c80 f   pjmedia-x86_64-x64-vc14-release:echo_suppress.obj
 0001:000093e0       speex_aec_cancel_echo      000000014000a3e0 f   pjmedia-x86_64-x64-vc14-release:echo_speex.obj
 0001:00009510       speex_aec_capture          000000014000a510 f   pjmedia-x86_64-x64-vc14-release:echo_speex.obj
 0001:00009620       speex_aec_create           000000014000a620 f   pjmedia-x86_64-x64-vc14-release:echo_speex.obj
 0001:00009810       speex_aec_destroy          000000014000a810 f   pjmedia-x86_64-x64-vc14-release:echo_speex.obj
 0001:000098d0       speex_aec_playback         000000014000a8d0 f   pjmedia-x86_64-x64-vc14-release:echo_speex.obj
 0001:00009940       speex_aec_reset            000000014000a940 f   pjmedia-x86_64-x64-vc14-release:echo_speex.obj
 0001:00009b80       pjmedia_delay_buf_create   000000014000ab80 f   pjmedia-x86_64-x64-vc14-release:delaybuf.obj
 0001:00009d40       pjmedia_delay_buf_destroy  000000014000ad40 f   pjmedia-x86_64-x64-vc14-release:delaybuf.obj
 0001:00009db0       pjmedia_delay_buf_get      000000014000adb0 f   pjmedia-x86_64-x64-vc14-release:delaybuf.obj
 0001:00009f20       pjmedia_delay_buf_put      000000014000af20 f   pjmedia-x86_64-x64-vc14-release:delaybuf.obj
 0001:0000a1f0       pjmedia_calc_avg_signal    000000014000b1f0 f   pjmedia-x86_64-x64-vc14-release:silencedet.obj
 0001:0000ae00       pjmedia_wsola_create       000000014000be00 f   pjmedia-x86_64-x64-vc14-release:wsola.obj
 0001:0000b0c0       pjmedia_wsola_discard      000000014000c0c0 f   pjmedia-x86_64-x64-vc14-release:wsola.obj
 0001:0000b310       pjmedia_wsola_generate     000000014000c310 f   pjmedia-x86_64-x64-vc14-release:wsola.obj
 0001:0000b3f0       pjmedia_wsola_save         000000014000c3f0 f   pjmedia-x86_64-x64-vc14-release:wsola.obj
 0001:0000b8d0       pj_base64_decode           000000014000c8d0 f   pjlib-util-x86_64-x64-vc14-release:base64.obj
 0001:0000bab0       pj_base64_encode           000000014000cab0 f   pjlib-util-x86_64-x64-vc14-release:base64.obj
 0001:0000bd00       pj_atexit                  000000014000cd00 f   pjlib-x86_64-x64-vc14-release:os_core_win32.obj
 0001:0000bd30       pj_atomic_dec_and_get      000000014000cd30 f   pjlib-x86_64-x64-vc14-release:os_core_win32.obj
 0001:0000bda0       pj_atomic_destroy          000000014000cda0 f   pjlib-x86_64-x64-vc14-release:os_core_win32.obj
 0001:0000bdb0       pj_atomic_inc              000000014000cdb0 f   pjlib-x86_64-x64-vc14-release:os_core_win32.obj
 0001:0000be10       pj_enter_critical_section  000000014000ce10 f   pjlib-x86_64-x64-vc14-release:os_core_win32.obj
 0001:0000be80       pj_init                    000000014000ce80 f   pjlib-x86_64-x64-vc14-release:os_core_win32.obj
 0001:0000c1b0       pj_leave_critical_section  000000014000d1b0 f   pjlib-x86_64-x64-vc14-release:os_core_win32.obj
 0001:0000c220       pj_mutex_create            000000014000d220 f   pjlib-x86_64-x64-vc14-release:os_core_win32.obj
 0001:0000c2a0       pj_mutex_create_simple     000000014000d2a0 f   pjlib-x86_64-x64-vc14-release:os_core_win32.obj
 0001:0000c2a0       pj_mutex_create_recursive  000000014000d2a0 f   pjlib-x86_64-x64-vc14-release:os_core_win32.obj
 0001:0000c320       pj_mutex_destroy           000000014000d320 f   pjlib-x86_64-x64-vc14-release:os_core_win32.obj
 0001:0000c3a0       pj_mutex_lock              000000014000d3a0 f   pjlib-x86_64-x64-vc14-release:os_core_win32.obj
 0001:0000c420       pj_mutex_trylock           000000014000d420 f   pjlib-x86_64-x64-vc14-release:os_core_win32.obj
 0001:0000c4b0       pj_mutex_unlock            000000014000d4b0 f   pjlib-x86_64-x64-vc14-release:os_core_win32.obj
 0001:0000c530       pj_sem_destroy             000000014000d530 f   pjlib-x86_64-x64-vc14-release:os_core_win32.obj
 0001:0000c5e0       pj_sem_post                000000014000d5e0 f   pjlib-x86_64-x64-vc14-release:os_core_win32.obj
 0001:0000c6a0       pj_sem_trywait             000000014000d6a0 f   pjlib-x86_64-x64-vc14-release:os_core_win32.obj
 0001:0000c720       pj_sem_wait                000000014000d720 f   pjlib-x86_64-x64-vc14-release:os_core_win32.obj
 0001:0000c890       pj_shutdown                000000014000d890 f   pjlib-x86_64-x64-vc14-release:os_core_win32.obj
 0001:0000ca10       pj_term_set_color          000000014000da10 f   pjlib-x86_64-x64-vc14-release:os_core_win32.obj
 0001:0000cb00       pj_thread_check_stack      000000014000db00 f   pjlib-x86_64-x64-vc14-release:os_core_win32.obj
 0001:0000cb60       pj_thread_create           000000014000db60 f   pjlib-x86_64-x64-vc14-release:os_core_win32.obj
 0001:0000cd20       pj_thread_destroy          000000014000dd20 f   pjlib-x86_64-x64-vc14-release:os_core_win32.obj
 0001:0000cdd0       pj_thread_get_name         000000014000ddd0 f   pjlib-x86_64-x64-vc14-release:os_core_win32.obj
 0001:0000ce40       pj_thread_join             000000014000de40 f   pjlib-x86_64-x64-vc14-release:os_core_win32.obj
 0001:0000cf40       pj_thread_local_alloc      000000014000df40 f   pjlib-x86_64-x64-vc14-release:os_core_win32.obj
 0001:0000cfb0       pj_thread_local_free       000000014000dfb0 f   pjlib-x86_64-x64-vc14-release:os_core_win32.obj
 0001:0000d010       pj_thread_local_get        000000014000e010 f   pjlib-x86_64-x64-vc14-release:os_core_win32.obj
 0001:0000d020       pj_thread_local_set        000000014000e020 f   pjlib-x86_64-x64-vc14-release:os_core_win32.obj
 0001:0000d070       pj_thread_sleep            000000014000e070 f   pjlib-x86_64-x64-vc14-release:os_core_win32.obj
 0001:0000d0e0       pj_thread_this             000000014000e0e0 f   pjlib-x86_64-x64-vc14-release:os_core_win32.obj
 0001:0000d180       pj_pool_alloc              000000014000e180 f   pjlib-x86_64-x64-vc14-release:pool.obj
 0001:0000d340       pj_pool_calloc             000000014000e340 f   pjlib-x86_64-x64-vc14-release:pool.obj
 0001:0000d380       pj_pool_create             000000014000e380 f   pjlib-x86_64-x64-vc14-release:pool.obj
 0001:0000d390       pj_pool_create_int         000000014000e390 f   pjlib-x86_64-x64-vc14-release:pool.obj
 0001:0000d4f0       pj_pool_destroy_int        000000014000e4f0 f   pjlib-x86_64-x64-vc14-release:pool.obj
 0001:0000d530       pj_pool_get_capacity       000000014000e530 f   pjlib-x86_64-x64-vc14-release:pool.obj
 0001:0000d540       pj_pool_get_used_size      000000014000e540 f   pjlib-x86_64-x64-vc14-release:pool.obj
 0001:0000d580       pj_pool_getobjname         000000014000e580 f   pjlib-x86_64-x64-vc14-release:pool.obj
 0001:0000d590       pj_pool_init_int           000000014000e590 f   pjlib-x86_64-x64-vc14-release:pool.obj
 0001:0000d630       pj_pool_release            000000014000e630 f   pjlib-x86_64-x64-vc14-release:pool.obj
 0001:0000d650       pj_pool_reset              000000014000e650 f   pjlib-x86_64-x64-vc14-release:pool.obj
 0001:0000db60       pj_caching_pool_destroy    000000014000eb60 f   pjlib-x86_64-x64-vc14-release:pool_caching.obj
 0001:0000dc70       pj_caching_pool_init       000000014000ec70 f   pjlib-x86_64-x64-vc14-release:pool_caching.obj
 0001:0000de50       pj_errno_clear_handlers    000000014000ee50 f   pjlib-x86_64-x64-vc14-release:errno.obj
 0001:0000de70       pj_perror_3                000000014000ee70 f   pjlib-x86_64-x64-vc14-release:errno.obj
 0001:0000dea0       pj_perror_4                000000014000eea0 f   pjlib-x86_64-x64-vc14-release:errno.obj
 0001:0000ded0       pj_perror_5                000000014000eed0 f   pjlib-x86_64-x64-vc14-release:errno.obj
 0001:0000dff0       pj_register_strerror       000000014000eff0 f   pjlib-x86_64-x64-vc14-release:errno.obj
 0001:0000e0e0       pj_strerror                000000014000f0e0 f   pjlib-x86_64-x64-vc14-release:errno.obj
 0001:0000e380       pj_str                     000000014000f380 f   pjlib-x86_64-x64-vc14-release:string.obj
 0001:0000e3b0       pj_strcmp                  000000014000f3b0 f   pjlib-x86_64-x64-vc14-release:string.obj
 0001:0000e430       pj_strdup                  000000014000f430 f   pjlib-x86_64-x64-vc14-release:string.obj
 0001:0000e480       pj_strdup2                 000000014000f480 f   pjlib-x86_64-x64-vc14-release:string.obj
 0001:0000e4f0       pj_strdup_with_null        000000014000f4f0 f   pjlib-x86_64-x64-vc14-release:string.obj
 0001:0000e550       pj_stricmp                 000000014000f550 f   pjlib-x86_64-x64-vc14-release:string.obj
 0001:0000e5e0       pj_stricmp2                000000014000f5e0 f   pjlib-x86_64-x64-vc14-release:string.obj
 0001:0000e690       pj_strncpy_with_null       000000014000f690 f   pjlib-x86_64-x64-vc14-release:string.obj
 0001:0000e6e0       pj_strtok                  000000014000f6e0 f   pjlib-x86_64-x64-vc14-release:string.obj
 0001:0000e7f0       pj_strtok2                 000000014000f7f0 f   pjlib-x86_64-x64-vc14-release:string.obj
 0001:0000e900       pj_strtoul                 000000014000f900 f   pjlib-x86_64-x64-vc14-release:string.obj
 0001:0000e9a0       pj_strtoul2                000000014000f9a0 f   pjlib-x86_64-x64-vc14-release:string.obj
 0001:0000ea90       pj_utoa                    000000014000fa90 f   pjlib-x86_64-x64-vc14-release:string.obj
 0001:0000eb30       pj_utoa_pad                000000014000fb30 f   pjlib-x86_64-x64-vc14-release:string.obj
 0001:0000ec00       pj_get_netos_error         000000014000fc00 f   pjlib-x86_64-x64-vc14-release:os_error_win32.obj
 0001:0000ec30       pj_get_os_error            000000014000fc30 f   pjlib-x86_64-x64-vc14-release:os_error_win32.obj
 0001:0000ec60       platform_strerror          000000014000fc60 f   pjlib-x86_64-x64-vc14-release:os_error_win32.obj
 0001:0000ede0       pj_log                     000000014000fde0 f   pjlib-x86_64-x64-vc14-release:log.obj
 0001:0000f420       pj_log_1                   0000000140010420 f   pjlib-x86_64-x64-vc14-release:log.obj
 0001:0000f450       pj_log_3                   0000000140010450 f   pjlib-x86_64-x64-vc14-release:log.obj
 0001:0000f480       pj_log_4                   0000000140010480 f   pjlib-x86_64-x64-vc14-release:log.obj
 0001:0000f4b0       pj_log_5                   00000001400104b0 f   pjlib-x86_64-x64-vc14-release:log.obj
 0001:0000f4e0       pj_log_get_color           00000001400104e0 f   pjlib-x86_64-x64-vc14-release:log.obj
 0001:0000f550       pj_log_get_decor           0000000140010550 f   pjlib-x86_64-x64-vc14-release:log.obj
 0001:0000f560       pj_log_get_level           0000000140010560 f   pjlib-x86_64-x64-vc14-release:log.obj
 0001:0000f570       pj_log_init                0000000140010570 f   pjlib-x86_64-x64-vc14-release:log.obj
 0001:0000f5e0       pj_sockaddr_cmp            00000001400105e0 f   pjlib-x86_64-x64-vc14-release:sock_common.obj
 0001:0000f700       pj_sockaddr_has_addr       0000000140010700 f   pjlib-x86_64-x64-vc14-release:sock_common.obj
 0001:0000f7a0       pj_list_erase              00000001400107a0 f   pjlib-x86_64-x64-vc14-release:list.obj
 0001:0000f7c0       pj_list_insert_after       00000001400107c0 f   pjlib-x86_64-x64-vc14-release:list.obj
 0001:0000f7e0       pj_list_insert_before      00000001400107e0 f   pjlib-x86_64-x64-vc14-release:list.obj
 0001:0000f800       pj_gettimeofday            0000000140010800 f   pjlib-x86_64-x64-vc14-release:os_time_win32.obj
 0001:0000f910       pj_time_decode             0000000140010910 f   pjlib-x86_64-x64-vc14-release:os_time_win32.obj
 0001:0000fa70       ioqueue_dispatch_exception_event 0000000140010a70 f   pjlib-x86_64-x64-vc14-release:ioqueue_select.obj
 0001:0000fbd0       ioqueue_dispatch_read_event 0000000140010bd0 f   pjlib-x86_64-x64-vc14-release:ioqueue_select.obj
 0001:0000fe40       ioqueue_dispatch_write_event 0000000140010e40 f   pjlib-x86_64-x64-vc14-release:ioqueue_select.obj
 0001:00010140       pj_ioqueue_create          0000000140011140 f   pjlib-x86_64-x64-vc14-release:ioqueue_select.obj
 0001:00010320       pj_ioqueue_destroy         0000000140011320 f   pjlib-x86_64-x64-vc14-release:ioqueue_select.obj
 0001:00010400       pj_ioqueue_poll            0000000140011400 f   pjlib-x86_64-x64-vc14-release:ioqueue_select.obj
 0001:000109c0       pj_ntohl                   00000001400119c0 f   pjlib-x86_64-x64-vc14-release:sock_bsd.obj
 0001:000109d0       pj_ntohs                   00000001400119d0 f   pjlib-x86_64-x64-vc14-release:sock_bsd.obj
 0001:000109e0       pj_sock_accept             00000001400119e0 f   pjlib-x86_64-x64-vc14-release:sock_bsd.obj
 0001:00010a80       pj_sock_getsockname        0000000140011a80 f   pjlib-x86_64-x64-vc14-release:sock_bsd.obj
 0001:00010b20       pj_sock_getsockopt         0000000140011b20 f   pjlib-x86_64-x64-vc14-release:sock_bsd.obj
 0001:00010bd0       pj_sock_recv               0000000140011bd0 f   pjlib-x86_64-x64-vc14-release:sock_bsd.obj
 0001:00010c70       pj_sock_recvfrom           0000000140011c70 f   pjlib-x86_64-x64-vc14-release:sock_bsd.obj
 0001:00010d30       pj_sock_send               0000000140011d30 f   pjlib-x86_64-x64-vc14-release:sock_bsd.obj
 0001:00010dd0       pj_sock_sendto             0000000140011dd0 f   pjlib-x86_64-x64-vc14-release:sock_bsd.obj
 0001:00010e80       pj_file_close              0000000140011e80 f   pjlib-x86_64-x64-vc14-release:file_io_win32.obj
 0001:00010ed0       pj_file_getpos             0000000140011ed0 f   pjlib-x86_64-x64-vc14-release:file_io_win32.obj
 0001:00010f80       pj_file_open               0000000140011f80 f   pjlib-x86_64-x64-vc14-release:file_io_win32.obj
 0001:00011130       pj_file_setpos             0000000140012130 f   pjlib-x86_64-x64-vc14-release:file_io_win32.obj
 0001:000111e0       pj_file_write              00000001400121e0 f   pjlib-x86_64-x64-vc14-release:file_io_win32.obj
 0001:00011260       pj_array_erase             0000000140012260 f   pjlib-x86_64-x64-vc14-release:array.obj
 0001:000112a0       pj_exception_id_alloc      00000001400122a0 f   pjlib-x86_64-x64-vc14-release:except.obj
 0001:00011310       pj_exception_id_free       0000000140012310 f   pjlib-x86_64-x64-vc14-release:except.obj
 0001:00011350       pj_exception_id_name       0000000140012350 f   pjlib-x86_64-x64-vc14-release:except.obj
 0001:000113a0       pj_pop_exception_handler_  00000001400123a0 f   pjlib-x86_64-x64-vc14-release:except.obj
 0001:000113e0       pj_throw_exception_        00000001400123e0 f   pjlib-x86_64-x64-vc14-release:except.obj
 0001:00011670       pj_grp_lock_add_ref        0000000140012670 f   pjlib-x86_64-x64-vc14-release:lock.obj
 0001:00011690       pj_grp_lock_dec_ref        0000000140012690 f   pjlib-x86_64-x64-vc14-release:lock.obj
 0001:000116d0       pj_grp_lock_release        00000001400126d0 f   pjlib-x86_64-x64-vc14-release:lock.obj
 0001:000116e0       pj_grp_lock_tryacquire     00000001400126e0 f   pjlib-x86_64-x64-vc14-release:lock.obj
 0001:000116f0       pj_lock_acquire            00000001400126f0 f   pjlib-x86_64-x64-vc14-release:lock.obj
 0001:00011710       pj_lock_create_null_mutex  0000000140012710 f   pjlib-x86_64-x64-vc14-release:lock.obj
 0001:00011730       pj_lock_create_recursive_mutex 0000000140012730 f   pjlib-x86_64-x64-vc14-release:lock.obj
 0001:000117f0       pj_lock_create_simple_mutex 00000001400127f0 f   pjlib-x86_64-x64-vc14-release:lock.obj
 0001:000118b0       pj_lock_destroy            00000001400128b0 f   pjlib-x86_64-x64-vc14-release:lock.obj
 0001:000118d0       pj_lock_release            00000001400128d0 f   pjlib-x86_64-x64-vc14-release:lock.obj
 0001:000118f0       pj_lock_tryacquire         00000001400128f0 f   pjlib-x86_64-x64-vc14-release:lock.obj
 0001:00011910       pj_get_timestamp           0000000140012910 f   pjlib-x86_64-x64-vc14-release:os_timestamp_win32.obj
 0001:00011970       pj_get_timestamp_freq      0000000140012970 f   pjlib-x86_64-x64-vc14-release:os_timestamp_win32.obj
 0001:000119d0       pj_gettickcount            00000001400129d0 f   pjlib-x86_64-x64-vc14-release:os_timestamp_common.obj
 0001:00011a90       pj_rand                    0000000140012a90 f   pjlib-x86_64-x64-vc14-release:rand.obj
 0001:00011ce0       pj_generate_unique_string  0000000140012ce0 f   pjlib-x86_64-x64-vc14-release:guid_win32.obj
 0001:00011d40       pj_pool_create_on_buf      0000000140012d40 f   pjlib-x86_64-x64-vc14-release:pool_buf.obj
 0001:00011eb0       pj_log_write               0000000140012eb0 f   pjlib-x86_64-x64-vc14-release:log_writer_stdout.obj
 0001:00011f30       pj_time_val_normalize      0000000140012f30 f   pjlib-x86_64-x64-vc14-release:types.obj
 0001:00011fe0       PJ_FD_CLR                  0000000140012fe0 f   pjlib-x86_64-x64-vc14-release:sock_select.obj
 0001:000120a0       srtp_rdbx_get_packet_index 00000001400130a0 f   libsrtp-x86_64-x64-vc14-release:rdbx.obj
 0001:000120a0       PJ_FD_COUNT                00000001400130a0 f   pjlib-x86_64-x64-vc14-release:sock_select.obj
 0001:000120b0       PJ_FD_ISSET                00000001400130b0 f   pjlib-x86_64-x64-vc14-release:sock_select.obj
 0001:000120f0       PJ_FD_ZERO                 00000001400130f0 f   pjlib-x86_64-x64-vc14-release:sock_select.obj
 0001:00012120       pj_sock_select             0000000140013120 f   pjlib-x86_64-x64-vc14-release:sock_select.obj
 0001:00012810       speex_echo_cancellation    0000000140013810 f   libspeex-x86_64-x64-vc14-release:mdf.obj
 0001:00014b00       speex_echo_capture         0000000140015b00 f   libspeex-x86_64-x64-vc14-release:mdf.obj
 0001:00014c20       speex_echo_ctl             0000000140015c20 f   libspeex-x86_64-x64-vc14-release:mdf.obj
 0001:00014ef0       speex_echo_get_residual    0000000140015ef0 f   libspeex-x86_64-x64-vc14-release:mdf.obj
 0001:00015200       speex_echo_playback        0000000140016200 f   libspeex-x86_64-x64-vc14-release:mdf.obj
 0001:00015340       speex_echo_state_destroy   0000000140016340 f   libspeex-x86_64-x64-vc14-release:mdf.obj
 0001:000154a0       speex_echo_state_init_mc   00000001400164a0 f   libspeex-x86_64-x64-vc14-release:mdf.obj
 0001:00015c40       speex_echo_state_reset     0000000140016c40 f   libspeex-x86_64-x64-vc14-release:mdf.obj
 0001:00016510       speex_decorrelate          0000000140017510 f   libspeex-x86_64-x64-vc14-release:scal.obj
 0001:00016b90       speex_decorrelate_destroy  0000000140017b90 f   libspeex-x86_64-x64-vc14-release:scal.obj
 0001:00016bf0       speex_decorrelate_new      0000000140017bf0 f   libspeex-x86_64-x64-vc14-release:scal.obj
 0001:00017d30       speex_preprocess_ctl       0000000140018d30 f   libspeex-x86_64-x64-vc14-release:preprocess.obj
 0001:00018410       speex_preprocess_run       0000000140019410 f   libspeex-x86_64-x64-vc14-release:preprocess.obj
 0001:0001a3f0       speex_preprocess_state_destroy 000000014001b3f0 f   libspeex-x86_64-x64-vc14-release:preprocess.obj
 0001:0001a530       speex_preprocess_state_init 000000014001b530 f   libspeex-x86_64-x64-vc14-release:preprocess.obj
 0001:0001be30       spx_fft                    000000014001ce30 f   libspeex-x86_64-x64-vc14-release:fftwrap.obj
 0001:0001bf10       spx_fft_destroy            000000014001cf10 f   libspeex-x86_64-x64-vc14-release:fftwrap.obj
 0001:0001bf30       spx_fft_init               000000014001cf30 f   libspeex-x86_64-x64-vc14-release:fftwrap.obj
 0001:0001bf70       spx_ifft                   000000014001cf70 f   libspeex-x86_64-x64-vc14-release:fftwrap.obj
 0001:0001bff0       filterbank_compute_bank32  000000014001cff0 f   libspeex-x86_64-x64-vc14-release:filterbank.obj
 0001:0001c090       filterbank_compute_psd16   000000014001d090 f   libspeex-x86_64-x64-vc14-release:filterbank.obj
 0001:0001c0f0       filterbank_destroy         000000014001d0f0 f   libspeex-x86_64-x64-vc14-release:filterbank.obj
 0001:0001c140       filterbank_new             000000014001d140 f   libspeex-x86_64-x64-vc14-release:filterbank.obj
 0001:00021f90       spx_drft_backward          0000000140022f90 f   libspeex-x86_64-x64-vc14-release:smallft.obj
 0001:00021fc0       spx_drft_clear             0000000140022fc0 f   libspeex-x86_64-x64-vc14-release:smallft.obj
 0001:00022000       spx_drft_forward           0000000140023000 f   libspeex-x86_64-x64-vc14-release:smallft.obj
 0001:00022030       spx_drft_init              0000000140023030 f   libspeex-x86_64-x64-vc14-release:smallft.obj
 0001:00022090       srtp_event_reporter        0000000140023090 f   libsrtp-x86_64-x64-vc14-release:srtp.obj
 0001:00022140       __local_stdio_scanf_options 0000000140023140 f i libsrtp-x86_64-x64-vc14-release:srtp.obj
 0001:000223d0       srtp_create                00000001400233d0 f   libsrtp-x86_64-x64-vc14-release:srtp.obj
 0001:00022580       srtp_crypto_policy_set_aes_cm_256_hmac_sha1_32 0000000140023580 f   libsrtp-x86_64-x64-vc14-release:srtp.obj
 0001:000225b0       srtp_crypto_policy_set_aes_cm_256_hmac_sha1_80 00000001400235b0 f   libsrtp-x86_64-x64-vc14-release:srtp.obj
 0001:000225e0       srtp_dealloc               00000001400235e0 f   libsrtp-x86_64-x64-vc14-release:srtp.obj
 0001:000228c0       srtp_get_session_keys      00000001400238c0 f   libsrtp-x86_64-x64-vc14-release:srtp.obj
 0001:00022990       srtp_inject_mki            0000000140023990 f   libsrtp-x86_64-x64-vc14-release:srtp.obj
 0001:00022d20       srtp_protect               0000000140023d20 f   libsrtp-x86_64-x64-vc14-release:srtp.obj
 0001:00023040       srtp_protect_mki           0000000140024040 f   libsrtp-x86_64-x64-vc14-release:srtp.obj
 0001:000235a0       srtp_protect_rtcp          00000001400245a0 f   libsrtp-x86_64-x64-vc14-release:srtp.obj
 0001:000237e0       srtp_protect_rtcp_mki      00000001400247e0 f   libsrtp-x86_64-x64-vc14-release:srtp.obj
 0001:00023b80       srtp_stream_alloc          0000000140024b80 f   libsrtp-x86_64-x64-vc14-release:srtp.obj
 0001:00023e10       srtp_stream_clone          0000000140024e10 f   libsrtp-x86_64-x64-vc14-release:srtp.obj
 0001:00024050       srtp_stream_dealloc        0000000140025050 f   libsrtp-x86_64-x64-vc14-release:srtp.obj
 0001:000242e0       srtp_stream_init           00000001400252e0 f   libsrtp-x86_64-x64-vc14-release:srtp.obj
 0001:00024470       srtp_stream_init_keys      0000000140025470 f   libsrtp-x86_64-x64-vc14-release:srtp.obj
 0001:00024dc0       srtp_unprotect             0000000140025dc0 f   libsrtp-x86_64-x64-vc14-release:srtp.obj
 0001:000250d0       srtp_unprotect_mki         00000001400260d0 f   libsrtp-x86_64-x64-vc14-release:srtp.obj
 0001:000256e0       srtp_unprotect_rtcp        00000001400266e0 f   libsrtp-x86_64-x64-vc14-release:srtp.obj
 0001:00025950       srtp_unprotect_rtcp_mki    0000000140026950 f   libsrtp-x86_64-x64-vc14-release:srtp.obj
 0001:00025e70       srtp_crypto_alloc          0000000140026e70 f   libsrtp-x86_64-x64-vc14-release:alloc.obj
 0001:00025ee0       srtp_crypto_free           0000000140026ee0 f   libsrtp-x86_64-x64-vc14-release:alloc.obj
 0001:00025f20       bitvector_alloc            0000000140026f20 f   libsrtp-x86_64-x64-vc14-release:datatypes.obj
 0001:00025f90       bitvector_dealloc          0000000140026f90 f   libsrtp-x86_64-x64-vc14-release:datatypes.obj
 0001:00025fc0       bitvector_left_shift       0000000140026fc0 f   libsrtp-x86_64-x64-vc14-release:datatypes.obj
 0001:00026190       bitvector_set_to_zero      0000000140027190 f   libsrtp-x86_64-x64-vc14-release:datatypes.obj
 0001:000261b0       octet_string_is_eq         00000001400271b0 f   libsrtp-x86_64-x64-vc14-release:datatypes.obj
 0001:00026280       octet_string_set_to_zero   0000000140027280 f   libsrtp-x86_64-x64-vc14-release:datatypes.obj
 0001:000262a0       srtp_octet_string_hex_string 00000001400272a0 f   libsrtp-x86_64-x64-vc14-release:datatypes.obj
 0001:00026360       v128_copy_octet_string     0000000140027360 f   libsrtp-x86_64-x64-vc14-release:datatypes.obj
 0001:000263d0       v128_hex_string            00000001400273d0 f   libsrtp-x86_64-x64-vc14-release:datatypes.obj
 0001:000265b0       v128_left_shift            00000001400275b0 f   libsrtp-x86_64-x64-vc14-release:datatypes.obj
 0001:000266d0       srtp_err_report            00000001400276d0 f   libsrtp-x86_64-x64-vc14-release:srtp_err.obj
 0001:00026710       srtp_rdbx_add_index        0000000140027710 f   libsrtp-x86_64-x64-vc14-release:rdbx.obj
 0001:000267a0       srtp_rdbx_check            00000001400277a0 f   libsrtp-x86_64-x64-vc14-release:rdbx.obj
 0001:000267e0       srtp_rdbx_dealloc          00000001400277e0 f   libsrtp-x86_64-x64-vc14-release:rdbx.obj
 0001:00026800       srtp_rdbx_estimate_index   0000000140027800 f   libsrtp-x86_64-x64-vc14-release:rdbx.obj
 0001:000268a0       srtp_rdbx_get_window_size  00000001400278a0 f   libsrtp-x86_64-x64-vc14-release:rdbx.obj
 0001:000268b0       srtp_rdbx_init             00000001400278b0 f   libsrtp-x86_64-x64-vc14-release:rdbx.obj
 0001:000268f0       srtp_rdbx_set_roc          00000001400278f0 f   libsrtp-x86_64-x64-vc14-release:rdbx.obj
 0001:00026950       srtp_rdbx_set_roc_seq      0000000140027950 f   libsrtp-x86_64-x64-vc14-release:rdbx.obj
 0001:00026990       srtp_rdb_add_index         0000000140027990 f   libsrtp-x86_64-x64-vc14-release:rdb.obj
 0001:00026a00       srtp_rdb_check             0000000140027a00 f   libsrtp-x86_64-x64-vc14-release:rdb.obj
 0001:00026a50       srtp_rdb_get_value         0000000140027a50 f   libsrtp-x86_64-x64-vc14-release:rdb.obj
 0001:00026a60       srtp_rdb_increment         0000000140027a60 f   libsrtp-x86_64-x64-vc14-release:rdb.obj
 0001:00026a80       srtp_rdb_init              0000000140027a80 f   libsrtp-x86_64-x64-vc14-release:rdb.obj
 0001:00026a90       srtp_cipher_dealloc        0000000140027a90 f   libsrtp-x86_64-x64-vc14-release:cipher.obj
 0001:00026ab0       srtp_cipher_decrypt        0000000140027ab0 f   libsrtp-x86_64-x64-vc14-release:cipher.obj
 0001:00026ad0       srtp_cipher_encrypt        0000000140027ad0 f   libsrtp-x86_64-x64-vc14-release:cipher.obj
 0001:00026af0       srtp_auth_get_tag_length   0000000140027af0 f   libsrtp-x86_64-x64-vc14-release:auth.obj
 0001:00026af0       srtp_cipher_get_key_length 0000000140027af0 f   libsrtp-x86_64-x64-vc14-release:cipher.obj
 0001:00026b00       srtp_cipher_get_tag        0000000140027b00 f   libsrtp-x86_64-x64-vc14-release:cipher.obj
 0001:00026b30       srtp_cipher_init           0000000140027b30 f   libsrtp-x86_64-x64-vc14-release:cipher.obj
 0001:00026b50       srtp_cipher_output         0000000140027b50 f   libsrtp-x86_64-x64-vc14-release:cipher.obj
 0001:00026ba0       srtp_cipher_set_aad        0000000140027ba0 f   libsrtp-x86_64-x64-vc14-release:cipher.obj
 0001:00026bd0       srtp_cipher_set_iv         0000000140027bd0 f   libsrtp-x86_64-x64-vc14-release:cipher.obj
 0001:00026bf0       srtp_auth_get_key_length   0000000140027bf0 f   libsrtp-x86_64-x64-vc14-release:auth.obj
 0001:00026c00       srtp_auth_get_prefix_length 0000000140027c00 f   libsrtp-x86_64-x64-vc14-release:auth.obj
 0001:00026c10       srtp_key_limit_clone       0000000140027c10 f   libsrtp-x86_64-x64-vc14-release:key.obj
 0001:00026c30       srtp_key_limit_set         0000000140027c30 f   libsrtp-x86_64-x64-vc14-release:key.obj
 0001:00026c50       srtp_key_limit_update      0000000140027c50 f   libsrtp-x86_64-x64-vc14-release:key.obj
 0001:00026c90       srtp_crypto_kernel_alloc_auth 0000000140027c90 f   libsrtp-x86_64-x64-vc14-release:crypto_kernel.obj
 0001:00026cf0       srtp_crypto_kernel_alloc_cipher 0000000140027cf0 f   libsrtp-x86_64-x64-vc14-release:crypto_kernel.obj
 0001:00026d50       srtp_ekt_alloc             0000000140027d50 f   libsrtp-x86_64-x64-vc14-release:ekt.obj
 0001:00026d60       srtp_ekt_octets_after_base_tag 0000000140027d60 f   libsrtp-x86_64-x64-vc14-release:ekt.obj
 0001:00026d80       srtp_ekt_write_data        0000000140027d80 f   libsrtp-x86_64-x64-vc14-release:ekt.obj
 0001:00026f30       srtp_stream_init_from_ekt  0000000140027f30 f   libsrtp-x86_64-x64-vc14-release:ekt.obj
 0001:000282c0       srtp_aes_decrypt           00000001400292c0 f   libsrtp-x86_64-x64-vc14-release:aes.obj
 0001:00028410       srtp_aes_encrypt           0000000140029410 f   libsrtp-x86_64-x64-vc14-release:aes.obj
 0001:00028560       srtp_aes_expand_decryption_key 0000000140029560 f   libsrtp-x86_64-x64-vc14-release:aes.obj
 0001:00028790       srtp_aes_expand_encryption_key 0000000140029790 f   libsrtp-x86_64-x64-vc14-release:aes.obj
 0001:000289a0       srtp_sha1_core             00000001400299a0 f   libsrtp-x86_64-x64-vc14-release:sha1.obj
 0001:00028f00       srtp_sha1_final            0000000140029f00 f   libsrtp-x86_64-x64-vc14-release:sha1.obj
 0001:000295b0       srtp_sha1_init             000000014002a5b0 f   libsrtp-x86_64-x64-vc14-release:sha1.obj
 0001:000295e0       srtp_sha1_update           000000014002a5e0 f   libsrtp-x86_64-x64-vc14-release:sha1.obj
 0001:000296fe       __WSAFDIsSet               000000014002a6fe f   ws2_32:WS2_32.dll
 0001:00029704       __GSHandlerCheck           000000014002a704 f   MSVCRT:gshandler.obj
 0001:00029724       __GSHandlerCheckCommon     000000014002a724 f   MSVCRT:gshandler.obj
 0001:00029790       __security_check_cookie    000000014002a790 f   MSVCRT:amdsecgs.obj
 0001:00029a10       mainCRTStartup             000000014002aa10 f   MSVCRT:exe_main.obj
 0001:00029a24       __raise_securityfailure    000000014002aa24 f   MSVCRT:gs_report.obj
 0001:00029a58       __report_gsfailure         000000014002aa58 f   MSVCRT:gs_report.obj
 0001:00029b2c       __report_rangecheckfailure 000000014002ab2c f   MSVCRT:gs_report.obj
 0001:00029b40       __report_securityfailure   000000014002ab40 f   MSVCRT:gs_report.obj
 0001:00029cd0       _alloca_probe              000000014002acd0 f   MSVCRT:chkstk.obj
 0001:00029cd0       __chkstk                   000000014002acd0 f   MSVCRT:chkstk.obj
 0001:00029d20       __scrt_acquire_startup_lock 000000014002ad20 f   MSVCRT:utility.obj
 0001:00029d5c       __scrt_initialize_crt      000000014002ad5c f   MSVCRT:utility.obj
 0001:00029da8       __scrt_initialize_onexit_tables 000000014002ada8 f   MSVCRT:utility.obj
 0001:00029e34       __scrt_is_nonwritable_in_current_image 000000014002ae34 f   MSVCRT:utility.obj
 0001:00029ecc       __scrt_release_startup_lock 000000014002aecc f   MSVCRT:utility.obj
 0001:00029ef0       __scrt_uninitialize_crt    000000014002aef0 f   MSVCRT:utility.obj
 0001:00029f1c       _onexit                    000000014002af1c f   MSVCRT:utility.obj
 0001:00029f58       atexit                     000000014002af58 f   MSVCRT:utility.obj
 0001:00029f70       __security_init_cookie     000000014002af70 f   MSVCRT:gs_support.obj
 0001:0002a01c       _get_startup_argv_mode     000000014002b01c f   MSVCRT:argv_mode.obj
 0001:0002a024       _get_startup_file_mode     000000014002b024 f   MSVCRT:file_mode.obj
 0001:0002a02c       ?__scrt_initialize_type_info@@YAXXZ 000000014002b02c f   MSVCRT:tncleanup.obj
 0001:0002a03c       __acrt_initialize          000000014002b03c f   MSVCRT:ucrt_stubs.obj
 0001:0002a03c       __acrt_uninitialize        000000014002b03c f   MSVCRT:ucrt_stubs.obj
 0001:0002a03c       __vcrt_initialize          000000014002b03c f   MSVCRT:ucrt_stubs.obj
 0001:0002a03c       __scrt_stub_for_acrt_uninitialize 000000014002b03c f   MSVCRT:ucrt_stubs.obj
 0001:0002a03c       __scrt_stub_for_acrt_initialize 000000014002b03c f   MSVCRT:ucrt_stubs.obj
 0001:0002a03c       __vcrt_uninitialize        000000014002b03c f   MSVCRT:ucrt_stubs.obj
 0001:0002a03c       _should_initialize_environment 000000014002b03c f   MSVCRT:env_mode.obj
 0001:0002a040       __scrt_initialize_default_local_stdio_options 000000014002b040 f   MSVCRT:default_local_stdio_options.obj
 0001:0002a05c       __scrt_is_user_matherr_present 000000014002b05c f   MSVCRT:matherr_detection.obj
 0001:0002a068       __scrt_get_dyn_tls_init_callback 000000014002b068 f   MSVCRT:dyn_tls_init.obj
 0001:0002a070       __scrt_get_dyn_tls_dtor_callback 000000014002b070 f   MSVCRT:dyn_tls_dtor.obj
 0001:0002a078       __crt_debugger_hook        000000014002b078 f   MSVCRT:utility_desktop.obj
 0001:0002a080       __scrt_fastfail            000000014002b080 f   MSVCRT:utility_desktop.obj
 0001:0002a1cc       __scrt_initialize_mta      000000014002b1cc f   MSVCRT:utility_desktop.obj
 0001:0002a1d4       __scrt_is_managed_app      000000014002b1d4 f   MSVCRT:utility_desktop.obj
 0001:0002a228       __scrt_set_unhandled_exception_filter 000000014002b228 f   MSVCRT:utility_desktop.obj
 0001:0002a238       __scrt_unhandled_exception_filter 000000014002b238 f   MSVCRT:utility_desktop.obj
 0001:0002a294       _RTC_Initialize            000000014002b294 f   MSVCRT:initsect.obj
 0001:0002a2d0       _RTC_Terminate             000000014002b2d0 f   MSVCRT:initsect.obj
 0001:0002a30c       __isa_available_init       000000014002b30c f   MSVCRT:cpu_disp.obj
 0001:0002a4b0       __scrt_is_ucrt_dll_in_use  000000014002b4b0 f   MSVCRT:ucrt_detection.obj
 0001:0002a4c0       memcpy                     000000014002b4c0 f   vcruntime:VCRUNTIME140.dll
 0001:0002a4c6       memset                     000000014002b4c6 f   vcruntime:VCRUNTIME140.dll
 0001:0002a4cc       memmove                    000000014002b4cc f   vcruntime:VCRUNTIME140.dll
 0001:0002a4d2       strchr                     000000014002b4d2 f   vcruntime:VCRUNTIME140.dll
 0001:0002a4d8       memcmp                     000000014002b4d8 f   vcruntime:VCRUNTIME140.dll
 0001:0002a4de       longjmp                    000000014002b4de f   vcruntime:VCRUNTIME140.dll
 0001:0002a4e4       __C_specific_handler       000000014002b4e4 f   vcruntime:VCRUNTIME140.dll
 0001:0002a4ea       __current_exception        000000014002b4ea f   vcruntime:VCRUNTIME140.dll
 0001:0002a4f0       __current_exception_context 000000014002b4f0 f   vcruntime:VCRUNTIME140.dll
 0001:0002a4f6       cos                        000000014002b4f6 f   ucrt:api-ms-win-crt-math-l1-1-0.dll
 0001:0002a4fc       fmod                       000000014002b4fc f   ucrt:api-ms-win-crt-math-l1-1-0.dll
 0001:0002a502       exp                        000000014002b502 f   ucrt:api-ms-win-crt-math-l1-1-0.dll
 0001:0002a508       floor                      000000014002b508 f   ucrt:api-ms-win-crt-math-l1-1-0.dll
 0001:0002a50e       sqrt                       000000014002b50e f   ucrt:api-ms-win-crt-math-l1-1-0.dll
 0001:0002a514       pow                        000000014002b514 f   ucrt:api-ms-win-crt-math-l1-1-0.dll
 0001:0002a51a       sin                        000000014002b51a f   ucrt:api-ms-win-crt-math-l1-1-0.dll
 0001:0002a520       log                        000000014002b520 f   ucrt:api-ms-win-crt-math-l1-1-0.dll
 0001:0002a526       atan                       000000014002b526 f   ucrt:api-ms-win-crt-math-l1-1-0.dll
 0001:0002a52c       exit                       000000014002b52c f   ucrt:api-ms-win-crt-runtime-l1-1-0.dll
 0001:0002a532       _seh_filter_exe            000000014002b532 f   ucrt:api-ms-win-crt-runtime-l1-1-0.dll
 0001:0002a538       _set_app_type              000000014002b538 f   ucrt:api-ms-win-crt-runtime-l1-1-0.dll
 0001:0002a53e       __setusermatherr           000000014002b53e f   ucrt:api-ms-win-crt-math-l1-1-0.dll
 0001:0002a544       _configure_narrow_argv     000000014002b544 f   ucrt:api-ms-win-crt-runtime-l1-1-0.dll
 0001:0002a54a       _initialize_narrow_environment 000000014002b54a f   ucrt:api-ms-win-crt-runtime-l1-1-0.dll
 0001:0002a550       _get_initial_narrow_environment 000000014002b550 f   ucrt:api-ms-win-crt-runtime-l1-1-0.dll
 0001:0002a556       _initterm                  000000014002b556 f   ucrt:api-ms-win-crt-runtime-l1-1-0.dll
 0001:0002a55c       _initterm_e                000000014002b55c f   ucrt:api-ms-win-crt-runtime-l1-1-0.dll
 0001:0002a562       _exit                      000000014002b562 f   ucrt:api-ms-win-crt-runtime-l1-1-0.dll
 0001:0002a568       _set_fmode                 000000014002b568 f   ucrt:api-ms-win-crt-stdio-l1-1-0.dll
 0001:0002a56e       __p___argc                 000000014002b56e f   ucrt:api-ms-win-crt-runtime-l1-1-0.dll
 0001:0002a574       __p___argv                 000000014002b574 f   ucrt:api-ms-win-crt-runtime-l1-1-0.dll
 0001:0002a57a       _cexit                     000000014002b57a f   ucrt:api-ms-win-crt-runtime-l1-1-0.dll
 0001:0002a580       _c_exit                    000000014002b580 f   ucrt:api-ms-win-crt-runtime-l1-1-0.dll
 0001:0002a586       _register_thread_local_exe_atexit_callback 000000014002b586 f   ucrt:api-ms-win-crt-runtime-l1-1-0.dll
 0001:0002a58c       _configthreadlocale        000000014002b58c f   ucrt:api-ms-win-crt-locale-l1-1-0.dll
 0001:0002a592       _set_new_mode              000000014002b592 f   ucrt:api-ms-win-crt-heap-l1-1-0.dll
 0001:0002a598       __p__commode               000000014002b598 f   ucrt:api-ms-win-crt-stdio-l1-1-0.dll
 0001:0002a59e       _initialize_onexit_table   000000014002b59e f   ucrt:api-ms-win-crt-runtime-l1-1-0.dll
 0001:0002a5a4       _register_onexit_function  000000014002b5a4 f   ucrt:api-ms-win-crt-runtime-l1-1-0.dll
 0001:0002a5aa       _crt_atexit                000000014002b5aa f   ucrt:api-ms-win-crt-runtime-l1-1-0.dll
 0001:0002a5b0       terminate                  000000014002b5b0 f   ucrt:api-ms-win-crt-runtime-l1-1-0.dll
 0001:0002a5d0       _guard_dispatch_icall_nop  000000014002b5d0 f   MSVCRT:guard_dispatch.obj
 0001:0002a5f0       _guard_xfg_dispatch_icall_nop 000000014002b5f0 f   MSVCRT:guard_xfg_dispatch.obj
 0002:00000000       __imp_GetModuleHandleW     000000014002c000     kernel32:KERNEL32.dll
 0002:00000008       __imp_IsDebuggerPresent    000000014002c008     kernel32:KERNEL32.dll
 0002:00000010       __imp_InitializeSListHead  000000014002c010     kernel32:KERNEL32.dll
 0002:00000018       __imp_GetSystemTimeAsFileTime 000000014002c018     kernel32:KERNEL32.dll
 0002:00000020       __imp_IsProcessorFeaturePresent 000000014002c020     kernel32:KERNEL32.dll
 0002:00000028       __imp_TerminateProcess     000000014002c028     kernel32:KERNEL32.dll
 0002:00000030       __imp_GetCurrentProcess    000000014002c030     kernel32:KERNEL32.dll
 0002:00000038       __imp_SetUnhandledExceptionFilter 000000014002c038     kernel32:KERNEL32.dll
 0002:00000040       __imp_UnhandledExceptionFilter 000000014002c040     kernel32:KERNEL32.dll
 0002:00000048       __imp_RtlVirtualUnwind     000000014002c048     kernel32:KERNEL32.dll
 0002:00000050       __imp_RtlLookupFunctionEntry 000000014002c050     kernel32:KERNEL32.dll
 0002:00000058       __imp_RtlCaptureContext    000000014002c058     kernel32:KERNEL32.dll
 0002:00000060       __imp_QueryPerformanceFrequency 000000014002c060     kernel32:KERNEL32.dll
 0002:00000068       __imp_QueryPerformanceCounter 000000014002c068     kernel32:KERNEL32.dll
 0002:00000070       __imp_WriteFile            000000014002c070     kernel32:KERNEL32.dll
 0002:00000078       __imp_SetFilePointer       000000014002c078     kernel32:KERNEL32.dll
 0002:00000080       __imp_CreateFileA          000000014002c080     kernel32:KERNEL32.dll
 0002:00000088       __imp_SystemTimeToFileTime 000000014002c088     kernel32:KERNEL32.dll
 0002:00000090       __imp_FileTimeToSystemTime 000000014002c090     kernel32:KERNEL32.dll
 0002:00000098       __imp_GetLocalTime         000000014002c098     kernel32:KERNEL32.dll
 0002:000000a0       __imp_FormatMessageA       000000014002c0a0     kernel32:KERNEL32.dll
 0002:000000a8       __imp_SetConsoleTextAttribute 000000014002c0a8     kernel32:KERNEL32.dll
 0002:000000b0       __imp_TlsFree              000000014002c0b0     kernel32:KERNEL32.dll
 0002:000000b8       __imp_TlsSetValue          000000014002c0b8     kernel32:KERNEL32.dll
 0002:000000c0       __imp_TlsGetValue          000000014002c0c0     kernel32:KERNEL32.dll
 0002:000000c8       __imp_TlsAlloc             000000014002c0c8     kernel32:KERNEL32.dll
 0002:000000d0       __imp_GetCurrentThreadId   000000014002c0d0     kernel32:KERNEL32.dll
 0002:000000d8       __imp_CreateThread         000000014002c0d8     kernel32:KERNEL32.dll
 0002:000000e0       __imp_GetCurrentProcessId  000000014002c0e0     kernel32:KERNEL32.dll
 0002:000000e8       __imp_Sleep                000000014002c0e8     kernel32:KERNEL32.dll
 0002:000000f0       __imp_WaitForSingleObject  000000014002c0f0     kernel32:KERNEL32.dll
 0002:000000f8       __imp_ReleaseSemaphore     000000014002c0f8     kernel32:KERNEL32.dll
 0002:00000100       __imp_DeleteCriticalSection 000000014002c100     kernel32:KERNEL32.dll
 0002:00000108       __imp_TryEnterCriticalSection 000000014002c108     kernel32:KERNEL32.dll
 0002:00000110       __imp_LeaveCriticalSection 000000014002c110     kernel32:KERNEL32.dll
 0002:00000118       __imp_EnterCriticalSection 000000014002c118     kernel32:KERNEL32.dll
 0002:00000120       __imp_InitializeCriticalSection 000000014002c120     kernel32:KERNEL32.dll
 0002:00000128       __imp_GetLastError         000000014002c128     kernel32:KERNEL32.dll
 0002:00000130       __imp_GetStdHandle         000000014002c130     kernel32:KERNEL32.dll
 0002:00000138       __imp_SetThreadPriority    000000014002c138     kernel32:KERNEL32.dll
 0002:00000140       __imp_GetCurrentThread     000000014002c140     kernel32:KERNEL32.dll
 0002:00000148       __imp_WaitForMultipleObjects 000000014002c148     kernel32:KERNEL32.dll
 0002:00000150       __imp_CreateEventA         000000014002c150     kernel32:KERNEL32.dll
 0002:00000158       __imp_SetEvent             000000014002c158     kernel32:KERNEL32.dll
 0002:00000160       __imp_CloseHandle          000000014002c160     kernel32:KERNEL32.dll
 0002:00000168       \177KERNEL32_NULL_THUNK_DATA 000000014002c168     kernel32:KERNEL32.dll
 0002:00000170       __imp___current_exception  000000014002c170     vcruntime:VCRUNTIME140.dll
 0002:00000178       __imp_memcpy               000000014002c178     vcruntime:VCRUNTIME140.dll
 0002:00000180       __imp_memset               000000014002c180     vcruntime:VCRUNTIME140.dll
 0002:00000188       __imp_memmove              000000014002c188     vcruntime:VCRUNTIME140.dll
 0002:00000190       __imp_strchr               000000014002c190     vcruntime:VCRUNTIME140.dll
 0002:00000198       __imp_memcmp               000000014002c198     vcruntime:VCRUNTIME140.dll
 0002:000001a0       __imp_longjmp              000000014002c1a0     vcruntime:VCRUNTIME140.dll
 0002:000001a8       __imp___C_specific_handler 000000014002c1a8     vcruntime:VCRUNTIME140.dll
 0002:000001b0       __imp___current_exception_context 000000014002c1b0     vcruntime:VCRUNTIME140.dll
 0002:000001b8       \177VCRUNTIME140_NULL_THUNK_DATA 000000014002c1b8     vcruntime:VCRUNTIME140.dll
 0002:000001c0       __imp_waveOutWrite         000000014002c1c0     winmm:WINMM.dll
 0002:000001c8       __imp_waveOutUnprepareHeader 000000014002c1c8     winmm:WINMM.dll
 0002:000001d0       __imp_waveOutPrepareHeader 000000014002c1d0     winmm:WINMM.dll
 0002:000001d8       __imp_waveOutClose         000000014002c1d8     winmm:WINMM.dll
 0002:000001e0       __imp_waveOutOpen          000000014002c1e0     winmm:WINMM.dll
 0002:000001e8       __imp_waveOutRestart       000000014002c1e8     winmm:WINMM.dll
 0002:000001f0       __imp_waveOutGetVolume     000000014002c1f0     winmm:WINMM.dll
 0002:000001f8       __imp_waveOutGetDevCapsA   000000014002c1f8     winmm:WINMM.dll
 0002:00000200       __imp_waveOutGetNumDevs    000000014002c200     winmm:WINMM.dll
 0002:00000208       __imp_waveInGetErrorTextA  000000014002c208     winmm:WINMM.dll
 0002:00000210       __imp_waveOutGetErrorTextA 000000014002c210     winmm:WINMM.dll
 0002:00000218       __imp_waveOutPause         000000014002c218     winmm:WINMM.dll
 0002:00000220       __imp_waveOutReset         000000014002c220     winmm:WINMM.dll
 0002:00000228       __imp_waveInGetNumDevs     000000014002c228     winmm:WINMM.dll
 0002:00000230       __imp_waveInGetDevCapsA    000000014002c230     winmm:WINMM.dll
 0002:00000238       __imp_waveInOpen           000000014002c238     winmm:WINMM.dll
 0002:00000240       __imp_waveInClose          000000014002c240     winmm:WINMM.dll
 0002:00000248       __imp_waveInPrepareHeader  000000014002c248     winmm:WINMM.dll
 0002:00000250       __imp_waveInUnprepareHeader 000000014002c250     winmm:WINMM.dll
 0002:00000258       __imp_waveInAddBuffer      000000014002c258     winmm:WINMM.dll
 0002:00000260       __imp_waveInStart          000000014002c260     winmm:WINMM.dll
 0002:00000268       __imp_waveInReset          000000014002c268     winmm:WINMM.dll
 0002:00000270       __imp_waveInStop           000000014002c270     winmm:WINMM.dll
 0002:00000278       __imp_waveOutSetVolume     000000014002c278     winmm:WINMM.dll
 0002:00000280       \177WINMM_NULL_THUNK_DATA  000000014002c280     winmm:WINMM.dll
 0002:00000288       __imp_send                 000000014002c288     ws2_32:WS2_32.dll
 0002:00000290       __imp_recv                 000000014002c290     ws2_32:WS2_32.dll
 0002:00000298       __imp_ntohs                000000014002c298     ws2_32:WS2_32.dll
 0002:000002a0       __imp_ntohl                000000014002c2a0     ws2_32:WS2_32.dll
 0002:000002a8       __imp_htons                000000014002c2a8     ws2_32:WS2_32.dll
 0002:000002b0       __imp_htonl                000000014002c2b0     ws2_32:WS2_32.dll
 0002:000002b8       __imp_getsockopt           000000014002c2b8     ws2_32:WS2_32.dll
 0002:000002c0       __imp_getsockname          000000014002c2c0     ws2_32:WS2_32.dll
 0002:000002c8       __imp_accept               000000014002c2c8     ws2_32:WS2_32.dll
 0002:000002d0       __imp_WSAGetLastError      000000014002c2d0     ws2_32:WS2_32.dll
 0002:000002d8       __imp_WSACleanup           000000014002c2d8     ws2_32:WS2_32.dll
 0002:000002e0       __imp_WSAStartup           000000014002c2e0     ws2_32:WS2_32.dll
 0002:000002e8       __imp___WSAFDIsSet         000000014002c2e8     ws2_32:WS2_32.dll
 0002:000002f0       __imp_select               000000014002c2f0     ws2_32:WS2_32.dll
 0002:000002f8       __imp_recvfrom             000000014002c2f8     ws2_32:WS2_32.dll
 0002:00000300       __imp_sendto               000000014002c300     ws2_32:WS2_32.dll
 0002:00000308       \177WS2_32_NULL_THUNK_DATA 000000014002c308     ws2_32:WS2_32.dll
 0002:00000310       __imp_free                 000000014002c310     ucrt:api-ms-win-crt-heap-l1-1-0.dll
 0002:00000318       __imp__set_new_mode        000000014002c318     ucrt:api-ms-win-crt-heap-l1-1-0.dll
 0002:00000320       __imp_malloc               000000014002c320     ucrt:api-ms-win-crt-heap-l1-1-0.dll
 0002:00000328       __imp_calloc               000000014002c328     ucrt:api-ms-win-crt-heap-l1-1-0.dll
 0002:00000330       \177api-ms-win-crt-heap-l1-1-0_NULL_THUNK_DATA 000000014002c330     ucrt:api-ms-win-crt-heap-l1-1-0.dll
 0002:00000338       __imp__configthreadlocale  000000014002c338     ucrt:api-ms-win-crt-locale-l1-1-0.dll
 0002:00000340       \177api-ms-win-crt-locale-l1-1-0_NULL_THUNK_DATA 000000014002c340     ucrt:api-ms-win-crt-locale-l1-1-0.dll
 0002:00000348       __imp___setusermatherr     000000014002c348     ucrt:api-ms-win-crt-math-l1-1-0.dll
 0002:00000350       __imp_log                  000000014002c350     ucrt:api-ms-win-crt-math-l1-1-0.dll
 0002:00000358       __imp_sin                  000000014002c358     ucrt:api-ms-win-crt-math-l1-1-0.dll
 0002:00000360       __imp_cos                  000000014002c360     ucrt:api-ms-win-crt-math-l1-1-0.dll
 0002:00000368       __imp_pow                  000000014002c368     ucrt:api-ms-win-crt-math-l1-1-0.dll
 0002:00000370       __imp_sqrt                 000000014002c370     ucrt:api-ms-win-crt-math-l1-1-0.dll
 0002:00000378       __imp_floor                000000014002c378     ucrt:api-ms-win-crt-math-l1-1-0.dll
 0002:00000380       __imp_exp                  000000014002c380     ucrt:api-ms-win-crt-math-l1-1-0.dll
 0002:00000388       __imp_fmod                 000000014002c388     ucrt:api-ms-win-crt-math-l1-1-0.dll
 0002:00000390       __imp_atan                 000000014002c390     ucrt:api-ms-win-crt-math-l1-1-0.dll
 0002:00000398       \177api-ms-win-crt-math-l1-1-0_NULL_THUNK_DATA 000000014002c398     ucrt:api-ms-win-crt-math-l1-1-0.dll
 0002:000003a0       __imp__cexit               000000014002c3a0     ucrt:api-ms-win-crt-runtime-l1-1-0.dll
 0002:000003a8       __imp__register_thread_local_exe_atexit_callback 000000014002c3a8     ucrt:api-ms-win-crt-runtime-l1-1-0.dll
 0002:000003b0       __imp___p___argv           000000014002c3b0     ucrt:api-ms-win-crt-runtime-l1-1-0.dll
 0002:000003b8       __imp__initialize_onexit_table 000000014002c3b8     ucrt:api-ms-win-crt-runtime-l1-1-0.dll
 0002:000003c0       __imp__register_onexit_function 000000014002c3c0     ucrt:api-ms-win-crt-runtime-l1-1-0.dll
 0002:000003c8       __imp__crt_atexit          000000014002c3c8     ucrt:api-ms-win-crt-runtime-l1-1-0.dll
 0002:000003d0       __imp__c_exit              000000014002c3d0     ucrt:api-ms-win-crt-runtime-l1-1-0.dll
 0002:000003d8       __imp___p___argc           000000014002c3d8     ucrt:api-ms-win-crt-runtime-l1-1-0.dll
 0002:000003e0       __imp__exit                000000014002c3e0     ucrt:api-ms-win-crt-runtime-l1-1-0.dll
 0002:000003e8       __imp_exit                 000000014002c3e8     ucrt:api-ms-win-crt-runtime-l1-1-0.dll
 0002:000003f0       __imp__seh_filter_exe      000000014002c3f0     ucrt:api-ms-win-crt-runtime-l1-1-0.dll
 0002:000003f8       __imp__set_app_type        000000014002c3f8     ucrt:api-ms-win-crt-runtime-l1-1-0.dll
 0002:00000400       __imp__initialize_narrow_environment 000000014002c400     ucrt:api-ms-win-crt-runtime-l1-1-0.dll
 0002:00000408       __imp__configure_narrow_argv 000000014002c408     ucrt:api-ms-win-crt-runtime-l1-1-0.dll
 0002:00000410       __imp__initterm_e          000000014002c410     ucrt:api-ms-win-crt-runtime-l1-1-0.dll
 0002:00000418       __imp__get_initial_narrow_environment 000000014002c418     ucrt:api-ms-win-crt-runtime-l1-1-0.dll
 0002:00000420       __imp__initterm            000000014002c420     ucrt:api-ms-win-crt-runtime-l1-1-0.dll
 0002:00000428       __imp_terminate            000000014002c428     ucrt:api-ms-win-crt-runtime-l1-1-0.dll
 0002:00000430       \177api-ms-win-crt-runtime-l1-1-0_NULL_THUNK_DATA 000000014002c430     ucrt:api-ms-win-crt-runtime-l1-1-0.dll
 0002:00000438       __imp_puts                 000000014002c438     ucrt:api-ms-win-crt-stdio-l1-1-0.dll
 0002:00000440       __imp__set_fmode           000000014002c440     ucrt:api-ms-win-crt-stdio-l1-1-0.dll
 0002:00000448       __imp___stdio_common_vsprintf 000000014002c448     ucrt:api-ms-win-crt-stdio-l1-1-0.dll
 0002:00000450       __imp___p__commode         000000014002c450     ucrt:api-ms-win-crt-stdio-l1-1-0.dll
 0002:00000458       __imp___stdio_common_vfprintf 000000014002c458     ucrt:api-ms-win-crt-stdio-l1-1-0.dll
 0002:00000460       __imp_fgets                000000014002c460     ucrt:api-ms-win-crt-stdio-l1-1-0.dll
 0002:00000468       __imp___acrt_iob_func      000000014002c468     ucrt:api-ms-win-crt-stdio-l1-1-0.dll
 0002:00000470       \177api-ms-win-crt-stdio-l1-1-0_NULL_THUNK_DATA 000000014002c470     ucrt:api-ms-win-crt-stdio-l1-1-0.dll
 0002:00000478       __imp__strnicmp            000000014002c478     ucrt:api-ms-win-crt-string-l1-1-0.dll
 0002:00000480       __imp_isxdigit             000000014002c480     ucrt:api-ms-win-crt-string-l1-1-0.dll
 0002:00000488       __imp_isdigit              000000014002c488     ucrt:api-ms-win-crt-string-l1-1-0.dll
 0002:00000490       __imp_strncpy              000000014002c490     ucrt:api-ms-win-crt-string-l1-1-0.dll
 0002:00000498       \177api-ms-win-crt-string-l1-1-0_NULL_THUNK_DATA 000000014002c498     ucrt:api-ms-win-crt-string-l1-1-0.dll
 0002:000004a0       __imp_rand                 000000014002c4a0     ucrt:api-ms-win-crt-utility-l1-1-0.dll
 0002:000004a8       \177api-ms-win-crt-utility-l1-1-0_NULL_THUNK_DATA 000000014002c4a8     ucrt:api-ms-win-crt-utility-l1-1-0.dll
 0002:000004b0       __imp_CoCreateGuid         000000014002c4b0     ole32:ole32.dll
 0002:000004b8       \177ole32_NULL_THUNK_DATA  000000014002c4b8     ole32:ole32.dll
 0002:000004c0       __guard_check_icall_fptr   000000014002c4c0     MSVCRT:guard_support.obj
 0002:000004c8       __guard_xfg_check_icall_fptr 000000014002c4c8     MSVCRT:guard_support.obj
 0002:000004d0       __guard_dispatch_icall_fptr 000000014002c4d0     MSVCRT:guard_support.obj
 0002:000004d8       __guard_xfg_dispatch_icall_fptr 000000014002c4d8     MSVCRT:guard_support.obj
 0002:000004e0       __guard_xfg_table_dispatch_icall_fptr 000000014002c4e0     MSVCRT:guard_support.obj
 0002:000004e8       __xc_a                     000000014002c4e8     MSVCRT:initializers.obj
 0002:000004f8       __xc_z                     000000014002c4f8     MSVCRT:initializers.obj
 0002:00000500       __xi_a                     000000014002c500     MSVCRT:initializers.obj
 0002:00000518       __xi_z                     000000014002c518     MSVCRT:initializers.obj
 0002:00000520       __xp_a                     000000014002c520     MSVCRT:initializers.obj
 0002:00000528       __xp_z                     000000014002c528     MSVCRT:initializers.obj
 0002:00000530       __xt_a                     000000014002c530     MSVCRT:initializers.obj
 0002:00000538       __xt_z                     000000014002c538     MSVCRT:initializers.obj
 0002:00000600       ??_C@_0DC@MHBBCDGM@Unspecified?5audio?5device?5error?5@ 000000014002c600     pjmedia-audiodev-x86_64-x64-vc14-release:errno.obj
 0002:00000638       ??_C@_0DG@FEDKLOFB@Unknown?5error?5from?5audio?5driver@ 000000014002c638     pjmedia-audiodev-x86_64-x64-vc14-release:errno.obj
 0002:00000670       ??_C@_0DE@DOHCBKFK@Audio?5subsystem?5not?5initialized@ 000000014002c670     pjmedia-audiodev-x86_64-x64-vc14-release:errno.obj
 0002:000006a8       ??_C@_0CL@NCBJPCNF@Invalid?5audio?5device?5?$CIPJMEDIA_E@ 000000014002c6a8     pjmedia-audiodev-x86_64-x64-vc14-release:errno.obj
 0002:000006d8       ??_C@_0CM@LOPLLMHO@Found?5no?5audio?5devices?5?$CIPJMEDIA@ 000000014002c6d8     pjmedia-audiodev-x86_64-x64-vc14-release:errno.obj
 0002:00000708       ??_C@_0DM@DPDKGMIE@Unable?5to?5find?5default?5audio?5de@ 000000014002c708     pjmedia-audiodev-x86_64-x64-vc14-release:errno.obj
 0002:00000748       ??_C@_0CP@JIPJOIMB@Audio?5device?5not?5ready?5?$CIPJMEDIA@ 000000014002c748     pjmedia-audiodev-x86_64-x64-vc14-release:errno.obj
 0002:00000778       ??_C@_0DO@NMIGLFFA@Invalid?5or?5unsupported?5audio?5ca@ 000000014002c778     pjmedia-audiodev-x86_64-x64-vc14-release:errno.obj
 0002:000007c0       ??_C@_0ED@PLJALPOA@Invalid?5or?5unsupported?5audio?5de@ 000000014002c7c0     pjmedia-audiodev-x86_64-x64-vc14-release:errno.obj
 0002:00000808       ??_C@_0DM@JKDJGBNG@Bad?5or?5invalid?5audio?5device?5for@ 000000014002c808     pjmedia-audiodev-x86_64-x64-vc14-release:errno.obj
 0002:00000848       ??_C@_0DN@BLAJILEA@Invalid?5audio?5device?5sample?5for@ 000000014002c848     pjmedia-audiodev-x86_64-x64-vc14-release:errno.obj
 0002:00000888       ??_C@_0DE@LJJGJIEF@Bad?5audio?5latency?5setting?5?$CIPJME@ 000000014002c888     pjmedia-audiodev-x86_64-x64-vc14-release:errno.obj
 0002:000008c0       ??_C@_0BJ@GMHLEOAL@MMSYSTEM?5native?5error?5?$CFd@ 000000014002c8c0     pjmedia-audiodev-x86_64-x64-vc14-release:errno.obj
 0002:000008e0       ??_C@_0CC@MFOJNIAN@Unknown?5pjmedia?9audiodev?5error?5@ 000000014002c8e0     pjmedia-audiodev-x86_64-x64-vc14-release:errno.obj
 0002:00000908       ??_C@_0M@KBHHDDLP@Wave?5mapper@ 000000014002c908     pjmedia-audiodev-x86_64-x64-vc14-release:wmme_dev.obj
 0002:00000914       ??_C@_04CPNMDOAK@WMME@     000000014002c914     pjmedia-audiodev-x86_64-x64-vc14-release:wmme_dev.obj
 0002:00000920       ??_C@_0BB@EOKKHGLD@WMME?5initialized@ 000000014002c920     pjmedia-audiodev-x86_64-x64-vc14-release:wmme_dev.obj
 0002:00000938       ??_C@_0L@HHCCMOGO@wmme_dev?4c@ 000000014002c938     pjmedia-audiodev-x86_64-x64-vc14-release:wmme_dev.obj
 0002:00000948       ??_C@_0BM@OMJMEAMB@WMME?5found?5no?5sound?5devices@ 000000014002c948     pjmedia-audiodev-x86_64-x64-vc14-release:wmme_dev.obj
 0002:00000964       ??_C@_11LOCGONAA@@         000000014002c964     pjmedia-audiodev-x86_64-x64-vc14-release:wmme_dev.obj
 0002:00000968       ??_C@_0BH@GEMAAOCL@WMME?5found?5?$CFd?5devices?3@ 000000014002c968     pjmedia-audiodev-x86_64-x64-vc14-release:wmme_dev.obj
 0002:00000980       ??_C@_0CA@NLJGEGOG@?5dev_id?5?$CFd?3?5?$CFs?5?5?$CIin?$DN?$CFd?0?5out?$DN?$CFd?$CJ@ 000000014002c980     pjmedia-audiodev-x86_64-x64-vc14-release:wmme_dev.obj
 0002:000009a0       ??_C@_03CCLNCNJA@PCM@      000000014002c9a0     pjmedia-audiodev-x86_64-x64-vc14-release:wmme_dev.obj
 0002:000009b0       ??_C@_0HB@MKIBCFPJ@?5WaveAPI?5Sound?5player?5?$CC?$CFs?$CC?5init@ 000000014002c9b0     pjmedia-audiodev-x86_64-x64-vc14-release:wmme_dev.obj
 0002:00000a30       ??_C@_0HD@PIICIPL@?5WaveAPI?5Sound?5recorder?5?$CC?$CFs?$CC?5in@ 000000014002ca30     pjmedia-audiodev-x86_64-x64-vc14-release:wmme_dev.obj
 0002:00000aa8       ??_C@_0CJ@BMOAEONK@Failed?5to?5write?5audio?5frame?5for@ 000000014002caa8     pjmedia-audiodev-x86_64-x64-vc14-release:wmme_dev.obj
 0002:00000ad8       ??_C@_0BP@EAOBDJJO@Failed?5to?5add?5recording?5buffer@ 000000014002cad8     pjmedia-audiodev-x86_64-x64-vc14-release:wmme_dev.obj
 0002:00000af8       ??_C@_0BI@BEJPJEBJ@WMME?3?5thread?5stopping?4?4@ 000000014002caf8     pjmedia-audiodev-x86_64-x64-vc14-release:wmme_dev.obj
 0002:00000b10       ??_C@_0CB@JKFANBEJ@WMME?5thread?5stopped?5due?5to?5erro@ 000000014002cb10     pjmedia-audiodev-x86_64-x64-vc14-release:wmme_dev.obj
 0002:00000b38       ??_C@_08MOOOBPLB@wmme?9dev@ 000000014002cb38     pjmedia-audiodev-x86_64-x64-vc14-release:wmme_dev.obj
 0002:00000b44       ??_C@_04ODOGNMHC@wmme@     000000014002cb44     pjmedia-audiodev-x86_64-x64-vc14-release:wmme_dev.obj
 0002:00000b50       ??_C@_0BN@MNACKNIN@WMME?5playback?5stream?5started@ 000000014002cb50     pjmedia-audiodev-x86_64-x64-vc14-release:wmme_dev.obj
 0002:00000b70       ??_C@_0BM@NKDLICNM@WMME?5capture?5stream?5started@ 000000014002cb70     pjmedia-audiodev-x86_64-x64-vc14-release:wmme_dev.obj
 0002:00000b90       ??_C@_0BN@FMJNHCPG@Stopped?5WMME?5playback?5stream@ 000000014002cb90     pjmedia-audiodev-x86_64-x64-vc14-release:wmme_dev.obj
 0002:00000bb0       ??_C@_0BM@KCHDOGNE@Stopped?5WMME?5capture?5stream@ 000000014002cbb0     pjmedia-audiodev-x86_64-x64-vc14-release:wmme_dev.obj
 0002:00000bd0       ??_C@_09OFDCJLJM@WMME?5base@ 000000014002cbd0     pjmedia-audiodev-x86_64-x64-vc14-release:wmme_dev.obj
 0002:00000c40       ??_C@_07OEHJJJKF@RTP?1AVP@ 000000014002cc40     pjmedia-x86_64-x64-vc14-release:endpoint.obj
 0002:00000c48       ??_C@_02BBAPPCCJ@IN@       000000014002cc48     pjmedia-x86_64-x64-vc14-release:endpoint.obj
 0002:00000c4c       ??_C@_03OPDBOKBD@IP4@      000000014002cc4c     pjmedia-x86_64-x64-vc14-release:endpoint.obj
 0002:00000c50       ??_C@_03NNAHIIJB@IP6@      000000014002cc50     pjmedia-x86_64-x64-vc14-release:endpoint.obj
 0002:00000c58       ??_C@_07HDFHIMAJ@pjmedia@  000000014002cc58     pjmedia-x86_64-x64-vc14-release:endpoint.obj
 0002:00000c60       ??_C@_08LMCBNPPN@sendrecv@ 000000014002cc60     pjmedia-x86_64-x64-vc14-release:endpoint.obj
 0002:00000c70       ??_C@_07LBNDIDNE@med?9ept@ 000000014002cc70     pjmedia-x86_64-x64-vc14-release:endpoint.obj
 0002:00000c80       ??_C@_0EL@BIFHLACC@Warning?3?5no?5worker?5thread?5is?5cr@ 000000014002cc80     pjmedia-x86_64-x64-vc14-release:endpoint.obj
 0002:00000cd0       ??_C@_0L@DLFDMOGF@endpoint?4c@ 000000014002ccd0     pjmedia-x86_64-x64-vc14-release:endpoint.obj
 0002:00000cdc       ??_C@_05CECBHAPI@media@    000000014002ccdc     pjmedia-x86_64-x64-vc14-release:endpoint.obj
 0002:00000ce2       ??_C@_00CNPNBAHC@@         000000014002cce2     pjmedia-x86_64-x64-vc14-release:endpoint.obj
 0002:00000ce4       ??_C@_01CLKCMJKC@?5@       000000014002cce4     pjmedia-x86_64-x64-vc14-release:endpoint.obj
 0002:00000ce8       ??_C@_0N@COEOBFOD@EC?5activated@ 000000014002cce8     pjmedia-x86_64-x64-vc14-release:sound_port.obj
 0002:00000cf8       ??_C@_0N@GOCHBLLA@sound_port?4c@ 000000014002ccf8     pjmedia-x86_64-x64-vc14-release:sound_port.obj
 0002:00000d08       ??_C@_0CD@IGHBIGGN@EC?5suspended?5because?5of?5inactiv@ 000000014002cd08     pjmedia-x86_64-x64-vc14-release:sound_port.obj
 0002:00000d30       ??_C@_0CB@KICGINBD@AEC?5tail?5is?5set?5to?5default?5?$CFu?5m@ 000000014002cd30     pjmedia-x86_64-x64-vc14-release:sound_port.obj
 0002:00000d58       ??_C@_0DJ@PNINHBGM@pjmedia_snd_port_set_ec?$CI?$CJ?5ignor@ 000000014002cd58     pjmedia-x86_64-x64-vc14-release:sound_port.obj
 0002:00000d98       ??_C@_0DB@KDEIEFDK@Echo?5canceller?5is?5now?5disabled?5@ 000000014002cd98     pjmedia-x86_64-x64-vc14-release:sound_port.obj
 0002:00000dd0       ??_C@_0DH@EDIEAILI@File?5writer?5?8?$CF?4?$CKs?8?5created?3?5sam@ 000000014002cdd0     pjmedia-x86_64-x64-vc14-release:wav_writer.obj
 0002:00000e08       ??_C@_0N@MCLOBLAH@wav_writer?4c@ 000000014002ce08     pjmedia-x86_64-x64-vc14-release:wav_writer.obj
 0002:00000e18       ??_C@_07GBKCPIDJ@ext?9fmt@ 000000014002ce18     pjmedia-x86_64-x64-vc14-release:audiodev.obj
 0002:00000e20       ??_C@_0BI@GGHCECPI@Extended?1non?9PCM?5format@ 000000014002ce20     pjmedia-x86_64-x64-vc14-release:audiodev.obj
 0002:00000e38       ??_C@_0L@IKNMBADD@latency?9in@ 000000014002ce38     pjmedia-x86_64-x64-vc14-release:audiodev.obj
 0002:00000e48       ??_C@_0CC@LIGOHOJN@Input?5latency?1buffer?5size?5setti@ 000000014002ce48     pjmedia-x86_64-x64-vc14-release:audiodev.obj
 0002:00000e70       ??_C@_0M@MBBBBCLJ@latency?9out@ 000000014002ce70     pjmedia-x86_64-x64-vc14-release:audiodev.obj
 0002:00000e80       ??_C@_0CD@GAINMBC@Output?5latency?1buffer?5size?5sett@ 000000014002ce80     pjmedia-x86_64-x64-vc14-release:audiodev.obj
 0002:00000ea4       ??_C@_06KGGLCDDG@vol?9in@  000000014002cea4     pjmedia-x86_64-x64-vc14-release:audiodev.obj
 0002:00000eb0       ??_C@_0BF@CCEKOJAN@Input?5volume?5setting@ 000000014002ceb0     pjmedia-x86_64-x64-vc14-release:audiodev.obj
 0002:00000ec8       ??_C@_07LBFHFBAF@vol?9out@ 000000014002cec8     pjmedia-x86_64-x64-vc14-release:audiodev.obj
 0002:00000ed0       ??_C@_0BG@IBEHJHAD@Output?5volume?5setting@ 000000014002ced0     pjmedia-x86_64-x64-vc14-release:audiodev.obj
 0002:00000ee8       ??_C@_08BPNDLGG@meter?9in@ 000000014002cee8     pjmedia-x86_64-x64-vc14-release:audiodev.obj
 0002:00000ef8       ??_C@_0M@NCGIGNPG@Input?5meter@ 000000014002cef8     pjmedia-x86_64-x64-vc14-release:audiodev.obj
 0002:00000f08       ??_C@_09NKJLJGOJ@meter?9out@ 000000014002cf08     pjmedia-x86_64-x64-vc14-release:audiodev.obj
 0002:00000f18       ??_C@_0N@GBEOEOEP@Output?5meter@ 000000014002cf18     pjmedia-x86_64-x64-vc14-release:audiodev.obj
 0002:00000f28       ??_C@_08FPHJDLBG@route?9in@ 000000014002cf28     pjmedia-x86_64-x64-vc14-release:audiodev.obj
 0002:00000f38       ??_C@_0O@JDPFDDM@Input?5routing@ 000000014002cf38     pjmedia-x86_64-x64-vc14-release:audiodev.obj
 0002:00000f48       ??_C@_09IKMAGDNF@route?9out@ 000000014002cf48     pjmedia-x86_64-x64-vc14-release:audiodev.obj
 0002:00000f58       ??_C@_0P@JOFPIEJJ@Output?5routing@ 000000014002cf58     pjmedia-x86_64-x64-vc14-release:audiodev.obj
 0002:00000f68       ??_C@_03FNONIBCK@aec@      000000014002cf68     pjmedia-x86_64-x64-vc14-release:audiodev.obj
 0002:00000f70       ??_C@_0BM@HPDLGLFJ@Accoustic?5echo?5cancellation@ 000000014002cf70     pjmedia-x86_64-x64-vc14-release:audiodev.obj
 0002:00000f90       ??_C@_08MKAPJCJE@aec?9tail@ 000000014002cf90     pjmedia-x86_64-x64-vc14-release:audiodev.obj
 0002:00000fa0       ??_C@_0BM@PBLLADJD@Tail?5length?5setting?5for?5AEC@ 000000014002cfa0     pjmedia-x86_64-x64-vc14-release:audiodev.obj
 0002:00000fbc       ??_C@_03NIGLNABH@vad@      000000014002cfbc     pjmedia-x86_64-x64-vc14-release:audiodev.obj
 0002:00000fc0       ??_C@_0BJ@PEELNNPF@Voice?5activity?5detection@ 000000014002cfc0     pjmedia-x86_64-x64-vc14-release:audiodev.obj
 0002:00000fdc       ??_C@_03JPNNGDEE@cng@      000000014002cfdc     pjmedia-x86_64-x64-vc14-release:audiodev.obj
 0002:00000fe0       ??_C@_0BJ@MNDOFJGN@Comfort?5noise?5generation@ 000000014002cfe0     pjmedia-x86_64-x64-vc14-release:audiodev.obj
 0002:00000ffc       ??_C@_03NOPFEPFL@plg@      000000014002cffc     pjmedia-x86_64-x64-vc14-release:audiodev.obj
 0002:00001000       ??_C@_0BI@OMEMKBHH@Packet?5loss?5concealment@ 000000014002d000     pjmedia-x86_64-x64-vc14-release:audiodev.obj
 0002:00001020       ??_C@_0EF@NLCNMHAD@?$CFd?5device?$CIs?$CJ?5cannot?5be?5register@ 000000014002d020     pjmedia-x86_64-x64-vc14-release:audiodev.obj
 0002:00001068       ??_C@_0L@FGHHAHLM@audiodev?4c@ 000000014002d068     pjmedia-x86_64-x64-vc14-release:audiodev.obj
 0002:00001078       ??_C@_0DH@LLDEKPNG@Lost?5event?5?$CFs?5from?5publisher?5?$FL0@ 000000014002d078     pjmedia-x86_64-x64-vc14-release:event.obj
 0002:000010b0       ??_C@_07GLALFINI@event?4c@ 000000014002d0b0     pjmedia-x86_64-x64-vc14-release:event.obj
 0002:000010b8       ??_C@_01KMDKNFGN@?1@       000000014002d0b8     pjmedia-x86_64-x64-vc14-release:sdp.obj
 0002:000010bc       ??_C@_03GOLBDMPC@RTP@      000000014002d0bc     pjmedia-x86_64-x64-vc14-release:sdp.obj
 0002:000010c0       ??_C@_03CPJJBAON@AVP@      000000014002d0c0     pjmedia-x86_64-x64-vc14-release:sdp.obj
 0002:000010c4       ??_C@_04LHEMINPH@SAVP@     000000014002d0c4     pjmedia-x86_64-x64-vc14-release:sdp.obj
 0002:000010cc       ??_C@_04HILHOPFG@AVPF@     000000014002d0cc     pjmedia-x86_64-x64-vc14-release:sdp.obj
 0002:000010d4       ??_C@_05IFENMDLB@SAVPF@    000000014002d0d4     pjmedia-x86_64-x64-vc14-release:sdp.obj
 0002:000010dc       ??_C@_03OPEAKHDL@UDP@      000000014002d0dc     pjmedia-x86_64-x64-vc14-release:sdp.obj
 0002:000010e0       ??_C@_0N@IFKNLCBO@TLS?1RTP?1SAVP@ 000000014002d0e0     pjmedia-x86_64-x64-vc14-release:sdp.obj
 0002:000010f0       ??_C@_0O@FMKJHIFC@TLS?1RTP?1SAVPF@ 000000014002d0f0     pjmedia-x86_64-x64-vc14-release:sdp.obj
 0002:00001100       ??_C@_09GLMNEMC@codec?9mgr@ 000000014002d100     pjmedia-x86_64-x64-vc14-release:codec.obj
 0002:000017b0       ??_C@_0CK@HBHLALIF@Unspecified?5PJMEDIA?5error?5?$CIPJME@ 000000014002d7b0     pjmedia-x86_64-x64-vc14-release:errno.obj
 0002:000017e0       ??_C@_0CM@KFAONKNJ@Invalid?5SDP?5descriptor?5?$CIPJMEDIA@ 000000014002d7e0     pjmedia-x86_64-x64-vc14-release:errno.obj
 0002:00001810       ??_C@_0CO@ONPCFICA@Invalid?5SDP?5version?5line?5?$CIPJMED@ 000000014002d810     pjmedia-x86_64-x64-vc14-release:errno.obj
 0002:00001840       ??_C@_0DA@DIKNJOEJ@Invalid?5SDP?5origin?5line?5?$CIPJMEDI@ 000000014002d840     pjmedia-x86_64-x64-vc14-release:errno.obj
 0002:00001870       ??_C@_0CM@DLEAGODI@Invalid?5SDP?5time?5line?5?$CIPJMEDIA_@ 000000014002d870     pjmedia-x86_64-x64-vc14-release:errno.obj
 0002:000018a0       ??_C@_0DF@HNDCDPJF@SDP?5name?1subject?5line?5is?5empty?5@ 000000014002d8a0     pjmedia-x86_64-x64-vc14-release:errno.obj
 0002:000018d8       ??_C@_0DC@KNNPDHKA@Invalid?5SDP?5connection?5line?5?$CIPJ@ 000000014002d8d8     pjmedia-x86_64-x64-vc14-release:errno.obj
 0002:00001910       ??_C@_0DM@NEDHCJGL@Missing?5SDP?5connection?5info?5lin@ 000000014002d910     pjmedia-x86_64-x64-vc14-release:errno.obj
 0002:00001950       ??_C@_0CN@JHLMEODJ@Invalid?5SDP?5attributes?5?$CIPJMEDIA@ 000000014002d950     pjmedia-x86_64-x64-vc14-release:errno.obj
 0002:00001980       ??_C@_0DF@BJAALDOM@Invalid?5SDP?5rtpmap?5attribute?5?$CIP@ 000000014002d980     pjmedia-x86_64-x64-vc14-release:errno.obj
[...]
 0002:00014130       $chain$1$srtp_protect_aead 0000000140040130     libsrtp-x86_64-x64-vc14-release:srtp.obj
 0002:00014144       $chain$2$srtp_protect_aead 0000000140040144     libsrtp-x86_64-x64-vc14-release:srtp.obj
 0002:00014154       $chain$3$srtp_protect_aead 0000000140040154     libsrtp-x86_64-x64-vc14-release:srtp.obj
 0002:00014164       $chain$4$srtp_protect_aead 0000000140040164     libsrtp-x86_64-x64-vc14-release:srtp.obj
 0002:0001417c       $chain$5$srtp_protect_aead 000000014004017c     libsrtp-x86_64-x64-vc14-release:srtp.obj
 0002:00014190       $unwind$srtp_unprotect_aead 0000000140040190     libsrtp-x86_64-x64-vc14-release:srtp.obj
 0002:000141b0       $unwind$srtp_calc_aead_iv_srtcp 00000001400401b0     libsrtp-x86_64-x64-vc14-release:srtp.obj
 0002:000141c4       $unwind$srtp_protect_rtcp_aead 00000001400401c4     libsrtp-x86_64-x64-vc14-release:srtp.obj
 0002:000141e4       $unwind$srtp_unprotect_rtcp_aead 00000001400401e4     libsrtp-x86_64-x64-vc14-release:srtp.obj
 0002:00014204       $unwind$srtp_octet_string_hex_string 0000000140040204     libsrtp-x86_64-x64-vc14-release:datatypes.obj
 0002:00014204       $unwind$v128_hex_string    0000000140040204     libsrtp-x86_64-x64-vc14-release:datatypes.obj
 0002:00014214       $unwind$v128_left_shift    0000000140040214     libsrtp-x86_64-x64-vc14-release:datatypes.obj
 0002:00014220       $chain$1$v128_left_shift   0000000140040220     libsrtp-x86_64-x64-vc14-release:datatypes.obj
 0002:00014234       $chain$5$v128_left_shift   0000000140040234     libsrtp-x86_64-x64-vc14-release:datatypes.obj
 0002:00014254       $chain$6$v128_left_shift   0000000140040254     libsrtp-x86_64-x64-vc14-release:datatypes.obj
 0002:00014264       $chain$7$v128_left_shift   0000000140040264     libsrtp-x86_64-x64-vc14-release:datatypes.obj
 0002:00014274       $unwind$bitvector_left_shift 0000000140040274     libsrtp-x86_64-x64-vc14-release:datatypes.obj
 0002:00014280       $chain$2$bitvector_left_shift 0000000140040280     libsrtp-x86_64-x64-vc14-release:datatypes.obj
 0002:0001429c       $chain$5$bitvector_left_shift 000000014004029c     libsrtp-x86_64-x64-vc14-release:datatypes.obj
 0002:000142b8       $chain$6$bitvector_left_shift 00000001400402b8     libsrtp-x86_64-x64-vc14-release:datatypes.obj
 0002:000142c8       $chain$7$bitvector_left_shift 00000001400402c8     libsrtp-x86_64-x64-vc14-release:datatypes.obj
 0002:000142dc       $unwind$srtp_crypto_kernel_alloc_auth 00000001400402dc     libsrtp-x86_64-x64-vc14-release:crypto_kernel.obj
 0002:000142dc       $unwind$srtp_crypto_kernel_alloc_cipher 00000001400402dc     libsrtp-x86_64-x64-vc14-release:crypto_kernel.obj
 0002:000142dc       $unwind$__GSHandlerCheckCommon 00000001400402dc     MSVCRT:gshandler.obj
 0002:000142e4       $unwind$srtp_stream_init_from_ekt 00000001400402e4     libsrtp-x86_64-x64-vc14-release:ekt.obj
 0002:000142fc       $chain$0$srtp_ekt_write_data 00000001400402fc     libsrtp-x86_64-x64-vc14-release:ekt.obj
 0002:00014310       $chain$1$srtp_ekt_write_data 0000000140040310     libsrtp-x86_64-x64-vc14-release:ekt.obj
 0002:00014324       $chain$2$srtp_ekt_write_data 0000000140040324     libsrtp-x86_64-x64-vc14-release:ekt.obj
 0002:00014334       $chain$3$srtp_ekt_write_data 0000000140040334     libsrtp-x86_64-x64-vc14-release:ekt.obj
 0002:00014344       $chain$0$srtp_aes_icm_alloc 0000000140040344     libsrtp-x86_64-x64-vc14-release:aes_icm.obj
 0002:00014358       $chain$2$srtp_aes_icm_alloc 0000000140040358     libsrtp-x86_64-x64-vc14-release:aes_icm.obj
 0002:0001436c       $unwind$srtp_aes_icm_dealloc 000000014004036c     libsrtp-x86_64-x64-vc14-release:aes_icm.obj
 0002:00014378       $unwind$srtp_aes_icm_context_init 0000000140040378     libsrtp-x86_64-x64-vc14-release:aes_icm.obj
 0002:00014384       $chain$4$srtp_aes_icm_context_init 0000000140040384     libsrtp-x86_64-x64-vc14-release:aes_icm.obj
 0002:000143a8       $chain$5$srtp_aes_icm_context_init 00000001400403a8     libsrtp-x86_64-x64-vc14-release:aes_icm.obj
 0002:000143c4       $chain$6$srtp_aes_icm_context_init 00000001400403c4     libsrtp-x86_64-x64-vc14-release:aes_icm.obj
 0002:000143c4       $chain$8$srtp_aes_icm_context_init 00000001400403c4     libsrtp-x86_64-x64-vc14-release:aes_icm.obj
 0002:000143dc       $chain$0$srtp_aes_icm_encrypt 00000001400403dc     libsrtp-x86_64-x64-vc14-release:aes_icm.obj
 0002:000143f0       $chain$3$srtp_aes_icm_encrypt 00000001400403f0     libsrtp-x86_64-x64-vc14-release:aes_icm.obj
 0002:00014408       $chain$4$srtp_aes_icm_encrypt 0000000140040408     libsrtp-x86_64-x64-vc14-release:aes_icm.obj
 0002:0001441c       $chain$5$srtp_aes_icm_encrypt 000000014004041c     libsrtp-x86_64-x64-vc14-release:aes_icm.obj
 0002:0001442c       $unwind$srtp_hmac_init     000000014004042c     libsrtp-x86_64-x64-vc14-release:hmac.obj
 0002:0001443c       $chain$0$srtp_hmac_init    000000014004043c     libsrtp-x86_64-x64-vc14-release:hmac.obj
 0002:00014450       $chain$2$srtp_hmac_init    0000000140040450     libsrtp-x86_64-x64-vc14-release:hmac.obj
 0002:00014468       $chain$3$srtp_hmac_init    0000000140040468     libsrtp-x86_64-x64-vc14-release:hmac.obj
 0002:0001447c       $chain$4$srtp_hmac_init    000000014004047c     libsrtp-x86_64-x64-vc14-release:hmac.obj
 0002:0001448c       $chain$5$srtp_hmac_init    000000014004048c     libsrtp-x86_64-x64-vc14-release:hmac.obj
 0002:000144a0       $chain$6$srtp_hmac_init    00000001400404a0     libsrtp-x86_64-x64-vc14-release:hmac.obj
 0002:000144b0       $chain$7$srtp_hmac_init    00000001400404b0     libsrtp-x86_64-x64-vc14-release:hmac.obj
 0002:000144c0       $unwind$srtp_hmac_compute  00000001400404c0     libsrtp-x86_64-x64-vc14-release:hmac.obj
 0002:000144d8       $chain$0$srtp_hmac_compute 00000001400404d8     libsrtp-x86_64-x64-vc14-release:hmac.obj
 0002:000144ec       $chain$1$srtp_hmac_compute 00000001400404ec     libsrtp-x86_64-x64-vc14-release:hmac.obj
 0002:000144fc       $chain$0$srtp_aes_expand_encryption_key 00000001400404fc     libsrtp-x86_64-x64-vc14-release:aes.obj
 0002:00014510       $chain$1$srtp_aes_expand_encryption_key 0000000140040510     libsrtp-x86_64-x64-vc14-release:aes.obj
 0002:00014520       $chain$0$srtp_aes_expand_decryption_key 0000000140040520     libsrtp-x86_64-x64-vc14-release:aes.obj
 0002:00014534       $chain$1$srtp_aes_expand_decryption_key 0000000140040534     libsrtp-x86_64-x64-vc14-release:aes.obj
 0002:00014544       $unwind$srtp_sha1_update   0000000140040544     libsrtp-x86_64-x64-vc14-release:sha1.obj
 0002:00014558       $chain$0$srtp_sha1_update  0000000140040558     libsrtp-x86_64-x64-vc14-release:sha1.obj
 0002:0001456c       $chain$1$srtp_sha1_update  000000014004056c     libsrtp-x86_64-x64-vc14-release:sha1.obj
 0002:0001457c       $unwind$srtp_sha1_final    000000014004057c     libsrtp-x86_64-x64-vc14-release:sha1.obj
 0002:000145a0       $unwind$srtp_sha1_core     00000001400405a0     libsrtp-x86_64-x64-vc14-release:sha1.obj
 0002:000145c8       $xdatasym                  00000001400405c8     MSVCRT:amdsecgs.obj
 0002:000145cc       $unwind$?__scrt_common_main_seh@@YAHXZ 00000001400405cc     MSVCRT:exe_main.obj
 0002:00014604       $unwind$?filt$0@?0??__scrt_common_main_seh@@YAHXZ@4HA 0000000140040604     MSVCRT:exe_main.obj
 0002:0001460c       $unwind$__report_securityfailure 000000014004060c     MSVCRT:gs_report.obj
 0002:00014614       $unwind$__report_gsfailure 0000000140040614     MSVCRT:gs_report.obj
 0002:0001461c       $unwind$capture_current_context 000000014004061c     MSVCRT:gs_report.obj
 0002:00014628       $unwind$capture_previous_context 0000000140040628     MSVCRT:gs_report.obj
 0002:00014638       $xdatasym                  0000000140040638     MSVCRT:chkstk.obj
 0002:00014640       $unwind$__scrt_is_nonwritable_in_current_image 0000000140040640     MSVCRT:utility.obj
 0002:00014660       $unwind$__security_init_cookie 0000000140040660     MSVCRT:gs_support.obj
 0002:0001466c       $unwind$__scrt_fastfail    000000014004066c     MSVCRT:utility_desktop.obj
 0002:0001467c       $unwind$__isa_available_init 000000014004067c     MSVCRT:cpu_disp.obj
 0002:00014690       $xdatasym                  0000000140040690     MSVCRT:guard_dispatch.obj
 0002:00014698       $xdatasym                  0000000140040698     MSVCRT:guard_xfg_dispatch.obj
 0002:00014c70       .idata$6                   0000000140040c70     ole32:ole32.dll
 0002:00014c7a       .idata$6                   0000000140040c7a     ws2_32:WS2_32.dll
 0002:00014e46       .idata$6                   0000000140040e46     winmm:WINMM.dll
 0002:000151e0       .idata$6                   00000001400411e0     kernel32:KERNEL32.dll
 0002:00015276       .idata$6                   0000000140041276     vcruntime:VCRUNTIME140.dll
 0002:0001551e       .idata$6                   000000014004151e     ucrt:api-ms-win-crt-stdio-l1-1-0.dll
 0002:0001553e       .idata$6                   000000014004153e     ucrt:api-ms-win-crt-string-l1-1-0.dll
 0002:00015560       .idata$6                   0000000140041560     ucrt:api-ms-win-crt-math-l1-1-0.dll
 0002:00015580       .idata$6                   0000000140041580     ucrt:api-ms-win-crt-heap-l1-1-0.dll
 0002:000155a0       .idata$6                   00000001400415a0     ucrt:api-ms-win-crt-utility-l1-1-0.dll
 0002:000155c2       .idata$6                   00000001400415c2     ucrt:api-ms-win-crt-runtime-l1-1-0.dll
 0002:000155e4       .idata$6                   00000001400415e4     ucrt:api-ms-win-crt-locale-l1-1-0.dll
 0003:00000000       $SG25207                   0000000140042000     recfile.obj
 0003:000000a0       desc                       00000001400420a0     recfile.obj
 0003:000000a8       $SG25218                   00000001400420a8     recfile.obj
 0003:000000bc       $SG25259                   00000001400420bc     recfile.obj
 0003:000000c0       $SG25261                   00000001400420c0     recfile.obj
 0003:000000e8       $SG25264                   00000001400420e8     recfile.obj
 0003:00000108       $SG25267                   0000000140042108     recfile.obj
 0003:00000118       $SG25269                   0000000140042118     recfile.obj
 0003:00000148       $SG25271                   0000000140042148     recfile.obj
 0003:00000178       stream_op                  0000000140042178     pjmedia-audiodev-x86_64-x64-vc14-release:wmme_dev.obj
 0003:000001a8       factory_op                 00000001400421a8     pjmedia-audiodev-x86_64-x64-vc14-release:wmme_dev.obj
 0003:000001f0       cap_infos                  00000001400421f0     pjmedia-x86_64-x64-vc14-release:audiodev.obj
 0003:000002d0       echo_supp_op               00000001400422d0     pjmedia-x86_64-x64-vc14-release:echo_common.obj
 0003:00000310       speex_aec_op               0000000140042310     pjmedia-x86_64-x64-vc14-release:echo_common.obj
 0003:00000350       crypto_suites              0000000140042350     pjmedia-x86_64-x64-vc14-release:transport_srtp.obj
 0003:00000470       transport_srtp_op          0000000140042470     pjmedia-x86_64-x64-vc14-release:transport_srtp.obj
 0003:000004e0       ?liberr@?1??get_libsrtp_errstr@@9@9 00000001400424e0     pjmedia-x86_64-x64-vc14-release:transport_srtp.obj
 0003:000005b0       sdes_op                    00000001400425b0     pjmedia-x86_64-x64-vc14-release:transport_srtp.obj
 0003:00000618       thread_tls_id              0000000140042618     pjlib-x86_64-x64-vc14-release:os_core_win32.obj
 0003:00000620       pool_sizes                 0000000140042620     pjlib-x86_64-x64-vc14-release:pool_caching.obj
 0003:000006c0       pj_log_max_level           00000001400426c0     pjlib-x86_64-x64-vc14-release:log.obj
 0003:000006c4       thread_suspended_tls_id    00000001400426c4     pjlib-x86_64-x64-vc14-release:log.obj
 0003:000006c8       thread_indent_tls_id       00000001400426c8     pjlib-x86_64-x64-vc14-release:log.obj
 0003:000006cc       log_decor                  00000001400426cc     pjlib-x86_64-x64-vc14-release:log.obj
 0003:000006d0       log_writer                 00000001400426d0     pjlib-x86_64-x64-vc14-release:log.obj
 0003:000006d8       PJ_LOG_COLOR_0             00000001400426d8     pjlib-x86_64-x64-vc14-release:log.obj
 0003:000006dc       PJ_LOG_COLOR_1             00000001400426dc     pjlib-x86_64-x64-vc14-release:log.obj
 0003:000006e0       PJ_LOG_COLOR_2             00000001400426e0     pjlib-x86_64-x64-vc14-release:log.obj
 0003:000006e4       PJ_LOG_COLOR_3             00000001400426e4     pjlib-x86_64-x64-vc14-release:log.obj
 0003:000006e8       PJ_LOG_COLOR_4             00000001400426e8     pjlib-x86_64-x64-vc14-release:log.obj
 0003:000006ec       PJ_LOG_COLOR_5             00000001400426ec     pjlib-x86_64-x64-vc14-release:log.obj
 0003:000006f0       PJ_LOG_COLOR_6             00000001400426f0     pjlib-x86_64-x64-vc14-release:log.obj
 0003:000006f4       PJ_LOG_COLOR_77            00000001400426f4     pjlib-x86_64-x64-vc14-release:log.obj
 0003:000006f8       ?ltexts@?2??pj_log@@9@9    00000001400426f8     pjlib-x86_64-x64-vc14-release:log.obj
 0003:00000730       ?wdays@?3??pj_log@@9@9     0000000140042730     pjlib-x86_64-x64-vc14-release:log.obj
 0003:00000768       thread_local_id            0000000140042768     pjlib-x86_64-x64-vc14-release:except.obj
 0003:00000770       mutex_lock_template        0000000140042770     pjlib-x86_64-x64-vc14-release:lock.obj
 0003:00000798       null_lock_template         0000000140042798     pjlib-x86_64-x64-vc14-release:lock.obj
 0003:000007c0       sem_lock_template          00000001400427c0     pjlib-x86_64-x64-vc14-release:lock.obj
 0003:000007e8       ?hex@?1??hex2digit@@9@9    00000001400427e8     pjlib-x86_64-x64-vc14-release:guid_win32.obj
 0003:00000800       id                         0000000140042800     pjlib-x86_64-x64-vc14-release:config.obj
 0003:00000808       tls                        0000000140042808     pjlib-x86_64-x64-vc14-release:pool_buf.obj
 0003:00000810       ?ntryh@?1??drfti1@@9@9     0000000140042810     libspeex-x86_64-x64-vc14-release:smallft.obj
 0003:00000820       ?tpi@?1??drfti1@@9@9       0000000140042820     libspeex-x86_64-x64-vc14-release:smallft.obj
 0003:00000824       ?hsqt2@?1??dradf4@@9@9     0000000140042824     libspeex-x86_64-x64-vc14-release:smallft.obj
 0003:00000828       ?tpi@?1??dradfg@@9@9       0000000140042828     libspeex-x86_64-x64-vc14-release:smallft.obj
 0003:0000082c       ?taur@?1??dradb3@@9@9      000000014004282c     libspeex-x86_64-x64-vc14-release:smallft.obj
 0003:00000830       ?taui@?1??dradb3@@9@9      0000000140042830     libspeex-x86_64-x64-vc14-release:smallft.obj
 0003:00000834       ?sqrt2@?1??dradb4@@9@9     0000000140042834     libspeex-x86_64-x64-vc14-release:smallft.obj
 0003:00000838       ?tpi@?1??dradbg@@9@9       0000000140042838     libspeex-x86_64-x64-vc14-release:smallft.obj
 0003:00000850       srtp_event_handler         0000000140042850     libsrtp-x86_64-x64-vc14-release:srtp.obj
 0003:00000d40       $SG25256                   0000000140042d40     recfile.obj
 0003:00000d41       $SG25268                   0000000140042d41     recfile.obj
 0003:00000d48       ?name@?1??get_fmt_name@@9@9 0000000140042d48     pjmedia-audiodev-x86_64-x64-vc14-release:wmme_dev.obj
 0003:00000d50       ?rec_cnt@?1??wmme_dev_thread@@9@9 0000000140042d50     pjmedia-audiodev-x86_64-x64-vc14-release:wmme_dev.obj
 0003:00000d54       ?play_cnt@?1??wmme_dev_thread@@9@9 0000000140042d54     pjmedia-audiodev-x86_64-x64-vc14-release:wmme_dev.obj
 0003:00000d60       aud_subsys                 0000000140042d60     pjmedia-x86_64-x64-vc14-release:audiodev.obj
 0003:00001300       event_manager_instance     0000000140043300     pjmedia-x86_64-x64-vc14-release:event.obj
 0003:00001310       ?ev_queue@?9??pjmedia_event_publish@@9@9 0000000140043310     pjmedia-x86_64-x64-vc14-release:event.obj
 0003:00001aa0       is_initialized             0000000140043aa0     pjmedia-x86_64-x64-vc14-release:sdp.obj
 0003:00001ab0       cis_buf                    0000000140043ab0     pjmedia-x86_64-x64-vc14-release:sdp.obj
 0003:00001eb8       cs_digit                   0000000140043eb8     pjmedia-x86_64-x64-vc14-release:sdp.obj
 0003:00001ec8       cs_token                   0000000140043ec8     pjmedia-x86_64-x64-vc14-release:sdp.obj
 0003:00001ed8       ?msg@?3??get_libsrtp_errstr@@9@9 0000000140043ed8     pjmedia-x86_64-x64-vc14-release:transport_srtp.obj
 0003:00001ef8       libsrtp_initialized        0000000140043ef8     pjmedia-x86_64-x64-vc14-release:transport_srtp.obj
 0003:00001f00       initialized                0000000140043f00     pjlib-x86_64-x64-vc14-release:os_core_win32.obj
 0003:00001f04       atexit_count               0000000140043f04     pjlib-x86_64-x64-vc14-release:os_core_win32.obj
 0003:00001f10       main_thread                0000000140043f10     pjlib-x86_64-x64-vc14-release:os_core_win32.obj
 0003:00002010       critical_section_mutex     0000000140044010     pjlib-x86_64-x64-vc14-release:os_core_win32.obj
 0003:00002060       atexit_func                0000000140044060     pjlib-x86_64-x64-vc14-release:os_core_win32.obj
 0003:00002160       err_msg_hnd_cnt            0000000140044160     pjlib-x86_64-x64-vc14-release:errno.obj
 0003:00002170       err_msg_hnd                0000000140044170     pjlib-x86_64-x64-vc14-release:errno.obj
 0003:00002210       g_last_thread              0000000140044210     pjlib-x86_64-x64-vc14-release:log.obj
 0003:00002218       base_time                  0000000140044218     pjlib-x86_64-x64-vc14-release:os_time_win32.obj
 0003:00002220       ?buf@?1??pj_gethostname@@9@9 0000000140044220     pjlib-x86_64-x64-vc14-release:sock_bsd.obj
 0003:000022a0       ?hostname@?1??pj_gethostname@@9@9 00000001400442a0     pjlib-x86_64-x64-vc14-release:sock_bsd.obj
 0003:000022b0       exception_id_names         00000001400442b0     pjlib-x86_64-x64-vc14-release:except.obj
 0003:00002330       ?unknown_name@?1??pj_exception_id_name@@9@9 0000000140044330     pjlib-x86_64-x64-vc14-release:except.obj
 0003:00002350       stack_based_factory        0000000140044350     pjlib-x86_64-x64-vc14-release:pool_buf.obj
 0003:00002398       is_initialized             0000000140044398     pjlib-x86_64-x64-vc14-release:pool_buf.obj
 0003:000023a0       s_hDLL                     00000001400443a0     pjlib-x86_64-x64-vc14-release:ip_helper_win32.obj
 0003:000023a8       s_pfnGetIpAddrTable        00000001400443a8     pjlib-x86_64-x64-vc14-release:ip_helper_win32.obj
 0003:000023b0       s_pfnGetAdapterAddresses   00000001400443b0     pjlib-x86_64-x64-vc14-release:ip_helper_win32.obj
 0003:000023b8       s_pfnGetIpForwardTable     00000001400443b8     pjlib-x86_64-x64-vc14-release:ip_helper_win32.obj
 0003:000023c0       s_pfnGetIfEntry            00000001400443c0     pjlib-x86_64-x64-vc14-release:ip_helper_win32.obj
 0003:000023c8       srtp_log_handler           00000001400443c8     libsrtp-x86_64-x64-vc14-release:srtp.obj
 0003:000023d0       srtp_log_handler_data      00000001400443d0     libsrtp-x86_64-x64-vc14-release:srtp.obj
 0003:00002400       srtp_aes_icm_128_test_case_0_nonce 0000000140044400     libsrtp-x86_64-x64-vc14-release:aes_icm.obj
 0003:00002410       srtp_aes_icm_256_test_case_0_nonce 0000000140044410     libsrtp-x86_64-x64-vc14-release:aes_icm.obj
 0003:00002420       GS_ExceptionRecord         0000000140044420     MSVCRT:gs_report.obj
 0003:000024c0       GS_ContextRecord           00000001400444c0     MSVCRT:gs_report.obj
 0003:000029a0       ?is_initialized_as_dll@@3_NA 00000001400449a0     MSVCRT:utility.obj
 0003:000029a1       ?module_local_atexit_table_initialized@@3_NA 00000001400449a1     MSVCRT:utility.obj
 0003:000029a8       ?module_local_atexit_table@@3U_onexit_table_t@@A 00000001400449a8     MSVCRT:utility.obj
 0003:000029c0       ?module_local_at_quick_exit_table@@3U_onexit_table_t@@A 00000001400449c0     MSVCRT:utility.obj
