 simpleua

 Timestamp is 60aeb6dd (Wed May 26 23:00:13 2021)

 Preferred load address is 0000000140000000

 Start         Length     Name                   Class
 0001:00000000 0006af00H .text$mn                CODE
 0001:0006af00 00000036H .text$mn$00             CODE
 0001:0006af36 00000036H .text$x                 CODE
 0002:00000000 00000558H .idata$5                DATA
 0002:00000558 00000028H .00cfg                  DATA
 0002:00000580 00000008H .CRT$XCA                DATA
 0002:00000588 00000008H .CRT$XCAA               DATA
 0002:00000590 00000008H .CRT$XCZ                DATA
 0002:00000598 00000008H .CRT$XIA                DATA
 0002:000005a0 00000008H .CRT$XIAA               DATA
 0002:000005a8 00000008H .CRT$XIAC               DATA
 0002:000005b0 00000008H .CRT$XIZ                DATA
 0002:000005b8 00000008H .CRT$XPA                DATA
 0002:000005c0 00000008H .CRT$XPZ                DATA
 0002:000005c8 00000008H .CRT$XTA                DATA
 0002:000005d0 00000010H .CRT$XTZ                DATA
 0002:000005d8 00000000H .gehcont$y              DATA
 0002:000005d8 00000000H .gfids$y                DATA
 0002:000005e0 000188a0H .rdata                  DATA
 0002:00018e80 00000000H .rdata$CastGuardVftablesA DATA
 0002:00018e80 00000000H .rdata$CastGuardVftablesC DATA
 0002:00018e80 00000160H .rdata$voltmd           DATA
 0002:00018fe0 00000260H .rdata$zzzdbg           DATA
 0002:00019240 00000008H .rtc$IAA                DATA
 0002:00019248 00000008H .rtc$IZZ                DATA
 0002:00019250 00000008H .rtc$TAA                DATA
 0002:00019258 00000008H .rtc$TZZ                DATA
 0002:00019260 00007f04H .xdata                  DATA
 0002:00021164 00000000H .edata                  DATA
 0002:00021164 00000104H .idata$2                DATA
 0002:00021268 00000018H .idata$3                DATA
 0002:00021280 00000558H .idata$4                DATA
 0002:000217d8 00000a74H .idata$6                DATA
 0003:00000000 00002260H .data                   DATA
 0003:00002260 000084b8H .bss                    DATA
 0004:00000000 00006870H .pdata                  DATA

  Address         Publics by Value              Rva+Base               Lib:Object

 0000:00000000       __hybrid_code_map          0000000000000000     <absolute>
 0000:00000000       __hybrid_auxiliary_iat     0000000000000000     <absolute>
 0000:00000000       __arm64x_extra_rfe_table_size 0000000000000000     <absolute>
 0000:00000000       ___safe_se_handler_count   0000000000000000     <absolute>
 0000:00000000       __dynamic_value_reloc_table 0000000000000000     <absolute>
 0000:00000000       __arm64x_extra_rfe_table   0000000000000000     <absolute>
 0000:00000000       __guard_longjmp_count      0000000000000000     <absolute>
 0000:00000000       __guard_iat_count          0000000000000000     <absolute>
 0000:00000000       __AbsoluteZero             0000000000000000     <absolute>
 0000:00000000       __guard_fids_count         0000000000000000     <absolute>
 0000:00000000       ___safe_se_handler_table   0000000000000000     <absolute>
 0000:00000000       __guard_check_icall_a64n_fptr 0000000000000000     <absolute>
 0000:00000000       __guard_fids_table         0000000000000000     <absolute>
 0000:00000000       __hybrid_auxiliary_iat_copy 0000000000000000     <absolute>
 0000:00000000       __guard_eh_cont_count      0000000000000000     <absolute>
 0000:00000000       __x64_code_ranges_to_entry_points 0000000000000000     <absolute>
 0000:00000000       __guard_longjmp_table      0000000000000000     <absolute>
 0000:00000000       __guard_iat_table          0000000000000000     <absolute>
 0000:00000000       __x64_code_ranges_to_entry_points_count 0000000000000000     <absolute>
 0000:00000000       __arm64x_redirection_metadata 0000000000000000     <absolute>
 0000:00000000       __arm64x_redirection_metadata_count 0000000000000000     <absolute>
 0000:00000000       __enclave_config           0000000000000000     <absolute>
 0000:00000000       __guard_eh_cont_table      0000000000000000     <absolute>
 0000:00000000       __arm64x_native_entrypoint 0000000000000000     <absolute>
 0000:00000000       __hybrid_code_map_count    0000000000000000     <absolute>
 0000:00000100       __guard_flags              0000000000000100     <absolute>
 0000:00000000       __ImageBase                0000000140000000     <linker-defined>
 0001:000002b0       get_snd_options            00000001400012b0 f   simpleua.obj
 0001:00000630       dump_pool_usage            0000000140001630 f   simpleua.obj
 0001:00000ea0       main                       0000000140001ea0 f   simpleua.obj
 0001:00001580       __local_stdio_printf_options 0000000140002580 f i simpleua.obj
 0001:00001590       sprintf                    0000000140002590 f i simpleua.obj
 0001:000016f0       _get_startup_new_mode      00000001400026f0 f   MSVCRT:new_mode.obj
 0001:000016f0       srtp_ekt_stream_init_from_policy 00000001400026f0 f   libsrtp-x86_64-x64-vc14-release:ekt.obj
 0001:000016f0       _get_startup_thread_locale_mode 00000001400026f0 f   MSVCRT:thread_locale.obj
 0001:000016f0       _get_startup_commit_mode   00000001400026f0 f   MSVCRT:commit_mode.obj
 0001:000016f0       echo_supp_destroy          00000001400026f0 f   pjmedia-x86_64-x64-vc14-release:echo_suppress.obj
 0001:000016f0       pjmedia_wsola_destroy      00000001400026f0 f   pjmedia-x86_64-x64-vc14-release:wsola.obj
 0001:000016f0       __scrt_stub_for_initialize_mta 00000001400026f0 f   MSVCRT:utility_desktop.obj
 0001:000016f0       _matherr                   00000001400026f0 f   MSVCRT:matherr.obj
 0001:000016f0       __scrt_initialize_winrt    00000001400026f0 f   MSVCRT:utility_desktop.obj
 0001:000016f0       __scrt_exe_initialize_mta  00000001400026f0 f   MSVCRT:utility_desktop.obj
 0001:00003ab0       _snprintf                  0000000140004ab0 f i pjsip-ua-x86_64-x64-vc14-release:sip_inv.obj
 0001:00005880       pjsip_create_sdp_body      0000000140006880 f   pjsip-ua-x86_64-x64-vc14-release:sip_inv.obj
 0001:00005940       pjsip_inv_answer           0000000140006940 f   pjsip-ua-x86_64-x64-vc14-release:sip_inv.obj
 0001:00005aa0       pjsip_inv_create_uac       0000000140006aa0 f   pjsip-ua-x86_64-x64-vc14-release:sip_inv.obj
 0001:00005c90       pjsip_inv_create_uas       0000000140006c90 f   pjsip-ua-x86_64-x64-vc14-release:sip_inv.obj
 0001:00005f50       pjsip_inv_dec_ref          0000000140006f50 f   pjsip-ua-x86_64-x64-vc14-release:sip_inv.obj
 0001:00006040       pjsip_inv_end_session      0000000140007040 f   pjsip-ua-x86_64-x64-vc14-release:sip_inv.obj
 0001:00006360       pjsip_inv_initial_answer   0000000140007360 f   pjsip-ua-x86_64-x64-vc14-release:sip_inv.obj
 0001:000064f0       pjsip_inv_invite           00000001400074f0 f   pjsip-ua-x86_64-x64-vc14-release:sip_inv.obj
 0001:000067b0       pjsip_inv_process_redirect 00000001400077b0 f   pjsip-ua-x86_64-x64-vc14-release:sip_inv.obj
 0001:00006bf0       pjsip_inv_send_msg         0000000140007bf0 f   pjsip-ua-x86_64-x64-vc14-release:sip_inv.obj
 0001:00006e90       pjsip_inv_state_name       0000000140007e90 f   pjsip-ua-x86_64-x64-vc14-release:sip_inv.obj
 0001:00006eb0       pjsip_inv_uac_restart      0000000140007eb0 f   pjsip-ua-x86_64-x64-vc14-release:sip_inv.obj
 0001:00006f40       pjsip_inv_update           0000000140007f40 f   pjsip-ua-x86_64-x64-vc14-release:sip_inv.obj
 0001:000071d0       pjsip_inv_usage_init       00000001400081d0 f   pjsip-ua-x86_64-x64-vc14-release:sip_inv.obj
 0001:00007250       pjsip_inv_verify_request   0000000140008250 f   pjsip-ua-x86_64-x64-vc14-release:sip_inv.obj
 0001:00007290       pjsip_inv_verify_request3  0000000140008290 f   pjsip-ua-x86_64-x64-vc14-release:sip_inv.obj
 0001:00007c00       pjsip_rdata_get_sdp_info   0000000140008c00 f   pjsip-ua-x86_64-x64-vc14-release:sip_inv.obj
 0001:000082c0       pjsip_100rel_attach        00000001400092c0 f   pjsip-ua-x86_64-x64-vc14-release:sip_100rel.obj
 0001:00008340       pjsip_100rel_create_prack  0000000140009340 f   pjsip-ua-x86_64-x64-vc14-release:sip_100rel.obj
 0001:00008690       pjsip_100rel_end_session   0000000140009690 f   pjsip-ua-x86_64-x64-vc14-release:sip_100rel.obj
 0001:00008700       pjsip_100rel_init_module   0000000140009700 f   pjsip-ua-x86_64-x64-vc14-release:sip_100rel.obj
 0001:00008720       pjsip_100rel_is_reliable   0000000140009720 f   pjsip-ua-x86_64-x64-vc14-release:sip_100rel.obj
 0001:00008770       pjsip_100rel_on_rx_prack   0000000140009770 f   pjsip-ua-x86_64-x64-vc14-release:sip_100rel.obj
 0001:000089f0       pjsip_100rel_send_prack    00000001400099f0 f   pjsip-ua-x86_64-x64-vc14-release:sip_100rel.obj
 0001:00008a30       pjsip_100rel_tx_response   0000000140009a30 f   pjsip-ua-x86_64-x64-vc14-release:sip_100rel.obj
 0001:00009470       pjsip_timer_end_session    000000014000a470 f   pjsip-ua-x86_64-x64-vc14-release:sip_timer.obj
 0001:000094b0       pjsip_timer_handle_refresh_error 000000014000a4b0 f   pjsip-ua-x86_64-x64-vc14-release:sip_timer.obj
 0001:00009690       pjsip_timer_init_session   000000014000a690 f   pjsip-ua-x86_64-x64-vc14-release:sip_timer.obj
 0001:00009760       pjsip_timer_process_req    000000014000a760 f   pjsip-ua-x86_64-x64-vc14-release:sip_timer.obj
 0001:000099a0       pjsip_timer_process_resp   000000014000a9a0 f   pjsip-ua-x86_64-x64-vc14-release:sip_timer.obj
 0001:00009e00       pjsip_timer_update_req     000000014000ae00 f   pjsip-ua-x86_64-x64-vc14-release:sip_timer.obj
 0001:00009ee0       pjsip_timer_update_resp    000000014000aee0 f   pjsip-ua-x86_64-x64-vc14-release:sip_timer.obj
 0001:0000c6a0       pjsip_accept_hdr_create    000000014000d6a0 f   pjsip-core-x86_64-x64-vc14-release:sip_msg.obj
 0001:0000c6f0       pjsip_allow_hdr_create     000000014000d6f0 f   pjsip-core-x86_64-x64-vc14-release:sip_msg.obj
 0001:0000c740       pjsip_cid_hdr_create       000000014000d740 f   pjsip-core-x86_64-x64-vc14-release:sip_msg.obj
 0001:0000c7a0       pjsip_clen_hdr_create      000000014000d7a0 f   pjsip-core-x86_64-x64-vc14-release:sip_msg.obj
 0001:0000c800       pjsip_clone_text_data      000000014000d800 f   pjsip-core-x86_64-x64-vc14-release:sip_msg.obj
 0001:0000c860       pjsip_contact_hdr_create   000000014000d860 f   pjsip-core-x86_64-x64-vc14-release:sip_msg.obj
 0001:0000c900       pjsip_cseq_hdr_create      000000014000d900 f   pjsip-core-x86_64-x64-vc14-release:sip_msg.obj
 0001:0000c960       pjsip_ctype_hdr_create     000000014000d960 f   pjsip-core-x86_64-x64-vc14-release:sip_msg.obj
 0001:0000c9f0       pjsip_expires_hdr_create   000000014000d9f0 f   pjsip-core-x86_64-x64-vc14-release:sip_msg.obj
 0001:0000ca40       pjsip_from_hdr_create      000000014000da40 f   pjsip-core-x86_64-x64-vc14-release:sip_msg.obj
 0001:0000cad0       pjsip_fromto_hdr_set_from  000000014000dad0 f   pjsip-core-x86_64-x64-vc14-release:sip_msg.obj
 0001:0000cb10       pjsip_fromto_hdr_set_to    000000014000db10 f   pjsip-core-x86_64-x64-vc14-release:sip_msg.obj
 0001:0000cb50       pjsip_generic_array_hdr_init 000000014000db50 f   pjsip-core-x86_64-x64-vc14-release:sip_msg.obj
 0001:0000cbe0       pjsip_generic_string_hdr_create 000000014000dbe0 f   pjsip-core-x86_64-x64-vc14-release:sip_msg.obj
 0001:0000cca0       pjsip_get_ack_method       000000014000dca0 f   pjsip-core-x86_64-x64-vc14-release:sip_msg.obj
 0001:0000ccb0       pjsip_get_bye_method       000000014000dcb0 f   pjsip-core-x86_64-x64-vc14-release:sip_msg.obj
 0001:0000ccc0       pjsip_get_cancel_method    000000014000dcc0 f   pjsip-core-x86_64-x64-vc14-release:sip_msg.obj
 0001:0000ccd0       pjsip_get_invite_method    000000014000dcd0 f   pjsip-core-x86_64-x64-vc14-release:sip_msg.obj
 0001:0000cce0       pjsip_get_status_text      000000014000dce0 f   pjsip-core-x86_64-x64-vc14-release:sip_msg.obj
 0001:0000cd30       pjsip_hdr_clone            000000014000dd30 f   pjsip-core-x86_64-x64-vc14-release:sip_msg.obj
 0001:0000cd40       pjsip_hdr_print_on         000000014000dd40 f   pjsip-core-x86_64-x64-vc14-release:sip_msg.obj
 0001:0000cd60       pjsip_hdr_shallow_clone    000000014000dd60 f   pjsip-core-x86_64-x64-vc14-release:sip_msg.obj
 0001:0000cd70       pjsip_max_fwd_hdr_create   000000014000dd70 f   pjsip-core-x86_64-x64-vc14-release:sip_msg.obj
 0001:0000cdc0       pjsip_media_type_cmp       000000014000ddc0 f   pjsip-core-x86_64-x64-vc14-release:sip_msg.obj
 0001:0000ce40       pjsip_media_type_cp        000000014000de40 f   pjsip-core-x86_64-x64-vc14-release:sip_msg.obj
 0001:0000cea0       pjsip_media_type_init      000000014000dea0 f   pjsip-core-x86_64-x64-vc14-release:sip_msg.obj
 0001:0000cef0       pjsip_media_type_init2     000000014000def0 f   pjsip-core-x86_64-x64-vc14-release:sip_msg.obj
 0001:0000cf70       pjsip_media_type_print     000000014000df70 f   pjsip-core-x86_64-x64-vc14-release:sip_msg.obj
 0001:0000cf80       pjsip_method_cmp           000000014000df80 f   pjsip-core-x86_64-x64-vc14-release:sip_msg.obj
 0001:0000cfb0       pjsip_method_copy          000000014000dfb0 f   pjsip-core-x86_64-x64-vc14-release:sip_msg.obj
 0001:0000cfe0       pjsip_method_init_np       000000014000dfe0 f   pjsip-core-x86_64-x64-vc14-release:sip_msg.obj
 0001:0000d080       pjsip_min_expires_hdr_create 000000014000e080 f   pjsip-core-x86_64-x64-vc14-release:sip_msg.obj
 0001:0000d0d0       pjsip_msg_body_clone       000000014000e0d0 f   pjsip-core-x86_64-x64-vc14-release:sip_msg.obj
 0001:0000d1a0       pjsip_msg_create           000000014000e1a0 f   pjsip-core-x86_64-x64-vc14-release:sip_msg.obj
 0001:0000d1d0       pjsip_msg_find_hdr         000000014000e1d0 f   pjsip-core-x86_64-x64-vc14-release:sip_msg.obj
 0001:0000d200       pjsip_msg_find_hdr_by_name 000000014000e200 f   pjsip-core-x86_64-x64-vc14-release:sip_msg.obj
 0001:0000d270       pjsip_msg_find_hdr_by_names 000000014000e270 f   pjsip-core-x86_64-x64-vc14-release:sip_msg.obj
 0001:0000d300       pjsip_msg_print            000000014000e300 f   pjsip-core-x86_64-x64-vc14-release:sip_msg.obj
 0001:0000d670       pjsip_print_text_body      000000014000e670 f   pjsip-core-x86_64-x64-vc14-release:sip_msg.obj
 0001:0000d6b0       pjsip_require_hdr_create   000000014000e6b0 f   pjsip-core-x86_64-x64-vc14-release:sip_msg.obj
 0001:0000d700       pjsip_retry_after_hdr_create 000000014000e700 f   pjsip-core-x86_64-x64-vc14-release:sip_msg.obj
 0001:0000d770       pjsip_route_hdr_create     000000014000e770 f   pjsip-core-x86_64-x64-vc14-release:sip_msg.obj
 0001:0000d7e0       pjsip_routing_hdr_set_route 000000014000e7e0 f   pjsip-core-x86_64-x64-vc14-release:sip_msg.obj
 0001:0000d810       pjsip_rr_hdr_create        000000014000e810 f   pjsip-core-x86_64-x64-vc14-release:sip_msg.obj
 0001:0000d880       pjsip_supported_hdr_create 000000014000e880 f   pjsip-core-x86_64-x64-vc14-release:sip_msg.obj
 0001:0000d8e0       pjsip_to_hdr_create        000000014000e8e0 f   pjsip-core-x86_64-x64-vc14-release:sip_msg.obj
 0001:0000d970       pjsip_unsupported_hdr_create 000000014000e970 f   pjsip-core-x86_64-x64-vc14-release:sip_msg.obj
 0001:0000d9c0       pjsip_via_hdr_create       000000014000e9c0 f   pjsip-core-x86_64-x64-vc14-release:sip_msg.obj
 0001:0000da50       pjsip_warning_hdr_create   000000014000ea50 f   pjsip-core-x86_64-x64-vc14-release:sip_msg.obj
 0001:0000db60       pjsip_warning_hdr_create_from_status 000000014000eb60 f   pjsip-core-x86_64-x64-vc14-release:sip_msg.obj
 0001:0000e000       pjsip_rx_data_get_info     000000014000f000 f   pjsip-core-x86_64-x64-vc14-release:sip_transport.obj
 0001:0000e0b0       pjsip_tpmgr_acquire_transport2 000000014000f0b0 f   pjsip-core-x86_64-x64-vc14-release:sip_transport.obj
 0001:0000e440       pjsip_tpmgr_create         000000014000f440 f   pjsip-core-x86_64-x64-vc14-release:sip_transport.obj
 0001:0000e5f0       pjsip_tpmgr_destroy        000000014000f5f0 f   pjsip-core-x86_64-x64-vc14-release:sip_transport.obj
 0001:0000e740       pjsip_tpmgr_receive_packet 000000014000f740 f   pjsip-core-x86_64-x64-vc14-release:sip_transport.obj
 0001:0000ec10       pjsip_tpselector_add_ref   000000014000fc10 f   pjsip-core-x86_64-x64-vc14-release:sip_transport.obj
 0001:0000ec30       pjsip_tpselector_dec_ref   000000014000fc30 f   pjsip-core-x86_64-x64-vc14-release:sip_transport.obj
 0001:0000ec50       pjsip_transport_add_ref    000000014000fc50 f   pjsip-core-x86_64-x64-vc14-release:sip_transport.obj
 0001:0000ed70       pjsip_transport_add_state_listener 000000014000fd70 f   pjsip-core-x86_64-x64-vc14-release:sip_transport.obj
 0001:0000ee90       pjsip_transport_dec_ref    000000014000fe90 f   pjsip-core-x86_64-x64-vc14-release:sip_transport.obj
 0001:0000f030       pjsip_transport_destroy    0000000140010030 f   pjsip-core-x86_64-x64-vc14-release:sip_transport.obj
 0001:0000f0a0       pjsip_transport_get_default_port_for_type 00000001400100a0 f   pjsip-core-x86_64-x64-vc14-release:sip_transport.obj
 0001:0000f0e0       pjsip_transport_get_flag_from_type 00000001400100e0 f   pjsip-core-x86_64-x64-vc14-release:sip_transport.obj
 0001:0000f120       pjsip_transport_get_type_desc 0000000140010120 f   pjsip-core-x86_64-x64-vc14-release:sip_transport.obj
 0001:0000f160       pjsip_transport_get_type_from_flag 0000000140010160 f   pjsip-core-x86_64-x64-vc14-release:sip_transport.obj
 0001:0000f1a0       pjsip_transport_get_type_from_name 00000001400101a0 f   pjsip-core-x86_64-x64-vc14-release:sip_transport.obj
 0001:0000f220       pjsip_transport_get_type_name 0000000140010220 f   pjsip-core-x86_64-x64-vc14-release:sip_transport.obj
 0001:0000f260       pjsip_transport_register   0000000140010260 f   pjsip-core-x86_64-x64-vc14-release:sip_transport.obj
 0001:0000f3b0       pjsip_transport_remove_state_listener 00000001400103b0 f   pjsip-core-x86_64-x64-vc14-release:sip_transport.obj
 0001:0000f480       pjsip_transport_send       0000000140010480 f   pjsip-core-x86_64-x64-vc14-release:sip_transport.obj
 0001:0000f670       pjsip_tx_data_add_ref      0000000140010670 f   pjsip-core-x86_64-x64-vc14-release:sip_transport.obj
 0001:0000f680       pjsip_tx_data_clone        0000000140010680 f   pjsip-core-x86_64-x64-vc14-release:sip_transport.obj
 0001:0000f8e0       pjsip_tx_data_create       00000001400108e0 f   pjsip-core-x86_64-x64-vc14-release:sip_transport.obj
 0001:0000fa20       pjsip_tx_data_dec_ref      0000000140010a20 f   pjsip-core-x86_64-x64-vc14-release:sip_transport.obj
 0001:0000fa70       pjsip_tx_data_encode       0000000140010a70 f   pjsip-core-x86_64-x64-vc14-release:sip_transport.obj
 0001:0000fb70       pjsip_tx_data_get_info     0000000140010b70 f   pjsip-core-x86_64-x64-vc14-release:sip_transport.obj
 0001:0000fbe0       pjsip_tx_data_invalidate_msg 0000000140010be0 f   pjsip-core-x86_64-x64-vc14-release:sip_transport.obj
 0001:0000fc00       pjsip_tx_data_set_transport 0000000140010c00 f   pjsip-core-x86_64-x64-vc14-release:sip_transport.obj
 0001:00010280       pjsip_endpt_acquire_transport2 0000000140011280 f   pjsip-core-x86_64-x64-vc14-release:sip_endpoint.obj
 0001:00010290       pjsip_endpt_add_capability 0000000140011290 f   pjsip-core-x86_64-x64-vc14-release:sip_endpoint.obj
 0001:000103b0       pjsip_endpt_atexit         00000001400113b0 f   pjsip-core-x86_64-x64-vc14-release:sip_endpoint.obj
 0001:00010430       pjsip_endpt_cancel_timer   0000000140011430 f   pjsip-core-x86_64-x64-vc14-release:sip_endpoint.obj
 0001:00010460       pjsip_endpt_create         0000000140011460 f   pjsip-core-x86_64-x64-vc14-release:sip_endpoint.obj
 0001:00010760       pjsip_endpt_create_pool    0000000140011760 f   pjsip-core-x86_64-x64-vc14-release:sip_endpoint.obj
 0001:000107c0       pjsip_endpt_create_tdata   00000001400117c0 f   pjsip-core-x86_64-x64-vc14-release:sip_endpoint.obj
 0001:000107d0       pjsip_endpt_destroy        00000001400117d0 f   pjsip-core-x86_64-x64-vc14-release:sip_endpoint.obj
 0001:00010960       pjsip_endpt_get_capability 0000000140011960 f   pjsip-core-x86_64-x64-vc14-release:sip_endpoint.obj
 0001:00010990       pjsip_endpt_get_ioqueue    0000000140011990 f   pjsip-core-x86_64-x64-vc14-release:sip_endpoint.obj
 0001:000109a0       pjsip_endpt_get_request_headers 00000001400119a0 f   pjsip-core-x86_64-x64-vc14-release:sip_endpoint.obj
 0001:000109b0       pjsip_endpt_get_timer_heap 00000001400119b0 f   pjsip-core-x86_64-x64-vc14-release:sip_endpoint.obj
 0001:000109c0       pjsip_endpt_get_tpmgr      00000001400119c0 f   pjsip-core-x86_64-x64-vc14-release:sip_endpoint.obj
 0001:000109d0       pjsip_endpt_handle_events  00000001400119d0 f   pjsip-core-x86_64-x64-vc14-release:sip_endpoint.obj
 0001:00010ab0       pjsip_endpt_has_capability 0000000140011ab0 f   pjsip-core-x86_64-x64-vc14-release:sip_endpoint.obj
 0001:00010b60       pjsip_endpt_log_error      0000000140011b60 f   pjsip-core-x86_64-x64-vc14-release:sip_endpoint.obj
 0001:00010ca0       pjsip_endpt_name           0000000140011ca0 f   pjsip-core-x86_64-x64-vc14-release:sip_endpoint.obj
 0001:00010cb0       pjsip_endpt_register_module 0000000140011cb0 f   pjsip-core-x86_64-x64-vc14-release:sip_endpoint.obj
 0001:00010e00       pjsip_endpt_release_pool   0000000140011e00 f   pjsip-core-x86_64-x64-vc14-release:sip_endpoint.obj
 0001:00010e20       pjsip_endpt_resolve        0000000140011e20 f   pjsip-core-x86_64-x64-vc14-release:sip_endpoint.obj
 0001:00010e30       pjsip_endpt_schedule_timer_dbg 0000000140011e30 f   pjsip-core-x86_64-x64-vc14-release:sip_endpoint.obj
 0001:00010e80       pjsip_endpt_schedule_timer_w_grp_lock_dbg 0000000140011e80 f   pjsip-core-x86_64-x64-vc14-release:sip_endpoint.obj
 0001:00010ed0       pjsip_endpt_unregister_module 0000000140011ed0 f   pjsip-core-x86_64-x64-vc14-release:sip_endpoint.obj
 0001:000112c0       pjsip_endpt_create_ack     00000001400122c0 f   pjsip-core-x86_64-x64-vc14-release:sip_util.obj
 0001:00011530       pjsip_endpt_create_cancel  0000000140012530 f   pjsip-core-x86_64-x64-vc14-release:sip_util.obj
 0001:000118a0       pjsip_endpt_create_request_from_hdr 00000001400128a0 f   pjsip-core-x86_64-x64-vc14-release:sip_util.obj
 0001:00011b30       pjsip_endpt_create_response 0000000140012b30 f   pjsip-core-x86_64-x64-vc14-release:sip_util.obj
 0001:00011df0       pjsip_endpt_respond_stateless 0000000140012df0 f   pjsip-core-x86_64-x64-vc14-release:sip_util.obj
 0001:00011f70       pjsip_endpt_send_request_stateless 0000000140012f70 f   pjsip-core-x86_64-x64-vc14-release:sip_util.obj
 0001:00012090       pjsip_endpt_send_response  0000000140013090 f   pjsip-core-x86_64-x64-vc14-release:sip_util.obj
 0001:000121c0       pjsip_event_str            00000001400131c0 f   pjsip-core-x86_64-x64-vc14-release:sip_util.obj
 0001:000121d0       pjsip_get_dest_info        00000001400131d0 f   pjsip-core-x86_64-x64-vc14-release:sip_util.obj
 0001:000123b0       pjsip_get_request_dest     00000001400133b0 f   pjsip-core-x86_64-x64-vc14-release:sip_util.obj
 0001:00012430       pjsip_get_response_addr    0000000140013430 f   pjsip-core-x86_64-x64-vc14-release:sip_util.obj
 0001:00012590       pjsip_process_route_set    0000000140013590 f   pjsip-core-x86_64-x64-vc14-release:sip_util.obj
 0001:00012830       pjsip_restore_strict_route_set 0000000140013830 f   pjsip-core-x86_64-x64-vc14-release:sip_util.obj
 0001:000128f0       pjsip_target_assign_status 00000001400138f0 f   pjsip-core-x86_64-x64-vc14-release:sip_util.obj
 0001:00012930       pjsip_target_set_add_from_msg 0000000140013930 f   pjsip-core-x86_64-x64-vc14-release:sip_util.obj
 0001:00012aa0       pjsip_target_set_add_uri   0000000140013aa0 f   pjsip-core-x86_64-x64-vc14-release:sip_util.obj
 0001:00012bb0       pjsip_target_set_get_next  0000000140013bb0 f   pjsip-core-x86_64-x64-vc14-release:sip_util.obj
 0001:00012c00       pjsip_target_set_set_current 0000000140013c00 f   pjsip-core-x86_64-x64-vc14-release:sip_util.obj
 0001:00013690       pjsip_udp_transport_restart2 0000000140014690 f   pjsip-core-x86_64-x64-vc14-release:sip_transport_udp.obj
 0001:000138d0       pjsip_udp_transport_start  00000001400148d0 f   pjsip-core-x86_64-x64-vc14-release:sip_transport_udp.obj
 0001:000139a0       pjsip_udp_transport_start2 00000001400149a0 f   pjsip-core-x86_64-x64-vc14-release:sip_transport_udp.obj
 0001:00016c60       pjsip_rdata_get_tsx        0000000140017c60 f   pjsip-core-x86_64-x64-vc14-release:sip_transaction.obj
 0001:00016c70       pjsip_tsx_create_key       0000000140017c70 f   pjsip-core-x86_64-x64-vc14-release:sip_transaction.obj
 0001:00016db0       pjsip_tsx_create_uac       0000000140017db0 f   pjsip-core-x86_64-x64-vc14-release:sip_transaction.obj
 0001:00016dc0       pjsip_tsx_create_uac2      0000000140017dc0 f   pjsip-core-x86_64-x64-vc14-release:sip_transaction.obj
 0001:000170f0       pjsip_tsx_create_uas       00000001400180f0 f   pjsip-core-x86_64-x64-vc14-release:sip_transaction.obj
 0001:00017100       pjsip_tsx_create_uas2      0000000140018100 f   pjsip-core-x86_64-x64-vc14-release:sip_transaction.obj
 0001:00017390       pjsip_tsx_layer_find_tsx2  0000000140018390 f   pjsip-core-x86_64-x64-vc14-release:sip_transaction.obj
 0001:00017420       pjsip_tsx_layer_init_module 0000000140018420 f   pjsip-core-x86_64-x64-vc14-release:sip_transaction.obj
 0001:000175f0       pjsip_tsx_recv_msg         00000001400185f0 f   pjsip-core-x86_64-x64-vc14-release:sip_transaction.obj
 0001:000176a0       pjsip_tsx_retransmit_no_state 00000001400186a0 f   pjsip-core-x86_64-x64-vc14-release:sip_transaction.obj
 0001:00017710       pjsip_tsx_send_msg         0000000140018710 f   pjsip-core-x86_64-x64-vc14-release:sip_transaction.obj
 0001:00017800       pjsip_tsx_set_timeout      0000000140018800 f   pjsip-core-x86_64-x64-vc14-release:sip_transaction.obj
 0001:00017910       pjsip_tsx_set_transport    0000000140018910 f   pjsip-core-x86_64-x64-vc14-release:sip_transaction.obj
 0001:00017990       pjsip_tsx_state_str        0000000140018990 f   pjsip-core-x86_64-x64-vc14-release:sip_transaction.obj
 0001:000179a0       pjsip_tsx_terminate        00000001400189a0 f   pjsip-core-x86_64-x64-vc14-release:sip_transaction.obj
 0001:00019560       pjsip_rdata_get_dlg        000000014001a560 f   pjsip-core-x86_64-x64-vc14-release:sip_ua_layer.obj
 0001:00019570       pjsip_tsx_get_dlg          000000014001a570 f   pjsip-core-x86_64-x64-vc14-release:sip_ua_layer.obj
 0001:00019580       pjsip_ua_get_endpt         000000014001a580 f   pjsip-core-x86_64-x64-vc14-release:sip_ua_layer.obj
 0001:00019590       pjsip_ua_init_module       000000014001a590 f   pjsip-core-x86_64-x64-vc14-release:sip_ua_layer.obj
 0001:000195c0       pjsip_ua_instance          000000014001a5c0 f   pjsip-core-x86_64-x64-vc14-release:sip_ua_layer.obj
 0001:000195d0       pjsip_ua_register_dlg      000000014001a5d0 f   pjsip-core-x86_64-x64-vc14-release:sip_ua_layer.obj
 0001:00019700       pjsip_ua_unregister_dlg    000000014001a700 f   pjsip-core-x86_64-x64-vc14-release:sip_ua_layer.obj
 0001:00019990       create_uas_dialog          000000014001a990 f   pjsip-core-x86_64-x64-vc14-release:sip_dialog.obj
 0001:0001a330       pjsip_dlg_add_usage        000000014001b330 f   pjsip-core-x86_64-x64-vc14-release:sip_dialog.obj
 0001:0001a4d0       pjsip_dlg_create_request   000000014001b4d0 f   pjsip-core-x86_64-x64-vc14-release:sip_dialog.obj
 0001:0001a750       pjsip_dlg_create_response  000000014001b750 f   pjsip-core-x86_64-x64-vc14-release:sip_dialog.obj
 0001:0001a860       pjsip_dlg_create_uac       000000014001b860 f   pjsip-core-x86_64-x64-vc14-release:sip_dialog.obj
 0001:0001a8f0       pjsip_dlg_create_uac2      000000014001b8f0 f   pjsip-core-x86_64-x64-vc14-release:sip_dialog.obj
 0001:0001ada0       pjsip_dlg_create_uas_and_inc_lock 000000014001bda0 f   pjsip-core-x86_64-x64-vc14-release:sip_dialog.obj
 0001:0001adc0       pjsip_dlg_dec_lock         000000014001bdc0 f   pjsip-core-x86_64-x64-vc14-release:sip_dialog.obj
 0001:0001ae30       pjsip_dlg_dec_session      000000014001be30 f   pjsip-core-x86_64-x64-vc14-release:sip_dialog.obj
 0001:0001af10       pjsip_dlg_get_remote_cap_hdr 000000014001bf10 f   pjsip-core-x86_64-x64-vc14-release:sip_dialog.obj
 0001:0001b030       pjsip_dlg_inc_lock         000000014001c030 f   pjsip-core-x86_64-x64-vc14-release:sip_dialog.obj
 0001:0001b060       pjsip_dlg_inc_session      000000014001c060 f   pjsip-core-x86_64-x64-vc14-release:sip_dialog.obj
 0001:0001b140       pjsip_dlg_modify_response  000000014001c140 f   pjsip-core-x86_64-x64-vc14-release:sip_dialog.obj
 0001:0001b260       pjsip_dlg_on_rx_request    000000014001c260 f   pjsip-core-x86_64-x64-vc14-release:sip_dialog.obj
 0001:0001b7f0       pjsip_dlg_on_rx_response   000000014001c7f0 f   pjsip-core-x86_64-x64-vc14-release:sip_dialog.obj
 0001:0001bc10       pjsip_dlg_on_tsx_state     000000014001cc10 f   pjsip-core-x86_64-x64-vc14-release:sip_dialog.obj
 0001:0001bd90       pjsip_dlg_remote_has_cap   000000014001cd90 f   pjsip-core-x86_64-x64-vc14-release:sip_dialog.obj
 0001:0001beb0       pjsip_dlg_send_request     000000014001ceb0 f   pjsip-core-x86_64-x64-vc14-release:sip_dialog.obj
 0001:0001c0d0       pjsip_dlg_send_response    000000014001d0d0 f   pjsip-core-x86_64-x64-vc14-release:sip_dialog.obj
 0001:0001c220       pjsip_dlg_set_remote_cap_hdr 000000014001d220 f   pjsip-core-x86_64-x64-vc14-release:sip_dialog.obj
 0001:0001c3a0       pjsip_dlg_try_inc_lock     000000014001d3a0 f   pjsip-core-x86_64-x64-vc14-release:sip_dialog.obj
 0001:0001c3f0       pjsip_dlg_update_remote_cap 000000014001d3f0 f   pjsip-core-x86_64-x64-vc14-release:sip_dialog.obj
 0001:0001c690       pjsip_method_creates_dialog 000000014001d690 f   pjsip-core-x86_64-x64-vc14-release:sip_dialog.obj
 0001:0001cd20       pjsip_auth_clt_deinit      000000014001dd20 f   pjsip-core-x86_64-x64-vc14-release:sip_auth_client.obj
 0001:0001cd90       pjsip_auth_clt_init        000000014001dd90 f   pjsip-core-x86_64-x64-vc14-release:sip_auth_client.obj
 0001:0001cdd0       pjsip_auth_clt_init_req    000000014001ddd0 f   pjsip-core-x86_64-x64-vc14-release:sip_auth_client.obj
 0001:0001d070       pjsip_auth_clt_reinit_req  000000014001e070 f   pjsip-core-x86_64-x64-vc14-release:sip_auth_client.obj
 0001:0001d3e0       pjsip_auth_create_digest   000000014001e3e0 f   pjsip-core-x86_64-x64-vc14-release:sip_auth_client.obj
 0001:0001dcb0       deinit_sip_parser          000000014001ecb0 f   pjsip-core-x86_64-x64-vc14-release:sip_parser.obj
 0001:0001e6f0       init_sip_parser            000000014001f6f0 f   pjsip-core-x86_64-x64-vc14-release:sip_parser.obj
 0001:00021220       pjsip_find_msg             0000000140022220 f   pjsip-core-x86_64-x64-vc14-release:sip_parser.obj
 0001:000215a0       pjsip_parse_end_hdr_imp    00000001400225a0 f   pjsip-core-x86_64-x64-vc14-release:sip_parser.obj
 0001:000215c0       pjsip_parse_hdr            00000001400225c0 f   pjsip-core-x86_64-x64-vc14-release:sip_parser.obj
 0001:000216e0       pjsip_parse_headers        00000001400226e0 f   pjsip-core-x86_64-x64-vc14-release:sip_parser.obj
 0001:00021950       pjsip_parse_param_imp      0000000140022950 f   pjsip-core-x86_64-x64-vc14-release:sip_parser.obj
 0001:00021a40       pjsip_parse_rdata          0000000140022a40 f   pjsip-core-x86_64-x64-vc14-release:sip_parser.obj
 0001:00021ac0       pjsip_parse_uri            0000000140022ac0 f   pjsip-core-x86_64-x64-vc14-release:sip_parser.obj
 0001:00021ba0       pjsip_parser_const         0000000140022ba0 f   pjsip-core-x86_64-x64-vc14-release:sip_parser.obj
 0001:00021bb0       pjsip_register_hdr_parser  0000000140022bb0 f   pjsip-core-x86_64-x64-vc14-release:sip_parser.obj
 0001:00021c90       pjsip_register_uri_parser  0000000140022c90 f   pjsip-core-x86_64-x64-vc14-release:sip_parser.obj
 0001:00022320       pjsip_multipart_find_part  0000000140023320 f   pjsip-core-x86_64-x64-vc14-release:sip_multipart.obj
 0001:000223c0       pjsip_multipart_parse      00000001400233c0 f   pjsip-core-x86_64-x64-vc14-release:sip_multipart.obj
 0001:00023510       pjsip_name_addr_assign     0000000140024510 f   pjsip-core-x86_64-x64-vc14-release:sip_uri.obj
 0001:00023560       pjsip_name_addr_create     0000000140024560 f   pjsip-core-x86_64-x64-vc14-release:sip_uri.obj
 0001:00023590       pjsip_name_addr_init       0000000140024590 f   pjsip-core-x86_64-x64-vc14-release:sip_uri.obj
 0001:000235b0       pjsip_other_uri_create     00000001400245b0 f   pjsip-core-x86_64-x64-vc14-release:sip_uri.obj
 0001:000235e0       pjsip_param_clone          00000001400245e0 f   pjsip-core-x86_64-x64-vc14-release:sip_uri.obj
 0001:00023680       pjsip_param_cmp            0000000140024680 f   pjsip-core-x86_64-x64-vc14-release:sip_uri.obj
 0001:00023740       pjsip_param_find           0000000140024740 f   pjsip-core-x86_64-x64-vc14-release:sip_uri.obj
 0001:000237a0       pjsip_param_print_on       00000001400247a0 f   pjsip-core-x86_64-x64-vc14-release:sip_uri.obj
 0001:000238e0       pjsip_param_shallow_clone  00000001400248e0 f   pjsip-core-x86_64-x64-vc14-release:sip_uri.obj
 0001:00023960       pjsip_sip_uri_create       0000000140024960 f   pjsip-core-x86_64-x64-vc14-release:sip_uri.obj
 0001:00023d10       pjsip_resolve              0000000140024d10 f   pjsip-core-x86_64-x64-vc14-release:sip_resolve.obj
 0001:000243c0       pjsip_resolver_create      00000001400253c0 f   pjsip-core-x86_64-x64-vc14-release:sip_resolve.obj
 0001:00024400       pjsip_resolver_destroy     0000000140025400 f   pjsip-core-x86_64-x64-vc14-release:sip_resolve.obj
 0001:00024620       pjsip_strerror             0000000140025620 f   pjsip-core-x86_64-x64-vc14-release:sip_errno.obj
 0001:00024ba0       pjsip_tel_nb_cmp           0000000140025ba0 f   pjsip-core-x86_64-x64-vc14-release:sip_tel_uri.obj
 0001:00024ca0       pjsip_tel_uri_subsys_init  0000000140025ca0 f   pjsip-core-x86_64-x64-vc14-release:sip_tel_uri.obj
 0001:000258f0       pjsip_authorization_hdr_create 00000001400268f0 f   pjsip-core-x86_64-x64-vc14-release:sip_auth_msg.obj
 0001:00025970       pjsip_proxy_authenticate_hdr_create 0000000140026970 f   pjsip-core-x86_64-x64-vc14-release:sip_auth_msg.obj
 0001:000259f0       pjsip_proxy_authorization_hdr_create 00000001400269f0 f   pjsip-core-x86_64-x64-vc14-release:sip_auth_msg.obj
 0001:00025a70       pjsip_www_authenticate_hdr_create 0000000140026a70 f   pjsip-core-x86_64-x64-vc14-release:sip_auth_msg.obj
 0001:00026cd0       pjsip_auth_init_parser     0000000140027cd0 f   pjsip-core-x86_64-x64-vc14-release:sip_auth_parser.obj
 0001:00026d40       pjmedia_aud_subsys_init    0000000140027d40 f   pjmedia-audiodev-x86_64-x64-vc14-release:audiodev.obj
 0001:00026df0       pjmedia_aud_subsys_shutdown 0000000140027df0 f   pjmedia-audiodev-x86_64-x64-vc14-release:audiodev.obj
 0001:00026e40       pjmedia_audiodev_strerror  0000000140027e40 f   pjmedia-audiodev-x86_64-x64-vc14-release:errno.obj
 0001:00028710       pjmedia_wmme_factory       0000000140029710 f   pjmedia-audiodev-x86_64-x64-vc14-release:wmme_dev.obj
 0001:00029020       pjmedia_event_init         000000014002a020 f   pjmedia-x86_64-x64-vc14-release:event.obj
 0001:00029060       pjmedia_event_mgr_create   000000014002a060 f   pjmedia-x86_64-x64-vc14-release:event.obj
 0001:00029190       pjmedia_event_mgr_destroy  000000014002a190 f   pjmedia-x86_64-x64-vc14-release:event.obj
 0001:00029230       pjmedia_event_publish      000000014002a230 f   pjmedia-x86_64-x64-vc14-release:event.obj
 0001:00029410       pjmedia_event_subscribe    000000014002a410 f   pjmedia-x86_64-x64-vc14-release:event.obj
 0001:00029520       pjmedia_event_unsubscribe  000000014002a520 f   pjmedia-x86_64-x64-vc14-release:event.obj
 0001:00029630       pjmedia_endpt_create2      000000014002a630 f   pjmedia-x86_64-x64-vc14-release:endpoint.obj
 0001:00029850       pjmedia_endpt_create_audio_sdp 000000014002a850 f   pjmedia-x86_64-x64-vc14-release:endpoint.obj
 0001:0002a080       pjmedia_endpt_create_pool  000000014002b080 f   pjmedia-x86_64-x64-vc14-release:endpoint.obj
 0001:0002a0a0       pjmedia_endpt_create_sdp   000000014002b0a0 f   pjmedia-x86_64-x64-vc14-release:endpoint.obj
 0001:0002a250       pjmedia_endpt_destroy2     000000014002b250 f   pjmedia-x86_64-x64-vc14-release:endpoint.obj
 0001:0002a340       pj_pool_getobjname         000000014002b340 f   pjlib-x86_64-x64-vc14-release:pool.obj
 0001:0002a340       pjmedia_endpt_get_codec_mgr 000000014002b340 f   pjmedia-x86_64-x64-vc14-release:endpoint.obj
 0001:0002a350       pjmedia_endpt_get_ioqueue  000000014002b350 f   pjmedia-x86_64-x64-vc14-release:endpoint.obj
 0001:0002a3c0       pjmedia_codec_g711_deinit  000000014002b3c0 f   pjmedia-x86_64-x64-vc14-release:g711.obj
 0001:0002aba0       pjmedia_codec_g711_init    000000014002bba0 f   pjmedia-x86_64-x64-vc14-release:g711.obj
 0001:0002baf0       pjmedia_sdp_neg_cancel_offer 000000014002caf0 f   pjmedia-x86_64-x64-vc14-release:sdp_neg.obj
 0001:0002bb50       pjmedia_sdp_neg_create_w_local_offer 000000014002cb50 f   pjmedia-x86_64-x64-vc14-release:sdp_neg.obj
 0001:0002bc10       pjmedia_sdp_neg_create_w_remote_offer 000000014002cc10 f   pjmedia-x86_64-x64-vc14-release:sdp_neg.obj
 0001:0002bd10       pjmedia_sdp_neg_fmt_match  000000014002cd10 f   pjmedia-x86_64-x64-vc14-release:sdp_neg.obj
 0001:0002beb0       pjmedia_sdp_neg_get_active_local 000000014002ceb0 f   pjmedia-x86_64-x64-vc14-release:sdp_neg.obj
 0001:0002bee0       pjmedia_sdp_neg_get_active_remote 000000014002cee0 f   pjmedia-x86_64-x64-vc14-release:sdp_neg.obj
 0001:0002bf10       pjmedia_sdp_neg_get_neg_local 000000014002cf10 f   pjmedia-x86_64-x64-vc14-release:sdp_neg.obj
 0001:0002bf40       pjmedia_sdp_neg_get_state  000000014002cf40 f   pjmedia-x86_64-x64-vc14-release:sdp_neg.obj
 0001:0002bf50       pjmedia_sdp_neg_has_local_answer 000000014002cf50 f   pjmedia-x86_64-x64-vc14-release:sdp_neg.obj
 0001:0002bf60       pjmedia_sdp_neg_modify_local_offer2 000000014002cf60 f   pjmedia-x86_64-x64-vc14-release:sdp_neg.obj
 0001:0002c1b0       pjmedia_sdp_neg_negotiate  000000014002d1b0 f   pjmedia-x86_64-x64-vc14-release:sdp_neg.obj
 0001:0002c430       pjmedia_sdp_neg_send_local_offer 000000014002d430 f   pjmedia-x86_64-x64-vc14-release:sdp_neg.obj
 0001:0002c520       pjmedia_sdp_neg_set_local_answer 000000014002d520 f   pjmedia-x86_64-x64-vc14-release:sdp_neg.obj
 0001:0002c5f0       pjmedia_sdp_neg_set_remote_answer 000000014002d5f0 f   pjmedia-x86_64-x64-vc14-release:sdp_neg.obj
 0001:0002c650       pjmedia_sdp_neg_set_remote_offer 000000014002d650 f   pjmedia-x86_64-x64-vc14-release:sdp_neg.obj
 0001:0002c6a0       pjmedia_sdp_neg_state_str  000000014002d6a0 f   pjmedia-x86_64-x64-vc14-release:sdp_neg.obj
 0001:0002ce60       pjmedia_snd_port_connect   000000014002de60 f   pjmedia-x86_64-x64-vc14-release:sound_port.obj
 0001:0002cf40       pjmedia_snd_port_create    000000014002df40 f   pjmedia-x86_64-x64-vc14-release:sound_port.obj
 0001:0002d050       pjmedia_snd_port_create2   000000014002e050 f   pjmedia-x86_64-x64-vc14-release:sound_port.obj
 0001:0002d230       pjmedia_snd_port_destroy   000000014002e230 f   pjmedia-x86_64-x64-vc14-release:sound_port.obj
 0001:0002d2a0       pjmedia_snd_port_set_ec    000000014002e2a0 f   pjmedia-x86_64-x64-vc14-release:sound_port.obj
 0001:0002e110       pjmedia_stream_info_from_sdp 000000014002f110 f   pjmedia-x86_64-x64-vc14-release:stream_info.obj
 0001:0002fea0       pjmedia_stream_create      0000000140030ea0 f   pjmedia-x86_64-x64-vc14-release:stream.obj
 0001:00030a90       pjmedia_stream_destroy     0000000140031a90 f   pjmedia-x86_64-x64-vc14-release:stream.obj
 0001:00030d30       pjmedia_stream_get_port    0000000140031d30 f   pjmedia-x86_64-x64-vc14-release:stream.obj
 0001:00030d40       pjmedia_stream_start       0000000140031d40 f   pjmedia-x86_64-x64-vc14-release:stream.obj
 0001:00032910       pjmedia_transport_udp_attach 0000000140033910 f   pjmedia-x86_64-x64-vc14-release:transport_udp.obj
 0001:00032cf0       pjmedia_transport_udp_create3 0000000140033cf0 f   pjmedia-x86_64-x64-vc14-release:transport_udp.obj
 0001:00033690       pjmedia_sdp_attr_add       0000000140034690 f   pjmedia-x86_64-x64-vc14-release:sdp.obj
 0001:000336c0       pjmedia_sdp_attr_create    00000001400346c0 f   pjmedia-x86_64-x64-vc14-release:sdp.obj
 0001:00033770       pjmedia_sdp_attr_create_rtcp 0000000140034770 f   pjmedia-x86_64-x64-vc14-release:sdp.obj
 0001:00033880       pjmedia_sdp_attr_find      0000000140034880 f   pjmedia-x86_64-x64-vc14-release:sdp.obj
 0001:00033930       pjmedia_sdp_attr_find2     0000000140034930 f   pjmedia-x86_64-x64-vc14-release:sdp.obj
 0001:00033a00       pjmedia_sdp_attr_get_fmtp  0000000140034a00 f   pjmedia-x86_64-x64-vc14-release:sdp.obj
 0001:00033ac0       pjmedia_sdp_attr_get_rtcp  0000000140034ac0 f   pjmedia-x86_64-x64-vc14-release:sdp.obj
 0001:00033c20       pjmedia_sdp_attr_get_rtpmap 0000000140034c20 f   pjmedia-x86_64-x64-vc14-release:sdp.obj
 0001:00033e00       pjmedia_sdp_attr_get_ssrc  0000000140034e00 f   pjmedia-x86_64-x64-vc14-release:sdp.obj
 0001:00033f90       pjmedia_sdp_attr_remove_all 0000000140034f90 f   pjmedia-x86_64-x64-vc14-release:sdp.obj
 0001:00034080       pjmedia_sdp_attr_to_rtpmap 0000000140035080 f   pjmedia-x86_64-x64-vc14-release:sdp.obj
 0001:000340f0       pjmedia_sdp_conn_clone     00000001400350f0 f   pjmedia-x86_64-x64-vc14-release:sdp.obj
 0001:00034180       pjmedia_sdp_media_add_attr 0000000140035180 f   pjmedia-x86_64-x64-vc14-release:sdp.obj
 0001:000341c0       pjmedia_sdp_media_clone    00000001400351c0 f   pjmedia-x86_64-x64-vc14-release:sdp.obj
 0001:000343b0       pjmedia_sdp_media_clone_deactivate 00000001400353b0 f   pjmedia-x86_64-x64-vc14-release:sdp.obj
 0001:00034570       pjmedia_sdp_media_deactivate 0000000140035570 f   pjmedia-x86_64-x64-vc14-release:sdp.obj
 0001:00034590       pjmedia_sdp_media_find_attr 0000000140035590 f   pjmedia-x86_64-x64-vc14-release:sdp.obj
 0001:00034680       pjmedia_sdp_media_find_attr2 0000000140035680 f   pjmedia-x86_64-x64-vc14-release:sdp.obj
 0001:00034780       pjmedia_sdp_media_remove_all_attr 0000000140035780 f   pjmedia-x86_64-x64-vc14-release:sdp.obj
 0001:00034880       pjmedia_sdp_media_remove_attr 0000000140035880 f   pjmedia-x86_64-x64-vc14-release:sdp.obj
 0001:00034930       pjmedia_sdp_parse          0000000140035930 f   pjmedia-x86_64-x64-vc14-release:sdp.obj
 0001:00035280       pjmedia_sdp_print          0000000140036280 f   pjmedia-x86_64-x64-vc14-release:sdp.obj
 0001:00035290       pjmedia_sdp_rtpmap_to_attr 0000000140036290 f   pjmedia-x86_64-x64-vc14-release:sdp.obj
 0001:00035400       pjmedia_sdp_session_clone  0000000140036400 f   pjmedia-x86_64-x64-vc14-release:sdp.obj
 0001:00035640       pjmedia_sdp_transport_cmp  0000000140036640 f   pjmedia-x86_64-x64-vc14-release:sdp.obj
 0001:000356a0       pjmedia_sdp_transport_get_proto 00000001400366a0 f   pjmedia-x86_64-x64-vc14-release:sdp.obj
 0001:00035800       pjmedia_sdp_validate       0000000140036800 f   pjmedia-x86_64-x64-vc14-release:sdp.obj
 0001:00035810       pjmedia_sdp_validate2      0000000140036810 f   pjmedia-x86_64-x64-vc14-release:sdp.obj
 0001:00036390       pjmedia_aud_dev_default_param 0000000140037390 f   pjmedia-x86_64-x64-vc14-release:audiodev.obj
 0001:00036420       pjmedia_aud_dev_get_info   0000000140037420 f   pjmedia-x86_64-x64-vc14-release:audiodev.obj
 0001:00036480       pjmedia_aud_driver_deinit  0000000140037480 f   pjmedia-x86_64-x64-vc14-release:audiodev.obj
 0001:000364f0       pjmedia_aud_driver_init    00000001400374f0 f   pjmedia-x86_64-x64-vc14-release:audiodev.obj
 0001:00036770       pjmedia_aud_stream_create  0000000140037770 f   pjmedia-x86_64-x64-vc14-release:audiodev.obj
 0001:00036930       pjmedia_aud_stream_destroy 0000000140037930 f   pjmedia-x86_64-x64-vc14-release:audiodev.obj
 0001:00036940       pjmedia_aud_stream_get_cap 0000000140037940 f   pjmedia-x86_64-x64-vc14-release:audiodev.obj
 0001:00036950       pjmedia_aud_stream_get_param 0000000140037950 f   pjmedia-x86_64-x64-vc14-release:audiodev.obj
 0001:00036a10       pjmedia_aud_stream_set_cap 0000000140037a10 f   pjmedia-x86_64-x64-vc14-release:audiodev.obj
 0001:00036a20       pjmedia_aud_stream_start   0000000140037a20 f   pjmedia-x86_64-x64-vc14-release:audiodev.obj
 0001:00036a30       pjmedia_aud_stream_stop    0000000140037a30 f   pjmedia-x86_64-x64-vc14-release:audiodev.obj
 0001:00036a40       pjmedia_get_aud_subsys     0000000140037a40 f   pjmedia-x86_64-x64-vc14-release:audiodev.obj
 0001:00036a50       pjmedia_codec_info_to_id   0000000140037a50 f   pjmedia-x86_64-x64-vc14-release:codec.obj
 0001:00036ad0       pjmedia_codec_mgr_alloc_codec 0000000140037ad0 f   pjmedia-x86_64-x64-vc14-release:codec.obj
 0001:00036bb0       pjmedia_codec_mgr_dealloc_codec 0000000140037bb0 f   pjmedia-x86_64-x64-vc14-release:codec.obj
 0001:00036bd0       pjmedia_codec_mgr_destroy  0000000140037bd0 f   pjmedia-x86_64-x64-vc14-release:codec.obj
 0001:00036c80       pjmedia_codec_mgr_find_codecs_by_id 0000000140037c80 f   pjmedia-x86_64-x64-vc14-release:codec.obj
 0001:00036d90       pjmedia_codec_mgr_get_codec_info 0000000140037d90 f   pjmedia-x86_64-x64-vc14-release:codec.obj
 0001:00036e40       pjmedia_codec_mgr_get_default_param 0000000140037e40 f   pjmedia-x86_64-x64-vc14-release:codec.obj
 0001:00037030       pjmedia_codec_mgr_init     0000000140038030 f   pjmedia-x86_64-x64-vc14-release:codec.obj
 0001:000370c0       pjmedia_codec_mgr_register_factory 00000001400380c0 f   pjmedia-x86_64-x64-vc14-release:codec.obj
 0001:00037280       pjmedia_codec_mgr_unregister_factory 0000000140038280 f   pjmedia-x86_64-x64-vc14-release:codec.obj
 0001:00037370       pjmedia_codec_param_clone  0000000140038370 f   pjmedia-x86_64-x64-vc14-release:codec.obj
 0001:000376a0       pjmedia_strerror           00000001400386a0 f   pjmedia-x86_64-x64-vc14-release:errno.obj
 0001:000378d0       pjmedia_plc_create         00000001400388d0 f   pjmedia-x86_64-x64-vc14-release:plc_common.obj
 0001:00037970       pjmedia_plc_generate       0000000140038970 f   pjmedia-x86_64-x64-vc14-release:plc_common.obj
 0001:000379a0       pjmedia_plc_save           00000001400389a0 f   pjmedia-x86_64-x64-vc14-release:plc_common.obj
 0001:000379d0       pjmedia_calc_avg_signal    00000001400389d0 f   pjmedia-x86_64-x64-vc14-release:silencedet.obj
 0001:00037a20       pjmedia_silence_det_apply  0000000140038a20 f   pjmedia-x86_64-x64-vc14-release:silencedet.obj
 0001:00037c10       pjmedia_silence_det_create 0000000140038c10 f   pjmedia-x86_64-x64-vc14-release:silencedet.obj
 0001:00037cd0       pjmedia_silence_det_detect 0000000140038cd0 f   pjmedia-x86_64-x64-vc14-release:silencedet.obj
 0001:00037d30       pjmedia_format_get_audio_format_detail 0000000140038d30 f   pjmedia-x86_64-x64-vc14-release:format.obj
 0001:00037d40       pjmedia_clock_src_init     0000000140038d40 f   pjmedia-x86_64-x64-vc14-release:clock_thread.obj
 0001:00037d80       pjmedia_clock_src_update   0000000140038d80 f   pjmedia-x86_64-x64-vc14-release:clock_thread.obj
 0001:00037db0       pjmedia_port_get_frame     0000000140038db0 f   pjmedia-x86_64-x64-vc14-release:port.obj
 0001:00037de0       pjmedia_port_info_init     0000000140038de0 f   pjmedia-x86_64-x64-vc14-release:port.obj
 0001:00037e80       pjmedia_port_put_frame     0000000140038e80 f   pjmedia-x86_64-x64-vc14-release:port.obj
 0001:00037eb0       pjmedia_echo_capture       0000000140038eb0 f   pjmedia-x86_64-x64-vc14-release:echo_common.obj
 0001:00037fb0       pjmedia_echo_create2       0000000140038fb0 f   pjmedia-x86_64-x64-vc14-release:echo_common.obj
 0001:00038210       pjmedia_echo_destroy       0000000140039210 f   pjmedia-x86_64-x64-vc14-release:echo_common.obj
 0001:00038250       pjmedia_echo_playback      0000000140039250 f   pjmedia-x86_64-x64-vc14-release:echo_common.obj
 0001:00038320       pjmedia_echo_stat_default  0000000140039320 f   pjmedia-x86_64-x64-vc14-release:echo_common.obj
 0001:00038370       pjmedia_get_type           0000000140039370 f   pjmedia-x86_64-x64-vc14-release:types.obj
 0001:000385c0       pjmedia_rtcp_fb_build_nack 00000001400395c0 f   pjmedia-x86_64-x64-vc14-release:rtcp_fb.obj
 0001:000386b0       pjmedia_rtcp_fb_decode_sdp2 00000001400396b0 f   pjmedia-x86_64-x64-vc14-release:rtcp_fb.obj
 0001:00038a00       pjmedia_rtcp_fb_info_dup   0000000140039a00 f   pjmedia-x86_64-x64-vc14-release:rtcp_fb.obj
 0001:00038b10       pjmedia_rtcp_fb_parse_nack 0000000140039b10 f   pjmedia-x86_64-x64-vc14-release:rtcp_fb.obj
 0001:00038c00       pjmedia_rtcp_fb_parse_pli  0000000140039c00 f   pjmedia-x86_64-x64-vc14-release:rtcp_fb.obj
 0001:00038c30       pjmedia_stream_info_parse_fmtp 0000000140039c30 f   pjmedia-x86_64-x64-vc14-release:stream_common.obj
 0001:00038e70       pjmedia_rtp_decode_rtp     0000000140039e70 f   pjmedia-x86_64-x64-vc14-release:rtp.obj
 0001:00038f30       pjmedia_rtp_encode_rtp     0000000140039f30 f   pjmedia-x86_64-x64-vc14-release:rtp.obj
 0001:00038fe0       pjmedia_rtp_seq_init       0000000140039fe0 f   pjmedia-x86_64-x64-vc14-release:rtp.obj
 0001:00039010       pjmedia_rtp_seq_update     000000014003a010 f   pjmedia-x86_64-x64-vc14-release:rtp.obj
 0001:00039130       pjmedia_rtp_session_init2  000000014003a130 f   pjmedia-x86_64-x64-vc14-release:rtp.obj
 0001:00039260       pjmedia_rtp_session_update2 000000014003a260 f   pjmedia-x86_64-x64-vc14-release:rtp.obj
 0001:00039720       pjmedia_rtcp_build_rtcp    000000014003a720 f   pjmedia-x86_64-x64-vc14-release:rtcp.obj
 0001:00039950       pjmedia_rtcp_build_rtcp_bye 000000014003a950 f   pjmedia-x86_64-x64-vc14-release:rtcp.obj
 0001:00039a90       pjmedia_rtcp_build_rtcp_sdes 000000014003aa90 f   pjmedia-x86_64-x64-vc14-release:rtcp.obj
 0001:00039d70       pjmedia_rtcp_get_ntp_time  000000014003ad70 f   pjmedia-x86_64-x64-vc14-release:rtcp.obj
 0001:00039ed0       pjmedia_rtcp_init2         000000014003aed0 f   pjmedia-x86_64-x64-vc14-release:rtcp.obj
 0001:00039ff0       pjmedia_rtcp_rx_rtcp       000000014003aff0 f   pjmedia-x86_64-x64-vc14-release:rtcp.obj
 0001:0003a400       pjmedia_rtcp_rx_rtp2       000000014003b400 f   pjmedia-x86_64-x64-vc14-release:rtcp.obj
 0001:0003a5c0       pjmedia_rtcp_session_setting_default 000000014003b5c0 f   pjmedia-x86_64-x64-vc14-release:rtcp.obj
 0001:0003a5d0       pjmedia_rtcp_tx_rtp        000000014003b5d0 f   pjmedia-x86_64-x64-vc14-release:rtcp.obj
 0001:0003abd0       pjmedia_jbuf_create        000000014003bbd0 f   pjmedia-x86_64-x64-vc14-release:jbuf.obj
 0001:0003ae20       pjmedia_jbuf_destroy       000000014003be20 f   pjmedia-x86_64-x64-vc14-release:jbuf.obj
 0001:0003afa0       pjmedia_jbuf_get_frame2    000000014003bfa0 f   pjmedia-x86_64-x64-vc14-release:jbuf.obj
 0001:0003b1a0       pjmedia_jbuf_get_state     000000014003c1a0 f   pjmedia-x86_64-x64-vc14-release:jbuf.obj
 0001:0003b260       pjmedia_jbuf_put_frame2    000000014003c260 f   pjmedia-x86_64-x64-vc14-release:jbuf.obj
 0001:0003b290       pjmedia_jbuf_put_frame3    000000014003c290 f   pjmedia-x86_64-x64-vc14-release:jbuf.obj
 0001:0003b420       pjmedia_jbuf_reset         000000014003c420 f   pjmedia-x86_64-x64-vc14-release:jbuf.obj
 0001:0003b4b0       pjmedia_jbuf_set_adaptive  000000014003c4b0 f   pjmedia-x86_64-x64-vc14-release:jbuf.obj
 0001:0003b4f0       pjmedia_jbuf_set_ptime     000000014003c4f0 f   pjmedia-x86_64-x64-vc14-release:jbuf.obj
 0001:0003d580       get_libsrtp_errstr         000000014003e580 f   pjmedia-x86_64-x64-vc14-release:transport_srtp.obj
 0001:0003d8a0       pjmedia_transport_srtp_start 000000014003e8a0 f   pjmedia-x86_64-x64-vc14-release:transport_srtp.obj
 0001:0003de40       pjmedia_transport_srtp_stop 000000014003ee40 f   pjmedia-x86_64-x64-vc14-release:transport_srtp.obj
 0001:0003f010       pjmedia_wsola_create       0000000140040010 f   pjmedia-x86_64-x64-vc14-release:wsola.obj
 0001:0003f2d0       pjmedia_wsola_discard      00000001400402d0 f   pjmedia-x86_64-x64-vc14-release:wsola.obj
 0001:0003f520       pjmedia_wsola_generate     0000000140040520 f   pjmedia-x86_64-x64-vc14-release:wsola.obj
 0001:0003f600       pjmedia_wsola_save         0000000140040600 f   pjmedia-x86_64-x64-vc14-release:wsola.obj
 0001:0003fae0       echo_supp_cancel_echo      0000000140040ae0 f   pjmedia-x86_64-x64-vc14-release:echo_suppress.obj
 0001:0003fef0       echo_supp_create           0000000140040ef0 f   pjmedia-x86_64-x64-vc14-release:echo_suppress.obj
 0001:000400e0       echo_supp_get_stat         00000001400410e0 f   pjmedia-x86_64-x64-vc14-release:echo_suppress.obj
 0001:00040270       echo_supp_reset            0000000140041270 f   pjmedia-x86_64-x64-vc14-release:echo_suppress.obj
 0001:000409d0       speex_aec_cancel_echo      00000001400419d0 f   pjmedia-x86_64-x64-vc14-release:echo_speex.obj
 0001:00040b00       speex_aec_capture          0000000140041b00 f   pjmedia-x86_64-x64-vc14-release:echo_speex.obj
 0001:00040c10       speex_aec_create           0000000140041c10 f   pjmedia-x86_64-x64-vc14-release:echo_speex.obj
 0001:00040e00       speex_aec_destroy          0000000140041e00 f   pjmedia-x86_64-x64-vc14-release:echo_speex.obj
 0001:00040ec0       speex_aec_playback         0000000140041ec0 f   pjmedia-x86_64-x64-vc14-release:echo_speex.obj
 0001:00040f30       speex_aec_reset            0000000140041f30 f   pjmedia-x86_64-x64-vc14-release:echo_speex.obj
 0001:00041170       pjmedia_delay_buf_create   0000000140042170 f   pjmedia-x86_64-x64-vc14-release:delaybuf.obj
 0001:00041330       pjmedia_delay_buf_destroy  0000000140042330 f   pjmedia-x86_64-x64-vc14-release:delaybuf.obj
 0001:000413a0       pjmedia_delay_buf_get      00000001400423a0 f   pjmedia-x86_64-x64-vc14-release:delaybuf.obj
 0001:00041510       pjmedia_delay_buf_put      0000000140042510 f   pjmedia-x86_64-x64-vc14-release:delaybuf.obj
 0001:000417e0       pjlib_util_init            00000001400427e0 f   pjlib-util-x86_64-x64-vc14-release:errno.obj
 0001:00041800       pjlib_util_strerror        0000000140042800 f   pjlib-util-x86_64-x64-vc14-release:errno.obj
 0001:00042200       pj_getopt_long             0000000140043200 f   pjlib-util-x86_64-x64-vc14-release:getopt.obj
 0001:00042220       pj_cis_add_alpha           0000000140043220 f   pjlib-util-x86_64-x64-vc14-release:scanner.obj
 0001:00042250       pj_cis_add_cis             0000000140043250 f   pjlib-util-x86_64-x64-vc14-release:scanner.obj
 0001:000422a0       pj_cis_add_num             00000001400432a0 f   pjlib-util-x86_64-x64-vc14-release:scanner.obj
 0001:000422b0       pj_cis_add_range           00000001400432b0 f   pjlib-util-x86_64-x64-vc14-release:scanner.obj
 0001:00042400       pj_cis_add_str             0000000140043400 f   pjlib-util-x86_64-x64-vc14-release:scanner.obj
 0001:00042440       pj_cis_buf_init            0000000140043440 f   pjlib-util-x86_64-x64-vc14-release:scanner.obj
 0001:00042470       pj_cis_del_str             0000000140043470 f   pjlib-util-x86_64-x64-vc14-release:scanner.obj
 0001:000424b0       pj_cis_dup                 00000001400434b0 f   pjlib-util-x86_64-x64-vc14-release:scanner.obj
 0001:00042560       pj_cis_init                0000000140043560 f   pjlib-util-x86_64-x64-vc14-release:scanner.obj
 0001:000425a0       pj_cis_invert              00000001400435a0 f   pjlib-util-x86_64-x64-vc14-release:scanner.obj
 0001:000425f0       pj_scan_advance_n          00000001400435f0 f   pjlib-util-x86_64-x64-vc14-release:scanner.obj
 0001:00042620       pj_scan_fini               0000000140043620 f   pjlib-util-x86_64-x64-vc14-release:scanner.obj
 0001:00042640       pj_scan_get                0000000140043640 f   pjlib-util-x86_64-x64-vc14-release:scanner.obj
 0001:000426b0       pj_scan_get_char           00000001400436b0 f   pjlib-util-x86_64-x64-vc14-release:scanner.obj
 0001:00042700       pj_scan_get_n              0000000140043700 f   pjlib-util-x86_64-x64-vc14-release:scanner.obj
 0001:00042740       pj_scan_get_newline        0000000140043740 f   pjlib-util-x86_64-x64-vc14-release:scanner.obj
 0001:00042780       pj_scan_get_quote          0000000140043780 f   pjlib-util-x86_64-x64-vc14-release:scanner.obj
 0001:00042850       pj_scan_get_until_ch       0000000140043850 f   pjlib-util-x86_64-x64-vc14-release:scanner.obj
 0001:000428a0       pj_scan_get_until_chr      00000001400438a0 f   pjlib-util-x86_64-x64-vc14-release:scanner.obj
 0001:00042950       pj_scan_init               0000000140043950 f   pjlib-util-x86_64-x64-vc14-release:scanner.obj
 0001:000429d0       pj_scan_peek               00000001400439d0 f   pjlib-util-x86_64-x64-vc14-release:scanner.obj
 0001:00042a40       pj_scan_skip_line          0000000140043a40 f   pjlib-util-x86_64-x64-vc14-release:scanner.obj
 0001:00042a80       pj_scan_skip_whitespace    0000000140043a80 f   pjlib-util-x86_64-x64-vc14-release:scanner.obj
 0001:00042b60       pj_str_unescape            0000000140043b60 f   pjlib-util-x86_64-x64-vc14-release:string.obj
 0001:00042c70       pj_strncpy2_escape         0000000140043c70 f   pjlib-util-x86_64-x64-vc14-release:string.obj
 0001:00043020       pj_dns_parse_addr_response 0000000140044020 f   pjlib-util-x86_64-x64-vc14-release:resolver.obj
 0001:00043340       pj_dns_resolver_cancel_query 0000000140044340 f   pjlib-util-x86_64-x64-vc14-release:resolver.obj
 0001:000433e0       pj_dns_resolver_destroy    00000001400443e0 f   pjlib-util-x86_64-x64-vc14-release:resolver.obj
 0001:000435b0       pj_dns_resolver_start_query 00000001400445b0 f   pjlib-util-x86_64-x64-vc14-release:resolver.obj
 0001:00044740       pj_md5_final               0000000140045740 f   pjlib-util-x86_64-x64-vc14-release:md5.obj
 0001:00044800       pj_md5_init                0000000140045800 f   pjlib-util-x86_64-x64-vc14-release:md5.obj
 0001:00044830       pj_md5_update              0000000140045830 f   pjlib-util-x86_64-x64-vc14-release:md5.obj
 0001:00044930       pj_dns_get_type_name       0000000140045930 f   pjlib-util-x86_64-x64-vc14-release:dns.obj
 0001:00044a00       pj_dns_make_query          0000000140045a00 f   pjlib-util-x86_64-x64-vc14-release:dns.obj
 0001:00045d00       pj_dns_srv_resolve         0000000140046d00 f   pjlib-util-x86_64-x64-vc14-release:srv_resolver.obj
 0001:00045f00       pj_base64_decode           0000000140046f00 f   pjlib-util-x86_64-x64-vc14-release:base64.obj
 0001:000460e0       pj_base64_encode           00000001400470e0 f   pjlib-util-x86_64-x64-vc14-release:base64.obj
 0001:00046330       pj_atexit                  0000000140047330 f   pjlib-x86_64-x64-vc14-release:os_core_win32.obj
 0001:00046360       pj_atomic_create           0000000140047360 f   pjlib-x86_64-x64-vc14-release:os_core_win32.obj
 0001:000463a0       pj_atomic_dec_and_get      00000001400473a0 f   pjlib-x86_64-x64-vc14-release:os_core_win32.obj
 0001:00046410       pj_atomic_destroy          0000000140047410 f   pjlib-x86_64-x64-vc14-release:os_core_win32.obj
 0001:00046420       pj_atomic_get              0000000140047420 f   pjlib-x86_64-x64-vc14-release:os_core_win32.obj
 0001:00046490       pj_atomic_inc              0000000140047490 f   pjlib-x86_64-x64-vc14-release:os_core_win32.obj
 0001:000464f0       pj_atomic_inc_and_get      00000001400474f0 f   pjlib-x86_64-x64-vc14-release:os_core_win32.obj
 0001:00046560       pj_atomic_set              0000000140047560 f   pjlib-x86_64-x64-vc14-release:os_core_win32.obj
 0001:000465d0       pj_enter_critical_section  00000001400475d0 f   pjlib-x86_64-x64-vc14-release:os_core_win32.obj
 0001:00046640       pj_init                    0000000140047640 f   pjlib-x86_64-x64-vc14-release:os_core_win32.obj
 0001:00046970       pj_leave_critical_section  0000000140047970 f   pjlib-x86_64-x64-vc14-release:os_core_win32.obj
 0001:000469e0       pj_mutex_create            00000001400479e0 f   pjlib-x86_64-x64-vc14-release:os_core_win32.obj
 0001:00046a60       pj_mutex_create_recursive  0000000140047a60 f   pjlib-x86_64-x64-vc14-release:os_core_win32.obj
 0001:00046a60       pj_mutex_create_simple     0000000140047a60 f   pjlib-x86_64-x64-vc14-release:os_core_win32.obj
 0001:00046ae0       pj_mutex_destroy           0000000140047ae0 f   pjlib-x86_64-x64-vc14-release:os_core_win32.obj
 0001:00046b60       pj_mutex_lock              0000000140047b60 f   pjlib-x86_64-x64-vc14-release:os_core_win32.obj
 0001:00046be0       pj_mutex_trylock           0000000140047be0 f   pjlib-x86_64-x64-vc14-release:os_core_win32.obj
 0001:00046c70       pj_mutex_unlock            0000000140047c70 f   pjlib-x86_64-x64-vc14-release:os_core_win32.obj
 0001:00046cf0       pj_rwmutex_create          0000000140047cf0 f   pjlib-x86_64-x64-vc14-release:os_core_win32.obj
 0001:00046ef0       pj_rwmutex_destroy         0000000140047ef0 f   pjlib-x86_64-x64-vc14-release:os_core_win32.obj
 0001:00047000       pj_rwmutex_lock_read       0000000140048000 f   pjlib-x86_64-x64-vc14-release:os_core_win32.obj
 0001:00047120       pj_rwmutex_lock_write      0000000140048120 f   pjlib-x86_64-x64-vc14-release:os_core_win32.obj
 0001:000471c0       pj_rwmutex_unlock_read     00000001400481c0 f   pjlib-x86_64-x64-vc14-release:os_core_win32.obj
 0001:000472e0       pj_rwmutex_unlock_write    00000001400482e0 f   pjlib-x86_64-x64-vc14-release:os_core_win32.obj
 0001:00047300       pj_sem_create              0000000140048300 f   pjlib-x86_64-x64-vc14-release:os_core_win32.obj
 0001:00047460       pj_sem_destroy             0000000140048460 f   pjlib-x86_64-x64-vc14-release:os_core_win32.obj
 0001:00047510       pj_sem_post                0000000140048510 f   pjlib-x86_64-x64-vc14-release:os_core_win32.obj
 0001:000475d0       pj_sem_trywait             00000001400485d0 f   pjlib-x86_64-x64-vc14-release:os_core_win32.obj
 0001:00047650       pj_sem_wait                0000000140048650 f   pjlib-x86_64-x64-vc14-release:os_core_win32.obj
 0001:000477c0       pj_term_set_color          00000001400487c0 f   pjlib-x86_64-x64-vc14-release:os_core_win32.obj
 0001:000478b0       pj_thread_check_stack      00000001400488b0 f   pjlib-x86_64-x64-vc14-release:os_core_win32.obj
 0001:00047910       pj_thread_create           0000000140048910 f   pjlib-x86_64-x64-vc14-release:os_core_win32.obj
 0001:00047ad0       pj_thread_destroy          0000000140048ad0 f   pjlib-x86_64-x64-vc14-release:os_core_win32.obj
 0001:00047b80       pj_thread_get_name         0000000140048b80 f   pjlib-x86_64-x64-vc14-release:os_core_win32.obj
 0001:00047bf0       pj_thread_join             0000000140048bf0 f   pjlib-x86_64-x64-vc14-release:os_core_win32.obj
 0001:00047cf0       pj_thread_local_alloc      0000000140048cf0 f   pjlib-x86_64-x64-vc14-release:os_core_win32.obj
 0001:00047d60       pj_thread_local_free       0000000140048d60 f   pjlib-x86_64-x64-vc14-release:os_core_win32.obj
 0001:00047dc0       pj_thread_local_get        0000000140048dc0 f   pjlib-x86_64-x64-vc14-release:os_core_win32.obj
 0001:00047dd0       pj_thread_local_set        0000000140048dd0 f   pjlib-x86_64-x64-vc14-release:os_core_win32.obj
 0001:00047e20       pj_thread_sleep            0000000140048e20 f   pjlib-x86_64-x64-vc14-release:os_core_win32.obj
 0001:00047e90       pj_thread_this             0000000140048e90 f   pjlib-x86_64-x64-vc14-release:os_core_win32.obj
 0001:00047f50       pj_perror                  0000000140048f50 f   pjlib-x86_64-x64-vc14-release:errno.obj
 0001:00047f70       pj_perror_1                0000000140048f70 f   pjlib-x86_64-x64-vc14-release:errno.obj
 0001:00047fa0       pj_perror_2                0000000140048fa0 f   pjlib-x86_64-x64-vc14-release:errno.obj
 0001:00047fd0       pj_perror_3                0000000140048fd0 f   pjlib-x86_64-x64-vc14-release:errno.obj
 0001:00048000       pj_perror_4                0000000140049000 f   pjlib-x86_64-x64-vc14-release:errno.obj
 0001:00048030       pj_perror_5                0000000140049030 f   pjlib-x86_64-x64-vc14-release:errno.obj
 0001:00048150       pj_register_strerror       0000000140049150 f   pjlib-x86_64-x64-vc14-release:errno.obj
 0001:00048240       pj_strerror                0000000140049240 f   pjlib-x86_64-x64-vc14-release:errno.obj
 0001:000483d0       pj_addr_str_print          00000001400493d0 f   pjlib-x86_64-x64-vc14-release:sock_common.obj
 0001:000484b0       pj_gethostip               00000001400494b0 f   pjlib-x86_64-x64-vc14-release:sock_common.obj
 0001:00048d90       pj_getipinterface          0000000140049d90 f   pjlib-x86_64-x64-vc14-release:sock_common.obj
 0001:00048fb0       pj_sockaddr_cmp            0000000140049fb0 f   pjlib-x86_64-x64-vc14-release:sock_common.obj
 0001:000490d0       pj_sockaddr_cp             000000014004a0d0 f   pjlib-x86_64-x64-vc14-release:sock_common.obj
 0001:00049110       pj_sockaddr_get_addr       000000014004a110 f   pjlib-x86_64-x64-vc14-release:sock_common.obj
 0001:00049140       pj_sockaddr_get_addr_len   000000014004a140 f   pjlib-x86_64-x64-vc14-release:sock_common.obj
 0001:00049170       pj_sockaddr_get_len        000000014004a170 f   pjlib-x86_64-x64-vc14-release:sock_common.obj
 0001:000491a0       pj_sockaddr_get_port       000000014004a1a0 f   pjlib-x86_64-x64-vc14-release:sock_common.obj
 0001:000491d0       pj_sockaddr_has_addr       000000014004a1d0 f   pjlib-x86_64-x64-vc14-release:sock_common.obj
 0001:00049270       pj_sockaddr_in_init        000000014004a270 f   pjlib-x86_64-x64-vc14-release:sock_common.obj
 0001:000492e0       pj_sockaddr_in_set_str_addr 000000014004a2e0 f   pjlib-x86_64-x64-vc14-release:sock_common.obj
 0001:000493c0       pj_sockaddr_init           000000014004a3c0 f   pjlib-x86_64-x64-vc14-release:sock_common.obj
 0001:00049540       pj_sockaddr_print          000000014004a540 f   pjlib-x86_64-x64-vc14-release:sock_common.obj
 0001:000496a0       pj_sockaddr_set_port       000000014004a6a0 f   pjlib-x86_64-x64-vc14-release:sock_common.obj
 0001:000496f0       pj_sockaddr_synthesize     000000014004a6f0 f   pjlib-x86_64-x64-vc14-release:sock_common.obj
 0001:000498b0       pj_gethostname             000000014004a8b0 f   pjlib-x86_64-x64-vc14-release:sock_bsd.obj
 0001:00049950       pj_htonl                   000000014004a950 f   pjlib-x86_64-x64-vc14-release:sock_bsd.obj
 0001:00049960       pj_htons                   000000014004a960 f   pjlib-x86_64-x64-vc14-release:sock_bsd.obj
 0001:00049970       pj_inet_aton               000000014004a970 f   pjlib-x86_64-x64-vc14-release:sock_bsd.obj
 0001:00049a00       pj_inet_ntop               000000014004aa00 f   pjlib-x86_64-x64-vc14-release:sock_bsd.obj
 0001:00049b30       pj_inet_pton               000000014004ab30 f   pjlib-x86_64-x64-vc14-release:sock_bsd.obj
 0001:00049c70       pj_ntohl                   000000014004ac70 f   pjlib-x86_64-x64-vc14-release:sock_bsd.obj
 0001:00049c80       pj_ntohs                   000000014004ac80 f   pjlib-x86_64-x64-vc14-release:sock_bsd.obj
 0001:00049c90       pj_sock_accept             000000014004ac90 f   pjlib-x86_64-x64-vc14-release:sock_bsd.obj
 0001:00049d30       pj_sock_bind               000000014004ad30 f   pjlib-x86_64-x64-vc14-release:sock_bsd.obj
 0001:00049df0       pj_sock_close              000000014004adf0 f   pjlib-x86_64-x64-vc14-release:sock_bsd.obj
 0001:00049e50       pj_sock_connect            000000014004ae50 f   pjlib-x86_64-x64-vc14-release:sock_bsd.obj
 0001:00049ef0       pj_sock_getsockname        000000014004aef0 f   pjlib-x86_64-x64-vc14-release:sock_bsd.obj
 0001:00049f90       pj_sock_getsockopt         000000014004af90 f   pjlib-x86_64-x64-vc14-release:sock_bsd.obj
 0001:0004a040       pj_sock_recv               000000014004b040 f   pjlib-x86_64-x64-vc14-release:sock_bsd.obj
 0001:0004a0e0       pj_sock_recvfrom           000000014004b0e0 f   pjlib-x86_64-x64-vc14-release:sock_bsd.obj
 0001:0004a1a0       pj_sock_send               000000014004b1a0 f   pjlib-x86_64-x64-vc14-release:sock_bsd.obj
 0001:0004a240       pj_sock_sendto             000000014004b240 f   pjlib-x86_64-x64-vc14-release:sock_bsd.obj
 0001:0004a2f0       pj_sock_setsockopt         000000014004b2f0 f   pjlib-x86_64-x64-vc14-release:sock_bsd.obj
 0001:0004a3a0       pj_sock_setsockopt_params  000000014004b3a0 f   pjlib-x86_64-x64-vc14-release:sock_bsd.obj
 0001:0004a4e0       pj_sock_socket             000000014004b4e0 f   pjlib-x86_64-x64-vc14-release:sock_bsd.obj
 0001:0004a5f0       pj_NO_MEMORY_EXCEPTION     000000014004b5f0 f   pjlib-x86_64-x64-vc14-release:pool.obj
 0001:0004a600       pj_pool_alloc              000000014004b600 f   pjlib-x86_64-x64-vc14-release:pool.obj
 0001:0004a7c0       pj_pool_calloc             000000014004b7c0 f   pjlib-x86_64-x64-vc14-release:pool.obj
 0001:0004a800       pj_pool_create             000000014004b800 f   pjlib-x86_64-x64-vc14-release:pool.obj
 0001:0004a810       pj_pool_create_int         000000014004b810 f   pjlib-x86_64-x64-vc14-release:pool.obj
 0001:0004a970       pj_pool_destroy_int        000000014004b970 f   pjlib-x86_64-x64-vc14-release:pool.obj
 0001:0004a9b0       pj_pool_get_capacity       000000014004b9b0 f   pjlib-x86_64-x64-vc14-release:pool.obj
 0001:0004a9c0       pj_pool_get_used_size      000000014004b9c0 f   pjlib-x86_64-x64-vc14-release:pool.obj
 0001:0004aa00       pj_pool_init_int           000000014004ba00 f   pjlib-x86_64-x64-vc14-release:pool.obj
 0001:0004aaa0       pj_pool_release            000000014004baa0 f   pjlib-x86_64-x64-vc14-release:pool.obj
 0001:0004aac0       pj_pool_reset              000000014004bac0 f   pjlib-x86_64-x64-vc14-release:pool.obj
 0001:0004aae0       pj_pool_safe_release       000000014004bae0 f   pjlib-x86_64-x64-vc14-release:pool.obj
 0001:0004aff0       pj_caching_pool_init       000000014004bff0 f   pjlib-x86_64-x64-vc14-release:pool_caching.obj
 0001:0004b1b0       pj_create_random_string    000000014004c1b0 f   pjlib-x86_64-x64-vc14-release:string.obj
 0001:0004b300       pj_str                     000000014004c300 f   pjlib-x86_64-x64-vc14-release:string.obj
 0001:0004b330       pj_strassign               000000014004c330 f   pjlib-x86_64-x64-vc14-release:string.obj
 0001:0004b350       pj_strcat                  000000014004c350 f   pjlib-x86_64-x64-vc14-release:string.obj
 0001:0004b390       pj_strcat2                 000000014004c390 f   pjlib-x86_64-x64-vc14-release:string.obj
 0001:0004b3e0       pj_strcmp                  000000014004c3e0 f   pjlib-x86_64-x64-vc14-release:string.obj
 0001:0004b460       pj_strcmp2                 000000014004c460 f   pjlib-x86_64-x64-vc14-release:string.obj
 0001:0004b510       pj_strcpy                  000000014004c510 f   pjlib-x86_64-x64-vc14-release:string.obj
 0001:0004b540       pj_strcpy2                 000000014004c540 f   pjlib-x86_64-x64-vc14-release:string.obj
 0001:0004b590       pj_strdup                  000000014004c590 f   pjlib-x86_64-x64-vc14-release:string.obj
 0001:0004b5e0       pj_strdup2                 000000014004c5e0 f   pjlib-x86_64-x64-vc14-release:string.obj
 0001:0004b650       pj_strdup2_with_null       000000014004c650 f   pjlib-x86_64-x64-vc14-release:string.obj
 0001:0004b6c0       pj_strdup3                 000000014004c6c0 f   pjlib-x86_64-x64-vc14-release:string.obj
 0001:0004b730       pj_strdup_with_null        000000014004c730 f   pjlib-x86_64-x64-vc14-release:string.obj
 0001:0004b790       pj_stricmp                 000000014004c790 f   pjlib-x86_64-x64-vc14-release:string.obj
 0001:0004b820       pj_stricmp2                000000014004c820 f   pjlib-x86_64-x64-vc14-release:string.obj
 0001:0004b8d0       pj_strltrim                000000014004c8d0 f   pjlib-x86_64-x64-vc14-release:string.obj
 0001:0004b930       pj_strncpy                 000000014004c930 f   pjlib-x86_64-x64-vc14-release:string.obj
 0001:0004b980       pj_strncpy_with_null       000000014004c980 f   pjlib-x86_64-x64-vc14-release:string.obj
 0001:0004b9d0       pj_strnicmp                000000014004c9d0 f   pjlib-x86_64-x64-vc14-release:string.obj
 0001:0004ba20       pj_strnicmp2               000000014004ca20 f   pjlib-x86_64-x64-vc14-release:string.obj
 0001:0004baa0       pj_strstr                  000000014004caa0 f   pjlib-x86_64-x64-vc14-release:string.obj
 0001:0004bb30       pj_strtok                  000000014004cb30 f   pjlib-x86_64-x64-vc14-release:string.obj
 0001:0004bc40       pj_strtok2                 000000014004cc40 f   pjlib-x86_64-x64-vc14-release:string.obj
 0001:0004bd50       pj_strtol                  000000014004cd50 f   pjlib-x86_64-x64-vc14-release:string.obj
 0001:0004bdc0       pj_strtol2                 000000014004cdc0 f   pjlib-x86_64-x64-vc14-release:string.obj
 0001:0004bf90       pj_strtoul                 000000014004cf90 f   pjlib-x86_64-x64-vc14-release:string.obj
 0001:0004c030       pj_strtoul2                000000014004d030 f   pjlib-x86_64-x64-vc14-release:string.obj
 0001:0004c120       pj_strtoul3                000000014004d120 f   pjlib-x86_64-x64-vc14-release:string.obj
 0001:0004c2a0       pj_strtrim                 000000014004d2a0 f   pjlib-x86_64-x64-vc14-release:string.obj
 0001:0004c340       pj_utoa                    000000014004d340 f   pjlib-x86_64-x64-vc14-release:string.obj
 0001:0004c3e0       pj_utoa_pad                000000014004d3e0 f   pjlib-x86_64-x64-vc14-release:string.obj
 0001:0004c4f0       pj_log                     000000014004d4f0 f   pjlib-x86_64-x64-vc14-release:log.obj
 0001:0004cb30       pj_log_1                   000000014004db30 f   pjlib-x86_64-x64-vc14-release:log.obj
 0001:0004cb60       pj_log_2                   000000014004db60 f   pjlib-x86_64-x64-vc14-release:log.obj
 0001:0004cb90       pj_log_3                   000000014004db90 f   pjlib-x86_64-x64-vc14-release:log.obj
 0001:0004cbc0       pj_log_4                   000000014004dbc0 f   pjlib-x86_64-x64-vc14-release:log.obj
 0001:0004cbf0       pj_log_5                   000000014004dbf0 f   pjlib-x86_64-x64-vc14-release:log.obj
 0001:0004cc20       pj_log_get_color           000000014004dc20 f   pjlib-x86_64-x64-vc14-release:log.obj
 0001:0004cc90       pj_log_get_decor           000000014004dc90 f   pjlib-x86_64-x64-vc14-release:log.obj
 0001:0004cca0       pj_log_get_level           000000014004dca0 f   pjlib-x86_64-x64-vc14-release:log.obj
 0001:0004ccb0       pj_log_init                000000014004dcb0 f   pjlib-x86_64-x64-vc14-release:log.obj
 0001:0004cd20       pj_log_pop_indent          000000014004dd20 f   pjlib-x86_64-x64-vc14-release:log.obj
 0001:0004cd50       pj_log_push_indent         000000014004dd50 f   pjlib-x86_64-x64-vc14-release:log.obj
 0001:0004cd80       pj_log_set_level           000000014004dd80 f   pjlib-x86_64-x64-vc14-release:log.obj
 0001:0004cea0       pj_list_erase              000000014004dea0 f   pjlib-x86_64-x64-vc14-release:list.obj
 0001:0004cec0       pj_list_find_node          000000014004dec0 f   pjlib-x86_64-x64-vc14-release:list.obj
 0001:0004cef0       pj_list_insert_after       000000014004def0 f   pjlib-x86_64-x64-vc14-release:list.obj
 0001:0004cf10       pj_list_insert_before      000000014004df10 f   pjlib-x86_64-x64-vc14-release:list.obj
 0001:0004cf30       pj_list_insert_nodes_before 000000014004df30 f   pjlib-x86_64-x64-vc14-release:list.obj
 0001:0004cf50       pj_list_search             000000014004df50 f   pjlib-x86_64-x64-vc14-release:list.obj
 0001:0004cfb0       pj_list_size               000000014004dfb0 f   pjlib-x86_64-x64-vc14-release:list.obj
 0001:0004d270       pj_grp_lock_acquire        000000014004e270 f   pjlib-x86_64-x64-vc14-release:lock.obj
 0001:0004d280       pj_grp_lock_add_handler    000000014004e280 f   pjlib-x86_64-x64-vc14-release:lock.obj
 0001:0004d300       pj_grp_lock_add_ref        000000014004e300 f   pjlib-x86_64-x64-vc14-release:lock.obj
 0001:0004d320       pj_grp_lock_create         000000014004e320 f   pjlib-x86_64-x64-vc14-release:lock.obj
 0001:0004d4f0       pj_grp_lock_create_w_handler 000000014004e4f0 f   pjlib-x86_64-x64-vc14-release:lock.obj
 0001:0004d700       pj_grp_lock_dec_ref        000000014004e700 f   pjlib-x86_64-x64-vc14-release:lock.obj
 0001:0004d740       pj_grp_lock_release        000000014004e740 f   pjlib-x86_64-x64-vc14-release:lock.obj
 0001:0004d750       pj_grp_lock_tryacquire     000000014004e750 f   pjlib-x86_64-x64-vc14-release:lock.obj
 0001:0004d760       pj_lock_acquire            000000014004e760 f   pjlib-x86_64-x64-vc14-release:lock.obj
 0001:0004d780       pj_lock_create_null_mutex  000000014004e780 f   pjlib-x86_64-x64-vc14-release:lock.obj
 0001:0004d7a0       pj_lock_create_recursive_mutex 000000014004e7a0 f   pjlib-x86_64-x64-vc14-release:lock.obj
 0001:0004d860       pj_lock_create_simple_mutex 000000014004e860 f   pjlib-x86_64-x64-vc14-release:lock.obj
 0001:0004d920       pj_lock_destroy            000000014004e920 f   pjlib-x86_64-x64-vc14-release:lock.obj
 0001:0004d940       pj_lock_release            000000014004e940 f   pjlib-x86_64-x64-vc14-release:lock.obj
 0001:0004d960       pj_lock_tryacquire         000000014004e960 f   pjlib-x86_64-x64-vc14-release:lock.obj
 0001:0004d980       pj_array_erase             000000014004e980 f   pjlib-x86_64-x64-vc14-release:array.obj
 0001:0004d9c0       pj_array_insert            000000014004e9c0 f   pjlib-x86_64-x64-vc14-release:array.obj
 0001:0004da30       pj_rand                    000000014004ea30 f   pjlib-x86_64-x64-vc14-release:rand.obj
 0001:0004da70       pj_time_val_normalize      000000014004ea70 f   pjlib-x86_64-x64-vc14-release:types.obj
 0001:0004dd00       pj_timer_entry_init        000000014004ed00 f   pjlib-x86_64-x64-vc14-release:timer.obj
 0001:0004dd20       pj_timer_entry_running     000000014004ed20 f   pjlib-x86_64-x64-vc14-release:timer.obj
 0001:0004dd30       pj_timer_heap_cancel       000000014004ed30 f   pjlib-x86_64-x64-vc14-release:timer.obj
 0001:0004de10       pj_timer_heap_cancel_if_active 000000014004ee10 f   pjlib-x86_64-x64-vc14-release:timer.obj
 0001:0004df10       pj_timer_heap_create       000000014004ef10 f   pjlib-x86_64-x64-vc14-release:timer.obj
 0001:0004e030       pj_timer_heap_destroy      000000014004f030 f   pjlib-x86_64-x64-vc14-release:timer.obj
 0001:0004e060       pj_timer_heap_dump         000000014004f060 f   pjlib-x86_64-x64-vc14-release:timer.obj
 0001:0004e210       pj_timer_heap_poll         000000014004f210 f   pjlib-x86_64-x64-vc14-release:timer.obj
 0001:0004e450       pj_timer_heap_schedule_dbg 000000014004f450 f   pjlib-x86_64-x64-vc14-release:timer.obj
 0001:0004e5b0       pj_timer_heap_schedule_w_grp_lock_dbg 000000014004f5b0 f   pjlib-x86_64-x64-vc14-release:timer.obj
 0001:0004e730       pj_timer_heap_set_lock     000000014004f730 f   pjlib-x86_64-x64-vc14-release:timer.obj
 0001:0004e780       pj_timer_heap_set_max_timed_out_per_poll 000000014004f780 f   pjlib-x86_64-x64-vc14-release:timer.obj
 0001:0004ea70       pj_gettimeofday            000000014004fa70 f   pjlib-x86_64-x64-vc14-release:os_time_win32.obj
 0001:0004eb80       pj_time_decode             000000014004fb80 f   pjlib-x86_64-x64-vc14-release:os_time_win32.obj
 0001:0004ece0       ioqueue_dispatch_exception_event 000000014004fce0 f   pjlib-x86_64-x64-vc14-release:ioqueue_select.obj
 0001:0004ee40       ioqueue_dispatch_read_event 000000014004fe40 f   pjlib-x86_64-x64-vc14-release:ioqueue_select.obj
 0001:0004f0b0       ioqueue_dispatch_write_event 00000001400500b0 f   pjlib-x86_64-x64-vc14-release:ioqueue_select.obj
 0001:0004f3b0       pj_ioqueue_create          00000001400503b0 f   pjlib-x86_64-x64-vc14-release:ioqueue_select.obj
 0001:0004f590       pj_ioqueue_destroy         0000000140050590 f   pjlib-x86_64-x64-vc14-release:ioqueue_select.obj
 0001:0004f670       pj_ioqueue_get_user_data   0000000140050670 f   pjlib-x86_64-x64-vc14-release:ioqueue_select.obj
 0001:0004f680       pj_ioqueue_is_pending      0000000140050680 f   pjlib-x86_64-x64-vc14-release:ioqueue_select.obj
[...]
 0003:00000790       mod_100rel                 000000014008f790     pjsip-ua-x86_64-x64-vc14-release:sip_100rel.obj
 0003:00000808       se_hdr_vptr                000000014008f808     pjsip-ua-x86_64-x64-vc14-release:sip_timer.obj
 0003:00000820       min_se_hdr_vptr            000000014008f820     pjsip-ua-x86_64-x64-vc14-release:sip_timer.obj
 0003:00000838       method_names               000000014008f838     pjsip-core-x86_64-x64-vc14-release:sip_msg.obj
 0003:00000868       generic_hdr_vptr           000000014008f868     pjsip-core-x86_64-x64-vc14-release:sip_msg.obj
 0003:00000880       generic_int_hdr_vptr       000000014008f880     pjsip-core-x86_64-x64-vc14-release:sip_msg.obj
 0003:00000898       generic_array_hdr_vptr     000000014008f898     pjsip-core-x86_64-x64-vc14-release:sip_msg.obj
 0003:000008b0       clen_hdr_vptr              000000014008f8b0     pjsip-core-x86_64-x64-vc14-release:sip_msg.obj
 0003:000008c8       cseq_hdr_vptr              000000014008f8c8     pjsip-core-x86_64-x64-vc14-release:sip_msg.obj
 0003:000008e0       contact_hdr_vptr           000000014008f8e0     pjsip-core-x86_64-x64-vc14-release:sip_msg.obj
 0003:000008f8       ctype_hdr_vptr             000000014008f8f8     pjsip-core-x86_64-x64-vc14-release:sip_msg.obj
 0003:00000910       fromto_hdr_vptr            000000014008f910     pjsip-core-x86_64-x64-vc14-release:sip_msg.obj
 0003:00000928       routing_hdr_vptr           000000014008f928     pjsip-core-x86_64-x64-vc14-release:sip_msg.obj
 0003:00000940       retry_after_hdr_vptr       000000014008f940     pjsip-core-x86_64-x64-vc14-release:sip_msg.obj
 0003:00000958       via_hdr_vptr               000000014008f958     pjsip-core-x86_64-x64-vc14-release:sip_msg.obj
 0003:00000970       mod_msg_print              000000014008f970     pjsip-core-x86_64-x64-vc14-release:sip_transport.obj
 0003:000009e0       transport_names            000000014008f9e0     pjsip-core-x86_64-x64-vc14-release:sip_transport.obj
 0003:00000d60       event_str                  000000014008fd60     pjsip-core-x86_64-x64-vc14-release:sip_util.obj
 0003:00000d98       str_TEXT                   000000014008fd98     pjsip-core-x86_64-x64-vc14-release:sip_util.obj
 0003:00000da8       str_PLAIN                  000000014008fda8     pjsip-core-x86_64-x64-vc14-release:sip_util.obj
 0003:00000dc0       mod_tsx_layer              000000014008fdc0     pjsip-core-x86_64-x64-vc14-release:sip_transaction.obj
 0003:00000e50       t1_timer_val               000000014008fe50     pjsip-core-x86_64-x64-vc14-release:sip_transaction.obj
 0003:00000e58       t2_timer_val               000000014008fe58     pjsip-core-x86_64-x64-vc14-release:sip_transaction.obj
 0003:00000e60       t4_timer_val               000000014008fe60     pjsip-core-x86_64-x64-vc14-release:sip_transaction.obj
 0003:00000e68       td_timer_val               000000014008fe68     pjsip-core-x86_64-x64-vc14-release:sip_transaction.obj
 0003:00000e70       timeout_timer_val          000000014008fe70     pjsip-core-x86_64-x64-vc14-release:sip_transaction.obj
 0003:00000e80       state_str                  000000014008fe80     pjsip-core-x86_64-x64-vc14-release:sip_transaction.obj
 0003:00000ec0       role_name                  000000014008fec0     pjsip-core-x86_64-x64-vc14-release:sip_transaction.obj
 0003:00000ed0       tsx_state_handler_uac      000000014008fed0     pjsip-core-x86_64-x64-vc14-release:sip_transaction.obj
 0003:00000f10       tsx_state_handler_uas      000000014008ff10     pjsip-core-x86_64-x64-vc14-release:sip_transaction.obj
 0003:00000f50       mod_ua                     000000014008ff50     pjsip-core-x86_64-x64-vc14-release:sip_ua_layer.obj
 0003:00001040       pconst                     0000000140090040     pjsip-core-x86_64-x64-vc14-release:sip_parser.obj
 0003:00001308       sip_str                    0000000140090308     pjsip-core-x86_64-x64-vc14-release:sip_uri.obj
 0003:00001318       sips_str                   0000000140090318     pjsip-core-x86_64-x64-vc14-release:sip_uri.obj
 0003:00001328       sips_url_vptr              0000000140090328     pjsip-core-x86_64-x64-vc14-release:sip_uri.obj
 0003:00001350       sip_url_vptr               0000000140090350     pjsip-core-x86_64-x64-vc14-release:sip_uri.obj
 0003:00001378       name_addr_vptr             0000000140090378     pjsip-core-x86_64-x64-vc14-release:sip_uri.obj
 0003:000013a0       other_uri_vptr             00000001400903a0     pjsip-core-x86_64-x64-vc14-release:sip_uri.obj
 0003:000013c8       pjsip_ISUB_STR             00000001400903c8     pjsip-core-x86_64-x64-vc14-release:sip_tel_uri.obj
 0003:000013d8       pjsip_EXT_STR              00000001400903d8     pjsip-core-x86_64-x64-vc14-release:sip_tel_uri.obj
 0003:000013e8       pjsip_PH_CTX_STR           00000001400903e8     pjsip-core-x86_64-x64-vc14-release:sip_tel_uri.obj
 0003:000013f8       tel_uri_vptr               00000001400903f8     pjsip-core-x86_64-x64-vc14-release:sip_tel_uri.obj
 0003:00001490       authorization_hdr_vptr     0000000140090490     pjsip-core-x86_64-x64-vc14-release:sip_auth_msg.obj
 0003:000014a8       www_authenticate_hdr_vptr  00000001400904a8     pjsip-core-x86_64-x64-vc14-release:sip_auth_msg.obj
 0003:000014c0       stream_op                  00000001400904c0     pjmedia-audiodev-x86_64-x64-vc14-release:wmme_dev.obj
 0003:000014f0       factory_op                 00000001400904f0     pjmedia-audiodev-x86_64-x64-vc14-release:wmme_dev.obj
 0003:00001530       g711_op                    0000000140090530     pjmedia-x86_64-x64-vc14-release:g711.obj
 0003:00001570       g711_factory_op            0000000140090570     pjmedia-x86_64-x64-vc14-release:g711.obj
 0003:000015a0       state_str                  00000001400905a0     pjmedia-x86_64-x64-vc14-release:sdp_neg.obj
 0003:000015d0       transport_udp_op           00000001400905d0     pjmedia-x86_64-x64-vc14-release:transport_udp.obj
 0003:00001640       cap_infos                  0000000140090640     pjmedia-x86_64-x64-vc14-release:audiodev.obj
 0003:00001720       plc_wsola                  0000000140090720     pjmedia-x86_64-x64-vc14-release:plc_common.obj
 0003:00001740       echo_supp_op               0000000140090740     pjmedia-x86_64-x64-vc14-release:echo_common.obj
 0003:00001780       speex_aec_op               0000000140090780     pjmedia-x86_64-x64-vc14-release:echo_common.obj
 0003:000017c0       media_type_names           00000001400907c0     pjmedia-x86_64-x64-vc14-release:types.obj
 0003:00001840       crypto_suites              0000000140090840     pjmedia-x86_64-x64-vc14-release:transport_srtp.obj
 0003:00001960       transport_srtp_op          0000000140090960     pjmedia-x86_64-x64-vc14-release:transport_srtp.obj
 0003:000019d0       ?liberr@?1??get_libsrtp_errstr@@9@9 00000001400909d0     pjmedia-x86_64-x64-vc14-release:transport_srtp.obj
 0003:00001aa0       sdes_op                    0000000140090aa0     pjmedia-x86_64-x64-vc14-release:transport_srtp.obj
 0003:00001b10       state_names                0000000140090b10     pjlib-util-x86_64-x64-vc14-release:resolver.obj
 0003:00001b28       thread_tls_id              0000000140090b28     pjlib-x86_64-x64-vc14-release:os_core_win32.obj
 0003:00001b30       pool_sizes                 0000000140090b30     pjlib-x86_64-x64-vc14-release:pool_caching.obj
 0003:00001bb0       pj_log_max_level           0000000140090bb0     pjlib-x86_64-x64-vc14-release:log.obj
 0003:00001bb4       thread_suspended_tls_id    0000000140090bb4     pjlib-x86_64-x64-vc14-release:log.obj
 0003:00001bb8       thread_indent_tls_id       0000000140090bb8     pjlib-x86_64-x64-vc14-release:log.obj
 0003:00001bbc       log_decor                  0000000140090bbc     pjlib-x86_64-x64-vc14-release:log.obj
 0003:00001bc0       log_writer                 0000000140090bc0     pjlib-x86_64-x64-vc14-release:log.obj
 0003:00001bc8       PJ_LOG_COLOR_0             0000000140090bc8     pjlib-x86_64-x64-vc14-release:log.obj
 0003:00001bcc       PJ_LOG_COLOR_1             0000000140090bcc     pjlib-x86_64-x64-vc14-release:log.obj
 0003:00001bd0       PJ_LOG_COLOR_2             0000000140090bd0     pjlib-x86_64-x64-vc14-release:log.obj
 0003:00001bd4       PJ_LOG_COLOR_3             0000000140090bd4     pjlib-x86_64-x64-vc14-release:log.obj
 0003:00001bd8       PJ_LOG_COLOR_4             0000000140090bd8     pjlib-x86_64-x64-vc14-release:log.obj
 0003:00001bdc       PJ_LOG_COLOR_5             0000000140090bdc     pjlib-x86_64-x64-vc14-release:log.obj
 0003:00001be0       PJ_LOG_COLOR_6             0000000140090be0     pjlib-x86_64-x64-vc14-release:log.obj
 0003:00001be4       PJ_LOG_COLOR_77            0000000140090be4     pjlib-x86_64-x64-vc14-release:log.obj
 0003:00001be8       ?ltexts@?2??pj_log@@9@9    0000000140090be8     pjlib-x86_64-x64-vc14-release:log.obj
 0003:00001c20       ?wdays@?3??pj_log@@9@9     0000000140090c20     pjlib-x86_64-x64-vc14-release:log.obj
 0003:00001c78       mutex_lock_template        0000000140090c78     pjlib-x86_64-x64-vc14-release:lock.obj
 0003:00001ca0       null_lock_template         0000000140090ca0     pjlib-x86_64-x64-vc14-release:lock.obj
 0003:00001cc8       sem_lock_template          0000000140090cc8     pjlib-x86_64-x64-vc14-release:lock.obj
 0003:00001cf0       thread_local_id            0000000140090cf0     pjlib-x86_64-x64-vc14-release:except.obj
 0003:00001cf8       ?hex@?1??hex2digit@@9@9    0000000140090cf8     pjlib-x86_64-x64-vc14-release:guid_win32.obj
 0003:00001d08       tls                        0000000140090d08     pjlib-x86_64-x64-vc14-release:pool_buf.obj
 0003:00001d18       id                         0000000140090d18     pjlib-x86_64-x64-vc14-release:config.obj
 0003:00001d20       ?ntryh@?1??drfti1@@9@9     0000000140090d20     libspeex-x86_64-x64-vc14-release:smallft.obj
 0003:00001d30       ?tpi@?1??drfti1@@9@9       0000000140090d30     libspeex-x86_64-x64-vc14-release:smallft.obj
 0003:00001d34       ?hsqt2@?1??dradf4@@9@9     0000000140090d34     libspeex-x86_64-x64-vc14-release:smallft.obj
 0003:00001d38       ?tpi@?1??dradfg@@9@9       0000000140090d38     libspeex-x86_64-x64-vc14-release:smallft.obj
 0003:00001d3c       ?taur@?1??dradb3@@9@9      0000000140090d3c     libspeex-x86_64-x64-vc14-release:smallft.obj
 0003:00001d40       ?taui@?1??dradb3@@9@9      0000000140090d40     libspeex-x86_64-x64-vc14-release:smallft.obj
 0003:00001d44       ?sqrt2@?1??dradb4@@9@9     0000000140090d44     libspeex-x86_64-x64-vc14-release:smallft.obj
 0003:00001d48       ?tpi@?1??dradbg@@9@9       0000000140090d48     libspeex-x86_64-x64-vc14-release:smallft.obj
 0003:00001d60       srtp_event_handler         0000000140090d60     libsrtp-x86_64-x64-vc14-release:srtp.obj
 0003:00002260       g_complete                 0000000140091260     simpleua.obj
 0003:00002268       g_endpt                    0000000140091268     simpleua.obj
 0003:00002270       cp                         0000000140091270     simpleua.obj
 0003:000025f8       g_med_endpt                00000001400915f8     simpleua.obj
 0003:00002600       g_med_tpinfo               0000000140091600     simpleua.obj
 0003:00002be0       g_med_transport            0000000140091be0     simpleua.obj
 0003:00002bf0       g_sock_info                0000000140091bf0     simpleua.obj
 0003:00002c90       g_inv                      0000000140091c90     simpleua.obj
 0003:00002c98       g_med_stream               0000000140091c98     simpleua.obj
 0003:00002ca0       g_snd_port                 0000000140091ca0     simpleua.obj
 0003:00002ca8       is_initialized             0000000140091ca8     pjsip-ua-x86_64-x64-vc14-release:sip_timer.obj
 0003:00002cb0       status_phrase              0000000140091cb0     pjsip-core-x86_64-x64-vc14-release:sip_msg.obj
 0003:00005910       ?is_initialized@?1??pjsip_get_status_text@@9@9 0000000140094910     pjsip-core-x86_64-x64-vc14-release:sip_msg.obj
 0003:00005920       handler                    0000000140094920     pjsip-core-x86_64-x64-vc14-release:sip_parser.obj
 0003:00007420       handler_count              0000000140096420     pjsip-core-x86_64-x64-vc14-release:sip_parser.obj
 0003:00007424       parser_is_initialized      0000000140096424     pjsip-core-x86_64-x64-vc14-release:sip_parser.obj
 0003:00007428       uri_handler_count          0000000140096428     pjsip-core-x86_64-x64-vc14-release:sip_parser.obj
 0003:00007430       uri_handler                0000000140096430     pjsip-core-x86_64-x64-vc14-release:sip_parser.obj
 0003:00007490       cis_buf                    0000000140096490     pjsip-core-x86_64-x64-vc14-release:sip_parser.obj
 0003:000078a0       pjsip_TEL_NUMBER_SPEC      00000001400968a0     pjsip-core-x86_64-x64-vc14-release:sip_tel_uri.obj
 0003:000078b0       pjsip_TEL_EXT_VALUE_SPEC   00000001400968b0     pjsip-core-x86_64-x64-vc14-release:sip_tel_uri.obj
 0003:000078c0       pjsip_TEL_PHONE_CONTEXT_SPEC 00000001400968c0     pjsip-core-x86_64-x64-vc14-release:sip_tel_uri.obj
 0003:000078d0       pjsip_TEL_URIC_SPEC        00000001400968d0     pjsip-core-x86_64-x64-vc14-release:sip_tel_uri.obj
 0003:000078e0       pjsip_TEL_PNAME_SPEC       00000001400968e0     pjsip-core-x86_64-x64-vc14-release:sip_tel_uri.obj
 0003:000078f0       pjsip_TEL_PVALUE_SPEC      00000001400968f0     pjsip-core-x86_64-x64-vc14-release:sip_tel_uri.obj
 0003:00007900       cis_buf                    0000000140096900     pjsip-core-x86_64-x64-vc14-release:sip_tel_uri.obj
 0003:00007d08       pjsip_TEL_VISUAL_SEP_SPEC  0000000140096d08     pjsip-core-x86_64-x64-vc14-release:sip_tel_uri.obj
 0003:00007d18       pjsip_TEL_PVALUE_SPEC_ESC  0000000140096d18     pjsip-core-x86_64-x64-vc14-release:sip_tel_uri.obj
 0003:00007d28       pjsip_TEL_PARSING_PVALUE_SPEC 0000000140096d28     pjsip-core-x86_64-x64-vc14-release:sip_tel_uri.obj
 0003:00007d38       pjsip_TEL_PARSING_PVALUE_SPEC_ESC 0000000140096d38     pjsip-core-x86_64-x64-vc14-release:sip_tel_uri.obj
 0003:00007d48       ?name@?1??get_fmt_name@@9@9 0000000140096d48     pjmedia-audiodev-x86_64-x64-vc14-release:wmme_dev.obj
 0003:00007d50       ?rec_cnt@?1??wmme_dev_thread@@9@9 0000000140096d50     pjmedia-audiodev-x86_64-x64-vc14-release:wmme_dev.obj
 0003:00007d54       ?play_cnt@?1??wmme_dev_thread@@9@9 0000000140096d54     pjmedia-audiodev-x86_64-x64-vc14-release:wmme_dev.obj
 0003:00007d60       event_manager_instance     0000000140096d60     pjmedia-x86_64-x64-vc14-release:event.obj
 0003:00007d70       ?ev_queue@?9??pjmedia_event_publish@@9@9 0000000140096d70     pjmedia-x86_64-x64-vc14-release:event.obj
 0003:00008500       g711_factory               0000000140097500     pjmedia-x86_64-x64-vc14-release:g711.obj
 0003:00008560       fmt_match_cb_cnt           0000000140097560     pjmedia-x86_64-x64-vc14-release:sdp_neg.obj
 0003:00008570       fmt_match_cb               0000000140097570     pjmedia-x86_64-x64-vc14-release:sdp_neg.obj
 0003:00008630       zero_frame                 0000000140097630     pjmedia-x86_64-x64-vc14-release:stream.obj
 0003:00008db0       is_initialized             0000000140097db0     pjmedia-x86_64-x64-vc14-release:sdp.obj
 0003:00008dc0       cis_buf                    0000000140097dc0     pjmedia-x86_64-x64-vc14-release:sdp.obj
 0003:000091c8       cs_digit                   00000001400981c8     pjmedia-x86_64-x64-vc14-release:sdp.obj
 0003:000091d8       cs_token                   00000001400981d8     pjmedia-x86_64-x64-vc14-release:sdp.obj
 0003:000091f0       aud_subsys                 00000001400981f0     pjmedia-x86_64-x64-vc14-release:audiodev.obj
 0003:00009790       ?msg@?3??get_libsrtp_errstr@@9@9 0000000140098790     pjmedia-x86_64-x64-vc14-release:transport_srtp.obj
 0003:000097b0       libsrtp_initialized        00000001400987b0     pjmedia-x86_64-x64-vc14-release:transport_srtp.obj
 0003:000097c0       __getopt_initialized       00000001400987c0     pjlib-util-x86_64-x64-vc14-release:getopt.obj
 0003:000097c4       ordering                   00000001400987c4     pjlib-util-x86_64-x64-vc14-release:getopt.obj
 0003:000097c8       nextchar                   00000001400987c8     pjlib-util-x86_64-x64-vc14-release:getopt.obj
 0003:000097d0       posixly_correct            00000001400987d0     pjlib-util-x86_64-x64-vc14-release:getopt.obj
 0003:000097d8       first_nonopt               00000001400987d8     pjlib-util-x86_64-x64-vc14-release:getopt.obj
 0003:000097dc       last_nonopt                00000001400987dc     pjlib-util-x86_64-x64-vc14-release:getopt.obj
 0003:000097e0       initialized                00000001400987e0     pjlib-x86_64-x64-vc14-release:os_core_win32.obj
 0003:000097e4       atexit_count               00000001400987e4     pjlib-x86_64-x64-vc14-release:os_core_win32.obj
 0003:000097f0       main_thread                00000001400987f0     pjlib-x86_64-x64-vc14-release:os_core_win32.obj
 0003:000098f0       critical_section_mutex     00000001400988f0     pjlib-x86_64-x64-vc14-release:os_core_win32.obj
 0003:00009940       atexit_func                0000000140098940     pjlib-x86_64-x64-vc14-release:os_core_win32.obj
 0003:00009a40       err_msg_hnd_cnt            0000000140098a40     pjlib-x86_64-x64-vc14-release:errno.obj
 0003:00009a50       err_msg_hnd                0000000140098a50     pjlib-x86_64-x64-vc14-release:errno.obj
 0003:00009af0       ?buf@?1??pj_gethostname@@9@9 0000000140098af0     pjlib-x86_64-x64-vc14-release:sock_bsd.obj
 0003:00009b70       ?hostname@?1??pj_gethostname@@9@9 0000000140098b70     pjlib-x86_64-x64-vc14-release:sock_bsd.obj
 0003:00009b80       g_last_thread              0000000140098b80     pjlib-x86_64-x64-vc14-release:log.obj
 0003:00009b88       base_time                  0000000140098b88     pjlib-x86_64-x64-vc14-release:os_time_win32.obj
 0003:00009b90       exception_id_names         0000000140098b90     pjlib-x86_64-x64-vc14-release:except.obj
 0003:00009c10       ?unknown_name@?1??pj_exception_id_name@@9@9 0000000140098c10     pjlib-x86_64-x64-vc14-release:except.obj
 0003:00009c30       stack_based_factory        0000000140098c30     pjlib-x86_64-x64-vc14-release:pool_buf.obj
 0003:00009c78       is_initialized             0000000140098c78     pjlib-x86_64-x64-vc14-release:pool_buf.obj
 0003:00009c80       s_hDLL                     0000000140098c80     pjlib-x86_64-x64-vc14-release:ip_helper_win32.obj
 0003:00009c88       s_pfnGetIpAddrTable        0000000140098c88     pjlib-x86_64-x64-vc14-release:ip_helper_win32.obj
 0003:00009c90       s_pfnGetAdapterAddresses   0000000140098c90     pjlib-x86_64-x64-vc14-release:ip_helper_win32.obj
 0003:00009c98       s_pfnGetIpForwardTable     0000000140098c98     pjlib-x86_64-x64-vc14-release:ip_helper_win32.obj
 0003:00009ca0       s_pfnGetIfEntry            0000000140098ca0     pjlib-x86_64-x64-vc14-release:ip_helper_win32.obj
 0003:00009ca8       srtp_log_handler           0000000140098ca8     libsrtp-x86_64-x64-vc14-release:srtp.obj
 0003:00009cb0       srtp_log_handler_data      0000000140098cb0     libsrtp-x86_64-x64-vc14-release:srtp.obj
 0003:00009ce0       srtp_aes_icm_128_test_case_0_nonce 0000000140098ce0     libsrtp-x86_64-x64-vc14-release:aes_icm.obj
 0003:00009cf0       srtp_aes_icm_256_test_case_0_nonce 0000000140098cf0     libsrtp-x86_64-x64-vc14-release:aes_icm.obj
 0003:00009d00       GS_ExceptionRecord         0000000140098d00     MSVCRT:gs_report.obj
 0003:00009da0       GS_ContextRecord           0000000140098da0     MSVCRT:gs_report.obj
 0003:0000a288       ?is_initialized_as_dll@@3_NA 0000000140099288     MSVCRT:utility.obj
 0003:0000a289       ?module_local_atexit_table_initialized@@3_NA 0000000140099289     MSVCRT:utility.obj
 0003:0000a290       ?module_local_atexit_table@@3U_onexit_table_t@@A 0000000140099290     MSVCRT:utility.obj
 0003:0000a2a8       ?module_local_at_quick_exit_table@@3U_onexit_table_t@@A 00000001400992a8     MSVCRT:utility.obj
