 sipecho

 Timestamp is 60aeb6dd (Wed May 26 23:00:13 2021)

 Preferred load address is 0000000140000000

 Start         Length     Name                   Class
 0001:00000000 0003fbd0H .text$mn                CODE
 0001:0003fbd0 00000036H .text$mn$00             CODE
 0001:0003fc06 00000036H .text$x                 CODE
 0002:00000000 00000440H .idata$5                DATA
 0002:00000440 00000028H .00cfg                  DATA
 0002:00000468 00000008H .CRT$XCA                DATA
 0002:00000470 00000008H .CRT$XCAA               DATA
 0002:00000478 00000008H .CRT$XCZ                DATA
 0002:00000480 00000008H .CRT$XIA                DATA
 0002:00000488 00000008H .CRT$XIAA               DATA
 0002:00000490 00000008H .CRT$XIAC               DATA
 0002:00000498 00000008H .CRT$XIZ                DATA
 0002:000004a0 00000008H .CRT$XPA                DATA
 0002:000004a8 00000008H .CRT$XPZ                DATA
 0002:000004b0 00000008H .CRT$XTA                DATA
 0002:000004b8 00000008H .CRT$XTZ                DATA
 0002:000004c0 00000000H .gehcont$y              DATA
 0002:000004c0 00000000H .gfids$y                DATA
 0002:000004c0 00008dc0H .rdata                  DATA
 0002:00009280 00000000H .rdata$CastGuardVftablesA DATA
 0002:00009280 00000000H .rdata$CastGuardVftablesC DATA
 0002:00009280 0000015cH .rdata$voltmd           DATA
 0002:000093dc 0000025cH .rdata$zzzdbg           DATA
 0002:00009638 00000008H .rtc$IAA                DATA
 0002:00009640 00000008H .rtc$IZZ                DATA
 0002:00009648 00000008H .rtc$TAA                DATA
 0002:00009650 00000008H .rtc$TZZ                DATA
 0002:00009658 00005284H .xdata                  DATA
 0002:0000e8dc 00000000H .edata                  DATA
 0002:0000e8dc 000000f0H .idata$2                DATA
 0002:0000e9cc 00000014H .idata$3                DATA
 0002:0000e9e0 00000440H .idata$4                DATA
 0002:0000ee20 0000082cH .idata$6                DATA
 0003:00000000 00001970H .data                   DATA
 0003:00001970 000064c8H .bss                    DATA
 0004:00000000 0000474cH .pdata                  DATA

  Address         Publics by Value              Rva+Base               Lib:Object

 0000:00000000       __dynamic_value_reloc_table 0000000000000000     <absolute>
 0000:00000000       __arm64x_extra_rfe_table   0000000000000000     <absolute>
 0000:00000000       ___safe_se_handler_count   0000000000000000     <absolute>
 0000:00000000       __guard_fids_count         0000000000000000     <absolute>
 0000:00000000       __hybrid_code_map          0000000000000000     <absolute>
 0000:00000000       __guard_iat_table          0000000000000000     <absolute>
 0000:00000000       __hybrid_auxiliary_iat     0000000000000000     <absolute>
 0000:00000000       __AbsoluteZero             0000000000000000     <absolute>
 0000:00000000       __guard_iat_count          0000000000000000     <absolute>
 0000:00000000       __arm64x_redirection_metadata 0000000000000000     <absolute>
 0000:00000000       __guard_check_icall_a64n_fptr 0000000000000000     <absolute>
 0000:00000000       __guard_eh_cont_count      0000000000000000     <absolute>
 0000:00000000       __x64_code_ranges_to_entry_points 0000000000000000     <absolute>
 0000:00000000       __hybrid_auxiliary_iat_copy 0000000000000000     <absolute>
 0000:00000000       __guard_fids_table         0000000000000000     <absolute>
 0000:00000000       __guard_longjmp_table      0000000000000000     <absolute>
 0000:00000000       __arm64x_extra_rfe_table_size 0000000000000000     <absolute>
 0000:00000000       __x64_code_ranges_to_entry_points_count 0000000000000000     <absolute>
 0000:00000000       __guard_longjmp_count      0000000000000000     <absolute>
 0000:00000000       __arm64x_redirection_metadata_count 0000000000000000     <absolute>
 0000:00000000       __enclave_config           0000000000000000     <absolute>
 0000:00000000       __guard_eh_cont_table      0000000000000000     <absolute>
 0000:00000000       ___safe_se_handler_table   0000000000000000     <absolute>
 0000:00000000       __arm64x_native_entrypoint 0000000000000000     <absolute>
 0000:00000000       __hybrid_code_map_count    0000000000000000     <absolute>
 0000:00000100       __guard_flags              0000000000000100     <absolute>
 0000:00000000       __ImageBase                0000000140000000     <linker-defined>
 0001:000000e0       get_snd_options            00000001400010e0 f   sipecho.obj
 0001:00000460       dump_pool_usage            0000000140001460 f   sipecho.obj
 0001:000016b0       main                       00000001400026b0 f   sipecho.obj
 0001:00001c40       __local_stdio_printf_options 0000000140002c40 f i sipecho.obj
 0001:00001c50       printf                     0000000140002c50 f i sipecho.obj
 0001:00001cb0       sprintf                    0000000140002cb0 f i sipecho.obj
 0001:00001e10       __scrt_exe_initialize_mta  0000000140002e10 f   MSVCRT:utility_desktop.obj
 0001:00001e10       _get_startup_thread_locale_mode 0000000140002e10 f   MSVCRT:thread_locale.obj
 0001:00001e10       _get_startup_new_mode      0000000140002e10 f   MSVCRT:new_mode.obj
 0001:00001e10       _matherr                   0000000140002e10 f   MSVCRT:matherr.obj
 0001:00001e10       __scrt_stub_for_initialize_mta 0000000140002e10 f   MSVCRT:utility_desktop.obj
 0001:00001e10       __scrt_initialize_winrt    0000000140002e10 f   MSVCRT:utility_desktop.obj
 0001:00001e10       _get_startup_commit_mode   0000000140002e10 f   MSVCRT:commit_mode.obj
 0001:000041d0       _snprintf                  00000001400051d0 f i pjsip-ua-x86_64-x64-vc14-release:sip_inv.obj
 0001:00005fa0       pjsip_create_sdp_body      0000000140006fa0 f   pjsip-ua-x86_64-x64-vc14-release:sip_inv.obj
 0001:00006060       pjsip_inv_answer           0000000140007060 f   pjsip-ua-x86_64-x64-vc14-release:sip_inv.obj
 0001:000061c0       pjsip_inv_create_uac       00000001400071c0 f   pjsip-ua-x86_64-x64-vc14-release:sip_inv.obj
 0001:000063b0       pjsip_inv_create_uas       00000001400073b0 f   pjsip-ua-x86_64-x64-vc14-release:sip_inv.obj
 0001:00006670       pjsip_inv_dec_ref          0000000140007670 f   pjsip-ua-x86_64-x64-vc14-release:sip_inv.obj
 0001:00006760       pjsip_inv_end_session      0000000140007760 f   pjsip-ua-x86_64-x64-vc14-release:sip_inv.obj
 0001:00006a80       pjsip_inv_initial_answer   0000000140007a80 f   pjsip-ua-x86_64-x64-vc14-release:sip_inv.obj
 0001:00006c10       pjsip_inv_invite           0000000140007c10 f   pjsip-ua-x86_64-x64-vc14-release:sip_inv.obj
 0001:00006ed0       pjsip_inv_process_redirect 0000000140007ed0 f   pjsip-ua-x86_64-x64-vc14-release:sip_inv.obj
 0001:00007310       pjsip_inv_send_msg         0000000140008310 f   pjsip-ua-x86_64-x64-vc14-release:sip_inv.obj
 0001:000075b0       pjsip_inv_set_sdp_answer   00000001400085b0 f   pjsip-ua-x86_64-x64-vc14-release:sip_inv.obj
 0001:00007610       pjsip_inv_state_name       0000000140008610 f   pjsip-ua-x86_64-x64-vc14-release:sip_inv.obj
 0001:00007630       pjsip_inv_uac_restart      0000000140008630 f   pjsip-ua-x86_64-x64-vc14-release:sip_inv.obj
 0001:000076c0       pjsip_inv_update           00000001400086c0 f   pjsip-ua-x86_64-x64-vc14-release:sip_inv.obj
 0001:00007950       pjsip_inv_usage_init       0000000140008950 f   pjsip-ua-x86_64-x64-vc14-release:sip_inv.obj
 0001:000079d0       pjsip_rdata_get_sdp_info   00000001400089d0 f   pjsip-ua-x86_64-x64-vc14-release:sip_inv.obj
 0001:00008090       pjsip_100rel_attach        0000000140009090 f   pjsip-ua-x86_64-x64-vc14-release:sip_100rel.obj
 0001:00008110       pjsip_100rel_create_prack  0000000140009110 f   pjsip-ua-x86_64-x64-vc14-release:sip_100rel.obj
 0001:00008460       pjsip_100rel_end_session   0000000140009460 f   pjsip-ua-x86_64-x64-vc14-release:sip_100rel.obj
 0001:000084d0       pjsip_100rel_init_module   00000001400094d0 f   pjsip-ua-x86_64-x64-vc14-release:sip_100rel.obj
 0001:000084f0       pjsip_100rel_is_reliable   00000001400094f0 f   pjsip-ua-x86_64-x64-vc14-release:sip_100rel.obj
 0001:00008540       pjsip_100rel_on_rx_prack   0000000140009540 f   pjsip-ua-x86_64-x64-vc14-release:sip_100rel.obj
 0001:000087c0       pjsip_100rel_send_prack    00000001400097c0 f   pjsip-ua-x86_64-x64-vc14-release:sip_100rel.obj
 0001:00008800       pjsip_100rel_tx_response   0000000140009800 f   pjsip-ua-x86_64-x64-vc14-release:sip_100rel.obj
 0001:00009240       pjsip_timer_end_session    000000014000a240 f   pjsip-ua-x86_64-x64-vc14-release:sip_timer.obj
 0001:00009280       pjsip_timer_handle_refresh_error 000000014000a280 f   pjsip-ua-x86_64-x64-vc14-release:sip_timer.obj
 0001:00009460       pjsip_timer_init_session   000000014000a460 f   pjsip-ua-x86_64-x64-vc14-release:sip_timer.obj
 0001:00009530       pjsip_timer_process_req    000000014000a530 f   pjsip-ua-x86_64-x64-vc14-release:sip_timer.obj
 0001:00009770       pjsip_timer_process_resp   000000014000a770 f   pjsip-ua-x86_64-x64-vc14-release:sip_timer.obj
 0001:00009bd0       pjsip_timer_update_req     000000014000abd0 f   pjsip-ua-x86_64-x64-vc14-release:sip_timer.obj
 0001:00009cb0       pjsip_timer_update_resp    000000014000acb0 f   pjsip-ua-x86_64-x64-vc14-release:sip_timer.obj
 0001:0000c470       pjsip_accept_hdr_create    000000014000d470 f   pjsip-core-x86_64-x64-vc14-release:sip_msg.obj
 0001:0000c4c0       pjsip_allow_hdr_create     000000014000d4c0 f   pjsip-core-x86_64-x64-vc14-release:sip_msg.obj
 0001:0000c510       pjsip_cid_hdr_create       000000014000d510 f   pjsip-core-x86_64-x64-vc14-release:sip_msg.obj
 0001:0000c570       pjsip_clen_hdr_create      000000014000d570 f   pjsip-core-x86_64-x64-vc14-release:sip_msg.obj
 0001:0000c5d0       pjsip_clone_text_data      000000014000d5d0 f   pjsip-core-x86_64-x64-vc14-release:sip_msg.obj
 0001:0000c630       pjsip_contact_hdr_create   000000014000d630 f   pjsip-core-x86_64-x64-vc14-release:sip_msg.obj
 0001:0000c6d0       pjsip_cseq_hdr_create      000000014000d6d0 f   pjsip-core-x86_64-x64-vc14-release:sip_msg.obj
 0001:0000c730       pjsip_ctype_hdr_create     000000014000d730 f   pjsip-core-x86_64-x64-vc14-release:sip_msg.obj
 0001:0000c7c0       pjsip_expires_hdr_create   000000014000d7c0 f   pjsip-core-x86_64-x64-vc14-release:sip_msg.obj
 0001:0000c810       pjsip_from_hdr_create      000000014000d810 f   pjsip-core-x86_64-x64-vc14-release:sip_msg.obj
 0001:0000c8a0       pjsip_fromto_hdr_set_from  000000014000d8a0 f   pjsip-core-x86_64-x64-vc14-release:sip_msg.obj
 0001:0000c8e0       pjsip_fromto_hdr_set_to    000000014000d8e0 f   pjsip-core-x86_64-x64-vc14-release:sip_msg.obj
 0001:0000c920       pjsip_generic_array_hdr_init 000000014000d920 f   pjsip-core-x86_64-x64-vc14-release:sip_msg.obj
 0001:0000c9b0       pjsip_generic_string_hdr_create 000000014000d9b0 f   pjsip-core-x86_64-x64-vc14-release:sip_msg.obj
 0001:0000ca70       pjsip_get_ack_method       000000014000da70 f   pjsip-core-x86_64-x64-vc14-release:sip_msg.obj
 0001:0000ca80       pjsip_get_bye_method       000000014000da80 f   pjsip-core-x86_64-x64-vc14-release:sip_msg.obj
 0001:0000ca90       pjsip_get_cancel_method    000000014000da90 f   pjsip-core-x86_64-x64-vc14-release:sip_msg.obj
 0001:0000caa0       pjsip_get_invite_method    000000014000daa0 f   pjsip-core-x86_64-x64-vc14-release:sip_msg.obj
 0001:0000cab0       pjsip_get_status_text      000000014000dab0 f   pjsip-core-x86_64-x64-vc14-release:sip_msg.obj
 0001:0000cb00       pjsip_hdr_clone            000000014000db00 f   pjsip-core-x86_64-x64-vc14-release:sip_msg.obj
 0001:0000cb10       pjsip_hdr_print_on         000000014000db10 f   pjsip-core-x86_64-x64-vc14-release:sip_msg.obj
 0001:0000cb30       pjsip_hdr_shallow_clone    000000014000db30 f   pjsip-core-x86_64-x64-vc14-release:sip_msg.obj
 0001:0000cb40       pjsip_max_fwd_hdr_create   000000014000db40 f   pjsip-core-x86_64-x64-vc14-release:sip_msg.obj
 0001:0000cb90       pjsip_media_type_cmp       000000014000db90 f   pjsip-core-x86_64-x64-vc14-release:sip_msg.obj
 0001:0000cc10       pjsip_media_type_cp        000000014000dc10 f   pjsip-core-x86_64-x64-vc14-release:sip_msg.obj
 0001:0000cc70       pjsip_media_type_init      000000014000dc70 f   pjsip-core-x86_64-x64-vc14-release:sip_msg.obj
 0001:0000ccc0       pjsip_media_type_init2     000000014000dcc0 f   pjsip-core-x86_64-x64-vc14-release:sip_msg.obj
 0001:0000cd40       pjsip_media_type_print     000000014000dd40 f   pjsip-core-x86_64-x64-vc14-release:sip_msg.obj
 0001:0000cd50       pjsip_method_cmp           000000014000dd50 f   pjsip-core-x86_64-x64-vc14-release:sip_msg.obj
 0001:0000cd80       pjsip_method_copy          000000014000dd80 f   pjsip-core-x86_64-x64-vc14-release:sip_msg.obj
 0001:0000cdb0       pjsip_method_init_np       000000014000ddb0 f   pjsip-core-x86_64-x64-vc14-release:sip_msg.obj
 0001:0000ce50       pjsip_min_expires_hdr_create 000000014000de50 f   pjsip-core-x86_64-x64-vc14-release:sip_msg.obj
 0001:0000cea0       pjsip_msg_body_clone       000000014000dea0 f   pjsip-core-x86_64-x64-vc14-release:sip_msg.obj
 0001:0000cf70       pjsip_msg_create           000000014000df70 f   pjsip-core-x86_64-x64-vc14-release:sip_msg.obj
 0001:0000cfa0       pjsip_msg_find_hdr         000000014000dfa0 f   pjsip-core-x86_64-x64-vc14-release:sip_msg.obj
 0001:0000cfd0       pjsip_msg_find_hdr_by_name 000000014000dfd0 f   pjsip-core-x86_64-x64-vc14-release:sip_msg.obj
 0001:0000d040       pjsip_msg_find_hdr_by_names 000000014000e040 f   pjsip-core-x86_64-x64-vc14-release:sip_msg.obj
 0001:0000d0d0       pjsip_msg_print            000000014000e0d0 f   pjsip-core-x86_64-x64-vc14-release:sip_msg.obj
 0001:0000d440       pjsip_print_text_body      000000014000e440 f   pjsip-core-x86_64-x64-vc14-release:sip_msg.obj
 0001:0000d480       pjsip_require_hdr_create   000000014000e480 f   pjsip-core-x86_64-x64-vc14-release:sip_msg.obj
 0001:0000d4d0       pjsip_retry_after_hdr_create 000000014000e4d0 f   pjsip-core-x86_64-x64-vc14-release:sip_msg.obj
 0001:0000d540       pjsip_route_hdr_create     000000014000e540 f   pjsip-core-x86_64-x64-vc14-release:sip_msg.obj
 0001:0000d5b0       pjsip_routing_hdr_set_route 000000014000e5b0 f   pjsip-core-x86_64-x64-vc14-release:sip_msg.obj
 0001:0000d5e0       pjsip_rr_hdr_create        000000014000e5e0 f   pjsip-core-x86_64-x64-vc14-release:sip_msg.obj
 0001:0000d650       pjsip_supported_hdr_create 000000014000e650 f   pjsip-core-x86_64-x64-vc14-release:sip_msg.obj
 0001:0000d6b0       pjsip_to_hdr_create        000000014000e6b0 f   pjsip-core-x86_64-x64-vc14-release:sip_msg.obj
 0001:0000d740       pjsip_unsupported_hdr_create 000000014000e740 f   pjsip-core-x86_64-x64-vc14-release:sip_msg.obj
 0001:0000d790       pjsip_via_hdr_create       000000014000e790 f   pjsip-core-x86_64-x64-vc14-release:sip_msg.obj
 0001:0000d820       pjsip_warning_hdr_create   000000014000e820 f   pjsip-core-x86_64-x64-vc14-release:sip_msg.obj
 0001:0000d930       pjsip_warning_hdr_create_from_status 000000014000e930 f   pjsip-core-x86_64-x64-vc14-release:sip_msg.obj
 0001:0000ddd0       pjsip_rx_data_get_info     000000014000edd0 f   pjsip-core-x86_64-x64-vc14-release:sip_transport.obj
 0001:0000de80       pjsip_tpmgr_acquire_transport2 000000014000ee80 f   pjsip-core-x86_64-x64-vc14-release:sip_transport.obj
 0001:0000e210       pjsip_tpmgr_create         000000014000f210 f   pjsip-core-x86_64-x64-vc14-release:sip_transport.obj
 0001:0000e3c0       pjsip_tpmgr_destroy        000000014000f3c0 f   pjsip-core-x86_64-x64-vc14-release:sip_transport.obj
 0001:0000e510       pjsip_tpmgr_get_state_cb   000000014000f510 f   pjsip-core-x86_64-x64-vc14-release:sip_transport.obj
 0001:0000e520       pjsip_tpmgr_receive_packet 000000014000f520 f   pjsip-core-x86_64-x64-vc14-release:sip_transport.obj
 0001:0000e9f0       pjsip_tpmgr_register_tpfactory 000000014000f9f0 f   pjsip-core-x86_64-x64-vc14-release:sip_transport.obj
 0001:0000ea60       pjsip_tpmgr_unregister_tpfactory 000000014000fa60 f   pjsip-core-x86_64-x64-vc14-release:sip_transport.obj
 0001:0000eaa0       pjsip_tpselector_add_ref   000000014000faa0 f   pjsip-core-x86_64-x64-vc14-release:sip_transport.obj
 0001:0000eac0       pjsip_tpselector_dec_ref   000000014000fac0 f   pjsip-core-x86_64-x64-vc14-release:sip_transport.obj
 0001:0000eae0       pjsip_transport_add_ref    000000014000fae0 f   pjsip-core-x86_64-x64-vc14-release:sip_transport.obj
 0001:0000ec00       pjsip_transport_add_state_listener 000000014000fc00 f   pjsip-core-x86_64-x64-vc14-release:sip_transport.obj
 0001:0000ed20       pjsip_transport_dec_ref    000000014000fd20 f   pjsip-core-x86_64-x64-vc14-release:sip_transport.obj
 0001:0000eec0       pjsip_transport_destroy    000000014000fec0 f   pjsip-core-x86_64-x64-vc14-release:sip_transport.obj
 0001:0000ef30       pjsip_transport_get_default_port_for_type 000000014000ff30 f   pjsip-core-x86_64-x64-vc14-release:sip_transport.obj
 0001:0000ef70       pjsip_transport_get_flag_from_type 000000014000ff70 f   pjsip-core-x86_64-x64-vc14-release:sip_transport.obj
 0001:0000efb0       pjsip_transport_get_type_desc 000000014000ffb0 f   pjsip-core-x86_64-x64-vc14-release:sip_transport.obj
 0001:0000eff0       pjsip_transport_get_type_from_flag 000000014000fff0 f   pjsip-core-x86_64-x64-vc14-release:sip_transport.obj
 0001:0000f030       pjsip_transport_get_type_from_name 0000000140010030 f   pjsip-core-x86_64-x64-vc14-release:sip_transport.obj
 0001:0000f0b0       pjsip_transport_get_type_name 00000001400100b0 f   pjsip-core-x86_64-x64-vc14-release:sip_transport.obj
 0001:0000f0f0       pjsip_transport_register   00000001400100f0 f   pjsip-core-x86_64-x64-vc14-release:sip_transport.obj
 0001:0000f240       pjsip_transport_remove_state_listener 0000000140010240 f   pjsip-core-x86_64-x64-vc14-release:sip_transport.obj
 0001:0000f310       pjsip_transport_send       0000000140010310 f   pjsip-core-x86_64-x64-vc14-release:sip_transport.obj
 0001:0000f500       pjsip_transport_shutdown   0000000140010500 f   pjsip-core-x86_64-x64-vc14-release:sip_transport.obj
 0001:0000f620       pjsip_transport_type_get_af 0000000140010620 f   pjsip-core-x86_64-x64-vc14-release:sip_transport.obj
 0001:0000f640       pjsip_tx_data_add_ref      0000000140010640 f   pjsip-core-x86_64-x64-vc14-release:sip_transport.obj
 0001:0000f650       pjsip_tx_data_clone        0000000140010650 f   pjsip-core-x86_64-x64-vc14-release:sip_transport.obj
 0001:0000f8b0       pjsip_tx_data_create       00000001400108b0 f   pjsip-core-x86_64-x64-vc14-release:sip_transport.obj
 0001:0000f9f0       pjsip_tx_data_dec_ref      00000001400109f0 f   pjsip-core-x86_64-x64-vc14-release:sip_transport.obj
 0001:0000fa40       pjsip_tx_data_encode       0000000140010a40 f   pjsip-core-x86_64-x64-vc14-release:sip_transport.obj
 0001:0000fb40       pjsip_tx_data_get_info     0000000140010b40 f   pjsip-core-x86_64-x64-vc14-release:sip_transport.obj
 0001:0000fbb0       pjsip_tx_data_invalidate_msg 0000000140010bb0 f   pjsip-core-x86_64-x64-vc14-release:sip_transport.obj
 0001:0000fbd0       pjsip_tx_data_set_transport 0000000140010bd0 f   pjsip-core-x86_64-x64-vc14-release:sip_transport.obj
 0001:00010250       pjsip_endpt_acquire_transport2 0000000140011250 f   pjsip-core-x86_64-x64-vc14-release:sip_endpoint.obj
 0001:00010260       pjsip_endpt_add_capability 0000000140011260 f   pjsip-core-x86_64-x64-vc14-release:sip_endpoint.obj
 0001:00010380       pjsip_endpt_atexit         0000000140011380 f   pjsip-core-x86_64-x64-vc14-release:sip_endpoint.obj
 0001:00010400       pjsip_endpt_cancel_timer   0000000140011400 f   pjsip-core-x86_64-x64-vc14-release:sip_endpoint.obj
 0001:00010430       pjsip_endpt_create         0000000140011430 f   pjsip-core-x86_64-x64-vc14-release:sip_endpoint.obj
 0001:00010730       pjsip_endpt_create_pool    0000000140011730 f   pjsip-core-x86_64-x64-vc14-release:sip_endpoint.obj
 0001:00010790       pjsip_endpt_create_tdata   0000000140011790 f   pjsip-core-x86_64-x64-vc14-release:sip_endpoint.obj
 0001:000107a0       pjsip_endpt_destroy        00000001400117a0 f   pjsip-core-x86_64-x64-vc14-release:sip_endpoint.obj
 0001:00010930       pjsip_endpt_get_capability 0000000140011930 f   pjsip-core-x86_64-x64-vc14-release:sip_endpoint.obj
 0001:00010960       pjsip_endpt_get_ioqueue    0000000140011960 f   pjsip-core-x86_64-x64-vc14-release:sip_endpoint.obj
 0001:00010970       pjsip_endpt_get_request_headers 0000000140011970 f   pjsip-core-x86_64-x64-vc14-release:sip_endpoint.obj
 0001:00010980       pjsip_endpt_get_timer_heap 0000000140011980 f   pjsip-core-x86_64-x64-vc14-release:sip_endpoint.obj
 0001:00010990       pjsip_endpt_get_tpmgr      0000000140011990 f   pjsip-core-x86_64-x64-vc14-release:sip_endpoint.obj
 0001:000109a0       pjsip_endpt_handle_events  00000001400119a0 f   pjsip-core-x86_64-x64-vc14-release:sip_endpoint.obj
 0001:00010a80       pjsip_endpt_log_error      0000000140011a80 f   pjsip-core-x86_64-x64-vc14-release:sip_endpoint.obj
 0001:00010bc0       pjsip_endpt_name           0000000140011bc0 f   pjsip-core-x86_64-x64-vc14-release:sip_endpoint.obj
 0001:00010bd0       pjsip_endpt_register_module 0000000140011bd0 f   pjsip-core-x86_64-x64-vc14-release:sip_endpoint.obj
 0001:00010d20       pjsip_endpt_release_pool   0000000140011d20 f   pjsip-core-x86_64-x64-vc14-release:sip_endpoint.obj
 0001:00010d40       pjsip_endpt_resolve        0000000140011d40 f   pjsip-core-x86_64-x64-vc14-release:sip_endpoint.obj
 0001:00010d50       pjsip_endpt_schedule_timer_dbg 0000000140011d50 f   pjsip-core-x86_64-x64-vc14-release:sip_endpoint.obj
 0001:00010da0       pjsip_endpt_schedule_timer_w_grp_lock_dbg 0000000140011da0 f   pjsip-core-x86_64-x64-vc14-release:sip_endpoint.obj
 0001:00010df0       pjsip_endpt_unregister_module 0000000140011df0 f   pjsip-core-x86_64-x64-vc14-release:sip_endpoint.obj
 0001:000111e0       pjsip_endpt_create_ack     00000001400121e0 f   pjsip-core-x86_64-x64-vc14-release:sip_util.obj
 0001:00011450       pjsip_endpt_create_cancel  0000000140012450 f   pjsip-core-x86_64-x64-vc14-release:sip_util.obj
 0001:000117c0       pjsip_endpt_create_request_from_hdr 00000001400127c0 f   pjsip-core-x86_64-x64-vc14-release:sip_util.obj
 0001:00011a50       pjsip_endpt_create_response 0000000140012a50 f   pjsip-core-x86_64-x64-vc14-release:sip_util.obj
 0001:00011d10       pjsip_endpt_respond_stateless 0000000140012d10 f   pjsip-core-x86_64-x64-vc14-release:sip_util.obj
 0001:00011e90       pjsip_endpt_send_request_stateless 0000000140012e90 f   pjsip-core-x86_64-x64-vc14-release:sip_util.obj
 0001:00011fb0       pjsip_endpt_send_response  0000000140012fb0 f   pjsip-core-x86_64-x64-vc14-release:sip_util.obj
 0001:000120e0       pjsip_event_str            00000001400130e0 f   pjsip-core-x86_64-x64-vc14-release:sip_util.obj
 0001:000120f0       pjsip_get_dest_info        00000001400130f0 f   pjsip-core-x86_64-x64-vc14-release:sip_util.obj
 0001:000122d0       pjsip_get_request_dest     00000001400132d0 f   pjsip-core-x86_64-x64-vc14-release:sip_util.obj
 0001:00012350       pjsip_get_response_addr    0000000140013350 f   pjsip-core-x86_64-x64-vc14-release:sip_util.obj
 0001:000124b0       pjsip_process_route_set    00000001400134b0 f   pjsip-core-x86_64-x64-vc14-release:sip_util.obj
 0001:00012750       pjsip_restore_strict_route_set 0000000140013750 f   pjsip-core-x86_64-x64-vc14-release:sip_util.obj
 0001:00012810       pjsip_target_assign_status 0000000140013810 f   pjsip-core-x86_64-x64-vc14-release:sip_util.obj
 0001:00012850       pjsip_target_set_add_from_msg 0000000140013850 f   pjsip-core-x86_64-x64-vc14-release:sip_util.obj
 0001:000129c0       pjsip_target_set_add_uri   00000001400139c0 f   pjsip-core-x86_64-x64-vc14-release:sip_util.obj
 0001:00012ad0       pjsip_target_set_get_next  0000000140013ad0 f   pjsip-core-x86_64-x64-vc14-release:sip_util.obj
 0001:00012b20       pjsip_target_set_set_current 0000000140013b20 f   pjsip-core-x86_64-x64-vc14-release:sip_util.obj
 0001:00013400       pjsip_endpt_respond        0000000140014400 f   pjsip-core-x86_64-x64-vc14-release:sip_util_statefull.obj
 0001:00013790       pjsip_udp_transport_restart2 0000000140014790 f   pjsip-core-x86_64-x64-vc14-release:sip_transport_udp.obj
 0001:000139d0       pjsip_udp_transport_start  00000001400149d0 f   pjsip-core-x86_64-x64-vc14-release:sip_transport_udp.obj
 0001:00013aa0       pjsip_udp_transport_start2 0000000140014aa0 f   pjsip-core-x86_64-x64-vc14-release:sip_transport_udp.obj
 0001:00013c20       pjsip_udp_transport_start6 0000000140014c20 f   pjsip-core-x86_64-x64-vc14-release:sip_transport_udp.obj
 0001:000159f0       pjsip_tcp_transport_lis_start 00000001400169f0 f   pjsip-core-x86_64-x64-vc14-release:sip_transport_tcp.obj
 0001:00015e80       pjsip_tcp_transport_start  0000000140016e80 f   pjsip-core-x86_64-x64-vc14-release:sip_transport_tcp.obj
 0001:00015f50       pjsip_tcp_transport_start3 0000000140016f50 f   pjsip-core-x86_64-x64-vc14-release:sip_transport_tcp.obj
 0001:00019140       pjsip_rdata_get_tsx        000000014001a140 f   pjsip-core-x86_64-x64-vc14-release:sip_transaction.obj
 0001:00019150       pjsip_tsx_create_key       000000014001a150 f   pjsip-core-x86_64-x64-vc14-release:sip_transaction.obj
 0001:00019290       pjsip_tsx_create_uac       000000014001a290 f   pjsip-core-x86_64-x64-vc14-release:sip_transaction.obj
 0001:000192a0       pjsip_tsx_create_uac2      000000014001a2a0 f   pjsip-core-x86_64-x64-vc14-release:sip_transaction.obj
 0001:000195d0       pjsip_tsx_create_uas       000000014001a5d0 f   pjsip-core-x86_64-x64-vc14-release:sip_transaction.obj
 0001:000195e0       pjsip_tsx_create_uas2      000000014001a5e0 f   pjsip-core-x86_64-x64-vc14-release:sip_transaction.obj
 0001:00019870       pjsip_tsx_layer_find_tsx2  000000014001a870 f   pjsip-core-x86_64-x64-vc14-release:sip_transaction.obj
 0001:00019900       pjsip_tsx_layer_init_module 000000014001a900 f   pjsip-core-x86_64-x64-vc14-release:sip_transaction.obj
 0001:00019ad0       pjsip_tsx_recv_msg         000000014001aad0 f   pjsip-core-x86_64-x64-vc14-release:sip_transaction.obj
 0001:00019b80       pjsip_tsx_retransmit_no_state 000000014001ab80 f   pjsip-core-x86_64-x64-vc14-release:sip_transaction.obj
 0001:00019bf0       pjsip_tsx_send_msg         000000014001abf0 f   pjsip-core-x86_64-x64-vc14-release:sip_transaction.obj
 0001:00019ce0       pjsip_tsx_set_timeout      000000014001ace0 f   pjsip-core-x86_64-x64-vc14-release:sip_transaction.obj
 0001:00019df0       pjsip_tsx_set_transport    000000014001adf0 f   pjsip-core-x86_64-x64-vc14-release:sip_transaction.obj
 0001:00019e70       pjsip_tsx_state_str        000000014001ae70 f   pjsip-core-x86_64-x64-vc14-release:sip_transaction.obj
 0001:00019e80       pjsip_tsx_terminate        000000014001ae80 f   pjsip-core-x86_64-x64-vc14-release:sip_transaction.obj
 0001:0001ba40       pjsip_rdata_get_dlg        000000014001ca40 f   pjsip-core-x86_64-x64-vc14-release:sip_ua_layer.obj
 0001:0001ba50       pjsip_tsx_get_dlg          000000014001ca50 f   pjsip-core-x86_64-x64-vc14-release:sip_ua_layer.obj
 0001:0001ba60       pjsip_ua_get_endpt         000000014001ca60 f   pjsip-core-x86_64-x64-vc14-release:sip_ua_layer.obj
 0001:0001ba70       pjsip_ua_init_module       000000014001ca70 f   pjsip-core-x86_64-x64-vc14-release:sip_ua_layer.obj
 0001:0001baa0       pjsip_ua_instance          000000014001caa0 f   pjsip-core-x86_64-x64-vc14-release:sip_ua_layer.obj
 0001:0001bab0       pjsip_ua_register_dlg      000000014001cab0 f   pjsip-core-x86_64-x64-vc14-release:sip_ua_layer.obj
 0001:0001bbe0       pjsip_ua_unregister_dlg    000000014001cbe0 f   pjsip-core-x86_64-x64-vc14-release:sip_ua_layer.obj
 0001:0001be70       create_uas_dialog          000000014001ce70 f   pjsip-core-x86_64-x64-vc14-release:sip_dialog.obj
 0001:0001c810       pjsip_dlg_add_usage        000000014001d810 f   pjsip-core-x86_64-x64-vc14-release:sip_dialog.obj
 0001:0001c9b0       pjsip_dlg_create_request   000000014001d9b0 f   pjsip-core-x86_64-x64-vc14-release:sip_dialog.obj
 0001:0001cc30       pjsip_dlg_create_response  000000014001dc30 f   pjsip-core-x86_64-x64-vc14-release:sip_dialog.obj
 0001:0001cd40       pjsip_dlg_create_uac       000000014001dd40 f   pjsip-core-x86_64-x64-vc14-release:sip_dialog.obj
 0001:0001cdd0       pjsip_dlg_create_uac2      000000014001ddd0 f   pjsip-core-x86_64-x64-vc14-release:sip_dialog.obj
 0001:0001d280       pjsip_dlg_create_uas_and_inc_lock 000000014001e280 f   pjsip-core-x86_64-x64-vc14-release:sip_dialog.obj
 0001:0001d2a0       pjsip_dlg_dec_lock         000000014001e2a0 f   pjsip-core-x86_64-x64-vc14-release:sip_dialog.obj
 0001:0001d310       pjsip_dlg_dec_session      000000014001e310 f   pjsip-core-x86_64-x64-vc14-release:sip_dialog.obj
 0001:0001d3f0       pjsip_dlg_get_remote_cap_hdr 000000014001e3f0 f   pjsip-core-x86_64-x64-vc14-release:sip_dialog.obj
 0001:0001d510       pjsip_dlg_inc_lock         000000014001e510 f   pjsip-core-x86_64-x64-vc14-release:sip_dialog.obj
 0001:0001d540       pjsip_dlg_inc_session      000000014001e540 f   pjsip-core-x86_64-x64-vc14-release:sip_dialog.obj
 0001:0001d620       pjsip_dlg_modify_response  000000014001e620 f   pjsip-core-x86_64-x64-vc14-release:sip_dialog.obj
 0001:0001d740       pjsip_dlg_on_rx_request    000000014001e740 f   pjsip-core-x86_64-x64-vc14-release:sip_dialog.obj
 0001:0001dcd0       pjsip_dlg_on_rx_response   000000014001ecd0 f   pjsip-core-x86_64-x64-vc14-release:sip_dialog.obj
 0001:0001e0f0       pjsip_dlg_on_tsx_state     000000014001f0f0 f   pjsip-core-x86_64-x64-vc14-release:sip_dialog.obj
 0001:0001e270       pjsip_dlg_remote_has_cap   000000014001f270 f   pjsip-core-x86_64-x64-vc14-release:sip_dialog.obj
 0001:0001e390       pjsip_dlg_send_request     000000014001f390 f   pjsip-core-x86_64-x64-vc14-release:sip_dialog.obj
 0001:0001e5b0       pjsip_dlg_send_response    000000014001f5b0 f   pjsip-core-x86_64-x64-vc14-release:sip_dialog.obj
 0001:0001e700       pjsip_dlg_set_remote_cap_hdr 000000014001f700 f   pjsip-core-x86_64-x64-vc14-release:sip_dialog.obj
 0001:0001e880       pjsip_dlg_try_inc_lock     000000014001f880 f   pjsip-core-x86_64-x64-vc14-release:sip_dialog.obj
 0001:0001e8d0       pjsip_dlg_update_remote_cap 000000014001f8d0 f   pjsip-core-x86_64-x64-vc14-release:sip_dialog.obj
 0001:0001eb70       pjsip_method_creates_dialog 000000014001fb70 f   pjsip-core-x86_64-x64-vc14-release:sip_dialog.obj
 0001:0001f200       pjsip_auth_clt_deinit      0000000140020200 f   pjsip-core-x86_64-x64-vc14-release:sip_auth_client.obj
 0001:0001f270       pjsip_auth_clt_init        0000000140020270 f   pjsip-core-x86_64-x64-vc14-release:sip_auth_client.obj
 0001:0001f2b0       pjsip_auth_clt_init_req    00000001400202b0 f   pjsip-core-x86_64-x64-vc14-release:sip_auth_client.obj
 0001:0001f550       pjsip_auth_clt_reinit_req  0000000140020550 f   pjsip-core-x86_64-x64-vc14-release:sip_auth_client.obj
 0001:0001f8c0       pjsip_auth_create_digest   00000001400208c0 f   pjsip-core-x86_64-x64-vc14-release:sip_auth_client.obj
 0001:00020190       deinit_sip_parser          0000000140021190 f   pjsip-core-x86_64-x64-vc14-release:sip_parser.obj
 0001:00020bd0       init_sip_parser            0000000140021bd0 f   pjsip-core-x86_64-x64-vc14-release:sip_parser.obj
 0001:00023700       pjsip_find_msg             0000000140024700 f   pjsip-core-x86_64-x64-vc14-release:sip_parser.obj
 0001:00023a80       pjsip_parse_end_hdr_imp    0000000140024a80 f   pjsip-core-x86_64-x64-vc14-release:sip_parser.obj
 0001:00023aa0       pjsip_parse_hdr            0000000140024aa0 f   pjsip-core-x86_64-x64-vc14-release:sip_parser.obj
 0001:00023bc0       pjsip_parse_headers        0000000140024bc0 f   pjsip-core-x86_64-x64-vc14-release:sip_parser.obj
 0001:00023e30       pjsip_parse_param_imp      0000000140024e30 f   pjsip-core-x86_64-x64-vc14-release:sip_parser.obj
 0001:00023f20       pjsip_parse_rdata          0000000140024f20 f   pjsip-core-x86_64-x64-vc14-release:sip_parser.obj
 0001:00023fa0       pjsip_parse_uri            0000000140024fa0 f   pjsip-core-x86_64-x64-vc14-release:sip_parser.obj
 0001:00024080       pjsip_parser_const         0000000140025080 f   pjsip-core-x86_64-x64-vc14-release:sip_parser.obj
 0001:00024090       pjsip_register_hdr_parser  0000000140025090 f   pjsip-core-x86_64-x64-vc14-release:sip_parser.obj
 0001:00024170       pjsip_register_uri_parser  0000000140025170 f   pjsip-core-x86_64-x64-vc14-release:sip_parser.obj
 0001:00024800       pjsip_multipart_find_part  0000000140025800 f   pjsip-core-x86_64-x64-vc14-release:sip_multipart.obj
 0001:000248a0       pjsip_multipart_parse      00000001400258a0 f   pjsip-core-x86_64-x64-vc14-release:sip_multipart.obj
 0001:000259f0       pjsip_name_addr_assign     00000001400269f0 f   pjsip-core-x86_64-x64-vc14-release:sip_uri.obj
 0001:00025a40       pjsip_name_addr_create     0000000140026a40 f   pjsip-core-x86_64-x64-vc14-release:sip_uri.obj
 0001:00025a70       pjsip_name_addr_init       0000000140026a70 f   pjsip-core-x86_64-x64-vc14-release:sip_uri.obj
 0001:00025a90       pjsip_other_uri_create     0000000140026a90 f   pjsip-core-x86_64-x64-vc14-release:sip_uri.obj
 0001:00025ac0       pjsip_param_clone          0000000140026ac0 f   pjsip-core-x86_64-x64-vc14-release:sip_uri.obj
 0001:00025b60       pjsip_param_cmp            0000000140026b60 f   pjsip-core-x86_64-x64-vc14-release:sip_uri.obj
 0001:00025c20       pjsip_param_find           0000000140026c20 f   pjsip-core-x86_64-x64-vc14-release:sip_uri.obj
 0001:00025c80       pjsip_param_print_on       0000000140026c80 f   pjsip-core-x86_64-x64-vc14-release:sip_uri.obj
 0001:00025dc0       pjsip_param_shallow_clone  0000000140026dc0 f   pjsip-core-x86_64-x64-vc14-release:sip_uri.obj
 0001:00025e40       pjsip_sip_uri_create       0000000140026e40 f   pjsip-core-x86_64-x64-vc14-release:sip_uri.obj
 0001:000261f0       pjsip_resolve              00000001400271f0 f   pjsip-core-x86_64-x64-vc14-release:sip_resolve.obj
 0001:000268a0       pjsip_resolver_create      00000001400278a0 f   pjsip-core-x86_64-x64-vc14-release:sip_resolve.obj
 0001:000268e0       pjsip_resolver_destroy     00000001400278e0 f   pjsip-core-x86_64-x64-vc14-release:sip_resolve.obj
 0001:00026b00       pjsip_strerror             0000000140027b00 f   pjsip-core-x86_64-x64-vc14-release:sip_errno.obj
 0001:00027080       pjsip_tel_nb_cmp           0000000140028080 f   pjsip-core-x86_64-x64-vc14-release:sip_tel_uri.obj
 0001:00027180       pjsip_tel_uri_subsys_init  0000000140028180 f   pjsip-core-x86_64-x64-vc14-release:sip_tel_uri.obj
 0001:00027d80       pjsip_authorization_hdr_create 0000000140028d80 f   pjsip-core-x86_64-x64-vc14-release:sip_auth_msg.obj
 0001:00027e00       pjsip_proxy_authenticate_hdr_create 0000000140028e00 f   pjsip-core-x86_64-x64-vc14-release:sip_auth_msg.obj
 0001:00027e80       pjsip_proxy_authorization_hdr_create 0000000140028e80 f   pjsip-core-x86_64-x64-vc14-release:sip_auth_msg.obj
 0001:00027f00       pjsip_www_authenticate_hdr_create 0000000140028f00 f   pjsip-core-x86_64-x64-vc14-release:sip_auth_msg.obj
 0001:00029160       pjsip_auth_init_parser     000000014002a160 f   pjsip-core-x86_64-x64-vc14-release:sip_auth_parser.obj
 0001:000294c0       pjmedia_sdp_attr_create    000000014002a4c0 f   pjmedia-x86_64-x64-vc14-release:sdp.obj
 0001:00029570       pjmedia_sdp_attr_get_rtpmap 000000014002a570 f   pjmedia-x86_64-x64-vc14-release:sdp.obj
 0001:00029750       pjmedia_sdp_conn_clone     000000014002a750 f   pjmedia-x86_64-x64-vc14-release:sdp.obj
 0001:000297e0       pjmedia_sdp_media_add_attr 000000014002a7e0 f   pjmedia-x86_64-x64-vc14-release:sdp.obj
 0001:00029820       pjmedia_sdp_media_clone    000000014002a820 f   pjmedia-x86_64-x64-vc14-release:sdp.obj
 0001:00029a10       pjmedia_sdp_media_clone_deactivate 000000014002aa10 f   pjmedia-x86_64-x64-vc14-release:sdp.obj
 0001:00029bd0       pjmedia_sdp_media_deactivate 000000014002abd0 f   pjmedia-x86_64-x64-vc14-release:sdp.obj
 0001:00029bf0       pjmedia_sdp_media_find_attr2 000000014002abf0 f   pjmedia-x86_64-x64-vc14-release:sdp.obj
 0001:00029cf0       pjmedia_sdp_media_remove_all_attr 000000014002acf0 f   pjmedia-x86_64-x64-vc14-release:sdp.obj
 0001:00029df0       pjmedia_sdp_media_remove_attr 000000014002adf0 f   pjmedia-x86_64-x64-vc14-release:sdp.obj
 0001:00029ea0       pjmedia_sdp_parse          000000014002aea0 f   pjmedia-x86_64-x64-vc14-release:sdp.obj
 0001:0002a7f0       pjmedia_sdp_print          000000014002b7f0 f   pjmedia-x86_64-x64-vc14-release:sdp.obj
 0001:0002a800       pjmedia_sdp_session_clone  000000014002b800 f   pjmedia-x86_64-x64-vc14-release:sdp.obj
 0001:0002aa40       pjmedia_sdp_transport_cmp  000000014002ba40 f   pjmedia-x86_64-x64-vc14-release:sdp.obj
 0001:0002aaa0       pjmedia_sdp_transport_get_proto 000000014002baa0 f   pjmedia-x86_64-x64-vc14-release:sdp.obj
 0001:0002ac00       pjmedia_sdp_validate       000000014002bc00 f   pjmedia-x86_64-x64-vc14-release:sdp.obj
 0001:0002ac10       pjmedia_sdp_validate2      000000014002bc10 f   pjmedia-x86_64-x64-vc14-release:sdp.obj
 0001:0002c3d0       pjmedia_sdp_neg_cancel_offer 000000014002d3d0 f   pjmedia-x86_64-x64-vc14-release:sdp_neg.obj
 0001:0002c430       pjmedia_sdp_neg_create_w_local_offer 000000014002d430 f   pjmedia-x86_64-x64-vc14-release:sdp_neg.obj
 0001:0002c4f0       pjmedia_sdp_neg_create_w_remote_offer 000000014002d4f0 f   pjmedia-x86_64-x64-vc14-release:sdp_neg.obj
 0001:0002c5f0       pjmedia_sdp_neg_get_active_local 000000014002d5f0 f   pjmedia-x86_64-x64-vc14-release:sdp_neg.obj
 0001:0002c620       pjmedia_sdp_neg_get_neg_local 000000014002d620 f   pjmedia-x86_64-x64-vc14-release:sdp_neg.obj
 0001:0002c650       pjmedia_sdp_neg_get_state  000000014002d650 f   pjmedia-x86_64-x64-vc14-release:sdp_neg.obj
 0001:0002c660       pjmedia_sdp_neg_has_local_answer 000000014002d660 f   pjmedia-x86_64-x64-vc14-release:sdp_neg.obj
 0001:0002c670       pjmedia_sdp_neg_modify_local_offer2 000000014002d670 f   pjmedia-x86_64-x64-vc14-release:sdp_neg.obj
 0001:0002c8c0       pjmedia_sdp_neg_negotiate  000000014002d8c0 f   pjmedia-x86_64-x64-vc14-release:sdp_neg.obj
 0001:0002cb40       pjmedia_sdp_neg_send_local_offer 000000014002db40 f   pjmedia-x86_64-x64-vc14-release:sdp_neg.obj
 0001:0002cc30       pjmedia_sdp_neg_set_local_answer 000000014002dc30 f   pjmedia-x86_64-x64-vc14-release:sdp_neg.obj
 0001:0002cd00       pjmedia_sdp_neg_set_remote_answer 000000014002dd00 f   pjmedia-x86_64-x64-vc14-release:sdp_neg.obj
 0001:0002cd60       pjmedia_sdp_neg_set_remote_offer 000000014002dd60 f   pjmedia-x86_64-x64-vc14-release:sdp_neg.obj
 0001:0002cdb0       pjmedia_sdp_neg_state_str  000000014002ddb0 f   pjmedia-x86_64-x64-vc14-release:sdp_neg.obj
 0001:0002d570       pjlib_util_init            000000014002e570 f   pjlib-util-x86_64-x64-vc14-release:errno.obj
 0001:0002d590       pjlib_util_strerror        000000014002e590 f   pjlib-util-x86_64-x64-vc14-release:errno.obj
 0001:0002df90       pj_getopt_long             000000014002ef90 f   pjlib-util-x86_64-x64-vc14-release:getopt.obj
 0001:0002dfb0       pj_cis_add_alpha           000000014002efb0 f   pjlib-util-x86_64-x64-vc14-release:scanner.obj
 0001:0002dfe0       pj_cis_add_cis             000000014002efe0 f   pjlib-util-x86_64-x64-vc14-release:scanner.obj
 0001:0002e030       pj_cis_add_num             000000014002f030 f   pjlib-util-x86_64-x64-vc14-release:scanner.obj
 0001:0002e040       pj_cis_add_range           000000014002f040 f   pjlib-util-x86_64-x64-vc14-release:scanner.obj
 0001:0002e190       pj_cis_add_str             000000014002f190 f   pjlib-util-x86_64-x64-vc14-release:scanner.obj
 0001:0002e1d0       pj_cis_buf_init            000000014002f1d0 f   pjlib-util-x86_64-x64-vc14-release:scanner.obj
 0001:0002e200       pj_cis_del_str             000000014002f200 f   pjlib-util-x86_64-x64-vc14-release:scanner.obj
 0001:0002e240       pj_cis_dup                 000000014002f240 f   pjlib-util-x86_64-x64-vc14-release:scanner.obj
 0001:0002e2f0       pj_cis_init                000000014002f2f0 f   pjlib-util-x86_64-x64-vc14-release:scanner.obj
 0001:0002e330       pj_cis_invert              000000014002f330 f   pjlib-util-x86_64-x64-vc14-release:scanner.obj
 0001:0002e380       pj_scan_advance_n          000000014002f380 f   pjlib-util-x86_64-x64-vc14-release:scanner.obj
 0001:0002e3b0       pj_scan_fini               000000014002f3b0 f   pjlib-util-x86_64-x64-vc14-release:scanner.obj
 0001:0002e3d0       pj_scan_get                000000014002f3d0 f   pjlib-util-x86_64-x64-vc14-release:scanner.obj
 0001:0002e440       pj_scan_get_char           000000014002f440 f   pjlib-util-x86_64-x64-vc14-release:scanner.obj
 0001:0002e490       pj_scan_get_n              000000014002f490 f   pjlib-util-x86_64-x64-vc14-release:scanner.obj
 0001:0002e4d0       pj_scan_get_newline        000000014002f4d0 f   pjlib-util-x86_64-x64-vc14-release:scanner.obj
 0001:0002e510       pj_scan_get_quote          000000014002f510 f   pjlib-util-x86_64-x64-vc14-release:scanner.obj
 0001:0002e5e0       pj_scan_get_until_ch       000000014002f5e0 f   pjlib-util-x86_64-x64-vc14-release:scanner.obj
 0001:0002e630       pj_scan_get_until_chr      000000014002f630 f   pjlib-util-x86_64-x64-vc14-release:scanner.obj
 0001:0002e6e0       pj_scan_init               000000014002f6e0 f   pjlib-util-x86_64-x64-vc14-release:scanner.obj
 0001:0002e760       pj_scan_peek               000000014002f760 f   pjlib-util-x86_64-x64-vc14-release:scanner.obj
 0001:0002e7d0       pj_scan_skip_line          000000014002f7d0 f   pjlib-util-x86_64-x64-vc14-release:scanner.obj
 0001:0002e810       pj_scan_skip_whitespace    000000014002f810 f   pjlib-util-x86_64-x64-vc14-release:scanner.obj
 0001:0002e8f0       pj_str_unescape            000000014002f8f0 f   pjlib-util-x86_64-x64-vc14-release:string.obj
 0001:0002ea00       pj_strncpy2_escape         000000014002fa00 f   pjlib-util-x86_64-x64-vc14-release:string.obj
 0001:0002edb0       pj_dns_parse_addr_response 000000014002fdb0 f   pjlib-util-x86_64-x64-vc14-release:resolver.obj
 0001:0002f0d0       pj_dns_resolver_cancel_query 00000001400300d0 f   pjlib-util-x86_64-x64-vc14-release:resolver.obj
 0001:0002f170       pj_dns_resolver_destroy    0000000140030170 f   pjlib-util-x86_64-x64-vc14-release:resolver.obj
 0001:0002f340       pj_dns_resolver_start_query 0000000140030340 f   pjlib-util-x86_64-x64-vc14-release:resolver.obj
 0001:000304d0       pj_md5_final               00000001400314d0 f   pjlib-util-x86_64-x64-vc14-release:md5.obj
 0001:00030590       pj_md5_init                0000000140031590 f   pjlib-util-x86_64-x64-vc14-release:md5.obj
 0001:000305c0       pj_md5_update              00000001400315c0 f   pjlib-util-x86_64-x64-vc14-release:md5.obj
 0001:000306c0       pj_dns_get_type_name       00000001400316c0 f   pjlib-util-x86_64-x64-vc14-release:dns.obj
 0001:00030790       pj_dns_make_query          0000000140031790 f   pjlib-util-x86_64-x64-vc14-release:dns.obj
 0001:00031a90       pj_dns_srv_resolve         0000000140032a90 f   pjlib-util-x86_64-x64-vc14-release:srv_resolver.obj
 0001:00031d60       pj_atexit                  0000000140032d60 f   pjlib-x86_64-x64-vc14-release:os_core_win32.obj
 0001:00031d90       pj_atomic_create           0000000140032d90 f   pjlib-x86_64-x64-vc14-release:os_core_win32.obj
 0001:00031dd0       pj_atomic_dec_and_get      0000000140032dd0 f   pjlib-x86_64-x64-vc14-release:os_core_win32.obj
 0001:00031e40       pj_atomic_destroy          0000000140032e40 f   pjlib-x86_64-x64-vc14-release:os_core_win32.obj
 0001:00031e50       pj_atomic_get              0000000140032e50 f   pjlib-x86_64-x64-vc14-release:os_core_win32.obj
 0001:00031ec0       pj_atomic_inc              0000000140032ec0 f   pjlib-x86_64-x64-vc14-release:os_core_win32.obj
 0001:00031f20       pj_atomic_inc_and_get      0000000140032f20 f   pjlib-x86_64-x64-vc14-release:os_core_win32.obj
 0001:00031f90       pj_atomic_set              0000000140032f90 f   pjlib-x86_64-x64-vc14-release:os_core_win32.obj
 0001:00032000       pj_enter_critical_section  0000000140033000 f   pjlib-x86_64-x64-vc14-release:os_core_win32.obj
 0001:00032070       pj_init                    0000000140033070 f   pjlib-x86_64-x64-vc14-release:os_core_win32.obj
 0001:000323a0       pj_leave_critical_section  00000001400333a0 f   pjlib-x86_64-x64-vc14-release:os_core_win32.obj
 0001:00032410       pj_mutex_create            0000000140033410 f   pjlib-x86_64-x64-vc14-release:os_core_win32.obj
 0001:00032490       pj_mutex_create_recursive  0000000140033490 f   pjlib-x86_64-x64-vc14-release:os_core_win32.obj
 0001:00032490       pj_mutex_create_simple     0000000140033490 f   pjlib-x86_64-x64-vc14-release:os_core_win32.obj
 0001:00032510       pj_mutex_destroy           0000000140033510 f   pjlib-x86_64-x64-vc14-release:os_core_win32.obj
 0001:00032590       pj_mutex_lock              0000000140033590 f   pjlib-x86_64-x64-vc14-release:os_core_win32.obj
 0001:00032610       pj_mutex_trylock           0000000140033610 f   pjlib-x86_64-x64-vc14-release:os_core_win32.obj
 0001:000326a0       pj_mutex_unlock            00000001400336a0 f   pjlib-x86_64-x64-vc14-release:os_core_win32.obj
 0001:00032720       pj_rwmutex_create          0000000140033720 f   pjlib-x86_64-x64-vc14-release:os_core_win32.obj
 0001:00032920       pj_rwmutex_destroy         0000000140033920 f   pjlib-x86_64-x64-vc14-release:os_core_win32.obj
 0001:00032a30       pj_rwmutex_lock_read       0000000140033a30 f   pjlib-x86_64-x64-vc14-release:os_core_win32.obj
 0001:00032b50       pj_rwmutex_lock_write      0000000140033b50 f   pjlib-x86_64-x64-vc14-release:os_core_win32.obj
 0001:00032bf0       pj_rwmutex_unlock_read     0000000140033bf0 f   pjlib-x86_64-x64-vc14-release:os_core_win32.obj
 0001:00032d10       pj_rwmutex_unlock_write    0000000140033d10 f   pjlib-x86_64-x64-vc14-release:os_core_win32.obj
 0001:00032d30       pj_sem_destroy             0000000140033d30 f   pjlib-x86_64-x64-vc14-release:os_core_win32.obj
 0001:00032de0       pj_sem_post                0000000140033de0 f   pjlib-x86_64-x64-vc14-release:os_core_win32.obj
 0001:00032ea0       pj_sem_trywait             0000000140033ea0 f   pjlib-x86_64-x64-vc14-release:os_core_win32.obj
 0001:00032f20       pj_sem_wait                0000000140033f20 f   pjlib-x86_64-x64-vc14-release:os_core_win32.obj
 0001:00033090       pj_term_set_color          0000000140034090 f   pjlib-x86_64-x64-vc14-release:os_core_win32.obj
 0001:00033180       pj_thread_check_stack      0000000140034180 f   pjlib-x86_64-x64-vc14-release:os_core_win32.obj
 0001:000331e0       pj_thread_create           00000001400341e0 f   pjlib-x86_64-x64-vc14-release:os_core_win32.obj
 0001:000333a0       pj_thread_get_name         00000001400343a0 f   pjlib-x86_64-x64-vc14-release:os_core_win32.obj
 0001:00033410       pj_thread_join             0000000140034410 f   pjlib-x86_64-x64-vc14-release:os_core_win32.obj
 0001:00033510       pj_thread_local_alloc      0000000140034510 f   pjlib-x86_64-x64-vc14-release:os_core_win32.obj
 0001:00033580       pj_thread_local_free       0000000140034580 f   pjlib-x86_64-x64-vc14-release:os_core_win32.obj
 0001:000335e0       pj_thread_local_get        00000001400345e0 f   pjlib-x86_64-x64-vc14-release:os_core_win32.obj
 0001:000335f0       pj_thread_local_set        00000001400345f0 f   pjlib-x86_64-x64-vc14-release:os_core_win32.obj
 0001:00033640       pj_thread_sleep            0000000140034640 f   pjlib-x86_64-x64-vc14-release:os_core_win32.obj
 0001:000336b0       pj_thread_this             00000001400346b0 f   pjlib-x86_64-x64-vc14-release:os_core_win32.obj
 0001:00033770       pj_perror                  0000000140034770 f   pjlib-x86_64-x64-vc14-release:errno.obj
 0001:00033790       pj_perror_1                0000000140034790 f   pjlib-x86_64-x64-vc14-release:errno.obj
 0001:000337c0       pj_perror_2                00000001400347c0 f   pjlib-x86_64-x64-vc14-release:errno.obj
 0001:000337f0       pj_perror_3                00000001400347f0 f   pjlib-x86_64-x64-vc14-release:errno.obj
 0001:00033820       pj_perror_4                0000000140034820 f   pjlib-x86_64-x64-vc14-release:errno.obj
 0001:00033940       pj_register_strerror       0000000140034940 f   pjlib-x86_64-x64-vc14-release:errno.obj
 0001:00033a30       pj_strerror                0000000140034a30 f   pjlib-x86_64-x64-vc14-release:errno.obj
 0001:00033bc0       pj_list_erase              0000000140034bc0 f   pjlib-x86_64-x64-vc14-release:list.obj
 0001:00033be0       pj_list_find_node          0000000140034be0 f   pjlib-x86_64-x64-vc14-release:list.obj
 0001:00033c10       pj_list_insert_after       0000000140034c10 f   pjlib-x86_64-x64-vc14-release:list.obj
 0001:00033c30       pj_list_insert_before      0000000140034c30 f   pjlib-x86_64-x64-vc14-release:list.obj
 0001:00033c50       pj_list_insert_nodes_before 0000000140034c50 f   pjlib-x86_64-x64-vc14-release:list.obj
 0001:00033c70       pj_list_search             0000000140034c70 f   pjlib-x86_64-x64-vc14-release:list.obj
 0001:00033cd0       pj_list_size               0000000140034cd0 f   pjlib-x86_64-x64-vc14-release:list.obj
 0001:00033cf0       pj_addr_str_print          0000000140034cf0 f   pjlib-x86_64-x64-vc14-release:sock_common.obj
 0001:00033dd0       pj_gethostip               0000000140034dd0 f   pjlib-x86_64-x64-vc14-release:sock_common.obj
 0001:000346b0       pj_getipinterface          00000001400356b0 f   pjlib-x86_64-x64-vc14-release:sock_common.obj
 0001:000348d0       pj_sockaddr_cmp            00000001400358d0 f   pjlib-x86_64-x64-vc14-release:sock_common.obj
 0001:000349f0       pj_sockaddr_copy_addr      00000001400359f0 f   pjlib-x86_64-x64-vc14-release:sock_common.obj
 0001:00034a70       pj_sockaddr_cp             0000000140035a70 f   pjlib-x86_64-x64-vc14-release:sock_common.obj
 0001:00034ab0       pj_sockaddr_get_addr       0000000140035ab0 f   pjlib-x86_64-x64-vc14-release:sock_common.obj
 0001:00034ae0       pj_sockaddr_get_len        0000000140035ae0 f   pjlib-x86_64-x64-vc14-release:sock_common.obj
 0001:00034b10       pj_sockaddr_get_port       0000000140035b10 f   pjlib-x86_64-x64-vc14-release:sock_common.obj
 0001:00034b40       pj_sockaddr_has_addr       0000000140035b40 f   pjlib-x86_64-x64-vc14-release:sock_common.obj
 0001:00034be0       pj_sockaddr_in_init        0000000140035be0 f   pjlib-x86_64-x64-vc14-release:sock_common.obj
 0001:00034c50       pj_sockaddr_in_set_str_addr 0000000140035c50 f   pjlib-x86_64-x64-vc14-release:sock_common.obj
 0001:00034d30       pj_sockaddr_init           0000000140035d30 f   pjlib-x86_64-x64-vc14-release:sock_common.obj
 0001:00034eb0       pj_sockaddr_print          0000000140035eb0 f   pjlib-x86_64-x64-vc14-release:sock_common.obj
 0001:00035010       pj_sockaddr_set_port       0000000140036010 f   pjlib-x86_64-x64-vc14-release:sock_common.obj
 0001:00035060       pj_NO_MEMORY_EXCEPTION     0000000140036060 f   pjlib-x86_64-x64-vc14-release:pool.obj
 0001:00035070       pj_pool_alloc              0000000140036070 f   pjlib-x86_64-x64-vc14-release:pool.obj
 0001:00035230       pj_pool_calloc             0000000140036230 f   pjlib-x86_64-x64-vc14-release:pool.obj
 0001:00035270       pj_pool_create             0000000140036270 f   pjlib-x86_64-x64-vc14-release:pool.obj
 0001:00035280       pj_pool_create_int         0000000140036280 f   pjlib-x86_64-x64-vc14-release:pool.obj
 0001:000353e0       pj_pool_destroy_int        00000001400363e0 f   pjlib-x86_64-x64-vc14-release:pool.obj
 0001:00035420       pj_pool_get_capacity       0000000140036420 f   pjlib-x86_64-x64-vc14-release:pool.obj
 0001:00035430       pj_pool_get_used_size      0000000140036430 f   pjlib-x86_64-x64-vc14-release:pool.obj
 0001:00035470       pj_pool_getobjname         0000000140036470 f   pjlib-x86_64-x64-vc14-release:pool.obj
 0001:00035480       pj_pool_init_int           0000000140036480 f   pjlib-x86_64-x64-vc14-release:pool.obj
 0001:00035520       pj_pool_release            0000000140036520 f   pjlib-x86_64-x64-vc14-release:pool.obj
 0001:00035540       pj_pool_reset              0000000140036540 f   pjlib-x86_64-x64-vc14-release:pool.obj
 0001:00035560       pj_pool_safe_release       0000000140036560 f   pjlib-x86_64-x64-vc14-release:pool.obj
 0001:00035a70       pj_caching_pool_destroy    0000000140036a70 f   pjlib-x86_64-x64-vc14-release:pool_caching.obj
 0001:00035b80       pj_caching_pool_init       0000000140036b80 f   pjlib-x86_64-x64-vc14-release:pool_caching.obj
 0001:00035d40       pj_str                     0000000140036d40 f   pjlib-x86_64-x64-vc14-release:string.obj
 0001:00035d70       pj_strassign               0000000140036d70 f   pjlib-x86_64-x64-vc14-release:string.obj
 0001:00035d90       pj_strcat                  0000000140036d90 f   pjlib-x86_64-x64-vc14-release:string.obj
 0001:00035dd0       pj_strcat2                 0000000140036dd0 f   pjlib-x86_64-x64-vc14-release:string.obj
 0001:00035e20       pj_strcmp                  0000000140036e20 f   pjlib-x86_64-x64-vc14-release:string.obj
 0001:00035ea0       pj_strcmp2                 0000000140036ea0 f   pjlib-x86_64-x64-vc14-release:string.obj
 0001:00035f50       pj_strcpy                  0000000140036f50 f   pjlib-x86_64-x64-vc14-release:string.obj
 0001:00035f80       pj_strcpy2                 0000000140036f80 f   pjlib-x86_64-x64-vc14-release:string.obj
 0001:00035fd0       pj_strdup                  0000000140036fd0 f   pjlib-x86_64-x64-vc14-release:string.obj
 0001:00036020       pj_strdup2                 0000000140037020 f   pjlib-x86_64-x64-vc14-release:string.obj
 0001:00036090       pj_strdup2_with_null       0000000140037090 f   pjlib-x86_64-x64-vc14-release:string.obj
 0001:00036100       pj_strdup_with_null        0000000140037100 f   pjlib-x86_64-x64-vc14-release:string.obj
 0001:00036160       pj_stricmp                 0000000140037160 f   pjlib-x86_64-x64-vc14-release:string.obj
 0001:000361f0       pj_stricmp2                00000001400371f0 f   pjlib-x86_64-x64-vc14-release:string.obj
 0001:000362a0       pj_strncpy                 00000001400372a0 f   pjlib-x86_64-x64-vc14-release:string.obj
 0001:000362f0       pj_strncpy_with_null       00000001400372f0 f   pjlib-x86_64-x64-vc14-release:string.obj
 0001:00036340       pj_strnicmp                0000000140037340 f   pjlib-x86_64-x64-vc14-release:string.obj
 0001:00036390       pj_strstr                  0000000140037390 f   pjlib-x86_64-x64-vc14-release:string.obj
 0001:00036420       pj_strtok2                 0000000140037420 f   pjlib-x86_64-x64-vc14-release:string.obj
 0001:00036530       pj_strtol                  0000000140037530 f   pjlib-x86_64-x64-vc14-release:string.obj
 0001:000365a0       pj_strtol2                 00000001400375a0 f   pjlib-x86_64-x64-vc14-release:string.obj
 0001:00036770       pj_strtoul                 0000000140037770 f   pjlib-x86_64-x64-vc14-release:string.obj
 0001:00036810       pj_strtoul2                0000000140037810 f   pjlib-x86_64-x64-vc14-release:string.obj
 0001:00036900       pj_strtoul3                0000000140037900 f   pjlib-x86_64-x64-vc14-release:string.obj
 0001:00036a80       pj_strtrim                 0000000140037a80 f   pjlib-x86_64-x64-vc14-release:string.obj
 0001:00036b20       pj_utoa                    0000000140037b20 f   pjlib-x86_64-x64-vc14-release:string.obj
 0001:00036bc0       pj_utoa_pad                0000000140037bc0 f   pjlib-x86_64-x64-vc14-release:string.obj
 0001:00036c90       pj_array_erase             0000000140037c90 f   pjlib-x86_64-x64-vc14-release:array.obj
 0001:00036cd0       pj_array_insert            0000000140037cd0 f   pjlib-x86_64-x64-vc14-release:array.obj
 0001:00036d80       pj_log                     0000000140037d80 f   pjlib-x86_64-x64-vc14-release:log.obj
 0001:000373c0       pj_log_1                   00000001400383c0 f   pjlib-x86_64-x64-vc14-release:log.obj
 0001:000373f0       pj_log_2                   00000001400383f0 f   pjlib-x86_64-x64-vc14-release:log.obj
 0001:00037420       pj_log_3                   0000000140038420 f   pjlib-x86_64-x64-vc14-release:log.obj
 0001:00037450       pj_log_4                   0000000140038450 f   pjlib-x86_64-x64-vc14-release:log.obj
 0001:00037480       pj_log_5                   0000000140038480 f   pjlib-x86_64-x64-vc14-release:log.obj
 0001:000374b0       pj_log_get_color           00000001400384b0 f   pjlib-x86_64-x64-vc14-release:log.obj
 0001:00037520       pj_log_get_decor           0000000140038520 f   pjlib-x86_64-x64-vc14-release:log.obj
 0001:00037530       pj_log_get_level           0000000140038530 f   pjlib-x86_64-x64-vc14-release:log.obj
 0001:00037540       pj_log_init                0000000140038540 f   pjlib-x86_64-x64-vc14-release:log.obj
 0001:000375b0       pj_log_pop_indent          00000001400385b0 f   pjlib-x86_64-x64-vc14-release:log.obj
 0001:000375e0       pj_log_push_indent         00000001400385e0 f   pjlib-x86_64-x64-vc14-release:log.obj
 0001:00037610       pj_log_set_level           0000000140038610 f   pjlib-x86_64-x64-vc14-release:log.obj
 0001:00037620       pj_gethostname             0000000140038620 f   pjlib-x86_64-x64-vc14-release:sock_bsd.obj
 0001:000376c0       pj_htonl                   00000001400386c0 f   pjlib-x86_64-x64-vc14-release:sock_bsd.obj
 0001:000376d0       pj_htons                   00000001400386d0 f   pjlib-x86_64-x64-vc14-release:sock_bsd.obj
 0001:000376e0       pj_inet_aton               00000001400386e0 f   pjlib-x86_64-x64-vc14-release:sock_bsd.obj
 0001:00037770       pj_inet_ntop               0000000140038770 f   pjlib-x86_64-x64-vc14-release:sock_bsd.obj
 0001:000378a0       pj_inet_pton               00000001400388a0 f   pjlib-x86_64-x64-vc14-release:sock_bsd.obj
 0001:000379e0       pj_ntohl                   00000001400389e0 f   pjlib-x86_64-x64-vc14-release:sock_bsd.obj
 0001:000379f0       pj_ntohs                   00000001400389f0 f   pjlib-x86_64-x64-vc14-release:sock_bsd.obj
 0001:00037a00       pj_sock_accept             0000000140038a00 f   pjlib-x86_64-x64-vc14-release:sock_bsd.obj
 0001:00037aa0       pj_sock_bind               0000000140038aa0 f   pjlib-x86_64-x64-vc14-release:sock_bsd.obj
 0001:00037b60       pj_sock_close              0000000140038b60 f   pjlib-x86_64-x64-vc14-release:sock_bsd.obj
 0001:00037bc0       pj_sock_connect            0000000140038bc0 f   pjlib-x86_64-x64-vc14-release:sock_bsd.obj
 0001:00037c60       pj_sock_getsockname        0000000140038c60 f   pjlib-x86_64-x64-vc14-release:sock_bsd.obj
 0001:00037d00       pj_sock_getsockopt         0000000140038d00 f   pjlib-x86_64-x64-vc14-release:sock_bsd.obj
 0001:00037db0       pj_sock_listen             0000000140038db0 f   pjlib-x86_64-x64-vc14-release:sock_bsd.obj
 0001:00037e30       pj_sock_recv               0000000140038e30 f   pjlib-x86_64-x64-vc14-release:sock_bsd.obj
 0001:00037ed0       pj_sock_recvfrom           0000000140038ed0 f   pjlib-x86_64-x64-vc14-release:sock_bsd.obj
 0001:00037f90       pj_sock_send               0000000140038f90 f   pjlib-x86_64-x64-vc14-release:sock_bsd.obj
 0001:00038030       pj_sock_sendto             0000000140039030 f   pjlib-x86_64-x64-vc14-release:sock_bsd.obj
 0001:000380e0       pj_sock_setsockopt         00000001400390e0 f   pjlib-x86_64-x64-vc14-release:sock_bsd.obj
 0001:00038190       pj_sock_setsockopt_params  0000000140039190 f   pjlib-x86_64-x64-vc14-release:sock_bsd.obj
 0001:000382d0       pj_sock_socket             00000001400392d0 f   pjlib-x86_64-x64-vc14-release:sock_bsd.obj
 0001:00038680       pj_grp_lock_acquire        0000000140039680 f   pjlib-x86_64-x64-vc14-release:lock.obj
 0001:00038690       pj_grp_lock_add_handler    0000000140039690 f   pjlib-x86_64-x64-vc14-release:lock.obj
 0001:00038710       pj_grp_lock_add_ref        0000000140039710 f   pjlib-x86_64-x64-vc14-release:lock.obj
 0001:00038730       pj_grp_lock_create         0000000140039730 f   pjlib-x86_64-x64-vc14-release:lock.obj
 0001:00038900       pj_grp_lock_create_w_handler 0000000140039900 f   pjlib-x86_64-x64-vc14-release:lock.obj
 0001:00038b10       pj_grp_lock_dec_ref        0000000140039b10 f   pjlib-x86_64-x64-vc14-release:lock.obj
 0001:00038b50       pj_grp_lock_get_ref        0000000140039b50 f   pjlib-x86_64-x64-vc14-release:lock.obj
 0001:00038b60       pj_grp_lock_release        0000000140039b60 f   pjlib-x86_64-x64-vc14-release:lock.obj
 0001:00038b70       pj_grp_lock_tryacquire     0000000140039b70 f   pjlib-x86_64-x64-vc14-release:lock.obj
 0001:00038b80       pj_lock_acquire            0000000140039b80 f   pjlib-x86_64-x64-vc14-release:lock.obj
 0001:00038ba0       pj_lock_create_null_mutex  0000000140039ba0 f   pjlib-x86_64-x64-vc14-release:lock.obj
 0001:00038bc0       pj_lock_create_recursive_mutex 0000000140039bc0 f   pjlib-x86_64-x64-vc14-release:lock.obj
 0001:00038c80       pj_lock_create_simple_mutex 0000000140039c80 f   pjlib-x86_64-x64-vc14-release:lock.obj
 0001:00038d40       pj_lock_destroy            0000000140039d40 f   pjlib-x86_64-x64-vc14-release:lock.obj
 0001:00038d60       pj_lock_release            0000000140039d60 f   pjlib-x86_64-x64-vc14-release:lock.obj
 0001:00038d80       pj_lock_tryacquire         0000000140039d80 f   pjlib-x86_64-x64-vc14-release:lock.obj
 0001:00038da0       pj_rand                    0000000140039da0 f   pjlib-x86_64-x64-vc14-release:rand.obj
 0001:00038de0       pj_time_val_normalize      0000000140039de0 f   pjlib-x86_64-x64-vc14-release:types.obj
 0001:00039070       pj_timer_entry_init        000000014003a070 f   pjlib-x86_64-x64-vc14-release:timer.obj
 0001:00039090       pj_timer_entry_running     000000014003a090 f   pjlib-x86_64-x64-vc14-release:timer.obj
 0001:000390a0       pj_timer_heap_cancel       000000014003a0a0 f   pjlib-x86_64-x64-vc14-release:timer.obj
 0001:00039180       pj_timer_heap_cancel_if_active 000000014003a180 f   pjlib-x86_64-x64-vc14-release:timer.obj
 0001:00039280       pj_timer_heap_create       000000014003a280 f   pjlib-x86_64-x64-vc14-release:timer.obj
 0001:000393a0       pj_timer_heap_destroy      000000014003a3a0 f   pjlib-x86_64-x64-vc14-release:timer.obj
 0001:000393d0       pj_timer_heap_dump         000000014003a3d0 f   pjlib-x86_64-x64-vc14-release:timer.obj
 0001:00039580       pj_timer_heap_poll         000000014003a580 f   pjlib-x86_64-x64-vc14-release:timer.obj
 0001:000397c0       pj_timer_heap_schedule_dbg 000000014003a7c0 f   pjlib-x86_64-x64-vc14-release:timer.obj
 0001:00039920       pj_timer_heap_schedule_w_grp_lock_dbg 000000014003a920 f   pjlib-x86_64-x64-vc14-release:timer.obj
 0001:00039aa0       pj_timer_heap_set_lock     000000014003aaa0 f   pjlib-x86_64-x64-vc14-release:timer.obj
 0001:00039af0       pj_timer_heap_set_max_timed_out_per_poll 000000014003aaf0 f   pjlib-x86_64-x64-vc14-release:timer.obj
 0001:00039de0       pj_gettimeofday            000000014003ade0 f   pjlib-x86_64-x64-vc14-release:os_time_win32.obj
 0001:00039ef0       pj_time_decode             000000014003aef0 f   pjlib-x86_64-x64-vc14-release:os_time_win32.obj
 0001:0003a050       ioqueue_dispatch_exception_event 000000014003b050 f   pjlib-x86_64-x64-vc14-release:ioqueue_select.obj
 0001:0003a1b0       ioqueue_dispatch_read_event 000000014003b1b0 f   pjlib-x86_64-x64-vc14-release:ioqueue_select.obj
 0001:0003a420       ioqueue_dispatch_write_event 000000014003b420 f   pjlib-x86_64-x64-vc14-release:ioqueue_select.obj
 0001:0003a720       pj_ioqueue_accept          000000014003b720 f   pjlib-x86_64-x64-vc14-release:ioqueue_select.obj
 0001:0003a8e0       pj_ioqueue_connect         000000014003b8e0 f   pjlib-x86_64-x64-vc14-release:ioqueue_select.obj
 0001:0003aa20       pj_ioqueue_create          000000014003ba20 f   pjlib-x86_64-x64-vc14-release:ioqueue_select.obj
 0001:0003ac00       pj_ioqueue_destroy         000000014003bc00 f   pjlib-x86_64-x64-vc14-release:ioqueue_select.obj
 0001:0003ace0       pj_ioqueue_get_user_data   000000014003bce0 f   pjlib-x86_64-x64-vc14-release:ioqueue_select.obj
 0001:0003acf0       pj_ioqueue_is_pending      000000014003bcf0 f   pjlib-x86_64-x64-vc14-release:ioqueue_select.obj
 0001:0003ad00       pj_ioqueue_lock_key        000000014003bd00 f   pjlib-x86_64-x64-vc14-release:ioqueue_select.obj
 0001:0003ad20       pj_ioqueue_op_key_init     000000014003bd20 f   pjlib-x86_64-x64-vc14-release:ioqueue_select.obj
 0001:0003ad30       pj_ioqueue_poll            000000014003bd30 f   pjlib-x86_64-x64-vc14-release:ioqueue_select.obj
 0001:0003b250       pj_ioqueue_recv            000000014003c250 f   pjlib-x86_64-x64-vc14-release:ioqueue_select.obj
 0001:0003b3e0       pj_ioqueue_recvfrom        000000014003c3e0 f   pjlib-x86_64-x64-vc14-release:ioqueue_select.obj
 0001:0003b5a0       pj_ioqueue_register_sock2  000000014003c5a0 f   pjlib-x86_64-x64-vc14-release:ioqueue_select.obj
 0001:0003b790       pj_ioqueue_send            000000014003c790 f   pjlib-x86_64-x64-vc14-release:ioqueue_select.obj
 0001:0003b950       pj_ioqueue_sendto          000000014003c950 f   pjlib-x86_64-x64-vc14-release:ioqueue_select.obj
 0001:0003bb60       pj_ioqueue_set_concurrency 000000014003cb60 f   pjlib-x86_64-x64-vc14-release:ioqueue_select.obj
 0001:0003bb80       pj_ioqueue_unlock_key      000000014003cb80 f   pjlib-x86_64-x64-vc14-release:ioqueue_select.obj
 0001:0003bba0       pj_ioqueue_unregister      000000014003cba0 f   pjlib-x86_64-x64-vc14-release:ioqueue_select.obj
 0001:0003bde0       pj_exception_id_alloc      000000014003cde0 f   pjlib-x86_64-x64-vc14-release:except.obj
 0001:0003be50       pj_exception_id_free       000000014003ce50 f   pjlib-x86_64-x64-vc14-release:except.obj
 0001:0003be90       pj_exception_id_name       000000014003ce90 f   pjlib-x86_64-x64-vc14-release:except.obj
 0001:0003bee0       pj_pop_exception_handler_  000000014003cee0 f   pjlib-x86_64-x64-vc14-release:except.obj
 0001:0003bf20       pj_push_exception_handler_ 000000014003cf20 f   pjlib-x86_64-x64-vc14-release:except.obj
 0001:0003bf80       pj_throw_exception_        000000014003cf80 f   pjlib-x86_64-x64-vc14-release:except.obj
 0001:0003bfe0       pj_get_timestamp           000000014003cfe0 f   pjlib-x86_64-x64-vc14-release:os_timestamp_win32.obj
 0001:0003c040       pj_get_timestamp_freq      000000014003d040 f   pjlib-x86_64-x64-vc14-release:os_timestamp_win32.obj
 0001:0003c0a0       pj_hash_calc               000000014003d0a0 f   pjlib-x86_64-x64-vc14-release:hash.obj
 0001:0003c140       pj_hash_calc_tolower       000000014003d140 f   pjlib-x86_64-x64-vc14-release:hash.obj
 0001:0003c1c0       pj_hash_count              000000014003d1c0 f   pjlib-x86_64-x64-vc14-release:hash.obj
 0001:0003c1d0       pj_hash_create             000000014003d1d0 f   pjlib-x86_64-x64-vc14-release:hash.obj
 0001:0003c240       pj_hash_first              000000014003d240 f   pjlib-x86_64-x64-vc14-release:hash.obj
 0001:0003c280       pj_hash_get                000000014003d280 f   pjlib-x86_64-x64-vc14-release:hash.obj
 0001:0003c390       pj_hash_get_lower          000000014003d390 f   pjlib-x86_64-x64-vc14-release:hash.obj
 0001:0003c4c0       pj_hash_next               000000014003d4c0 f   pjlib-x86_64-x64-vc14-release:hash.obj
 0001:0003c520       pj_hash_set                000000014003d520 f   pjlib-x86_64-x64-vc14-release:hash.obj
 0001:0003c6c0       pj_hash_set_lower          000000014003d6c0 f   pjlib-x86_64-x64-vc14-release:hash.obj
 0001:0003c860       pj_hash_set_np             000000014003d860 f   pjlib-x86_64-x64-vc14-release:hash.obj
 0001:0003c9c0       pj_hash_set_np_lower       000000014003d9c0 f   pjlib-x86_64-x64-vc14-release:hash.obj
 0001:0003cb30       pj_hash_this               000000014003db30 f   pjlib-x86_64-x64-vc14-release:hash.obj
 0001:0003cb60       pj_get_netos_error         000000014003db60 f   pjlib-x86_64-x64-vc14-release:os_error_win32.obj
 0001:0003cb90       platform_strerror          000000014003db90 f   pjlib-x86_64-x64-vc14-release:os_error_win32.obj
 0001:0003cee0       pj_GUID_STRING_LENGTH      000000014003dee0 f   pjlib-x86_64-x64-vc14-release:guid_win32.obj
 0001:0003cef0       pj_generate_unique_string  000000014003def0 f   pjlib-x86_64-x64-vc14-release:guid_win32.obj
 0001:0003cf50       pj_create_unique_string    000000014003df50 f   pjlib-x86_64-x64-vc14-release:guid.obj
 0001:0003cf80       pj_qos_get_params          000000014003df80 f   pjlib-x86_64-x64-vc14-release:sock_qos_common.obj
 0001:0003cfb0       pj_sock_apply_qos2         000000014003dfb0 f   pjlib-x86_64-x64-vc14-release:sock_qos_common.obj
 0001:0003d570       pj_activesock_cfg_default  000000014003e570 f   pjlib-x86_64-x64-vc14-release:activesock.obj
 0001:0003d590       pj_activesock_close        000000014003e590 f   pjlib-x86_64-x64-vc14-release:activesock.obj
 0001:0003d600       pj_activesock_create       000000014003e600 f   pjlib-x86_64-x64-vc14-release:activesock.obj
 0001:0003d7f0       pj_activesock_get_user_data 000000014003e7f0 f   pjlib-x86_64-x64-vc14-release:activesock.obj
 0001:0003d800       pj_activesock_send         000000014003e800 f   pjlib-x86_64-x64-vc14-release:activesock.obj
 0001:0003d900       pj_activesock_start_accept 000000014003e900 f   pjlib-x86_64-x64-vc14-release:activesock.obj
 0001:0003da10       pj_activesock_start_connect 000000014003ea10 f   pjlib-x86_64-x64-vc14-release:activesock.obj
 0001:0003da30       pj_activesock_start_read2  000000014003ea30 f   pjlib-x86_64-x64-vc14-release:activesock.obj
 0001:0003dc10       pj_gettickcount            000000014003ec10 f   pjlib-x86_64-x64-vc14-release:os_timestamp_common.obj
 0001:0003dcd0       pj_getaddrinfo             000000014003ecd0 f   pjlib-x86_64-x64-vc14-release:addr_resolv_sock.obj
 0001:0003deb0       pj_pool_create_on_buf      000000014003eeb0 f   pjlib-x86_64-x64-vc14-release:pool_buf.obj
 0001:0003e590       pj_enum_ip_interface       000000014003f590 f   pjlib-x86_64-x64-vc14-release:ip_helper_win32.obj
 0001:0003e790       pj_log_write               000000014003f790 f   pjlib-x86_64-x64-vc14-release:log_writer_stdout.obj
 0001:0003e810       PJ_FD_CLR                  000000014003f810 f   pjlib-x86_64-x64-vc14-release:sock_select.obj
 0001:0003e8d0       PJ_FD_COUNT                000000014003f8d0 f   pjlib-x86_64-x64-vc14-release:sock_select.obj
 0001:0003e8e0       PJ_FD_ISSET                000000014003f8e0 f   pjlib-x86_64-x64-vc14-release:sock_select.obj
 0001:0003e920       PJ_FD_SET                  000000014003f920 f   pjlib-x86_64-x64-vc14-release:sock_select.obj
 0001:0003e9b0       PJ_FD_ZERO                 000000014003f9b0 f   pjlib-x86_64-x64-vc14-release:sock_select.obj
 0001:0003e9e0       pj_sock_select             000000014003f9e0 f   pjlib-x86_64-x64-vc14-release:sock_select.obj
 0001:0003ea80       pj_sock_set_qos_params     000000014003fa80 f   pjlib-x86_64-x64-vc14-release:sock_qos_bsd.obj
 0001:0003ebb0       pj_sock_set_qos_type       000000014003fbb0 f   pjlib-x86_64-x64-vc14-release:sock_qos_bsd.obj
 0001:0003ed0a       __WSAFDIsSet               000000014003fd0a f   ws2_32:WS2_32.dll
 0001:0003ed10       __GSHandlerCheck           000000014003fd10 f   MSVCRT:gshandler.obj
 0001:0003ed30       __GSHandlerCheckCommon     000000014003fd30 f   MSVCRT:gshandler.obj
 0001:0003eda0       __security_check_cookie    000000014003fda0 f   MSVCRT:amdsecgs.obj
 0001:0003f020       mainCRTStartup             0000000140040020 f   MSVCRT:exe_main.obj
 0001:0003f034       __raise_securityfailure    0000000140040034 f   MSVCRT:gs_report.obj
 0001:0003f068       __report_gsfailure         0000000140040068 f   MSVCRT:gs_report.obj
 0001:0003f13c       __report_rangecheckfailure 000000014004013c f   MSVCRT:gs_report.obj
 0001:0003f150       __report_securityfailure   0000000140040150 f   MSVCRT:gs_report.obj
 0001:0003f2d0       __isa_available_init       00000001400402d0 f   MSVCRT:cpu_disp.obj
 0001:0003f490       _alloca_probe              0000000140040490 f   MSVCRT:chkstk.obj
 0001:0003f490       __chkstk                   0000000140040490 f   MSVCRT:chkstk.obj
 0001:0003f4e0       __scrt_acquire_startup_lock 00000001400404e0 f   MSVCRT:utility.obj
 0001:0003f51c       __scrt_initialize_crt      000000014004051c f   MSVCRT:utility.obj
 0001:0003f568       __scrt_initialize_onexit_tables 0000000140040568 f   MSVCRT:utility.obj
 0001:0003f5f4       __scrt_is_nonwritable_in_current_image 00000001400405f4 f   MSVCRT:utility.obj
 0001:0003f68c       __scrt_release_startup_lock 000000014004068c f   MSVCRT:utility.obj
 0001:0003f6b0       __scrt_uninitialize_crt    00000001400406b0 f   MSVCRT:utility.obj
 0001:0003f6dc       _onexit                    00000001400406dc f   MSVCRT:utility.obj
 0001:0003f718       atexit                     0000000140040718 f   MSVCRT:utility.obj
 0001:0003f730       __security_init_cookie     0000000140040730 f   MSVCRT:gs_support.obj
 0001:0003f7dc       _get_startup_argv_mode     00000001400407dc f   MSVCRT:argv_mode.obj
 0001:0003f7e4       _get_startup_file_mode     00000001400407e4 f   MSVCRT:file_mode.obj
 0001:0003f7ec       ?__scrt_initialize_type_info@@YAXXZ 00000001400407ec f   MSVCRT:tncleanup.obj
 0001:0003f7fc       __scrt_stub_for_acrt_initialize 00000001400407fc f   MSVCRT:ucrt_stubs.obj
 0001:0003f7fc       __acrt_initialize          00000001400407fc f   MSVCRT:ucrt_stubs.obj
 0001:0003f7fc       _should_initialize_environment 00000001400407fc f   MSVCRT:env_mode.obj
 0001:0003f7fc       __vcrt_uninitialize        00000001400407fc f   MSVCRT:ucrt_stubs.obj
 0001:0003f7fc       __vcrt_initialize          00000001400407fc f   MSVCRT:ucrt_stubs.obj
 0001:0003f7fc       __scrt_stub_for_acrt_uninitialize 00000001400407fc f   MSVCRT:ucrt_stubs.obj
 0001:0003f7fc       __acrt_uninitialize        00000001400407fc f   MSVCRT:ucrt_stubs.obj
 0001:0003f800       _initialize_denormal_control 0000000140040800 f   MSVCRT:denormal_control.obj
 0001:0003f800       _guard_check_icall_nop     0000000140040800 f   MSVCRT:guard_support.obj
 0001:0003f800       _initialize_invalid_parameter_handler 0000000140040800 f   MSVCRT:invalid_parameter_handler.obj
 0001:0003f804       __local_stdio_scanf_options 0000000140040804 f i MSVCRT:default_local_stdio_options.obj
 0001:0003f80c       __scrt_initialize_default_local_stdio_options 000000014004080c f   MSVCRT:default_local_stdio_options.obj
 0001:0003f828       __scrt_is_user_matherr_present 0000000140040828 f   MSVCRT:matherr_detection.obj
 0001:0003f834       __scrt_get_dyn_tls_init_callback 0000000140040834 f   MSVCRT:dyn_tls_init.obj
 0001:0003f83c       __scrt_get_dyn_tls_dtor_callback 000000014004083c f   MSVCRT:dyn_tls_dtor.obj
 0001:0003f844       __crt_debugger_hook        0000000140040844 f   MSVCRT:utility_desktop.obj
 0001:0003f84c       __scrt_fastfail            000000014004084c f   MSVCRT:utility_desktop.obj
 0001:0003f998       __scrt_initialize_mta      0000000140040998 f   MSVCRT:utility_desktop.obj
 0001:0003f9a0       __scrt_is_managed_app      00000001400409a0 f   MSVCRT:utility_desktop.obj
 0001:0003f9f4       __scrt_set_unhandled_exception_filter 00000001400409f4 f   MSVCRT:utility_desktop.obj
 0001:0003fa04       __scrt_unhandled_exception_filter 0000000140040a04 f   MSVCRT:utility_desktop.obj
 0001:0003fa60       _RTC_Initialize            0000000140040a60 f   MSVCRT:initsect.obj
 0001:0003fa9c       _RTC_Terminate             0000000140040a9c f   MSVCRT:initsect.obj
 0001:0003fad8       __scrt_is_ucrt_dll_in_use  0000000140040ad8 f   MSVCRT:ucrt_detection.obj
 0001:0003faf0       memset                     0000000140040af0 f   vcruntime:VCRUNTIME140.dll
 0001:0003faf6       memcpy                     0000000140040af6 f   vcruntime:VCRUNTIME140.dll
 0001:0003fafc       memchr                     0000000140040afc f   vcruntime:VCRUNTIME140.dll
 0001:0003fb02       memcmp                     0000000140040b02 f   vcruntime:VCRUNTIME140.dll
 0001:0003fb08       memmove                    0000000140040b08 f   vcruntime:VCRUNTIME140.dll
 0001:0003fb0e       strchr                     0000000140040b0e f   vcruntime:VCRUNTIME140.dll
 0001:0003fb14       longjmp                    0000000140040b14 f   vcruntime:VCRUNTIME140.dll
 0001:0003fb1a       __C_specific_handler       0000000140040b1a f   vcruntime:VCRUNTIME140.dll
 0001:0003fb20       _setjmp                    0000000140040b20 f   vcruntime:VCRUNTIME140.dll
 0001:0003fb20       __intrinsic_setjmp         0000000140040b20 f   vcruntime:VCRUNTIME140.dll
 0001:0003fb26       __current_exception        0000000140040b26 f   vcruntime:VCRUNTIME140.dll
 0001:0003fb2c       __current_exception_context 0000000140040b2c f   vcruntime:VCRUNTIME140.dll
 0001:0003fb32       fmod                       0000000140040b32 f   ucrt:api-ms-win-crt-math-l1-1-0.dll
 0001:0003fb38       _seh_filter_exe            0000000140040b38 f   ucrt:api-ms-win-crt-runtime-l1-1-0.dll
 0001:0003fb3e       _set_app_type              0000000140040b3e f   ucrt:api-ms-win-crt-runtime-l1-1-0.dll
 0001:0003fb44       __setusermatherr           0000000140040b44 f   ucrt:api-ms-win-crt-math-l1-1-0.dll
 0001:0003fb4a       _configure_narrow_argv     0000000140040b4a f   ucrt:api-ms-win-crt-runtime-l1-1-0.dll
 0001:0003fb50       _initialize_narrow_environment 0000000140040b50 f   ucrt:api-ms-win-crt-runtime-l1-1-0.dll
 0001:0003fb56       _get_initial_narrow_environment 0000000140040b56 f   ucrt:api-ms-win-crt-runtime-l1-1-0.dll
 0001:0003fb5c       _initterm                  0000000140040b5c f   ucrt:api-ms-win-crt-runtime-l1-1-0.dll
 0001:0003fb62       _initterm_e                0000000140040b62 f   ucrt:api-ms-win-crt-runtime-l1-1-0.dll
 0001:0003fb68       exit                       0000000140040b68 f   ucrt:api-ms-win-crt-runtime-l1-1-0.dll
 0001:0003fb6e       _exit                      0000000140040b6e f   ucrt:api-ms-win-crt-runtime-l1-1-0.dll
 0001:0003fb74       _set_fmode                 0000000140040b74 f   ucrt:api-ms-win-crt-stdio-l1-1-0.dll
 0001:0003fb7a       __p___argc                 0000000140040b7a f   ucrt:api-ms-win-crt-runtime-l1-1-0.dll
 0001:0003fb80       __p___argv                 0000000140040b80 f   ucrt:api-ms-win-crt-runtime-l1-1-0.dll
 0001:0003fb86       _cexit                     0000000140040b86 f   ucrt:api-ms-win-crt-runtime-l1-1-0.dll
 0001:0003fb8c       _c_exit                    0000000140040b8c f   ucrt:api-ms-win-crt-runtime-l1-1-0.dll
 0001:0003fb92       _register_thread_local_exe_atexit_callback 0000000140040b92 f   ucrt:api-ms-win-crt-runtime-l1-1-0.dll
 0001:0003fb98       _configthreadlocale        0000000140040b98 f   ucrt:api-ms-win-crt-locale-l1-1-0.dll
 0001:0003fb9e       _set_new_mode              0000000140040b9e f   ucrt:api-ms-win-crt-heap-l1-1-0.dll
 0001:0003fba4       __p__commode               0000000140040ba4 f   ucrt:api-ms-win-crt-stdio-l1-1-0.dll
 0001:0003fbaa       _initialize_onexit_table   0000000140040baa f   ucrt:api-ms-win-crt-runtime-l1-1-0.dll
 0001:0003fbb0       _register_onexit_function  0000000140040bb0 f   ucrt:api-ms-win-crt-runtime-l1-1-0.dll
 0001:0003fbb6       _crt_atexit                0000000140040bb6 f   ucrt:api-ms-win-crt-runtime-l1-1-0.dll
 0001:0003fbbc       terminate                  0000000140040bbc f   ucrt:api-ms-win-crt-runtime-l1-1-0.dll
 0001:0003fbe0       _guard_dispatch_icall_nop  0000000140040be0 f   MSVCRT:guard_dispatch.obj
 0001:0003fc00       _guard_xfg_dispatch_icall_nop 0000000140040c00 f   MSVCRT:guard_xfg_dispatch.obj
 0002:00000000       __imp_UnhandledExceptionFilter 0000000140041000     kernel32:KERNEL32.dll
 0002:00000008       __imp_GetModuleHandleW     0000000140041008     kernel32:KERNEL32.dll
 0002:00000010       __imp_IsDebuggerPresent    0000000140041010     kernel32:KERNEL32.dll
 0002:00000018       __imp_InitializeSListHead  0000000140041018     kernel32:KERNEL32.dll
[...]
 0003:00000310       $SG23581                   0000000140051310     sipecho.obj
 0003:00000318       $SG23591                   0000000140051318     sipecho.obj
 0003:00000320       $SG23656                   0000000140051320     sipecho.obj
 0003:00000330       $SG23658                   0000000140051330     sipecho.obj
 0003:00000340       $SG23660                   0000000140051340     sipecho.obj
 0003:00000350       $SG23662                   0000000140051350     sipecho.obj
 0003:00000360       $SG23664                   0000000140051360     sipecho.obj
 0003:00000368       $SG23666                   0000000140051368     sipecho.obj
 0003:00000378       $SG23668                   0000000140051378     sipecho.obj
 0003:00000388       $SG23670                   0000000140051388     sipecho.obj
 0003:000003a8       $SG23671                   00000001400513a8     sipecho.obj
 0003:000003b8       $SG23672                   00000001400513b8     sipecho.obj
 0003:000003c0       $SG23676                   00000001400513c0     sipecho.obj
 0003:000003d0       $SG23677                   00000001400513d0     sipecho.obj
 0003:000003e0       $SG23680                   00000001400513e0     sipecho.obj
 0003:000003f0       $SG23681                   00000001400513f0     sipecho.obj
 0003:00000400       $SG23683                   0000000140051400     sipecho.obj
 0003:00000410       $SG23684                   0000000140051410     sipecho.obj
 0003:00000420       $SG23687                   0000000140051420     sipecho.obj
 0003:00000430       $SG23688                   0000000140051430     sipecho.obj
 0003:00000458       $SG23689                   0000000140051458     sipecho.obj
 0003:00000468       $SG23708                   0000000140051468     sipecho.obj
 0003:00000490       $SG23709                   0000000140051490     sipecho.obj
 0003:000004a0       $SG23711                   00000001400514a0     sipecho.obj
 0003:000004c0       $SG23712                   00000001400514c0     sipecho.obj
 0003:000004d0       $SG23791                   00000001400514d0     sipecho.obj
 0003:000004e0       $SG23792                   00000001400514e0     sipecho.obj
 0003:000004f0       $SG23796                   00000001400514f0     sipecho.obj
 0003:00000500       $SG23797                   0000000140051500     sipecho.obj
 0003:00000510       $SG23802                   0000000140051510     sipecho.obj
 0003:00000518       $SG23805                   0000000140051518     sipecho.obj
 0003:00000530       $SG23808                   0000000140051530     sipecho.obj
 0003:00000540       $SG23810                   0000000140051540     sipecho.obj
 0003:00000568       $SG23811                   0000000140051568     sipecho.obj
 0003:00000578       $SG23812                   0000000140051578     sipecho.obj
 0003:00000590       $SG23833                   0000000140051590     sipecho.obj
 0003:000005b0       $SG23835                   00000001400515b0     sipecho.obj
 0003:000005c0       $SG23836                   00000001400515c0     sipecho.obj
 0003:000005f8       $SG23837                   00000001400515f8     sipecho.obj
 0003:00000630       $SG23838                   0000000140051630     sipecho.obj
 0003:00000668       $SG23839                   0000000140051668     sipecho.obj
 0003:000006a0       $SG23878                   00000001400516a0     sipecho.obj
 0003:000006ac       $SG23882                   00000001400516ac     sipecho.obj
 0003:000006b4       $SG23884                   00000001400516b4     sipecho.obj
 0003:000006c0       $SG23892                   00000001400516c0     sipecho.obj
 0003:000006f8       $SG23893                   00000001400516f8     sipecho.obj
 0003:00000708       $SG23899                   0000000140051708     sipecho.obj
 0003:00000730       $SG23900                   0000000140051730     sipecho.obj
 0003:00000740       $SG23901                   0000000140051740     sipecho.obj
 0003:00000758       $SG23903                   0000000140051758     sipecho.obj
 0003:00000778       $SG23904                   0000000140051778     sipecho.obj
 0003:00000788       $SG23908                   0000000140051788     sipecho.obj
 0003:000007a0       $SG23909                   00000001400517a0     sipecho.obj
 0003:000007d8       $SG23910                   00000001400517d8     sipecho.obj
 0003:000007e0       $SG23912                   00000001400517e0     sipecho.obj
 0003:00000828       $SG23917                   0000000140051828     sipecho.obj
 0003:00000838       $SG23918                   0000000140051838     sipecho.obj
 0003:00000860       inv_state_handler          0000000140051860     pjsip-ua-x86_64-x64-vc14-release:sip_inv.obj
 0003:000008a0       mod_inv                    00000001400518a0     pjsip-ua-x86_64-x64-vc14-release:sip_inv.obj
 0003:00000970       inv_state_names            0000000140051970     pjsip-ua-x86_64-x64-vc14-release:sip_inv.obj
 0003:000009b0       mod_100rel                 00000001400519b0     pjsip-ua-x86_64-x64-vc14-release:sip_100rel.obj
 0003:00000a28       se_hdr_vptr                0000000140051a28     pjsip-ua-x86_64-x64-vc14-release:sip_timer.obj
 0003:00000a40       min_se_hdr_vptr            0000000140051a40     pjsip-ua-x86_64-x64-vc14-release:sip_timer.obj
 0003:00000a58       method_names               0000000140051a58     pjsip-core-x86_64-x64-vc14-release:sip_msg.obj
 0003:00000a88       generic_hdr_vptr           0000000140051a88     pjsip-core-x86_64-x64-vc14-release:sip_msg.obj
 0003:00000aa0       generic_int_hdr_vptr       0000000140051aa0     pjsip-core-x86_64-x64-vc14-release:sip_msg.obj
 0003:00000ab8       generic_array_hdr_vptr     0000000140051ab8     pjsip-core-x86_64-x64-vc14-release:sip_msg.obj
 0003:00000ad0       clen_hdr_vptr              0000000140051ad0     pjsip-core-x86_64-x64-vc14-release:sip_msg.obj
 0003:00000ae8       cseq_hdr_vptr              0000000140051ae8     pjsip-core-x86_64-x64-vc14-release:sip_msg.obj
 0003:00000b00       contact_hdr_vptr           0000000140051b00     pjsip-core-x86_64-x64-vc14-release:sip_msg.obj
 0003:00000b18       ctype_hdr_vptr             0000000140051b18     pjsip-core-x86_64-x64-vc14-release:sip_msg.obj
 0003:00000b30       fromto_hdr_vptr            0000000140051b30     pjsip-core-x86_64-x64-vc14-release:sip_msg.obj
 0003:00000b48       routing_hdr_vptr           0000000140051b48     pjsip-core-x86_64-x64-vc14-release:sip_msg.obj
 0003:00000b60       retry_after_hdr_vptr       0000000140051b60     pjsip-core-x86_64-x64-vc14-release:sip_msg.obj
 0003:00000b78       via_hdr_vptr               0000000140051b78     pjsip-core-x86_64-x64-vc14-release:sip_msg.obj
 0003:00000b90       mod_msg_print              0000000140051b90     pjsip-core-x86_64-x64-vc14-release:sip_transport.obj
 0003:00000c00       transport_names            0000000140051c00     pjsip-core-x86_64-x64-vc14-release:sip_transport.obj
 0003:00000f80       event_str                  0000000140051f80     pjsip-core-x86_64-x64-vc14-release:sip_util.obj
 0003:00000fb8       str_TEXT                   0000000140051fb8     pjsip-core-x86_64-x64-vc14-release:sip_util.obj
 0003:00000fc8       str_PLAIN                  0000000140051fc8     pjsip-core-x86_64-x64-vc14-release:sip_util.obj
 0003:00001050       mod_tsx_layer              0000000140052050     pjsip-core-x86_64-x64-vc14-release:sip_transaction.obj
 0003:000010e0       t1_timer_val               00000001400520e0     pjsip-core-x86_64-x64-vc14-release:sip_transaction.obj
 0003:000010e8       t2_timer_val               00000001400520e8     pjsip-core-x86_64-x64-vc14-release:sip_transaction.obj
 0003:000010f0       t4_timer_val               00000001400520f0     pjsip-core-x86_64-x64-vc14-release:sip_transaction.obj
 0003:000010f8       td_timer_val               00000001400520f8     pjsip-core-x86_64-x64-vc14-release:sip_transaction.obj
 0003:00001100       timeout_timer_val          0000000140052100     pjsip-core-x86_64-x64-vc14-release:sip_transaction.obj
 0003:00001110       state_str                  0000000140052110     pjsip-core-x86_64-x64-vc14-release:sip_transaction.obj
 0003:00001150       role_name                  0000000140052150     pjsip-core-x86_64-x64-vc14-release:sip_transaction.obj
 0003:00001160       tsx_state_handler_uac      0000000140052160     pjsip-core-x86_64-x64-vc14-release:sip_transaction.obj
 0003:000011a0       tsx_state_handler_uas      00000001400521a0     pjsip-core-x86_64-x64-vc14-release:sip_transaction.obj
 0003:000011e0       mod_ua                     00000001400521e0     pjsip-core-x86_64-x64-vc14-release:sip_ua_layer.obj
 0003:000012d0       pconst                     00000001400522d0     pjsip-core-x86_64-x64-vc14-release:sip_parser.obj
 0003:00001598       sip_str                    0000000140052598     pjsip-core-x86_64-x64-vc14-release:sip_uri.obj
 0003:000015a8       sips_str                   00000001400525a8     pjsip-core-x86_64-x64-vc14-release:sip_uri.obj
 0003:000015b8       sips_url_vptr              00000001400525b8     pjsip-core-x86_64-x64-vc14-release:sip_uri.obj
 0003:000015e0       sip_url_vptr               00000001400525e0     pjsip-core-x86_64-x64-vc14-release:sip_uri.obj
 0003:00001608       name_addr_vptr             0000000140052608     pjsip-core-x86_64-x64-vc14-release:sip_uri.obj
 0003:00001630       other_uri_vptr             0000000140052630     pjsip-core-x86_64-x64-vc14-release:sip_uri.obj
 0003:00001658       pjsip_ISUB_STR             0000000140052658     pjsip-core-x86_64-x64-vc14-release:sip_tel_uri.obj
 0003:00001668       pjsip_EXT_STR              0000000140052668     pjsip-core-x86_64-x64-vc14-release:sip_tel_uri.obj
 0003:00001678       pjsip_PH_CTX_STR           0000000140052678     pjsip-core-x86_64-x64-vc14-release:sip_tel_uri.obj
 0003:00001688       tel_uri_vptr               0000000140052688     pjsip-core-x86_64-x64-vc14-release:sip_tel_uri.obj
 0003:000016b0       authorization_hdr_vptr     00000001400526b0     pjsip-core-x86_64-x64-vc14-release:sip_auth_msg.obj
 0003:000016c8       www_authenticate_hdr_vptr  00000001400526c8     pjsip-core-x86_64-x64-vc14-release:sip_auth_msg.obj
 0003:000016e0       state_str                  00000001400526e0     pjmedia-x86_64-x64-vc14-release:sdp_neg.obj
 0003:00001710       state_names                0000000140052710     pjlib-util-x86_64-x64-vc14-release:resolver.obj
 0003:00001728       thread_tls_id              0000000140052728     pjlib-x86_64-x64-vc14-release:os_core_win32.obj
 0003:00001730       pool_sizes                 0000000140052730     pjlib-x86_64-x64-vc14-release:pool_caching.obj
 0003:000017b0       pj_log_max_level           00000001400527b0     pjlib-x86_64-x64-vc14-release:log.obj
 0003:000017b4       thread_suspended_tls_id    00000001400527b4     pjlib-x86_64-x64-vc14-release:log.obj
 0003:000017b8       thread_indent_tls_id       00000001400527b8     pjlib-x86_64-x64-vc14-release:log.obj
 0003:000017bc       log_decor                  00000001400527bc     pjlib-x86_64-x64-vc14-release:log.obj
 0003:000017c0       log_writer                 00000001400527c0     pjlib-x86_64-x64-vc14-release:log.obj
 0003:000017c8       PJ_LOG_COLOR_0             00000001400527c8     pjlib-x86_64-x64-vc14-release:log.obj
 0003:000017cc       PJ_LOG_COLOR_1             00000001400527cc     pjlib-x86_64-x64-vc14-release:log.obj
 0003:000017d0       PJ_LOG_COLOR_2             00000001400527d0     pjlib-x86_64-x64-vc14-release:log.obj
 0003:000017d4       PJ_LOG_COLOR_3             00000001400527d4     pjlib-x86_64-x64-vc14-release:log.obj
 0003:000017d8       PJ_LOG_COLOR_4             00000001400527d8     pjlib-x86_64-x64-vc14-release:log.obj
 0003:000017dc       PJ_LOG_COLOR_5             00000001400527dc     pjlib-x86_64-x64-vc14-release:log.obj
 0003:000017e0       PJ_LOG_COLOR_6             00000001400527e0     pjlib-x86_64-x64-vc14-release:log.obj
 0003:000017e4       PJ_LOG_COLOR_77            00000001400527e4     pjlib-x86_64-x64-vc14-release:log.obj
 0003:000017e8       ?ltexts@?2??pj_log@@9@9    00000001400527e8     pjlib-x86_64-x64-vc14-release:log.obj
 0003:00001820       ?wdays@?3??pj_log@@9@9     0000000140052820     pjlib-x86_64-x64-vc14-release:log.obj
 0003:00001858       mutex_lock_template        0000000140052858     pjlib-x86_64-x64-vc14-release:lock.obj
 0003:00001880       null_lock_template         0000000140052880     pjlib-x86_64-x64-vc14-release:lock.obj
 0003:000018a8       sem_lock_template          00000001400528a8     pjlib-x86_64-x64-vc14-release:lock.obj
 0003:000018d0       thread_local_id            00000001400528d0     pjlib-x86_64-x64-vc14-release:except.obj
 0003:000018d8       ?hex@?1??hex2digit@@9@9    00000001400528d8     pjlib-x86_64-x64-vc14-release:guid_win32.obj
 0003:000018e8       tls                        00000001400528e8     pjlib-x86_64-x64-vc14-release:pool_buf.obj
 0003:000018f8       id                         00000001400528f8     pjlib-x86_64-x64-vc14-release:config.obj
 0003:00001970       app                        0000000140052970     sipecho.obj
 0003:00001d60       sip_af                     0000000140052d60     sipecho.obj
 0003:00001d64       sip_tcp                    0000000140052d64     sipecho.obj
 0003:00001d68       is_initialized             0000000140052d68     pjsip-ua-x86_64-x64-vc14-release:sip_timer.obj
 0003:00001d70       status_phrase              0000000140052d70     pjsip-core-x86_64-x64-vc14-release:sip_msg.obj
 0003:000049d0       ?is_initialized@?1??pjsip_get_status_text@@9@9 00000001400559d0     pjsip-core-x86_64-x64-vc14-release:sip_msg.obj
 0003:000049e0       handler                    00000001400559e0     pjsip-core-x86_64-x64-vc14-release:sip_parser.obj
 0003:000064e0       handler_count              00000001400574e0     pjsip-core-x86_64-x64-vc14-release:sip_parser.obj
 0003:000064e4       parser_is_initialized      00000001400574e4     pjsip-core-x86_64-x64-vc14-release:sip_parser.obj
 0003:000064e8       uri_handler_count          00000001400574e8     pjsip-core-x86_64-x64-vc14-release:sip_parser.obj
 0003:000064f0       uri_handler                00000001400574f0     pjsip-core-x86_64-x64-vc14-release:sip_parser.obj
 0003:00006550       cis_buf                    0000000140057550     pjsip-core-x86_64-x64-vc14-release:sip_parser.obj
 0003:00006960       pjsip_TEL_NUMBER_SPEC      0000000140057960     pjsip-core-x86_64-x64-vc14-release:sip_tel_uri.obj
 0003:00006970       pjsip_TEL_EXT_VALUE_SPEC   0000000140057970     pjsip-core-x86_64-x64-vc14-release:sip_tel_uri.obj
 0003:00006980       pjsip_TEL_PHONE_CONTEXT_SPEC 0000000140057980     pjsip-core-x86_64-x64-vc14-release:sip_tel_uri.obj
 0003:00006990       pjsip_TEL_URIC_SPEC        0000000140057990     pjsip-core-x86_64-x64-vc14-release:sip_tel_uri.obj
 0003:000069a0       pjsip_TEL_PNAME_SPEC       00000001400579a0     pjsip-core-x86_64-x64-vc14-release:sip_tel_uri.obj
 0003:000069b0       pjsip_TEL_PVALUE_SPEC      00000001400579b0     pjsip-core-x86_64-x64-vc14-release:sip_tel_uri.obj
 0003:000069c0       cis_buf                    00000001400579c0     pjsip-core-x86_64-x64-vc14-release:sip_tel_uri.obj
 0003:00006dc8       pjsip_TEL_VISUAL_SEP_SPEC  0000000140057dc8     pjsip-core-x86_64-x64-vc14-release:sip_tel_uri.obj
 0003:00006dd8       pjsip_TEL_PVALUE_SPEC_ESC  0000000140057dd8     pjsip-core-x86_64-x64-vc14-release:sip_tel_uri.obj
 0003:00006de8       pjsip_TEL_PARSING_PVALUE_SPEC 0000000140057de8     pjsip-core-x86_64-x64-vc14-release:sip_tel_uri.obj
 0003:00006df8       pjsip_TEL_PARSING_PVALUE_SPEC_ESC 0000000140057df8     pjsip-core-x86_64-x64-vc14-release:sip_tel_uri.obj
 0003:00006e10       is_initialized             0000000140057e10     pjmedia-x86_64-x64-vc14-release:sdp.obj
 0003:00006e20       cis_buf                    0000000140057e20     pjmedia-x86_64-x64-vc14-release:sdp.obj
 0003:00007228       cs_digit                   0000000140058228     pjmedia-x86_64-x64-vc14-release:sdp.obj
 0003:00007238       cs_token                   0000000140058238     pjmedia-x86_64-x64-vc14-release:sdp.obj
 0003:00007250       fmt_match_cb_cnt           0000000140058250     pjmedia-x86_64-x64-vc14-release:sdp_neg.obj
 0003:00007260       fmt_match_cb               0000000140058260     pjmedia-x86_64-x64-vc14-release:sdp_neg.obj
 0003:00007328       __getopt_initialized       0000000140058328     pjlib-util-x86_64-x64-vc14-release:getopt.obj
 0003:0000732c       ordering                   000000014005832c     pjlib-util-x86_64-x64-vc14-release:getopt.obj
 0003:00007330       nextchar                   0000000140058330     pjlib-util-x86_64-x64-vc14-release:getopt.obj
 0003:00007338       posixly_correct            0000000140058338     pjlib-util-x86_64-x64-vc14-release:getopt.obj
 0003:00007340       first_nonopt               0000000140058340     pjlib-util-x86_64-x64-vc14-release:getopt.obj
 0003:00007344       last_nonopt                0000000140058344     pjlib-util-x86_64-x64-vc14-release:getopt.obj
 0003:00007350       initialized                0000000140058350     pjlib-x86_64-x64-vc14-release:os_core_win32.obj
 0003:00007354       atexit_count               0000000140058354     pjlib-x86_64-x64-vc14-release:os_core_win32.obj
 0003:00007360       main_thread                0000000140058360     pjlib-x86_64-x64-vc14-release:os_core_win32.obj
 0003:00007460       critical_section_mutex     0000000140058460     pjlib-x86_64-x64-vc14-release:os_core_win32.obj
 0003:000074b0       atexit_func                00000001400584b0     pjlib-x86_64-x64-vc14-release:os_core_win32.obj
 0003:000075b0       err_msg_hnd_cnt            00000001400585b0     pjlib-x86_64-x64-vc14-release:errno.obj
 0003:000075c0       err_msg_hnd                00000001400585c0     pjlib-x86_64-x64-vc14-release:errno.obj
 0003:00007660       g_last_thread              0000000140058660     pjlib-x86_64-x64-vc14-release:log.obj
 0003:00007670       ?buf@?1??pj_gethostname@@9@9 0000000140058670     pjlib-x86_64-x64-vc14-release:sock_bsd.obj
 0003:000076f0       ?hostname@?1??pj_gethostname@@9@9 00000001400586f0     pjlib-x86_64-x64-vc14-release:sock_bsd.obj
 0003:00007700       base_time                  0000000140058700     pjlib-x86_64-x64-vc14-release:os_time_win32.obj
 0003:00007710       exception_id_names         0000000140058710     pjlib-x86_64-x64-vc14-release:except.obj
 0003:00007790       ?unknown_name@?1??pj_exception_id_name@@9@9 0000000140058790     pjlib-x86_64-x64-vc14-release:except.obj
 0003:000077b0       stack_based_factory        00000001400587b0     pjlib-x86_64-x64-vc14-release:pool_buf.obj
 0003:000077f8       is_initialized             00000001400587f8     pjlib-x86_64-x64-vc14-release:pool_buf.obj
 0003:00007800       s_hDLL                     0000000140058800     pjlib-x86_64-x64-vc14-release:ip_helper_win32.obj
 0003:00007808       s_pfnGetIpAddrTable        0000000140058808     pjlib-x86_64-x64-vc14-release:ip_helper_win32.obj
 0003:00007810       s_pfnGetAdapterAddresses   0000000140058810     pjlib-x86_64-x64-vc14-release:ip_helper_win32.obj
 0003:00007818       s_pfnGetIpForwardTable     0000000140058818     pjlib-x86_64-x64-vc14-release:ip_helper_win32.obj
 0003:00007820       s_pfnGetIfEntry            0000000140058820     pjlib-x86_64-x64-vc14-release:ip_helper_win32.obj
 0003:00007830       GS_ExceptionRecord         0000000140058830     MSVCRT:gs_report.obj
 0003:000078d0       GS_ContextRecord           00000001400588d0     MSVCRT:gs_report.obj
 0003:00007db8       ?is_initialized_as_dll@@3_NA 0000000140058db8     MSVCRT:utility.obj
 0003:00007db9       ?module_local_atexit_table_initialized@@3_NA 0000000140058db9     MSVCRT:utility.obj
 0003:00007dc0       ?module_local_atexit_table@@3U_onexit_table_t@@A 0000000140058dc0     MSVCRT:utility.obj
 0003:00007dd8       ?module_local_at_quick_exit_table@@3U_onexit_table_t@@A 0000000140058dd8     MSVCRT:utility.obj
