 sipecho

 Timestamp is 5f95b149 (Sun Oct 25 18:09:29 2020)

 Preferred load address is 0000000140000000

 Start         Length     Name                   Class
 0001:00000000 0003e7f0H .text$mn                CODE
 0001:0003e7f0 00000012H .text$mn$00             CODE
 0001:0003e802 00000036H .text$x                 CODE
 0002:00000000 00000430H .idata$5                DATA
 0002:00000430 00000010H .00cfg                  DATA
 0002:00000440 00000008H .CRT$XCA                DATA
 0002:00000448 00000008H .CRT$XCAA               DATA
 0002:00000450 00000008H .CRT$XCZ                DATA
 0002:00000458 00000008H .CRT$XIA                DATA
 0002:00000460 00000008H .CRT$XIAA               DATA
 0002:00000468 00000008H .CRT$XIAC               DATA
 0002:00000470 00000008H .CRT$XIZ                DATA
 0002:00000478 00000008H .CRT$XPA                DATA
 0002:00000480 00000008H .CRT$XPZ                DATA
 0002:00000488 00000008H .CRT$XTA                DATA
 0002:00000490 00000010H .CRT$XTZ                DATA
 0002:000004a0 00008404H .rdata                  DATA
 0002:000088a4 0000025cH .rdata$zzzdbg           DATA
 0002:00008b00 00000008H .rtc$IAA                DATA
 0002:00008b08 00000008H .rtc$IZZ                DATA
 0002:00008b10 00000008H .rtc$TAA                DATA
 0002:00008b18 00000008H .rtc$TZZ                DATA
 0002:00008b20 0000584cH .xdata                  DATA
 0002:0000e36c 00000000H .edata                  DATA
 0002:0000e36c 000000f0H .idata$2                DATA
 0002:0000e45c 00000014H .idata$3                DATA
 0002:0000e470 00000430H .idata$4                DATA
 0002:0000e8a0 000007f8H .idata$6                DATA
 0003:00000000 00001a50H .data                   DATA
 0003:00001a50 000064c0H .bss                    DATA
 0004:00000000 00004d7cH .pdata                  DATA
 0005:00000000 0000001cH .gfids$y                DATA

  Address         Publics by Value              Rva+Base               Lib:Object

 0000:00000000       __guard_fids_count         0000000000000000     <absolute>
 0000:00000000       __guard_longjmp_table      0000000000000000     <absolute>
 0000:00000000       __guard_iat_table          0000000000000000     <absolute>
 0000:00000000       ___safe_se_handler_table   0000000000000000     <absolute>
 0000:00000000       __guard_longjmp_count      0000000000000000     <absolute>
 0000:00000000       ___safe_se_handler_count   0000000000000000     <absolute>
 0000:00000000       __guard_iat_count          0000000000000000     <absolute>
 0000:00000000       __guard_fids_table         0000000000000000     <absolute>
 0000:00000000       __dynamic_value_reloc_table 0000000000000000     <absolute>
 0000:00000100       __guard_flags              0000000000000100     <absolute>
 0000:00000000       __ImageBase                0000000140000000     <linker-defined>
 0001:000000e0       get_snd_options            00000001400010e0 f   sipecho.obj
 0001:00000460       dump_pool_usage            0000000140001460 f   sipecho.obj
 0001:00001680       main                       0000000140002680 f   sipecho.obj
 0001:00001a80       __local_stdio_printf_options 0000000140002a80 f i sipecho.obj
 0001:00001a90       printf                     0000000140002a90 f i sipecho.obj
 0001:00001af0       sprintf                    0000000140002af0 f i sipecho.obj
 0001:00001c50       _matherr                   0000000140002c50 f   MSVCRT:matherr.obj
 0001:00001c50       _get_startup_commit_mode   0000000140002c50 f   MSVCRT:commit_mode.obj
 0001:00001c50       __scrt_initialize_winrt    0000000140002c50 f   MSVCRT:utility_desktop.obj
 0001:00001c50       _get_startup_new_mode      0000000140002c50 f   MSVCRT:new_mode.obj
 0001:00001c50       _get_startup_thread_locale_mode 0000000140002c50 f   MSVCRT:thread_locale.obj
 0001:000038c0       _snprintf                  00000001400048c0 f i pjsip-ua-x86_64-x64-vc14-release:sip_inv.obj
 0001:00005790       pjsip_create_sdp_body      0000000140006790 f   pjsip-ua-x86_64-x64-vc14-release:sip_inv.obj
 0001:00005850       pjsip_inv_add_ref          0000000140006850 f   pjsip-ua-x86_64-x64-vc14-release:sip_inv.obj
 0001:00005880       pjsip_inv_answer           0000000140006880 f   pjsip-ua-x86_64-x64-vc14-release:sip_inv.obj
 0001:000059e0       pjsip_inv_cancel_reinvite  00000001400069e0 f   pjsip-ua-x86_64-x64-vc14-release:sip_inv.obj
 0001:00005af0       pjsip_inv_create_ack       0000000140006af0 f   pjsip-ua-x86_64-x64-vc14-release:sip_inv.obj
 0001:00005c10       pjsip_inv_create_uac       0000000140006c10 f   pjsip-ua-x86_64-x64-vc14-release:sip_inv.obj
 0001:00005df0       pjsip_inv_create_uas       0000000140006df0 f   pjsip-ua-x86_64-x64-vc14-release:sip_inv.obj
 0001:000060a0       pjsip_inv_end_session      00000001400070a0 f   pjsip-ua-x86_64-x64-vc14-release:sip_inv.obj
 0001:00006250       pjsip_inv_initial_answer   0000000140007250 f   pjsip-ua-x86_64-x64-vc14-release:sip_inv.obj
 0001:000063e0       pjsip_inv_invite           00000001400073e0 f   pjsip-ua-x86_64-x64-vc14-release:sip_inv.obj
 0001:000066a0       pjsip_inv_process_redirect 00000001400076a0 f   pjsip-ua-x86_64-x64-vc14-release:sip_inv.obj
 0001:00006a60       pjsip_inv_send_msg         0000000140007a60 f   pjsip-ua-x86_64-x64-vc14-release:sip_inv.obj
 0001:00006c50       pjsip_inv_set_sdp_answer   0000000140007c50 f   pjsip-ua-x86_64-x64-vc14-release:sip_inv.obj
 0001:00006cb0       pjsip_inv_state_name       0000000140007cb0 f   pjsip-ua-x86_64-x64-vc14-release:sip_inv.obj
 0001:00006cd0       pjsip_inv_uac_restart      0000000140007cd0 f   pjsip-ua-x86_64-x64-vc14-release:sip_inv.obj
 0001:00006d60       pjsip_inv_update           0000000140007d60 f   pjsip-ua-x86_64-x64-vc14-release:sip_inv.obj
 0001:00006fe0       pjsip_inv_usage_init       0000000140007fe0 f   pjsip-ua-x86_64-x64-vc14-release:sip_inv.obj
 0001:00007060       pjsip_rdata_get_sdp_info   0000000140008060 f   pjsip-ua-x86_64-x64-vc14-release:sip_inv.obj
 0001:000077f0       pjsip_100rel_attach        00000001400087f0 f   pjsip-ua-x86_64-x64-vc14-release:sip_100rel.obj
 0001:00007870       pjsip_100rel_create_prack  0000000140008870 f   pjsip-ua-x86_64-x64-vc14-release:sip_100rel.obj
 0001:00007bb0       pjsip_100rel_end_session   0000000140008bb0 f   pjsip-ua-x86_64-x64-vc14-release:sip_100rel.obj
 0001:00007c20       pjsip_100rel_init_module   0000000140008c20 f   pjsip-ua-x86_64-x64-vc14-release:sip_100rel.obj
 0001:00007c40       pjsip_100rel_is_reliable   0000000140008c40 f   pjsip-ua-x86_64-x64-vc14-release:sip_100rel.obj
 0001:00007c90       pjsip_100rel_on_rx_prack   0000000140008c90 f   pjsip-ua-x86_64-x64-vc14-release:sip_100rel.obj
 0001:00007f10       pjsip_100rel_send_prack    0000000140008f10 f   pjsip-ua-x86_64-x64-vc14-release:sip_100rel.obj
 0001:00007f50       pjsip_100rel_tx_response   0000000140008f50 f   pjsip-ua-x86_64-x64-vc14-release:sip_100rel.obj
 0001:000088f0       pjsip_timer_end_session    00000001400098f0 f   pjsip-ua-x86_64-x64-vc14-release:sip_timer.obj
 0001:00008930       pjsip_timer_handle_refresh_error 0000000140009930 f   pjsip-ua-x86_64-x64-vc14-release:sip_timer.obj
 0001:00008b00       pjsip_timer_init_session   0000000140009b00 f   pjsip-ua-x86_64-x64-vc14-release:sip_timer.obj
 0001:00008bc0       pjsip_timer_process_req    0000000140009bc0 f   pjsip-ua-x86_64-x64-vc14-release:sip_timer.obj
 0001:00008e10       pjsip_timer_process_resp   0000000140009e10 f   pjsip-ua-x86_64-x64-vc14-release:sip_timer.obj
 0001:00009240       pjsip_timer_update_req     000000014000a240 f   pjsip-ua-x86_64-x64-vc14-release:sip_timer.obj
 0001:000092f0       pjsip_timer_update_resp    000000014000a2f0 f   pjsip-ua-x86_64-x64-vc14-release:sip_timer.obj
 0001:0000b8c0       pjsip_accept_hdr_create    000000014000c8c0 f   pjsip-core-x86_64-x64-vc14-release:sip_msg.obj
 0001:0000b910       pjsip_allow_hdr_create     000000014000c910 f   pjsip-core-x86_64-x64-vc14-release:sip_msg.obj
 0001:0000b960       pjsip_cid_hdr_create       000000014000c960 f   pjsip-core-x86_64-x64-vc14-release:sip_msg.obj
 0001:0000b9d0       pjsip_clen_hdr_create      000000014000c9d0 f   pjsip-core-x86_64-x64-vc14-release:sip_msg.obj
 0001:0000ba40       pjsip_clone_text_data      000000014000ca40 f   pjsip-core-x86_64-x64-vc14-release:sip_msg.obj
 0001:0000baa0       pjsip_contact_hdr_create   000000014000caa0 f   pjsip-core-x86_64-x64-vc14-release:sip_msg.obj
 0001:0000bad0       pjsip_contact_hdr_init     000000014000cad0 f   pjsip-core-x86_64-x64-vc14-release:sip_msg.obj
 0001:0000bb60       pjsip_cseq_hdr_create      000000014000cb60 f   pjsip-core-x86_64-x64-vc14-release:sip_msg.obj
 0001:0000bbc0       pjsip_ctype_hdr_create     000000014000cbc0 f   pjsip-core-x86_64-x64-vc14-release:sip_msg.obj
 0001:0000bbf0       pjsip_ctype_hdr_init       000000014000cbf0 f   pjsip-core-x86_64-x64-vc14-release:sip_msg.obj
 0001:0000bc70       pjsip_expires_hdr_create   000000014000cc70 f   pjsip-core-x86_64-x64-vc14-release:sip_msg.obj
 0001:0000bcc0       pjsip_from_hdr_create      000000014000ccc0 f   pjsip-core-x86_64-x64-vc14-release:sip_msg.obj
 0001:0000bcf0       pjsip_from_hdr_init        000000014000ccf0 f   pjsip-core-x86_64-x64-vc14-release:sip_msg.obj
 0001:0000bd70       pjsip_fromto_hdr_set_from  000000014000cd70 f   pjsip-core-x86_64-x64-vc14-release:sip_msg.obj
 0001:0000bdb0       pjsip_fromto_hdr_set_to    000000014000cdb0 f   pjsip-core-x86_64-x64-vc14-release:sip_msg.obj
 0001:0000bdf0       pjsip_generic_array_hdr_init 000000014000cdf0 f   pjsip-core-x86_64-x64-vc14-release:sip_msg.obj
 0001:0000be80       pjsip_generic_string_hdr_create 000000014000ce80 f   pjsip-core-x86_64-x64-vc14-release:sip_msg.obj
 0001:0000bed0       pjsip_generic_string_hdr_init 000000014000ced0 f   pjsip-core-x86_64-x64-vc14-release:sip_msg.obj
 0001:0000bf70       pjsip_get_ack_method       000000014000cf70 f   pjsip-core-x86_64-x64-vc14-release:sip_msg.obj
 0001:0000bf80       pjsip_get_bye_method       000000014000cf80 f   pjsip-core-x86_64-x64-vc14-release:sip_msg.obj
 0001:0000bf90       pjsip_get_cancel_method    000000014000cf90 f   pjsip-core-x86_64-x64-vc14-release:sip_msg.obj
 0001:0000bfa0       pjsip_get_invite_method    000000014000cfa0 f   pjsip-core-x86_64-x64-vc14-release:sip_msg.obj
 0001:0000bfb0       pjsip_get_status_text      000000014000cfb0 f   pjsip-core-x86_64-x64-vc14-release:sip_msg.obj
 0001:0000c000       pjsip_hdr_clone            000000014000d000 f   pjsip-core-x86_64-x64-vc14-release:sip_msg.obj
 0001:0000c010       pjsip_hdr_print_on         000000014000d010 f   pjsip-core-x86_64-x64-vc14-release:sip_msg.obj
 0001:0000c030       pjsip_hdr_shallow_clone    000000014000d030 f   pjsip-core-x86_64-x64-vc14-release:sip_msg.obj
 0001:0000c040       pjsip_max_fwd_hdr_create   000000014000d040 f   pjsip-core-x86_64-x64-vc14-release:sip_msg.obj
 0001:0000c090       pjsip_media_type_cmp       000000014000d090 f   pjsip-core-x86_64-x64-vc14-release:sip_msg.obj
 0001:0000c110       pjsip_media_type_cp        000000014000d110 f   pjsip-core-x86_64-x64-vc14-release:sip_msg.obj
 0001:0000c170       pjsip_media_type_init      000000014000d170 f   pjsip-core-x86_64-x64-vc14-release:sip_msg.obj
 0001:0000c1d0       pjsip_media_type_init2     000000014000d1d0 f   pjsip-core-x86_64-x64-vc14-release:sip_msg.obj
 0001:0000c250       pjsip_media_type_print     000000014000d250 f   pjsip-core-x86_64-x64-vc14-release:sip_msg.obj
 0001:0000c260       pjsip_method_cmp           000000014000d260 f   pjsip-core-x86_64-x64-vc14-release:sip_msg.obj
 0001:0000c290       pjsip_method_copy          000000014000d290 f   pjsip-core-x86_64-x64-vc14-release:sip_msg.obj
 0001:0000c2c0       pjsip_method_init_np       000000014000d2c0 f   pjsip-core-x86_64-x64-vc14-release:sip_msg.obj
 0001:0000c360       pjsip_min_expires_hdr_create 000000014000d360 f   pjsip-core-x86_64-x64-vc14-release:sip_msg.obj
 0001:0000c3b0       pjsip_msg_body_clone       000000014000d3b0 f   pjsip-core-x86_64-x64-vc14-release:sip_msg.obj
 0001:0000c410       pjsip_msg_body_copy        000000014000d410 f   pjsip-core-x86_64-x64-vc14-release:sip_msg.obj
 0001:0000c4b0       pjsip_msg_create           000000014000d4b0 f   pjsip-core-x86_64-x64-vc14-release:sip_msg.obj
 0001:0000c4e0       pjsip_msg_find_hdr         000000014000d4e0 f   pjsip-core-x86_64-x64-vc14-release:sip_msg.obj
 0001:0000c510       pjsip_msg_find_hdr_by_name 000000014000d510 f   pjsip-core-x86_64-x64-vc14-release:sip_msg.obj
 0001:0000c580       pjsip_msg_find_hdr_by_names 000000014000d580 f   pjsip-core-x86_64-x64-vc14-release:sip_msg.obj
 0001:0000c610       pjsip_msg_print            000000014000d610 f   pjsip-core-x86_64-x64-vc14-release:sip_msg.obj
 0001:0000c970       pjsip_print_text_body      000000014000d970 f   pjsip-core-x86_64-x64-vc14-release:sip_msg.obj
 0001:0000c9b0       pjsip_require_hdr_create   000000014000d9b0 f   pjsip-core-x86_64-x64-vc14-release:sip_msg.obj
 0001:0000ca00       pjsip_retry_after_hdr_create 000000014000da00 f   pjsip-core-x86_64-x64-vc14-release:sip_msg.obj
 0001:0000ca70       pjsip_route_hdr_create     000000014000da70 f   pjsip-core-x86_64-x64-vc14-release:sip_msg.obj
 0001:0000cae0       pjsip_routing_hdr_set_route 000000014000dae0 f   pjsip-core-x86_64-x64-vc14-release:sip_msg.obj
 0001:0000cb10       pjsip_rr_hdr_create        000000014000db10 f   pjsip-core-x86_64-x64-vc14-release:sip_msg.obj
 0001:0000cb80       pjsip_supported_hdr_create 000000014000db80 f   pjsip-core-x86_64-x64-vc14-release:sip_msg.obj
 0001:0000cbf0       pjsip_to_hdr_create        000000014000dbf0 f   pjsip-core-x86_64-x64-vc14-release:sip_msg.obj
 0001:0000cc20       pjsip_to_hdr_init          000000014000dc20 f   pjsip-core-x86_64-x64-vc14-release:sip_msg.obj
 0001:0000cca0       pjsip_unsupported_hdr_create 000000014000dca0 f   pjsip-core-x86_64-x64-vc14-release:sip_msg.obj
 0001:0000ccf0       pjsip_via_hdr_create       000000014000dcf0 f   pjsip-core-x86_64-x64-vc14-release:sip_msg.obj
 0001:0000cd20       pjsip_via_hdr_init         000000014000dd20 f   pjsip-core-x86_64-x64-vc14-release:sip_msg.obj
 0001:0000cdb0       pjsip_warning_hdr_create   000000014000ddb0 f   pjsip-core-x86_64-x64-vc14-release:sip_msg.obj
 0001:0000cec0       pjsip_warning_hdr_create_from_status 000000014000dec0 f   pjsip-core-x86_64-x64-vc14-release:sip_msg.obj
 0001:0000d2a0       pjsip_rx_data_get_info     000000014000e2a0 f   pjsip-core-x86_64-x64-vc14-release:sip_transport.obj
 0001:0000d350       pjsip_tpmgr_acquire_transport2 000000014000e350 f   pjsip-core-x86_64-x64-vc14-release:sip_transport.obj
 0001:0000d700       pjsip_tpmgr_create         000000014000e700 f   pjsip-core-x86_64-x64-vc14-release:sip_transport.obj
 0001:0000d8b0       pjsip_tpmgr_destroy        000000014000e8b0 f   pjsip-core-x86_64-x64-vc14-release:sip_transport.obj
 0001:0000da00       pjsip_tpmgr_get_state_cb   000000014000ea00 f   pjsip-core-x86_64-x64-vc14-release:sip_transport.obj
 0001:0000da10       pjsip_tpmgr_receive_packet 000000014000ea10 f   pjsip-core-x86_64-x64-vc14-release:sip_transport.obj
 0001:0000df10       pjsip_tpmgr_register_tpfactory 000000014000ef10 f   pjsip-core-x86_64-x64-vc14-release:sip_transport.obj
 0001:0000df80       pjsip_tpmgr_unregister_tpfactory 000000014000ef80 f   pjsip-core-x86_64-x64-vc14-release:sip_transport.obj
 0001:0000dfc0       pjsip_tpselector_add_ref   000000014000efc0 f   pjsip-core-x86_64-x64-vc14-release:sip_transport.obj
 0001:0000dfe0       pjsip_tpselector_dec_ref   000000014000efe0 f   pjsip-core-x86_64-x64-vc14-release:sip_transport.obj
 0001:0000e000       pjsip_transport_add_ref    000000014000f000 f   pjsip-core-x86_64-x64-vc14-release:sip_transport.obj
 0001:0000e120       pjsip_transport_add_state_listener 000000014000f120 f   pjsip-core-x86_64-x64-vc14-release:sip_transport.obj
 0001:0000e240       pjsip_transport_dec_ref    000000014000f240 f   pjsip-core-x86_64-x64-vc14-release:sip_transport.obj
 0001:0000e3e0       pjsip_transport_destroy    000000014000f3e0 f   pjsip-core-x86_64-x64-vc14-release:sip_transport.obj
 0001:0000e450       pjsip_transport_get_default_port_for_type 000000014000f450 f   pjsip-core-x86_64-x64-vc14-release:sip_transport.obj
 0001:0000e480       pjsip_transport_get_flag_from_type 000000014000f480 f   pjsip-core-x86_64-x64-vc14-release:sip_transport.obj
 0001:0000e4b0       pjsip_transport_get_type_desc 000000014000f4b0 f   pjsip-core-x86_64-x64-vc14-release:sip_transport.obj
 0001:0000e4f0       pjsip_transport_get_type_from_flag 000000014000f4f0 f   pjsip-core-x86_64-x64-vc14-release:sip_transport.obj
 0001:0000e530       pjsip_transport_get_type_from_name 000000014000f530 f   pjsip-core-x86_64-x64-vc14-release:sip_transport.obj
 0001:0000e5b0       pjsip_transport_get_type_name 000000014000f5b0 f   pjsip-core-x86_64-x64-vc14-release:sip_transport.obj
 0001:0000e5f0       pjsip_transport_register   000000014000f5f0 f   pjsip-core-x86_64-x64-vc14-release:sip_transport.obj
 0001:0000e740       pjsip_transport_remove_state_listener 000000014000f740 f   pjsip-core-x86_64-x64-vc14-release:sip_transport.obj
 0001:0000e810       pjsip_transport_send       000000014000f810 f   pjsip-core-x86_64-x64-vc14-release:sip_transport.obj
 0001:0000e9b0       pjsip_transport_shutdown   000000014000f9b0 f   pjsip-core-x86_64-x64-vc14-release:sip_transport.obj
 0001:0000e9c0       pjsip_transport_shutdown2  000000014000f9c0 f   pjsip-core-x86_64-x64-vc14-release:sip_transport.obj
 0001:0000eaf0       pjsip_transport_type_get_af 000000014000faf0 f   pjsip-core-x86_64-x64-vc14-release:sip_transport.obj
 0001:0000eb10       pjsip_tx_data_add_ref      000000014000fb10 f   pjsip-core-x86_64-x64-vc14-release:sip_transport.obj
 0001:0000eb20       pjsip_tx_data_clone        000000014000fb20 f   pjsip-core-x86_64-x64-vc14-release:sip_transport.obj
 0001:0000ec90       pjsip_tx_data_create       000000014000fc90 f   pjsip-core-x86_64-x64-vc14-release:sip_transport.obj
 0001:0000edd0       pjsip_tx_data_dec_ref      000000014000fdd0 f   pjsip-core-x86_64-x64-vc14-release:sip_transport.obj
 0001:0000ee20       pjsip_tx_data_encode       000000014000fe20 f   pjsip-core-x86_64-x64-vc14-release:sip_transport.obj
 0001:0000ef20       pjsip_tx_data_get_info     000000014000ff20 f   pjsip-core-x86_64-x64-vc14-release:sip_transport.obj
 0001:0000ef90       pjsip_tx_data_invalidate_msg 000000014000ff90 f   pjsip-core-x86_64-x64-vc14-release:sip_transport.obj
 0001:0000efb0       pjsip_tx_data_set_transport 000000014000ffb0 f   pjsip-core-x86_64-x64-vc14-release:sip_transport.obj
 0001:0000f540       pjsip_endpt_acquire_transport2 0000000140010540 f   pjsip-core-x86_64-x64-vc14-release:sip_endpoint.obj
 0001:0000f550       pjsip_endpt_add_capability 0000000140010550 f   pjsip-core-x86_64-x64-vc14-release:sip_endpoint.obj
 0001:0000f6a0       pjsip_endpt_atexit         00000001400106a0 f   pjsip-core-x86_64-x64-vc14-release:sip_endpoint.obj
 0001:0000f720       pjsip_endpt_cancel_timer   0000000140010720 f   pjsip-core-x86_64-x64-vc14-release:sip_endpoint.obj
 0001:0000f750       pjsip_endpt_create         0000000140010750 f   pjsip-core-x86_64-x64-vc14-release:sip_endpoint.obj
 0001:0000fa50       pjsip_endpt_create_pool    0000000140010a50 f   pjsip-core-x86_64-x64-vc14-release:sip_endpoint.obj
 0001:0000fab0       pjsip_endpt_create_tdata   0000000140010ab0 f   pjsip-core-x86_64-x64-vc14-release:sip_endpoint.obj
 0001:0000fac0       pjsip_endpt_destroy        0000000140010ac0 f   pjsip-core-x86_64-x64-vc14-release:sip_endpoint.obj
 0001:0000fc40       pjsip_endpt_get_capability 0000000140010c40 f   pjsip-core-x86_64-x64-vc14-release:sip_endpoint.obj
 0001:0000fc70       pjsip_endpt_get_ioqueue    0000000140010c70 f   pjsip-core-x86_64-x64-vc14-release:sip_endpoint.obj
 0001:0000fc80       pjsip_endpt_get_request_headers 0000000140010c80 f   pjsip-core-x86_64-x64-vc14-release:sip_endpoint.obj
 0001:0000fc90       pjsip_endpt_get_timer_heap 0000000140010c90 f   pjsip-core-x86_64-x64-vc14-release:sip_endpoint.obj
 0001:0000fca0       pjsip_endpt_get_tpmgr      0000000140010ca0 f   pjsip-core-x86_64-x64-vc14-release:sip_endpoint.obj
 0001:0000fcb0       pjsip_endpt_handle_events  0000000140010cb0 f   pjsip-core-x86_64-x64-vc14-release:sip_endpoint.obj
 0001:0000fcc0       pjsip_endpt_handle_events2 0000000140010cc0 f   pjsip-core-x86_64-x64-vc14-release:sip_endpoint.obj
 0001:0000fdc0       pjsip_endpt_log_error      0000000140010dc0 f   pjsip-core-x86_64-x64-vc14-release:sip_endpoint.obj
 0001:0000ff00       pjsip_endpt_name           0000000140010f00 f   pjsip-core-x86_64-x64-vc14-release:sip_endpoint.obj
 0001:0000ff10       pjsip_endpt_process_rx_data 0000000140010f10 f   pjsip-core-x86_64-x64-vc14-release:sip_endpoint.obj
 0001:000100e0       pjsip_endpt_register_module 00000001400110e0 f   pjsip-core-x86_64-x64-vc14-release:sip_endpoint.obj
 0001:00010230       pjsip_endpt_release_pool   0000000140011230 f   pjsip-core-x86_64-x64-vc14-release:sip_endpoint.obj
 0001:00010250       pjsip_endpt_resolve        0000000140011250 f   pjsip-core-x86_64-x64-vc14-release:sip_endpoint.obj
 0001:00010260       pjsip_endpt_schedule_timer_dbg 0000000140011260 f   pjsip-core-x86_64-x64-vc14-release:sip_endpoint.obj
 0001:000102b0       pjsip_endpt_schedule_timer_w_grp_lock_dbg 00000001400112b0 f   pjsip-core-x86_64-x64-vc14-release:sip_endpoint.obj
 0001:00010300       pjsip_endpt_unregister_module 0000000140011300 f   pjsip-core-x86_64-x64-vc14-release:sip_endpoint.obj
 0001:000106f0       pjsip_endpt_create_ack     00000001400116f0 f   pjsip-core-x86_64-x64-vc14-release:sip_util.obj
 0001:00010960       pjsip_endpt_create_cancel  0000000140011960 f   pjsip-core-x86_64-x64-vc14-release:sip_util.obj
 0001:00010cd0       pjsip_endpt_create_request_from_hdr 0000000140011cd0 f   pjsip-core-x86_64-x64-vc14-release:sip_util.obj
 0001:00010f60       pjsip_endpt_create_response 0000000140011f60 f   pjsip-core-x86_64-x64-vc14-release:sip_util.obj
 0001:00011220       pjsip_endpt_respond_stateless 0000000140012220 f   pjsip-core-x86_64-x64-vc14-release:sip_util.obj
 0001:000113a0       pjsip_endpt_send_request_stateless 00000001400123a0 f   pjsip-core-x86_64-x64-vc14-release:sip_util.obj
 0001:000114c0       pjsip_endpt_send_response  00000001400124c0 f   pjsip-core-x86_64-x64-vc14-release:sip_util.obj
 0001:000115f0       pjsip_event_str            00000001400125f0 f   pjsip-core-x86_64-x64-vc14-release:sip_util.obj
 0001:00011600       pjsip_get_dest_info        0000000140012600 f   pjsip-core-x86_64-x64-vc14-release:sip_util.obj
 0001:000117c0       pjsip_get_request_dest     00000001400127c0 f   pjsip-core-x86_64-x64-vc14-release:sip_util.obj
 0001:00011850       pjsip_get_response_addr    0000000140012850 f   pjsip-core-x86_64-x64-vc14-release:sip_util.obj
 0001:000119a0       pjsip_process_route_set    00000001400129a0 f   pjsip-core-x86_64-x64-vc14-release:sip_util.obj
 0001:00011bd0       pjsip_restore_strict_route_set 0000000140012bd0 f   pjsip-core-x86_64-x64-vc14-release:sip_util.obj
 0001:00011c90       pjsip_target_assign_status 0000000140012c90 f   pjsip-core-x86_64-x64-vc14-release:sip_util.obj
 0001:00011cd0       pjsip_target_set_add_from_msg 0000000140012cd0 f   pjsip-core-x86_64-x64-vc14-release:sip_util.obj
 0001:00011d80       pjsip_target_set_add_uri   0000000140012d80 f   pjsip-core-x86_64-x64-vc14-release:sip_util.obj
 0001:00011e90       pjsip_target_set_get_next  0000000140012e90 f   pjsip-core-x86_64-x64-vc14-release:sip_util.obj
 0001:00011ee0       pjsip_target_set_set_current 0000000140012ee0 f   pjsip-core-x86_64-x64-vc14-release:sip_util.obj
 0001:000127f0       pjsip_endpt_respond        00000001400137f0 f   pjsip-core-x86_64-x64-vc14-release:sip_util_statefull.obj
 0001:00012bf0       pjsip_udp_transport_restart2 0000000140013bf0 f   pjsip-core-x86_64-x64-vc14-release:sip_transport_udp.obj
 0001:00012e30       pjsip_udp_transport_start  0000000140013e30 f   pjsip-core-x86_64-x64-vc14-release:sip_transport_udp.obj
 0001:00012f00       pjsip_udp_transport_start2 0000000140013f00 f   pjsip-core-x86_64-x64-vc14-release:sip_transport_udp.obj
 0001:00013080       pjsip_udp_transport_start6 0000000140014080 f   pjsip-core-x86_64-x64-vc14-release:sip_transport_udp.obj
 0001:00014d60       pjsip_tcp_transport_lis_start 0000000140015d60 f   pjsip-core-x86_64-x64-vc14-release:sip_transport_tcp.obj
 0001:00014fe0       pjsip_tcp_transport_start  0000000140015fe0 f   pjsip-core-x86_64-x64-vc14-release:sip_transport_tcp.obj
 0001:00015000       pjsip_tcp_transport_start2 0000000140016000 f   pjsip-core-x86_64-x64-vc14-release:sip_transport_tcp.obj
 0001:00015100       pjsip_tcp_transport_start3 0000000140016100 f   pjsip-core-x86_64-x64-vc14-release:sip_transport_tcp.obj
 0001:00016ea0       pjsip_rdata_get_tsx        0000000140017ea0 f   pjsip-core-x86_64-x64-vc14-release:sip_transaction.obj
 0001:00016eb0       pjsip_tsx_create_key       0000000140017eb0 f   pjsip-core-x86_64-x64-vc14-release:sip_transaction.obj
 0001:00016f60       pjsip_tsx_create_uac       0000000140017f60 f   pjsip-core-x86_64-x64-vc14-release:sip_transaction.obj
 0001:00016f70       pjsip_tsx_create_uac2      0000000140017f70 f   pjsip-core-x86_64-x64-vc14-release:sip_transaction.obj
 0001:00017240       pjsip_tsx_create_uas       0000000140018240 f   pjsip-core-x86_64-x64-vc14-release:sip_transaction.obj
 0001:00017250       pjsip_tsx_create_uas2      0000000140018250 f   pjsip-core-x86_64-x64-vc14-release:sip_transaction.obj
 0001:000174e0       pjsip_tsx_layer_find_tsx2  00000001400184e0 f   pjsip-core-x86_64-x64-vc14-release:sip_transaction.obj
 0001:00017560       pjsip_tsx_layer_init_module 0000000140018560 f   pjsip-core-x86_64-x64-vc14-release:sip_transaction.obj
 0001:00017730       pjsip_tsx_recv_msg         0000000140018730 f   pjsip-core-x86_64-x64-vc14-release:sip_transaction.obj
 0001:000177e0       pjsip_tsx_retransmit_no_state 00000001400187e0 f   pjsip-core-x86_64-x64-vc14-release:sip_transaction.obj
 0001:00017850       pjsip_tsx_send_msg         0000000140018850 f   pjsip-core-x86_64-x64-vc14-release:sip_transaction.obj
 0001:00017940       pjsip_tsx_set_timeout      0000000140018940 f   pjsip-core-x86_64-x64-vc14-release:sip_transaction.obj
 0001:00017a50       pjsip_tsx_set_transport    0000000140018a50 f   pjsip-core-x86_64-x64-vc14-release:sip_transaction.obj
 0001:00017ad0       pjsip_tsx_state_str        0000000140018ad0 f   pjsip-core-x86_64-x64-vc14-release:sip_transaction.obj
 0001:00017ae0       pjsip_tsx_terminate        0000000140018ae0 f   pjsip-core-x86_64-x64-vc14-release:sip_transaction.obj
 0001:0001ae90       pjsip_rdata_get_dlg        000000014001be90 f   pjsip-core-x86_64-x64-vc14-release:sip_ua_layer.obj
 0001:0001aea0       pjsip_tsx_get_dlg          000000014001bea0 f   pjsip-core-x86_64-x64-vc14-release:sip_ua_layer.obj
 0001:0001aeb0       pjsip_ua_get_endpt         000000014001beb0 f   pjsip-core-x86_64-x64-vc14-release:sip_ua_layer.obj
 0001:0001aec0       pjsip_ua_init_module       000000014001bec0 f   pjsip-core-x86_64-x64-vc14-release:sip_ua_layer.obj
 0001:0001aef0       pjsip_ua_instance          000000014001bef0 f   pjsip-core-x86_64-x64-vc14-release:sip_ua_layer.obj
 0001:0001af00       pjsip_ua_register_dlg      000000014001bf00 f   pjsip-core-x86_64-x64-vc14-release:sip_ua_layer.obj
 0001:0001b030       pjsip_ua_unregister_dlg    000000014001c030 f   pjsip-core-x86_64-x64-vc14-release:sip_ua_layer.obj
 0001:0001b2c0       create_uas_dialog          000000014001c2c0 f   pjsip-core-x86_64-x64-vc14-release:sip_dialog.obj
 0001:0001bdd0       pjsip_dlg_add_usage        000000014001cdd0 f   pjsip-core-x86_64-x64-vc14-release:sip_dialog.obj
 0001:0001bf30       pjsip_dlg_create_request   000000014001cf30 f   pjsip-core-x86_64-x64-vc14-release:sip_dialog.obj
 0001:0001c050       pjsip_dlg_create_response  000000014001d050 f   pjsip-core-x86_64-x64-vc14-release:sip_dialog.obj
 0001:0001c130       pjsip_dlg_create_uac       000000014001d130 f   pjsip-core-x86_64-x64-vc14-release:sip_dialog.obj
 0001:0001c1f0       pjsip_dlg_create_uac2      000000014001d1f0 f   pjsip-core-x86_64-x64-vc14-release:sip_dialog.obj
 0001:0001c6a0       pjsip_dlg_create_uas_and_inc_lock 000000014001d6a0 f   pjsip-core-x86_64-x64-vc14-release:sip_dialog.obj
 0001:0001c6c0       pjsip_dlg_dec_lock         000000014001d6c0 f   pjsip-core-x86_64-x64-vc14-release:sip_dialog.obj
 0001:0001c730       pjsip_dlg_dec_session      000000014001d730 f   pjsip-core-x86_64-x64-vc14-release:sip_dialog.obj
 0001:0001c7d0       pjsip_dlg_get_remote_cap_hdr 000000014001d7d0 f   pjsip-core-x86_64-x64-vc14-release:sip_dialog.obj
 0001:0001c8a0       pjsip_dlg_inc_lock         000000014001d8a0 f   pjsip-core-x86_64-x64-vc14-release:sip_dialog.obj
 0001:0001c8d0       pjsip_dlg_inc_session      000000014001d8d0 f   pjsip-core-x86_64-x64-vc14-release:sip_dialog.obj
 0001:0001c970       pjsip_dlg_modify_response  000000014001d970 f   pjsip-core-x86_64-x64-vc14-release:sip_dialog.obj
 0001:0001ca90       pjsip_dlg_on_rx_request    000000014001da90 f   pjsip-core-x86_64-x64-vc14-release:sip_dialog.obj
 0001:0001ced0       pjsip_dlg_on_rx_response   000000014001ded0 f   pjsip-core-x86_64-x64-vc14-release:sip_dialog.obj
 0001:0001d2f0       pjsip_dlg_on_tsx_state     000000014001e2f0 f   pjsip-core-x86_64-x64-vc14-release:sip_dialog.obj
 0001:0001d470       pjsip_dlg_remote_has_cap   000000014001e470 f   pjsip-core-x86_64-x64-vc14-release:sip_dialog.obj
 0001:0001d590       pjsip_dlg_remove_remote_cap_hdr 000000014001e590 f   pjsip-core-x86_64-x64-vc14-release:sip_dialog.obj
 0001:0001d640       pjsip_dlg_send_request     000000014001e640 f   pjsip-core-x86_64-x64-vc14-release:sip_dialog.obj
 0001:0001d860       pjsip_dlg_send_response    000000014001e860 f   pjsip-core-x86_64-x64-vc14-release:sip_dialog.obj
 0001:0001d9b0       pjsip_dlg_set_remote_cap_hdr 000000014001e9b0 f   pjsip-core-x86_64-x64-vc14-release:sip_dialog.obj
 0001:0001dad0       pjsip_dlg_try_inc_lock     000000014001ead0 f   pjsip-core-x86_64-x64-vc14-release:sip_dialog.obj
 0001:0001db20       pjsip_dlg_update_remote_cap 000000014001eb20 f   pjsip-core-x86_64-x64-vc14-release:sip_dialog.obj
 0001:0001dd70       pjsip_method_creates_dialog 000000014001ed70 f   pjsip-core-x86_64-x64-vc14-release:sip_dialog.obj
 0001:0001e220       pjsip_auth_clt_deinit      000000014001f220 f   pjsip-core-x86_64-x64-vc14-release:sip_auth_client.obj
 0001:0001e290       pjsip_auth_clt_init        000000014001f290 f   pjsip-core-x86_64-x64-vc14-release:sip_auth_client.obj
 0001:0001e2d0       pjsip_auth_clt_init_req    000000014001f2d0 f   pjsip-core-x86_64-x64-vc14-release:sip_auth_client.obj
 0001:0001e560       pjsip_auth_clt_reinit_req  000000014001f560 f   pjsip-core-x86_64-x64-vc14-release:sip_auth_client.obj
 0001:0001e810       pjsip_auth_create_digest   000000014001f810 f   pjsip-core-x86_64-x64-vc14-release:sip_auth_client.obj
 0001:0001f2b0       deinit_sip_parser          00000001400202b0 f   pjsip-core-x86_64-x64-vc14-release:sip_parser.obj
 0001:0001fcc0       init_sip_parser            0000000140020cc0 f   pjsip-core-x86_64-x64-vc14-release:sip_parser.obj
 0001:00022870       pjsip_find_msg             0000000140023870 f   pjsip-core-x86_64-x64-vc14-release:sip_parser.obj
 0001:00022bf0       pjsip_parse_end_hdr_imp    0000000140023bf0 f   pjsip-core-x86_64-x64-vc14-release:sip_parser.obj
 0001:00022c10       pjsip_parse_hdr            0000000140023c10 f   pjsip-core-x86_64-x64-vc14-release:sip_parser.obj
 0001:00022d50       pjsip_parse_headers        0000000140023d50 f   pjsip-core-x86_64-x64-vc14-release:sip_parser.obj
 0001:00022fe0       pjsip_parse_param_imp      0000000140023fe0 f   pjsip-core-x86_64-x64-vc14-release:sip_parser.obj
 0001:000230d0       pjsip_parse_rdata          00000001400240d0 f   pjsip-core-x86_64-x64-vc14-release:sip_parser.obj
 0001:00023150       pjsip_parse_uri            0000000140024150 f   pjsip-core-x86_64-x64-vc14-release:sip_parser.obj
 0001:00023230       pjsip_parser_const         0000000140024230 f   pjsip-core-x86_64-x64-vc14-release:sip_parser.obj
 0001:00023240       pjsip_register_hdr_parser  0000000140024240 f   pjsip-core-x86_64-x64-vc14-release:sip_parser.obj
 0001:00023330       pjsip_register_uri_parser  0000000140024330 f   pjsip-core-x86_64-x64-vc14-release:sip_parser.obj
 0001:000239b0       pjsip_multipart_add_part   00000001400249b0 f   pjsip-core-x86_64-x64-vc14-release:sip_multipart.obj
 0001:00023a10       pjsip_multipart_create     0000000140024a10 f   pjsip-core-x86_64-x64-vc14-release:sip_multipart.obj
 0001:00023b80       pjsip_multipart_find_part  0000000140024b80 f   pjsip-core-x86_64-x64-vc14-release:sip_multipart.obj
 0001:00023c20       pjsip_multipart_parse      0000000140024c20 f   pjsip-core-x86_64-x64-vc14-release:sip_multipart.obj
 0001:00024bb0       pjsip_name_addr_assign     0000000140025bb0 f   pjsip-core-x86_64-x64-vc14-release:sip_uri.obj
 0001:00024c00       pjsip_name_addr_create     0000000140025c00 f   pjsip-core-x86_64-x64-vc14-release:sip_uri.obj
 0001:00024c30       pjsip_name_addr_init       0000000140025c30 f   pjsip-core-x86_64-x64-vc14-release:sip_uri.obj
 0001:00024c50       pjsip_other_uri_create     0000000140025c50 f   pjsip-core-x86_64-x64-vc14-release:sip_uri.obj
 0001:00024c80       pjsip_param_clone          0000000140025c80 f   pjsip-core-x86_64-x64-vc14-release:sip_uri.obj
 0001:00024d20       pjsip_param_cmp            0000000140025d20 f   pjsip-core-x86_64-x64-vc14-release:sip_uri.obj
 0001:00024e00       pjsip_param_find           0000000140025e00 f   pjsip-core-x86_64-x64-vc14-release:sip_uri.obj
 0001:00024e60       pjsip_param_print_on       0000000140025e60 f   pjsip-core-x86_64-x64-vc14-release:sip_uri.obj
 0001:00024fa0       pjsip_param_shallow_clone  0000000140025fa0 f   pjsip-core-x86_64-x64-vc14-release:sip_uri.obj
 0001:00025020       pjsip_sip_uri_assign       0000000140026020 f   pjsip-core-x86_64-x64-vc14-release:sip_uri.obj
 0001:00025100       pjsip_sip_uri_create       0000000140026100 f   pjsip-core-x86_64-x64-vc14-release:sip_uri.obj
 0001:00025520       pjsip_resolve              0000000140026520 f   pjsip-core-x86_64-x64-vc14-release:sip_resolve.obj
 0001:00025ba0       pjsip_resolver_create      0000000140026ba0 f   pjsip-core-x86_64-x64-vc14-release:sip_resolve.obj
 0001:00025be0       pjsip_resolver_destroy     0000000140026be0 f   pjsip-core-x86_64-x64-vc14-release:sip_resolve.obj
 0001:00025df0       pjsip_strerror             0000000140026df0 f   pjsip-core-x86_64-x64-vc14-release:sip_errno.obj
 0001:00026380       pjsip_tel_nb_cmp           0000000140027380 f   pjsip-core-x86_64-x64-vc14-release:sip_tel_uri.obj
 0001:00026490       pjsip_tel_uri_subsys_init  0000000140027490 f   pjsip-core-x86_64-x64-vc14-release:sip_tel_uri.obj
 0001:00026f60       pjsip_authorization_hdr_create 0000000140027f60 f   pjsip-core-x86_64-x64-vc14-release:sip_auth_msg.obj
 0001:00026fe0       pjsip_proxy_authenticate_hdr_create 0000000140027fe0 f   pjsip-core-x86_64-x64-vc14-release:sip_auth_msg.obj
 0001:00027060       pjsip_proxy_authorization_hdr_create 0000000140028060 f   pjsip-core-x86_64-x64-vc14-release:sip_auth_msg.obj
 0001:000270e0       pjsip_www_authenticate_hdr_create 00000001400280e0 f   pjsip-core-x86_64-x64-vc14-release:sip_auth_msg.obj
 0001:00028320       pjsip_auth_init_parser     0000000140029320 f   pjsip-core-x86_64-x64-vc14-release:sip_auth_parser.obj
 0001:000288d0       pjmedia_sdp_attr_create    00000001400298d0 f   pjmedia-x86_64-x64-vc14-release:sdp.obj
 0001:00028980       pjmedia_sdp_attr_find      0000000140029980 f   pjmedia-x86_64-x64-vc14-release:sdp.obj
 0001:00028a30       pjmedia_sdp_attr_find2     0000000140029a30 f   pjmedia-x86_64-x64-vc14-release:sdp.obj
 0001:00028b00       pjmedia_sdp_attr_get_rtpmap 0000000140029b00 f   pjmedia-x86_64-x64-vc14-release:sdp.obj
 0001:00028ce0       pjmedia_sdp_attr_remove    0000000140029ce0 f   pjmedia-x86_64-x64-vc14-release:sdp.obj
 0001:00028d90       pjmedia_sdp_attr_remove_all 0000000140029d90 f   pjmedia-x86_64-x64-vc14-release:sdp.obj
 0001:00028e70       pjmedia_sdp_conn_clone     0000000140029e70 f   pjmedia-x86_64-x64-vc14-release:sdp.obj
 0001:00028f00       pjmedia_sdp_media_add_attr 0000000140029f00 f   pjmedia-x86_64-x64-vc14-release:sdp.obj
 0001:00028f40       pjmedia_sdp_media_clone    0000000140029f40 f   pjmedia-x86_64-x64-vc14-release:sdp.obj
 0001:00029130       pjmedia_sdp_media_clone_deactivate 000000014002a130 f   pjmedia-x86_64-x64-vc14-release:sdp.obj
 0001:00029320       pjmedia_sdp_media_deactivate 000000014002a320 f   pjmedia-x86_64-x64-vc14-release:sdp.obj
 0001:00029340       pjmedia_sdp_media_find_attr2 000000014002a340 f   pjmedia-x86_64-x64-vc14-release:sdp.obj
 0001:00029370       pjmedia_sdp_media_remove_all_attr 000000014002a370 f   pjmedia-x86_64-x64-vc14-release:sdp.obj
 0001:00029390       pjmedia_sdp_media_remove_attr 000000014002a390 f   pjmedia-x86_64-x64-vc14-release:sdp.obj
 0001:000293b0       pjmedia_sdp_parse          000000014002a3b0 f   pjmedia-x86_64-x64-vc14-release:sdp.obj
 0001:00029af0       pjmedia_sdp_print          000000014002aaf0 f   pjmedia-x86_64-x64-vc14-release:sdp.obj
 0001:00029b00       pjmedia_sdp_session_add_attr 000000014002ab00 f   pjmedia-x86_64-x64-vc14-release:sdp.obj
 0001:00029b40       pjmedia_sdp_session_clone  000000014002ab40 f   pjmedia-x86_64-x64-vc14-release:sdp.obj
 0001:00029d90       pjmedia_sdp_transport_cmp  000000014002ad90 f   pjmedia-x86_64-x64-vc14-release:sdp.obj
 0001:00029df0       pjmedia_sdp_transport_get_proto 000000014002adf0 f   pjmedia-x86_64-x64-vc14-release:sdp.obj
 0001:00029f50       pjmedia_sdp_validate       000000014002af50 f   pjmedia-x86_64-x64-vc14-release:sdp.obj
 0001:00029f60       pjmedia_sdp_validate2      000000014002af60 f   pjmedia-x86_64-x64-vc14-release:sdp.obj
 0001:0002b620       pjmedia_sdp_neg_cancel_offer 000000014002c620 f   pjmedia-x86_64-x64-vc14-release:sdp_neg.obj
 0001:0002b670       pjmedia_sdp_neg_create_w_local_offer 000000014002c670 f   pjmedia-x86_64-x64-vc14-release:sdp_neg.obj
 0001:0002b730       pjmedia_sdp_neg_create_w_remote_offer 000000014002c730 f   pjmedia-x86_64-x64-vc14-release:sdp_neg.obj
 0001:0002b830       pjmedia_sdp_neg_get_active_local 000000014002c830 f   pjmedia-x86_64-x64-vc14-release:sdp_neg.obj
 0001:0002b860       pjmedia_sdp_neg_get_neg_local 000000014002c860 f   pjmedia-x86_64-x64-vc14-release:sdp_neg.obj
 0001:0002b890       pjmedia_sdp_neg_get_state  000000014002c890 f   pjmedia-x86_64-x64-vc14-release:sdp_neg.obj
 0001:0002b8a0       pjmedia_sdp_neg_has_local_answer 000000014002c8a0 f   pjmedia-x86_64-x64-vc14-release:sdp_neg.obj
 0001:0002b8b0       pjmedia_sdp_neg_modify_local_offer2 000000014002c8b0 f   pjmedia-x86_64-x64-vc14-release:sdp_neg.obj
 0001:0002bb00       pjmedia_sdp_neg_negotiate  000000014002cb00 f   pjmedia-x86_64-x64-vc14-release:sdp_neg.obj
 0001:0002bc10       pjmedia_sdp_neg_send_local_offer 000000014002cc10 f   pjmedia-x86_64-x64-vc14-release:sdp_neg.obj
 0001:0002bd00       pjmedia_sdp_neg_set_local_answer 000000014002cd00 f   pjmedia-x86_64-x64-vc14-release:sdp_neg.obj
 0001:0002bdd0       pjmedia_sdp_neg_set_remote_answer 000000014002cdd0 f   pjmedia-x86_64-x64-vc14-release:sdp_neg.obj
 0001:0002be30       pjmedia_sdp_neg_set_remote_offer 000000014002ce30 f   pjmedia-x86_64-x64-vc14-release:sdp_neg.obj
 0001:0002be80       pjmedia_sdp_neg_state_str  000000014002ce80 f   pjmedia-x86_64-x64-vc14-release:sdp_neg.obj
 0001:0002c7d0       pjlib_util_init            000000014002d7d0 f   pjlib-util-x86_64-x64-vc14-release:errno.obj
 0001:0002c7f0       pjlib_util_strerror        000000014002d7f0 f   pjlib-util-x86_64-x64-vc14-release:errno.obj
 0001:0002d200       pj_getopt_long             000000014002e200 f   pjlib-util-x86_64-x64-vc14-release:getopt.obj
 0001:0002d220       pj_cis_add_alpha           000000014002e220 f   pjlib-util-x86_64-x64-vc14-release:scanner.obj
 0001:0002d250       pj_cis_add_cis             000000014002e250 f   pjlib-util-x86_64-x64-vc14-release:scanner.obj
 0001:0002d2a0       pj_cis_add_num             000000014002e2a0 f   pjlib-util-x86_64-x64-vc14-release:scanner.obj
 0001:0002d2b0       pj_cis_add_range           000000014002e2b0 f   pjlib-util-x86_64-x64-vc14-release:scanner.obj
 0001:0002d3c0       pj_cis_add_str             000000014002e3c0 f   pjlib-util-x86_64-x64-vc14-release:scanner.obj
 0001:0002d400       pj_cis_buf_init            000000014002e400 f   pjlib-util-x86_64-x64-vc14-release:scanner.obj
 0001:0002d430       pj_cis_del_str             000000014002e430 f   pjlib-util-x86_64-x64-vc14-release:scanner.obj
 0001:0002d470       pj_cis_dup                 000000014002e470 f   pjlib-util-x86_64-x64-vc14-release:scanner.obj
 0001:0002d510       pj_cis_init                000000014002e510 f   pjlib-util-x86_64-x64-vc14-release:scanner.obj
 0001:0002d550       pj_cis_invert              000000014002e550 f   pjlib-util-x86_64-x64-vc14-release:scanner.obj
 0001:0002d5a0       pj_scan_advance_n          000000014002e5a0 f   pjlib-util-x86_64-x64-vc14-release:scanner.obj
 0001:0002d5d0       pj_scan_fini               000000014002e5d0 f   pjlib-util-x86_64-x64-vc14-release:scanner.obj
 0001:0002d5f0       pj_scan_get                000000014002e5f0 f   pjlib-util-x86_64-x64-vc14-release:scanner.obj
 0001:0002d660       pj_scan_get_char           000000014002e660 f   pjlib-util-x86_64-x64-vc14-release:scanner.obj
 0001:0002d6b0       pj_scan_get_n              000000014002e6b0 f   pjlib-util-x86_64-x64-vc14-release:scanner.obj
 0001:0002d6f0       pj_scan_get_newline        000000014002e6f0 f   pjlib-util-x86_64-x64-vc14-release:scanner.obj
 0001:0002d740       pj_scan_get_quote          000000014002e740 f   pjlib-util-x86_64-x64-vc14-release:scanner.obj
 0001:0002d850       pj_scan_get_until_ch       000000014002e850 f   pjlib-util-x86_64-x64-vc14-release:scanner.obj
 0001:0002d8a0       pj_scan_get_until_chr      000000014002e8a0 f   pjlib-util-x86_64-x64-vc14-release:scanner.obj
 0001:0002d940       pj_scan_init               000000014002e940 f   pjlib-util-x86_64-x64-vc14-release:scanner.obj
 0001:0002d9c0       pj_scan_peek               000000014002e9c0 f   pjlib-util-x86_64-x64-vc14-release:scanner.obj
 0001:0002da30       pj_scan_skip_line          000000014002ea30 f   pjlib-util-x86_64-x64-vc14-release:scanner.obj
 0001:0002da70       pj_scan_skip_whitespace    000000014002ea70 f   pjlib-util-x86_64-x64-vc14-release:scanner.obj
 0001:0002db60       pj_str_unescape            000000014002eb60 f   pjlib-util-x86_64-x64-vc14-release:string.obj
 0001:0002dc90       pj_strncpy2_escape         000000014002ec90 f   pjlib-util-x86_64-x64-vc14-release:string.obj
 0001:0002e060       pj_dns_parse_addr_response 000000014002f060 f   pjlib-util-x86_64-x64-vc14-release:resolver.obj
 0001:0002e380       pj_dns_resolver_cancel_query 000000014002f380 f   pjlib-util-x86_64-x64-vc14-release:resolver.obj
 0001:0002e420       pj_dns_resolver_destroy    000000014002f420 f   pjlib-util-x86_64-x64-vc14-release:resolver.obj
 0001:0002e5f0       pj_dns_resolver_start_query 000000014002f5f0 f   pjlib-util-x86_64-x64-vc14-release:resolver.obj
 0001:0002f790       pj_md5_final               0000000140030790 f   pjlib-util-x86_64-x64-vc14-release:md5.obj
 0001:0002f850       pj_md5_init                0000000140030850 f   pjlib-util-x86_64-x64-vc14-release:md5.obj
 0001:0002f880       pj_md5_update              0000000140030880 f   pjlib-util-x86_64-x64-vc14-release:md5.obj
 0001:0002f970       pj_dns_get_type_name       0000000140030970 f   pjlib-util-x86_64-x64-vc14-release:dns.obj
 0001:0002fa40       pj_dns_make_query          0000000140030a40 f   pjlib-util-x86_64-x64-vc14-release:dns.obj
 0001:00030be0       pj_dns_srv_cancel_query    0000000140031be0 f   pjlib-util-x86_64-x64-vc14-release:srv_resolver.obj
 0001:00030cc0       pj_dns_srv_resolve         0000000140031cc0 f   pjlib-util-x86_64-x64-vc14-release:srv_resolver.obj
 0001:000310f0       pj_atexit                  00000001400320f0 f   pjlib-x86_64-x64-vc14-release:os_core_win32.obj
 0001:00031120       pj_atomic_create           0000000140032120 f   pjlib-x86_64-x64-vc14-release:os_core_win32.obj
 0001:00031160       pj_atomic_dec_and_get      0000000140032160 f   pjlib-x86_64-x64-vc14-release:os_core_win32.obj
 0001:000311c0       pj_atomic_destroy          00000001400321c0 f   pjlib-x86_64-x64-vc14-release:os_core_win32.obj
 0001:000311d0       pj_atomic_get              00000001400321d0 f   pjlib-x86_64-x64-vc14-release:os_core_win32.obj
 0001:00031240       pj_atomic_inc              0000000140032240 f   pjlib-x86_64-x64-vc14-release:os_core_win32.obj
 0001:00031250       pj_atomic_inc_and_get      0000000140032250 f   pjlib-x86_64-x64-vc14-release:os_core_win32.obj
 0001:000312c0       pj_atomic_set              00000001400322c0 f   pjlib-x86_64-x64-vc14-release:os_core_win32.obj
 0001:00031330       pj_enter_critical_section  0000000140032330 f   pjlib-x86_64-x64-vc14-release:os_core_win32.obj
 0001:000313a0       pj_init                    00000001400323a0 f   pjlib-x86_64-x64-vc14-release:os_core_win32.obj
 0001:00031500       pj_leave_critical_section  0000000140032500 f   pjlib-x86_64-x64-vc14-release:os_core_win32.obj
 0001:00031570       pj_mutex_create            0000000140032570 f   pjlib-x86_64-x64-vc14-release:os_core_win32.obj
 0001:000315f0       pj_mutex_create_simple     00000001400325f0 f   pjlib-x86_64-x64-vc14-release:os_core_win32.obj
 0001:000315f0       pj_mutex_create_recursive  00000001400325f0 f   pjlib-x86_64-x64-vc14-release:os_core_win32.obj
 0001:00031670       pj_mutex_destroy           0000000140032670 f   pjlib-x86_64-x64-vc14-release:os_core_win32.obj
 0001:000316f0       pj_mutex_lock              00000001400326f0 f   pjlib-x86_64-x64-vc14-release:os_core_win32.obj
 0001:00031770       pj_mutex_trylock           0000000140032770 f   pjlib-x86_64-x64-vc14-release:os_core_win32.obj
 0001:00031800       pj_mutex_unlock            0000000140032800 f   pjlib-x86_64-x64-vc14-release:os_core_win32.obj
 0001:00031880       pj_rwmutex_create          0000000140032880 f   pjlib-x86_64-x64-vc14-release:os_core_win32.obj
 0001:00031940       pj_rwmutex_destroy         0000000140032940 f   pjlib-x86_64-x64-vc14-release:os_core_win32.obj
 0001:00031980       pj_rwmutex_lock_read       0000000140032980 f   pjlib-x86_64-x64-vc14-release:os_core_win32.obj
 0001:000319d0       pj_rwmutex_lock_write      00000001400329d0 f   pjlib-x86_64-x64-vc14-release:os_core_win32.obj
 0001:000319f0       pj_rwmutex_unlock_read     00000001400329f0 f   pjlib-x86_64-x64-vc14-release:os_core_win32.obj
 0001:00031a40       pj_rwmutex_unlock_write    0000000140032a40 f   pjlib-x86_64-x64-vc14-release:os_core_win32.obj
 0001:00031a60       pj_sem_create              0000000140032a60 f   pjlib-x86_64-x64-vc14-release:os_core_win32.obj
 0001:00031bc0       pj_sem_destroy             0000000140032bc0 f   pjlib-x86_64-x64-vc14-release:os_core_win32.obj
 0001:00031c70       pj_sem_post                0000000140032c70 f   pjlib-x86_64-x64-vc14-release:os_core_win32.obj
 0001:00031d20       pj_sem_trywait             0000000140032d20 f   pjlib-x86_64-x64-vc14-release:os_core_win32.obj
 0001:00031d90       pj_sem_wait                0000000140032d90 f   pjlib-x86_64-x64-vc14-release:os_core_win32.obj
 0001:00031f00       pj_term_set_color          0000000140032f00 f   pjlib-x86_64-x64-vc14-release:os_core_win32.obj
 0001:00031ff0       pj_thread_check_stack      0000000140032ff0 f   pjlib-x86_64-x64-vc14-release:os_core_win32.obj
 0001:00032050       pj_thread_create           0000000140033050 f   pjlib-x86_64-x64-vc14-release:os_core_win32.obj
 0001:00032210       pj_thread_get_name         0000000140033210 f   pjlib-x86_64-x64-vc14-release:os_core_win32.obj
 0001:00032280       pj_thread_init             0000000140033280 f   pjlib-x86_64-x64-vc14-release:os_core_win32.obj
 0001:000322e0       pj_thread_join             00000001400332e0 f   pjlib-x86_64-x64-vc14-release:os_core_win32.obj
 0001:000323e0       pj_thread_local_alloc      00000001400333e0 f   pjlib-x86_64-x64-vc14-release:os_core_win32.obj
 0001:00032450       pj_thread_local_free       0000000140033450 f   pjlib-x86_64-x64-vc14-release:os_core_win32.obj
 0001:000324b0       pj_thread_local_get        00000001400334b0 f   pjlib-x86_64-x64-vc14-release:os_core_win32.obj
 0001:000324c0       pj_thread_local_set        00000001400334c0 f   pjlib-x86_64-x64-vc14-release:os_core_win32.obj
 0001:00032510       pj_thread_register         0000000140033510 f   pjlib-x86_64-x64-vc14-release:os_core_win32.obj
 0001:00032620       pj_thread_sleep            0000000140033620 f   pjlib-x86_64-x64-vc14-release:os_core_win32.obj
 0001:00032680       pj_thread_this             0000000140033680 f   pjlib-x86_64-x64-vc14-release:os_core_win32.obj
 0001:00032740       pj_perror                  0000000140033740 f   pjlib-x86_64-x64-vc14-release:errno.obj
 0001:00032760       pj_perror_1                0000000140033760 f   pjlib-x86_64-x64-vc14-release:errno.obj
 0001:00032790       pj_perror_2                0000000140033790 f   pjlib-x86_64-x64-vc14-release:errno.obj
 0001:000327c0       pj_perror_3                00000001400337c0 f   pjlib-x86_64-x64-vc14-release:errno.obj
 0001:000327f0       pj_perror_4                00000001400337f0 f   pjlib-x86_64-x64-vc14-release:errno.obj
 0001:00032900       pj_register_strerror       0000000140033900 f   pjlib-x86_64-x64-vc14-release:errno.obj
 0001:00032a20       pj_strerror                0000000140033a20 f   pjlib-x86_64-x64-vc14-release:errno.obj
 0001:00032be0       pj_list_erase              0000000140033be0 f   pjlib-x86_64-x64-vc14-release:list.obj
 0001:00032c00       pj_list_find_node          0000000140033c00 f   pjlib-x86_64-x64-vc14-release:list.obj
 0001:00032c30       pj_list_insert_after       0000000140033c30 f   pjlib-x86_64-x64-vc14-release:list.obj
 0001:00032c50       pj_list_insert_before      0000000140033c50 f   pjlib-x86_64-x64-vc14-release:list.obj
 0001:00032c70       pj_list_insert_nodes_before 0000000140033c70 f   pjlib-x86_64-x64-vc14-release:list.obj
 0001:00032c90       pj_list_search             0000000140033c90 f   pjlib-x86_64-x64-vc14-release:list.obj
 0001:00032cf0       pj_list_size               0000000140033cf0 f   pjlib-x86_64-x64-vc14-release:list.obj
 0001:00032d10       pj_addr_str_print          0000000140033d10 f   pjlib-x86_64-x64-vc14-release:sock_common.obj
 0001:00032e00       pj_gethostip               0000000140033e00 f   pjlib-x86_64-x64-vc14-release:sock_common.obj
 0001:00033690       pj_getipinterface          0000000140034690 f   pjlib-x86_64-x64-vc14-release:sock_common.obj
 0001:00033940       pj_sockaddr_cmp            0000000140034940 f   pjlib-x86_64-x64-vc14-release:sock_common.obj
 0001:00033a90       pj_sockaddr_copy_addr      0000000140034a90 f   pjlib-x86_64-x64-vc14-release:sock_common.obj
 0001:00033b10       pj_sockaddr_cp             0000000140034b10 f   pjlib-x86_64-x64-vc14-release:sock_common.obj
 0001:00033b60       pj_sockaddr_get_addr       0000000140034b60 f   pjlib-x86_64-x64-vc14-release:sock_common.obj
 0001:00033b90       pj_sockaddr_get_len        0000000140034b90 f   pjlib-x86_64-x64-vc14-release:sock_common.obj
 0001:00033bc0       pj_sockaddr_get_port       0000000140034bc0 f   pjlib-x86_64-x64-vc14-release:sock_common.obj
 0001:00033bf0       pj_sockaddr_has_addr       0000000140034bf0 f   pjlib-x86_64-x64-vc14-release:sock_common.obj
 0001:00033c80       pj_sockaddr_in_init        0000000140034c80 f   pjlib-x86_64-x64-vc14-release:sock_common.obj
 0001:00033cf0       pj_sockaddr_in_set_str_addr 0000000140034cf0 f   pjlib-x86_64-x64-vc14-release:sock_common.obj
 0001:00033dd0       pj_sockaddr_init           0000000140034dd0 f   pjlib-x86_64-x64-vc14-release:sock_common.obj
 0001:00033eb0       pj_sockaddr_print          0000000140034eb0 f   pjlib-x86_64-x64-vc14-release:sock_common.obj
 0001:00034020       pj_sockaddr_set_port       0000000140035020 f   pjlib-x86_64-x64-vc14-release:sock_common.obj
 0001:00034070       pj_sockaddr_set_str_addr   0000000140035070 f   pjlib-x86_64-x64-vc14-release:sock_common.obj
 0001:00034160       pj_NO_MEMORY_EXCEPTION     0000000140035160 f   pjlib-x86_64-x64-vc14-release:pool.obj
 0001:00034170       pj_pool_alloc              0000000140035170 f   pjlib-x86_64-x64-vc14-release:pool.obj
 0001:000341c0       pj_pool_allocate_find      00000001400351c0 f   pjlib-x86_64-x64-vc14-release:pool.obj
 0001:00034300       pj_pool_calloc             0000000140035300 f   pjlib-x86_64-x64-vc14-release:pool.obj
 0001:00034370       pj_pool_create             0000000140035370 f   pjlib-x86_64-x64-vc14-release:pool.obj
 0001:00034430       pj_pool_create_int         0000000140035430 f   pjlib-x86_64-x64-vc14-release:pool.obj
 0001:00034520       pj_pool_destroy_int        0000000140035520 f   pjlib-x86_64-x64-vc14-release:pool.obj
 0001:00034560       pj_pool_get_capacity       0000000140035560 f   pjlib-x86_64-x64-vc14-release:pool.obj
 0001:00034570       pj_pool_get_used_size      0000000140035570 f   pjlib-x86_64-x64-vc14-release:pool.obj
 0001:000345b0       pj_pool_getobjname         00000001400355b0 f   pjlib-x86_64-x64-vc14-release:pool.obj
 0001:000345c0       pj_pool_init_int           00000001400355c0 f   pjlib-x86_64-x64-vc14-release:pool.obj
 0001:00034660       pj_pool_release            0000000140035660 f   pjlib-x86_64-x64-vc14-release:pool.obj
 0001:00034680       pj_pool_reset              0000000140035680 f   pjlib-x86_64-x64-vc14-release:pool.obj
 0001:000346a0       pj_pool_safe_release       00000001400356a0 f   pjlib-x86_64-x64-vc14-release:pool.obj
 0001:00034bb0       pj_caching_pool_destroy    0000000140035bb0 f   pjlib-x86_64-x64-vc14-release:pool_caching.obj
 0001:00034cc0       pj_caching_pool_init       0000000140035cc0 f   pjlib-x86_64-x64-vc14-release:pool_caching.obj
 0001:00034dd0       pj_str                     0000000140035dd0 f   pjlib-x86_64-x64-vc14-release:string.obj
 0001:00034e00       pj_strassign               0000000140035e00 f   pjlib-x86_64-x64-vc14-release:string.obj
 0001:00034e20       pj_strcat                  0000000140035e20 f   pjlib-x86_64-x64-vc14-release:string.obj
 0001:00034e60       pj_strcat2                 0000000140035e60 f   pjlib-x86_64-x64-vc14-release:string.obj
 0001:00034eb0       pj_strcmp                  0000000140035eb0 f   pjlib-x86_64-x64-vc14-release:string.obj
 0001:00034f30       pj_strcmp2                 0000000140035f30 f   pjlib-x86_64-x64-vc14-release:string.obj
 0001:00034fd0       pj_strcpy                  0000000140035fd0 f   pjlib-x86_64-x64-vc14-release:string.obj
 0001:00035000       pj_strcpy2                 0000000140036000 f   pjlib-x86_64-x64-vc14-release:string.obj
 0001:00035040       pj_strcspn2                0000000140036040 f   pjlib-x86_64-x64-vc14-release:string.obj
 0001:000350a0       pj_strdup                  00000001400360a0 f   pjlib-x86_64-x64-vc14-release:string.obj
 0001:000350f0       pj_strdup2                 00000001400360f0 f   pjlib-x86_64-x64-vc14-release:string.obj
 0001:00035170       pj_strdup2_with_null       0000000140036170 f   pjlib-x86_64-x64-vc14-release:string.obj
 0001:000351e0       pj_strdup_with_null        00000001400361e0 f   pjlib-x86_64-x64-vc14-release:string.obj
 0001:00035230       pj_stricmp                 0000000140036230 f   pjlib-x86_64-x64-vc14-release:string.obj
 0001:000352c0       pj_stricmp2                00000001400362c0 f   pjlib-x86_64-x64-vc14-release:string.obj
 0001:00035370       pj_strncpy                 0000000140036370 f   pjlib-x86_64-x64-vc14-release:string.obj
 0001:000353c0       pj_strncpy_with_null       00000001400363c0 f   pjlib-x86_64-x64-vc14-release:string.obj
 0001:00035410       pj_strnicmp                0000000140036410 f   pjlib-x86_64-x64-vc14-release:string.obj
 0001:00035460       pj_strspn2                 0000000140036460 f   pjlib-x86_64-x64-vc14-release:string.obj
 0001:000354e0       pj_strstr                  00000001400364e0 f   pjlib-x86_64-x64-vc14-release:string.obj
 0001:00035570       pj_strtok2                 0000000140036570 f   pjlib-x86_64-x64-vc14-release:string.obj
 0001:00035610       pj_strtol                  0000000140036610 f   pjlib-x86_64-x64-vc14-release:string.obj
 0001:00035680       pj_strtol2                 0000000140036680 f   pjlib-x86_64-x64-vc14-release:string.obj
 0001:00035860       pj_strtoul                 0000000140036860 f   pjlib-x86_64-x64-vc14-release:string.obj
 0001:000358f0       pj_strtoul2                00000001400368f0 f   pjlib-x86_64-x64-vc14-release:string.obj
 0001:000359e0       pj_strtoul3                00000001400369e0 f   pjlib-x86_64-x64-vc14-release:string.obj
 0001:00035b80       pj_strtrim                 0000000140036b80 f   pjlib-x86_64-x64-vc14-release:string.obj
 0001:00035c20       pj_utoa                    0000000140036c20 f   pjlib-x86_64-x64-vc14-release:string.obj
 0001:00035c30       pj_utoa_pad                0000000140036c30 f   pjlib-x86_64-x64-vc14-release:string.obj
 0001:00035cf0       pj_array_erase             0000000140036cf0 f   pjlib-x86_64-x64-vc14-release:array.obj
 0001:00035d30       pj_array_insert            0000000140036d30 f   pjlib-x86_64-x64-vc14-release:array.obj
 0001:00035de0       pj_log                     0000000140036de0 f   pjlib-x86_64-x64-vc14-release:log.obj
 0001:00036370       pj_log_1                   0000000140037370 f   pjlib-x86_64-x64-vc14-release:log.obj
 0001:000363a0       pj_log_2                   00000001400373a0 f   pjlib-x86_64-x64-vc14-release:log.obj
 0001:000363d0       pj_log_3                   00000001400373d0 f   pjlib-x86_64-x64-vc14-release:log.obj
 0001:00036400       pj_log_4                   0000000140037400 f   pjlib-x86_64-x64-vc14-release:log.obj
 0001:00036430       pj_log_5                   0000000140037430 f   pjlib-x86_64-x64-vc14-release:log.obj
 0001:00036460       pj_log_get_color           0000000140037460 f   pjlib-x86_64-x64-vc14-release:log.obj
 0001:000364d0       pj_log_get_decor           00000001400374d0 f   pjlib-x86_64-x64-vc14-release:log.obj
 0001:000364e0       pj_log_get_level           00000001400374e0 f   pjlib-x86_64-x64-vc14-release:log.obj
 0001:000364f0       pj_log_init                00000001400374f0 f   pjlib-x86_64-x64-vc14-release:log.obj
 0001:00036560       pj_log_pop_indent          0000000140037560 f   pjlib-x86_64-x64-vc14-release:log.obj
 0001:00036590       pj_log_push_indent         0000000140037590 f   pjlib-x86_64-x64-vc14-release:log.obj
 0001:000365c0       pj_log_set_level           00000001400375c0 f   pjlib-x86_64-x64-vc14-release:log.obj
 0001:000365d0       pj_gethostname             00000001400375d0 f   pjlib-x86_64-x64-vc14-release:sock_bsd.obj
 0001:00036670       pj_htonl                   0000000140037670 f   pjlib-x86_64-x64-vc14-release:sock_bsd.obj
 0001:00036680       pj_htons                   0000000140037680 f   pjlib-x86_64-x64-vc14-release:sock_bsd.obj
 0001:00036690       pj_inet_aton               0000000140037690 f   pjlib-x86_64-x64-vc14-release:sock_bsd.obj
 0001:00036720       pj_inet_ntop               0000000140037720 f   pjlib-x86_64-x64-vc14-release:sock_bsd.obj
 0001:00036850       pj_inet_pton               0000000140037850 f   pjlib-x86_64-x64-vc14-release:sock_bsd.obj
 0001:00036980       pj_ntohl                   0000000140037980 f   pjlib-x86_64-x64-vc14-release:sock_bsd.obj
 0001:00036990       pj_ntohs                   0000000140037990 f   pjlib-x86_64-x64-vc14-release:sock_bsd.obj
 0001:000369a0       pj_sock_accept             00000001400379a0 f   pjlib-x86_64-x64-vc14-release:sock_bsd.obj
 0001:00036a40       pj_sock_bind               0000000140037a40 f   pjlib-x86_64-x64-vc14-release:sock_bsd.obj
 0001:00036af0       pj_sock_close              0000000140037af0 f   pjlib-x86_64-x64-vc14-release:sock_bsd.obj
 0001:00036b50       pj_sock_connect            0000000140037b50 f   pjlib-x86_64-x64-vc14-release:sock_bsd.obj
 0001:00036be0       pj_sock_getsockname        0000000140037be0 f   pjlib-x86_64-x64-vc14-release:sock_bsd.obj
 0001:00036c70       pj_sock_getsockopt         0000000140037c70 f   pjlib-x86_64-x64-vc14-release:sock_bsd.obj
 0001:00036d20       pj_sock_listen             0000000140037d20 f   pjlib-x86_64-x64-vc14-release:sock_bsd.obj
 0001:00036da0       pj_sock_recv               0000000140037da0 f   pjlib-x86_64-x64-vc14-release:sock_bsd.obj
 0001:00036e40       pj_sock_recvfrom           0000000140037e40 f   pjlib-x86_64-x64-vc14-release:sock_bsd.obj
 0001:00036ef0       pj_sock_send               0000000140037ef0 f   pjlib-x86_64-x64-vc14-release:sock_bsd.obj
 0001:00036f90       pj_sock_sendto             0000000140037f90 f   pjlib-x86_64-x64-vc14-release:sock_bsd.obj
 0001:00037040       pj_sock_setsockopt         0000000140038040 f   pjlib-x86_64-x64-vc14-release:sock_bsd.obj
 0001:000370f0       pj_sock_setsockopt_params  00000001400380f0 f   pjlib-x86_64-x64-vc14-release:sock_bsd.obj
 0001:00037230       pj_sock_socket             0000000140038230 f   pjlib-x86_64-x64-vc14-release:sock_bsd.obj
 0001:00037690       pj_grp_lock_acquire        0000000140038690 f   pjlib-x86_64-x64-vc14-release:lock.obj
 0001:000376a0       pj_grp_lock_add_handler    00000001400386a0 f   pjlib-x86_64-x64-vc14-release:lock.obj
 0001:00037720       pj_grp_lock_add_ref        0000000140038720 f   pjlib-x86_64-x64-vc14-release:lock.obj
 0001:00037740       pj_grp_lock_create         0000000140038740 f   pjlib-x86_64-x64-vc14-release:lock.obj
 0001:000378a0       pj_grp_lock_create_w_handler 00000001400388a0 f   pjlib-x86_64-x64-vc14-release:lock.obj
 0001:00037930       pj_grp_lock_dec_ref        0000000140038930 f   pjlib-x86_64-x64-vc14-release:lock.obj
 0001:00037970       pj_grp_lock_get_ref        0000000140038970 f   pjlib-x86_64-x64-vc14-release:lock.obj
 0001:00037980       pj_grp_lock_release        0000000140038980 f   pjlib-x86_64-x64-vc14-release:lock.obj
 0001:00037990       pj_grp_lock_tryacquire     0000000140038990 f   pjlib-x86_64-x64-vc14-release:lock.obj
 0001:000379a0       pj_lock_acquire            00000001400389a0 f   pjlib-x86_64-x64-vc14-release:lock.obj
 0001:000379c0       pj_lock_create_null_mutex  00000001400389c0 f   pjlib-x86_64-x64-vc14-release:lock.obj
 0001:000379e0       pj_lock_create_recursive_mutex 00000001400389e0 f   pjlib-x86_64-x64-vc14-release:lock.obj
 0001:000379f0       pj_lock_create_simple_mutex 00000001400389f0 f   pjlib-x86_64-x64-vc14-release:lock.obj
 0001:00037a00       pj_lock_destroy            0000000140038a00 f   pjlib-x86_64-x64-vc14-release:lock.obj
 0001:00037a20       pj_lock_release            0000000140038a20 f   pjlib-x86_64-x64-vc14-release:lock.obj
 0001:00037a40       pj_lock_tryacquire         0000000140038a40 f   pjlib-x86_64-x64-vc14-release:lock.obj
 0001:00037a60       pj_rand                    0000000140038a60 f   pjlib-x86_64-x64-vc14-release:rand.obj
 0001:00037aa0       pj_time_val_normalize      0000000140038aa0 f   pjlib-x86_64-x64-vc14-release:types.obj
 0001:00037e00       pj_timer_entry_init        0000000140038e00 f   pjlib-x86_64-x64-vc14-release:timer.obj
 0001:00037e20       pj_timer_entry_running     0000000140038e20 f   pjlib-x86_64-x64-vc14-release:timer.obj
 0001:00037e30       pj_timer_heap_cancel       0000000140038e30 f   pjlib-x86_64-x64-vc14-release:timer.obj
 0001:00037e40       pj_timer_heap_cancel_if_active 0000000140038e40 f   pjlib-x86_64-x64-vc14-release:timer.obj
 0001:00037e50       pj_timer_heap_create       0000000140038e50 f   pjlib-x86_64-x64-vc14-release:timer.obj
 0001:00037f70       pj_timer_heap_destroy      0000000140038f70 f   pjlib-x86_64-x64-vc14-release:timer.obj
 0001:00037fa0       pj_timer_heap_dump         0000000140038fa0 f   pjlib-x86_64-x64-vc14-release:timer.obj
 0001:00038150       pj_timer_heap_poll         0000000140039150 f   pjlib-x86_64-x64-vc14-release:timer.obj
 0001:00038370       pj_timer_heap_schedule_dbg 0000000140039370 f   pjlib-x86_64-x64-vc14-release:timer.obj
 0001:000383a0       pj_timer_heap_schedule_w_grp_lock_dbg 00000001400393a0 f   pjlib-x86_64-x64-vc14-release:timer.obj
 0001:000383e0       pj_timer_heap_set_lock     00000001400393e0 f   pjlib-x86_64-x64-vc14-release:timer.obj
 0001:00038430       pj_timer_heap_set_max_timed_out_per_poll 0000000140039430 f   pjlib-x86_64-x64-vc14-release:timer.obj
 0001:00038a30       pj_gettimeofday            0000000140039a30 f   pjlib-x86_64-x64-vc14-release:os_time_win32.obj
 0001:00038ad0       pj_time_decode             0000000140039ad0 f   pjlib-x86_64-x64-vc14-release:os_time_win32.obj
 0001:00038c70       ioqueue_dispatch_exception_event 0000000140039c70 f   pjlib-x86_64-x64-vc14-release:ioqueue_select.obj
 0001:00038dd0       ioqueue_dispatch_read_event 0000000140039dd0 f   pjlib-x86_64-x64-vc14-release:ioqueue_select.obj
 0001:00039060       ioqueue_dispatch_write_event 000000014003a060 f   pjlib-x86_64-x64-vc14-release:ioqueue_select.obj
 0001:00039470       pj_ioqueue_accept          000000014003a470 f   pjlib-x86_64-x64-vc14-release:ioqueue_select.obj
 0001:00039650       pj_ioqueue_connect         000000014003a650 f   pjlib-x86_64-x64-vc14-release:ioqueue_select.obj
 0001:00039790       pj_ioqueue_create          000000014003a790 f   pjlib-x86_64-x64-vc14-release:ioqueue_select.obj
 0001:00039990       pj_ioqueue_destroy         000000014003a990 f   pjlib-x86_64-x64-vc14-release:ioqueue_select.obj
 0001:00039a70       pj_ioqueue_get_user_data   000000014003aa70 f   pjlib-x86_64-x64-vc14-release:ioqueue_select.obj
 0001:00039a80       pj_ioqueue_is_pending      000000014003aa80 f   pjlib-x86_64-x64-vc14-release:ioqueue_select.obj
 0001:00039a90       pj_ioqueue_lock_key        000000014003aa90 f   pjlib-x86_64-x64-vc14-release:ioqueue_select.obj
 0001:00039ab0       pj_ioqueue_op_key_init     000000014003aab0 f   pjlib-x86_64-x64-vc14-release:ioqueue_select.obj
 0001:00039ac0       pj_ioqueue_poll            000000014003aac0 f   pjlib-x86_64-x64-vc14-release:ioqueue_select.obj
 0001:00039f60       pj_ioqueue_recv            000000014003af60 f   pjlib-x86_64-x64-vc14-release:ioqueue_select.obj
 0001:0003a110       pj_ioqueue_recvfrom        000000014003b110 f   pjlib-x86_64-x64-vc14-release:ioqueue_select.obj
 0001:0003a2f0       pj_ioqueue_register_sock2  000000014003b2f0 f   pjlib-x86_64-x64-vc14-release:ioqueue_select.obj
 0001:0003a460       pj_ioqueue_send            000000014003b460 f   pjlib-x86_64-x64-vc14-release:ioqueue_select.obj
 0001:0003a630       pj_ioqueue_sendto          000000014003b630 f   pjlib-x86_64-x64-vc14-release:ioqueue_select.obj
 0001:0003a850       pj_ioqueue_set_concurrency 000000014003b850 f   pjlib-x86_64-x64-vc14-release:ioqueue_select.obj
 0001:0003a870       pj_ioqueue_set_lock        000000014003b870 f   pjlib-x86_64-x64-vc14-release:ioqueue_select.obj
 0001:0003a8e0       pj_ioqueue_unlock_key      000000014003b8e0 f   pjlib-x86_64-x64-vc14-release:ioqueue_select.obj
 0001:0003a900       pj_ioqueue_unregister      000000014003b900 f   pjlib-x86_64-x64-vc14-release:ioqueue_select.obj
 0001:0003ab40       pj_exception_id_alloc      000000014003bb40 f   pjlib-x86_64-x64-vc14-release:except.obj
 0001:0003abb0       pj_exception_id_free       000000014003bbb0 f   pjlib-x86_64-x64-vc14-release:except.obj
 0001:0003abf0       pj_exception_id_name       000000014003bbf0 f   pjlib-x86_64-x64-vc14-release:except.obj
 0001:0003ac40       pj_pop_exception_handler_  000000014003bc40 f   pjlib-x86_64-x64-vc14-release:except.obj
 0001:0003ac80       pj_push_exception_handler_ 000000014003bc80 f   pjlib-x86_64-x64-vc14-release:except.obj
 0001:0003ace0       pj_throw_exception_        000000014003bce0 f   pjlib-x86_64-x64-vc14-release:except.obj
 0001:0003ada0       pj_get_timestamp           000000014003bda0 f   pjlib-x86_64-x64-vc14-release:os_timestamp_win32.obj
 0001:0003ae00       pj_get_timestamp_freq      000000014003be00 f   pjlib-x86_64-x64-vc14-release:os_timestamp_win32.obj
 0001:0003ae60       pj_hash_calc               000000014003be60 f   pjlib-x86_64-x64-vc14-release:hash.obj
 0001:0003af10       pj_hash_calc_tolower       000000014003bf10 f   pjlib-x86_64-x64-vc14-release:hash.obj
 0001:0003af90       pj_hash_count              000000014003bf90 f   pjlib-x86_64-x64-vc14-release:hash.obj
 0001:0003afa0       pj_hash_create             000000014003bfa0 f   pjlib-x86_64-x64-vc14-release:hash.obj
 0001:0003b010       pj_hash_first              000000014003c010 f   pjlib-x86_64-x64-vc14-release:hash.obj
 0001:0003b050       pj_hash_get                000000014003c050 f   pjlib-x86_64-x64-vc14-release:hash.obj
 0001:0003b170       pj_hash_get_lower          000000014003c170 f   pjlib-x86_64-x64-vc14-release:hash.obj
 0001:0003b2b0       pj_hash_next               000000014003c2b0 f   pjlib-x86_64-x64-vc14-release:hash.obj
 0001:0003b310       pj_hash_set                000000014003c310 f   pjlib-x86_64-x64-vc14-release:hash.obj
 0001:0003b4a0       pj_hash_set_lower          000000014003c4a0 f   pjlib-x86_64-x64-vc14-release:hash.obj
 0001:0003b650       pj_hash_set_np             000000014003c650 f   pjlib-x86_64-x64-vc14-release:hash.obj
 0001:0003b7c0       pj_hash_set_np_lower       000000014003c7c0 f   pjlib-x86_64-x64-vc14-release:hash.obj
 0001:0003b940       pj_hash_this               000000014003c940 f   pjlib-x86_64-x64-vc14-release:hash.obj
 0001:0003b970       pj_get_netos_error         000000014003c970 f   pjlib-x86_64-x64-vc14-release:os_error_win32.obj
 0001:0003b9a0       platform_strerror          000000014003c9a0 f   pjlib-x86_64-x64-vc14-release:os_error_win32.obj
 0001:0003bad0       pj_GUID_STRING_LENGTH      000000014003cad0 f   pjlib-x86_64-x64-vc14-release:guid_win32.obj
 0001:0003bae0       pj_generate_unique_string  000000014003cae0 f   pjlib-x86_64-x64-vc14-release:guid_win32.obj
 0001:0003bbb0       pj_create_unique_string    000000014003cbb0 f   pjlib-x86_64-x64-vc14-release:guid.obj
 0001:0003bbe0       pj_qos_get_params          000000014003cbe0 f   pjlib-x86_64-x64-vc14-release:sock_qos_common.obj
 0001:0003bc10       pj_sock_apply_qos          000000014003cc10 f   pjlib-x86_64-x64-vc14-release:sock_qos_common.obj
 0001:0003bd00       pj_sock_apply_qos2         000000014003cd00 f   pjlib-x86_64-x64-vc14-release:sock_qos_common.obj
 0001:0003c1f0       pj_activesock_cfg_default  000000014003d1f0 f   pjlib-x86_64-x64-vc14-release:activesock.obj
 0001:0003c220       pj_activesock_close        000000014003d220 f   pjlib-x86_64-x64-vc14-release:activesock.obj
 0001:0003c290       pj_activesock_create       000000014003d290 f   pjlib-x86_64-x64-vc14-release:activesock.obj
 0001:0003c480       pj_activesock_get_user_data 000000014003d480 f   pjlib-x86_64-x64-vc14-release:activesock.obj
 0001:0003c490       pj_activesock_send         000000014003d490 f   pjlib-x86_64-x64-vc14-release:activesock.obj
 0001:0003c590       pj_activesock_start_accept 000000014003d590 f   pjlib-x86_64-x64-vc14-release:activesock.obj
 0001:0003c6a0       pj_activesock_start_connect 000000014003d6a0 f   pjlib-x86_64-x64-vc14-release:activesock.obj
 0001:0003c6c0       pj_activesock_start_read2  000000014003d6c0 f   pjlib-x86_64-x64-vc14-release:activesock.obj
 0001:0003c870       pj_gettickcount            000000014003d870 f   pjlib-x86_64-x64-vc14-release:os_timestamp_common.obj
 0001:0003c930       pj_getaddrinfo             000000014003d930 f   pjlib-x86_64-x64-vc14-release:addr_resolv_sock.obj
 0001:0003cab0       pj_gethostbyname           000000014003dab0 f   pjlib-x86_64-x64-vc14-release:addr_resolv_sock.obj
 0001:0003cb70       pj_pool_create_on_buf      000000014003db70 f   pjlib-x86_64-x64-vc14-release:pool_buf.obj
 0001:0003d2b0       pj_enum_ip_interface       000000014003e2b0 f   pjlib-x86_64-x64-vc14-release:ip_helper_win32.obj
 0001:0003d4b0       pj_log_write               000000014003e4b0 f   pjlib-x86_64-x64-vc14-release:log_writer_stdout.obj
 0001:0003d530       PJ_FD_CLR                  000000014003e530 f   pjlib-x86_64-x64-vc14-release:sock_select.obj
 0001:0003d5e0       PJ_FD_COUNT                000000014003e5e0 f   pjlib-x86_64-x64-vc14-release:sock_select.obj
 0001:0003d5f0       PJ_FD_ISSET                000000014003e5f0 f   pjlib-x86_64-x64-vc14-release:sock_select.obj
 0001:0003d630       PJ_FD_SET                  000000014003e630 f   pjlib-x86_64-x64-vc14-release:sock_select.obj
 0001:0003d6c0       PJ_FD_ZERO                 000000014003e6c0 f   pjlib-x86_64-x64-vc14-release:sock_select.obj
 0001:0003d6f0       pj_sock_select             000000014003e6f0 f   pjlib-x86_64-x64-vc14-release:sock_select.obj
 0001:0003d790       pj_sock_set_qos_params     000000014003e790 f   pjlib-x86_64-x64-vc14-release:sock_qos_bsd.obj
 0001:0003d8c0       pj_sock_set_qos_type       000000014003e8c0 f   pjlib-x86_64-x64-vc14-release:sock_qos_bsd.obj
 0001:0003d8ee       __WSAFDIsSet               000000014003e8ee f   ws2_32:WS2_32.dll
 0001:0003d8f4       __GSHandlerCheck           000000014003e8f4 f   MSVCRT:_gshandler_.obj
 0001:0003d914       __GSHandlerCheckCommon     000000014003e914 f   MSVCRT:_gshandler_.obj
 0001:0003d980       __security_check_cookie    000000014003e980 f   MSVCRT:_amdsecgs_.obj
 0001:0003dc04       mainCRTStartup             000000014003ec04 f   MSVCRT:exe_main.obj
 0001:0003dc18       __raise_securityfailure    000000014003ec18 f   MSVCRT:gs_report.obj
 0001:0003dc4c       __report_gsfailure         000000014003ec4c f   MSVCRT:gs_report.obj
 0001:0003dd20       __report_rangecheckfailure 000000014003ed20 f   MSVCRT:gs_report.obj
 0001:0003dd34       __report_securityfailure   000000014003ed34 f   MSVCRT:gs_report.obj
 0001:0003deb4       __isa_available_init       000000014003eeb4 f   MSVCRT:_cpu_disp_.obj
 0001:0003e090       _alloca_probe              000000014003f090 f   MSVCRT:_chkstk_.obj
 0001:0003e090       __chkstk                   000000014003f090 f   MSVCRT:_chkstk_.obj
 0001:0003e0e4       __scrt_acquire_startup_lock 000000014003f0e4 f   MSVCRT:utility.obj
 0001:0003e120       __scrt_initialize_crt      000000014003f120 f   MSVCRT:utility.obj
 0001:0003e16c       __scrt_initialize_onexit_tables 000000014003f16c f   MSVCRT:utility.obj
 0001:0003e238       __scrt_is_nonwritable_in_current_image 000000014003f238 f   MSVCRT:utility.obj
 0001:0003e2d4       __scrt_release_startup_lock 000000014003f2d4 f   MSVCRT:utility.obj
 0001:0003e2f8       __scrt_uninitialize_crt    000000014003f2f8 f   MSVCRT:utility.obj
 0001:0003e324       _onexit                    000000014003f324 f   MSVCRT:utility.obj
 0001:0003e374       atexit                     000000014003f374 f   MSVCRT:utility.obj
 0001:0003e38c       __security_init_cookie     000000014003f38c f   MSVCRT:gs_support.obj
 0001:0003e438       _get_startup_argv_mode     000000014003f438 f   MSVCRT:argv_mode.obj
 0001:0003e440       _get_startup_file_mode     000000014003f440 f   MSVCRT:file_mode.obj
 0001:0003e448       ?__scrt_initialize_type_info@@YAXXZ 000000014003f448 f   MSVCRT:tncleanup.obj
 0001:0003e458       _guard_check_icall_nop     000000014003f458 f   MSVCRT:guard_support.obj
 0001:0003e458       _initialize_denormal_control 000000014003f458 f   MSVCRT:denormal_control.obj
 0001:0003e458       _initialize_invalid_parameter_handler 000000014003f458 f   MSVCRT:invalid_parameter_handler.obj
 0001:0003e45c       __local_stdio_scanf_options 000000014003f45c f i MSVCRT:default_local_stdio_options.obj
 0001:0003e464       __scrt_initialize_default_local_stdio_options 000000014003f464 f   MSVCRT:default_local_stdio_options.obj
 0001:0003e480       __scrt_is_user_matherr_present 000000014003f480 f   MSVCRT:matherr_detection.obj
 0001:0003e48c       __scrt_get_dyn_tls_init_callback 000000014003f48c f   MSVCRT:dyn_tls_init.obj
 0001:0003e494       __scrt_get_dyn_tls_dtor_callback 000000014003f494 f   MSVCRT:dyn_tls_dtor.obj
 0001:0003e49c       __scrt_fastfail            000000014003f49c f   MSVCRT:utility_desktop.obj
 0001:0003e5e4       __scrt_is_managed_app      000000014003f5e4 f   MSVCRT:utility_desktop.obj
 0001:0003e638       __scrt_set_unhandled_exception_filter 000000014003f638 f   MSVCRT:utility_desktop.obj
 0001:0003e648       __scrt_unhandled_exception_filter 000000014003f648 f   MSVCRT:utility_desktop.obj
 0001:0003e680       _RTC_Initialize            000000014003f680 f   MSVCRT:_initsect_.obj
 0001:0003e6cc       _RTC_Terminate             000000014003f6cc f   MSVCRT:_initsect_.obj
 0001:0003e718       _guard_check_icall         000000014003f718 f i MSVCRT:checkcfg.obj
 0001:0003e720       __scrt_is_ucrt_dll_in_use  000000014003f720 f   MSVCRT:ucrt_detection.obj
 0001:0003e730       IsProcessorFeaturePresent  000000014003f730 f   kernel32:KERNEL32.dll
 0001:0003e736       memset                     000000014003f736 f   vcruntime:VCRUNTIME140.dll
 0001:0003e73c       memcpy                     000000014003f73c f   vcruntime:VCRUNTIME140.dll
 0001:0003e742       memcmp                     000000014003f742 f   vcruntime:VCRUNTIME140.dll
 0001:0003e748       longjmp                    000000014003f748 f   vcruntime:VCRUNTIME140.dll
 0001:0003e74e       __C_specific_handler       000000014003f74e f   vcruntime:VCRUNTIME140.dll
 0001:0003e754       __intrinsic_setjmp         000000014003f754 f   vcruntime:VCRUNTIME140.dll
 0001:0003e754       _setjmp                    000000014003f754 f   vcruntime:VCRUNTIME140.dll
 0001:0003e75a       fmod                       000000014003f75a f   ucrt:api-ms-win-crt-math-l1-1-0.dll
 0001:0003e760       _seh_filter_exe            000000014003f760 f   ucrt:api-ms-win-crt-runtime-l1-1-0.dll
 0001:0003e766       _set_app_type              000000014003f766 f   ucrt:api-ms-win-crt-runtime-l1-1-0.dll
 0001:0003e76c       __setusermatherr           000000014003f76c f   ucrt:api-ms-win-crt-math-l1-1-0.dll
 0001:0003e772       _configure_narrow_argv     000000014003f772 f   ucrt:api-ms-win-crt-runtime-l1-1-0.dll
 0001:0003e778       _initialize_narrow_environment 000000014003f778 f   ucrt:api-ms-win-crt-runtime-l1-1-0.dll
 0001:0003e77e       _get_initial_narrow_environment 000000014003f77e f   ucrt:api-ms-win-crt-runtime-l1-1-0.dll
 0001:0003e784       _initterm                  000000014003f784 f   ucrt:api-ms-win-crt-runtime-l1-1-0.dll
 0001:0003e78a       _initterm_e                000000014003f78a f   ucrt:api-ms-win-crt-runtime-l1-1-0.dll
 0001:0003e790       exit                       000000014003f790 f   ucrt:api-ms-win-crt-runtime-l1-1-0.dll
 0001:0003e796       _exit                      000000014003f796 f   ucrt:api-ms-win-crt-runtime-l1-1-0.dll
 0001:0003e79c       _set_fmode                 000000014003f79c f   ucrt:api-ms-win-crt-stdio-l1-1-0.dll
 0001:0003e7a2       __p___argc                 000000014003f7a2 f   ucrt:api-ms-win-crt-runtime-l1-1-0.dll
 0001:0003e7a8       __p___argv                 000000014003f7a8 f   ucrt:api-ms-win-crt-runtime-l1-1-0.dll
 0001:0003e7ae       _cexit                     000000014003f7ae f   ucrt:api-ms-win-crt-runtime-l1-1-0.dll
 0001:0003e7b4       _c_exit                    000000014003f7b4 f   ucrt:api-ms-win-crt-runtime-l1-1-0.dll
 0001:0003e7ba       _register_thread_local_exe_atexit_callback 000000014003f7ba f   ucrt:api-ms-win-crt-runtime-l1-1-0.dll
 0001:0003e7c0       _configthreadlocale        000000014003f7c0 f   ucrt:api-ms-win-crt-locale-l1-1-0.dll
 0001:0003e7c6       _set_new_mode              000000014003f7c6 f   ucrt:api-ms-win-crt-heap-l1-1-0.dll
 0001:0003e7cc       __p__commode               000000014003f7cc f   ucrt:api-ms-win-crt-stdio-l1-1-0.dll
[...]
 0004:00004560       $pdata$4$pj_ioqueue_create 000000014005c560     pjlib-x86_64-x64-vc14-release:ioqueue_select.obj
 0004:0000456c       $pdata$5$pj_ioqueue_create 000000014005c56c     pjlib-x86_64-x64-vc14-release:ioqueue_select.obj
 0004:00004578       $pdata$7$pj_ioqueue_create 000000014005c578     pjlib-x86_64-x64-vc14-release:ioqueue_select.obj
 0004:00004584       $pdata$8$pj_ioqueue_create 000000014005c584     pjlib-x86_64-x64-vc14-release:ioqueue_select.obj
 0004:00004590       $pdata$pj_ioqueue_destroy  000000014005c590     pjlib-x86_64-x64-vc14-release:ioqueue_select.obj
 0004:0000459c       $pdata$1$pj_ioqueue_destroy 000000014005c59c     pjlib-x86_64-x64-vc14-release:ioqueue_select.obj
 0004:000045a8       $pdata$2$pj_ioqueue_destroy 000000014005c5a8     pjlib-x86_64-x64-vc14-release:ioqueue_select.obj
 0004:000045b4       $pdata$pj_ioqueue_poll     000000014005c5b4     pjlib-x86_64-x64-vc14-release:ioqueue_select.obj
 0004:000045c0       $pdata$0$pj_ioqueue_poll   000000014005c5c0     pjlib-x86_64-x64-vc14-release:ioqueue_select.obj
 0004:000045cc       $pdata$1$pj_ioqueue_poll   000000014005c5cc     pjlib-x86_64-x64-vc14-release:ioqueue_select.obj
 0004:000045d8       $pdata$4$pj_ioqueue_poll   000000014005c5d8     pjlib-x86_64-x64-vc14-release:ioqueue_select.obj
 0004:000045e4       $pdata$5$pj_ioqueue_poll   000000014005c5e4     pjlib-x86_64-x64-vc14-release:ioqueue_select.obj
 0004:000045f0       $pdata$6$pj_ioqueue_poll   000000014005c5f0     pjlib-x86_64-x64-vc14-release:ioqueue_select.obj
 0004:000045fc       $pdata$7$pj_ioqueue_poll   000000014005c5fc     pjlib-x86_64-x64-vc14-release:ioqueue_select.obj
 0004:00004608       $pdata$8$pj_ioqueue_poll   000000014005c608     pjlib-x86_64-x64-vc14-release:ioqueue_select.obj
 0004:00004614       $pdata$9$pj_ioqueue_poll   000000014005c614     pjlib-x86_64-x64-vc14-release:ioqueue_select.obj
 0004:00004620       $pdata$pj_ioqueue_recv     000000014005c620     pjlib-x86_64-x64-vc14-release:ioqueue_select.obj
 0004:0000462c       $pdata$0$pj_ioqueue_recv   000000014005c62c     pjlib-x86_64-x64-vc14-release:ioqueue_select.obj
 0004:00004638       $pdata$2$pj_ioqueue_recv   000000014005c638     pjlib-x86_64-x64-vc14-release:ioqueue_select.obj
 0004:00004644       $pdata$3$pj_ioqueue_recv   000000014005c644     pjlib-x86_64-x64-vc14-release:ioqueue_select.obj
 0004:00004650       $pdata$pj_ioqueue_recvfrom 000000014005c650     pjlib-x86_64-x64-vc14-release:ioqueue_select.obj
 0004:0000465c       $pdata$2$pj_ioqueue_recvfrom 000000014005c65c     pjlib-x86_64-x64-vc14-release:ioqueue_select.obj
 0004:00004668       $pdata$4$pj_ioqueue_recvfrom 000000014005c668     pjlib-x86_64-x64-vc14-release:ioqueue_select.obj
 0004:00004674       $pdata$5$pj_ioqueue_recvfrom 000000014005c674     pjlib-x86_64-x64-vc14-release:ioqueue_select.obj
 0004:00004680       $pdata$pj_ioqueue_register_sock2 000000014005c680     pjlib-x86_64-x64-vc14-release:ioqueue_select.obj
 0004:0000468c       $pdata$pj_ioqueue_send     000000014005c68c     pjlib-x86_64-x64-vc14-release:ioqueue_select.obj
 0004:00004698       $pdata$1$pj_ioqueue_send   000000014005c698     pjlib-x86_64-x64-vc14-release:ioqueue_select.obj
 0004:000046a4       $pdata$2$pj_ioqueue_send   000000014005c6a4     pjlib-x86_64-x64-vc14-release:ioqueue_select.obj
 0004:000046b0       $pdata$3$pj_ioqueue_send   000000014005c6b0     pjlib-x86_64-x64-vc14-release:ioqueue_select.obj
 0004:000046bc       $pdata$5$pj_ioqueue_send   000000014005c6bc     pjlib-x86_64-x64-vc14-release:ioqueue_select.obj
 0004:000046c8       $pdata$6$pj_ioqueue_send   000000014005c6c8     pjlib-x86_64-x64-vc14-release:ioqueue_select.obj
 0004:000046d4       $pdata$pj_ioqueue_sendto   000000014005c6d4     pjlib-x86_64-x64-vc14-release:ioqueue_select.obj
 0004:000046e0       $pdata$2$pj_ioqueue_sendto 000000014005c6e0     pjlib-x86_64-x64-vc14-release:ioqueue_select.obj
 0004:000046ec       $pdata$3$pj_ioqueue_sendto 000000014005c6ec     pjlib-x86_64-x64-vc14-release:ioqueue_select.obj
 0004:000046f8       $pdata$4$pj_ioqueue_sendto 000000014005c6f8     pjlib-x86_64-x64-vc14-release:ioqueue_select.obj
 0004:00004704       $pdata$6$pj_ioqueue_sendto 000000014005c704     pjlib-x86_64-x64-vc14-release:ioqueue_select.obj
 0004:00004710       $pdata$7$pj_ioqueue_sendto 000000014005c710     pjlib-x86_64-x64-vc14-release:ioqueue_select.obj
 0004:0000471c       $pdata$pj_ioqueue_set_lock 000000014005c71c     pjlib-x86_64-x64-vc14-release:ioqueue_select.obj
 0004:00004728       $pdata$pj_ioqueue_unregister 000000014005c728     pjlib-x86_64-x64-vc14-release:ioqueue_select.obj
 0004:00004734       $pdata$0$pj_ioqueue_unregister 000000014005c734     pjlib-x86_64-x64-vc14-release:ioqueue_select.obj
 0004:00004740       $pdata$2$pj_ioqueue_unregister 000000014005c740     pjlib-x86_64-x64-vc14-release:ioqueue_select.obj
 0004:0000474c       $pdata$4$pj_ioqueue_unregister 000000014005c74c     pjlib-x86_64-x64-vc14-release:ioqueue_select.obj
 0004:00004758       $pdata$scan_closing_keys   000000014005c758     pjlib-x86_64-x64-vc14-release:ioqueue_select.obj
 0004:00004764       $pdata$0$scan_closing_keys 000000014005c764     pjlib-x86_64-x64-vc14-release:ioqueue_select.obj
 0004:00004770       $pdata$1$scan_closing_keys 000000014005c770     pjlib-x86_64-x64-vc14-release:ioqueue_select.obj
 0004:0000477c       $pdata$exception_cleanup   000000014005c77c     pjlib-x86_64-x64-vc14-release:except.obj
 0004:00004788       $pdata$pj_exception_id_alloc 000000014005c788     pjlib-x86_64-x64-vc14-release:except.obj
 0004:00004794       $pdata$pj_exception_id_free 000000014005c794     pjlib-x86_64-x64-vc14-release:except.obj
 0004:000047a0       $pdata$pj_exception_id_name 000000014005c7a0     pjlib-x86_64-x64-vc14-release:except.obj
 0004:000047ac       $pdata$pj_pop_exception_handler_ 000000014005c7ac     pjlib-x86_64-x64-vc14-release:except.obj
 0004:000047b8       $pdata$pj_push_exception_handler_ 000000014005c7b8     pjlib-x86_64-x64-vc14-release:except.obj
 0004:000047c4       $pdata$pj_throw_exception_ 000000014005c7c4     pjlib-x86_64-x64-vc14-release:except.obj
 0004:000047d0       $pdata$0$pj_throw_exception_ 000000014005c7d0     pjlib-x86_64-x64-vc14-release:except.obj
 0004:000047dc       $pdata$1$pj_throw_exception_ 000000014005c7dc     pjlib-x86_64-x64-vc14-release:except.obj
 0004:000047e8       $pdata$pj_get_timestamp    000000014005c7e8     pjlib-x86_64-x64-vc14-release:os_timestamp_win32.obj
 0004:000047f4       $pdata$pj_get_timestamp_freq 000000014005c7f4     pjlib-x86_64-x64-vc14-release:os_timestamp_win32.obj
 0004:00004800       $pdata$pj_hash_calc        000000014005c800     pjlib-x86_64-x64-vc14-release:hash.obj
 0004:0000480c       $pdata$pj_hash_calc_tolower 000000014005c80c     pjlib-x86_64-x64-vc14-release:hash.obj
 0004:00004818       $pdata$0$pj_hash_calc_tolower 000000014005c818     pjlib-x86_64-x64-vc14-release:hash.obj
 0004:00004824       $pdata$1$pj_hash_calc_tolower 000000014005c824     pjlib-x86_64-x64-vc14-release:hash.obj
 0004:00004830       $pdata$pj_hash_create      000000014005c830     pjlib-x86_64-x64-vc14-release:hash.obj
 0004:0000483c       $pdata$pj_hash_get         000000014005c83c     pjlib-x86_64-x64-vc14-release:hash.obj
 0004:00004848       $pdata$pj_hash_get_lower   000000014005c848     pjlib-x86_64-x64-vc14-release:hash.obj
 0004:00004854       $pdata$pj_hash_set         000000014005c854     pjlib-x86_64-x64-vc14-release:hash.obj
 0004:00004860       $pdata$pj_hash_set_lower   000000014005c860     pjlib-x86_64-x64-vc14-release:hash.obj
 0004:0000486c       $pdata$pj_hash_set_np      000000014005c86c     pjlib-x86_64-x64-vc14-release:hash.obj
 0004:00004878       $pdata$pj_hash_set_np_lower 000000014005c878     pjlib-x86_64-x64-vc14-release:hash.obj
 0004:00004884       $pdata$pj_hash_this        000000014005c884     pjlib-x86_64-x64-vc14-release:hash.obj
 0004:00004890       $pdata$pj_get_netos_error  000000014005c890     pjlib-x86_64-x64-vc14-release:os_error_win32.obj
 0004:0000489c       $pdata$platform_strerror   000000014005c89c     pjlib-x86_64-x64-vc14-release:os_error_win32.obj
 0004:000048a8       $pdata$pj_generate_unique_string 000000014005c8a8     pjlib-x86_64-x64-vc14-release:guid_win32.obj
 0004:000048b4       $pdata$pj_create_unique_string 000000014005c8b4     pjlib-x86_64-x64-vc14-release:guid.obj
 0004:000048c0       $pdata$pj_sock_apply_qos   000000014005c8c0     pjlib-x86_64-x64-vc14-release:sock_qos_common.obj
 0004:000048cc       $pdata$pj_sock_apply_qos2  000000014005c8cc     pjlib-x86_64-x64-vc14-release:sock_qos_common.obj
 0004:000048d8       $pdata$ioqueue_on_accept_complete 000000014005c8d8     pjlib-x86_64-x64-vc14-release:activesock.obj
 0004:000048e4       $pdata$0$ioqueue_on_accept_complete 000000014005c8e4     pjlib-x86_64-x64-vc14-release:activesock.obj
 0004:000048f0       $pdata$1$ioqueue_on_accept_complete 000000014005c8f0     pjlib-x86_64-x64-vc14-release:activesock.obj
 0004:000048fc       $pdata$2$ioqueue_on_accept_complete 000000014005c8fc     pjlib-x86_64-x64-vc14-release:activesock.obj
 0004:00004908       $pdata$ioqueue_on_connect_complete 000000014005c908     pjlib-x86_64-x64-vc14-release:activesock.obj
 0004:00004914       $pdata$ioqueue_on_read_complete 000000014005c914     pjlib-x86_64-x64-vc14-release:activesock.obj
 0004:00004920       $pdata$ioqueue_on_write_complete 000000014005c920     pjlib-x86_64-x64-vc14-release:activesock.obj
 0004:0000492c       $pdata$0$ioqueue_on_write_complete 000000014005c92c     pjlib-x86_64-x64-vc14-release:activesock.obj
 0004:00004938       $pdata$1$ioqueue_on_write_complete 000000014005c938     pjlib-x86_64-x64-vc14-release:activesock.obj
 0004:00004944       $pdata$pj_activesock_close 000000014005c944     pjlib-x86_64-x64-vc14-release:activesock.obj
 0004:00004950       $pdata$1$pj_activesock_close 000000014005c950     pjlib-x86_64-x64-vc14-release:activesock.obj
 0004:0000495c       $pdata$2$pj_activesock_close 000000014005c95c     pjlib-x86_64-x64-vc14-release:activesock.obj
 0004:00004968       $pdata$pj_activesock_create 000000014005c968     pjlib-x86_64-x64-vc14-release:activesock.obj
 0004:00004974       $pdata$0$pj_activesock_create 000000014005c974     pjlib-x86_64-x64-vc14-release:activesock.obj
 0004:00004980       $pdata$1$pj_activesock_create 000000014005c980     pjlib-x86_64-x64-vc14-release:activesock.obj
 0004:0000498c       $pdata$2$pj_activesock_create 000000014005c98c     pjlib-x86_64-x64-vc14-release:activesock.obj
 0004:00004998       $pdata$3$pj_activesock_create 000000014005c998     pjlib-x86_64-x64-vc14-release:activesock.obj
 0004:000049a4       $pdata$4$pj_activesock_create 000000014005c9a4     pjlib-x86_64-x64-vc14-release:activesock.obj
 0004:000049b0       $pdata$5$pj_activesock_create 000000014005c9b0     pjlib-x86_64-x64-vc14-release:activesock.obj
 0004:000049bc       $pdata$pj_activesock_send  000000014005c9bc     pjlib-x86_64-x64-vc14-release:activesock.obj
 0004:000049c8       $pdata$1$pj_activesock_send 000000014005c9c8     pjlib-x86_64-x64-vc14-release:activesock.obj
 0004:000049d4       $pdata$3$pj_activesock_send 000000014005c9d4     pjlib-x86_64-x64-vc14-release:activesock.obj
 0004:000049e0       $pdata$4$pj_activesock_send 000000014005c9e0     pjlib-x86_64-x64-vc14-release:activesock.obj
 0004:000049ec       $pdata$pj_activesock_start_accept 000000014005c9ec     pjlib-x86_64-x64-vc14-release:activesock.obj
 0004:000049f8       $pdata$pj_activesock_start_read2 000000014005c9f8     pjlib-x86_64-x64-vc14-release:activesock.obj
 0004:00004a04       $pdata$2$pj_activesock_start_read2 000000014005ca04     pjlib-x86_64-x64-vc14-release:activesock.obj
 0004:00004a10       $pdata$4$pj_activesock_start_read2 000000014005ca10     pjlib-x86_64-x64-vc14-release:activesock.obj
 0004:00004a1c       $pdata$5$pj_activesock_start_read2 000000014005ca1c     pjlib-x86_64-x64-vc14-release:activesock.obj
 0004:00004a28       $pdata$send_remaining      000000014005ca28     pjlib-x86_64-x64-vc14-release:activesock.obj
 0004:00004a34       $pdata$pj_gettickcount     000000014005ca34     pjlib-x86_64-x64-vc14-release:os_timestamp_common.obj
 0004:00004a40       $pdata$0$pj_gettickcount   000000014005ca40     pjlib-x86_64-x64-vc14-release:os_timestamp_common.obj
 0004:00004a4c       $pdata$1$pj_gettickcount   000000014005ca4c     pjlib-x86_64-x64-vc14-release:os_timestamp_common.obj
 0004:00004a58       $pdata$pj_getaddrinfo      000000014005ca58     pjlib-x86_64-x64-vc14-release:addr_resolv_sock.obj
 0004:00004a64       $pdata$0$pj_getaddrinfo    000000014005ca64     pjlib-x86_64-x64-vc14-release:addr_resolv_sock.obj
 0004:00004a70       $pdata$5$pj_getaddrinfo    000000014005ca70     pjlib-x86_64-x64-vc14-release:addr_resolv_sock.obj
 0004:00004a7c       $pdata$7$pj_getaddrinfo    000000014005ca7c     pjlib-x86_64-x64-vc14-release:addr_resolv_sock.obj
 0004:00004a88       $pdata$8$pj_getaddrinfo    000000014005ca88     pjlib-x86_64-x64-vc14-release:addr_resolv_sock.obj
 0004:00004a94       $pdata$9$pj_getaddrinfo    000000014005ca94     pjlib-x86_64-x64-vc14-release:addr_resolv_sock.obj
 0004:00004aa0       $pdata$pj_gethostbyname    000000014005caa0     pjlib-x86_64-x64-vc14-release:addr_resolv_sock.obj
 0004:00004aac       $pdata$pj_pool_create_on_buf 000000014005caac     pjlib-x86_64-x64-vc14-release:pool_buf.obj
 0004:00004ab8       $pdata$pool_buf_cleanup    000000014005cab8     pjlib-x86_64-x64-vc14-release:pool_buf.obj
 0004:00004ac4       $pdata$stack_alloc         000000014005cac4     pjlib-x86_64-x64-vc14-release:pool_buf.obj
 0004:00004ad0       $pdata$MyGetAdapterAddresses 000000014005cad0     pjlib-x86_64-x64-vc14-release:ip_helper_win32.obj
 0004:00004adc       $pdata$MyGetIpAddrTable    000000014005cadc     pjlib-x86_64-x64-vc14-release:ip_helper_win32.obj
 0004:00004ae8       $pdata$enum_ipv4_interface 000000014005cae8     pjlib-x86_64-x64-vc14-release:ip_helper_win32.obj
 0004:00004af4       $pdata$0$enum_ipv4_interface 000000014005caf4     pjlib-x86_64-x64-vc14-release:ip_helper_win32.obj
 0004:00004b00       $pdata$1$enum_ipv4_interface 000000014005cb00     pjlib-x86_64-x64-vc14-release:ip_helper_win32.obj
 0004:00004b0c       $pdata$2$enum_ipv4_interface 000000014005cb0c     pjlib-x86_64-x64-vc14-release:ip_helper_win32.obj
 0004:00004b18       $pdata$5$enum_ipv4_interface 000000014005cb18     pjlib-x86_64-x64-vc14-release:ip_helper_win32.obj
 0004:00004b24       $pdata$6$enum_ipv4_interface 000000014005cb24     pjlib-x86_64-x64-vc14-release:ip_helper_win32.obj
 0004:00004b30       $pdata$8$enum_ipv4_interface 000000014005cb30     pjlib-x86_64-x64-vc14-release:ip_helper_win32.obj
 0004:00004b3c       $pdata$enum_ipv4_ipv6_interface 000000014005cb3c     pjlib-x86_64-x64-vc14-release:ip_helper_win32.obj
 0004:00004b48       $pdata$pj_enum_ip_interface 000000014005cb48     pjlib-x86_64-x64-vc14-release:ip_helper_win32.obj
 0004:00004b54       $pdata$unload_iphlp_module 000000014005cb54     pjlib-x86_64-x64-vc14-release:ip_helper_win32.obj
 0004:00004b60       $pdata$default_block_alloc 000000014005cb60     pjlib-x86_64-x64-vc14-release:pool_policy_malloc.obj
 0004:00004b6c       $pdata$default_block_free  000000014005cb6c     pjlib-x86_64-x64-vc14-release:pool_policy_malloc.obj
 0004:00004b78       $pdata$default_pool_callback 000000014005cb78     pjlib-x86_64-x64-vc14-release:pool_policy_malloc.obj
 0004:00004b84       $pdata$pj_log_write        000000014005cb84     pjlib-x86_64-x64-vc14-release:log_writer_stdout.obj
 0004:00004b90       $pdata$PJ_FD_CLR           000000014005cb90     pjlib-x86_64-x64-vc14-release:sock_select.obj
 0004:00004b9c       $pdata$PJ_FD_ISSET         000000014005cb9c     pjlib-x86_64-x64-vc14-release:sock_select.obj
 0004:00004ba8       $pdata$PJ_FD_SET           000000014005cba8     pjlib-x86_64-x64-vc14-release:sock_select.obj
 0004:00004bb4       $pdata$PJ_FD_ZERO          000000014005cbb4     pjlib-x86_64-x64-vc14-release:sock_select.obj
 0004:00004bc0       $pdata$pj_sock_select      000000014005cbc0     pjlib-x86_64-x64-vc14-release:sock_select.obj
 0004:00004bcc       $pdata$pj_sock_set_qos_params 000000014005cbcc     pjlib-x86_64-x64-vc14-release:sock_qos_bsd.obj
 0004:00004bd8       $pdata$pj_sock_set_qos_type 000000014005cbd8     pjlib-x86_64-x64-vc14-release:sock_qos_bsd.obj
 0004:00004be4       $pdata$__GSHandlerCheck    000000014005cbe4     MSVCRT:_gshandler_.obj
 0004:00004bf0       $pdata$__GSHandlerCheckCommon 000000014005cbf0     MSVCRT:_gshandler_.obj
 0004:00004c08       $pdata$?pre_c_initialization@@YAHXZ 000000014005cc08     MSVCRT:exe_main.obj
 0004:00004c14       $pdata$?post_pgo_initialization@@YAHXZ 000000014005cc14     MSVCRT:exe_main.obj
 0004:00004c20       $pdata$?pre_cpp_initialization@@YAXXZ 000000014005cc20     MSVCRT:exe_main.obj
 0004:00004c2c       $pdata$?__scrt_common_main_seh@@YAHXZ 000000014005cc2c     MSVCRT:exe_main.obj
 0004:00004c38       $pdata$mainCRTStartup      000000014005cc38     MSVCRT:exe_main.obj
 0004:00004c44       $pdata$__raise_securityfailure 000000014005cc44     MSVCRT:gs_report.obj
 0004:00004c50       $pdata$__report_gsfailure  000000014005cc50     MSVCRT:gs_report.obj
 0004:00004c5c       $pdata$__report_rangecheckfailure 000000014005cc5c     MSVCRT:gs_report.obj
 0004:00004c68       $pdata$__report_securityfailure 000000014005cc68     MSVCRT:gs_report.obj
 0004:00004c74       $pdata$capture_current_context 000000014005cc74     MSVCRT:gs_report.obj
 0004:00004c80       $pdata$capture_previous_context 000000014005cc80     MSVCRT:gs_report.obj
 0004:00004c8c       $pdata$__isa_available_init 000000014005cc8c     MSVCRT:_cpu_disp_.obj
 0004:00004ca4       $pdata$__scrt_acquire_startup_lock 000000014005cca4     MSVCRT:utility.obj
 0004:00004cb0       $pdata$__scrt_initialize_crt 000000014005ccb0     MSVCRT:utility.obj
 0004:00004cbc       $pdata$__scrt_initialize_onexit_tables 000000014005ccbc     MSVCRT:utility.obj
 0004:00004cc8       $pdata$__scrt_is_nonwritable_in_current_image 000000014005ccc8     MSVCRT:utility.obj
 0004:00004cd4       $pdata$__scrt_release_startup_lock 000000014005ccd4     MSVCRT:utility.obj
 0004:00004ce0       $pdata$__scrt_uninitialize_crt 000000014005cce0     MSVCRT:utility.obj
 0004:00004cec       $pdata$_onexit             000000014005ccec     MSVCRT:utility.obj
 0004:00004cf8       $pdata$atexit              000000014005ccf8     MSVCRT:utility.obj
 0004:00004d04       $pdata$__security_init_cookie 000000014005cd04     MSVCRT:gs_support.obj
 0004:00004d10       $pdata$__scrt_initialize_default_local_stdio_options 000000014005cd10     MSVCRT:default_local_stdio_options.obj
 0004:00004d1c       $pdata$__scrt_fastfail     000000014005cd1c     MSVCRT:utility_desktop.obj
 0004:00004d28       $pdata$__scrt_is_managed_app 000000014005cd28     MSVCRT:utility_desktop.obj
 0004:00004d34       $pdata$__scrt_unhandled_exception_filter 000000014005cd34     MSVCRT:utility_desktop.obj
 0004:00004d40       $pdata$_RTC_Initialize     000000014005cd40     MSVCRT:_initsect_.obj
 0004:00004d4c       $pdata$_RTC_Terminate      000000014005cd4c     MSVCRT:_initsect_.obj
 0004:00004d64       $pdata$?filt$0@?0??__scrt_common_main_seh@@YAHXZ@4HA 000000014005cd64     MSVCRT:exe_main.obj
 0004:00004d70       $pdata$__scrt_is_nonwritable_in_current_image$filt$0 000000014005cd70     MSVCRT:utility.obj
 0005:00000000       __guard_fids__             000000014005d000     MSVCRT:exe_main.obj
 0005:00000004       __guard_fids__             000000014005d004     MSVCRT:exe_main.obj
 0005:00000008       __guard_fids__             000000014005d008     MSVCRT:exe_main.obj
 0005:0000000c       __guard_fids_?pre_c_initialization@@YAHXZ 000000014005d00c     MSVCRT:exe_main.obj
 0005:00000014       __guard_fids___scrt_set_unhandled_exception_filter 000000014005d014     MSVCRT:utility_desktop.obj
 0005:00000018       __guard_fids__             000000014005d018     MSVCRT:guard_support.obj
