 siprtp

 Timestamp is 5f95b14a (Sun Oct 25 18:09:30 2020)

 Preferred load address is 0000000140000000

 Start         Length     Name                   Class
 0001:00000000 00053fa0H .text$mn                CODE
 0001:00053fa0 00000012H .text$mn$00             CODE
 0001:00053fb2 00000036H .text$x                 CODE
 0002:00000000 00000548H .idata$5                DATA
 0002:00000548 00000010H .00cfg                  DATA
 0002:00000558 00000008H .CRT$XCA                DATA
 0002:00000560 00000008H .CRT$XCAA               DATA
 0002:00000568 00000008H .CRT$XCZ                DATA
 0002:00000570 00000008H .CRT$XIA                DATA
 0002:00000578 00000008H .CRT$XIAA               DATA
 0002:00000580 00000008H .CRT$XIAC               DATA
 0002:00000588 00000008H .CRT$XIZ                DATA
 0002:00000590 00000008H .CRT$XPA                DATA
 0002:00000598 00000008H .CRT$XPZ                DATA
 0002:000005a0 00000008H .CRT$XTA                DATA
 0002:000005a8 00000008H .CRT$XTZ                DATA
 0002:000005b0 00016da4H .rdata                  DATA
 0002:00017354 0000026cH .rdata$zzzdbg           DATA
 0002:000175c0 00000008H .rtc$IAA                DATA
 0002:000175c8 00000008H .rtc$IZZ                DATA
 0002:000175d0 00000008H .rtc$TAA                DATA
 0002:000175d8 00000008H .rtc$TZZ                DATA
 0002:000175e0 0000751cH .xdata                  DATA
 0002:0001eafc 00000000H .edata                  DATA
 0002:0001eafc 00000104H .idata$2                DATA
 0002:0001ec00 00000018H .idata$3                DATA
 0002:0001ec18 00000548H .idata$4                DATA
 0002:0001f160 00000a4eH .idata$6                DATA
 0003:00000000 000033e0H .data                   DATA
 0003:000033e0 002db7b8H .bss                    DATA
 0004:00000000 00006450H .pdata                  DATA
 0005:00000000 0000001cH .gfids$y                DATA
 0006:00000000 00000b50H _RDATA                  DATA

  Address         Publics by Value              Rva+Base               Lib:Object

 0000:00000000       __dynamic_value_reloc_table 0000000000000000     <absolute>
 0000:00000000       __guard_iat_table          0000000000000000     <absolute>
 0000:00000000       __guard_iat_count          0000000000000000     <absolute>
 0000:00000000       ___safe_se_handler_table   0000000000000000     <absolute>
 0000:00000000       ___safe_se_handler_count   0000000000000000     <absolute>
 0000:00000000       __guard_fids_count         0000000000000000     <absolute>
 0000:00000000       __guard_fids_table         0000000000000000     <absolute>
 0000:00000000       __guard_longjmp_table      0000000000000000     <absolute>
 0000:00000000       __guard_longjmp_count      0000000000000000     <absolute>
 0000:00000100       __guard_flags              0000000000000100     <absolute>
 0000:00000000       __ImageBase                0000000140000000     <linker-defined>
 0001:00004390       app_logging_init           0000000140005390 f   siprtp.obj
 0001:00004400       app_logging_shutdown       0000000140005400 f   siprtp.obj
 0001:00004430       main                       0000000140005430 f   siprtp.obj
 0001:00004760       __local_stdio_printf_options 0000000140005760 f i siprtp.obj
 0001:00004770       printf                     0000000140005770 f i siprtp.obj
 0001:000047d0       sprintf                    00000001400057d0 f i siprtp.obj
 0001:00006590       _snprintf                  0000000140007590 f i pjsip-ua-x86_64-x64-vc14-release:sip_inv.obj
 0001:00008460       pjsip_create_sdp_body      0000000140009460 f   pjsip-ua-x86_64-x64-vc14-release:sip_inv.obj
 0001:00008520       pjsip_inv_add_ref          0000000140009520 f   pjsip-ua-x86_64-x64-vc14-release:sip_inv.obj
 0001:00008550       pjsip_inv_answer           0000000140009550 f   pjsip-ua-x86_64-x64-vc14-release:sip_inv.obj
 0001:000086b0       pjsip_inv_cancel_reinvite  00000001400096b0 f   pjsip-ua-x86_64-x64-vc14-release:sip_inv.obj
 0001:000087c0       pjsip_inv_create_ack       00000001400097c0 f   pjsip-ua-x86_64-x64-vc14-release:sip_inv.obj
 0001:000088e0       pjsip_inv_create_uac       00000001400098e0 f   pjsip-ua-x86_64-x64-vc14-release:sip_inv.obj
 0001:00008ac0       pjsip_inv_create_uas       0000000140009ac0 f   pjsip-ua-x86_64-x64-vc14-release:sip_inv.obj
 0001:00008d70       pjsip_inv_end_session      0000000140009d70 f   pjsip-ua-x86_64-x64-vc14-release:sip_inv.obj
 0001:00008f20       pjsip_inv_initial_answer   0000000140009f20 f   pjsip-ua-x86_64-x64-vc14-release:sip_inv.obj
 0001:000090b0       pjsip_inv_invite           000000014000a0b0 f   pjsip-ua-x86_64-x64-vc14-release:sip_inv.obj
 0001:00009370       pjsip_inv_process_redirect 000000014000a370 f   pjsip-ua-x86_64-x64-vc14-release:sip_inv.obj
 0001:00009730       pjsip_inv_send_msg         000000014000a730 f   pjsip-ua-x86_64-x64-vc14-release:sip_inv.obj
 0001:00009920       pjsip_inv_state_name       000000014000a920 f   pjsip-ua-x86_64-x64-vc14-release:sip_inv.obj
 0001:00009940       pjsip_inv_terminate        000000014000a940 f   pjsip-ua-x86_64-x64-vc14-release:sip_inv.obj
 0001:00009a90       pjsip_inv_uac_restart      000000014000aa90 f   pjsip-ua-x86_64-x64-vc14-release:sip_inv.obj
 0001:00009b20       pjsip_inv_update           000000014000ab20 f   pjsip-ua-x86_64-x64-vc14-release:sip_inv.obj
 0001:00009da0       pjsip_inv_usage_init       000000014000ada0 f   pjsip-ua-x86_64-x64-vc14-release:sip_inv.obj
 0001:00009e20       pjsip_inv_verify_request   000000014000ae20 f   pjsip-ua-x86_64-x64-vc14-release:sip_inv.obj
 0001:00009e60       pjsip_inv_verify_request3  000000014000ae60 f   pjsip-ua-x86_64-x64-vc14-release:sip_inv.obj
 0001:0000a870       pjsip_rdata_get_sdp_info   000000014000b870 f   pjsip-ua-x86_64-x64-vc14-release:sip_inv.obj
 0001:0000b000       pjsip_100rel_attach        000000014000c000 f   pjsip-ua-x86_64-x64-vc14-release:sip_100rel.obj
 0001:0000b080       pjsip_100rel_create_prack  000000014000c080 f   pjsip-ua-x86_64-x64-vc14-release:sip_100rel.obj
 0001:0000b3c0       pjsip_100rel_end_session   000000014000c3c0 f   pjsip-ua-x86_64-x64-vc14-release:sip_100rel.obj
 0001:0000b430       pjsip_100rel_init_module   000000014000c430 f   pjsip-ua-x86_64-x64-vc14-release:sip_100rel.obj
 0001:0000b450       pjsip_100rel_is_reliable   000000014000c450 f   pjsip-ua-x86_64-x64-vc14-release:sip_100rel.obj
 0001:0000b4a0       pjsip_100rel_on_rx_prack   000000014000c4a0 f   pjsip-ua-x86_64-x64-vc14-release:sip_100rel.obj
 0001:0000b720       pjsip_100rel_send_prack    000000014000c720 f   pjsip-ua-x86_64-x64-vc14-release:sip_100rel.obj
 0001:0000b760       pjsip_100rel_tx_response   000000014000c760 f   pjsip-ua-x86_64-x64-vc14-release:sip_100rel.obj
 0001:0000c100       pjsip_timer_end_session    000000014000d100 f   pjsip-ua-x86_64-x64-vc14-release:sip_timer.obj
 0001:0000c140       pjsip_timer_handle_refresh_error 000000014000d140 f   pjsip-ua-x86_64-x64-vc14-release:sip_timer.obj
 0001:0000c310       pjsip_timer_init_session   000000014000d310 f   pjsip-ua-x86_64-x64-vc14-release:sip_timer.obj
 0001:0000c3d0       pjsip_timer_process_req    000000014000d3d0 f   pjsip-ua-x86_64-x64-vc14-release:sip_timer.obj
 0001:0000c620       pjsip_timer_process_resp   000000014000d620 f   pjsip-ua-x86_64-x64-vc14-release:sip_timer.obj
 0001:0000ca50       pjsip_timer_update_req     000000014000da50 f   pjsip-ua-x86_64-x64-vc14-release:sip_timer.obj
 0001:0000cb00       pjsip_timer_update_resp    000000014000db00 f   pjsip-ua-x86_64-x64-vc14-release:sip_timer.obj
 0001:0000f0d0       pjsip_accept_hdr_create    00000001400100d0 f   pjsip-core-x86_64-x64-vc14-release:sip_msg.obj
 0001:0000f120       pjsip_allow_hdr_create     0000000140010120 f   pjsip-core-x86_64-x64-vc14-release:sip_msg.obj
 0001:0000f170       pjsip_cid_hdr_create       0000000140010170 f   pjsip-core-x86_64-x64-vc14-release:sip_msg.obj
 0001:0000f1e0       pjsip_clen_hdr_create      00000001400101e0 f   pjsip-core-x86_64-x64-vc14-release:sip_msg.obj
 0001:0000f250       pjsip_clone_text_data      0000000140010250 f   pjsip-core-x86_64-x64-vc14-release:sip_msg.obj
 0001:0000f2b0       pjsip_contact_hdr_create   00000001400102b0 f   pjsip-core-x86_64-x64-vc14-release:sip_msg.obj
 0001:0000f2e0       pjsip_contact_hdr_init     00000001400102e0 f   pjsip-core-x86_64-x64-vc14-release:sip_msg.obj
 0001:0000f370       pjsip_cseq_hdr_create      0000000140010370 f   pjsip-core-x86_64-x64-vc14-release:sip_msg.obj
 0001:0000f3d0       pjsip_ctype_hdr_create     00000001400103d0 f   pjsip-core-x86_64-x64-vc14-release:sip_msg.obj
 0001:0000f400       pjsip_ctype_hdr_init       0000000140010400 f   pjsip-core-x86_64-x64-vc14-release:sip_msg.obj
 0001:0000f480       pjsip_expires_hdr_create   0000000140010480 f   pjsip-core-x86_64-x64-vc14-release:sip_msg.obj
 0001:0000f4d0       pjsip_from_hdr_create      00000001400104d0 f   pjsip-core-x86_64-x64-vc14-release:sip_msg.obj
 0001:0000f500       pjsip_from_hdr_init        0000000140010500 f   pjsip-core-x86_64-x64-vc14-release:sip_msg.obj
 0001:0000f580       pjsip_fromto_hdr_set_from  0000000140010580 f   pjsip-core-x86_64-x64-vc14-release:sip_msg.obj
 0001:0000f5c0       pjsip_fromto_hdr_set_to    00000001400105c0 f   pjsip-core-x86_64-x64-vc14-release:sip_msg.obj
 0001:0000f600       pjsip_generic_array_hdr_init 0000000140010600 f   pjsip-core-x86_64-x64-vc14-release:sip_msg.obj
 0001:0000f690       pjsip_generic_string_hdr_create 0000000140010690 f   pjsip-core-x86_64-x64-vc14-release:sip_msg.obj
 0001:0000f6e0       pjsip_generic_string_hdr_init 00000001400106e0 f   pjsip-core-x86_64-x64-vc14-release:sip_msg.obj
 0001:0000f780       pjsip_get_ack_method       0000000140010780 f   pjsip-core-x86_64-x64-vc14-release:sip_msg.obj
 0001:0000f790       pjsip_get_bye_method       0000000140010790 f   pjsip-core-x86_64-x64-vc14-release:sip_msg.obj
 0001:0000f7a0       pjsip_get_cancel_method    00000001400107a0 f   pjsip-core-x86_64-x64-vc14-release:sip_msg.obj
 0001:0000f7b0       pjsip_get_invite_method    00000001400107b0 f   pjsip-core-x86_64-x64-vc14-release:sip_msg.obj
 0001:0000f7c0       pjsip_get_status_text      00000001400107c0 f   pjsip-core-x86_64-x64-vc14-release:sip_msg.obj
 0001:0000f810       pjsip_hdr_clone            0000000140010810 f   pjsip-core-x86_64-x64-vc14-release:sip_msg.obj
 0001:0000f820       pjsip_hdr_print_on         0000000140010820 f   pjsip-core-x86_64-x64-vc14-release:sip_msg.obj
 0001:0000f840       pjsip_hdr_shallow_clone    0000000140010840 f   pjsip-core-x86_64-x64-vc14-release:sip_msg.obj
 0001:0000f850       pjsip_max_fwd_hdr_create   0000000140010850 f   pjsip-core-x86_64-x64-vc14-release:sip_msg.obj
 0001:0000f8a0       pjsip_media_type_cmp       00000001400108a0 f   pjsip-core-x86_64-x64-vc14-release:sip_msg.obj
 0001:0000f920       pjsip_media_type_cp        0000000140010920 f   pjsip-core-x86_64-x64-vc14-release:sip_msg.obj
 0001:0000f980       pjsip_media_type_init      0000000140010980 f   pjsip-core-x86_64-x64-vc14-release:sip_msg.obj
 0001:0000f9e0       pjsip_media_type_init2     00000001400109e0 f   pjsip-core-x86_64-x64-vc14-release:sip_msg.obj
 0001:0000fa60       pjsip_media_type_print     0000000140010a60 f   pjsip-core-x86_64-x64-vc14-release:sip_msg.obj
 0001:0000fa70       pjsip_method_cmp           0000000140010a70 f   pjsip-core-x86_64-x64-vc14-release:sip_msg.obj
 0001:0000faa0       pjsip_method_copy          0000000140010aa0 f   pjsip-core-x86_64-x64-vc14-release:sip_msg.obj
 0001:0000fad0       pjsip_method_init_np       0000000140010ad0 f   pjsip-core-x86_64-x64-vc14-release:sip_msg.obj
 0001:0000fb70       pjsip_min_expires_hdr_create 0000000140010b70 f   pjsip-core-x86_64-x64-vc14-release:sip_msg.obj
 0001:0000fbc0       pjsip_msg_body_clone       0000000140010bc0 f   pjsip-core-x86_64-x64-vc14-release:sip_msg.obj
 0001:0000fc20       pjsip_msg_body_copy        0000000140010c20 f   pjsip-core-x86_64-x64-vc14-release:sip_msg.obj
 0001:0000fcc0       pjsip_msg_create           0000000140010cc0 f   pjsip-core-x86_64-x64-vc14-release:sip_msg.obj
 0001:0000fcf0       pjsip_msg_find_hdr         0000000140010cf0 f   pjsip-core-x86_64-x64-vc14-release:sip_msg.obj
 0001:0000fd20       pjsip_msg_find_hdr_by_name 0000000140010d20 f   pjsip-core-x86_64-x64-vc14-release:sip_msg.obj
 0001:0000fd90       pjsip_msg_find_hdr_by_names 0000000140010d90 f   pjsip-core-x86_64-x64-vc14-release:sip_msg.obj
 0001:0000fe20       pjsip_msg_print            0000000140010e20 f   pjsip-core-x86_64-x64-vc14-release:sip_msg.obj
 0001:00010180       pjsip_print_text_body      0000000140011180 f   pjsip-core-x86_64-x64-vc14-release:sip_msg.obj
 0001:000101c0       pjsip_require_hdr_create   00000001400111c0 f   pjsip-core-x86_64-x64-vc14-release:sip_msg.obj
 0001:00010210       pjsip_retry_after_hdr_create 0000000140011210 f   pjsip-core-x86_64-x64-vc14-release:sip_msg.obj
 0001:00010280       pjsip_route_hdr_create     0000000140011280 f   pjsip-core-x86_64-x64-vc14-release:sip_msg.obj
 0001:000102f0       pjsip_routing_hdr_set_route 00000001400112f0 f   pjsip-core-x86_64-x64-vc14-release:sip_msg.obj
 0001:00010320       pjsip_rr_hdr_create        0000000140011320 f   pjsip-core-x86_64-x64-vc14-release:sip_msg.obj
 0001:00010390       pjsip_supported_hdr_create 0000000140011390 f   pjsip-core-x86_64-x64-vc14-release:sip_msg.obj
 0001:00010400       pjsip_to_hdr_create        0000000140011400 f   pjsip-core-x86_64-x64-vc14-release:sip_msg.obj
 0001:00010430       pjsip_to_hdr_init          0000000140011430 f   pjsip-core-x86_64-x64-vc14-release:sip_msg.obj
 0001:000104b0       pjsip_unsupported_hdr_create 00000001400114b0 f   pjsip-core-x86_64-x64-vc14-release:sip_msg.obj
 0001:00010500       pjsip_via_hdr_create       0000000140011500 f   pjsip-core-x86_64-x64-vc14-release:sip_msg.obj
 0001:00010530       pjsip_via_hdr_init         0000000140011530 f   pjsip-core-x86_64-x64-vc14-release:sip_msg.obj
 0001:000105c0       pjsip_warning_hdr_create   00000001400115c0 f   pjsip-core-x86_64-x64-vc14-release:sip_msg.obj
 0001:000106d0       pjsip_warning_hdr_create_from_status 00000001400116d0 f   pjsip-core-x86_64-x64-vc14-release:sip_msg.obj
 0001:00010ab0       pjsip_rx_data_get_info     0000000140011ab0 f   pjsip-core-x86_64-x64-vc14-release:sip_transport.obj
 0001:00010b60       pjsip_tpmgr_acquire_transport2 0000000140011b60 f   pjsip-core-x86_64-x64-vc14-release:sip_transport.obj
 0001:00010f10       pjsip_tpmgr_create         0000000140011f10 f   pjsip-core-x86_64-x64-vc14-release:sip_transport.obj
 0001:000110c0       pjsip_tpmgr_destroy        00000001400120c0 f   pjsip-core-x86_64-x64-vc14-release:sip_transport.obj
 0001:00011210       pjsip_tpmgr_receive_packet 0000000140012210 f   pjsip-core-x86_64-x64-vc14-release:sip_transport.obj
 0001:00011710       pjsip_tpselector_add_ref   0000000140012710 f   pjsip-core-x86_64-x64-vc14-release:sip_transport.obj
 0001:00011730       pjsip_tpselector_dec_ref   0000000140012730 f   pjsip-core-x86_64-x64-vc14-release:sip_transport.obj
 0001:00011750       pjsip_transport_add_ref    0000000140012750 f   pjsip-core-x86_64-x64-vc14-release:sip_transport.obj
 0001:00011870       pjsip_transport_add_state_listener 0000000140012870 f   pjsip-core-x86_64-x64-vc14-release:sip_transport.obj
 0001:00011990       pjsip_transport_dec_ref    0000000140012990 f   pjsip-core-x86_64-x64-vc14-release:sip_transport.obj
 0001:00011b30       pjsip_transport_destroy    0000000140012b30 f   pjsip-core-x86_64-x64-vc14-release:sip_transport.obj
 0001:00011ba0       pjsip_transport_get_default_port_for_type 0000000140012ba0 f   pjsip-core-x86_64-x64-vc14-release:sip_transport.obj
 0001:00011bd0       pjsip_transport_get_flag_from_type 0000000140012bd0 f   pjsip-core-x86_64-x64-vc14-release:sip_transport.obj
 0001:00011c00       pjsip_transport_get_type_desc 0000000140012c00 f   pjsip-core-x86_64-x64-vc14-release:sip_transport.obj
 0001:00011c40       pjsip_transport_get_type_from_flag 0000000140012c40 f   pjsip-core-x86_64-x64-vc14-release:sip_transport.obj
 0001:00011c80       pjsip_transport_get_type_from_name 0000000140012c80 f   pjsip-core-x86_64-x64-vc14-release:sip_transport.obj
 0001:00011d00       pjsip_transport_get_type_name 0000000140012d00 f   pjsip-core-x86_64-x64-vc14-release:sip_transport.obj
 0001:00011d40       pjsip_transport_register   0000000140012d40 f   pjsip-core-x86_64-x64-vc14-release:sip_transport.obj
 0001:00011e90       pjsip_transport_remove_state_listener 0000000140012e90 f   pjsip-core-x86_64-x64-vc14-release:sip_transport.obj
 0001:00011f60       pjsip_transport_send       0000000140012f60 f   pjsip-core-x86_64-x64-vc14-release:sip_transport.obj
 0001:00012100       pjsip_tx_data_add_ref      0000000140013100 f   pjsip-core-x86_64-x64-vc14-release:sip_transport.obj
 0001:00012110       pjsip_tx_data_clone        0000000140013110 f   pjsip-core-x86_64-x64-vc14-release:sip_transport.obj
 0001:00012280       pjsip_tx_data_create       0000000140013280 f   pjsip-core-x86_64-x64-vc14-release:sip_transport.obj
 0001:000123c0       pjsip_tx_data_dec_ref      00000001400133c0 f   pjsip-core-x86_64-x64-vc14-release:sip_transport.obj
 0001:00012410       pjsip_tx_data_encode       0000000140013410 f   pjsip-core-x86_64-x64-vc14-release:sip_transport.obj
 0001:00012510       pjsip_tx_data_get_info     0000000140013510 f   pjsip-core-x86_64-x64-vc14-release:sip_transport.obj
 0001:00012580       pjsip_tx_data_invalidate_msg 0000000140013580 f   pjsip-core-x86_64-x64-vc14-release:sip_transport.obj
 0001:000125a0       pjsip_tx_data_set_transport 00000001400135a0 f   pjsip-core-x86_64-x64-vc14-release:sip_transport.obj
 0001:00012b30       pjsip_endpt_acquire_transport2 0000000140013b30 f   pjsip-core-x86_64-x64-vc14-release:sip_endpoint.obj
 0001:00012b40       pjsip_endpt_add_capability 0000000140013b40 f   pjsip-core-x86_64-x64-vc14-release:sip_endpoint.obj
 0001:00012c90       pjsip_endpt_atexit         0000000140013c90 f   pjsip-core-x86_64-x64-vc14-release:sip_endpoint.obj
 0001:00012d10       pjsip_endpt_cancel_timer   0000000140013d10 f   pjsip-core-x86_64-x64-vc14-release:sip_endpoint.obj
 0001:00012d40       pjsip_endpt_create         0000000140013d40 f   pjsip-core-x86_64-x64-vc14-release:sip_endpoint.obj
 0001:00013040       pjsip_endpt_create_pool    0000000140014040 f   pjsip-core-x86_64-x64-vc14-release:sip_endpoint.obj
 0001:000130a0       pjsip_endpt_create_tdata   00000001400140a0 f   pjsip-core-x86_64-x64-vc14-release:sip_endpoint.obj
 0001:000130b0       pjsip_endpt_destroy        00000001400140b0 f   pjsip-core-x86_64-x64-vc14-release:sip_endpoint.obj
 0001:00013230       pjsip_endpt_get_capability 0000000140014230 f   pjsip-core-x86_64-x64-vc14-release:sip_endpoint.obj
 0001:00013260       pjsip_endpt_get_ioqueue    0000000140014260 f   pjsip-core-x86_64-x64-vc14-release:sip_endpoint.obj
 0001:00013270       pjsip_endpt_get_request_headers 0000000140014270 f   pjsip-core-x86_64-x64-vc14-release:sip_endpoint.obj
 0001:00013280       pjsip_endpt_get_timer_heap 0000000140014280 f   pjsip-core-x86_64-x64-vc14-release:sip_endpoint.obj
 0001:00013290       pjsip_endpt_get_tpmgr      0000000140014290 f   pjsip-core-x86_64-x64-vc14-release:sip_endpoint.obj
 0001:000132a0       pjsip_endpt_handle_events  00000001400142a0 f   pjsip-core-x86_64-x64-vc14-release:sip_endpoint.obj
 0001:000132b0       pjsip_endpt_handle_events2 00000001400142b0 f   pjsip-core-x86_64-x64-vc14-release:sip_endpoint.obj
 0001:000133b0       pjsip_endpt_has_capability 00000001400143b0 f   pjsip-core-x86_64-x64-vc14-release:sip_endpoint.obj
 0001:00013460       pjsip_endpt_log_error      0000000140014460 f   pjsip-core-x86_64-x64-vc14-release:sip_endpoint.obj
 0001:000135a0       pjsip_endpt_name           00000001400145a0 f   pjsip-core-x86_64-x64-vc14-release:sip_endpoint.obj
 0001:000135b0       pjsip_endpt_process_rx_data 00000001400145b0 f   pjsip-core-x86_64-x64-vc14-release:sip_endpoint.obj
 0001:00013780       pjsip_endpt_register_module 0000000140014780 f   pjsip-core-x86_64-x64-vc14-release:sip_endpoint.obj
 0001:000138d0       pjsip_endpt_release_pool   00000001400148d0 f   pjsip-core-x86_64-x64-vc14-release:sip_endpoint.obj
 0001:000138f0       pjsip_endpt_resolve        00000001400148f0 f   pjsip-core-x86_64-x64-vc14-release:sip_endpoint.obj
 0001:00013900       pjsip_endpt_schedule_timer_dbg 0000000140014900 f   pjsip-core-x86_64-x64-vc14-release:sip_endpoint.obj
 0001:00013950       pjsip_endpt_schedule_timer_w_grp_lock_dbg 0000000140014950 f   pjsip-core-x86_64-x64-vc14-release:sip_endpoint.obj
 0001:000139a0       pjsip_endpt_unregister_module 00000001400149a0 f   pjsip-core-x86_64-x64-vc14-release:sip_endpoint.obj
 0001:00013d90       pjsip_endpt_create_ack     0000000140014d90 f   pjsip-core-x86_64-x64-vc14-release:sip_util.obj
 0001:00014000       pjsip_endpt_create_cancel  0000000140015000 f   pjsip-core-x86_64-x64-vc14-release:sip_util.obj
 0001:00014370       pjsip_endpt_create_request_from_hdr 0000000140015370 f   pjsip-core-x86_64-x64-vc14-release:sip_util.obj
 0001:00014600       pjsip_endpt_create_response 0000000140015600 f   pjsip-core-x86_64-x64-vc14-release:sip_util.obj
 0001:000148c0       pjsip_endpt_respond_stateless 00000001400158c0 f   pjsip-core-x86_64-x64-vc14-release:sip_util.obj
 0001:00014a40       pjsip_endpt_send_request_stateless 0000000140015a40 f   pjsip-core-x86_64-x64-vc14-release:sip_util.obj
 0001:00014b60       pjsip_endpt_send_response  0000000140015b60 f   pjsip-core-x86_64-x64-vc14-release:sip_util.obj
 0001:00014c90       pjsip_event_str            0000000140015c90 f   pjsip-core-x86_64-x64-vc14-release:sip_util.obj
 0001:00014ca0       pjsip_get_dest_info        0000000140015ca0 f   pjsip-core-x86_64-x64-vc14-release:sip_util.obj
 0001:00014e60       pjsip_get_request_dest     0000000140015e60 f   pjsip-core-x86_64-x64-vc14-release:sip_util.obj
 0001:00014ef0       pjsip_get_response_addr    0000000140015ef0 f   pjsip-core-x86_64-x64-vc14-release:sip_util.obj
 0001:00015040       pjsip_process_route_set    0000000140016040 f   pjsip-core-x86_64-x64-vc14-release:sip_util.obj
 0001:00015270       pjsip_restore_strict_route_set 0000000140016270 f   pjsip-core-x86_64-x64-vc14-release:sip_util.obj
 0001:00015330       pjsip_target_assign_status 0000000140016330 f   pjsip-core-x86_64-x64-vc14-release:sip_util.obj
 0001:00015370       pjsip_target_set_add_from_msg 0000000140016370 f   pjsip-core-x86_64-x64-vc14-release:sip_util.obj
 0001:00015420       pjsip_target_set_add_uri   0000000140016420 f   pjsip-core-x86_64-x64-vc14-release:sip_util.obj
 0001:00015530       pjsip_target_set_get_next  0000000140016530 f   pjsip-core-x86_64-x64-vc14-release:sip_util.obj
 0001:00015580       pjsip_target_set_set_current 0000000140016580 f   pjsip-core-x86_64-x64-vc14-release:sip_util.obj
 0001:000160b0       pjsip_udp_transport_restart2 00000001400170b0 f   pjsip-core-x86_64-x64-vc14-release:sip_transport_udp.obj
 0001:000162f0       pjsip_udp_transport_start  00000001400172f0 f   pjsip-core-x86_64-x64-vc14-release:sip_transport_udp.obj
 0001:000163c0       pjsip_udp_transport_start2 00000001400173c0 f   pjsip-core-x86_64-x64-vc14-release:sip_transport_udp.obj
 0001:00017ef0       pjsip_rdata_get_tsx        0000000140018ef0 f   pjsip-core-x86_64-x64-vc14-release:sip_transaction.obj
 0001:00017f00       pjsip_tsx_create_key       0000000140018f00 f   pjsip-core-x86_64-x64-vc14-release:sip_transaction.obj
 0001:00017fb0       pjsip_tsx_create_uac       0000000140018fb0 f   pjsip-core-x86_64-x64-vc14-release:sip_transaction.obj
 0001:00017fc0       pjsip_tsx_create_uac2      0000000140018fc0 f   pjsip-core-x86_64-x64-vc14-release:sip_transaction.obj
 0001:00018290       pjsip_tsx_create_uas       0000000140019290 f   pjsip-core-x86_64-x64-vc14-release:sip_transaction.obj
 0001:000182a0       pjsip_tsx_create_uas2      00000001400192a0 f   pjsip-core-x86_64-x64-vc14-release:sip_transaction.obj
 0001:00018530       pjsip_tsx_layer_find_tsx2  0000000140019530 f   pjsip-core-x86_64-x64-vc14-release:sip_transaction.obj
 0001:000185b0       pjsip_tsx_layer_init_module 00000001400195b0 f   pjsip-core-x86_64-x64-vc14-release:sip_transaction.obj
 0001:00018780       pjsip_tsx_recv_msg         0000000140019780 f   pjsip-core-x86_64-x64-vc14-release:sip_transaction.obj
 0001:00018830       pjsip_tsx_retransmit_no_state 0000000140019830 f   pjsip-core-x86_64-x64-vc14-release:sip_transaction.obj
 0001:000188a0       pjsip_tsx_send_msg         00000001400198a0 f   pjsip-core-x86_64-x64-vc14-release:sip_transaction.obj
 0001:00018990       pjsip_tsx_set_timeout      0000000140019990 f   pjsip-core-x86_64-x64-vc14-release:sip_transaction.obj
 0001:00018aa0       pjsip_tsx_set_transport    0000000140019aa0 f   pjsip-core-x86_64-x64-vc14-release:sip_transaction.obj
 0001:00018b20       pjsip_tsx_state_str        0000000140019b20 f   pjsip-core-x86_64-x64-vc14-release:sip_transaction.obj
 0001:00018b30       pjsip_tsx_terminate        0000000140019b30 f   pjsip-core-x86_64-x64-vc14-release:sip_transaction.obj
 0001:0001bee0       pjsip_rdata_get_dlg        000000014001cee0 f   pjsip-core-x86_64-x64-vc14-release:sip_ua_layer.obj
 0001:0001bef0       pjsip_tsx_get_dlg          000000014001cef0 f   pjsip-core-x86_64-x64-vc14-release:sip_ua_layer.obj
 0001:0001bf00       pjsip_ua_get_endpt         000000014001cf00 f   pjsip-core-x86_64-x64-vc14-release:sip_ua_layer.obj
 0001:0001bf10       pjsip_ua_init_module       000000014001cf10 f   pjsip-core-x86_64-x64-vc14-release:sip_ua_layer.obj
 0001:0001bf40       pjsip_ua_instance          000000014001cf40 f   pjsip-core-x86_64-x64-vc14-release:sip_ua_layer.obj
 0001:0001bf50       pjsip_ua_register_dlg      000000014001cf50 f   pjsip-core-x86_64-x64-vc14-release:sip_ua_layer.obj
 0001:0001c080       pjsip_ua_unregister_dlg    000000014001d080 f   pjsip-core-x86_64-x64-vc14-release:sip_ua_layer.obj
 0001:0001c310       create_uas_dialog          000000014001d310 f   pjsip-core-x86_64-x64-vc14-release:sip_dialog.obj
 0001:0001ce20       pjsip_dlg_add_usage        000000014001de20 f   pjsip-core-x86_64-x64-vc14-release:sip_dialog.obj
 0001:0001cf80       pjsip_dlg_create_request   000000014001df80 f   pjsip-core-x86_64-x64-vc14-release:sip_dialog.obj
 0001:0001d0a0       pjsip_dlg_create_response  000000014001e0a0 f   pjsip-core-x86_64-x64-vc14-release:sip_dialog.obj
 0001:0001d180       pjsip_dlg_create_uac       000000014001e180 f   pjsip-core-x86_64-x64-vc14-release:sip_dialog.obj
 0001:0001d240       pjsip_dlg_create_uac2      000000014001e240 f   pjsip-core-x86_64-x64-vc14-release:sip_dialog.obj
 0001:0001d6f0       pjsip_dlg_create_uas_and_inc_lock 000000014001e6f0 f   pjsip-core-x86_64-x64-vc14-release:sip_dialog.obj
 0001:0001d710       pjsip_dlg_dec_lock         000000014001e710 f   pjsip-core-x86_64-x64-vc14-release:sip_dialog.obj
 0001:0001d780       pjsip_dlg_dec_session      000000014001e780 f   pjsip-core-x86_64-x64-vc14-release:sip_dialog.obj
 0001:0001d820       pjsip_dlg_get_remote_cap_hdr 000000014001e820 f   pjsip-core-x86_64-x64-vc14-release:sip_dialog.obj
 0001:0001d8f0       pjsip_dlg_inc_lock         000000014001e8f0 f   pjsip-core-x86_64-x64-vc14-release:sip_dialog.obj
 0001:0001d920       pjsip_dlg_inc_session      000000014001e920 f   pjsip-core-x86_64-x64-vc14-release:sip_dialog.obj
 0001:0001d9c0       pjsip_dlg_modify_response  000000014001e9c0 f   pjsip-core-x86_64-x64-vc14-release:sip_dialog.obj
 0001:0001dae0       pjsip_dlg_on_rx_request    000000014001eae0 f   pjsip-core-x86_64-x64-vc14-release:sip_dialog.obj
 0001:0001df20       pjsip_dlg_on_rx_response   000000014001ef20 f   pjsip-core-x86_64-x64-vc14-release:sip_dialog.obj
 0001:0001e340       pjsip_dlg_on_tsx_state     000000014001f340 f   pjsip-core-x86_64-x64-vc14-release:sip_dialog.obj
 0001:0001e4c0       pjsip_dlg_remote_has_cap   000000014001f4c0 f   pjsip-core-x86_64-x64-vc14-release:sip_dialog.obj
 0001:0001e5e0       pjsip_dlg_remove_remote_cap_hdr 000000014001f5e0 f   pjsip-core-x86_64-x64-vc14-release:sip_dialog.obj
 0001:0001e690       pjsip_dlg_send_request     000000014001f690 f   pjsip-core-x86_64-x64-vc14-release:sip_dialog.obj
 0001:0001e8b0       pjsip_dlg_send_response    000000014001f8b0 f   pjsip-core-x86_64-x64-vc14-release:sip_dialog.obj
 0001:0001ea00       pjsip_dlg_set_remote_cap_hdr 000000014001fa00 f   pjsip-core-x86_64-x64-vc14-release:sip_dialog.obj
 0001:0001eb20       pjsip_dlg_terminate        000000014001fb20 f   pjsip-core-x86_64-x64-vc14-release:sip_dialog.obj
 0001:0001eb40       pjsip_dlg_try_inc_lock     000000014001fb40 f   pjsip-core-x86_64-x64-vc14-release:sip_dialog.obj
 0001:0001eb90       pjsip_dlg_update_remote_cap 000000014001fb90 f   pjsip-core-x86_64-x64-vc14-release:sip_dialog.obj
 0001:0001ede0       pjsip_method_creates_dialog 000000014001fde0 f   pjsip-core-x86_64-x64-vc14-release:sip_dialog.obj
 0001:0001f290       pjsip_auth_clt_deinit      0000000140020290 f   pjsip-core-x86_64-x64-vc14-release:sip_auth_client.obj
 0001:0001f300       pjsip_auth_clt_init        0000000140020300 f   pjsip-core-x86_64-x64-vc14-release:sip_auth_client.obj
 0001:0001f340       pjsip_auth_clt_init_req    0000000140020340 f   pjsip-core-x86_64-x64-vc14-release:sip_auth_client.obj
 0001:0001f5d0       pjsip_auth_clt_reinit_req  00000001400205d0 f   pjsip-core-x86_64-x64-vc14-release:sip_auth_client.obj
 0001:0001f880       pjsip_auth_create_digest   0000000140020880 f   pjsip-core-x86_64-x64-vc14-release:sip_auth_client.obj
 0001:00020320       deinit_sip_parser          0000000140021320 f   pjsip-core-x86_64-x64-vc14-release:sip_parser.obj
 0001:00020d30       init_sip_parser            0000000140021d30 f   pjsip-core-x86_64-x64-vc14-release:sip_parser.obj
 0001:000238e0       pjsip_find_msg             00000001400248e0 f   pjsip-core-x86_64-x64-vc14-release:sip_parser.obj
 0001:00023c60       pjsip_parse_end_hdr_imp    0000000140024c60 f   pjsip-core-x86_64-x64-vc14-release:sip_parser.obj
 0001:00023c80       pjsip_parse_hdr            0000000140024c80 f   pjsip-core-x86_64-x64-vc14-release:sip_parser.obj
 0001:00023dc0       pjsip_parse_headers        0000000140024dc0 f   pjsip-core-x86_64-x64-vc14-release:sip_parser.obj
 0001:00024050       pjsip_parse_param_imp      0000000140025050 f   pjsip-core-x86_64-x64-vc14-release:sip_parser.obj
 0001:00024140       pjsip_parse_rdata          0000000140025140 f   pjsip-core-x86_64-x64-vc14-release:sip_parser.obj
 0001:000241c0       pjsip_parse_uri            00000001400251c0 f   pjsip-core-x86_64-x64-vc14-release:sip_parser.obj
 0001:000242a0       pjsip_parser_const         00000001400252a0 f   pjsip-core-x86_64-x64-vc14-release:sip_parser.obj
 0001:000242b0       pjsip_register_hdr_parser  00000001400252b0 f   pjsip-core-x86_64-x64-vc14-release:sip_parser.obj
 0001:000243a0       pjsip_register_uri_parser  00000001400253a0 f   pjsip-core-x86_64-x64-vc14-release:sip_parser.obj
 0001:00024a20       pjsip_multipart_add_part   0000000140025a20 f   pjsip-core-x86_64-x64-vc14-release:sip_multipart.obj
 0001:00024a80       pjsip_multipart_create     0000000140025a80 f   pjsip-core-x86_64-x64-vc14-release:sip_multipart.obj
 0001:00024bf0       pjsip_multipart_find_part  0000000140025bf0 f   pjsip-core-x86_64-x64-vc14-release:sip_multipart.obj
 0001:00024c90       pjsip_multipart_parse      0000000140025c90 f   pjsip-core-x86_64-x64-vc14-release:sip_multipart.obj
 0001:00025c10       pjsip_name_addr_assign     0000000140026c10 f   pjsip-core-x86_64-x64-vc14-release:sip_uri.obj
 0001:00025c60       pjsip_name_addr_create     0000000140026c60 f   pjsip-core-x86_64-x64-vc14-release:sip_uri.obj
 0001:00025c90       pjsip_name_addr_init       0000000140026c90 f   pjsip-core-x86_64-x64-vc14-release:sip_uri.obj
 0001:00025cb0       pjsip_other_uri_create     0000000140026cb0 f   pjsip-core-x86_64-x64-vc14-release:sip_uri.obj
 0001:00025ce0       pjsip_param_clone          0000000140026ce0 f   pjsip-core-x86_64-x64-vc14-release:sip_uri.obj
 0001:00025d80       pjsip_param_cmp            0000000140026d80 f   pjsip-core-x86_64-x64-vc14-release:sip_uri.obj
 0001:00025e60       pjsip_param_find           0000000140026e60 f   pjsip-core-x86_64-x64-vc14-release:sip_uri.obj
 0001:00025ec0       pjsip_param_print_on       0000000140026ec0 f   pjsip-core-x86_64-x64-vc14-release:sip_uri.obj
 0001:00026000       pjsip_param_shallow_clone  0000000140027000 f   pjsip-core-x86_64-x64-vc14-release:sip_uri.obj
 0001:00026080       pjsip_sip_uri_assign       0000000140027080 f   pjsip-core-x86_64-x64-vc14-release:sip_uri.obj
 0001:00026160       pjsip_sip_uri_create       0000000140027160 f   pjsip-core-x86_64-x64-vc14-release:sip_uri.obj
 0001:00026580       pjsip_resolve              0000000140027580 f   pjsip-core-x86_64-x64-vc14-release:sip_resolve.obj
 0001:00026c00       pjsip_resolver_create      0000000140027c00 f   pjsip-core-x86_64-x64-vc14-release:sip_resolve.obj
 0001:00026c40       pjsip_resolver_destroy     0000000140027c40 f   pjsip-core-x86_64-x64-vc14-release:sip_resolve.obj
 0001:00026e50       pjsip_strerror             0000000140027e50 f   pjsip-core-x86_64-x64-vc14-release:sip_errno.obj
 0001:000273f0       pjsip_tel_nb_cmp           00000001400283f0 f   pjsip-core-x86_64-x64-vc14-release:sip_tel_uri.obj
 0001:00027500       pjsip_tel_uri_subsys_init  0000000140028500 f   pjsip-core-x86_64-x64-vc14-release:sip_tel_uri.obj
 0001:00028020       pjsip_authorization_hdr_create 0000000140029020 f   pjsip-core-x86_64-x64-vc14-release:sip_auth_msg.obj
 0001:000280a0       pjsip_proxy_authenticate_hdr_create 00000001400290a0 f   pjsip-core-x86_64-x64-vc14-release:sip_auth_msg.obj
 0001:00028120       pjsip_proxy_authorization_hdr_create 0000000140029120 f   pjsip-core-x86_64-x64-vc14-release:sip_auth_msg.obj
 0001:000281a0       pjsip_www_authenticate_hdr_create 00000001400291a0 f   pjsip-core-x86_64-x64-vc14-release:sip_auth_msg.obj
 0001:000293e0       pjsip_auth_init_parser     000000014002a3e0 f   pjsip-core-x86_64-x64-vc14-release:sip_auth_parser.obj
 0001:00029450       pjmedia_aud_subsys_init    000000014002a450 f   pjmedia-audiodev-x86_64-x64-vc14-release:audiodev.obj
 0001:00029510       pjmedia_aud_subsys_shutdown 000000014002a510 f   pjmedia-audiodev-x86_64-x64-vc14-release:audiodev.obj
 0001:00029560       pjmedia_audiodev_strerror  000000014002a560 f   pjmedia-audiodev-x86_64-x64-vc14-release:errno.obj
 0001:0002ad40       pjmedia_wmme_factory       000000014002bd40 f   pjmedia-audiodev-x86_64-x64-vc14-release:wmme_dev.obj
 0001:0002b360       pjmedia_rtp_decode_rtp     000000014002c360 f   pjmedia-x86_64-x64-vc14-release:rtp.obj
 0001:0002b3a0       pjmedia_rtp_decode_rtp2    000000014002c3a0 f   pjmedia-x86_64-x64-vc14-release:rtp.obj
 0001:0002b4a0       pjmedia_rtp_encode_rtp     000000014002c4a0 f   pjmedia-x86_64-x64-vc14-release:rtp.obj
 0001:0002b550       pjmedia_rtp_seq_init       000000014002c550 f   pjmedia-x86_64-x64-vc14-release:rtp.obj
 0001:0002b580       pjmedia_rtp_seq_update     000000014002c580 f   pjmedia-x86_64-x64-vc14-release:rtp.obj
 0001:0002b6a0       pjmedia_rtp_session_init   000000014002c6a0 f   pjmedia-x86_64-x64-vc14-release:rtp.obj
 0001:0002b770       pjmedia_rtp_session_update 000000014002c770 f   pjmedia-x86_64-x64-vc14-release:rtp.obj
 0001:0002b780       pjmedia_rtp_session_update2 000000014002c780 f   pjmedia-x86_64-x64-vc14-release:rtp.obj
 0001:0002be90       pjmedia_rtcp_build_rtcp    000000014002ce90 f   pjmedia-x86_64-x64-vc14-release:rtcp.obj
 0001:0002c0c0       pjmedia_rtcp_get_ntp_time  000000014002d0c0 f   pjmedia-x86_64-x64-vc14-release:rtcp.obj
 0001:0002c210       pjmedia_rtcp_init          000000014002d210 f   pjmedia-x86_64-x64-vc14-release:rtcp.obj
 0001:0002c250       pjmedia_rtcp_init2         000000014002d250 f   pjmedia-x86_64-x64-vc14-release:rtcp.obj
 0001:0002c350       pjmedia_rtcp_rx_rtcp       000000014002d350 f   pjmedia-x86_64-x64-vc14-release:rtcp.obj
 0001:0002c440       pjmedia_rtcp_rx_rtp        000000014002d440 f   pjmedia-x86_64-x64-vc14-release:rtcp.obj
 0001:0002c460       pjmedia_rtcp_rx_rtp2       000000014002d460 f   pjmedia-x86_64-x64-vc14-release:rtcp.obj
 0001:0002c620       pjmedia_rtcp_tx_rtp        000000014002d620 f   pjmedia-x86_64-x64-vc14-release:rtcp.obj
 0001:0002cb70       pjmedia_sdp_attr_add       000000014002db70 f   pjmedia-x86_64-x64-vc14-release:sdp.obj
 0001:0002cba0       pjmedia_sdp_attr_create    000000014002dba0 f   pjmedia-x86_64-x64-vc14-release:sdp.obj
 0001:0002cc50       pjmedia_sdp_attr_create_rtcp 000000014002dc50 f   pjmedia-x86_64-x64-vc14-release:sdp.obj
 0001:0002cd60       pjmedia_sdp_attr_find      000000014002dd60 f   pjmedia-x86_64-x64-vc14-release:sdp.obj
 0001:0002ce10       pjmedia_sdp_attr_find2     000000014002de10 f   pjmedia-x86_64-x64-vc14-release:sdp.obj
 0001:0002cee0       pjmedia_sdp_attr_get_fmtp  000000014002dee0 f   pjmedia-x86_64-x64-vc14-release:sdp.obj
 0001:0002cfa0       pjmedia_sdp_attr_get_rtcp  000000014002dfa0 f   pjmedia-x86_64-x64-vc14-release:sdp.obj
 0001:0002d100       pjmedia_sdp_attr_get_rtpmap 000000014002e100 f   pjmedia-x86_64-x64-vc14-release:sdp.obj
 0001:0002d2e0       pjmedia_sdp_attr_get_ssrc  000000014002e2e0 f   pjmedia-x86_64-x64-vc14-release:sdp.obj
 0001:0002d470       pjmedia_sdp_attr_remove    000000014002e470 f   pjmedia-x86_64-x64-vc14-release:sdp.obj
 0001:0002d520       pjmedia_sdp_attr_remove_all 000000014002e520 f   pjmedia-x86_64-x64-vc14-release:sdp.obj
 0001:0002d600       pjmedia_sdp_attr_to_rtpmap 000000014002e600 f   pjmedia-x86_64-x64-vc14-release:sdp.obj
 0001:0002d670       pjmedia_sdp_conn_clone     000000014002e670 f   pjmedia-x86_64-x64-vc14-release:sdp.obj
 0001:0002d700       pjmedia_sdp_media_add_attr 000000014002e700 f   pjmedia-x86_64-x64-vc14-release:sdp.obj
 0001:0002d740       pjmedia_sdp_media_clone    000000014002e740 f   pjmedia-x86_64-x64-vc14-release:sdp.obj
 0001:0002d930       pjmedia_sdp_media_clone_deactivate 000000014002e930 f   pjmedia-x86_64-x64-vc14-release:sdp.obj
 0001:0002db20       pjmedia_sdp_media_deactivate 000000014002eb20 f   pjmedia-x86_64-x64-vc14-release:sdp.obj
 0001:0002db40       pjmedia_sdp_media_find_attr 000000014002eb40 f   pjmedia-x86_64-x64-vc14-release:sdp.obj
 0001:0002db70       pjmedia_sdp_media_find_attr2 000000014002eb70 f   pjmedia-x86_64-x64-vc14-release:sdp.obj
 0001:0002dba0       pjmedia_sdp_media_remove_all_attr 000000014002eba0 f   pjmedia-x86_64-x64-vc14-release:sdp.obj
 0001:0002dbc0       pjmedia_sdp_media_remove_attr 000000014002ebc0 f   pjmedia-x86_64-x64-vc14-release:sdp.obj
 0001:0002dbe0       pjmedia_sdp_parse          000000014002ebe0 f   pjmedia-x86_64-x64-vc14-release:sdp.obj
 0001:0002e320       pjmedia_sdp_print          000000014002f320 f   pjmedia-x86_64-x64-vc14-release:sdp.obj
 0001:0002e330       pjmedia_sdp_rtpmap_to_attr 000000014002f330 f   pjmedia-x86_64-x64-vc14-release:sdp.obj
 0001:0002e4a0       pjmedia_sdp_session_add_attr 000000014002f4a0 f   pjmedia-x86_64-x64-vc14-release:sdp.obj
 0001:0002e4e0       pjmedia_sdp_session_clone  000000014002f4e0 f   pjmedia-x86_64-x64-vc14-release:sdp.obj
 0001:0002e730       pjmedia_sdp_transport_cmp  000000014002f730 f   pjmedia-x86_64-x64-vc14-release:sdp.obj
 0001:0002e790       pjmedia_sdp_transport_get_proto 000000014002f790 f   pjmedia-x86_64-x64-vc14-release:sdp.obj
 0001:0002e8f0       pjmedia_sdp_validate       000000014002f8f0 f   pjmedia-x86_64-x64-vc14-release:sdp.obj
 0001:0002e900       pjmedia_sdp_validate2      000000014002f900 f   pjmedia-x86_64-x64-vc14-release:sdp.obj
 0001:0002f310       pjmedia_endpt_create2      0000000140030310 f   pjmedia-x86_64-x64-vc14-release:endpoint.obj
 0001:0002f510       pjmedia_endpt_create_pool  0000000140030510 f   pjmedia-x86_64-x64-vc14-release:endpoint.obj
 0001:0002f530       pjmedia_endpt_destroy2     0000000140030530 f   pjmedia-x86_64-x64-vc14-release:endpoint.obj
 0001:0002f5c0       pjmedia_endpt_get_codec_mgr 00000001400305c0 f   pjmedia-x86_64-x64-vc14-release:endpoint.obj
 0001:0002f5c0       pj_pool_getobjname         00000001400305c0 f   pjlib-x86_64-x64-vc14-release:pool.obj
 0001:0002f5d0       pjmedia_endpt_get_ioqueue  00000001400305d0 f   pjmedia-x86_64-x64-vc14-release:endpoint.obj
 0001:0002f5e0       pjmedia_endpt_stop_threads 00000001400305e0 f   pjmedia-x86_64-x64-vc14-release:endpoint.obj
 0001:0002f6d0       pjmedia_codec_g711_deinit  00000001400306d0 f   pjmedia-x86_64-x64-vc14-release:g711.obj
 0001:0002feb0       pjmedia_codec_g711_init    0000000140030eb0 f   pjmedia-x86_64-x64-vc14-release:g711.obj
 0001:00030c80       pjmedia_sdp_neg_cancel_offer 0000000140031c80 f   pjmedia-x86_64-x64-vc14-release:sdp_neg.obj
 0001:00030cd0       pjmedia_sdp_neg_create_w_local_offer 0000000140031cd0 f   pjmedia-x86_64-x64-vc14-release:sdp_neg.obj
 0001:00030d90       pjmedia_sdp_neg_create_w_remote_offer 0000000140031d90 f   pjmedia-x86_64-x64-vc14-release:sdp_neg.obj
 0001:00030e90       pjmedia_sdp_neg_fmt_match  0000000140031e90 f   pjmedia-x86_64-x64-vc14-release:sdp_neg.obj
 0001:00031030       pjmedia_sdp_neg_get_active_local 0000000140032030 f   pjmedia-x86_64-x64-vc14-release:sdp_neg.obj
 0001:00031060       pjmedia_sdp_neg_get_active_remote 0000000140032060 f   pjmedia-x86_64-x64-vc14-release:sdp_neg.obj
 0001:00031090       pjmedia_sdp_neg_get_neg_local 0000000140032090 f   pjmedia-x86_64-x64-vc14-release:sdp_neg.obj
 0001:000310c0       pjmedia_sdp_neg_get_state  00000001400320c0 f   pjmedia-x86_64-x64-vc14-release:sdp_neg.obj
 0001:000310d0       pjmedia_sdp_neg_has_local_answer 00000001400320d0 f   pjmedia-x86_64-x64-vc14-release:sdp_neg.obj
 0001:000310e0       pjmedia_sdp_neg_modify_local_offer2 00000001400320e0 f   pjmedia-x86_64-x64-vc14-release:sdp_neg.obj
 0001:00031330       pjmedia_sdp_neg_negotiate  0000000140032330 f   pjmedia-x86_64-x64-vc14-release:sdp_neg.obj
 0001:00031440       pjmedia_sdp_neg_send_local_offer 0000000140032440 f   pjmedia-x86_64-x64-vc14-release:sdp_neg.obj
 0001:00031530       pjmedia_sdp_neg_set_local_answer 0000000140032530 f   pjmedia-x86_64-x64-vc14-release:sdp_neg.obj
 0001:00031600       pjmedia_sdp_neg_set_remote_answer 0000000140032600 f   pjmedia-x86_64-x64-vc14-release:sdp_neg.obj
 0001:00031660       pjmedia_sdp_neg_set_remote_offer 0000000140032660 f   pjmedia-x86_64-x64-vc14-release:sdp_neg.obj
 0001:000316b0       pjmedia_sdp_neg_state_str  00000001400326b0 f   pjmedia-x86_64-x64-vc14-release:sdp_neg.obj
 0001:000327c0       pjmedia_stream_info_from_sdp 00000001400337c0 f   pjmedia-x86_64-x64-vc14-release:stream_info.obj
 0001:00033de0       pjmedia_transport_udp_attach 0000000140034de0 f   pjmedia-x86_64-x64-vc14-release:transport_udp.obj
 0001:00034140       pjmedia_transport_udp_create2 0000000140035140 f   pjmedia-x86_64-x64-vc14-release:transport_udp.obj
 0001:00034180       pjmedia_transport_udp_create3 0000000140035180 f   pjmedia-x86_64-x64-vc14-release:transport_udp.obj
 0001:00034820       pjmedia_aud_driver_deinit  0000000140035820 f   pjmedia-x86_64-x64-vc14-release:audiodev.obj
 0001:00034890       pjmedia_aud_driver_init    0000000140035890 f   pjmedia-x86_64-x64-vc14-release:audiodev.obj
 0001:00034ae0       pjmedia_aud_stream_get_param 0000000140035ae0 f   pjmedia-x86_64-x64-vc14-release:audiodev.obj
 0001:00034ba0       pjmedia_get_aud_subsys     0000000140035ba0 f   pjmedia-x86_64-x64-vc14-release:audiodev.obj
 0001:00034cd0       pjmedia_event_init         0000000140035cd0 f   pjmedia-x86_64-x64-vc14-release:event.obj
 0001:00034d30       pjmedia_event_publish      0000000140035d30 f   pjmedia-x86_64-x64-vc14-release:event.obj
 0001:000350e0       pjmedia_rtcp_fb_decode_sdp2 00000001400360e0 f   pjmedia-x86_64-x64-vc14-release:rtcp_fb.obj
 0001:00035430       pjmedia_rtcp_fb_parse_nack 0000000140036430 f   pjmedia-x86_64-x64-vc14-release:rtcp_fb.obj
 0001:00035520       pjmedia_rtcp_fb_parse_pli  0000000140036520 f   pjmedia-x86_64-x64-vc14-release:rtcp_fb.obj
 0001:00035550       pjmedia_codec_info_to_id   0000000140036550 f   pjmedia-x86_64-x64-vc14-release:codec.obj
 0001:000355d0       pjmedia_codec_mgr_destroy  00000001400365d0 f   pjmedia-x86_64-x64-vc14-release:codec.obj
 0001:00035680       pjmedia_codec_mgr_find_codecs_by_id 0000000140036680 f   pjmedia-x86_64-x64-vc14-release:codec.obj
 0001:000357a0       pjmedia_codec_mgr_get_codec_info 00000001400367a0 f   pjmedia-x86_64-x64-vc14-release:codec.obj
 0001:00035850       pjmedia_codec_mgr_get_default_param 0000000140036850 f   pjmedia-x86_64-x64-vc14-release:codec.obj
 0001:00035a20       pjmedia_codec_mgr_init     0000000140036a20 f   pjmedia-x86_64-x64-vc14-release:codec.obj
 0001:00035ab0       pjmedia_codec_mgr_register_factory 0000000140036ab0 f   pjmedia-x86_64-x64-vc14-release:codec.obj
 0001:00035c70       pjmedia_codec_mgr_unregister_factory 0000000140036c70 f   pjmedia-x86_64-x64-vc14-release:codec.obj
 0001:00035ef0       pjmedia_strerror           0000000140036ef0 f   pjmedia-x86_64-x64-vc14-release:errno.obj
 0001:00036120       pjmedia_plc_create         0000000140037120 f   pjmedia-x86_64-x64-vc14-release:plc_common.obj
 0001:000361c0       pjmedia_plc_generate       00000001400371c0 f   pjmedia-x86_64-x64-vc14-release:plc_common.obj
 0001:000361f0       pjmedia_plc_save           00000001400371f0 f   pjmedia-x86_64-x64-vc14-release:plc_common.obj
 0001:00036220       pjmedia_silence_det_apply  0000000140037220 f   pjmedia-x86_64-x64-vc14-release:silencedet.obj
 0001:000363f0       pjmedia_silence_det_create 00000001400373f0 f   pjmedia-x86_64-x64-vc14-release:silencedet.obj
 0001:000364b0       pjmedia_silence_det_detect 00000001400374b0 f   pjmedia-x86_64-x64-vc14-release:silencedet.obj
 0001:00036500       pjmedia_get_type           0000000140037500 f   pjmedia-x86_64-x64-vc14-release:types.obj
 0001:00036570       pjmedia_stream_info_parse_fmtp 0000000140037570 f   pjmedia-x86_64-x64-vc14-release:stream_common.obj
 0001:000385d0       get_libsrtp_errstr         00000001400395d0 f   pjmedia-x86_64-x64-vc14-release:transport_srtp.obj
 0001:000388e0       pjmedia_transport_srtp_start 00000001400398e0 f   pjmedia-x86_64-x64-vc14-release:transport_srtp.obj
 0001:00038e90       pjmedia_transport_srtp_stop 0000000140039e90 f   pjmedia-x86_64-x64-vc14-release:transport_srtp.obj
 0001:0003a350       pjmedia_wsola_create       000000014003b350 f   pjmedia-x86_64-x64-vc14-release:wsola.obj
 0001:0003a570       pjmedia_wsola_generate     000000014003b570 f   pjmedia-x86_64-x64-vc14-release:wsola.obj
 0001:0003a640       pjmedia_wsola_save         000000014003b640 f   pjmedia-x86_64-x64-vc14-release:wsola.obj
 0001:0003aa90       pjlib_util_init            000000014003ba90 f   pjlib-util-x86_64-x64-vc14-release:errno.obj
 0001:0003aab0       pjlib_util_strerror        000000014003bab0 f   pjlib-util-x86_64-x64-vc14-release:errno.obj
 0001:0003b4c0       pj_getopt_long             000000014003c4c0 f   pjlib-util-x86_64-x64-vc14-release:getopt.obj
 0001:0003b4e0       pj_cis_add_alpha           000000014003c4e0 f   pjlib-util-x86_64-x64-vc14-release:scanner.obj
 0001:0003b510       pj_cis_add_cis             000000014003c510 f   pjlib-util-x86_64-x64-vc14-release:scanner.obj
 0001:0003b560       pj_cis_add_num             000000014003c560 f   pjlib-util-x86_64-x64-vc14-release:scanner.obj
 0001:0003b570       pj_cis_add_range           000000014003c570 f   pjlib-util-x86_64-x64-vc14-release:scanner.obj
 0001:0003b680       pj_cis_add_str             000000014003c680 f   pjlib-util-x86_64-x64-vc14-release:scanner.obj
 0001:0003b6c0       pj_cis_buf_init            000000014003c6c0 f   pjlib-util-x86_64-x64-vc14-release:scanner.obj
 0001:0003b6f0       pj_cis_del_str             000000014003c6f0 f   pjlib-util-x86_64-x64-vc14-release:scanner.obj
 0001:0003b730       pj_cis_dup                 000000014003c730 f   pjlib-util-x86_64-x64-vc14-release:scanner.obj
 0001:0003b7d0       pj_cis_init                000000014003c7d0 f   pjlib-util-x86_64-x64-vc14-release:scanner.obj
 0001:0003b810       pj_cis_invert              000000014003c810 f   pjlib-util-x86_64-x64-vc14-release:scanner.obj
 0001:0003b860       pj_scan_advance_n          000000014003c860 f   pjlib-util-x86_64-x64-vc14-release:scanner.obj
 0001:0003b890       pj_scan_fini               000000014003c890 f   pjlib-util-x86_64-x64-vc14-release:scanner.obj
 0001:0003b8b0       pj_scan_get                000000014003c8b0 f   pjlib-util-x86_64-x64-vc14-release:scanner.obj
 0001:0003b920       pj_scan_get_char           000000014003c920 f   pjlib-util-x86_64-x64-vc14-release:scanner.obj
 0001:0003b970       pj_scan_get_n              000000014003c970 f   pjlib-util-x86_64-x64-vc14-release:scanner.obj
 0001:0003b9b0       pj_scan_get_newline        000000014003c9b0 f   pjlib-util-x86_64-x64-vc14-release:scanner.obj
 0001:0003ba00       pj_scan_get_quote          000000014003ca00 f   pjlib-util-x86_64-x64-vc14-release:scanner.obj
 0001:0003bb10       pj_scan_get_until_ch       000000014003cb10 f   pjlib-util-x86_64-x64-vc14-release:scanner.obj
 0001:0003bb60       pj_scan_get_until_chr      000000014003cb60 f   pjlib-util-x86_64-x64-vc14-release:scanner.obj
 0001:0003bc00       pj_scan_init               000000014003cc00 f   pjlib-util-x86_64-x64-vc14-release:scanner.obj
 0001:0003bc80       pj_scan_peek               000000014003cc80 f   pjlib-util-x86_64-x64-vc14-release:scanner.obj
 0001:0003bcf0       pj_scan_skip_line          000000014003ccf0 f   pjlib-util-x86_64-x64-vc14-release:scanner.obj
 0001:0003bd30       pj_scan_skip_whitespace    000000014003cd30 f   pjlib-util-x86_64-x64-vc14-release:scanner.obj
 0001:0003be20       pj_str_unescape            000000014003ce20 f   pjlib-util-x86_64-x64-vc14-release:string.obj
 0001:0003bf50       pj_strncpy2_escape         000000014003cf50 f   pjlib-util-x86_64-x64-vc14-release:string.obj
 0001:0003c320       pj_dns_parse_addr_response 000000014003d320 f   pjlib-util-x86_64-x64-vc14-release:resolver.obj
 0001:0003c640       pj_dns_resolver_cancel_query 000000014003d640 f   pjlib-util-x86_64-x64-vc14-release:resolver.obj
 0001:0003c6e0       pj_dns_resolver_destroy    000000014003d6e0 f   pjlib-util-x86_64-x64-vc14-release:resolver.obj
 0001:0003c8b0       pj_dns_resolver_start_query 000000014003d8b0 f   pjlib-util-x86_64-x64-vc14-release:resolver.obj
 0001:0003da50       pj_md5_final               000000014003ea50 f   pjlib-util-x86_64-x64-vc14-release:md5.obj
 0001:0003db10       pj_md5_init                000000014003eb10 f   pjlib-util-x86_64-x64-vc14-release:md5.obj
 0001:0003db40       pj_md5_update              000000014003eb40 f   pjlib-util-x86_64-x64-vc14-release:md5.obj
 0001:0003dc30       pj_dns_get_type_name       000000014003ec30 f   pjlib-util-x86_64-x64-vc14-release:dns.obj
 0001:0003dd00       pj_dns_make_query          000000014003ed00 f   pjlib-util-x86_64-x64-vc14-release:dns.obj
 0001:0003eea0       pj_dns_srv_cancel_query    000000014003fea0 f   pjlib-util-x86_64-x64-vc14-release:srv_resolver.obj
 0001:0003ef80       pj_dns_srv_resolve         000000014003ff80 f   pjlib-util-x86_64-x64-vc14-release:srv_resolver.obj
 0001:0003f2e0       pj_base64_decode           00000001400402e0 f   pjlib-util-x86_64-x64-vc14-release:base64.obj
 0001:0003f4c0       pj_base64_encode           00000001400404c0 f   pjlib-util-x86_64-x64-vc14-release:base64.obj
 0001:0003f730       pj_atexit                  0000000140040730 f   pjlib-x86_64-x64-vc14-release:os_core_win32.obj
 0001:0003f760       pj_atomic_create           0000000140040760 f   pjlib-x86_64-x64-vc14-release:os_core_win32.obj
 0001:0003f7a0       pj_atomic_dec_and_get      00000001400407a0 f   pjlib-x86_64-x64-vc14-release:os_core_win32.obj
 0001:0003f800       pj_atomic_destroy          0000000140040800 f   pjlib-x86_64-x64-vc14-release:os_core_win32.obj
 0001:0003f810       pj_atomic_get              0000000140040810 f   pjlib-x86_64-x64-vc14-release:os_core_win32.obj
 0001:0003f880       pj_atomic_inc              0000000140040880 f   pjlib-x86_64-x64-vc14-release:os_core_win32.obj
 0001:0003f890       pj_atomic_inc_and_get      0000000140040890 f   pjlib-x86_64-x64-vc14-release:os_core_win32.obj
 0001:0003f900       pj_atomic_set              0000000140040900 f   pjlib-x86_64-x64-vc14-release:os_core_win32.obj
 0001:0003f970       pj_enter_critical_section  0000000140040970 f   pjlib-x86_64-x64-vc14-release:os_core_win32.obj
 0001:0003f9e0       pj_init                    00000001400409e0 f   pjlib-x86_64-x64-vc14-release:os_core_win32.obj
 0001:0003fb40       pj_leave_critical_section  0000000140040b40 f   pjlib-x86_64-x64-vc14-release:os_core_win32.obj
 0001:0003fbb0       pj_mutex_create            0000000140040bb0 f   pjlib-x86_64-x64-vc14-release:os_core_win32.obj
 0001:0003fc30       pj_mutex_create_simple     0000000140040c30 f   pjlib-x86_64-x64-vc14-release:os_core_win32.obj
 0001:0003fc30       pj_mutex_create_recursive  0000000140040c30 f   pjlib-x86_64-x64-vc14-release:os_core_win32.obj
 0001:0003fcb0       pj_mutex_destroy           0000000140040cb0 f   pjlib-x86_64-x64-vc14-release:os_core_win32.obj
 0001:0003fd30       pj_mutex_lock              0000000140040d30 f   pjlib-x86_64-x64-vc14-release:os_core_win32.obj
 0001:0003fdb0       pj_mutex_trylock           0000000140040db0 f   pjlib-x86_64-x64-vc14-release:os_core_win32.obj
 0001:0003fe40       pj_mutex_unlock            0000000140040e40 f   pjlib-x86_64-x64-vc14-release:os_core_win32.obj
 0001:0003fec0       pj_rwmutex_create          0000000140040ec0 f   pjlib-x86_64-x64-vc14-release:os_core_win32.obj
 0001:0003ff80       pj_rwmutex_destroy         0000000140040f80 f   pjlib-x86_64-x64-vc14-release:os_core_win32.obj
 0001:0003ffc0       pj_rwmutex_lock_read       0000000140040fc0 f   pjlib-x86_64-x64-vc14-release:os_core_win32.obj
 0001:00040010       pj_rwmutex_lock_write      0000000140041010 f   pjlib-x86_64-x64-vc14-release:os_core_win32.obj
 0001:00040030       pj_rwmutex_unlock_read     0000000140041030 f   pjlib-x86_64-x64-vc14-release:os_core_win32.obj
 0001:00040080       pj_rwmutex_unlock_write    0000000140041080 f   pjlib-x86_64-x64-vc14-release:os_core_win32.obj
 0001:000400a0       pj_sem_create              00000001400410a0 f   pjlib-x86_64-x64-vc14-release:os_core_win32.obj
 0001:00040200       pj_sem_destroy             0000000140041200 f   pjlib-x86_64-x64-vc14-release:os_core_win32.obj
 0001:000402b0       pj_sem_post                00000001400412b0 f   pjlib-x86_64-x64-vc14-release:os_core_win32.obj
 0001:00040360       pj_sem_trywait             0000000140041360 f   pjlib-x86_64-x64-vc14-release:os_core_win32.obj
 0001:000403d0       pj_sem_wait                00000001400413d0 f   pjlib-x86_64-x64-vc14-release:os_core_win32.obj
 0001:00040540       pj_shutdown                0000000140041540 f   pjlib-x86_64-x64-vc14-release:os_core_win32.obj
 0001:000406c0       pj_term_set_color          00000001400416c0 f   pjlib-x86_64-x64-vc14-release:os_core_win32.obj
 0001:000407b0       pj_thread_check_stack      00000001400417b0 f   pjlib-x86_64-x64-vc14-release:os_core_win32.obj
 0001:00040810       pj_thread_create           0000000140041810 f   pjlib-x86_64-x64-vc14-release:os_core_win32.obj
 0001:000409d0       pj_thread_destroy          00000001400419d0 f   pjlib-x86_64-x64-vc14-release:os_core_win32.obj
 0001:00040a80       pj_thread_get_name         0000000140041a80 f   pjlib-x86_64-x64-vc14-release:os_core_win32.obj
 0001:00040af0       pj_thread_init             0000000140041af0 f   pjlib-x86_64-x64-vc14-release:os_core_win32.obj
 0001:00040b50       pj_thread_join             0000000140041b50 f   pjlib-x86_64-x64-vc14-release:os_core_win32.obj
 0001:00040c50       pj_thread_local_alloc      0000000140041c50 f   pjlib-x86_64-x64-vc14-release:os_core_win32.obj
 0001:00040cc0       pj_thread_local_free       0000000140041cc0 f   pjlib-x86_64-x64-vc14-release:os_core_win32.obj
 0001:00040d20       pj_thread_local_get        0000000140041d20 f   pjlib-x86_64-x64-vc14-release:os_core_win32.obj
 0001:00040d30       pj_thread_local_set        0000000140041d30 f   pjlib-x86_64-x64-vc14-release:os_core_win32.obj
 0001:00040d80       pj_thread_register         0000000140041d80 f   pjlib-x86_64-x64-vc14-release:os_core_win32.obj
 0001:00040e90       pj_thread_sleep            0000000140041e90 f   pjlib-x86_64-x64-vc14-release:os_core_win32.obj
 0001:00040ef0       pj_thread_this             0000000140041ef0 f   pjlib-x86_64-x64-vc14-release:os_core_win32.obj
 0001:00040f90       pj_time_val_normalize      0000000140041f90 f   pjlib-x86_64-x64-vc14-release:types.obj
 0001:00041060       pj_errno_clear_handlers    0000000140042060 f   pjlib-x86_64-x64-vc14-release:errno.obj
 0001:00041080       pj_perror                  0000000140042080 f   pjlib-x86_64-x64-vc14-release:errno.obj
 0001:000410a0       pj_perror_1                00000001400420a0 f   pjlib-x86_64-x64-vc14-release:errno.obj
 0001:000410d0       pj_perror_2                00000001400420d0 f   pjlib-x86_64-x64-vc14-release:errno.obj
 0001:00041100       pj_perror_3                0000000140042100 f   pjlib-x86_64-x64-vc14-release:errno.obj
 0001:00041130       pj_perror_4                0000000140042130 f   pjlib-x86_64-x64-vc14-release:errno.obj
 0001:00041240       pj_register_strerror       0000000140042240 f   pjlib-x86_64-x64-vc14-release:errno.obj
 0001:00041360       pj_strerror                0000000140042360 f   pjlib-x86_64-x64-vc14-release:errno.obj
 0001:00041520       pj_gethostname             0000000140042520 f   pjlib-x86_64-x64-vc14-release:sock_bsd.obj
 0001:000415c0       pj_htonl                   00000001400425c0 f   pjlib-x86_64-x64-vc14-release:sock_bsd.obj
 0001:000415d0       pj_htons                   00000001400425d0 f   pjlib-x86_64-x64-vc14-release:sock_bsd.obj
 0001:000415e0       pj_inet_aton               00000001400425e0 f   pjlib-x86_64-x64-vc14-release:sock_bsd.obj
 0001:00041670       pj_inet_ntop               0000000140042670 f   pjlib-x86_64-x64-vc14-release:sock_bsd.obj
 0001:000417a0       pj_inet_pton               00000001400427a0 f   pjlib-x86_64-x64-vc14-release:sock_bsd.obj
 0001:000418d0       pj_ntohl                   00000001400428d0 f   pjlib-x86_64-x64-vc14-release:sock_bsd.obj
 0001:000418e0       pj_ntohs                   00000001400428e0 f   pjlib-x86_64-x64-vc14-release:sock_bsd.obj
 0001:000418f0       pj_sock_accept             00000001400428f0 f   pjlib-x86_64-x64-vc14-release:sock_bsd.obj
 0001:00041990       pj_sock_bind               0000000140042990 f   pjlib-x86_64-x64-vc14-release:sock_bsd.obj
 0001:00041a40       pj_sock_close              0000000140042a40 f   pjlib-x86_64-x64-vc14-release:sock_bsd.obj
 0001:00041aa0       pj_sock_connect            0000000140042aa0 f   pjlib-x86_64-x64-vc14-release:sock_bsd.obj
 0001:00041b30       pj_sock_getsockname        0000000140042b30 f   pjlib-x86_64-x64-vc14-release:sock_bsd.obj
 0001:00041bc0       pj_sock_getsockopt         0000000140042bc0 f   pjlib-x86_64-x64-vc14-release:sock_bsd.obj
 0001:00041c70       pj_sock_recv               0000000140042c70 f   pjlib-x86_64-x64-vc14-release:sock_bsd.obj
 0001:00041d10       pj_sock_recvfrom           0000000140042d10 f   pjlib-x86_64-x64-vc14-release:sock_bsd.obj
 0001:00041dc0       pj_sock_send               0000000140042dc0 f   pjlib-x86_64-x64-vc14-release:sock_bsd.obj
 0001:00041e60       pj_sock_sendto             0000000140042e60 f   pjlib-x86_64-x64-vc14-release:sock_bsd.obj
 0001:00041f10       pj_sock_setsockopt         0000000140042f10 f   pjlib-x86_64-x64-vc14-release:sock_bsd.obj
 0001:00041fc0       pj_sock_setsockopt_params  0000000140042fc0 f   pjlib-x86_64-x64-vc14-release:sock_bsd.obj
 0001:00042100       pj_sock_socket             0000000140043100 f   pjlib-x86_64-x64-vc14-release:sock_bsd.obj
 0001:00042210       pj_addr_str_print          0000000140043210 f   pjlib-x86_64-x64-vc14-release:sock_common.obj
 0001:00042300       pj_gethostip               0000000140043300 f   pjlib-x86_64-x64-vc14-release:sock_common.obj
 0001:00042b90       pj_getipinterface          0000000140043b90 f   pjlib-x86_64-x64-vc14-release:sock_common.obj
 0001:00042e40       pj_sockaddr_cmp            0000000140043e40 f   pjlib-x86_64-x64-vc14-release:sock_common.obj
 0001:00042f90       pj_sockaddr_cp             0000000140043f90 f   pjlib-x86_64-x64-vc14-release:sock_common.obj
 0001:00042fe0       pj_sockaddr_get_addr       0000000140043fe0 f   pjlib-x86_64-x64-vc14-release:sock_common.obj
 0001:00043010       pj_sockaddr_get_addr_len   0000000140044010 f   pjlib-x86_64-x64-vc14-release:sock_common.obj
 0001:00043040       pj_sockaddr_get_len        0000000140044040 f   pjlib-x86_64-x64-vc14-release:sock_common.obj
 0001:00043070       pj_sockaddr_get_port       0000000140044070 f   pjlib-x86_64-x64-vc14-release:sock_common.obj
 0001:000430a0       pj_sockaddr_has_addr       00000001400440a0 f   pjlib-x86_64-x64-vc14-release:sock_common.obj
 0001:00043130       pj_sockaddr_in_init        0000000140044130 f   pjlib-x86_64-x64-vc14-release:sock_common.obj
 0001:000431a0       pj_sockaddr_in_set_str_addr 00000001400441a0 f   pjlib-x86_64-x64-vc14-release:sock_common.obj
 0001:00043280       pj_sockaddr_init           0000000140044280 f   pjlib-x86_64-x64-vc14-release:sock_common.obj
 0001:00043360       pj_sockaddr_print          0000000140044360 f   pjlib-x86_64-x64-vc14-release:sock_common.obj
 0001:000434d0       pj_sockaddr_set_port       00000001400444d0 f   pjlib-x86_64-x64-vc14-release:sock_common.obj
 0001:00043520       pj_sockaddr_set_str_addr   0000000140044520 f   pjlib-x86_64-x64-vc14-release:sock_common.obj
 0001:00043610       pj_sockaddr_synthesize     0000000140044610 f   pjlib-x86_64-x64-vc14-release:sock_common.obj
 0001:00043730       pj_NO_MEMORY_EXCEPTION     0000000140044730 f   pjlib-x86_64-x64-vc14-release:pool.obj
 0001:00043740       pj_pool_alloc              0000000140044740 f   pjlib-x86_64-x64-vc14-release:pool.obj
 0001:00043790       pj_pool_allocate_find      0000000140044790 f   pjlib-x86_64-x64-vc14-release:pool.obj
 0001:000438d0       pj_pool_calloc             00000001400448d0 f   pjlib-x86_64-x64-vc14-release:pool.obj
 0001:00043940       pj_pool_create             0000000140044940 f   pjlib-x86_64-x64-vc14-release:pool.obj
 0001:00043a00       pj_pool_create_int         0000000140044a00 f   pjlib-x86_64-x64-vc14-release:pool.obj
 0001:00043af0       pj_pool_destroy_int        0000000140044af0 f   pjlib-x86_64-x64-vc14-release:pool.obj
 0001:00043b30       pj_pool_get_capacity       0000000140044b30 f   pjlib-x86_64-x64-vc14-release:pool.obj
 0001:00043b40       pj_pool_get_used_size      0000000140044b40 f   pjlib-x86_64-x64-vc14-release:pool.obj
 0001:00043b80       pj_pool_init_int           0000000140044b80 f   pjlib-x86_64-x64-vc14-release:pool.obj
 0001:00043c20       pj_pool_release            0000000140044c20 f   pjlib-x86_64-x64-vc14-release:pool.obj
 0001:00043c40       pj_pool_reset              0000000140044c40 f   pjlib-x86_64-x64-vc14-release:pool.obj
 0001:00044150       pj_caching_pool_destroy    0000000140045150 f   pjlib-x86_64-x64-vc14-release:pool_caching.obj
 0001:00044260       pj_caching_pool_init       0000000140045260 f   pjlib-x86_64-x64-vc14-release:pool_caching.obj
 0001:00044370       pj_str                     0000000140045370 f   pjlib-x86_64-x64-vc14-release:string.obj
 0001:000443a0       pj_strassign               00000001400453a0 f   pjlib-x86_64-x64-vc14-release:string.obj
 0001:000443c0       pj_strcat                  00000001400453c0 f   pjlib-x86_64-x64-vc14-release:string.obj
 0001:00044400       pj_strcat2                 0000000140045400 f   pjlib-x86_64-x64-vc14-release:string.obj
 0001:00044450       pj_strcmp                  0000000140045450 f   pjlib-x86_64-x64-vc14-release:string.obj
 0001:000444d0       pj_strcmp2                 00000001400454d0 f   pjlib-x86_64-x64-vc14-release:string.obj
 0001:00044570       pj_strcpy                  0000000140045570 f   pjlib-x86_64-x64-vc14-release:string.obj
 0001:000445a0       pj_strcpy2                 00000001400455a0 f   pjlib-x86_64-x64-vc14-release:string.obj
 0001:000445e0       pj_strcspn                 00000001400455e0 f   pjlib-x86_64-x64-vc14-release:string.obj
 0001:00044640       pj_strcspn2                0000000140045640 f   pjlib-x86_64-x64-vc14-release:string.obj
 0001:000446a0       pj_strdup                  00000001400456a0 f   pjlib-x86_64-x64-vc14-release:string.obj
 0001:000446f0       pj_strdup2                 00000001400456f0 f   pjlib-x86_64-x64-vc14-release:string.obj
 0001:00044770       pj_strdup2_with_null       0000000140045770 f   pjlib-x86_64-x64-vc14-release:string.obj
 0001:000447e0       pj_strdup_with_null        00000001400457e0 f   pjlib-x86_64-x64-vc14-release:string.obj
 0001:00044830       pj_stricmp                 0000000140045830 f   pjlib-x86_64-x64-vc14-release:string.obj
 0001:000448c0       pj_stricmp2                00000001400458c0 f   pjlib-x86_64-x64-vc14-release:string.obj
 0001:00044970       pj_strltrim                0000000140045970 f   pjlib-x86_64-x64-vc14-release:string.obj
 0001:000449d0       pj_strncpy                 00000001400459d0 f   pjlib-x86_64-x64-vc14-release:string.obj
 0001:00044a20       pj_strncpy_with_null       0000000140045a20 f   pjlib-x86_64-x64-vc14-release:string.obj
 0001:00044a70       pj_strnicmp                0000000140045a70 f   pjlib-x86_64-x64-vc14-release:string.obj
 0001:00044ac0       pj_strnicmp2               0000000140045ac0 f   pjlib-x86_64-x64-vc14-release:string.obj
 0001:00044b40       pj_strspn                  0000000140045b40 f   pjlib-x86_64-x64-vc14-release:string.obj
 0001:00044bc0       pj_strspn2                 0000000140045bc0 f   pjlib-x86_64-x64-vc14-release:string.obj
 0001:00044c40       pj_strstr                  0000000140045c40 f   pjlib-x86_64-x64-vc14-release:string.obj
 0001:00044cd0       pj_strtok                  0000000140045cd0 f   pjlib-x86_64-x64-vc14-release:string.obj
 0001:00044d70       pj_strtok2                 0000000140045d70 f   pjlib-x86_64-x64-vc14-release:string.obj
 0001:00044e10       pj_strtol                  0000000140045e10 f   pjlib-x86_64-x64-vc14-release:string.obj
 0001:00044e80       pj_strtol2                 0000000140045e80 f   pjlib-x86_64-x64-vc14-release:string.obj
 0001:00045060       pj_strtoul                 0000000140046060 f   pjlib-x86_64-x64-vc14-release:string.obj
 0001:000450f0       pj_strtoul2                00000001400460f0 f   pjlib-x86_64-x64-vc14-release:string.obj
 0001:000451e0       pj_strtoul3                00000001400461e0 f   pjlib-x86_64-x64-vc14-release:string.obj
 0001:00045380       pj_strtrim                 0000000140046380 f   pjlib-x86_64-x64-vc14-release:string.obj
 0001:00045420       pj_utoa                    0000000140046420 f   pjlib-x86_64-x64-vc14-release:string.obj
 0001:00045430       pj_utoa_pad                0000000140046430 f   pjlib-x86_64-x64-vc14-release:string.obj
 0001:00045590       pj_gettimeofday            0000000140046590 f   pjlib-x86_64-x64-vc14-release:os_time_win32.obj
 0001:00045630       pj_time_decode             0000000140046630 f   pjlib-x86_64-x64-vc14-release:os_time_win32.obj
 0001:000456e0       pj_get_timestamp           00000001400466e0 f   pjlib-x86_64-x64-vc14-release:os_timestamp_win32.obj
 0001:00045740       pj_get_timestamp_freq      0000000140046740 f   pjlib-x86_64-x64-vc14-release:os_timestamp_win32.obj
 0001:000457a0       pj_log_write               00000001400467a0 f   pjlib-x86_64-x64-vc14-release:log_writer_stdout.obj
 0001:00045860       pj_log                     0000000140046860 f   pjlib-x86_64-x64-vc14-release:log.obj
 0001:00045df0       pj_log_1                   0000000140046df0 f   pjlib-x86_64-x64-vc14-release:log.obj
 0001:00045e20       pj_log_2                   0000000140046e20 f   pjlib-x86_64-x64-vc14-release:log.obj
 0001:00045e50       pj_log_3                   0000000140046e50 f   pjlib-x86_64-x64-vc14-release:log.obj
 0001:00045e80       pj_log_4                   0000000140046e80 f   pjlib-x86_64-x64-vc14-release:log.obj
 0001:00045eb0       pj_log_5                   0000000140046eb0 f   pjlib-x86_64-x64-vc14-release:log.obj
 0001:00045ee0       pj_log_get_color           0000000140046ee0 f   pjlib-x86_64-x64-vc14-release:log.obj
 0001:00045f50       pj_log_get_decor           0000000140046f50 f   pjlib-x86_64-x64-vc14-release:log.obj
 0001:00045f60       pj_log_get_level           0000000140046f60 f   pjlib-x86_64-x64-vc14-release:log.obj
 0001:00045f70       pj_log_init                0000000140046f70 f   pjlib-x86_64-x64-vc14-release:log.obj
 0001:00045fe0       pj_log_pop_indent          0000000140046fe0 f   pjlib-x86_64-x64-vc14-release:log.obj
 0001:00046010       pj_log_push_indent         0000000140047010 f   pjlib-x86_64-x64-vc14-release:log.obj
 0001:00046040       pj_log_set_decor           0000000140047040 f   pjlib-x86_64-x64-vc14-release:log.obj
 0001:00046050       pj_log_set_log_func        0000000140047050 f   pjlib-x86_64-x64-vc14-release:log.obj
 0001:00046060       pj_rand                    0000000140047060 f   pjlib-x86_64-x64-vc14-release:rand.obj
 0001:000461b0       pj_list_erase              00000001400471b0 f   pjlib-x86_64-x64-vc14-release:list.obj
 0001:000461d0       pj_list_find_node          00000001400471d0 f   pjlib-x86_64-x64-vc14-release:list.obj
 0001:00046200       pj_list_insert_after       0000000140047200 f   pjlib-x86_64-x64-vc14-release:list.obj
 0001:00046220       pj_list_insert_before      0000000140047220 f   pjlib-x86_64-x64-vc14-release:list.obj
 0001:00046240       pj_list_insert_nodes_before 0000000140047240 f   pjlib-x86_64-x64-vc14-release:list.obj
 0001:00046260       pj_list_search             0000000140047260 f   pjlib-x86_64-x64-vc14-release:list.obj
 0001:000462c0       pj_list_size               00000001400472c0 f   pjlib-x86_64-x64-vc14-release:list.obj
 0001:00046630       pj_grp_lock_acquire        0000000140047630 f   pjlib-x86_64-x64-vc14-release:lock.obj
 0001:00046640       pj_grp_lock_add_handler    0000000140047640 f   pjlib-x86_64-x64-vc14-release:lock.obj
 0001:000466c0       pj_grp_lock_add_ref        00000001400476c0 f   pjlib-x86_64-x64-vc14-release:lock.obj
 0001:000466e0       pj_grp_lock_create         00000001400476e0 f   pjlib-x86_64-x64-vc14-release:lock.obj
 0001:00046840       pj_grp_lock_create_w_handler 0000000140047840 f   pjlib-x86_64-x64-vc14-release:lock.obj
 0001:000468d0       pj_grp_lock_dec_ref        00000001400478d0 f   pjlib-x86_64-x64-vc14-release:lock.obj
 0001:00046910       pj_grp_lock_release        0000000140047910 f   pjlib-x86_64-x64-vc14-release:lock.obj
 0001:00046920       pj_grp_lock_tryacquire     0000000140047920 f   pjlib-x86_64-x64-vc14-release:lock.obj
 0001:00046930       pj_lock_acquire            0000000140047930 f   pjlib-x86_64-x64-vc14-release:lock.obj
 0001:00046950       pj_lock_create_null_mutex  0000000140047950 f   pjlib-x86_64-x64-vc14-release:lock.obj
 0001:00046970       pj_lock_create_recursive_mutex 0000000140047970 f   pjlib-x86_64-x64-vc14-release:lock.obj
 0001:00046980       pj_lock_create_simple_mutex 0000000140047980 f   pjlib-x86_64-x64-vc14-release:lock.obj
 0001:00046990       pj_lock_destroy            0000000140047990 f   pjlib-x86_64-x64-vc14-release:lock.obj
 0001:000469b0       pj_lock_release            00000001400479b0 f   pjlib-x86_64-x64-vc14-release:lock.obj
 0001:000469d0       pj_lock_tryacquire         00000001400479d0 f   pjlib-x86_64-x64-vc14-release:lock.obj
 0001:000469f0       pj_array_erase             00000001400479f0 f   pjlib-x86_64-x64-vc14-release:array.obj
 0001:00046a30       pj_array_insert            0000000140047a30 f   pjlib-x86_64-x64-vc14-release:array.obj
 0001:00046d50       pj_timer_entry_init        0000000140047d50 f   pjlib-x86_64-x64-vc14-release:timer.obj
 0001:00046d70       pj_timer_entry_running     0000000140047d70 f   pjlib-x86_64-x64-vc14-release:timer.obj
 0001:00046d80       pj_timer_heap_cancel       0000000140047d80 f   pjlib-x86_64-x64-vc14-release:timer.obj
 0001:00046d90       pj_timer_heap_cancel_if_active 0000000140047d90 f   pjlib-x86_64-x64-vc14-release:timer.obj
 0001:00046da0       pj_timer_heap_create       0000000140047da0 f   pjlib-x86_64-x64-vc14-release:timer.obj
 0001:00046ec0       pj_timer_heap_destroy      0000000140047ec0 f   pjlib-x86_64-x64-vc14-release:timer.obj
 0001:00046ef0       pj_timer_heap_dump         0000000140047ef0 f   pjlib-x86_64-x64-vc14-release:timer.obj
 0001:000470a0       pj_timer_heap_poll         00000001400480a0 f   pjlib-x86_64-x64-vc14-release:timer.obj
 0001:000472c0       pj_timer_heap_schedule_dbg 00000001400482c0 f   pjlib-x86_64-x64-vc14-release:timer.obj
 0001:000472f0       pj_timer_heap_schedule_w_grp_lock_dbg 00000001400482f0 f   pjlib-x86_64-x64-vc14-release:timer.obj
 0001:00047330       pj_timer_heap_set_lock     0000000140048330 f   pjlib-x86_64-x64-vc14-release:timer.obj
 0001:00047380       pj_timer_heap_set_max_timed_out_per_poll 0000000140048380 f   pjlib-x86_64-x64-vc14-release:timer.obj
 0001:000479d0       ioqueue_dispatch_exception_event 00000001400489d0 f   pjlib-x86_64-x64-vc14-release:ioqueue_select.obj
 0001:00047b30       ioqueue_dispatch_read_event 0000000140048b30 f   pjlib-x86_64-x64-vc14-release:ioqueue_select.obj
 0001:00047dc0       ioqueue_dispatch_write_event 0000000140048dc0 f   pjlib-x86_64-x64-vc14-release:ioqueue_select.obj
 0001:000481d0       pj_ioqueue_create          00000001400491d0 f   pjlib-x86_64-x64-vc14-release:ioqueue_select.obj
 0001:000483d0       pj_ioqueue_destroy         00000001400493d0 f   pjlib-x86_64-x64-vc14-release:ioqueue_select.obj
 0001:000484b0       pj_ioqueue_get_user_data   00000001400494b0 f   pjlib-x86_64-x64-vc14-release:ioqueue_select.obj
 0001:000484c0       pj_ioqueue_is_pending      00000001400494c0 f   pjlib-x86_64-x64-vc14-release:ioqueue_select.obj
 0001:000484d0       pj_ioqueue_lock_key        00000001400494d0 f   pjlib-x86_64-x64-vc14-release:ioqueue_select.obj
 0001:000484f0       pj_ioqueue_op_key_init     00000001400494f0 f   pjlib-x86_64-x64-vc14-release:ioqueue_select.obj
 0001:00048500       pj_ioqueue_poll            0000000140049500 f   pjlib-x86_64-x64-vc14-release:ioqueue_select.obj
 0001:000489a0       pj_ioqueue_post_completion 00000001400499a0 f   pjlib-x86_64-x64-vc14-release:ioqueue_select.obj
 0001:00048b50       pj_ioqueue_recvfrom        0000000140049b50 f   pjlib-x86_64-x64-vc14-release:ioqueue_select.obj
 0001:00048d30       pj_ioqueue_register_sock   0000000140049d30 f   pjlib-x86_64-x64-vc14-release:ioqueue_select.obj
 0001:00048d60       pj_ioqueue_register_sock2  0000000140049d60 f   pjlib-x86_64-x64-vc14-release:ioqueue_select.obj
 0001:00048ed0       pj_ioqueue_sendto          0000000140049ed0 f   pjlib-x86_64-x64-vc14-release:ioqueue_select.obj
 0001:000490f0       pj_ioqueue_set_concurrency 000000014004a0f0 f   pjlib-x86_64-x64-vc14-release:ioqueue_select.obj
 0001:00049110       pj_ioqueue_set_lock        000000014004a110 f   pjlib-x86_64-x64-vc14-release:ioqueue_select.obj
 0001:00049180       pj_ioqueue_unlock_key      000000014004a180 f   pjlib-x86_64-x64-vc14-release:ioqueue_select.obj
 0001:000491a0       pj_ioqueue_unregister      000000014004a1a0 f   pjlib-x86_64-x64-vc14-release:ioqueue_select.obj
 0001:000493e0       pj_exception_id_alloc      000000014004a3e0 f   pjlib-x86_64-x64-vc14-release:except.obj
 0001:00049450       pj_exception_id_free       000000014004a450 f   pjlib-x86_64-x64-vc14-release:except.obj
 0001:00049490       pj_exception_id_name       000000014004a490 f   pjlib-x86_64-x64-vc14-release:except.obj
 0001:000494e0       pj_pop_exception_handler_  000000014004a4e0 f   pjlib-x86_64-x64-vc14-release:except.obj
 0001:00049520       pj_push_exception_handler_ 000000014004a520 f   pjlib-x86_64-x64-vc14-release:except.obj
 0001:00049580       pj_throw_exception_        000000014004a580 f   pjlib-x86_64-x64-vc14-release:except.obj
 0001:00049640       pj_hash_calc               000000014004a640 f   pjlib-x86_64-x64-vc14-release:hash.obj
 0001:000496f0       pj_hash_calc_tolower       000000014004a6f0 f   pjlib-x86_64-x64-vc14-release:hash.obj
 0001:00049770       pj_hash_create             000000014004a770 f   pjlib-x86_64-x64-vc14-release:hash.obj
 0001:000497e0       pj_hash_first              000000014004a7e0 f   pjlib-x86_64-x64-vc14-release:hash.obj
 0001:00049820       pj_hash_get                000000014004a820 f   pjlib-x86_64-x64-vc14-release:hash.obj
 0001:00049940       pj_hash_get_lower          000000014004a940 f   pjlib-x86_64-x64-vc14-release:hash.obj
 0001:00049a80       pj_hash_next               000000014004aa80 f   pjlib-x86_64-x64-vc14-release:hash.obj
 0001:00049ae0       pj_hash_set                000000014004aae0 f   pjlib-x86_64-x64-vc14-release:hash.obj
 0001:00049c70       pj_hash_set_lower          000000014004ac70 f   pjlib-x86_64-x64-vc14-release:hash.obj
 0001:00049e20       pj_hash_set_np             000000014004ae20 f   pjlib-x86_64-x64-vc14-release:hash.obj
 0001:00049f90       pj_hash_set_np_lower       000000014004af90 f   pjlib-x86_64-x64-vc14-release:hash.obj
 0001:0004a110       pj_hash_this               000000014004b110 f   pjlib-x86_64-x64-vc14-release:hash.obj
 0001:0004a140       pj_get_netos_error         000000014004b140 f   pjlib-x86_64-x64-vc14-release:os_error_win32.obj
 0001:0004a170       pj_get_os_error            000000014004b170 f   pjlib-x86_64-x64-vc14-release:os_error_win32.obj
 0001:0004a1a0       platform_strerror          000000014004b1a0 f   pjlib-x86_64-x64-vc14-release:os_error_win32.obj
 0001:0004a2d0       pj_GUID_STRING_LENGTH      000000014004b2d0 f   pjlib-x86_64-x64-vc14-release:guid_win32.obj
 0001:0004a2e0       pj_generate_unique_string  000000014004b2e0 f   pjlib-x86_64-x64-vc14-release:guid_win32.obj
 0001:0004a3b0       pj_create_unique_string    000000014004b3b0 f   pjlib-x86_64-x64-vc14-release:guid.obj
 0001:0004a3e0       pj_qos_get_params          000000014004b3e0 f   pjlib-x86_64-x64-vc14-release:sock_qos_common.obj
 0001:0004a410       pj_sock_apply_qos          000000014004b410 f   pjlib-x86_64-x64-vc14-release:sock_qos_common.obj
 0001:0004a500       pj_sock_apply_qos2         000000014004b500 f   pjlib-x86_64-x64-vc14-release:sock_qos_common.obj
 0001:0004a540       pj_getaddrinfo             000000014004b540 f   pjlib-x86_64-x64-vc14-release:addr_resolv_sock.obj
 0001:0004a6c0       pj_gethostbyname           000000014004b6c0 f   pjlib-x86_64-x64-vc14-release:addr_resolv_sock.obj
 0001:0004a780       pj_pool_create_on_buf      000000014004b780 f   pjlib-x86_64-x64-vc14-release:pool_buf.obj
 0001:0004aec0       pj_enum_ip_interface       000000014004bec0 f   pjlib-x86_64-x64-vc14-release:ip_helper_win32.obj
 0001:0004afb0       pj_gettickcount            000000014004bfb0 f   pjlib-x86_64-x64-vc14-release:os_timestamp_common.obj
 0001:0004b070       PJ_FD_CLR                  000000014004c070 f   pjlib-x86_64-x64-vc14-release:sock_select.obj
 0001:0004b120       PJ_FD_ISSET                000000014004c120 f   pjlib-x86_64-x64-vc14-release:sock_select.obj
 0001:0004b160       PJ_FD_SET                  000000014004c160 f   pjlib-x86_64-x64-vc14-release:sock_select.obj
 0001:0004b1f0       PJ_FD_ZERO                 000000014004c1f0 f   pjlib-x86_64-x64-vc14-release:sock_select.obj
 0001:0004b220       pj_sock_select             000000014004c220 f   pjlib-x86_64-x64-vc14-release:sock_select.obj
 0001:0004b2c0       pj_sock_set_qos_params     000000014004c2c0 f   pjlib-x86_64-x64-vc14-release:sock_qos_bsd.obj
 0001:0004b3f0       pj_sock_set_qos_type       000000014004c3f0 f   pjlib-x86_64-x64-vc14-release:sock_qos_bsd.obj
[...]
 0004:00005d24       $pdata$0$srtp_stream_clone 0000000140359d24     libsrtp-x86_64-x64-vc14-release:srtp.obj
 0004:00005d30       $pdata$5$srtp_stream_clone 0000000140359d30     libsrtp-x86_64-x64-vc14-release:srtp.obj
 0004:00005d3c       $pdata$srtp_stream_dealloc 0000000140359d3c     libsrtp-x86_64-x64-vc14-release:srtp.obj
 0004:00005d48       $pdata$srtp_stream_free    0000000140359d48     libsrtp-x86_64-x64-vc14-release:srtp.obj
 0004:00005d54       $pdata$0$srtp_stream_free  0000000140359d54     libsrtp-x86_64-x64-vc14-release:srtp.obj
 0004:00005d60       $pdata$1$srtp_stream_free  0000000140359d60     libsrtp-x86_64-x64-vc14-release:srtp.obj
 0004:00005d6c       $pdata$2$srtp_stream_free  0000000140359d6c     libsrtp-x86_64-x64-vc14-release:srtp.obj
 0004:00005d78       $pdata$3$srtp_stream_free  0000000140359d78     libsrtp-x86_64-x64-vc14-release:srtp.obj
 0004:00005d84       $pdata$srtp_stream_init    0000000140359d84     libsrtp-x86_64-x64-vc14-release:srtp.obj
 0004:00005d90       $pdata$0$srtp_stream_init  0000000140359d90     libsrtp-x86_64-x64-vc14-release:srtp.obj
 0004:00005d9c       $pdata$2$srtp_stream_init  0000000140359d9c     libsrtp-x86_64-x64-vc14-release:srtp.obj
 0004:00005da8       $pdata$3$srtp_stream_init  0000000140359da8     libsrtp-x86_64-x64-vc14-release:srtp.obj
 0004:00005db4       $pdata$4$srtp_stream_init  0000000140359db4     libsrtp-x86_64-x64-vc14-release:srtp.obj
 0004:00005dc0       $pdata$6$srtp_stream_init  0000000140359dc0     libsrtp-x86_64-x64-vc14-release:srtp.obj
 0004:00005dcc       $pdata$7$srtp_stream_init  0000000140359dcc     libsrtp-x86_64-x64-vc14-release:srtp.obj
 0004:00005dd8       $pdata$srtp_stream_init_all_master_keys 0000000140359dd8     libsrtp-x86_64-x64-vc14-release:srtp.obj
 0004:00005de4       $pdata$srtp_stream_init_keys 0000000140359de4     libsrtp-x86_64-x64-vc14-release:srtp.obj
 0004:00005df0       $pdata$2$srtp_stream_init_keys 0000000140359df0     libsrtp-x86_64-x64-vc14-release:srtp.obj
 0004:00005dfc       $pdata$3$srtp_stream_init_keys 0000000140359dfc     libsrtp-x86_64-x64-vc14-release:srtp.obj
 0004:00005e08       $pdata$4$srtp_stream_init_keys 0000000140359e08     libsrtp-x86_64-x64-vc14-release:srtp.obj
 0004:00005e14       $pdata$srtp_unprotect_aead 0000000140359e14     libsrtp-x86_64-x64-vc14-release:srtp.obj
 0004:00005e20       $pdata$srtp_unprotect_mki  0000000140359e20     libsrtp-x86_64-x64-vc14-release:srtp.obj
 0004:00005e2c       $pdata$1$srtp_unprotect_mki 0000000140359e2c     libsrtp-x86_64-x64-vc14-release:srtp.obj
 0004:00005e38       $pdata$2$srtp_unprotect_mki 0000000140359e38     libsrtp-x86_64-x64-vc14-release:srtp.obj
 0004:00005e44       $pdata$srtp_unprotect_rtcp_aead 0000000140359e44     libsrtp-x86_64-x64-vc14-release:srtp.obj
 0004:00005e50       $pdata$srtp_unprotect_rtcp_mki 0000000140359e50     libsrtp-x86_64-x64-vc14-release:srtp.obj
 0004:00005e5c       $pdata$0$srtp_unprotect_rtcp_mki 0000000140359e5c     libsrtp-x86_64-x64-vc14-release:srtp.obj
 0004:00005e68       $pdata$1$srtp_unprotect_rtcp_mki 0000000140359e68     libsrtp-x86_64-x64-vc14-release:srtp.obj
 0004:00005e74       $pdata$2$srtp_unprotect_rtcp_mki 0000000140359e74     libsrtp-x86_64-x64-vc14-release:srtp.obj
 0004:00005e80       $pdata$3$srtp_unprotect_rtcp_mki 0000000140359e80     libsrtp-x86_64-x64-vc14-release:srtp.obj
 0004:00005e8c       $pdata$4$srtp_unprotect_rtcp_mki 0000000140359e8c     libsrtp-x86_64-x64-vc14-release:srtp.obj
 0004:00005e98       $pdata$5$srtp_unprotect_rtcp_mki 0000000140359e98     libsrtp-x86_64-x64-vc14-release:srtp.obj
 0004:00005ea4       $pdata$srtp_validate_rtp_header 0000000140359ea4     libsrtp-x86_64-x64-vc14-release:srtp.obj
 0004:00005eb0       $pdata$0$srtp_validate_rtp_header 0000000140359eb0     libsrtp-x86_64-x64-vc14-release:srtp.obj
 0004:00005ebc       $pdata$2$srtp_validate_rtp_header 0000000140359ebc     libsrtp-x86_64-x64-vc14-release:srtp.obj
 0004:00005ec8       $pdata$srtp_crypto_alloc   0000000140359ec8     libsrtp-x86_64-x64-vc14-release:alloc.obj
 0004:00005ed4       $pdata$srtp_crypto_free    0000000140359ed4     libsrtp-x86_64-x64-vc14-release:alloc.obj
 0004:00005ee0       $pdata$bitvector_alloc     0000000140359ee0     libsrtp-x86_64-x64-vc14-release:datatypes.obj
 0004:00005eec       $pdata$bitvector_dealloc   0000000140359eec     libsrtp-x86_64-x64-vc14-release:datatypes.obj
 0004:00005ef8       $pdata$bitvector_left_shift 0000000140359ef8     libsrtp-x86_64-x64-vc14-release:datatypes.obj
 0004:00005f04       $pdata$2$bitvector_left_shift 0000000140359f04     libsrtp-x86_64-x64-vc14-release:datatypes.obj
 0004:00005f10       $pdata$3$bitvector_left_shift 0000000140359f10     libsrtp-x86_64-x64-vc14-release:datatypes.obj
 0004:00005f1c       $pdata$6$bitvector_left_shift 0000000140359f1c     libsrtp-x86_64-x64-vc14-release:datatypes.obj
 0004:00005f28       $pdata$7$bitvector_left_shift 0000000140359f28     libsrtp-x86_64-x64-vc14-release:datatypes.obj
 0004:00005f34       $pdata$8$bitvector_left_shift 0000000140359f34     libsrtp-x86_64-x64-vc14-release:datatypes.obj
 0004:00005f40       $pdata$9$bitvector_left_shift 0000000140359f40     libsrtp-x86_64-x64-vc14-release:datatypes.obj
 0004:00005f4c       $pdata$octet_string_is_eq  0000000140359f4c     libsrtp-x86_64-x64-vc14-release:datatypes.obj
 0004:00005f58       $pdata$srtp_octet_string_hex_string 0000000140359f58     libsrtp-x86_64-x64-vc14-release:datatypes.obj
 0004:00005f64       $pdata$v128_hex_string     0000000140359f64     libsrtp-x86_64-x64-vc14-release:datatypes.obj
 0004:00005f70       $pdata$v128_left_shift     0000000140359f70     libsrtp-x86_64-x64-vc14-release:datatypes.obj
 0004:00005f7c       $pdata$2$v128_left_shift   0000000140359f7c     libsrtp-x86_64-x64-vc14-release:datatypes.obj
 0004:00005f88       $pdata$6$v128_left_shift   0000000140359f88     libsrtp-x86_64-x64-vc14-release:datatypes.obj
 0004:00005f94       $pdata$7$v128_left_shift   0000000140359f94     libsrtp-x86_64-x64-vc14-release:datatypes.obj
 0004:00005fa0       $pdata$8$v128_left_shift   0000000140359fa0     libsrtp-x86_64-x64-vc14-release:datatypes.obj
 0004:00005fac       $pdata$srtp_err_report     0000000140359fac     libsrtp-x86_64-x64-vc14-release:srtp_err.obj
 0004:00005fb8       $pdata$srtp_rdbx_add_index 0000000140359fb8     libsrtp-x86_64-x64-vc14-release:rdbx.obj
 0004:00005fc4       $pdata$0$srtp_rdbx_add_index 0000000140359fc4     libsrtp-x86_64-x64-vc14-release:rdbx.obj
 0004:00005fd0       $pdata$1$srtp_rdbx_add_index 0000000140359fd0     libsrtp-x86_64-x64-vc14-release:rdbx.obj
 0004:00005fdc       $pdata$srtp_rdbx_dealloc   0000000140359fdc     libsrtp-x86_64-x64-vc14-release:rdbx.obj
 0004:00005fe8       $pdata$srtp_rdbx_init      0000000140359fe8     libsrtp-x86_64-x64-vc14-release:rdbx.obj
 0004:00005ff4       $pdata$srtp_rdbx_set_roc   0000000140359ff4     libsrtp-x86_64-x64-vc14-release:rdbx.obj
 0004:00006000       $pdata$srtp_rdbx_set_roc_seq 000000014035a000     libsrtp-x86_64-x64-vc14-release:rdbx.obj
 0004:0000600c       $pdata$srtp_rdb_add_index  000000014035a00c     libsrtp-x86_64-x64-vc14-release:rdb.obj
 0004:00006018       $pdata$srtp_cipher_output  000000014035a018     libsrtp-x86_64-x64-vc14-release:cipher.obj
 0004:00006024       $pdata$srtp_crypto_kernel_alloc_auth 000000014035a024     libsrtp-x86_64-x64-vc14-release:crypto_kernel.obj
 0004:00006030       $pdata$srtp_crypto_kernel_alloc_cipher 000000014035a030     libsrtp-x86_64-x64-vc14-release:crypto_kernel.obj
 0004:0000603c       $pdata$srtp_ekt_write_data 000000014035a03c     libsrtp-x86_64-x64-vc14-release:ekt.obj
 0004:00006048       $pdata$0$srtp_ekt_write_data 000000014035a048     libsrtp-x86_64-x64-vc14-release:ekt.obj
 0004:00006054       $pdata$1$srtp_ekt_write_data 000000014035a054     libsrtp-x86_64-x64-vc14-release:ekt.obj
 0004:00006060       $pdata$2$srtp_ekt_write_data 000000014035a060     libsrtp-x86_64-x64-vc14-release:ekt.obj
 0004:0000606c       $pdata$3$srtp_ekt_write_data 000000014035a06c     libsrtp-x86_64-x64-vc14-release:ekt.obj
 0004:00006078       $pdata$srtp_stream_init_from_ekt 000000014035a078     libsrtp-x86_64-x64-vc14-release:ekt.obj
 0004:00006084       $pdata$srtp_null_cipher_alloc 000000014035a084     libsrtp-x86_64-x64-vc14-release:null_cipher.obj
 0004:00006090       $pdata$srtp_null_cipher_dealloc 000000014035a090     libsrtp-x86_64-x64-vc14-release:null_cipher.obj
 0004:0000609c       $pdata$srtp_null_cipher_init 000000014035a09c     libsrtp-x86_64-x64-vc14-release:null_cipher.obj
 0004:000060a8       $pdata$srtp_aes_icm_alloc  000000014035a0a8     libsrtp-x86_64-x64-vc14-release:aes_icm.obj
 0004:000060b4       $pdata$0$srtp_aes_icm_alloc 000000014035a0b4     libsrtp-x86_64-x64-vc14-release:aes_icm.obj
 0004:000060c0       $pdata$2$srtp_aes_icm_alloc 000000014035a0c0     libsrtp-x86_64-x64-vc14-release:aes_icm.obj
 0004:000060cc       $pdata$srtp_aes_icm_dealloc 000000014035a0cc     libsrtp-x86_64-x64-vc14-release:aes_icm.obj
 0004:000060d8       $pdata$srtp_aes_icm_context_init 000000014035a0d8     libsrtp-x86_64-x64-vc14-release:aes_icm.obj
 0004:000060e4       $pdata$4$srtp_aes_icm_context_init 000000014035a0e4     libsrtp-x86_64-x64-vc14-release:aes_icm.obj
 0004:000060f0       $pdata$5$srtp_aes_icm_context_init 000000014035a0f0     libsrtp-x86_64-x64-vc14-release:aes_icm.obj
 0004:000060fc       $pdata$6$srtp_aes_icm_context_init 000000014035a0fc     libsrtp-x86_64-x64-vc14-release:aes_icm.obj
 0004:00006108       $pdata$8$srtp_aes_icm_context_init 000000014035a108     libsrtp-x86_64-x64-vc14-release:aes_icm.obj
 0004:00006114       $pdata$srtp_aes_icm_set_iv 000000014035a114     libsrtp-x86_64-x64-vc14-release:aes_icm.obj
 0004:00006120       $pdata$srtp_aes_icm_encrypt 000000014035a120     libsrtp-x86_64-x64-vc14-release:aes_icm.obj
 0004:0000612c       $pdata$0$srtp_aes_icm_encrypt 000000014035a12c     libsrtp-x86_64-x64-vc14-release:aes_icm.obj
 0004:00006138       $pdata$3$srtp_aes_icm_encrypt 000000014035a138     libsrtp-x86_64-x64-vc14-release:aes_icm.obj
 0004:00006144       $pdata$4$srtp_aes_icm_encrypt 000000014035a144     libsrtp-x86_64-x64-vc14-release:aes_icm.obj
 0004:00006150       $pdata$5$srtp_aes_icm_encrypt 000000014035a150     libsrtp-x86_64-x64-vc14-release:aes_icm.obj
 0004:0000615c       $pdata$srtp_aes_icm_advance 000000014035a15c     libsrtp-x86_64-x64-vc14-release:aes_icm.obj
 0004:00006168       $pdata$srtp_null_auth_alloc 000000014035a168     libsrtp-x86_64-x64-vc14-release:null_auth.obj
 0004:00006174       $pdata$srtp_null_auth_dealloc 000000014035a174     libsrtp-x86_64-x64-vc14-release:null_auth.obj
 0004:00006180       $pdata$srtp_hmac_alloc     000000014035a180     libsrtp-x86_64-x64-vc14-release:hmac.obj
 0004:0000618c       $pdata$srtp_hmac_dealloc   000000014035a18c     libsrtp-x86_64-x64-vc14-release:hmac.obj
 0004:00006198       $pdata$srtp_hmac_init      000000014035a198     libsrtp-x86_64-x64-vc14-release:hmac.obj
 0004:000061a4       $pdata$2$srtp_hmac_init    000000014035a1a4     libsrtp-x86_64-x64-vc14-release:hmac.obj
 0004:000061b0       $pdata$3$srtp_hmac_init    000000014035a1b0     libsrtp-x86_64-x64-vc14-release:hmac.obj
 0004:000061bc       $pdata$srtp_hmac_update    000000014035a1bc     libsrtp-x86_64-x64-vc14-release:hmac.obj
 0004:000061c8       $pdata$srtp_hmac_compute   000000014035a1c8     libsrtp-x86_64-x64-vc14-release:hmac.obj
 0004:000061d4       $pdata$0$srtp_hmac_compute 000000014035a1d4     libsrtp-x86_64-x64-vc14-release:hmac.obj
 0004:000061e0       $pdata$1$srtp_hmac_compute 000000014035a1e0     libsrtp-x86_64-x64-vc14-release:hmac.obj
 0004:000061ec       $pdata$aes_128_expand_encryption_key 000000014035a1ec     libsrtp-x86_64-x64-vc14-release:aes.obj
 0004:000061f8       $pdata$aes_256_expand_encryption_key 000000014035a1f8     libsrtp-x86_64-x64-vc14-release:aes.obj
 0004:00006204       $pdata$aes_inv_round       000000014035a204     libsrtp-x86_64-x64-vc14-release:aes.obj
 0004:00006210       $pdata$aes_round           000000014035a210     libsrtp-x86_64-x64-vc14-release:aes.obj
 0004:0000621c       $pdata$srtp_aes_decrypt    000000014035a21c     libsrtp-x86_64-x64-vc14-release:aes.obj
 0004:00006228       $pdata$srtp_aes_encrypt    000000014035a228     libsrtp-x86_64-x64-vc14-release:aes.obj
 0004:00006234       $pdata$srtp_aes_expand_decryption_key 000000014035a234     libsrtp-x86_64-x64-vc14-release:aes.obj
 0004:00006240       $pdata$0$srtp_aes_expand_decryption_key 000000014035a240     libsrtp-x86_64-x64-vc14-release:aes.obj
 0004:0000624c       $pdata$1$srtp_aes_expand_decryption_key 000000014035a24c     libsrtp-x86_64-x64-vc14-release:aes.obj
 0004:00006258       $pdata$srtp_aes_expand_encryption_key 000000014035a258     libsrtp-x86_64-x64-vc14-release:aes.obj
 0004:00006264       $pdata$srtp_sha1_core      000000014035a264     libsrtp-x86_64-x64-vc14-release:sha1.obj
 0004:00006270       $pdata$srtp_sha1_final     000000014035a270     libsrtp-x86_64-x64-vc14-release:sha1.obj
 0004:0000627c       $pdata$srtp_sha1_update    000000014035a27c     libsrtp-x86_64-x64-vc14-release:sha1.obj
 0004:00006288       $pdata$0$srtp_sha1_update  000000014035a288     libsrtp-x86_64-x64-vc14-release:sha1.obj
 0004:00006294       $pdata$1$srtp_sha1_update  000000014035a294     libsrtp-x86_64-x64-vc14-release:sha1.obj
 0004:000062a0       $pdata$__raise_securityfailure 000000014035a2a0     MSVCRT:gs_report.obj
 0004:000062ac       $pdata$__report_gsfailure  000000014035a2ac     MSVCRT:gs_report.obj
 0004:000062b8       $pdata$__report_rangecheckfailure 000000014035a2b8     MSVCRT:gs_report.obj
 0004:000062c4       $pdata$__report_securityfailure 000000014035a2c4     MSVCRT:gs_report.obj
 0004:000062d0       $pdata$capture_current_context 000000014035a2d0     MSVCRT:gs_report.obj
 0004:000062dc       $pdata$capture_previous_context 000000014035a2dc     MSVCRT:gs_report.obj
 0004:000062e8       $pdata$__GSHandlerCheck    000000014035a2e8     MSVCRT:_gshandler_.obj
 0004:000062f4       $pdata$__GSHandlerCheckCommon 000000014035a2f4     MSVCRT:_gshandler_.obj
 0004:0000630c       $pdata$?pre_c_initialization@@YAHXZ 000000014035a30c     MSVCRT:exe_main.obj
 0004:00006318       $pdata$?post_pgo_initialization@@YAHXZ 000000014035a318     MSVCRT:exe_main.obj
 0004:00006324       $pdata$?pre_cpp_initialization@@YAXXZ 000000014035a324     MSVCRT:exe_main.obj
 0004:00006330       $pdata$?__scrt_common_main_seh@@YAHXZ 000000014035a330     MSVCRT:exe_main.obj
 0004:0000633c       $pdata$mainCRTStartup      000000014035a33c     MSVCRT:exe_main.obj
 0004:00006348       $pdata$__isa_available_init 000000014035a348     MSVCRT:_cpu_disp_.obj
 0004:00006360       $pdata$__scrt_acquire_startup_lock 000000014035a360     MSVCRT:utility.obj
 0004:0000636c       $pdata$__scrt_initialize_crt 000000014035a36c     MSVCRT:utility.obj
 0004:00006378       $pdata$__scrt_initialize_onexit_tables 000000014035a378     MSVCRT:utility.obj
 0004:00006384       $pdata$__scrt_is_nonwritable_in_current_image 000000014035a384     MSVCRT:utility.obj
 0004:00006390       $pdata$__scrt_release_startup_lock 000000014035a390     MSVCRT:utility.obj
 0004:0000639c       $pdata$__scrt_uninitialize_crt 000000014035a39c     MSVCRT:utility.obj
 0004:000063a8       $pdata$_onexit             000000014035a3a8     MSVCRT:utility.obj
 0004:000063b4       $pdata$atexit              000000014035a3b4     MSVCRT:utility.obj
 0004:000063c0       $pdata$__security_init_cookie 000000014035a3c0     MSVCRT:gs_support.obj
 0004:000063cc       $pdata$__scrt_initialize_default_local_stdio_options 000000014035a3cc     MSVCRT:default_local_stdio_options.obj
 0004:000063d8       $pdata$__scrt_fastfail     000000014035a3d8     MSVCRT:utility_desktop.obj
 0004:000063e4       $pdata$__scrt_is_managed_app 000000014035a3e4     MSVCRT:utility_desktop.obj
 0004:000063f0       $pdata$__scrt_unhandled_exception_filter 000000014035a3f0     MSVCRT:utility_desktop.obj
 0004:000063fc       $pdata$_RTC_Initialize     000000014035a3fc     MSVCRT:_initsect_.obj
 0004:00006408       $pdata$_RTC_Terminate      000000014035a408     MSVCRT:_initsect_.obj
 0004:00006438       $pdata$?filt$0@?0??__scrt_common_main_seh@@YAHXZ@4HA 000000014035a438     MSVCRT:exe_main.obj
 0004:00006444       $pdata$__scrt_is_nonwritable_in_current_image$filt$0 000000014035a444     MSVCRT:utility.obj
 0005:00000000       __guard_fids__             000000014035b000     MSVCRT:exe_main.obj
 0005:00000004       __guard_fids__             000000014035b004     MSVCRT:exe_main.obj
 0005:00000008       __guard_fids__             000000014035b008     MSVCRT:exe_main.obj
 0005:0000000c       __guard_fids_?pre_c_initialization@@YAHXZ 000000014035b00c     MSVCRT:exe_main.obj
 0005:00000014       __guard_fids___scrt_set_unhandled_exception_filter 000000014035b014     MSVCRT:utility_desktop.obj
 0005:00000018       __guard_fids__             000000014035b018     MSVCRT:guard_support.obj
 0006:00000000       __spec_table               000000014035c000     MSVCRT:_svml_dcos2_sse2_.obj
 0006:00000980       dbA1                       000000014035c980     MSVCRT:_svml_dcos2_sse2_.obj
 0006:00000990       dbA2                       000000014035c990     MSVCRT:_svml_dcos2_sse2_.obj
 0006:000009a0       dbA3                       000000014035c9a0     MSVCRT:_svml_dcos2_sse2_.obj
 0006:000009b0       dbA4                       000000014035c9b0     MSVCRT:_svml_dcos2_sse2_.obj
 0006:000009c0       dbA5                       000000014035c9c0     MSVCRT:_svml_dcos2_sse2_.obj
 0006:000009d0       dbA6                       000000014035c9d0     MSVCRT:_svml_dcos2_sse2_.obj
 0006:000009e0       dbA7                       000000014035c9e0     MSVCRT:_svml_dcos2_sse2_.obj
 0006:000009f0       dbA8                       000000014035c9f0     MSVCRT:_svml_dcos2_sse2_.obj
 0006:00000a00       dbPi4                      000000014035ca00     MSVCRT:_svml_dcos2_sse2_.obj
 0006:00000a10       dbPi3                      000000014035ca10     MSVCRT:_svml_dcos2_sse2_.obj
 0006:00000a20       db05                       000000014035ca20     MSVCRT:_svml_dcos2_sse2_.obj
 0006:00000a30       dbHUGE                     000000014035ca30     MSVCRT:_svml_dcos2_sse2_.obj
 0006:00000a40       iABSMASK                   000000014035ca40     MSVCRT:_svml_dcos2_sse2_.obj
 0006:00000a50       dbPi2                      000000014035ca50     MSVCRT:_svml_dcos2_sse2_.obj
 0006:00000a60       dbInvPi                    000000014035ca60     MSVCRT:_svml_dcos2_sse2_.obj
 0006:00000a70       dbPi1                      000000014035ca70     MSVCRT:_svml_dcos2_sse2_.obj
 0006:00000a80       dbNegRS                    000000014035ca80     MSVCRT:_svml_dcos2_sse2_.obj
 0006:00000a90       dbPio2                     000000014035ca90     MSVCRT:_svml_dcos2_sse2_.obj
 0006:00000aa0       MMISIGNMASK                000000014035caa0     MSVCRT:_svml_dcos2_sse2_.obj
 0006:00000ab0       PI02C_4                    000000014035cab0     MSVCRT:_svml_dcos2_sse2_.obj
 0006:00000ac0       PI02C_3                    000000014035cac0     MSVCRT:_svml_dcos2_sse2_.obj
 0006:00000ad0       PI02C_2                    000000014035cad0     MSVCRT:_svml_dcos2_sse2_.obj
 0006:00000ae0       PI02C_1                    000000014035cae0     MSVCRT:_svml_dcos2_sse2_.obj
 0006:00000af0       PI02C_0                    000000014035caf0     MSVCRT:_svml_dcos2_sse2_.obj
 0006:00000b00       RS                         000000014035cb00     MSVCRT:_svml_dcos2_sse2_.obj
 0006:00000b10       MMI_ONE                    000000014035cb10     MSVCRT:_svml_dcos2_sse2_.obj
 0006:00000b20       THE_PI02_INV               000000014035cb20     MSVCRT:_svml_dcos2_sse2_.obj
 0006:00000b30       flAllOnes                  000000014035cb30     MSVCRT:_svml_dcos2_sse2_.obj
 0006:00000b40       TWO_POW_30                 000000014035cb40     MSVCRT:_svml_dcos2_sse2_.obj
