 stateless_proxy

 Timestamp is 5f95b14c (Sun Oct 25 18:09:32 2020)

 Preferred load address is 0000000140000000

 Start         Length     Name                   Class
 0001:00000000 000276d0H .text$mn                CODE
 0001:000276d0 00000012H .text$mn$00             CODE
 0001:000276e2 00000036H .text$x                 CODE
 0002:00000000 00000428H .idata$5                DATA
 0002:00000428 00000010H .00cfg                  DATA
 0002:00000438 00000008H .CRT$XCA                DATA
 0002:00000440 00000008H .CRT$XCAA               DATA
 0002:00000448 00000008H .CRT$XCZ                DATA
 0002:00000450 00000008H .CRT$XIA                DATA
 0002:00000458 00000008H .CRT$XIAA               DATA
 0002:00000460 00000008H .CRT$XIAC               DATA
 0002:00000468 00000008H .CRT$XIZ                DATA
 0002:00000470 00000008H .CRT$XPA                DATA
 0002:00000478 00000008H .CRT$XPZ                DATA
 0002:00000480 00000008H .CRT$XTA                DATA
 0002:00000488 00000008H .CRT$XTZ                DATA
 0002:00000490 00006c64H .rdata                  DATA
 0002:000070f4 0000025cH .rdata$zzzdbg           DATA
 0002:00007350 00000008H .rtc$IAA                DATA
 0002:00007358 00000008H .rtc$IZZ                DATA
 0002:00007360 00000008H .rtc$TAA                DATA
 0002:00007368 00000008H .rtc$TZZ                DATA
 0002:00007370 00003494H .xdata                  DATA
 0002:0000a804 00000000H .edata                  DATA
 0002:0000a804 000000f0H .idata$2                DATA
 0002:0000a8f4 00000014H .idata$3                DATA
 0002:0000a908 00000428H .idata$4                DATA
 0002:0000ad30 000007eeH .idata$6                DATA
 0003:00000000 00001480H .data                   DATA
 0003:00001480 000060d0H .bss                    DATA
 0004:00000000 00003048H .pdata                  DATA
 0005:00000000 0000001cH .gfids$y                DATA

  Address         Publics by Value              Rva+Base               Lib:Object

 0000:00000000       __guard_longjmp_count      0000000000000000     <absolute>
 0000:00000000       __guard_iat_count          0000000000000000     <absolute>
 0000:00000000       __guard_fids_count         0000000000000000     <absolute>
 0000:00000000       __guard_iat_table          0000000000000000     <absolute>
 0000:00000000       ___safe_se_handler_table   0000000000000000     <absolute>
 0000:00000000       __guard_longjmp_table      0000000000000000     <absolute>
 0000:00000000       ___safe_se_handler_count   0000000000000000     <absolute>
 0000:00000000       __guard_fids_table         0000000000000000     <absolute>
 0000:00000000       __dynamic_value_reloc_table 0000000000000000     <absolute>
 0000:00000100       __guard_flags              0000000000000100     <absolute>
 0000:00000000       __ImageBase                0000000140000000     <linker-defined>
 0001:000010a0       main                       00000001400020a0 f   stateless_proxy.obj
 0001:000012a0       __local_stdio_printf_options 00000001400022a0 f i stateless_proxy.obj
 0001:000012b0       _snprintf                  00000001400022b0 f i stateless_proxy.obj
 0001:00001310       printf                     0000000140002310 f i stateless_proxy.obj
 0001:000032a0       pjsip_accept_hdr_create    00000001400042a0 f   pjsip-core-x86_64-x64-vc14-release:sip_msg.obj
 0001:000032f0       pjsip_allow_hdr_create     00000001400042f0 f   pjsip-core-x86_64-x64-vc14-release:sip_msg.obj
 0001:00003340       pjsip_cid_hdr_create       0000000140004340 f   pjsip-core-x86_64-x64-vc14-release:sip_msg.obj
 0001:000033b0       pjsip_clen_hdr_create      00000001400043b0 f   pjsip-core-x86_64-x64-vc14-release:sip_msg.obj
 0001:00003420       pjsip_clone_text_data      0000000140004420 f   pjsip-core-x86_64-x64-vc14-release:sip_msg.obj
 0001:00003480       pjsip_contact_hdr_create   0000000140004480 f   pjsip-core-x86_64-x64-vc14-release:sip_msg.obj
 0001:000034b0       pjsip_contact_hdr_init     00000001400044b0 f   pjsip-core-x86_64-x64-vc14-release:sip_msg.obj
 0001:00003540       pjsip_cseq_hdr_create      0000000140004540 f   pjsip-core-x86_64-x64-vc14-release:sip_msg.obj
 0001:000035a0       pjsip_ctype_hdr_create     00000001400045a0 f   pjsip-core-x86_64-x64-vc14-release:sip_msg.obj
 0001:000035d0       pjsip_ctype_hdr_init       00000001400045d0 f   pjsip-core-x86_64-x64-vc14-release:sip_msg.obj
 0001:00003650       pjsip_expires_hdr_create   0000000140004650 f   pjsip-core-x86_64-x64-vc14-release:sip_msg.obj
 0001:000036a0       pjsip_from_hdr_create      00000001400046a0 f   pjsip-core-x86_64-x64-vc14-release:sip_msg.obj
 0001:000036d0       pjsip_from_hdr_init        00000001400046d0 f   pjsip-core-x86_64-x64-vc14-release:sip_msg.obj
 0001:00003750       pjsip_fromto_hdr_set_from  0000000140004750 f   pjsip-core-x86_64-x64-vc14-release:sip_msg.obj
 0001:00003790       pjsip_fromto_hdr_set_to    0000000140004790 f   pjsip-core-x86_64-x64-vc14-release:sip_msg.obj
 0001:000037d0       pjsip_generic_string_hdr_create 00000001400047d0 f   pjsip-core-x86_64-x64-vc14-release:sip_msg.obj
 0001:00003820       pjsip_generic_string_hdr_init 0000000140004820 f   pjsip-core-x86_64-x64-vc14-release:sip_msg.obj
 0001:000038c0       pjsip_get_ack_method       00000001400048c0 f   pjsip-core-x86_64-x64-vc14-release:sip_msg.obj
 0001:000038d0       pjsip_get_status_text      00000001400048d0 f   pjsip-core-x86_64-x64-vc14-release:sip_msg.obj
 0001:00003920       pjsip_hdr_clone            0000000140004920 f   pjsip-core-x86_64-x64-vc14-release:sip_msg.obj
 0001:00003930       pjsip_hdr_print_on         0000000140004930 f   pjsip-core-x86_64-x64-vc14-release:sip_msg.obj
 0001:00003950       pjsip_hdr_shallow_clone    0000000140004950 f   pjsip-core-x86_64-x64-vc14-release:sip_msg.obj
 0001:00003960       pjsip_max_fwd_hdr_create   0000000140004960 f   pjsip-core-x86_64-x64-vc14-release:sip_msg.obj
 0001:000039b0       pjsip_media_type_cp        00000001400049b0 f   pjsip-core-x86_64-x64-vc14-release:sip_msg.obj
 0001:00003a10       pjsip_media_type_init      0000000140004a10 f   pjsip-core-x86_64-x64-vc14-release:sip_msg.obj
 0001:00003a70       pjsip_media_type_print     0000000140004a70 f   pjsip-core-x86_64-x64-vc14-release:sip_msg.obj
 0001:00003a80       pjsip_method_copy          0000000140004a80 f   pjsip-core-x86_64-x64-vc14-release:sip_msg.obj
 0001:00003ab0       pjsip_method_init_np       0000000140004ab0 f   pjsip-core-x86_64-x64-vc14-release:sip_msg.obj
 0001:00003b50       pjsip_min_expires_hdr_create 0000000140004b50 f   pjsip-core-x86_64-x64-vc14-release:sip_msg.obj
 0001:00003ba0       pjsip_msg_body_clone       0000000140004ba0 f   pjsip-core-x86_64-x64-vc14-release:sip_msg.obj
 0001:00003c00       pjsip_msg_body_copy        0000000140004c00 f   pjsip-core-x86_64-x64-vc14-release:sip_msg.obj
 0001:00003ca0       pjsip_msg_create           0000000140004ca0 f   pjsip-core-x86_64-x64-vc14-release:sip_msg.obj
 0001:00003cd0       pjsip_msg_find_hdr         0000000140004cd0 f   pjsip-core-x86_64-x64-vc14-release:sip_msg.obj
 0001:00003d00       pjsip_msg_find_hdr_by_name 0000000140004d00 f   pjsip-core-x86_64-x64-vc14-release:sip_msg.obj
 0001:00003d70       pjsip_msg_print            0000000140004d70 f   pjsip-core-x86_64-x64-vc14-release:sip_msg.obj
 0001:000040d0       pjsip_print_text_body      00000001400050d0 f   pjsip-core-x86_64-x64-vc14-release:sip_msg.obj
 0001:00004110       pjsip_require_hdr_create   0000000140005110 f   pjsip-core-x86_64-x64-vc14-release:sip_msg.obj
 0001:00004160       pjsip_retry_after_hdr_create 0000000140005160 f   pjsip-core-x86_64-x64-vc14-release:sip_msg.obj
 0001:000041d0       pjsip_route_hdr_create     00000001400051d0 f   pjsip-core-x86_64-x64-vc14-release:sip_msg.obj
 0001:00004240       pjsip_rr_hdr_create        0000000140005240 f   pjsip-core-x86_64-x64-vc14-release:sip_msg.obj
 0001:000042b0       pjsip_supported_hdr_create 00000001400052b0 f   pjsip-core-x86_64-x64-vc14-release:sip_msg.obj
 0001:00004320       pjsip_to_hdr_create        0000000140005320 f   pjsip-core-x86_64-x64-vc14-release:sip_msg.obj
 0001:00004350       pjsip_to_hdr_init          0000000140005350 f   pjsip-core-x86_64-x64-vc14-release:sip_msg.obj
 0001:000043d0       pjsip_unsupported_hdr_create 00000001400053d0 f   pjsip-core-x86_64-x64-vc14-release:sip_msg.obj
 0001:00004420       pjsip_via_hdr_create       0000000140005420 f   pjsip-core-x86_64-x64-vc14-release:sip_msg.obj
 0001:00004450       pjsip_via_hdr_init         0000000140005450 f   pjsip-core-x86_64-x64-vc14-release:sip_msg.obj
 0001:00004840       pjsip_rx_data_get_info     0000000140005840 f   pjsip-core-x86_64-x64-vc14-release:sip_transport.obj
 0001:000048f0       pjsip_tpmgr_acquire_transport2 00000001400058f0 f   pjsip-core-x86_64-x64-vc14-release:sip_transport.obj
 0001:00004ca0       pjsip_tpmgr_create         0000000140005ca0 f   pjsip-core-x86_64-x64-vc14-release:sip_transport.obj
 0001:00004e50       pjsip_tpmgr_destroy        0000000140005e50 f   pjsip-core-x86_64-x64-vc14-release:sip_transport.obj
 0001:00004fa0       pjsip_tpmgr_dump_transports 0000000140005fa0 f   pjsip-core-x86_64-x64-vc14-release:sip_transport.obj
 0001:000051d0       pjsip_tpmgr_receive_packet 00000001400061d0 f   pjsip-core-x86_64-x64-vc14-release:sip_transport.obj
 0001:000056d0       pjsip_tpselector_dec_ref   00000001400066d0 f   pjsip-core-x86_64-x64-vc14-release:sip_transport.obj
 0001:000056f0       pjsip_transport_add_ref    00000001400066f0 f   pjsip-core-x86_64-x64-vc14-release:sip_transport.obj
 0001:00005810       pjsip_transport_add_state_listener 0000000140006810 f   pjsip-core-x86_64-x64-vc14-release:sip_transport.obj
 0001:00005930       pjsip_transport_dec_ref    0000000140006930 f   pjsip-core-x86_64-x64-vc14-release:sip_transport.obj
 0001:00005ad0       pjsip_transport_destroy    0000000140006ad0 f   pjsip-core-x86_64-x64-vc14-release:sip_transport.obj
 0001:00005b40       pjsip_transport_get_default_port_for_type 0000000140006b40 f   pjsip-core-x86_64-x64-vc14-release:sip_transport.obj
 0001:00005b70       pjsip_transport_get_flag_from_type 0000000140006b70 f   pjsip-core-x86_64-x64-vc14-release:sip_transport.obj
 0001:00005ba0       pjsip_transport_get_type_desc 0000000140006ba0 f   pjsip-core-x86_64-x64-vc14-release:sip_transport.obj
 0001:00005be0       pjsip_transport_get_type_from_flag 0000000140006be0 f   pjsip-core-x86_64-x64-vc14-release:sip_transport.obj
 0001:00005c20       pjsip_transport_get_type_from_name 0000000140006c20 f   pjsip-core-x86_64-x64-vc14-release:sip_transport.obj
 0001:00005ca0       pjsip_transport_get_type_name 0000000140006ca0 f   pjsip-core-x86_64-x64-vc14-release:sip_transport.obj
 0001:00005ce0       pjsip_transport_register   0000000140006ce0 f   pjsip-core-x86_64-x64-vc14-release:sip_transport.obj
 0001:00005e30       pjsip_transport_remove_state_listener 0000000140006e30 f   pjsip-core-x86_64-x64-vc14-release:sip_transport.obj
 0001:00005f00       pjsip_transport_send       0000000140006f00 f   pjsip-core-x86_64-x64-vc14-release:sip_transport.obj
 0001:000060a0       pjsip_tx_data_add_ref      00000001400070a0 f   pjsip-core-x86_64-x64-vc14-release:sip_transport.obj
 0001:000060b0       pjsip_tx_data_create       00000001400070b0 f   pjsip-core-x86_64-x64-vc14-release:sip_transport.obj
 0001:000061f0       pjsip_tx_data_dec_ref      00000001400071f0 f   pjsip-core-x86_64-x64-vc14-release:sip_transport.obj
 0001:00006240       pjsip_tx_data_encode       0000000140007240 f   pjsip-core-x86_64-x64-vc14-release:sip_transport.obj
 0001:00006340       pjsip_tx_data_get_info     0000000140007340 f   pjsip-core-x86_64-x64-vc14-release:sip_transport.obj
 0001:000063b0       pjsip_tx_data_invalidate_msg 00000001400073b0 f   pjsip-core-x86_64-x64-vc14-release:sip_transport.obj
 0001:000068d0       pjsip_endpt_acquire_transport2 00000001400078d0 f   pjsip-core-x86_64-x64-vc14-release:sip_endpoint.obj
 0001:000068e0       pjsip_endpt_atexit         00000001400078e0 f   pjsip-core-x86_64-x64-vc14-release:sip_endpoint.obj
 0001:00006960       pjsip_endpt_cancel_timer   0000000140007960 f   pjsip-core-x86_64-x64-vc14-release:sip_endpoint.obj
 0001:00006990       pjsip_endpt_create         0000000140007990 f   pjsip-core-x86_64-x64-vc14-release:sip_endpoint.obj
 0001:00006c90       pjsip_endpt_create_pool    0000000140007c90 f   pjsip-core-x86_64-x64-vc14-release:sip_endpoint.obj
 0001:00006cf0       pjsip_endpt_create_tdata   0000000140007cf0 f   pjsip-core-x86_64-x64-vc14-release:sip_endpoint.obj
 0001:00006d00       pjsip_endpt_destroy        0000000140007d00 f   pjsip-core-x86_64-x64-vc14-release:sip_endpoint.obj
 0001:00006e80       pjsip_endpt_dump           0000000140007e80 f   pjsip-core-x86_64-x64-vc14-release:sip_endpoint.obj
 0001:00006f70       pjsip_endpt_get_ioqueue    0000000140007f70 f   pjsip-core-x86_64-x64-vc14-release:sip_endpoint.obj
 0001:00006f80       pjsip_endpt_get_request_headers 0000000140007f80 f   pjsip-core-x86_64-x64-vc14-release:sip_endpoint.obj
 0001:00006f90       pjsip_endpt_get_timer_heap 0000000140007f90 f   pjsip-core-x86_64-x64-vc14-release:sip_endpoint.obj
 0001:00006fa0       pjsip_endpt_get_tpmgr      0000000140007fa0 f   pjsip-core-x86_64-x64-vc14-release:sip_endpoint.obj
 0001:00006fb0       pjsip_endpt_handle_events  0000000140007fb0 f   pjsip-core-x86_64-x64-vc14-release:sip_endpoint.obj
 0001:00006fc0       pjsip_endpt_handle_events2 0000000140007fc0 f   pjsip-core-x86_64-x64-vc14-release:sip_endpoint.obj
 0001:000070c0       pjsip_endpt_log_error      00000001400080c0 f   pjsip-core-x86_64-x64-vc14-release:sip_endpoint.obj
 0001:00007200       pjsip_endpt_process_rx_data 0000000140008200 f   pjsip-core-x86_64-x64-vc14-release:sip_endpoint.obj
 0001:000073d0       pjsip_endpt_register_module 00000001400083d0 f   pjsip-core-x86_64-x64-vc14-release:sip_endpoint.obj
 0001:00007520       pjsip_endpt_release_pool   0000000140008520 f   pjsip-core-x86_64-x64-vc14-release:sip_endpoint.obj
 0001:00007540       pjsip_endpt_resolve        0000000140008540 f   pjsip-core-x86_64-x64-vc14-release:sip_endpoint.obj
 0001:00007550       pjsip_endpt_schedule_timer_w_grp_lock_dbg 0000000140008550 f   pjsip-core-x86_64-x64-vc14-release:sip_endpoint.obj
 0001:000075a0       pjsip_endpt_unregister_module 00000001400085a0 f   pjsip-core-x86_64-x64-vc14-release:sip_endpoint.obj
 0001:00007990       pjsip_endpt_create_ack     0000000140008990 f   pjsip-core-x86_64-x64-vc14-release:sip_util.obj
 0001:00007c00       pjsip_endpt_create_request_from_hdr 0000000140008c00 f   pjsip-core-x86_64-x64-vc14-release:sip_util.obj
 0001:00007e90       pjsip_endpt_create_response 0000000140008e90 f   pjsip-core-x86_64-x64-vc14-release:sip_util.obj
 0001:00008150       pjsip_endpt_respond_stateless 0000000140009150 f   pjsip-core-x86_64-x64-vc14-release:sip_util.obj
 0001:000082d0       pjsip_endpt_send_request_stateless 00000001400092d0 f   pjsip-core-x86_64-x64-vc14-release:sip_util.obj
 0001:000083f0       pjsip_endpt_send_response  00000001400093f0 f   pjsip-core-x86_64-x64-vc14-release:sip_util.obj
 0001:00008520       pjsip_event_str            0000000140009520 f   pjsip-core-x86_64-x64-vc14-release:sip_util.obj
 0001:00008530       pjsip_get_dest_info        0000000140009530 f   pjsip-core-x86_64-x64-vc14-release:sip_util.obj
 0001:000086f0       pjsip_get_response_addr    00000001400096f0 f   pjsip-core-x86_64-x64-vc14-release:sip_util.obj
 0001:00008840       pjsip_process_route_set    0000000140009840 f   pjsip-core-x86_64-x64-vc14-release:sip_util.obj
 0001:00008a70       pjsip_restore_strict_route_set 0000000140009a70 f   pjsip-core-x86_64-x64-vc14-release:sip_util.obj
 0001:00009390       pjsip_calculate_branch_id  000000014000a390 f   pjsip-core-x86_64-x64-vc14-release:sip_util_proxy.obj
 0001:00009550       pjsip_endpt_create_request_fwd 000000014000a550 f   pjsip-core-x86_64-x64-vc14-release:sip_util_proxy.obj
 0001:000097e0       pjsip_endpt_create_response_fwd 000000014000a7e0 f   pjsip-core-x86_64-x64-vc14-release:sip_util_proxy.obj
 0001:00009bb0       pjsip_udp_transport_restart2 000000014000abb0 f   pjsip-core-x86_64-x64-vc14-release:sip_transport_udp.obj
 0001:00009df0       pjsip_udp_transport_start  000000014000adf0 f   pjsip-core-x86_64-x64-vc14-release:sip_transport_udp.obj
 0001:00009ec0       pjsip_udp_transport_start2 000000014000aec0 f   pjsip-core-x86_64-x64-vc14-release:sip_transport_udp.obj
 0001:0000bd50       pjsip_name_addr_assign     000000014000cd50 f   pjsip-core-x86_64-x64-vc14-release:sip_uri.obj
 0001:0000bda0       pjsip_name_addr_create     000000014000cda0 f   pjsip-core-x86_64-x64-vc14-release:sip_uri.obj
 0001:0000bdd0       pjsip_name_addr_init       000000014000cdd0 f   pjsip-core-x86_64-x64-vc14-release:sip_uri.obj
 0001:0000bdf0       pjsip_other_uri_create     000000014000cdf0 f   pjsip-core-x86_64-x64-vc14-release:sip_uri.obj
 0001:0000be20       pjsip_param_clone          000000014000ce20 f   pjsip-core-x86_64-x64-vc14-release:sip_uri.obj
 0001:0000bec0       pjsip_param_cmp            000000014000cec0 f   pjsip-core-x86_64-x64-vc14-release:sip_uri.obj
 0001:0000bfa0       pjsip_param_find           000000014000cfa0 f   pjsip-core-x86_64-x64-vc14-release:sip_uri.obj
 0001:0000c000       pjsip_param_print_on       000000014000d000 f   pjsip-core-x86_64-x64-vc14-release:sip_uri.obj
 0001:0000c140       pjsip_param_shallow_clone  000000014000d140 f   pjsip-core-x86_64-x64-vc14-release:sip_uri.obj
 0001:0000c1c0       pjsip_sip_uri_assign       000000014000d1c0 f   pjsip-core-x86_64-x64-vc14-release:sip_uri.obj
 0001:0000c2a0       pjsip_sip_uri_create       000000014000d2a0 f   pjsip-core-x86_64-x64-vc14-release:sip_uri.obj
 0001:0000c320       deinit_sip_parser          000000014000d320 f   pjsip-core-x86_64-x64-vc14-release:sip_parser.obj
 0001:0000cca0       init_sip_parser            000000014000dca0 f   pjsip-core-x86_64-x64-vc14-release:sip_parser.obj
 0001:0000f850       pjsip_find_msg             0000000140010850 f   pjsip-core-x86_64-x64-vc14-release:sip_parser.obj
 0001:0000fbd0       pjsip_parse_end_hdr_imp    0000000140010bd0 f   pjsip-core-x86_64-x64-vc14-release:sip_parser.obj
 0001:0000fbf0       pjsip_parse_headers        0000000140010bf0 f   pjsip-core-x86_64-x64-vc14-release:sip_parser.obj
 0001:0000fe80       pjsip_parse_param_imp      0000000140010e80 f   pjsip-core-x86_64-x64-vc14-release:sip_parser.obj
 0001:0000ff70       pjsip_parse_rdata          0000000140010f70 f   pjsip-core-x86_64-x64-vc14-release:sip_parser.obj
 0001:0000fff0       pjsip_parser_const         0000000140010ff0 f   pjsip-core-x86_64-x64-vc14-release:sip_parser.obj
 0001:00010000       pjsip_register_hdr_parser  0000000140011000 f   pjsip-core-x86_64-x64-vc14-release:sip_parser.obj
 0001:000100f0       pjsip_register_uri_parser  00000001400110f0 f   pjsip-core-x86_64-x64-vc14-release:sip_parser.obj
 0001:000104f0       pjsip_resolve              00000001400114f0 f   pjsip-core-x86_64-x64-vc14-release:sip_resolve.obj
 0001:00010b70       pjsip_resolver_create      0000000140011b70 f   pjsip-core-x86_64-x64-vc14-release:sip_resolve.obj
 0001:00010bb0       pjsip_resolver_destroy     0000000140011bb0 f   pjsip-core-x86_64-x64-vc14-release:sip_resolve.obj
 0001:00010dc0       pjsip_strerror             0000000140011dc0 f   pjsip-core-x86_64-x64-vc14-release:sip_errno.obj
 0001:00011350       pjsip_tel_nb_cmp           0000000140012350 f   pjsip-core-x86_64-x64-vc14-release:sip_tel_uri.obj
 0001:00011460       pjsip_tel_uri_subsys_init  0000000140012460 f   pjsip-core-x86_64-x64-vc14-release:sip_tel_uri.obj
 0001:000118f0       _get_startup_thread_locale_mode 00000001400128f0 f   MSVCRT:thread_locale.obj
 0001:000118f0       __scrt_initialize_winrt    00000001400128f0 f   MSVCRT:utility_desktop.obj
 0001:000118f0       _get_startup_new_mode      00000001400128f0 f   MSVCRT:new_mode.obj
 0001:000118f0       _matherr                   00000001400128f0 f   MSVCRT:matherr.obj
 0001:000118f0       _get_startup_commit_mode   00000001400128f0 f   MSVCRT:commit_mode.obj
 0001:000120a0       pjsip_rdata_get_tsx        00000001400130a0 f   pjsip-core-x86_64-x64-vc14-release:sip_transaction.obj
 0001:000120b0       pjsip_tsx_recv_msg         00000001400130b0 f   pjsip-core-x86_64-x64-vc14-release:sip_transaction.obj
 0001:00014f50       pjsip_multipart_add_part   0000000140015f50 f   pjsip-core-x86_64-x64-vc14-release:sip_multipart.obj
 0001:00014fb0       pjsip_multipart_create     0000000140015fb0 f   pjsip-core-x86_64-x64-vc14-release:sip_multipart.obj
 0001:00015120       pjsip_multipart_parse      0000000140016120 f   pjsip-core-x86_64-x64-vc14-release:sip_multipart.obj
 0001:00015a70       pjsip_auth_init_parser     0000000140016a70 f   pjsip-core-x86_64-x64-vc14-release:sip_auth_parser.obj
 0001:00016170       pjsip_authorization_hdr_create 0000000140017170 f   pjsip-core-x86_64-x64-vc14-release:sip_auth_msg.obj
 0001:000161f0       pjsip_proxy_authenticate_hdr_create 00000001400171f0 f   pjsip-core-x86_64-x64-vc14-release:sip_auth_msg.obj
 0001:00016270       pjsip_proxy_authorization_hdr_create 0000000140017270 f   pjsip-core-x86_64-x64-vc14-release:sip_auth_msg.obj
 0001:000162f0       pjsip_www_authenticate_hdr_create 00000001400172f0 f   pjsip-core-x86_64-x64-vc14-release:sip_auth_msg.obj
 0001:00016ed0       pjlib_util_init            0000000140017ed0 f   pjlib-util-x86_64-x64-vc14-release:errno.obj
 0001:00016ef0       pjlib_util_strerror        0000000140017ef0 f   pjlib-util-x86_64-x64-vc14-release:errno.obj
 0001:00017900       pj_getopt_long             0000000140018900 f   pjlib-util-x86_64-x64-vc14-release:getopt.obj
 0001:00017920       pj_str_unescape            0000000140018920 f   pjlib-util-x86_64-x64-vc14-release:string.obj
 0001:00017a50       pj_strncpy2_escape         0000000140018a50 f   pjlib-util-x86_64-x64-vc14-release:string.obj
 0001:00017e20       pj_dns_parse_addr_response 0000000140018e20 f   pjlib-util-x86_64-x64-vc14-release:resolver.obj
 0001:00018140       pj_dns_resolver_cancel_query 0000000140019140 f   pjlib-util-x86_64-x64-vc14-release:resolver.obj
 0001:000181e0       pj_dns_resolver_destroy    00000001400191e0 f   pjlib-util-x86_64-x64-vc14-release:resolver.obj
 0001:000183b0       pj_dns_resolver_dump       00000001400193b0 f   pjlib-util-x86_64-x64-vc14-release:resolver.obj
 0001:00018730       pj_dns_resolver_start_query 0000000140019730 f   pjlib-util-x86_64-x64-vc14-release:resolver.obj
 0001:000198d0       pj_md5_final               000000014001a8d0 f   pjlib-util-x86_64-x64-vc14-release:md5.obj
 0001:00019990       pj_md5_init                000000014001a990 f   pjlib-util-x86_64-x64-vc14-release:md5.obj
 0001:000199c0       pj_md5_update              000000014001a9c0 f   pjlib-util-x86_64-x64-vc14-release:md5.obj
 0001:00019ab0       pj_cis_add_alpha           000000014001aab0 f   pjlib-util-x86_64-x64-vc14-release:scanner.obj
 0001:00019ae0       pj_cis_add_cis             000000014001aae0 f   pjlib-util-x86_64-x64-vc14-release:scanner.obj
 0001:00019b30       pj_cis_add_num             000000014001ab30 f   pjlib-util-x86_64-x64-vc14-release:scanner.obj
 0001:00019b40       pj_cis_add_range           000000014001ab40 f   pjlib-util-x86_64-x64-vc14-release:scanner.obj
 0001:00019c50       pj_cis_add_str             000000014001ac50 f   pjlib-util-x86_64-x64-vc14-release:scanner.obj
 0001:00019c90       pj_cis_buf_init            000000014001ac90 f   pjlib-util-x86_64-x64-vc14-release:scanner.obj
 0001:00019cc0       pj_cis_del_str             000000014001acc0 f   pjlib-util-x86_64-x64-vc14-release:scanner.obj
 0001:00019d00       pj_cis_dup                 000000014001ad00 f   pjlib-util-x86_64-x64-vc14-release:scanner.obj
 0001:00019da0       pj_cis_init                000000014001ada0 f   pjlib-util-x86_64-x64-vc14-release:scanner.obj
 0001:00019de0       pj_cis_invert              000000014001ade0 f   pjlib-util-x86_64-x64-vc14-release:scanner.obj
 0001:00019e30       pj_scan_advance_n          000000014001ae30 f   pjlib-util-x86_64-x64-vc14-release:scanner.obj
 0001:00019e60       pj_scan_fini               000000014001ae60 f   pjlib-util-x86_64-x64-vc14-release:scanner.obj
 0001:00019e80       pj_scan_get                000000014001ae80 f   pjlib-util-x86_64-x64-vc14-release:scanner.obj
 0001:00019ef0       pj_scan_get_char           000000014001aef0 f   pjlib-util-x86_64-x64-vc14-release:scanner.obj
 0001:00019f40       pj_scan_get_n              000000014001af40 f   pjlib-util-x86_64-x64-vc14-release:scanner.obj
 0001:00019f80       pj_scan_get_newline        000000014001af80 f   pjlib-util-x86_64-x64-vc14-release:scanner.obj
 0001:00019fd0       pj_scan_get_quote          000000014001afd0 f   pjlib-util-x86_64-x64-vc14-release:scanner.obj
 0001:0001a0e0       pj_scan_get_until_ch       000000014001b0e0 f   pjlib-util-x86_64-x64-vc14-release:scanner.obj
 0001:0001a130       pj_scan_init               000000014001b130 f   pjlib-util-x86_64-x64-vc14-release:scanner.obj
 0001:0001a1b0       pj_scan_peek               000000014001b1b0 f   pjlib-util-x86_64-x64-vc14-release:scanner.obj
 0001:0001a220       pj_scan_skip_line          000000014001b220 f   pjlib-util-x86_64-x64-vc14-release:scanner.obj
 0001:0001a260       pj_scan_skip_whitespace    000000014001b260 f   pjlib-util-x86_64-x64-vc14-release:scanner.obj
 0001:0001a350       pj_dns_get_type_name       000000014001b350 f   pjlib-util-x86_64-x64-vc14-release:dns.obj
 0001:0001a420       pj_dns_make_query          000000014001b420 f   pjlib-util-x86_64-x64-vc14-release:dns.obj
 0001:0001b5c0       pj_dns_srv_cancel_query    000000014001c5c0 f   pjlib-util-x86_64-x64-vc14-release:srv_resolver.obj
 0001:0001b6a0       pj_dns_srv_resolve         000000014001c6a0 f   pjlib-util-x86_64-x64-vc14-release:srv_resolver.obj
 0001:0001bad0       pj_atexit                  000000014001cad0 f   pjlib-x86_64-x64-vc14-release:os_core_win32.obj
 0001:0001bb00       pj_atomic_create           000000014001cb00 f   pjlib-x86_64-x64-vc14-release:os_core_win32.obj
 0001:0001bb40       pj_atomic_dec_and_get      000000014001cb40 f   pjlib-x86_64-x64-vc14-release:os_core_win32.obj
 0001:0001bba0       pj_atomic_destroy          000000014001cba0 f   pjlib-x86_64-x64-vc14-release:os_core_win32.obj
 0001:0001bbb0       pj_atomic_get              000000014001cbb0 f   pjlib-x86_64-x64-vc14-release:os_core_win32.obj
 0001:0001bc20       pj_atomic_inc              000000014001cc20 f   pjlib-x86_64-x64-vc14-release:os_core_win32.obj
 0001:0001bc30       pj_atomic_inc_and_get      000000014001cc30 f   pjlib-x86_64-x64-vc14-release:os_core_win32.obj
 0001:0001bca0       pj_atomic_set              000000014001cca0 f   pjlib-x86_64-x64-vc14-release:os_core_win32.obj
 0001:0001bd10       pj_enter_critical_section  000000014001cd10 f   pjlib-x86_64-x64-vc14-release:os_core_win32.obj
 0001:0001bd80       pj_init                    000000014001cd80 f   pjlib-x86_64-x64-vc14-release:os_core_win32.obj
 0001:0001bee0       pj_leave_critical_section  000000014001cee0 f   pjlib-x86_64-x64-vc14-release:os_core_win32.obj
 0001:0001bf50       pj_mutex_create            000000014001cf50 f   pjlib-x86_64-x64-vc14-release:os_core_win32.obj
 0001:0001bfd0       pj_mutex_create_simple     000000014001cfd0 f   pjlib-x86_64-x64-vc14-release:os_core_win32.obj
 0001:0001bfd0       pj_mutex_create_recursive  000000014001cfd0 f   pjlib-x86_64-x64-vc14-release:os_core_win32.obj
 0001:0001c050       pj_mutex_destroy           000000014001d050 f   pjlib-x86_64-x64-vc14-release:os_core_win32.obj
 0001:0001c0d0       pj_mutex_lock              000000014001d0d0 f   pjlib-x86_64-x64-vc14-release:os_core_win32.obj
 0001:0001c150       pj_mutex_trylock           000000014001d150 f   pjlib-x86_64-x64-vc14-release:os_core_win32.obj
 0001:0001c1e0       pj_mutex_unlock            000000014001d1e0 f   pjlib-x86_64-x64-vc14-release:os_core_win32.obj
 0001:0001c260       pj_rwmutex_create          000000014001d260 f   pjlib-x86_64-x64-vc14-release:os_core_win32.obj
 0001:0001c320       pj_rwmutex_destroy         000000014001d320 f   pjlib-x86_64-x64-vc14-release:os_core_win32.obj
 0001:0001c360       pj_rwmutex_lock_read       000000014001d360 f   pjlib-x86_64-x64-vc14-release:os_core_win32.obj
 0001:0001c3b0       pj_rwmutex_lock_write      000000014001d3b0 f   pjlib-x86_64-x64-vc14-release:os_core_win32.obj
 0001:0001c3d0       pj_rwmutex_unlock_read     000000014001d3d0 f   pjlib-x86_64-x64-vc14-release:os_core_win32.obj
 0001:0001c420       pj_rwmutex_unlock_write    000000014001d420 f   pjlib-x86_64-x64-vc14-release:os_core_win32.obj
 0001:0001c440       pj_sem_create              000000014001d440 f   pjlib-x86_64-x64-vc14-release:os_core_win32.obj
 0001:0001c5a0       pj_sem_destroy             000000014001d5a0 f   pjlib-x86_64-x64-vc14-release:os_core_win32.obj
 0001:0001c650       pj_sem_post                000000014001d650 f   pjlib-x86_64-x64-vc14-release:os_core_win32.obj
 0001:0001c700       pj_sem_trywait             000000014001d700 f   pjlib-x86_64-x64-vc14-release:os_core_win32.obj
 0001:0001c770       pj_sem_wait                000000014001d770 f   pjlib-x86_64-x64-vc14-release:os_core_win32.obj
 0001:0001c8e0       pj_shutdown                000000014001d8e0 f   pjlib-x86_64-x64-vc14-release:os_core_win32.obj
 0001:0001ca60       pj_term_set_color          000000014001da60 f   pjlib-x86_64-x64-vc14-release:os_core_win32.obj
 0001:0001cb50       pj_thread_check_stack      000000014001db50 f   pjlib-x86_64-x64-vc14-release:os_core_win32.obj
 0001:0001cbb0       pj_thread_create           000000014001dbb0 f   pjlib-x86_64-x64-vc14-release:os_core_win32.obj
 0001:0001cd70       pj_thread_get_name         000000014001dd70 f   pjlib-x86_64-x64-vc14-release:os_core_win32.obj
 0001:0001cde0       pj_thread_init             000000014001dde0 f   pjlib-x86_64-x64-vc14-release:os_core_win32.obj
 0001:0001ce40       pj_thread_join             000000014001de40 f   pjlib-x86_64-x64-vc14-release:os_core_win32.obj
 0001:0001cf40       pj_thread_local_alloc      000000014001df40 f   pjlib-x86_64-x64-vc14-release:os_core_win32.obj
 0001:0001cfb0       pj_thread_local_free       000000014001dfb0 f   pjlib-x86_64-x64-vc14-release:os_core_win32.obj
 0001:0001d010       pj_thread_local_get        000000014001e010 f   pjlib-x86_64-x64-vc14-release:os_core_win32.obj
 0001:0001d020       pj_thread_local_set        000000014001e020 f   pjlib-x86_64-x64-vc14-release:os_core_win32.obj
 0001:0001d070       pj_thread_register         000000014001e070 f   pjlib-x86_64-x64-vc14-release:os_core_win32.obj
 0001:0001d180       pj_thread_sleep            000000014001e180 f   pjlib-x86_64-x64-vc14-release:os_core_win32.obj
 0001:0001d1e0       pj_thread_this             000000014001e1e0 f   pjlib-x86_64-x64-vc14-release:os_core_win32.obj
 0001:0001d2a0       pj_errno_clear_handlers    000000014001e2a0 f   pjlib-x86_64-x64-vc14-release:errno.obj
 0001:0001d2c0       pj_perror                  000000014001e2c0 f   pjlib-x86_64-x64-vc14-release:errno.obj
 0001:0001d2e0       pj_perror_1                000000014001e2e0 f   pjlib-x86_64-x64-vc14-release:errno.obj
 0001:0001d310       pj_perror_2                000000014001e310 f   pjlib-x86_64-x64-vc14-release:errno.obj
 0001:0001d340       pj_perror_3                000000014001e340 f   pjlib-x86_64-x64-vc14-release:errno.obj
 0001:0001d370       pj_perror_4                000000014001e370 f   pjlib-x86_64-x64-vc14-release:errno.obj
 0001:0001d480       pj_register_strerror       000000014001e480 f   pjlib-x86_64-x64-vc14-release:errno.obj
 0001:0001d5a0       pj_strerror                000000014001e5a0 f   pjlib-x86_64-x64-vc14-release:errno.obj
 0001:0001d760       pj_list_erase              000000014001e760 f   pjlib-x86_64-x64-vc14-release:list.obj
 0001:0001d780       pj_list_find_node          000000014001e780 f   pjlib-x86_64-x64-vc14-release:list.obj
 0001:0001d7b0       pj_list_insert_after       000000014001e7b0 f   pjlib-x86_64-x64-vc14-release:list.obj
 0001:0001d7d0       pj_list_insert_before      000000014001e7d0 f   pjlib-x86_64-x64-vc14-release:list.obj
 0001:0001d7f0       pj_list_insert_nodes_before 000000014001e7f0 f   pjlib-x86_64-x64-vc14-release:list.obj
 0001:0001d810       pj_list_search             000000014001e810 f   pjlib-x86_64-x64-vc14-release:list.obj
 0001:0001d870       pj_list_size               000000014001e870 f   pjlib-x86_64-x64-vc14-release:list.obj
 0001:0001d890       pj_gethostname             000000014001e890 f   pjlib-x86_64-x64-vc14-release:sock_bsd.obj
 0001:0001d930       pj_htonl                   000000014001e930 f   pjlib-x86_64-x64-vc14-release:sock_bsd.obj
 0001:0001d940       pj_htons                   000000014001e940 f   pjlib-x86_64-x64-vc14-release:sock_bsd.obj
 0001:0001d950       pj_inet_aton               000000014001e950 f   pjlib-x86_64-x64-vc14-release:sock_bsd.obj
 0001:0001d9e0       pj_inet_ntop               000000014001e9e0 f   pjlib-x86_64-x64-vc14-release:sock_bsd.obj
 0001:0001db10       pj_inet_pton               000000014001eb10 f   pjlib-x86_64-x64-vc14-release:sock_bsd.obj
 0001:0001dc40       pj_ntohl                   000000014001ec40 f   pjlib-x86_64-x64-vc14-release:sock_bsd.obj
 0001:0001dc50       pj_ntohs                   000000014001ec50 f   pjlib-x86_64-x64-vc14-release:sock_bsd.obj
 0001:0001dc60       pj_sock_accept             000000014001ec60 f   pjlib-x86_64-x64-vc14-release:sock_bsd.obj
 0001:0001dd00       pj_sock_bind               000000014001ed00 f   pjlib-x86_64-x64-vc14-release:sock_bsd.obj
 0001:0001ddb0       pj_sock_close              000000014001edb0 f   pjlib-x86_64-x64-vc14-release:sock_bsd.obj
 0001:0001de10       pj_sock_connect            000000014001ee10 f   pjlib-x86_64-x64-vc14-release:sock_bsd.obj
 0001:0001dea0       pj_sock_getsockname        000000014001eea0 f   pjlib-x86_64-x64-vc14-release:sock_bsd.obj
 0001:0001df30       pj_sock_getsockopt         000000014001ef30 f   pjlib-x86_64-x64-vc14-release:sock_bsd.obj
 0001:0001dfe0       pj_sock_recv               000000014001efe0 f   pjlib-x86_64-x64-vc14-release:sock_bsd.obj
 0001:0001e080       pj_sock_recvfrom           000000014001f080 f   pjlib-x86_64-x64-vc14-release:sock_bsd.obj
 0001:0001e130       pj_sock_send               000000014001f130 f   pjlib-x86_64-x64-vc14-release:sock_bsd.obj
 0001:0001e1d0       pj_sock_sendto             000000014001f1d0 f   pjlib-x86_64-x64-vc14-release:sock_bsd.obj
 0001:0001e280       pj_sock_setsockopt         000000014001f280 f   pjlib-x86_64-x64-vc14-release:sock_bsd.obj
 0001:0001e330       pj_sock_setsockopt_params  000000014001f330 f   pjlib-x86_64-x64-vc14-release:sock_bsd.obj
 0001:0001e470       pj_sock_socket             000000014001f470 f   pjlib-x86_64-x64-vc14-release:sock_bsd.obj
 0001:0001e580       pj_NO_MEMORY_EXCEPTION     000000014001f580 f   pjlib-x86_64-x64-vc14-release:pool.obj
 0001:0001e590       pj_pool_alloc              000000014001f590 f   pjlib-x86_64-x64-vc14-release:pool.obj
 0001:0001e5e0       pj_pool_allocate_find      000000014001f5e0 f   pjlib-x86_64-x64-vc14-release:pool.obj
 0001:0001e720       pj_pool_calloc             000000014001f720 f   pjlib-x86_64-x64-vc14-release:pool.obj
 0001:0001e790       pj_pool_create             000000014001f790 f   pjlib-x86_64-x64-vc14-release:pool.obj
 0001:0001e850       pj_pool_create_int         000000014001f850 f   pjlib-x86_64-x64-vc14-release:pool.obj
 0001:0001e940       pj_pool_destroy_int        000000014001f940 f   pjlib-x86_64-x64-vc14-release:pool.obj
 0001:0001e980       pj_pool_get_capacity       000000014001f980 f   pjlib-x86_64-x64-vc14-release:pool.obj
 0001:0001e990       pj_pool_get_used_size      000000014001f990 f   pjlib-x86_64-x64-vc14-release:pool.obj
 0001:0001e9d0       pj_pool_getobjname         000000014001f9d0 f   pjlib-x86_64-x64-vc14-release:pool.obj
 0001:0001e9e0       pj_pool_init_int           000000014001f9e0 f   pjlib-x86_64-x64-vc14-release:pool.obj
 0001:0001ea80       pj_pool_release            000000014001fa80 f   pjlib-x86_64-x64-vc14-release:pool.obj
 0001:0001eaa0       pj_pool_reset              000000014001faa0 f   pjlib-x86_64-x64-vc14-release:pool.obj
 0001:0001efb0       pj_caching_pool_destroy    000000014001ffb0 f   pjlib-x86_64-x64-vc14-release:pool_caching.obj
 0001:0001f0c0       pj_caching_pool_init       00000001400200c0 f   pjlib-x86_64-x64-vc14-release:pool_caching.obj
 0001:0001f1d0       pj_str                     00000001400201d0 f   pjlib-x86_64-x64-vc14-release:string.obj
 0001:0001f200       pj_strcat                  0000000140020200 f   pjlib-x86_64-x64-vc14-release:string.obj
 0001:0001f240       pj_strcat2                 0000000140020240 f   pjlib-x86_64-x64-vc14-release:string.obj
 0001:0001f290       pj_strcmp                  0000000140020290 f   pjlib-x86_64-x64-vc14-release:string.obj
 0001:0001f310       pj_strcpy                  0000000140020310 f   pjlib-x86_64-x64-vc14-release:string.obj
 0001:0001f340       pj_strcpy2                 0000000140020340 f   pjlib-x86_64-x64-vc14-release:string.obj
 0001:0001f380       pj_strdup                  0000000140020380 f   pjlib-x86_64-x64-vc14-release:string.obj
 0001:0001f3d0       pj_strdup2                 00000001400203d0 f   pjlib-x86_64-x64-vc14-release:string.obj
 0001:0001f450       pj_strdup_with_null        0000000140020450 f   pjlib-x86_64-x64-vc14-release:string.obj
 0001:0001f4a0       pj_stricmp                 00000001400204a0 f   pjlib-x86_64-x64-vc14-release:string.obj
 0001:0001f530       pj_stricmp2                0000000140020530 f   pjlib-x86_64-x64-vc14-release:string.obj
 0001:0001f5e0       pj_strncpy                 00000001400205e0 f   pjlib-x86_64-x64-vc14-release:string.obj
 0001:0001f630       pj_strncpy_with_null       0000000140020630 f   pjlib-x86_64-x64-vc14-release:string.obj
 0001:0001f680       pj_strnicmp                0000000140020680 f   pjlib-x86_64-x64-vc14-release:string.obj
 0001:0001f6d0       pj_strstr                  00000001400206d0 f   pjlib-x86_64-x64-vc14-release:string.obj
 0001:0001f760       pj_strtol2                 0000000140020760 f   pjlib-x86_64-x64-vc14-release:string.obj
 0001:0001f940       pj_strtoul                 0000000140020940 f   pjlib-x86_64-x64-vc14-release:string.obj
 0001:0001f9d0       pj_strtrim                 00000001400209d0 f   pjlib-x86_64-x64-vc14-release:string.obj
 0001:0001fa70       pj_utoa                    0000000140020a70 f   pjlib-x86_64-x64-vc14-release:string.obj
 0001:0001fa80       pj_utoa_pad                0000000140020a80 f   pjlib-x86_64-x64-vc14-release:string.obj
 0001:0001fb40       pj_addr_str_print          0000000140020b40 f   pjlib-x86_64-x64-vc14-release:sock_common.obj
 0001:0001fc30       pj_gethostip               0000000140020c30 f   pjlib-x86_64-x64-vc14-release:sock_common.obj
 0001:000204c0       pj_getipinterface          00000001400214c0 f   pjlib-x86_64-x64-vc14-release:sock_common.obj
 0001:00020770       pj_sockaddr_cmp            0000000140021770 f   pjlib-x86_64-x64-vc14-release:sock_common.obj
 0001:000208c0       pj_sockaddr_cp             00000001400218c0 f   pjlib-x86_64-x64-vc14-release:sock_common.obj
 0001:00020910       pj_sockaddr_get_addr       0000000140021910 f   pjlib-x86_64-x64-vc14-release:sock_common.obj
 0001:00020940       pj_sockaddr_get_len        0000000140021940 f   pjlib-x86_64-x64-vc14-release:sock_common.obj
 0001:00020970       pj_sockaddr_get_port       0000000140021970 f   pjlib-x86_64-x64-vc14-release:sock_common.obj
 0001:000209a0       pj_sockaddr_in_init        00000001400219a0 f   pjlib-x86_64-x64-vc14-release:sock_common.obj
 0001:00020a10       pj_sockaddr_in_set_str_addr 0000000140021a10 f   pjlib-x86_64-x64-vc14-release:sock_common.obj
 0001:00020af0       pj_sockaddr_init           0000000140021af0 f   pjlib-x86_64-x64-vc14-release:sock_common.obj
 0001:00020bd0       pj_sockaddr_print          0000000140021bd0 f   pjlib-x86_64-x64-vc14-release:sock_common.obj
 0001:00020d40       pj_sockaddr_set_port       0000000140021d40 f   pjlib-x86_64-x64-vc14-release:sock_common.obj
 0001:00020d90       pj_sockaddr_set_str_addr   0000000140021d90 f   pjlib-x86_64-x64-vc14-release:sock_common.obj
 0001:00020ec0       pj_log                     0000000140021ec0 f   pjlib-x86_64-x64-vc14-release:log.obj
 0001:00021450       pj_log_1                   0000000140022450 f   pjlib-x86_64-x64-vc14-release:log.obj
 0001:00021480       pj_log_2                   0000000140022480 f   pjlib-x86_64-x64-vc14-release:log.obj
 0001:000214b0       pj_log_3                   00000001400224b0 f   pjlib-x86_64-x64-vc14-release:log.obj
 0001:000214e0       pj_log_4                   00000001400224e0 f   pjlib-x86_64-x64-vc14-release:log.obj
 0001:00021510       pj_log_5                   0000000140022510 f   pjlib-x86_64-x64-vc14-release:log.obj
 0001:00021540       pj_log_get_color           0000000140022540 f   pjlib-x86_64-x64-vc14-release:log.obj
 0001:000215b0       pj_log_get_decor           00000001400225b0 f   pjlib-x86_64-x64-vc14-release:log.obj
 0001:000215c0       pj_log_get_level           00000001400225c0 f   pjlib-x86_64-x64-vc14-release:log.obj
 0001:000215d0       pj_log_init                00000001400225d0 f   pjlib-x86_64-x64-vc14-release:log.obj
 0001:00021640       pj_log_pop_indent          0000000140022640 f   pjlib-x86_64-x64-vc14-release:log.obj
 0001:00021670       pj_log_push_indent         0000000140022670 f   pjlib-x86_64-x64-vc14-release:log.obj
 0001:000216a0       pj_log_set_level           00000001400226a0 f   pjlib-x86_64-x64-vc14-release:log.obj
 0001:00021c80       pj_enum_ip_interface       0000000140022c80 f   pjlib-x86_64-x64-vc14-release:ip_helper_win32.obj
 0001:00021f70       ioqueue_dispatch_exception_event 0000000140022f70 f   pjlib-x86_64-x64-vc14-release:ioqueue_select.obj
 0001:000220d0       ioqueue_dispatch_read_event 00000001400230d0 f   pjlib-x86_64-x64-vc14-release:ioqueue_select.obj
 0001:00022360       ioqueue_dispatch_write_event 0000000140023360 f   pjlib-x86_64-x64-vc14-release:ioqueue_select.obj
 0001:00022770       pj_ioqueue_create          0000000140023770 f   pjlib-x86_64-x64-vc14-release:ioqueue_select.obj
 0001:00022970       pj_ioqueue_destroy         0000000140023970 f   pjlib-x86_64-x64-vc14-release:ioqueue_select.obj
 0001:00022a50       pj_ioqueue_get_user_data   0000000140023a50 f   pjlib-x86_64-x64-vc14-release:ioqueue_select.obj
 0001:00022a60       pj_ioqueue_is_pending      0000000140023a60 f   pjlib-x86_64-x64-vc14-release:ioqueue_select.obj
 0001:00022a70       pj_ioqueue_op_key_init     0000000140023a70 f   pjlib-x86_64-x64-vc14-release:ioqueue_select.obj
 0001:00022a80       pj_ioqueue_poll            0000000140023a80 f   pjlib-x86_64-x64-vc14-release:ioqueue_select.obj
 0001:00022f20       pj_ioqueue_recvfrom        0000000140023f20 f   pjlib-x86_64-x64-vc14-release:ioqueue_select.obj
 0001:00023100       pj_ioqueue_register_sock2  0000000140024100 f   pjlib-x86_64-x64-vc14-release:ioqueue_select.obj
 0001:00023270       pj_ioqueue_sendto          0000000140024270 f   pjlib-x86_64-x64-vc14-release:ioqueue_select.obj
 0001:00023490       pj_ioqueue_set_lock        0000000140024490 f   pjlib-x86_64-x64-vc14-release:ioqueue_select.obj
 0001:00023500       pj_ioqueue_unregister      0000000140024500 f   pjlib-x86_64-x64-vc14-release:ioqueue_select.obj
 0001:00023a50       pj_grp_lock_acquire        0000000140024a50 f   pjlib-x86_64-x64-vc14-release:lock.obj
 0001:00023a60       pj_grp_lock_add_handler    0000000140024a60 f   pjlib-x86_64-x64-vc14-release:lock.obj
 0001:00023ae0       pj_grp_lock_add_ref        0000000140024ae0 f   pjlib-x86_64-x64-vc14-release:lock.obj
 0001:00023b00       pj_grp_lock_create         0000000140024b00 f   pjlib-x86_64-x64-vc14-release:lock.obj
 0001:00023c60       pj_grp_lock_dec_ref        0000000140024c60 f   pjlib-x86_64-x64-vc14-release:lock.obj
 0001:00023ca0       pj_grp_lock_release        0000000140024ca0 f   pjlib-x86_64-x64-vc14-release:lock.obj
 0001:00023cb0       pj_grp_lock_tryacquire     0000000140024cb0 f   pjlib-x86_64-x64-vc14-release:lock.obj
 0001:00023cc0       pj_lock_acquire            0000000140024cc0 f   pjlib-x86_64-x64-vc14-release:lock.obj
 0001:00023ce0       pj_lock_create_null_mutex  0000000140024ce0 f   pjlib-x86_64-x64-vc14-release:lock.obj
 0001:00023d00       pj_lock_create_recursive_mutex 0000000140024d00 f   pjlib-x86_64-x64-vc14-release:lock.obj
 0001:00023d10       pj_lock_create_simple_mutex 0000000140024d10 f   pjlib-x86_64-x64-vc14-release:lock.obj
 0001:00023d20       pj_lock_destroy            0000000140024d20 f   pjlib-x86_64-x64-vc14-release:lock.obj
 0001:00023d40       pj_lock_release            0000000140024d40 f   pjlib-x86_64-x64-vc14-release:lock.obj
 0001:00023d60       pj_lock_tryacquire         0000000140024d60 f   pjlib-x86_64-x64-vc14-release:lock.obj
 0001:00024030       pj_timer_entry_running     0000000140025030 f   pjlib-x86_64-x64-vc14-release:timer.obj
 0001:00024040       pj_timer_heap_cancel       0000000140025040 f   pjlib-x86_64-x64-vc14-release:timer.obj
 0001:00024050       pj_timer_heap_cancel_if_active 0000000140025050 f   pjlib-x86_64-x64-vc14-release:timer.obj
 0001:00024060       pj_timer_heap_count        0000000140025060 f   pjlib-x86_64-x64-vc14-release:timer.obj
 0001:00024070       pj_timer_heap_create       0000000140025070 f   pjlib-x86_64-x64-vc14-release:timer.obj
 0001:00024190       pj_timer_heap_destroy      0000000140025190 f   pjlib-x86_64-x64-vc14-release:timer.obj
 0001:000241c0       pj_timer_heap_dump         00000001400251c0 f   pjlib-x86_64-x64-vc14-release:timer.obj
 0001:00024370       pj_timer_heap_poll         0000000140025370 f   pjlib-x86_64-x64-vc14-release:timer.obj
 0001:00024590       pj_timer_heap_schedule_w_grp_lock_dbg 0000000140025590 f   pjlib-x86_64-x64-vc14-release:timer.obj
 0001:000245d0       pj_timer_heap_set_lock     00000001400255d0 f   pjlib-x86_64-x64-vc14-release:timer.obj
 0001:00024620       pj_timer_heap_set_max_timed_out_per_poll 0000000140025620 f   pjlib-x86_64-x64-vc14-release:timer.obj
 0001:00024bc0       pj_exception_id_alloc      0000000140025bc0 f   pjlib-x86_64-x64-vc14-release:except.obj
 0001:00024c30       pj_exception_id_free       0000000140025c30 f   pjlib-x86_64-x64-vc14-release:except.obj
 0001:00024c70       pj_exception_id_name       0000000140025c70 f   pjlib-x86_64-x64-vc14-release:except.obj
 0001:00024cc0       pj_pop_exception_handler_  0000000140025cc0 f   pjlib-x86_64-x64-vc14-release:except.obj
 0001:00024d00       pj_push_exception_handler_ 0000000140025d00 f   pjlib-x86_64-x64-vc14-release:except.obj
 0001:00024d60       pj_throw_exception_        0000000140025d60 f   pjlib-x86_64-x64-vc14-release:except.obj
 0001:00024e20       pj_get_timestamp           0000000140025e20 f   pjlib-x86_64-x64-vc14-release:os_timestamp_win32.obj
 0001:00024e80       pj_get_timestamp_freq      0000000140025e80 f   pjlib-x86_64-x64-vc14-release:os_timestamp_win32.obj
 0001:00024ee0       pj_hash_calc               0000000140025ee0 f   pjlib-x86_64-x64-vc14-release:hash.obj
 0001:00024f90       pj_hash_calc_tolower       0000000140025f90 f   pjlib-x86_64-x64-vc14-release:hash.obj
 0001:00025010       pj_hash_count              0000000140026010 f   pjlib-x86_64-x64-vc14-release:hash.obj
 0001:00025020       pj_hash_create             0000000140026020 f   pjlib-x86_64-x64-vc14-release:hash.obj
 0001:00025090       pj_hash_first              0000000140026090 f   pjlib-x86_64-x64-vc14-release:hash.obj
 0001:000250d0       pj_hash_get                00000001400260d0 f   pjlib-x86_64-x64-vc14-release:hash.obj
 0001:000251f0       pj_hash_get_lower          00000001400261f0 f   pjlib-x86_64-x64-vc14-release:hash.obj
 0001:00025330       pj_hash_next               0000000140026330 f   pjlib-x86_64-x64-vc14-release:hash.obj
 0001:00025390       pj_hash_set                0000000140026390 f   pjlib-x86_64-x64-vc14-release:hash.obj
 0001:00025520       pj_hash_set_lower          0000000140026520 f   pjlib-x86_64-x64-vc14-release:hash.obj
 0001:000256d0       pj_hash_set_np             00000001400266d0 f   pjlib-x86_64-x64-vc14-release:hash.obj
 0001:00025840       pj_hash_this               0000000140026840 f   pjlib-x86_64-x64-vc14-release:hash.obj
 0001:00025870       pj_get_netos_error         0000000140026870 f   pjlib-x86_64-x64-vc14-release:os_error_win32.obj
 0001:000258a0       platform_strerror          00000001400268a0 f   pjlib-x86_64-x64-vc14-release:os_error_win32.obj
 0001:000259d0       pj_GUID_STRING_LENGTH      00000001400269d0 f   pjlib-x86_64-x64-vc14-release:guid_win32.obj
 0001:000259e0       pj_generate_unique_string  00000001400269e0 f   pjlib-x86_64-x64-vc14-release:guid_win32.obj
 0001:00025ab0       pj_create_unique_string    0000000140026ab0 f   pjlib-x86_64-x64-vc14-release:guid.obj
 0001:00025ae0       pj_rand                    0000000140026ae0 f   pjlib-x86_64-x64-vc14-release:rand.obj
 0001:00025b20       pj_qos_get_params          0000000140026b20 f   pjlib-x86_64-x64-vc14-release:sock_qos_common.obj
 0001:00025b50       pj_sock_apply_qos          0000000140026b50 f   pjlib-x86_64-x64-vc14-release:sock_qos_common.obj
 0001:00025c40       pj_sock_apply_qos2         0000000140026c40 f   pjlib-x86_64-x64-vc14-release:sock_qos_common.obj
 0001:00025d20       pj_gettimeofday            0000000140026d20 f   pjlib-x86_64-x64-vc14-release:os_time_win32.obj
 0001:00025dc0       pj_time_decode             0000000140026dc0 f   pjlib-x86_64-x64-vc14-release:os_time_win32.obj
 0001:00025e70       pj_getaddrinfo             0000000140026e70 f   pjlib-x86_64-x64-vc14-release:addr_resolv_sock.obj
 0001:00025ff0       pj_gethostbyname           0000000140026ff0 f   pjlib-x86_64-x64-vc14-release:addr_resolv_sock.obj
 0001:000260b0       pj_time_val_normalize      00000001400270b0 f   pjlib-x86_64-x64-vc14-release:types.obj
 0001:00026160       pj_pool_create_on_buf      0000000140027160 f   pjlib-x86_64-x64-vc14-release:pool_buf.obj
 0001:000262d0       pj_log_write               00000001400272d0 f   pjlib-x86_64-x64-vc14-release:log_writer_stdout.obj
 0001:00026350       pj_gettickcount            0000000140027350 f   pjlib-x86_64-x64-vc14-release:os_timestamp_common.obj
 0001:00026410       PJ_FD_CLR                  0000000140027410 f   pjlib-x86_64-x64-vc14-release:sock_select.obj
 0001:000264c0       PJ_FD_COUNT                00000001400274c0 f   pjlib-x86_64-x64-vc14-release:sock_select.obj
 0001:000264c0       pjsip_resolver_get_resolver 00000001400274c0 f   pjsip-core-x86_64-x64-vc14-release:sip_resolve.obj
 0001:000264d0       PJ_FD_ISSET                00000001400274d0 f   pjlib-x86_64-x64-vc14-release:sock_select.obj
 0001:00026510       PJ_FD_SET                  0000000140027510 f   pjlib-x86_64-x64-vc14-release:sock_select.obj
 0001:000265a0       PJ_FD_ZERO                 00000001400275a0 f   pjlib-x86_64-x64-vc14-release:sock_select.obj
 0001:000265d0       pj_sock_select             00000001400275d0 f   pjlib-x86_64-x64-vc14-release:sock_select.obj
 0001:00026670       pj_sock_set_qos_params     0000000140027670 f   pjlib-x86_64-x64-vc14-release:sock_qos_bsd.obj
 0001:000267a0       pj_sock_set_qos_type       00000001400277a0 f   pjlib-x86_64-x64-vc14-release:sock_qos_bsd.obj
 0001:000267ce       __WSAFDIsSet               00000001400277ce f   ws2_32:WS2_32.dll
 0001:000267d4       __GSHandlerCheck           00000001400277d4 f   MSVCRT:_gshandler_.obj
 0001:000267f4       __GSHandlerCheckCommon     00000001400277f4 f   MSVCRT:_gshandler_.obj
 0001:00026860       __security_check_cookie    0000000140027860 f   MSVCRT:_amdsecgs_.obj
 0001:00026ae4       mainCRTStartup             0000000140027ae4 f   MSVCRT:exe_main.obj
 0001:00026af8       __raise_securityfailure    0000000140027af8 f   MSVCRT:gs_report.obj
 0001:00026b2c       __report_gsfailure         0000000140027b2c f   MSVCRT:gs_report.obj
 0001:00026c00       __report_rangecheckfailure 0000000140027c00 f   MSVCRT:gs_report.obj
 0001:00026c14       __report_securityfailure   0000000140027c14 f   MSVCRT:gs_report.obj
 0001:00026d94       __isa_available_init       0000000140027d94 f   MSVCRT:_cpu_disp_.obj
 0001:00026f70       __chkstk                   0000000140027f70 f   MSVCRT:_chkstk_.obj
 0001:00026f70       _alloca_probe              0000000140027f70 f   MSVCRT:_chkstk_.obj
 0001:00026fc4       __scrt_acquire_startup_lock 0000000140027fc4 f   MSVCRT:utility.obj
 0001:00027000       __scrt_initialize_crt      0000000140028000 f   MSVCRT:utility.obj
 0001:0002704c       __scrt_initialize_onexit_tables 000000014002804c f   MSVCRT:utility.obj
 0001:00027118       __scrt_is_nonwritable_in_current_image 0000000140028118 f   MSVCRT:utility.obj
 0001:000271b4       __scrt_release_startup_lock 00000001400281b4 f   MSVCRT:utility.obj
 0001:000271d8       __scrt_uninitialize_crt    00000001400281d8 f   MSVCRT:utility.obj
 0001:00027204       _onexit                    0000000140028204 f   MSVCRT:utility.obj
 0001:00027254       atexit                     0000000140028254 f   MSVCRT:utility.obj
 0001:0002726c       __security_init_cookie     000000014002826c f   MSVCRT:gs_support.obj
 0001:00027318       _get_startup_argv_mode     0000000140028318 f   MSVCRT:argv_mode.obj
 0001:00027320       _get_startup_file_mode     0000000140028320 f   MSVCRT:file_mode.obj
 0001:00027328       ?__scrt_initialize_type_info@@YAXXZ 0000000140028328 f   MSVCRT:tncleanup.obj
 0001:00027338       _initialize_invalid_parameter_handler 0000000140028338 f   MSVCRT:invalid_parameter_handler.obj
 0001:00027338       _guard_check_icall_nop     0000000140028338 f   MSVCRT:guard_support.obj
 0001:00027338       _initialize_denormal_control 0000000140028338 f   MSVCRT:denormal_control.obj
 0001:0002733c       __local_stdio_scanf_options 000000014002833c f i MSVCRT:default_local_stdio_options.obj
 0001:00027344       __scrt_initialize_default_local_stdio_options 0000000140028344 f   MSVCRT:default_local_stdio_options.obj
 0001:00027360       __scrt_is_user_matherr_present 0000000140028360 f   MSVCRT:matherr_detection.obj
 0001:0002736c       __scrt_get_dyn_tls_init_callback 000000014002836c f   MSVCRT:dyn_tls_init.obj
 0001:00027374       __scrt_get_dyn_tls_dtor_callback 0000000140028374 f   MSVCRT:dyn_tls_dtor.obj
 0001:0002737c       __scrt_fastfail            000000014002837c f   MSVCRT:utility_desktop.obj
 0001:000274c4       __scrt_is_managed_app      00000001400284c4 f   MSVCRT:utility_desktop.obj
 0001:00027518       __scrt_set_unhandled_exception_filter 0000000140028518 f   MSVCRT:utility_desktop.obj
 0001:00027528       __scrt_unhandled_exception_filter 0000000140028528 f   MSVCRT:utility_desktop.obj
 0001:00027560       _RTC_Initialize            0000000140028560 f   MSVCRT:_initsect_.obj
 0001:000275ac       _RTC_Terminate             00000001400285ac f   MSVCRT:_initsect_.obj
 0001:000275f8       _guard_check_icall         00000001400285f8 f i MSVCRT:checkcfg.obj
 0001:00027600       __scrt_is_ucrt_dll_in_use  0000000140028600 f   MSVCRT:ucrt_detection.obj
 0001:00027610       IsProcessorFeaturePresent  0000000140028610 f   kernel32:KERNEL32.dll
 0001:00027616       memset                     0000000140028616 f   vcruntime:VCRUNTIME140.dll
 0001:0002761c       memcmp                     000000014002861c f   vcruntime:VCRUNTIME140.dll
 0001:00027622       memcpy                     0000000140028622 f   vcruntime:VCRUNTIME140.dll
 0001:00027628       longjmp                    0000000140028628 f   vcruntime:VCRUNTIME140.dll
 0001:0002762e       __C_specific_handler       000000014002862e f   vcruntime:VCRUNTIME140.dll
 0001:00027634       __intrinsic_setjmp         0000000140028634 f   vcruntime:VCRUNTIME140.dll
 0001:00027634       _setjmp                    0000000140028634 f   vcruntime:VCRUNTIME140.dll
 0001:0002763a       fmod                       000000014002863a f   ucrt:api-ms-win-crt-math-l1-1-0.dll
 0001:00027640       _seh_filter_exe            0000000140028640 f   ucrt:api-ms-win-crt-runtime-l1-1-0.dll
 0001:00027646       _set_app_type              0000000140028646 f   ucrt:api-ms-win-crt-runtime-l1-1-0.dll
 0001:0002764c       __setusermatherr           000000014002864c f   ucrt:api-ms-win-crt-math-l1-1-0.dll
 0001:00027652       _configure_narrow_argv     0000000140028652 f   ucrt:api-ms-win-crt-runtime-l1-1-0.dll
 0001:00027658       _initialize_narrow_environment 0000000140028658 f   ucrt:api-ms-win-crt-runtime-l1-1-0.dll
 0001:0002765e       _get_initial_narrow_environment 000000014002865e f   ucrt:api-ms-win-crt-runtime-l1-1-0.dll
 0001:00027664       _initterm                  0000000140028664 f   ucrt:api-ms-win-crt-runtime-l1-1-0.dll
 0001:0002766a       _initterm_e                000000014002866a f   ucrt:api-ms-win-crt-runtime-l1-1-0.dll
 0001:00027670       exit                       0000000140028670 f   ucrt:api-ms-win-crt-runtime-l1-1-0.dll
 0001:00027676       _exit                      0000000140028676 f   ucrt:api-ms-win-crt-runtime-l1-1-0.dll
 0001:0002767c       _set_fmode                 000000014002867c f   ucrt:api-ms-win-crt-stdio-l1-1-0.dll
 0001:00027682       __p___argc                 0000000140028682 f   ucrt:api-ms-win-crt-runtime-l1-1-0.dll
 0001:00027688       __p___argv                 0000000140028688 f   ucrt:api-ms-win-crt-runtime-l1-1-0.dll
 0001:0002768e       _cexit                     000000014002868e f   ucrt:api-ms-win-crt-runtime-l1-1-0.dll
 0001:00027694       _c_exit                    0000000140028694 f   ucrt:api-ms-win-crt-runtime-l1-1-0.dll
 0001:0002769a       _register_thread_local_exe_atexit_callback 000000014002869a f   ucrt:api-ms-win-crt-runtime-l1-1-0.dll
 0001:000276a0       _configthreadlocale        00000001400286a0 f   ucrt:api-ms-win-crt-locale-l1-1-0.dll
 0001:000276a6       _set_new_mode              00000001400286a6 f   ucrt:api-ms-win-crt-heap-l1-1-0.dll
 0001:000276ac       __p__commode               00000001400286ac f   ucrt:api-ms-win-crt-stdio-l1-1-0.dll
 0001:000276b2       _initialize_onexit_table   00000001400286b2 f   ucrt:api-ms-win-crt-runtime-l1-1-0.dll
 0001:000276b8       _register_onexit_function  00000001400286b8 f   ucrt:api-ms-win-crt-runtime-l1-1-0.dll
 0001:000276be       _crt_atexit                00000001400286be f   ucrt:api-ms-win-crt-runtime-l1-1-0.dll
 0001:000276c4       terminate                  00000001400286c4 f   ucrt:api-ms-win-crt-runtime-l1-1-0.dll
 0001:000276cc       __acrt_initialize          00000001400286cc f   MSVCRT:ucrt_stubs.obj
 0001:000276cc       __scrt_stub_for_acrt_uninitialize 00000001400286cc f   MSVCRT:ucrt_stubs.obj
 0001:000276cc       __vcrt_initialize          00000001400286cc f   MSVCRT:ucrt_stubs.obj
 0001:000276cc       __acrt_uninitialize        00000001400286cc f   MSVCRT:ucrt_stubs.obj
 0001:000276cc       __scrt_stub_for_acrt_initialize 00000001400286cc f   MSVCRT:ucrt_stubs.obj
 0001:000276cc       _should_initialize_environment 00000001400286cc f   MSVCRT:env_mode.obj
 0001:000276cc       __vcrt_uninitialize        00000001400286cc f   MSVCRT:ucrt_stubs.obj
 0001:000276e0       _guard_dispatch_icall_nop  00000001400286e0 f   MSVCRT:_guard_dispatch_.obj
 0002:00000000       __imp_RtlLookupFunctionEntry 0000000140029000     kernel32:KERNEL32.dll
 0002:00000008       __imp_GetModuleHandleW     0000000140029008     kernel32:KERNEL32.dll
 0002:00000010       __imp_IsDebuggerPresent    0000000140029010     kernel32:KERNEL32.dll
 0002:00000018       __imp_InitializeSListHead  0000000140029018     kernel32:KERNEL32.dll
 0002:00000020       __imp_GetSystemTimeAsFileTime 0000000140029020     kernel32:KERNEL32.dll
 0002:00000028       __imp_IsProcessorFeaturePresent 0000000140029028     kernel32:KERNEL32.dll
 0002:00000030       __imp_TerminateProcess     0000000140029030     kernel32:KERNEL32.dll
 0002:00000038       __imp_GetCurrentProcess    0000000140029038     kernel32:KERNEL32.dll
 0002:00000040       __imp_SetUnhandledExceptionFilter 0000000140029040     kernel32:KERNEL32.dll
 0002:00000048       __imp_UnhandledExceptionFilter 0000000140029048     kernel32:KERNEL32.dll
 0002:00000050       __imp_RtlVirtualUnwind     0000000140029050     kernel32:KERNEL32.dll
 0002:00000058       __imp_RtlCaptureContext    0000000140029058     kernel32:KERNEL32.dll
 0002:00000060       __imp_SystemTimeToFileTime 0000000140029060     kernel32:KERNEL32.dll
 0002:00000068       __imp_FileTimeToSystemTime 0000000140029068     kernel32:KERNEL32.dll
 0002:00000070       __imp_GetLocalTime         0000000140029070     kernel32:KERNEL32.dll
 0002:00000078       __imp_FormatMessageA       0000000140029078     kernel32:KERNEL32.dll
 0002:00000080       __imp_QueryPerformanceFrequency 0000000140029080     kernel32:KERNEL32.dll
 0002:00000088       __imp_QueryPerformanceCounter 0000000140029088     kernel32:KERNEL32.dll
 0002:00000090       __imp_LoadLibraryA         0000000140029090     kernel32:KERNEL32.dll
 0002:00000098       __imp_GetProcAddress       0000000140029098     kernel32:KERNEL32.dll
 0002:000000a0       __imp_FreeLibrary          00000001400290a0     kernel32:KERNEL32.dll
 0002:000000a8       __imp_SetConsoleTextAttribute 00000001400290a8     kernel32:KERNEL32.dll
 0002:000000b0       __imp_CreateSemaphoreA     00000001400290b0     kernel32:KERNEL32.dll
 0002:000000b8       __imp_TlsFree              00000001400290b8     kernel32:KERNEL32.dll
 0002:000000c0       __imp_TlsSetValue          00000001400290c0     kernel32:KERNEL32.dll
 0002:000000c8       __imp_TlsGetValue          00000001400290c8     kernel32:KERNEL32.dll
 0002:000000d0       __imp_TlsAlloc             00000001400290d0     kernel32:KERNEL32.dll
 0002:000000d8       __imp_GetCurrentThreadId   00000001400290d8     kernel32:KERNEL32.dll
 0002:000000e0       __imp_GetStdHandle         00000001400290e0     kernel32:KERNEL32.dll
 0002:000000e8       __imp_CloseHandle          00000001400290e8     kernel32:KERNEL32.dll
 0002:000000f0       __imp_GetLastError         00000001400290f0     kernel32:KERNEL32.dll
 0002:000000f8       __imp_InitializeCriticalSection 00000001400290f8     kernel32:KERNEL32.dll
 0002:00000100       __imp_EnterCriticalSection 0000000140029100     kernel32:KERNEL32.dll
 0002:00000108       __imp_LeaveCriticalSection 0000000140029108     kernel32:KERNEL32.dll
 0002:00000110       __imp_TryEnterCriticalSection 0000000140029110     kernel32:KERNEL32.dll
 0002:00000118       __imp_DeleteCriticalSection 0000000140029118     kernel32:KERNEL32.dll
 0002:00000120       __imp_ReleaseSemaphore     0000000140029120     kernel32:KERNEL32.dll
 0002:00000128       __imp_WaitForSingleObject  0000000140029128     kernel32:KERNEL32.dll
 0002:00000130       __imp_Sleep                0000000140029130     kernel32:KERNEL32.dll
 0002:00000138       __imp_GetCurrentProcessId  0000000140029138     kernel32:KERNEL32.dll
 0002:00000140       __imp_CreateThread         0000000140029140     kernel32:KERNEL32.dll
 0002:00000148       __imp_GetCurrentThread     0000000140029148     kernel32:KERNEL32.dll
 0002:00000150       \177KERNEL32_NULL_THUNK_DATA 0000000140029150     kernel32:KERNEL32.dll
 0002:00000158       __imp___intrinsic_setjmp   0000000140029158     vcruntime:VCRUNTIME140.dll
 0002:00000160       __imp_longjmp              0000000140029160     vcruntime:VCRUNTIME140.dll
 0002:00000168       __imp_strchr               0000000140029168     vcruntime:VCRUNTIME140.dll
 0002:00000170       __imp_memmove              0000000140029170     vcruntime:VCRUNTIME140.dll
 0002:00000178       __imp_memcpy               0000000140029178     vcruntime:VCRUNTIME140.dll
 0002:00000180       __imp_memcmp               0000000140029180     vcruntime:VCRUNTIME140.dll
 0002:00000188       __imp_memchr               0000000140029188     vcruntime:VCRUNTIME140.dll
 0002:00000190       __imp_memset               0000000140029190     vcruntime:VCRUNTIME140.dll
 0002:00000198       __imp___C_specific_handler 0000000140029198     vcruntime:VCRUNTIME140.dll
 0002:000001a0       \177VCRUNTIME140_NULL_THUNK_DATA 00000001400291a0     vcruntime:VCRUNTIME140.dll
 0002:000001a8       __imp_setsockopt           00000001400291a8     ws2_32:WS2_32.dll
 0002:000001b0       __imp_sendto               00000001400291b0     ws2_32:WS2_32.dll
 0002:000001b8       __imp_send                 00000001400291b8     ws2_32:WS2_32.dll
 0002:000001c0       __imp_recvfrom             00000001400291c0     ws2_32:WS2_32.dll
 0002:000001c8       __imp_recv                 00000001400291c8     ws2_32:WS2_32.dll
 0002:000001d0       __imp_ntohs                00000001400291d0     ws2_32:WS2_32.dll
 0002:000001d8       __imp_ntohl                00000001400291d8     ws2_32:WS2_32.dll
 0002:000001e0       __imp_inet_addr            00000001400291e0     ws2_32:WS2_32.dll
 0002:000001e8       __imp_gethostname          00000001400291e8     ws2_32:WS2_32.dll
 0002:000001f0       __imp_WSAIoctl             00000001400291f0     ws2_32:WS2_32.dll
 0002:000001f8       __imp_htonl                00000001400291f8     ws2_32:WS2_32.dll
 0002:00000200       __imp_getsockopt           0000000140029200     ws2_32:WS2_32.dll
 0002:00000208       __imp_getsockname          0000000140029208     ws2_32:WS2_32.dll
 0002:00000210       __imp_connect              0000000140029210     ws2_32:WS2_32.dll
 0002:00000218       __imp_closesocket          0000000140029218     ws2_32:WS2_32.dll
 0002:00000220       __imp_bind                 0000000140029220     ws2_32:WS2_32.dll
 0002:00000228       __imp_accept               0000000140029228     ws2_32:WS2_32.dll
 0002:00000230       __imp_WSAGetLastError      0000000140029230     ws2_32:WS2_32.dll
 0002:00000238       __imp_WSACleanup           0000000140029238     ws2_32:WS2_32.dll
 0002:00000240       __imp_WSAStartup           0000000140029240     ws2_32:WS2_32.dll
 0002:00000248       __imp_WSASocketA           0000000140029248     ws2_32:WS2_32.dll
 0002:00000250       __imp_WSAAddressToStringA  0000000140029250     ws2_32:WS2_32.dll
 0002:00000258       __imp_WSAStringToAddressA  0000000140029258     ws2_32:WS2_32.dll
 0002:00000260       __imp_ioctlsocket          0000000140029260     ws2_32:WS2_32.dll
 0002:00000268       __imp_gethostbyname        0000000140029268     ws2_32:WS2_32.dll
 0002:00000270       __imp___WSAFDIsSet         0000000140029270     ws2_32:WS2_32.dll
 0002:00000278       __imp_select               0000000140029278     ws2_32:WS2_32.dll
 0002:00000280       __imp_htons                0000000140029280     ws2_32:WS2_32.dll
 0002:00000288       \177WS2_32_NULL_THUNK_DATA 0000000140029288     ws2_32:WS2_32.dll
 0002:00000290       __imp_atoi                 0000000140029290     ucrt:api-ms-win-crt-convert-l1-1-0.dll
 0002:00000298       \177api-ms-win-crt-convert-l1-1-0_NULL_THUNK_DATA 0000000140029298     ucrt:api-ms-win-crt-convert-l1-1-0.dll
 0002:000002a0       __imp__set_new_mode        00000001400292a0     ucrt:api-ms-win-crt-heap-l1-1-0.dll
 0002:000002a8       __imp_free                 00000001400292a8     ucrt:api-ms-win-crt-heap-l1-1-0.dll
 0002:000002b0       __imp_malloc               00000001400292b0     ucrt:api-ms-win-crt-heap-l1-1-0.dll
 0002:000002b8       \177api-ms-win-crt-heap-l1-1-0_NULL_THUNK_DATA 00000001400292b8     ucrt:api-ms-win-crt-heap-l1-1-0.dll
 0002:000002c0       __imp__configthreadlocale  00000001400292c0     ucrt:api-ms-win-crt-locale-l1-1-0.dll
 0002:000002c8       \177api-ms-win-crt-locale-l1-1-0_NULL_THUNK_DATA 00000001400292c8     ucrt:api-ms-win-crt-locale-l1-1-0.dll
 0002:000002d0       __imp___setusermatherr     00000001400292d0     ucrt:api-ms-win-crt-math-l1-1-0.dll
 0002:000002d8       __imp_fmod                 00000001400292d8     ucrt:api-ms-win-crt-math-l1-1-0.dll
 0002:000002e0       \177api-ms-win-crt-math-l1-1-0_NULL_THUNK_DATA 00000001400292e0     ucrt:api-ms-win-crt-math-l1-1-0.dll
 0002:000002e8       __imp__crt_atexit          00000001400292e8     ucrt:api-ms-win-crt-runtime-l1-1-0.dll
 0002:000002f0       __imp_terminate            00000001400292f0     ucrt:api-ms-win-crt-runtime-l1-1-0.dll
 0002:000002f8       __imp__initialize_onexit_table 00000001400292f8     ucrt:api-ms-win-crt-runtime-l1-1-0.dll
 0002:00000300       __imp__cexit               0000000140029300     ucrt:api-ms-win-crt-runtime-l1-1-0.dll
 0002:00000308       __imp___p___argv           0000000140029308     ucrt:api-ms-win-crt-runtime-l1-1-0.dll
 0002:00000310       __imp__c_exit              0000000140029310     ucrt:api-ms-win-crt-runtime-l1-1-0.dll
 0002:00000318       __imp__register_onexit_function 0000000140029318     ucrt:api-ms-win-crt-runtime-l1-1-0.dll
 0002:00000320       __imp__seh_filter_exe      0000000140029320     ucrt:api-ms-win-crt-runtime-l1-1-0.dll
 0002:00000328       __imp__set_app_type        0000000140029328     ucrt:api-ms-win-crt-runtime-l1-1-0.dll
 0002:00000330       __imp__initterm_e          0000000140029330     ucrt:api-ms-win-crt-runtime-l1-1-0.dll
 0002:00000338       __imp__configure_narrow_argv 0000000140029338     ucrt:api-ms-win-crt-runtime-l1-1-0.dll
 0002:00000340       __imp__initialize_narrow_environment 0000000140029340     ucrt:api-ms-win-crt-runtime-l1-1-0.dll
 0002:00000348       __imp__get_initial_narrow_environment 0000000140029348     ucrt:api-ms-win-crt-runtime-l1-1-0.dll
 0002:00000350       __imp__initterm            0000000140029350     ucrt:api-ms-win-crt-runtime-l1-1-0.dll
 0002:00000358       __imp___p___argc           0000000140029358     ucrt:api-ms-win-crt-runtime-l1-1-0.dll
 0002:00000360       __imp_exit                 0000000140029360     ucrt:api-ms-win-crt-runtime-l1-1-0.dll
 0002:00000368       __imp__exit                0000000140029368     ucrt:api-ms-win-crt-runtime-l1-1-0.dll
 0002:00000370       __imp__register_thread_local_exe_atexit_callback 0000000140029370     ucrt:api-ms-win-crt-runtime-l1-1-0.dll
 0002:00000378       \177api-ms-win-crt-runtime-l1-1-0_NULL_THUNK_DATA 0000000140029378     ucrt:api-ms-win-crt-runtime-l1-1-0.dll
 0002:00000380       __imp___stdio_common_vsprintf 0000000140029380     ucrt:api-ms-win-crt-stdio-l1-1-0.dll
 0002:00000388       __imp___stdio_common_vfprintf 0000000140029388     ucrt:api-ms-win-crt-stdio-l1-1-0.dll
 0002:00000390       __imp__set_fmode           0000000140029390     ucrt:api-ms-win-crt-stdio-l1-1-0.dll
 0002:00000398       __imp_puts                 0000000140029398     ucrt:api-ms-win-crt-stdio-l1-1-0.dll
 0002:000003a0       __imp_fgets                00000001400293a0     ucrt:api-ms-win-crt-stdio-l1-1-0.dll
 0002:000003a8       __imp___p__commode         00000001400293a8     ucrt:api-ms-win-crt-stdio-l1-1-0.dll
 0002:000003b0       __imp___acrt_iob_func      00000001400293b0     ucrt:api-ms-win-crt-stdio-l1-1-0.dll
 0002:000003b8       \177api-ms-win-crt-stdio-l1-1-0_NULL_THUNK_DATA 00000001400293b8     ucrt:api-ms-win-crt-stdio-l1-1-0.dll
 0002:000003c0       __imp_isdigit              00000001400293c0     ucrt:api-ms-win-crt-string-l1-1-0.dll
 0002:000003c8       __imp_strncpy              00000001400293c8     ucrt:api-ms-win-crt-string-l1-1-0.dll
 0002:000003d0       __imp_isxdigit             00000001400293d0     ucrt:api-ms-win-crt-string-l1-1-0.dll
 0002:000003d8       __imp_strncmp              00000001400293d8     ucrt:api-ms-win-crt-string-l1-1-0.dll
 0002:000003e0       __imp_isspace              00000001400293e0     ucrt:api-ms-win-crt-string-l1-1-0.dll
 0002:000003e8       __imp_tolower              00000001400293e8     ucrt:api-ms-win-crt-string-l1-1-0.dll
 0002:000003f0       __imp__strnicmp            00000001400293f0     ucrt:api-ms-win-crt-string-l1-1-0.dll
 0002:000003f8       __imp_toupper              00000001400293f8     ucrt:api-ms-win-crt-string-l1-1-0.dll
 0002:00000400       \177api-ms-win-crt-string-l1-1-0_NULL_THUNK_DATA 0000000140029400     ucrt:api-ms-win-crt-string-l1-1-0.dll
 0002:00000408       __imp_rand                 0000000140029408     ucrt:api-ms-win-crt-utility-l1-1-0.dll
 0002:00000410       \177api-ms-win-crt-utility-l1-1-0_NULL_THUNK_DATA 0000000140029410     ucrt:api-ms-win-crt-utility-l1-1-0.dll
 0002:00000418       __imp_CoCreateGuid         0000000140029418     ole32:ole32.dll
 0002:00000420       \177ole32_NULL_THUNK_DATA  0000000140029420     ole32:ole32.dll
 0002:00000428       __guard_check_icall_fptr   0000000140029428     MSVCRT:guard_support.obj
 0002:00000430       __guard_dispatch_icall_fptr 0000000140029430     MSVCRT:guard_support.obj
 0002:00000438       __xc_a                     0000000140029438     MSVCRT:initializers.obj
 0002:00000448       __xc_z                     0000000140029448     MSVCRT:initializers.obj
 0002:00000450       __xi_a                     0000000140029450     MSVCRT:initializers.obj
 0002:00000468       __xi_z                     0000000140029468     MSVCRT:initializers.obj
 0002:00000470       __xp_a                     0000000140029470     MSVCRT:initializers.obj
 0002:00000478       __xp_z                     0000000140029478     MSVCRT:initializers.obj
 0002:00000480       __xt_a                     0000000140029480     MSVCRT:initializers.obj
 0002:00000488       __xt_z                     0000000140029488     MSVCRT:initializers.obj
 0002:00000490       ??_C@_08BMKPPPGG@SIP?12?40?1?$AA@ 0000000140029490     pjsip-core-x86_64-x64-vc14-release:sip_msg.obj
 0002:00000499       ??_C@_00CNPNBAHC@?$AA@     0000000140029499     pjsip-core-x86_64-x64-vc14-release:sip_msg.obj
 0002:0000049c       ??_C@_05ODKKKCAM@?$DLttl?$DN?$AA@ 000000014002949c     pjsip-core-x86_64-x64-vc14-release:sip_msg.obj
 0002:000004a4       ??_C@_06IKMHKLF@?$DLrport?$AA@ 00000001400294a4     pjsip-core-x86_64-x64-vc14-release:sip_msg.obj
 0002:000004b0       ??_C@_07IONINLDO@?$DLmaddr?$DN?$AA@ 00000001400294b0     pjsip-core-x86_64-x64-vc14-release:sip_msg.obj
 0002:000004b8       ??_C@_0L@IMDGLAJB@?$DLreceived?$DN?$AA@ 00000001400294b8     pjsip-core-x86_64-x64-vc14-release:sip_msg.obj
 0002:000004c8       ??_C@_08LMLOEMIC@?$DLbranch?$DN?$AA@ 00000001400294c8     pjsip-core-x86_64-x64-vc14-release:sip_msg.obj
 0002:000004d4       ??_C@_02KEGNLNML@?0?5?$AA@ 00000001400294d4     pjsip-core-x86_64-x64-vc14-release:sip_msg.obj
 0002:000004d8       ??_C@_03MGEKBFJK@?$DLq?$DN?$AA@ 00000001400294d8     pjsip-core-x86_64-x64-vc14-release:sip_msg.obj
 0002:000004e0       ??_C@_09JFABAEBI@?$DLexpires?$DN?$AA@ 00000001400294e0     pjsip-core-x86_64-x64-vc14-release:sip_msg.obj
 0002:000004ec       ??_C@_06DBKGGLMH@INVITE?$AA@ 00000001400294ec     pjsip-core-x86_64-x64-vc14-release:sip_msg.obj
 0002:000004f4       ??_C@_06JHILMIHF@CANCEL?$AA@ 00000001400294f4     pjsip-core-x86_64-x64-vc14-release:sip_msg.obj
 0002:000004fc       ??_C@_03JMECLKOM@ACK?$AA@  00000001400294fc     pjsip-core-x86_64-x64-vc14-release:sip_msg.obj
 0002:00000500       ??_C@_03BMFBOCK@BYE?$AA@   0000000140029500     pjsip-core-x86_64-x64-vc14-release:sip_msg.obj
 0002:00000508       ??_C@_08EINEADGI@REGISTER?$AA@ 0000000140029508     pjsip-core-x86_64-x64-vc14-release:sip_msg.obj
 0002:00000518       ??_C@_07KDKMIPIP@OPTIONS?$AA@ 0000000140029518     pjsip-core-x86_64-x64-vc14-release:sip_msg.obj
 0002:00000520       ??_C@_06MDEHPNLG@Accept?$AA@ 0000000140029520     pjsip-core-x86_64-x64-vc14-release:sip_msg.obj
 0002:00000528       ??_C@_0BA@KDJCHKHJ@Accept?9Encoding?$AA@ 0000000140029528     pjsip-core-x86_64-x64-vc14-release:sip_msg.obj
 0002:00000538       ??_C@_0BA@POEGPCPD@Accept?9Language?$AA@ 0000000140029538     pjsip-core-x86_64-x64-vc14-release:sip_msg.obj
 0002:00000548       ??_C@_0L@DDNEKGOG@Alert?9Info?$AA@ 0000000140029548     pjsip-core-x86_64-x64-vc14-release:sip_msg.obj
 0002:00000554       ??_C@_05IEPODGEO@Allow?$AA@ 0000000140029554     pjsip-core-x86_64-x64-vc14-release:sip_msg.obj
 0002:00000560       ??_C@_0BE@KPJFGFDH@Authentication?9Info?$AA@ 0000000140029560     pjsip-core-x86_64-x64-vc14-release:sip_msg.obj
 0002:00000578       ??_C@_0O@NAFGPKMI@Authorization?$AA@ 0000000140029578     pjsip-core-x86_64-x64-vc14-release:sip_msg.obj
 0002:00000588       ??_C@_07IKPMLMAJ@Call?9ID?$AA@ 0000000140029588     pjsip-core-x86_64-x64-vc14-release:sip_msg.obj
 0002:00000590       ??_C@_01KBJDNOO@i?$AA@     0000000140029590     pjsip-core-x86_64-x64-vc14-release:sip_msg.obj
 0002:00000598       ??_C@_09HCKFEBLC@Call?9Info?$AA@ 0000000140029598     pjsip-core-x86_64-x64-vc14-release:sip_msg.obj
 0002:000005a8       ??_C@_07PMMFKIFM@Contact?$AA@ 00000001400295a8     pjsip-core-x86_64-x64-vc14-release:sip_msg.obj
 0002:000005b0       ??_C@_01GOHFPIOK@m?$AA@    00000001400295b0     pjsip-core-x86_64-x64-vc14-release:sip_msg.obj
 0002:000005b8       ??_C@_0BE@LMOOGHBG@Content?9Disposition?$AA@ 00000001400295b8     pjsip-core-x86_64-x64-vc14-release:sip_msg.obj
 0002:000005d0       ??_C@_0BB@KFPPKJHF@Content?9Encoding?$AA@ 00000001400295d0     pjsip-core-x86_64-x64-vc14-release:sip_msg.obj
 0002:000005e4       ??_C@_01KGKMHCOC@e?$AA@    00000001400295e4     pjsip-core-x86_64-x64-vc14-release:sip_msg.obj
 0002:000005e8       ??_C@_0BB@PICLCBPP@Content?9Language?$AA@ 00000001400295e8     pjsip-core-x86_64-x64-vc14-release:sip_msg.obj
 0002:00000600       ??_C@_0P@HOJGPHBA@Content?9Length?$AA@ 0000000140029600     pjsip-core-x86_64-x64-vc14-release:sip_msg.obj
 0002:00000610       ??_C@_01HHGOMJKL@l?$AA@    0000000140029610     pjsip-core-x86_64-x64-vc14-release:sip_msg.obj
 0002:00000618       ??_C@_0N@LAFFMKKA@Content?9Type?$AA@ 0000000140029618     pjsip-core-x86_64-x64-vc14-release:sip_msg.obj
 0002:00000628       ??_C@_01PAPGNFGE@c?$AA@    0000000140029628     pjsip-core-x86_64-x64-vc14-release:sip_msg.obj
 0002:0000062c       ??_C@_04IHAOMLEL@CSeq?$AA@ 000000014002962c     pjsip-core-x86_64-x64-vc14-release:sip_msg.obj
 0002:00000634       ??_C@_04FMEGDJGD@Date?$AA@ 0000000140029634     pjsip-core-x86_64-x64-vc14-release:sip_msg.obj
 0002:00000640       ??_C@_0L@PGKFFKEH@Error?9Info?$AA@ 0000000140029640     pjsip-core-x86_64-x64-vc14-release:sip_msg.obj
 0002:00000650       ??_C@_07DABPCBEH@Expires?$AA@ 0000000140029650     pjsip-core-x86_64-x64-vc14-release:sip_msg.obj
 0002:00000658       ??_C@_04LMIAFEOL@From?$AA@ 0000000140029658     pjsip-core-x86_64-x64-vc14-release:sip_msg.obj
 0002:00000660       ??_C@_01INIBCBCB@f?$AA@    0000000140029660     pjsip-core-x86_64-x64-vc14-release:sip_msg.obj
 0002:00000668       ??_C@_0M@OJFKFNND@In?9Reply?9To?$AA@ 0000000140029668     pjsip-core-x86_64-x64-vc14-release:sip_msg.obj
 0002:00000678       ??_C@_0N@KAKEBINL@Max?9Forwards?$AA@ 0000000140029678     pjsip-core-x86_64-x64-vc14-release:sip_msg.obj
 0002:00000688       ??_C@_0N@PNJFOFFK@MIME?9Version?$AA@ 0000000140029688     pjsip-core-x86_64-x64-vc14-release:sip_msg.obj
 0002:00000698       ??_C@_0M@BHCNHHNF@Min?9Expires?$AA@ 0000000140029698     pjsip-core-x86_64-x64-vc14-release:sip_msg.obj
 0002:000006a8       ??_C@_0N@MHPBIIPD@Organization?$AA@ 00000001400296a8     pjsip-core-x86_64-x64-vc14-release:sip_msg.obj
 0002:000006b8       ??_C@_08KGEIBGG@Priority?$AA@ 00000001400296b8     pjsip-core-x86_64-x64-vc14-release:sip_msg.obj
 0002:000006c8       ??_C@_0BD@GKJFGNG@Proxy?9Authenticate?$AA@ 00000001400296c8     pjsip-core-x86_64-x64-vc14-release:sip_msg.obj
 0002:000006e0       ??_C@_0BE@DCLKKIPG@Proxy?9Authorization?$AA@ 00000001400296e0     pjsip-core-x86_64-x64-vc14-release:sip_msg.obj
 0002:000006f8       ??_C@_0O@ICDCLCHE@Proxy?9Require?$AA@ 00000001400296f8     pjsip-core-x86_64-x64-vc14-release:sip_msg.obj
 0002:00000708       ??_C@_0N@KJFPNEHF@Record?9Route?$AA@ 0000000140029708     pjsip-core-x86_64-x64-vc14-release:sip_msg.obj
 0002:00000718       ??_C@_08GBENDHCN@Reply?9To?$AA@ 0000000140029718     pjsip-core-x86_64-x64-vc14-release:sip_msg.obj
[...]
 0004:000027fc       $pdata$1$pj_ioqueue_create 000000014003f7fc     pjlib-x86_64-x64-vc14-release:ioqueue_select.obj
 0004:00002808       $pdata$4$pj_ioqueue_create 000000014003f808     pjlib-x86_64-x64-vc14-release:ioqueue_select.obj
 0004:00002814       $pdata$5$pj_ioqueue_create 000000014003f814     pjlib-x86_64-x64-vc14-release:ioqueue_select.obj
 0004:00002820       $pdata$7$pj_ioqueue_create 000000014003f820     pjlib-x86_64-x64-vc14-release:ioqueue_select.obj
 0004:0000282c       $pdata$8$pj_ioqueue_create 000000014003f82c     pjlib-x86_64-x64-vc14-release:ioqueue_select.obj
 0004:00002838       $pdata$pj_ioqueue_destroy  000000014003f838     pjlib-x86_64-x64-vc14-release:ioqueue_select.obj
 0004:00002844       $pdata$1$pj_ioqueue_destroy 000000014003f844     pjlib-x86_64-x64-vc14-release:ioqueue_select.obj
 0004:00002850       $pdata$2$pj_ioqueue_destroy 000000014003f850     pjlib-x86_64-x64-vc14-release:ioqueue_select.obj
 0004:0000285c       $pdata$pj_ioqueue_poll     000000014003f85c     pjlib-x86_64-x64-vc14-release:ioqueue_select.obj
 0004:00002868       $pdata$0$pj_ioqueue_poll   000000014003f868     pjlib-x86_64-x64-vc14-release:ioqueue_select.obj
 0004:00002874       $pdata$1$pj_ioqueue_poll   000000014003f874     pjlib-x86_64-x64-vc14-release:ioqueue_select.obj
 0004:00002880       $pdata$4$pj_ioqueue_poll   000000014003f880     pjlib-x86_64-x64-vc14-release:ioqueue_select.obj
 0004:0000288c       $pdata$5$pj_ioqueue_poll   000000014003f88c     pjlib-x86_64-x64-vc14-release:ioqueue_select.obj
 0004:00002898       $pdata$6$pj_ioqueue_poll   000000014003f898     pjlib-x86_64-x64-vc14-release:ioqueue_select.obj
 0004:000028a4       $pdata$7$pj_ioqueue_poll   000000014003f8a4     pjlib-x86_64-x64-vc14-release:ioqueue_select.obj
 0004:000028b0       $pdata$8$pj_ioqueue_poll   000000014003f8b0     pjlib-x86_64-x64-vc14-release:ioqueue_select.obj
 0004:000028bc       $pdata$9$pj_ioqueue_poll   000000014003f8bc     pjlib-x86_64-x64-vc14-release:ioqueue_select.obj
 0004:000028c8       $pdata$pj_ioqueue_recvfrom 000000014003f8c8     pjlib-x86_64-x64-vc14-release:ioqueue_select.obj
 0004:000028d4       $pdata$2$pj_ioqueue_recvfrom 000000014003f8d4     pjlib-x86_64-x64-vc14-release:ioqueue_select.obj
 0004:000028e0       $pdata$4$pj_ioqueue_recvfrom 000000014003f8e0     pjlib-x86_64-x64-vc14-release:ioqueue_select.obj
 0004:000028ec       $pdata$5$pj_ioqueue_recvfrom 000000014003f8ec     pjlib-x86_64-x64-vc14-release:ioqueue_select.obj
 0004:000028f8       $pdata$pj_ioqueue_register_sock2 000000014003f8f8     pjlib-x86_64-x64-vc14-release:ioqueue_select.obj
 0004:00002904       $pdata$pj_ioqueue_sendto   000000014003f904     pjlib-x86_64-x64-vc14-release:ioqueue_select.obj
 0004:00002910       $pdata$2$pj_ioqueue_sendto 000000014003f910     pjlib-x86_64-x64-vc14-release:ioqueue_select.obj
 0004:0000291c       $pdata$3$pj_ioqueue_sendto 000000014003f91c     pjlib-x86_64-x64-vc14-release:ioqueue_select.obj
 0004:00002928       $pdata$4$pj_ioqueue_sendto 000000014003f928     pjlib-x86_64-x64-vc14-release:ioqueue_select.obj
 0004:00002934       $pdata$6$pj_ioqueue_sendto 000000014003f934     pjlib-x86_64-x64-vc14-release:ioqueue_select.obj
 0004:00002940       $pdata$7$pj_ioqueue_sendto 000000014003f940     pjlib-x86_64-x64-vc14-release:ioqueue_select.obj
 0004:0000294c       $pdata$pj_ioqueue_set_lock 000000014003f94c     pjlib-x86_64-x64-vc14-release:ioqueue_select.obj
 0004:00002958       $pdata$pj_ioqueue_unregister 000000014003f958     pjlib-x86_64-x64-vc14-release:ioqueue_select.obj
 0004:00002964       $pdata$0$pj_ioqueue_unregister 000000014003f964     pjlib-x86_64-x64-vc14-release:ioqueue_select.obj
 0004:00002970       $pdata$2$pj_ioqueue_unregister 000000014003f970     pjlib-x86_64-x64-vc14-release:ioqueue_select.obj
 0004:0000297c       $pdata$4$pj_ioqueue_unregister 000000014003f97c     pjlib-x86_64-x64-vc14-release:ioqueue_select.obj
 0004:00002988       $pdata$scan_closing_keys   000000014003f988     pjlib-x86_64-x64-vc14-release:ioqueue_select.obj
 0004:00002994       $pdata$0$scan_closing_keys 000000014003f994     pjlib-x86_64-x64-vc14-release:ioqueue_select.obj
 0004:000029a0       $pdata$1$scan_closing_keys 000000014003f9a0     pjlib-x86_64-x64-vc14-release:ioqueue_select.obj
 0004:000029ac       $pdata$create_mutex_lock   000000014003f9ac     pjlib-x86_64-x64-vc14-release:lock.obj
 0004:000029b8       $pdata$0$create_mutex_lock 000000014003f9b8     pjlib-x86_64-x64-vc14-release:lock.obj
 0004:000029c4       $pdata$2$create_mutex_lock 000000014003f9c4     pjlib-x86_64-x64-vc14-release:lock.obj
 0004:000029d0       $pdata$3$create_mutex_lock 000000014003f9d0     pjlib-x86_64-x64-vc14-release:lock.obj
 0004:000029dc       $pdata$grp_lock_acquire    000000014003f9dc     pjlib-x86_64-x64-vc14-release:lock.obj
 0004:000029e8       $pdata$grp_lock_destroy    000000014003f9e8     pjlib-x86_64-x64-vc14-release:lock.obj
 0004:000029f4       $pdata$0$grp_lock_destroy  000000014003f9f4     pjlib-x86_64-x64-vc14-release:lock.obj
 0004:00002a00       $pdata$2$grp_lock_destroy  000000014003fa00     pjlib-x86_64-x64-vc14-release:lock.obj
 0004:00002a0c       $pdata$3$grp_lock_destroy  000000014003fa0c     pjlib-x86_64-x64-vc14-release:lock.obj
 0004:00002a18       $pdata$4$grp_lock_destroy  000000014003fa18     pjlib-x86_64-x64-vc14-release:lock.obj
 0004:00002a24       $pdata$grp_lock_release    000000014003fa24     pjlib-x86_64-x64-vc14-release:lock.obj
 0004:00002a30       $pdata$grp_lock_tryacquire 000000014003fa30     pjlib-x86_64-x64-vc14-release:lock.obj
 0004:00002a3c       $pdata$pj_grp_lock_add_handler 000000014003fa3c     pjlib-x86_64-x64-vc14-release:lock.obj
 0004:00002a48       $pdata$pj_grp_lock_add_ref 000000014003fa48     pjlib-x86_64-x64-vc14-release:lock.obj
 0004:00002a54       $pdata$pj_grp_lock_create  000000014003fa54     pjlib-x86_64-x64-vc14-release:lock.obj
 0004:00002a60       $pdata$0$pj_grp_lock_create 000000014003fa60     pjlib-x86_64-x64-vc14-release:lock.obj
 0004:00002a6c       $pdata$6$pj_grp_lock_create 000000014003fa6c     pjlib-x86_64-x64-vc14-release:lock.obj
 0004:00002a78       $pdata$8$pj_grp_lock_create 000000014003fa78     pjlib-x86_64-x64-vc14-release:lock.obj
 0004:00002a84       $pdata$9$pj_grp_lock_create 000000014003fa84     pjlib-x86_64-x64-vc14-release:lock.obj
 0004:00002a90       $pdata$pj_grp_lock_dec_ref 000000014003fa90     pjlib-x86_64-x64-vc14-release:lock.obj
 0004:00002a9c       $pdata$cancel              000000014003fa9c     pjlib-x86_64-x64-vc14-release:timer.obj
 0004:00002aa8       $pdata$cancel_timer        000000014003faa8     pjlib-x86_64-x64-vc14-release:timer.obj
 0004:00002ab4       $pdata$1$cancel_timer      000000014003fab4     pjlib-x86_64-x64-vc14-release:timer.obj
 0004:00002ac0       $pdata$2$cancel_timer      000000014003fac0     pjlib-x86_64-x64-vc14-release:timer.obj
 0004:00002acc       $pdata$3$cancel_timer      000000014003facc     pjlib-x86_64-x64-vc14-release:timer.obj
 0004:00002ad8       $pdata$grow_heap           000000014003fad8     pjlib-x86_64-x64-vc14-release:timer.obj
 0004:00002ae4       $pdata$pj_timer_heap_create 000000014003fae4     pjlib-x86_64-x64-vc14-release:timer.obj
 0004:00002af0       $pdata$1$pj_timer_heap_create 000000014003faf0     pjlib-x86_64-x64-vc14-release:timer.obj
 0004:00002afc       $pdata$3$pj_timer_heap_create 000000014003fafc     pjlib-x86_64-x64-vc14-release:timer.obj
 0004:00002b08       $pdata$4$pj_timer_heap_create 000000014003fb08     pjlib-x86_64-x64-vc14-release:timer.obj
 0004:00002b14       $pdata$pj_timer_heap_destroy 000000014003fb14     pjlib-x86_64-x64-vc14-release:timer.obj
 0004:00002b20       $pdata$pj_timer_heap_dump  000000014003fb20     pjlib-x86_64-x64-vc14-release:timer.obj
 0004:00002b2c       $pdata$0$pj_timer_heap_dump 000000014003fb2c     pjlib-x86_64-x64-vc14-release:timer.obj
 0004:00002b38       $pdata$2$pj_timer_heap_dump 000000014003fb38     pjlib-x86_64-x64-vc14-release:timer.obj
 0004:00002b44       $pdata$3$pj_timer_heap_dump 000000014003fb44     pjlib-x86_64-x64-vc14-release:timer.obj
 0004:00002b50       $pdata$4$pj_timer_heap_dump 000000014003fb50     pjlib-x86_64-x64-vc14-release:timer.obj
 0004:00002b5c       $pdata$5$pj_timer_heap_dump 000000014003fb5c     pjlib-x86_64-x64-vc14-release:timer.obj
 0004:00002b68       $pdata$6$pj_timer_heap_dump 000000014003fb68     pjlib-x86_64-x64-vc14-release:timer.obj
 0004:00002b74       $pdata$pj_timer_heap_poll  000000014003fb74     pjlib-x86_64-x64-vc14-release:timer.obj
 0004:00002b80       $pdata$2$pj_timer_heap_poll 000000014003fb80     pjlib-x86_64-x64-vc14-release:timer.obj
 0004:00002b8c       $pdata$3$pj_timer_heap_poll 000000014003fb8c     pjlib-x86_64-x64-vc14-release:timer.obj
 0004:00002b98       $pdata$pj_timer_heap_schedule_w_grp_lock_dbg 000000014003fb98     pjlib-x86_64-x64-vc14-release:timer.obj
 0004:00002ba4       $pdata$pj_timer_heap_set_lock 000000014003fba4     pjlib-x86_64-x64-vc14-release:timer.obj
 0004:00002bb0       $pdata$reheap_down         000000014003fbb0     pjlib-x86_64-x64-vc14-release:timer.obj
 0004:00002bbc       $pdata$0$reheap_down       000000014003fbbc     pjlib-x86_64-x64-vc14-release:timer.obj
 0004:00002bc8       $pdata$1$reheap_down       000000014003fbc8     pjlib-x86_64-x64-vc14-release:timer.obj
 0004:00002bd4       $pdata$reheap_up           000000014003fbd4     pjlib-x86_64-x64-vc14-release:timer.obj
 0004:00002be0       $pdata$0$reheap_up         000000014003fbe0     pjlib-x86_64-x64-vc14-release:timer.obj
 0004:00002bec       $pdata$1$reheap_up         000000014003fbec     pjlib-x86_64-x64-vc14-release:timer.obj
 0004:00002bf8       $pdata$remove_node         000000014003fbf8     pjlib-x86_64-x64-vc14-release:timer.obj
 0004:00002c04       $pdata$schedule_w_grp_lock_dbg 000000014003fc04     pjlib-x86_64-x64-vc14-release:timer.obj
 0004:00002c10       $pdata$0$schedule_w_grp_lock_dbg 000000014003fc10     pjlib-x86_64-x64-vc14-release:timer.obj
 0004:00002c1c       $pdata$1$schedule_w_grp_lock_dbg 000000014003fc1c     pjlib-x86_64-x64-vc14-release:timer.obj
 0004:00002c28       $pdata$exception_cleanup   000000014003fc28     pjlib-x86_64-x64-vc14-release:except.obj
 0004:00002c34       $pdata$pj_exception_id_alloc 000000014003fc34     pjlib-x86_64-x64-vc14-release:except.obj
 0004:00002c40       $pdata$pj_exception_id_free 000000014003fc40     pjlib-x86_64-x64-vc14-release:except.obj
 0004:00002c4c       $pdata$pj_exception_id_name 000000014003fc4c     pjlib-x86_64-x64-vc14-release:except.obj
 0004:00002c58       $pdata$pj_pop_exception_handler_ 000000014003fc58     pjlib-x86_64-x64-vc14-release:except.obj
 0004:00002c64       $pdata$pj_push_exception_handler_ 000000014003fc64     pjlib-x86_64-x64-vc14-release:except.obj
 0004:00002c70       $pdata$pj_throw_exception_ 000000014003fc70     pjlib-x86_64-x64-vc14-release:except.obj
 0004:00002c7c       $pdata$0$pj_throw_exception_ 000000014003fc7c     pjlib-x86_64-x64-vc14-release:except.obj
 0004:00002c88       $pdata$1$pj_throw_exception_ 000000014003fc88     pjlib-x86_64-x64-vc14-release:except.obj
 0004:00002c94       $pdata$pj_get_timestamp    000000014003fc94     pjlib-x86_64-x64-vc14-release:os_timestamp_win32.obj
 0004:00002ca0       $pdata$pj_get_timestamp_freq 000000014003fca0     pjlib-x86_64-x64-vc14-release:os_timestamp_win32.obj
 0004:00002cac       $pdata$pj_hash_calc        000000014003fcac     pjlib-x86_64-x64-vc14-release:hash.obj
 0004:00002cb8       $pdata$pj_hash_calc_tolower 000000014003fcb8     pjlib-x86_64-x64-vc14-release:hash.obj
 0004:00002cc4       $pdata$0$pj_hash_calc_tolower 000000014003fcc4     pjlib-x86_64-x64-vc14-release:hash.obj
 0004:00002cd0       $pdata$1$pj_hash_calc_tolower 000000014003fcd0     pjlib-x86_64-x64-vc14-release:hash.obj
 0004:00002cdc       $pdata$pj_hash_create      000000014003fcdc     pjlib-x86_64-x64-vc14-release:hash.obj
 0004:00002ce8       $pdata$pj_hash_get         000000014003fce8     pjlib-x86_64-x64-vc14-release:hash.obj
 0004:00002cf4       $pdata$pj_hash_get_lower   000000014003fcf4     pjlib-x86_64-x64-vc14-release:hash.obj
 0004:00002d00       $pdata$pj_hash_set         000000014003fd00     pjlib-x86_64-x64-vc14-release:hash.obj
 0004:00002d0c       $pdata$pj_hash_set_lower   000000014003fd0c     pjlib-x86_64-x64-vc14-release:hash.obj
 0004:00002d18       $pdata$pj_hash_set_np      000000014003fd18     pjlib-x86_64-x64-vc14-release:hash.obj
 0004:00002d24       $pdata$pj_hash_this        000000014003fd24     pjlib-x86_64-x64-vc14-release:hash.obj
 0004:00002d30       $pdata$pj_get_netos_error  000000014003fd30     pjlib-x86_64-x64-vc14-release:os_error_win32.obj
 0004:00002d3c       $pdata$platform_strerror   000000014003fd3c     pjlib-x86_64-x64-vc14-release:os_error_win32.obj
 0004:00002d48       $pdata$pj_generate_unique_string 000000014003fd48     pjlib-x86_64-x64-vc14-release:guid_win32.obj
 0004:00002d54       $pdata$pj_create_unique_string 000000014003fd54     pjlib-x86_64-x64-vc14-release:guid.obj
 0004:00002d60       $pdata$pj_rand             000000014003fd60     pjlib-x86_64-x64-vc14-release:rand.obj
 0004:00002d6c       $pdata$pj_sock_apply_qos   000000014003fd6c     pjlib-x86_64-x64-vc14-release:sock_qos_common.obj
 0004:00002d78       $pdata$pj_sock_apply_qos2  000000014003fd78     pjlib-x86_64-x64-vc14-release:sock_qos_common.obj
 0004:00002d84       $pdata$get_base_time       000000014003fd84     pjlib-x86_64-x64-vc14-release:os_time_win32.obj
 0004:00002d90       $pdata$pj_gettimeofday     000000014003fd90     pjlib-x86_64-x64-vc14-release:os_time_win32.obj
 0004:00002d9c       $pdata$pj_time_decode      000000014003fd9c     pjlib-x86_64-x64-vc14-release:os_time_win32.obj
 0004:00002da8       $pdata$pj_getaddrinfo      000000014003fda8     pjlib-x86_64-x64-vc14-release:addr_resolv_sock.obj
 0004:00002db4       $pdata$0$pj_getaddrinfo    000000014003fdb4     pjlib-x86_64-x64-vc14-release:addr_resolv_sock.obj
 0004:00002dc0       $pdata$5$pj_getaddrinfo    000000014003fdc0     pjlib-x86_64-x64-vc14-release:addr_resolv_sock.obj
 0004:00002dcc       $pdata$7$pj_getaddrinfo    000000014003fdcc     pjlib-x86_64-x64-vc14-release:addr_resolv_sock.obj
 0004:00002dd8       $pdata$8$pj_getaddrinfo    000000014003fdd8     pjlib-x86_64-x64-vc14-release:addr_resolv_sock.obj
 0004:00002de4       $pdata$9$pj_getaddrinfo    000000014003fde4     pjlib-x86_64-x64-vc14-release:addr_resolv_sock.obj
 0004:00002df0       $pdata$pj_gethostbyname    000000014003fdf0     pjlib-x86_64-x64-vc14-release:addr_resolv_sock.obj
 0004:00002dfc       $pdata$pj_time_val_normalize 000000014003fdfc     pjlib-x86_64-x64-vc14-release:types.obj
 0004:00002e08       $pdata$pj_pool_create_on_buf 000000014003fe08     pjlib-x86_64-x64-vc14-release:pool_buf.obj
 0004:00002e14       $pdata$pool_buf_cleanup    000000014003fe14     pjlib-x86_64-x64-vc14-release:pool_buf.obj
 0004:00002e20       $pdata$stack_alloc         000000014003fe20     pjlib-x86_64-x64-vc14-release:pool_buf.obj
 0004:00002e2c       $pdata$pj_log_write        000000014003fe2c     pjlib-x86_64-x64-vc14-release:log_writer_stdout.obj
 0004:00002e38       $pdata$pj_gettickcount     000000014003fe38     pjlib-x86_64-x64-vc14-release:os_timestamp_common.obj
 0004:00002e44       $pdata$0$pj_gettickcount   000000014003fe44     pjlib-x86_64-x64-vc14-release:os_timestamp_common.obj
 0004:00002e50       $pdata$1$pj_gettickcount   000000014003fe50     pjlib-x86_64-x64-vc14-release:os_timestamp_common.obj
 0004:00002e5c       $pdata$PJ_FD_CLR           000000014003fe5c     pjlib-x86_64-x64-vc14-release:sock_select.obj
 0004:00002e68       $pdata$PJ_FD_ISSET         000000014003fe68     pjlib-x86_64-x64-vc14-release:sock_select.obj
 0004:00002e74       $pdata$PJ_FD_SET           000000014003fe74     pjlib-x86_64-x64-vc14-release:sock_select.obj
 0004:00002e80       $pdata$PJ_FD_ZERO          000000014003fe80     pjlib-x86_64-x64-vc14-release:sock_select.obj
 0004:00002e8c       $pdata$pj_sock_select      000000014003fe8c     pjlib-x86_64-x64-vc14-release:sock_select.obj
 0004:00002e98       $pdata$pj_sock_set_qos_params 000000014003fe98     pjlib-x86_64-x64-vc14-release:sock_qos_bsd.obj
 0004:00002ea4       $pdata$pj_sock_set_qos_type 000000014003fea4     pjlib-x86_64-x64-vc14-release:sock_qos_bsd.obj
 0004:00002eb0       $pdata$__GSHandlerCheck    000000014003feb0     MSVCRT:_gshandler_.obj
 0004:00002ebc       $pdata$__GSHandlerCheckCommon 000000014003febc     MSVCRT:_gshandler_.obj
 0004:00002ed4       $pdata$?pre_c_initialization@@YAHXZ 000000014003fed4     MSVCRT:exe_main.obj
 0004:00002ee0       $pdata$?post_pgo_initialization@@YAHXZ 000000014003fee0     MSVCRT:exe_main.obj
 0004:00002eec       $pdata$?pre_cpp_initialization@@YAXXZ 000000014003feec     MSVCRT:exe_main.obj
 0004:00002ef8       $pdata$?__scrt_common_main_seh@@YAHXZ 000000014003fef8     MSVCRT:exe_main.obj
 0004:00002f04       $pdata$mainCRTStartup      000000014003ff04     MSVCRT:exe_main.obj
 0004:00002f10       $pdata$__raise_securityfailure 000000014003ff10     MSVCRT:gs_report.obj
 0004:00002f1c       $pdata$__report_gsfailure  000000014003ff1c     MSVCRT:gs_report.obj
 0004:00002f28       $pdata$__report_rangecheckfailure 000000014003ff28     MSVCRT:gs_report.obj
 0004:00002f34       $pdata$__report_securityfailure 000000014003ff34     MSVCRT:gs_report.obj
 0004:00002f40       $pdata$capture_current_context 000000014003ff40     MSVCRT:gs_report.obj
 0004:00002f4c       $pdata$capture_previous_context 000000014003ff4c     MSVCRT:gs_report.obj
 0004:00002f58       $pdata$__isa_available_init 000000014003ff58     MSVCRT:_cpu_disp_.obj
 0004:00002f70       $pdata$__scrt_acquire_startup_lock 000000014003ff70     MSVCRT:utility.obj
 0004:00002f7c       $pdata$__scrt_initialize_crt 000000014003ff7c     MSVCRT:utility.obj
 0004:00002f88       $pdata$__scrt_initialize_onexit_tables 000000014003ff88     MSVCRT:utility.obj
 0004:00002f94       $pdata$__scrt_is_nonwritable_in_current_image 000000014003ff94     MSVCRT:utility.obj
 0004:00002fa0       $pdata$__scrt_release_startup_lock 000000014003ffa0     MSVCRT:utility.obj
 0004:00002fac       $pdata$__scrt_uninitialize_crt 000000014003ffac     MSVCRT:utility.obj
 0004:00002fb8       $pdata$_onexit             000000014003ffb8     MSVCRT:utility.obj
 0004:00002fc4       $pdata$atexit              000000014003ffc4     MSVCRT:utility.obj
 0004:00002fd0       $pdata$__security_init_cookie 000000014003ffd0     MSVCRT:gs_support.obj
 0004:00002fdc       $pdata$__scrt_initialize_default_local_stdio_options 000000014003ffdc     MSVCRT:default_local_stdio_options.obj
 0004:00002fe8       $pdata$__scrt_fastfail     000000014003ffe8     MSVCRT:utility_desktop.obj
 0004:00002ff4       $pdata$__scrt_is_managed_app 000000014003fff4     MSVCRT:utility_desktop.obj
 0004:00003000       $pdata$__scrt_unhandled_exception_filter 0000000140040000     MSVCRT:utility_desktop.obj
 0004:0000300c       $pdata$_RTC_Initialize     000000014004000c     MSVCRT:_initsect_.obj
 0004:00003018       $pdata$_RTC_Terminate      0000000140040018     MSVCRT:_initsect_.obj
 0004:00003030       $pdata$?filt$0@?0??__scrt_common_main_seh@@YAHXZ@4HA 0000000140040030     MSVCRT:exe_main.obj
 0004:0000303c       $pdata$__scrt_is_nonwritable_in_current_image$filt$0 000000014004003c     MSVCRT:utility.obj
 0005:00000000       __guard_fids__             0000000140041000     MSVCRT:exe_main.obj
 0005:00000004       __guard_fids__             0000000140041004     MSVCRT:exe_main.obj
 0005:00000008       __guard_fids__             0000000140041008     MSVCRT:exe_main.obj
 0005:0000000c       __guard_fids_?pre_c_initialization@@YAHXZ 000000014004100c     MSVCRT:exe_main.obj
 0005:00000014       __guard_fids___scrt_set_unhandled_exception_filter 0000000140041014     MSVCRT:utility_desktop.obj
 0005:00000018       __guard_fids__             0000000140041018     MSVCRT:guard_support.obj
