 stateless_proxy

 Timestamp is 60aeb6df (Wed May 26 23:00:15 2021)

 Preferred load address is 0000000140000000

 Start         Length     Name                   Class
 0001:00000000 00028030H .text$mn                CODE
 0001:00028030 00000036H .text$mn$00             CODE
 0001:00028066 00000036H .text$x                 CODE
 0002:00000000 00000438H .idata$5                DATA
 0002:00000438 00000028H .00cfg                  DATA
 0002:00000460 00000008H .CRT$XCA                DATA
 0002:00000468 00000008H .CRT$XCAA               DATA
 0002:00000470 00000008H .CRT$XCZ                DATA
 0002:00000478 00000008H .CRT$XIA                DATA
 0002:00000480 00000008H .CRT$XIAA               DATA
 0002:00000488 00000008H .CRT$XIAC               DATA
 0002:00000490 00000008H .CRT$XIZ                DATA
 0002:00000498 00000008H .CRT$XPA                DATA
 0002:000004a0 00000008H .CRT$XPZ                DATA
 0002:000004a8 00000008H .CRT$XTA                DATA
 0002:000004b0 00000010H .CRT$XTZ                DATA
 0002:000004b8 00000000H .gehcont$y              DATA
 0002:000004b8 00000000H .gfids$y                DATA
 0002:000004c0 00007440H .rdata                  DATA
 0002:00007900 00000000H .rdata$CastGuardVftablesA DATA
 0002:00007900 00000000H .rdata$CastGuardVftablesC DATA
 0002:00007900 0000015cH .rdata$voltmd           DATA
 0002:00007a5c 0000025cH .rdata$zzzdbg           DATA
 0002:00007cb8 00000008H .rtc$IAA                DATA
 0002:00007cc0 00000008H .rtc$IZZ                DATA
 0002:00007cc8 00000008H .rtc$TAA                DATA
 0002:00007cd0 00000008H .rtc$TZZ                DATA
 0002:00007cd8 000032c4H .xdata                  DATA
 0002:0000af9c 00000000H .edata                  DATA
 0002:0000af9c 000000f0H .idata$2                DATA
 0002:0000b08c 00000014H .idata$3                DATA
 0002:0000b0a0 00000438H .idata$4                DATA
 0002:0000b4d8 00000822H .idata$6                DATA
 0003:00000000 00001400H .data                   DATA
 0003:00001400 000060d8H .bss                    DATA
 0004:00000000 00002dccH .pdata                  DATA

  Address         Publics by Value              Rva+Base               Lib:Object

 0000:00000000       __dynamic_value_reloc_table 0000000000000000     <absolute>
 0000:00000000       __hybrid_auxiliary_iat     0000000000000000     <absolute>
 0000:00000000       __hybrid_code_map          0000000000000000     <absolute>
 0000:00000000       __hybrid_auxiliary_iat_copy 0000000000000000     <absolute>
 0000:00000000       __arm64x_extra_rfe_table_size 0000000000000000     <absolute>
 0000:00000000       __x64_code_ranges_to_entry_points 0000000000000000     <absolute>
 0000:00000000       ___safe_se_handler_count   0000000000000000     <absolute>
 0000:00000000       __arm64x_redirection_metadata 0000000000000000     <absolute>
 0000:00000000       __guard_longjmp_table      0000000000000000     <absolute>
 0000:00000000       __guard_longjmp_count      0000000000000000     <absolute>
 0000:00000000       __AbsoluteZero             0000000000000000     <absolute>
 0000:00000000       __guard_check_icall_a64n_fptr 0000000000000000     <absolute>
 0000:00000000       __guard_iat_count          0000000000000000     <absolute>
 0000:00000000       __guard_iat_table          0000000000000000     <absolute>
 0000:00000000       __guard_fids_table         0000000000000000     <absolute>
 0000:00000000       __guard_eh_cont_count      0000000000000000     <absolute>
 0000:00000000       __x64_code_ranges_to_entry_points_count 0000000000000000     <absolute>
 0000:00000000       __arm64x_extra_rfe_table   0000000000000000     <absolute>
 0000:00000000       __guard_fids_count         0000000000000000     <absolute>
 0000:00000000       __arm64x_redirection_metadata_count 0000000000000000     <absolute>
 0000:00000000       __enclave_config           0000000000000000     <absolute>
 0000:00000000       __guard_eh_cont_table      0000000000000000     <absolute>
 0000:00000000       ___safe_se_handler_table   0000000000000000     <absolute>
 0000:00000000       __arm64x_native_entrypoint 0000000000000000     <absolute>
 0000:00000000       __hybrid_code_map_count    0000000000000000     <absolute>
 0000:00000100       __guard_flags              0000000000000100     <absolute>
 0000:00000000       __ImageBase                0000000140000000     <linker-defined>
 0001:00001300       main                       0000000140002300 f   stateless_proxy.obj
 0001:00001740       __local_stdio_printf_options 0000000140002740 f i stateless_proxy.obj
 0001:00001750       _snprintf                  0000000140002750 f i stateless_proxy.obj
 0001:000017b0       printf                     00000001400027b0 f i stateless_proxy.obj
 0001:000039b0       pjsip_accept_hdr_create    00000001400049b0 f   pjsip-core-x86_64-x64-vc14-release:sip_msg.obj
 0001:00003a00       pjsip_allow_hdr_create     0000000140004a00 f   pjsip-core-x86_64-x64-vc14-release:sip_msg.obj
 0001:00003a50       pjsip_cid_hdr_create       0000000140004a50 f   pjsip-core-x86_64-x64-vc14-release:sip_msg.obj
 0001:00003ab0       pjsip_clen_hdr_create      0000000140004ab0 f   pjsip-core-x86_64-x64-vc14-release:sip_msg.obj
 0001:00003b10       pjsip_clone_text_data      0000000140004b10 f   pjsip-core-x86_64-x64-vc14-release:sip_msg.obj
 0001:00003b70       pjsip_contact_hdr_create   0000000140004b70 f   pjsip-core-x86_64-x64-vc14-release:sip_msg.obj
 0001:00003c10       pjsip_cseq_hdr_create      0000000140004c10 f   pjsip-core-x86_64-x64-vc14-release:sip_msg.obj
 0001:00003c70       pjsip_ctype_hdr_create     0000000140004c70 f   pjsip-core-x86_64-x64-vc14-release:sip_msg.obj
 0001:00003d00       pjsip_expires_hdr_create   0000000140004d00 f   pjsip-core-x86_64-x64-vc14-release:sip_msg.obj
 0001:00003d50       pjsip_from_hdr_create      0000000140004d50 f   pjsip-core-x86_64-x64-vc14-release:sip_msg.obj
 0001:00003de0       pjsip_fromto_hdr_set_from  0000000140004de0 f   pjsip-core-x86_64-x64-vc14-release:sip_msg.obj
 0001:00003e20       pjsip_fromto_hdr_set_to    0000000140004e20 f   pjsip-core-x86_64-x64-vc14-release:sip_msg.obj
 0001:00003e60       pjsip_generic_string_hdr_create 0000000140004e60 f   pjsip-core-x86_64-x64-vc14-release:sip_msg.obj
 0001:00003f20       pjsip_get_ack_method       0000000140004f20 f   pjsip-core-x86_64-x64-vc14-release:sip_msg.obj
 0001:00003f30       pjsip_get_status_text      0000000140004f30 f   pjsip-core-x86_64-x64-vc14-release:sip_msg.obj
 0001:00003f80       pjsip_hdr_clone            0000000140004f80 f   pjsip-core-x86_64-x64-vc14-release:sip_msg.obj
 0001:00003f90       pjsip_hdr_print_on         0000000140004f90 f   pjsip-core-x86_64-x64-vc14-release:sip_msg.obj
 0001:00003fb0       pjsip_hdr_shallow_clone    0000000140004fb0 f   pjsip-core-x86_64-x64-vc14-release:sip_msg.obj
 0001:00003fc0       pjsip_max_fwd_hdr_create   0000000140004fc0 f   pjsip-core-x86_64-x64-vc14-release:sip_msg.obj
 0001:00004010       pjsip_media_type_cp        0000000140005010 f   pjsip-core-x86_64-x64-vc14-release:sip_msg.obj
 0001:00004070       pjsip_media_type_init      0000000140005070 f   pjsip-core-x86_64-x64-vc14-release:sip_msg.obj
 0001:000040c0       pjsip_media_type_print     00000001400050c0 f   pjsip-core-x86_64-x64-vc14-release:sip_msg.obj
 0001:000040d0       pjsip_method_copy          00000001400050d0 f   pjsip-core-x86_64-x64-vc14-release:sip_msg.obj
 0001:00004100       pjsip_method_init_np       0000000140005100 f   pjsip-core-x86_64-x64-vc14-release:sip_msg.obj
 0001:000041a0       pjsip_min_expires_hdr_create 00000001400051a0 f   pjsip-core-x86_64-x64-vc14-release:sip_msg.obj
 0001:000041f0       pjsip_msg_body_clone       00000001400051f0 f   pjsip-core-x86_64-x64-vc14-release:sip_msg.obj
 0001:000042c0       pjsip_msg_create           00000001400052c0 f   pjsip-core-x86_64-x64-vc14-release:sip_msg.obj
 0001:000042f0       pjsip_msg_find_hdr         00000001400052f0 f   pjsip-core-x86_64-x64-vc14-release:sip_msg.obj
 0001:00004320       pjsip_msg_find_hdr_by_name 0000000140005320 f   pjsip-core-x86_64-x64-vc14-release:sip_msg.obj
 0001:00004390       pjsip_msg_print            0000000140005390 f   pjsip-core-x86_64-x64-vc14-release:sip_msg.obj
 0001:00004700       pjsip_print_text_body      0000000140005700 f   pjsip-core-x86_64-x64-vc14-release:sip_msg.obj
 0001:00004740       pjsip_require_hdr_create   0000000140005740 f   pjsip-core-x86_64-x64-vc14-release:sip_msg.obj
 0001:00004790       pjsip_retry_after_hdr_create 0000000140005790 f   pjsip-core-x86_64-x64-vc14-release:sip_msg.obj
 0001:00004800       pjsip_route_hdr_create     0000000140005800 f   pjsip-core-x86_64-x64-vc14-release:sip_msg.obj
 0001:00004870       pjsip_rr_hdr_create        0000000140005870 f   pjsip-core-x86_64-x64-vc14-release:sip_msg.obj
 0001:000048e0       pjsip_supported_hdr_create 00000001400058e0 f   pjsip-core-x86_64-x64-vc14-release:sip_msg.obj
 0001:00004940       pjsip_to_hdr_create        0000000140005940 f   pjsip-core-x86_64-x64-vc14-release:sip_msg.obj
 0001:000049d0       pjsip_unsupported_hdr_create 00000001400059d0 f   pjsip-core-x86_64-x64-vc14-release:sip_msg.obj
 0001:00004a20       pjsip_via_hdr_create       0000000140005a20 f   pjsip-core-x86_64-x64-vc14-release:sip_msg.obj
 0001:00004e10       pjsip_rx_data_get_info     0000000140005e10 f   pjsip-core-x86_64-x64-vc14-release:sip_transport.obj
 0001:00004ec0       pjsip_tpmgr_acquire_transport2 0000000140005ec0 f   pjsip-core-x86_64-x64-vc14-release:sip_transport.obj
 0001:00005250       pjsip_tpmgr_create         0000000140006250 f   pjsip-core-x86_64-x64-vc14-release:sip_transport.obj
 0001:00005400       pjsip_tpmgr_destroy        0000000140006400 f   pjsip-core-x86_64-x64-vc14-release:sip_transport.obj
 0001:00005550       pjsip_tpmgr_dump_transports 0000000140006550 f   pjsip-core-x86_64-x64-vc14-release:sip_transport.obj
 0001:00005780       pjsip_tpmgr_receive_packet 0000000140006780 f   pjsip-core-x86_64-x64-vc14-release:sip_transport.obj
 0001:00005c50       pjsip_tpselector_dec_ref   0000000140006c50 f   pjsip-core-x86_64-x64-vc14-release:sip_transport.obj
 0001:00005c70       pjsip_transport_add_ref    0000000140006c70 f   pjsip-core-x86_64-x64-vc14-release:sip_transport.obj
 0001:00005d90       pjsip_transport_add_state_listener 0000000140006d90 f   pjsip-core-x86_64-x64-vc14-release:sip_transport.obj
 0001:00005eb0       pjsip_transport_dec_ref    0000000140006eb0 f   pjsip-core-x86_64-x64-vc14-release:sip_transport.obj
 0001:00006050       pjsip_transport_destroy    0000000140007050 f   pjsip-core-x86_64-x64-vc14-release:sip_transport.obj
 0001:000060c0       pjsip_transport_get_default_port_for_type 00000001400070c0 f   pjsip-core-x86_64-x64-vc14-release:sip_transport.obj
 0001:00006100       pjsip_transport_get_flag_from_type 0000000140007100 f   pjsip-core-x86_64-x64-vc14-release:sip_transport.obj
 0001:00006140       pjsip_transport_get_type_desc 0000000140007140 f   pjsip-core-x86_64-x64-vc14-release:sip_transport.obj
 0001:00006180       pjsip_transport_get_type_from_flag 0000000140007180 f   pjsip-core-x86_64-x64-vc14-release:sip_transport.obj
 0001:000061c0       pjsip_transport_get_type_from_name 00000001400071c0 f   pjsip-core-x86_64-x64-vc14-release:sip_transport.obj
 0001:00006240       pjsip_transport_get_type_name 0000000140007240 f   pjsip-core-x86_64-x64-vc14-release:sip_transport.obj
 0001:00006280       pjsip_transport_register   0000000140007280 f   pjsip-core-x86_64-x64-vc14-release:sip_transport.obj
 0001:000063d0       pjsip_transport_remove_state_listener 00000001400073d0 f   pjsip-core-x86_64-x64-vc14-release:sip_transport.obj
 0001:000064a0       pjsip_transport_send       00000001400074a0 f   pjsip-core-x86_64-x64-vc14-release:sip_transport.obj
 0001:00006690       pjsip_tx_data_add_ref      0000000140007690 f   pjsip-core-x86_64-x64-vc14-release:sip_transport.obj
 0001:000066a0       pjsip_tx_data_create       00000001400076a0 f   pjsip-core-x86_64-x64-vc14-release:sip_transport.obj
 0001:000067e0       pjsip_tx_data_dec_ref      00000001400077e0 f   pjsip-core-x86_64-x64-vc14-release:sip_transport.obj
 0001:00006830       pjsip_tx_data_encode       0000000140007830 f   pjsip-core-x86_64-x64-vc14-release:sip_transport.obj
 0001:00006930       pjsip_tx_data_get_info     0000000140007930 f   pjsip-core-x86_64-x64-vc14-release:sip_transport.obj
 0001:000069a0       pjsip_tx_data_invalidate_msg 00000001400079a0 f   pjsip-core-x86_64-x64-vc14-release:sip_transport.obj
 0001:00006fb0       pjsip_endpt_acquire_transport2 0000000140007fb0 f   pjsip-core-x86_64-x64-vc14-release:sip_endpoint.obj
 0001:00006fc0       pjsip_endpt_atexit         0000000140007fc0 f   pjsip-core-x86_64-x64-vc14-release:sip_endpoint.obj
 0001:00007040       pjsip_endpt_cancel_timer   0000000140008040 f   pjsip-core-x86_64-x64-vc14-release:sip_endpoint.obj
 0001:00007070       pjsip_endpt_create         0000000140008070 f   pjsip-core-x86_64-x64-vc14-release:sip_endpoint.obj
 0001:00007370       pjsip_endpt_create_pool    0000000140008370 f   pjsip-core-x86_64-x64-vc14-release:sip_endpoint.obj
 0001:000073d0       pjsip_endpt_create_tdata   00000001400083d0 f   pjsip-core-x86_64-x64-vc14-release:sip_endpoint.obj
 0001:000073e0       pjsip_endpt_destroy        00000001400083e0 f   pjsip-core-x86_64-x64-vc14-release:sip_endpoint.obj
 0001:00007570       pjsip_endpt_dump           0000000140008570 f   pjsip-core-x86_64-x64-vc14-release:sip_endpoint.obj
 0001:00007660       pjsip_endpt_get_ioqueue    0000000140008660 f   pjsip-core-x86_64-x64-vc14-release:sip_endpoint.obj
 0001:00007670       pjsip_endpt_get_request_headers 0000000140008670 f   pjsip-core-x86_64-x64-vc14-release:sip_endpoint.obj
 0001:00007680       pjsip_endpt_get_timer_heap 0000000140008680 f   pjsip-core-x86_64-x64-vc14-release:sip_endpoint.obj
 0001:00007690       pjsip_endpt_get_tpmgr      0000000140008690 f   pjsip-core-x86_64-x64-vc14-release:sip_endpoint.obj
 0001:000076a0       pjsip_endpt_handle_events  00000001400086a0 f   pjsip-core-x86_64-x64-vc14-release:sip_endpoint.obj
 0001:00007780       pjsip_endpt_log_error      0000000140008780 f   pjsip-core-x86_64-x64-vc14-release:sip_endpoint.obj
 0001:000078c0       pjsip_endpt_register_module 00000001400088c0 f   pjsip-core-x86_64-x64-vc14-release:sip_endpoint.obj
 0001:00007a10       pjsip_endpt_release_pool   0000000140008a10 f   pjsip-core-x86_64-x64-vc14-release:sip_endpoint.obj
 0001:00007a30       pjsip_endpt_resolve        0000000140008a30 f   pjsip-core-x86_64-x64-vc14-release:sip_endpoint.obj
 0001:00007a40       pjsip_endpt_schedule_timer_w_grp_lock_dbg 0000000140008a40 f   pjsip-core-x86_64-x64-vc14-release:sip_endpoint.obj
 0001:00007a90       pjsip_endpt_unregister_module 0000000140008a90 f   pjsip-core-x86_64-x64-vc14-release:sip_endpoint.obj
 0001:00007e80       pjsip_endpt_create_ack     0000000140008e80 f   pjsip-core-x86_64-x64-vc14-release:sip_util.obj
 0001:000080f0       pjsip_endpt_create_request_from_hdr 00000001400090f0 f   pjsip-core-x86_64-x64-vc14-release:sip_util.obj
 0001:00008380       pjsip_endpt_create_response 0000000140009380 f   pjsip-core-x86_64-x64-vc14-release:sip_util.obj
 0001:00008640       pjsip_endpt_respond_stateless 0000000140009640 f   pjsip-core-x86_64-x64-vc14-release:sip_util.obj
 0001:000087c0       pjsip_endpt_send_request_stateless 00000001400097c0 f   pjsip-core-x86_64-x64-vc14-release:sip_util.obj
 0001:000088e0       pjsip_endpt_send_response  00000001400098e0 f   pjsip-core-x86_64-x64-vc14-release:sip_util.obj
 0001:00008a10       pjsip_event_str            0000000140009a10 f   pjsip-core-x86_64-x64-vc14-release:sip_util.obj
 0001:00008a20       pjsip_get_dest_info        0000000140009a20 f   pjsip-core-x86_64-x64-vc14-release:sip_util.obj
 0001:00008c00       pjsip_get_response_addr    0000000140009c00 f   pjsip-core-x86_64-x64-vc14-release:sip_util.obj
 0001:00008d60       pjsip_process_route_set    0000000140009d60 f   pjsip-core-x86_64-x64-vc14-release:sip_util.obj
 0001:00009a20       pjsip_endpt_create_request_fwd 000000014000aa20 f   pjsip-core-x86_64-x64-vc14-release:sip_util_proxy.obj
 0001:00009de0       pjsip_endpt_create_response_fwd 000000014000ade0 f   pjsip-core-x86_64-x64-vc14-release:sip_util_proxy.obj
 0001:0000a140       pjsip_udp_transport_restart2 000000014000b140 f   pjsip-core-x86_64-x64-vc14-release:sip_transport_udp.obj
 0001:0000a380       pjsip_udp_transport_start  000000014000b380 f   pjsip-core-x86_64-x64-vc14-release:sip_transport_udp.obj
 0001:0000a450       pjsip_udp_transport_start2 000000014000b450 f   pjsip-core-x86_64-x64-vc14-release:sip_transport_udp.obj
 0001:0000c3e0       pjsip_name_addr_assign     000000014000d3e0 f   pjsip-core-x86_64-x64-vc14-release:sip_uri.obj
 0001:0000c430       pjsip_name_addr_create     000000014000d430 f   pjsip-core-x86_64-x64-vc14-release:sip_uri.obj
 0001:0000c460       pjsip_name_addr_init       000000014000d460 f   pjsip-core-x86_64-x64-vc14-release:sip_uri.obj
 0001:0000c480       pjsip_other_uri_create     000000014000d480 f   pjsip-core-x86_64-x64-vc14-release:sip_uri.obj
 0001:0000c4b0       pjsip_param_clone          000000014000d4b0 f   pjsip-core-x86_64-x64-vc14-release:sip_uri.obj
 0001:0000c550       pjsip_param_find           000000014000d550 f   pjsip-core-x86_64-x64-vc14-release:sip_uri.obj
 0001:0000c5b0       pjsip_param_print_on       000000014000d5b0 f   pjsip-core-x86_64-x64-vc14-release:sip_uri.obj
 0001:0000c6f0       pjsip_param_shallow_clone  000000014000d6f0 f   pjsip-core-x86_64-x64-vc14-release:sip_uri.obj
 0001:0000c770       pjsip_sip_uri_create       000000014000d770 f   pjsip-core-x86_64-x64-vc14-release:sip_uri.obj
 0001:0000c7f0       deinit_sip_parser          000000014000d7f0 f   pjsip-core-x86_64-x64-vc14-release:sip_parser.obj
 0001:0000d1a0       init_sip_parser            000000014000e1a0 f   pjsip-core-x86_64-x64-vc14-release:sip_parser.obj
 0001:0000fcd0       pjsip_find_msg             0000000140010cd0 f   pjsip-core-x86_64-x64-vc14-release:sip_parser.obj
 0001:00010050       pjsip_parse_end_hdr_imp    0000000140011050 f   pjsip-core-x86_64-x64-vc14-release:sip_parser.obj
 0001:00010070       pjsip_parse_headers        0000000140011070 f   pjsip-core-x86_64-x64-vc14-release:sip_parser.obj
 0001:000102e0       pjsip_parse_param_imp      00000001400112e0 f   pjsip-core-x86_64-x64-vc14-release:sip_parser.obj
 0001:000103d0       pjsip_parse_rdata          00000001400113d0 f   pjsip-core-x86_64-x64-vc14-release:sip_parser.obj
 0001:00010450       pjsip_parser_const         0000000140011450 f   pjsip-core-x86_64-x64-vc14-release:sip_parser.obj
 0001:00010460       pjsip_register_hdr_parser  0000000140011460 f   pjsip-core-x86_64-x64-vc14-release:sip_parser.obj
 0001:00010540       pjsip_register_uri_parser  0000000140011540 f   pjsip-core-x86_64-x64-vc14-release:sip_parser.obj
 0001:000108d0       pjsip_resolve              00000001400118d0 f   pjsip-core-x86_64-x64-vc14-release:sip_resolve.obj
 0001:00010f80       pjsip_resolver_create      0000000140011f80 f   pjsip-core-x86_64-x64-vc14-release:sip_resolve.obj
 0001:00010fc0       pjsip_resolver_destroy     0000000140011fc0 f   pjsip-core-x86_64-x64-vc14-release:sip_resolve.obj
 0001:00010ff0       pjsip_resolver_get_resolver 0000000140011ff0 f   pjsip-core-x86_64-x64-vc14-release:sip_resolve.obj
 0001:00010ff0       PJ_FD_COUNT                0000000140011ff0 f   pjlib-x86_64-x64-vc14-release:sock_select.obj
 0001:000111f0       pjsip_strerror             00000001400121f0 f   pjsip-core-x86_64-x64-vc14-release:sip_errno.obj
 0001:00011770       pjsip_tel_nb_cmp           0000000140012770 f   pjsip-core-x86_64-x64-vc14-release:sip_tel_uri.obj
 0001:00011870       pjsip_tel_uri_subsys_init  0000000140012870 f   pjsip-core-x86_64-x64-vc14-release:sip_tel_uri.obj
 0001:00011d10       __scrt_exe_initialize_mta  0000000140012d10 f   MSVCRT:utility_desktop.obj
 0001:00011d10       _matherr                   0000000140012d10 f   MSVCRT:matherr.obj
 0001:00011d10       _get_startup_thread_locale_mode 0000000140012d10 f   MSVCRT:thread_locale.obj
 0001:00011d10       __scrt_stub_for_initialize_mta 0000000140012d10 f   MSVCRT:utility_desktop.obj
 0001:00011d10       _get_startup_new_mode      0000000140012d10 f   MSVCRT:new_mode.obj
 0001:00011d10       _get_startup_commit_mode   0000000140012d10 f   MSVCRT:commit_mode.obj
 0001:00011d10       __scrt_initialize_winrt    0000000140012d10 f   MSVCRT:utility_desktop.obj
 0001:00013cf0       pjsip_rdata_get_tsx        0000000140014cf0 f   pjsip-core-x86_64-x64-vc14-release:sip_transaction.obj
 0001:00013d00       pjsip_tsx_recv_msg         0000000140014d00 f   pjsip-core-x86_64-x64-vc14-release:sip_transaction.obj
 0001:00015420       pjsip_multipart_parse      0000000140016420 f   pjsip-core-x86_64-x64-vc14-release:sip_multipart.obj
 0001:00015e50       pjsip_auth_init_parser     0000000140016e50 f   pjsip-core-x86_64-x64-vc14-release:sip_auth_parser.obj
 0001:00016670       pjsip_authorization_hdr_create 0000000140017670 f   pjsip-core-x86_64-x64-vc14-release:sip_auth_msg.obj
 0001:000166f0       pjsip_proxy_authenticate_hdr_create 00000001400176f0 f   pjsip-core-x86_64-x64-vc14-release:sip_auth_msg.obj
 0001:00016770       pjsip_proxy_authorization_hdr_create 0000000140017770 f   pjsip-core-x86_64-x64-vc14-release:sip_auth_msg.obj
 0001:000167f0       pjsip_www_authenticate_hdr_create 00000001400177f0 f   pjsip-core-x86_64-x64-vc14-release:sip_auth_msg.obj
 0001:00017420       pjlib_util_init            0000000140018420 f   pjlib-util-x86_64-x64-vc14-release:errno.obj
 0001:00017440       pjlib_util_strerror        0000000140018440 f   pjlib-util-x86_64-x64-vc14-release:errno.obj
 0001:00017e40       pj_getopt_long             0000000140018e40 f   pjlib-util-x86_64-x64-vc14-release:getopt.obj
 0001:00017e60       pj_str_unescape            0000000140018e60 f   pjlib-util-x86_64-x64-vc14-release:string.obj
 0001:00017f70       pj_strncpy2_escape         0000000140018f70 f   pjlib-util-x86_64-x64-vc14-release:string.obj
 0001:00018320       pj_dns_parse_addr_response 0000000140019320 f   pjlib-util-x86_64-x64-vc14-release:resolver.obj
 0001:00018640       pj_dns_resolver_cancel_query 0000000140019640 f   pjlib-util-x86_64-x64-vc14-release:resolver.obj
 0001:000186e0       pj_dns_resolver_destroy    00000001400196e0 f   pjlib-util-x86_64-x64-vc14-release:resolver.obj
 0001:000188b0       pj_dns_resolver_dump       00000001400198b0 f   pjlib-util-x86_64-x64-vc14-release:resolver.obj
 0001:00018c30       pj_dns_resolver_start_query 0000000140019c30 f   pjlib-util-x86_64-x64-vc14-release:resolver.obj
 0001:00019dc0       pj_md5_final               000000014001adc0 f   pjlib-util-x86_64-x64-vc14-release:md5.obj
 0001:00019e80       pj_md5_init                000000014001ae80 f   pjlib-util-x86_64-x64-vc14-release:md5.obj
 0001:00019eb0       pj_md5_update              000000014001aeb0 f   pjlib-util-x86_64-x64-vc14-release:md5.obj
 0001:00019fb0       pj_cis_add_alpha           000000014001afb0 f   pjlib-util-x86_64-x64-vc14-release:scanner.obj
 0001:00019fe0       pj_cis_add_cis             000000014001afe0 f   pjlib-util-x86_64-x64-vc14-release:scanner.obj
 0001:0001a030       pj_cis_add_num             000000014001b030 f   pjlib-util-x86_64-x64-vc14-release:scanner.obj
 0001:0001a040       pj_cis_add_range           000000014001b040 f   pjlib-util-x86_64-x64-vc14-release:scanner.obj
 0001:0001a190       pj_cis_add_str             000000014001b190 f   pjlib-util-x86_64-x64-vc14-release:scanner.obj
 0001:0001a1d0       pj_cis_buf_init            000000014001b1d0 f   pjlib-util-x86_64-x64-vc14-release:scanner.obj
 0001:0001a200       pj_cis_del_str             000000014001b200 f   pjlib-util-x86_64-x64-vc14-release:scanner.obj
 0001:0001a240       pj_cis_dup                 000000014001b240 f   pjlib-util-x86_64-x64-vc14-release:scanner.obj
 0001:0001a2f0       pj_cis_init                000000014001b2f0 f   pjlib-util-x86_64-x64-vc14-release:scanner.obj
 0001:0001a330       pj_cis_invert              000000014001b330 f   pjlib-util-x86_64-x64-vc14-release:scanner.obj
 0001:0001a380       pj_scan_advance_n          000000014001b380 f   pjlib-util-x86_64-x64-vc14-release:scanner.obj
 0001:0001a3b0       pj_scan_fini               000000014001b3b0 f   pjlib-util-x86_64-x64-vc14-release:scanner.obj
 0001:0001a3d0       pj_scan_get                000000014001b3d0 f   pjlib-util-x86_64-x64-vc14-release:scanner.obj
 0001:0001a440       pj_scan_get_char           000000014001b440 f   pjlib-util-x86_64-x64-vc14-release:scanner.obj
 0001:0001a490       pj_scan_get_n              000000014001b490 f   pjlib-util-x86_64-x64-vc14-release:scanner.obj
 0001:0001a4d0       pj_scan_get_newline        000000014001b4d0 f   pjlib-util-x86_64-x64-vc14-release:scanner.obj
 0001:0001a510       pj_scan_get_quote          000000014001b510 f   pjlib-util-x86_64-x64-vc14-release:scanner.obj
 0001:0001a5e0       pj_scan_get_until_ch       000000014001b5e0 f   pjlib-util-x86_64-x64-vc14-release:scanner.obj
 0001:0001a630       pj_scan_init               000000014001b630 f   pjlib-util-x86_64-x64-vc14-release:scanner.obj
 0001:0001a6b0       pj_scan_peek               000000014001b6b0 f   pjlib-util-x86_64-x64-vc14-release:scanner.obj
 0001:0001a720       pj_scan_skip_line          000000014001b720 f   pjlib-util-x86_64-x64-vc14-release:scanner.obj
 0001:0001a760       pj_scan_skip_whitespace    000000014001b760 f   pjlib-util-x86_64-x64-vc14-release:scanner.obj
 0001:0001a840       pj_dns_get_type_name       000000014001b840 f   pjlib-util-x86_64-x64-vc14-release:dns.obj
 0001:0001a910       pj_dns_make_query          000000014001b910 f   pjlib-util-x86_64-x64-vc14-release:dns.obj
 0001:0001bc10       pj_dns_srv_resolve         000000014001cc10 f   pjlib-util-x86_64-x64-vc14-release:srv_resolver.obj
 0001:0001bee0       pj_atexit                  000000014001cee0 f   pjlib-x86_64-x64-vc14-release:os_core_win32.obj
 0001:0001bf10       pj_atomic_create           000000014001cf10 f   pjlib-x86_64-x64-vc14-release:os_core_win32.obj
 0001:0001bf50       pj_atomic_dec_and_get      000000014001cf50 f   pjlib-x86_64-x64-vc14-release:os_core_win32.obj
 0001:0001bfc0       pj_atomic_destroy          000000014001cfc0 f   pjlib-x86_64-x64-vc14-release:os_core_win32.obj
 0001:0001bfd0       pj_atomic_get              000000014001cfd0 f   pjlib-x86_64-x64-vc14-release:os_core_win32.obj
 0001:0001c040       pj_atomic_inc              000000014001d040 f   pjlib-x86_64-x64-vc14-release:os_core_win32.obj
 0001:0001c0a0       pj_atomic_inc_and_get      000000014001d0a0 f   pjlib-x86_64-x64-vc14-release:os_core_win32.obj
 0001:0001c110       pj_atomic_set              000000014001d110 f   pjlib-x86_64-x64-vc14-release:os_core_win32.obj
 0001:0001c180       pj_enter_critical_section  000000014001d180 f   pjlib-x86_64-x64-vc14-release:os_core_win32.obj
 0001:0001c1f0       pj_init                    000000014001d1f0 f   pjlib-x86_64-x64-vc14-release:os_core_win32.obj
 0001:0001c520       pj_leave_critical_section  000000014001d520 f   pjlib-x86_64-x64-vc14-release:os_core_win32.obj
 0001:0001c590       pj_mutex_create            000000014001d590 f   pjlib-x86_64-x64-vc14-release:os_core_win32.obj
 0001:0001c610       pj_mutex_create_simple     000000014001d610 f   pjlib-x86_64-x64-vc14-release:os_core_win32.obj
 0001:0001c610       pj_mutex_create_recursive  000000014001d610 f   pjlib-x86_64-x64-vc14-release:os_core_win32.obj
 0001:0001c690       pj_mutex_destroy           000000014001d690 f   pjlib-x86_64-x64-vc14-release:os_core_win32.obj
 0001:0001c710       pj_mutex_lock              000000014001d710 f   pjlib-x86_64-x64-vc14-release:os_core_win32.obj
 0001:0001c790       pj_mutex_trylock           000000014001d790 f   pjlib-x86_64-x64-vc14-release:os_core_win32.obj
 0001:0001c820       pj_mutex_unlock            000000014001d820 f   pjlib-x86_64-x64-vc14-release:os_core_win32.obj
 0001:0001c8a0       pj_rwmutex_create          000000014001d8a0 f   pjlib-x86_64-x64-vc14-release:os_core_win32.obj
 0001:0001caa0       pj_rwmutex_destroy         000000014001daa0 f   pjlib-x86_64-x64-vc14-release:os_core_win32.obj
 0001:0001cbb0       pj_rwmutex_lock_read       000000014001dbb0 f   pjlib-x86_64-x64-vc14-release:os_core_win32.obj
 0001:0001ccd0       pj_rwmutex_lock_write      000000014001dcd0 f   pjlib-x86_64-x64-vc14-release:os_core_win32.obj
 0001:0001cd70       pj_rwmutex_unlock_read     000000014001dd70 f   pjlib-x86_64-x64-vc14-release:os_core_win32.obj
 0001:0001ce90       pj_rwmutex_unlock_write    000000014001de90 f   pjlib-x86_64-x64-vc14-release:os_core_win32.obj
 0001:0001ceb0       pj_sem_destroy             000000014001deb0 f   pjlib-x86_64-x64-vc14-release:os_core_win32.obj
 0001:0001cf60       pj_sem_post                000000014001df60 f   pjlib-x86_64-x64-vc14-release:os_core_win32.obj
 0001:0001d020       pj_sem_trywait             000000014001e020 f   pjlib-x86_64-x64-vc14-release:os_core_win32.obj
 0001:0001d0a0       pj_sem_wait                000000014001e0a0 f   pjlib-x86_64-x64-vc14-release:os_core_win32.obj
 0001:0001d210       pj_shutdown                000000014001e210 f   pjlib-x86_64-x64-vc14-release:os_core_win32.obj
 0001:0001d390       pj_term_set_color          000000014001e390 f   pjlib-x86_64-x64-vc14-release:os_core_win32.obj
 0001:0001d480       pj_thread_check_stack      000000014001e480 f   pjlib-x86_64-x64-vc14-release:os_core_win32.obj
 0001:0001d4e0       pj_thread_create           000000014001e4e0 f   pjlib-x86_64-x64-vc14-release:os_core_win32.obj
 0001:0001d6a0       pj_thread_get_name         000000014001e6a0 f   pjlib-x86_64-x64-vc14-release:os_core_win32.obj
 0001:0001d710       pj_thread_join             000000014001e710 f   pjlib-x86_64-x64-vc14-release:os_core_win32.obj
 0001:0001d810       pj_thread_local_alloc      000000014001e810 f   pjlib-x86_64-x64-vc14-release:os_core_win32.obj
 0001:0001d880       pj_thread_local_free       000000014001e880 f   pjlib-x86_64-x64-vc14-release:os_core_win32.obj
 0001:0001d8e0       pj_thread_local_get        000000014001e8e0 f   pjlib-x86_64-x64-vc14-release:os_core_win32.obj
 0001:0001d8f0       pj_thread_local_set        000000014001e8f0 f   pjlib-x86_64-x64-vc14-release:os_core_win32.obj
 0001:0001d940       pj_thread_sleep            000000014001e940 f   pjlib-x86_64-x64-vc14-release:os_core_win32.obj
 0001:0001d9b0       pj_thread_this             000000014001e9b0 f   pjlib-x86_64-x64-vc14-release:os_core_win32.obj
 0001:0001da70       pj_errno_clear_handlers    000000014001ea70 f   pjlib-x86_64-x64-vc14-release:errno.obj
 0001:0001da90       pj_perror                  000000014001ea90 f   pjlib-x86_64-x64-vc14-release:errno.obj
 0001:0001dab0       pj_perror_1                000000014001eab0 f   pjlib-x86_64-x64-vc14-release:errno.obj
 0001:0001dae0       pj_perror_2                000000014001eae0 f   pjlib-x86_64-x64-vc14-release:errno.obj
 0001:0001db10       pj_perror_3                000000014001eb10 f   pjlib-x86_64-x64-vc14-release:errno.obj
 0001:0001db40       pj_perror_4                000000014001eb40 f   pjlib-x86_64-x64-vc14-release:errno.obj
 0001:0001dc60       pj_register_strerror       000000014001ec60 f   pjlib-x86_64-x64-vc14-release:errno.obj
 0001:0001dd50       pj_strerror                000000014001ed50 f   pjlib-x86_64-x64-vc14-release:errno.obj
 0001:0001dee0       pj_list_erase              000000014001eee0 f   pjlib-x86_64-x64-vc14-release:list.obj
 0001:0001df00       pj_list_find_node          000000014001ef00 f   pjlib-x86_64-x64-vc14-release:list.obj
 0001:0001df30       pj_list_insert_after       000000014001ef30 f   pjlib-x86_64-x64-vc14-release:list.obj
 0001:0001df50       pj_list_insert_before      000000014001ef50 f   pjlib-x86_64-x64-vc14-release:list.obj
 0001:0001df70       pj_list_insert_nodes_before 000000014001ef70 f   pjlib-x86_64-x64-vc14-release:list.obj
 0001:0001df90       pj_list_search             000000014001ef90 f   pjlib-x86_64-x64-vc14-release:list.obj
 0001:0001dff0       pj_list_size               000000014001eff0 f   pjlib-x86_64-x64-vc14-release:list.obj
 0001:0001e010       pj_gethostname             000000014001f010 f   pjlib-x86_64-x64-vc14-release:sock_bsd.obj
 0001:0001e0b0       pj_htonl                   000000014001f0b0 f   pjlib-x86_64-x64-vc14-release:sock_bsd.obj
 0001:0001e0c0       pj_htons                   000000014001f0c0 f   pjlib-x86_64-x64-vc14-release:sock_bsd.obj
 0001:0001e0d0       pj_inet_aton               000000014001f0d0 f   pjlib-x86_64-x64-vc14-release:sock_bsd.obj
 0001:0001e160       pj_inet_ntop               000000014001f160 f   pjlib-x86_64-x64-vc14-release:sock_bsd.obj
 0001:0001e290       pj_inet_pton               000000014001f290 f   pjlib-x86_64-x64-vc14-release:sock_bsd.obj
 0001:0001e3d0       pj_ntohl                   000000014001f3d0 f   pjlib-x86_64-x64-vc14-release:sock_bsd.obj
 0001:0001e3e0       pj_ntohs                   000000014001f3e0 f   pjlib-x86_64-x64-vc14-release:sock_bsd.obj
 0001:0001e3f0       pj_sock_accept             000000014001f3f0 f   pjlib-x86_64-x64-vc14-release:sock_bsd.obj
 0001:0001e490       pj_sock_bind               000000014001f490 f   pjlib-x86_64-x64-vc14-release:sock_bsd.obj
 0001:0001e550       pj_sock_close              000000014001f550 f   pjlib-x86_64-x64-vc14-release:sock_bsd.obj
 0001:0001e5b0       pj_sock_connect            000000014001f5b0 f   pjlib-x86_64-x64-vc14-release:sock_bsd.obj
 0001:0001e650       pj_sock_getsockname        000000014001f650 f   pjlib-x86_64-x64-vc14-release:sock_bsd.obj
 0001:0001e6f0       pj_sock_getsockopt         000000014001f6f0 f   pjlib-x86_64-x64-vc14-release:sock_bsd.obj
 0001:0001e7a0       pj_sock_recv               000000014001f7a0 f   pjlib-x86_64-x64-vc14-release:sock_bsd.obj
 0001:0001e840       pj_sock_recvfrom           000000014001f840 f   pjlib-x86_64-x64-vc14-release:sock_bsd.obj
 0001:0001e900       pj_sock_send               000000014001f900 f   pjlib-x86_64-x64-vc14-release:sock_bsd.obj
 0001:0001e9a0       pj_sock_sendto             000000014001f9a0 f   pjlib-x86_64-x64-vc14-release:sock_bsd.obj
 0001:0001ea50       pj_sock_setsockopt         000000014001fa50 f   pjlib-x86_64-x64-vc14-release:sock_bsd.obj
 0001:0001eb00       pj_sock_setsockopt_params  000000014001fb00 f   pjlib-x86_64-x64-vc14-release:sock_bsd.obj
 0001:0001ec40       pj_sock_socket             000000014001fc40 f   pjlib-x86_64-x64-vc14-release:sock_bsd.obj
 0001:0001ed50       pj_NO_MEMORY_EXCEPTION     000000014001fd50 f   pjlib-x86_64-x64-vc14-release:pool.obj
 0001:0001ed60       pj_pool_alloc              000000014001fd60 f   pjlib-x86_64-x64-vc14-release:pool.obj
 0001:0001ef20       pj_pool_calloc             000000014001ff20 f   pjlib-x86_64-x64-vc14-release:pool.obj
 0001:0001ef60       pj_pool_create             000000014001ff60 f   pjlib-x86_64-x64-vc14-release:pool.obj
 0001:0001ef70       pj_pool_create_int         000000014001ff70 f   pjlib-x86_64-x64-vc14-release:pool.obj
 0001:0001f0d0       pj_pool_destroy_int        00000001400200d0 f   pjlib-x86_64-x64-vc14-release:pool.obj
 0001:0001f110       pj_pool_get_capacity       0000000140020110 f   pjlib-x86_64-x64-vc14-release:pool.obj
 0001:0001f120       pj_pool_get_used_size      0000000140020120 f   pjlib-x86_64-x64-vc14-release:pool.obj
 0001:0001f160       pj_pool_getobjname         0000000140020160 f   pjlib-x86_64-x64-vc14-release:pool.obj
 0001:0001f170       pj_pool_init_int           0000000140020170 f   pjlib-x86_64-x64-vc14-release:pool.obj
 0001:0001f210       pj_pool_release            0000000140020210 f   pjlib-x86_64-x64-vc14-release:pool.obj
 0001:0001f230       pj_pool_reset              0000000140020230 f   pjlib-x86_64-x64-vc14-release:pool.obj
 0001:0001f740       pj_caching_pool_destroy    0000000140020740 f   pjlib-x86_64-x64-vc14-release:pool_caching.obj
 0001:0001f850       pj_caching_pool_init       0000000140020850 f   pjlib-x86_64-x64-vc14-release:pool_caching.obj
 0001:0001fa10       pj_str                     0000000140020a10 f   pjlib-x86_64-x64-vc14-release:string.obj
 0001:0001fa40       pj_strcat                  0000000140020a40 f   pjlib-x86_64-x64-vc14-release:string.obj
 0001:0001fa80       pj_strcat2                 0000000140020a80 f   pjlib-x86_64-x64-vc14-release:string.obj
 0001:0001fad0       pj_strcmp                  0000000140020ad0 f   pjlib-x86_64-x64-vc14-release:string.obj
 0001:0001fb50       pj_strcpy                  0000000140020b50 f   pjlib-x86_64-x64-vc14-release:string.obj
 0001:0001fb80       pj_strcpy2                 0000000140020b80 f   pjlib-x86_64-x64-vc14-release:string.obj
 0001:0001fbd0       pj_strdup                  0000000140020bd0 f   pjlib-x86_64-x64-vc14-release:string.obj
 0001:0001fc20       pj_strdup2                 0000000140020c20 f   pjlib-x86_64-x64-vc14-release:string.obj
 0001:0001fc90       pj_strdup_with_null        0000000140020c90 f   pjlib-x86_64-x64-vc14-release:string.obj
 0001:0001fcf0       pj_stricmp                 0000000140020cf0 f   pjlib-x86_64-x64-vc14-release:string.obj
 0001:0001fd80       pj_stricmp2                0000000140020d80 f   pjlib-x86_64-x64-vc14-release:string.obj
 0001:0001fe30       pj_strncpy                 0000000140020e30 f   pjlib-x86_64-x64-vc14-release:string.obj
 0001:0001fe80       pj_strncpy_with_null       0000000140020e80 f   pjlib-x86_64-x64-vc14-release:string.obj
 0001:0001fed0       pj_strnicmp                0000000140020ed0 f   pjlib-x86_64-x64-vc14-release:string.obj
 0001:0001ff20       pj_strstr                  0000000140020f20 f   pjlib-x86_64-x64-vc14-release:string.obj
 0001:0001ffb0       pj_strtol2                 0000000140020fb0 f   pjlib-x86_64-x64-vc14-release:string.obj
 0001:00020180       pj_strtoul                 0000000140021180 f   pjlib-x86_64-x64-vc14-release:string.obj
 0001:00020220       pj_strtrim                 0000000140021220 f   pjlib-x86_64-x64-vc14-release:string.obj
 0001:000202c0       pj_utoa                    00000001400212c0 f   pjlib-x86_64-x64-vc14-release:string.obj
 0001:00020360       pj_utoa_pad                0000000140021360 f   pjlib-x86_64-x64-vc14-release:string.obj
 0001:00020430       pj_addr_str_print          0000000140021430 f   pjlib-x86_64-x64-vc14-release:sock_common.obj
 0001:00020510       pj_gethostip               0000000140021510 f   pjlib-x86_64-x64-vc14-release:sock_common.obj
 0001:00020df0       pj_getipinterface          0000000140021df0 f   pjlib-x86_64-x64-vc14-release:sock_common.obj
 0001:00021010       pj_sockaddr_cmp            0000000140022010 f   pjlib-x86_64-x64-vc14-release:sock_common.obj
 0001:00021130       pj_sockaddr_cp             0000000140022130 f   pjlib-x86_64-x64-vc14-release:sock_common.obj
 0001:00021170       pj_sockaddr_get_addr       0000000140022170 f   pjlib-x86_64-x64-vc14-release:sock_common.obj
 0001:000211a0       pj_sockaddr_get_len        00000001400221a0 f   pjlib-x86_64-x64-vc14-release:sock_common.obj
 0001:000211d0       pj_sockaddr_get_port       00000001400221d0 f   pjlib-x86_64-x64-vc14-release:sock_common.obj
 0001:00021200       pj_sockaddr_in_init        0000000140022200 f   pjlib-x86_64-x64-vc14-release:sock_common.obj
 0001:00021270       pj_sockaddr_in_set_str_addr 0000000140022270 f   pjlib-x86_64-x64-vc14-release:sock_common.obj
 0001:00021350       pj_sockaddr_init           0000000140022350 f   pjlib-x86_64-x64-vc14-release:sock_common.obj
 0001:000214d0       pj_sockaddr_print          00000001400224d0 f   pjlib-x86_64-x64-vc14-release:sock_common.obj
 0001:00021630       pj_sockaddr_set_port       0000000140022630 f   pjlib-x86_64-x64-vc14-release:sock_common.obj
 0001:000216c0       pj_log                     00000001400226c0 f   pjlib-x86_64-x64-vc14-release:log.obj
 0001:00021d00       pj_log_1                   0000000140022d00 f   pjlib-x86_64-x64-vc14-release:log.obj
 0001:00021d30       pj_log_2                   0000000140022d30 f   pjlib-x86_64-x64-vc14-release:log.obj
 0001:00021d60       pj_log_3                   0000000140022d60 f   pjlib-x86_64-x64-vc14-release:log.obj
 0001:00021d90       pj_log_4                   0000000140022d90 f   pjlib-x86_64-x64-vc14-release:log.obj
 0001:00021dc0       pj_log_5                   0000000140022dc0 f   pjlib-x86_64-x64-vc14-release:log.obj
 0001:00021df0       pj_log_get_color           0000000140022df0 f   pjlib-x86_64-x64-vc14-release:log.obj
 0001:00021e60       pj_log_get_decor           0000000140022e60 f   pjlib-x86_64-x64-vc14-release:log.obj
 0001:00021e70       pj_log_get_level           0000000140022e70 f   pjlib-x86_64-x64-vc14-release:log.obj
 0001:00021e80       pj_log_init                0000000140022e80 f   pjlib-x86_64-x64-vc14-release:log.obj
 0001:00021ef0       pj_log_pop_indent          0000000140022ef0 f   pjlib-x86_64-x64-vc14-release:log.obj
 0001:00021f20       pj_log_push_indent         0000000140022f20 f   pjlib-x86_64-x64-vc14-release:log.obj
 0001:00021f50       pj_log_set_level           0000000140022f50 f   pjlib-x86_64-x64-vc14-release:log.obj
 0001:000224d0       pj_enum_ip_interface       00000001400234d0 f   pjlib-x86_64-x64-vc14-release:ip_helper_win32.obj
 0001:00022780       ioqueue_dispatch_exception_event 0000000140023780 f   pjlib-x86_64-x64-vc14-release:ioqueue_select.obj
 0001:000228e0       ioqueue_dispatch_read_event 00000001400238e0 f   pjlib-x86_64-x64-vc14-release:ioqueue_select.obj
 0001:00022b50       ioqueue_dispatch_write_event 0000000140023b50 f   pjlib-x86_64-x64-vc14-release:ioqueue_select.obj
 0001:00022e50       pj_ioqueue_create          0000000140023e50 f   pjlib-x86_64-x64-vc14-release:ioqueue_select.obj
 0001:00023030       pj_ioqueue_destroy         0000000140024030 f   pjlib-x86_64-x64-vc14-release:ioqueue_select.obj
 0001:00023110       pj_ioqueue_get_user_data   0000000140024110 f   pjlib-x86_64-x64-vc14-release:ioqueue_select.obj
 0001:00023120       pj_ioqueue_is_pending      0000000140024120 f   pjlib-x86_64-x64-vc14-release:ioqueue_select.obj
 0001:00023130       pj_ioqueue_op_key_init     0000000140024130 f   pjlib-x86_64-x64-vc14-release:ioqueue_select.obj
 0001:00023140       pj_ioqueue_poll            0000000140024140 f   pjlib-x86_64-x64-vc14-release:ioqueue_select.obj
 0001:00023660       pj_ioqueue_recvfrom        0000000140024660 f   pjlib-x86_64-x64-vc14-release:ioqueue_select.obj
 0001:00023820       pj_ioqueue_register_sock2  0000000140024820 f   pjlib-x86_64-x64-vc14-release:ioqueue_select.obj
 0001:00023a10       pj_ioqueue_sendto          0000000140024a10 f   pjlib-x86_64-x64-vc14-release:ioqueue_select.obj
 0001:00023c20       pj_ioqueue_unregister      0000000140024c20 f   pjlib-x86_64-x64-vc14-release:ioqueue_select.obj
 0001:000240a0       pj_grp_lock_acquire        00000001400250a0 f   pjlib-x86_64-x64-vc14-release:lock.obj
 0001:000240b0       pj_grp_lock_add_handler    00000001400250b0 f   pjlib-x86_64-x64-vc14-release:lock.obj
 0001:00024130       pj_grp_lock_add_ref        0000000140025130 f   pjlib-x86_64-x64-vc14-release:lock.obj
 0001:00024150       pj_grp_lock_create         0000000140025150 f   pjlib-x86_64-x64-vc14-release:lock.obj
 0001:00024320       pj_grp_lock_dec_ref        0000000140025320 f   pjlib-x86_64-x64-vc14-release:lock.obj
 0001:00024360       pj_grp_lock_release        0000000140025360 f   pjlib-x86_64-x64-vc14-release:lock.obj
 0001:00024370       pj_grp_lock_tryacquire     0000000140025370 f   pjlib-x86_64-x64-vc14-release:lock.obj
 0001:00024380       pj_lock_acquire            0000000140025380 f   pjlib-x86_64-x64-vc14-release:lock.obj
 0001:000243a0       pj_lock_create_null_mutex  00000001400253a0 f   pjlib-x86_64-x64-vc14-release:lock.obj
 0001:000243c0       pj_lock_create_recursive_mutex 00000001400253c0 f   pjlib-x86_64-x64-vc14-release:lock.obj
 0001:00024480       pj_lock_create_simple_mutex 0000000140025480 f   pjlib-x86_64-x64-vc14-release:lock.obj
 0001:00024540       pj_lock_destroy            0000000140025540 f   pjlib-x86_64-x64-vc14-release:lock.obj
 0001:00024560       pj_lock_release            0000000140025560 f   pjlib-x86_64-x64-vc14-release:lock.obj
 0001:00024580       pj_lock_tryacquire         0000000140025580 f   pjlib-x86_64-x64-vc14-release:lock.obj
 0001:00024780       pj_timer_entry_running     0000000140025780 f   pjlib-x86_64-x64-vc14-release:timer.obj
 0001:00024790       pj_timer_heap_cancel       0000000140025790 f   pjlib-x86_64-x64-vc14-release:timer.obj
 0001:00024870       pj_timer_heap_cancel_if_active 0000000140025870 f   pjlib-x86_64-x64-vc14-release:timer.obj
 0001:00024970       pj_timer_heap_count        0000000140025970 f   pjlib-x86_64-x64-vc14-release:timer.obj
 0001:00024980       pj_timer_heap_create       0000000140025980 f   pjlib-x86_64-x64-vc14-release:timer.obj
 0001:00024aa0       pj_timer_heap_destroy      0000000140025aa0 f   pjlib-x86_64-x64-vc14-release:timer.obj
 0001:00024ad0       pj_timer_heap_dump         0000000140025ad0 f   pjlib-x86_64-x64-vc14-release:timer.obj
 0001:00024c80       pj_timer_heap_poll         0000000140025c80 f   pjlib-x86_64-x64-vc14-release:timer.obj
 0001:00024ec0       pj_timer_heap_schedule_w_grp_lock_dbg 0000000140025ec0 f   pjlib-x86_64-x64-vc14-release:timer.obj
 0001:00025040       pj_timer_heap_set_lock     0000000140026040 f   pjlib-x86_64-x64-vc14-release:timer.obj
 0001:00025090       pj_timer_heap_set_max_timed_out_per_poll 0000000140026090 f   pjlib-x86_64-x64-vc14-release:timer.obj
 0001:000253e0       pj_exception_id_alloc      00000001400263e0 f   pjlib-x86_64-x64-vc14-release:except.obj
 0001:00025450       pj_exception_id_free       0000000140026450 f   pjlib-x86_64-x64-vc14-release:except.obj
 0001:00025490       pj_exception_id_name       0000000140026490 f   pjlib-x86_64-x64-vc14-release:except.obj
 0001:000254e0       pj_pop_exception_handler_  00000001400264e0 f   pjlib-x86_64-x64-vc14-release:except.obj
 0001:00025520       pj_push_exception_handler_ 0000000140026520 f   pjlib-x86_64-x64-vc14-release:except.obj
 0001:00025580       pj_throw_exception_        0000000140026580 f   pjlib-x86_64-x64-vc14-release:except.obj
 0001:000255e0       pj_get_timestamp           00000001400265e0 f   pjlib-x86_64-x64-vc14-release:os_timestamp_win32.obj
 0001:00025640       pj_get_timestamp_freq      0000000140026640 f   pjlib-x86_64-x64-vc14-release:os_timestamp_win32.obj
 0001:000256a0       pj_hash_calc               00000001400266a0 f   pjlib-x86_64-x64-vc14-release:hash.obj
 0001:00025740       pj_hash_calc_tolower       0000000140026740 f   pjlib-x86_64-x64-vc14-release:hash.obj
 0001:000257c0       pj_hash_count              00000001400267c0 f   pjlib-x86_64-x64-vc14-release:hash.obj
 0001:000257d0       pj_hash_create             00000001400267d0 f   pjlib-x86_64-x64-vc14-release:hash.obj
 0001:00025840       pj_hash_first              0000000140026840 f   pjlib-x86_64-x64-vc14-release:hash.obj
 0001:00025880       pj_hash_get                0000000140026880 f   pjlib-x86_64-x64-vc14-release:hash.obj
 0001:00025990       pj_hash_get_lower          0000000140026990 f   pjlib-x86_64-x64-vc14-release:hash.obj
 0001:00025ac0       pj_hash_next               0000000140026ac0 f   pjlib-x86_64-x64-vc14-release:hash.obj
 0001:00025b20       pj_hash_set                0000000140026b20 f   pjlib-x86_64-x64-vc14-release:hash.obj
 0001:00025cc0       pj_hash_set_lower          0000000140026cc0 f   pjlib-x86_64-x64-vc14-release:hash.obj
 0001:00025e60       pj_hash_set_np             0000000140026e60 f   pjlib-x86_64-x64-vc14-release:hash.obj
 0001:00025fc0       pj_hash_this               0000000140026fc0 f   pjlib-x86_64-x64-vc14-release:hash.obj
 0001:00025ff0       pj_get_netos_error         0000000140026ff0 f   pjlib-x86_64-x64-vc14-release:os_error_win32.obj
 0001:00026020       platform_strerror          0000000140027020 f   pjlib-x86_64-x64-vc14-release:os_error_win32.obj
 0001:00026370       pj_GUID_STRING_LENGTH      0000000140027370 f   pjlib-x86_64-x64-vc14-release:guid_win32.obj
 0001:00026380       pj_generate_unique_string  0000000140027380 f   pjlib-x86_64-x64-vc14-release:guid_win32.obj
 0001:000263e0       pj_create_unique_string    00000001400273e0 f   pjlib-x86_64-x64-vc14-release:guid.obj
 0001:00026410       pj_rand                    0000000140027410 f   pjlib-x86_64-x64-vc14-release:rand.obj
 0001:00026450       pj_qos_get_params          0000000140027450 f   pjlib-x86_64-x64-vc14-release:sock_qos_common.obj
 0001:00026480       pj_sock_apply_qos2         0000000140027480 f   pjlib-x86_64-x64-vc14-release:sock_qos_common.obj
 0001:00026580       pj_gettimeofday            0000000140027580 f   pjlib-x86_64-x64-vc14-release:os_time_win32.obj
 0001:00026690       pj_time_decode             0000000140027690 f   pjlib-x86_64-x64-vc14-release:os_time_win32.obj
 0001:00026740       pj_getaddrinfo             0000000140027740 f   pjlib-x86_64-x64-vc14-release:addr_resolv_sock.obj
 0001:00026920       pj_time_val_normalize      0000000140027920 f   pjlib-x86_64-x64-vc14-release:types.obj
 0001:000269d0       pj_pool_create_on_buf      00000001400279d0 f   pjlib-x86_64-x64-vc14-release:pool_buf.obj
 0001:00026b40       pj_log_write               0000000140027b40 f   pjlib-x86_64-x64-vc14-release:log_writer_stdout.obj
 0001:00026bc0       pj_gettickcount            0000000140027bc0 f   pjlib-x86_64-x64-vc14-release:os_timestamp_common.obj
 0001:00026c80       PJ_FD_CLR                  0000000140027c80 f   pjlib-x86_64-x64-vc14-release:sock_select.obj
 0001:00026d40       PJ_FD_ISSET                0000000140027d40 f   pjlib-x86_64-x64-vc14-release:sock_select.obj
 0001:00026d80       PJ_FD_SET                  0000000140027d80 f   pjlib-x86_64-x64-vc14-release:sock_select.obj
 0001:00026e10       PJ_FD_ZERO                 0000000140027e10 f   pjlib-x86_64-x64-vc14-release:sock_select.obj
 0001:00026e40       pj_sock_select             0000000140027e40 f   pjlib-x86_64-x64-vc14-release:sock_select.obj
 0001:00026ee0       pj_sock_set_qos_params     0000000140027ee0 f   pjlib-x86_64-x64-vc14-release:sock_qos_bsd.obj
 0001:00027010       pj_sock_set_qos_type       0000000140028010 f   pjlib-x86_64-x64-vc14-release:sock_qos_bsd.obj
 0001:0002716a       __WSAFDIsSet               000000014002816a f   ws2_32:WS2_32.dll
 0001:00027170       __GSHandlerCheck           0000000140028170 f   MSVCRT:gshandler.obj
 0001:00027190       __GSHandlerCheckCommon     0000000140028190 f   MSVCRT:gshandler.obj
 0001:00027200       __security_check_cookie    0000000140028200 f   MSVCRT:amdsecgs.obj
 0001:00027480       mainCRTStartup             0000000140028480 f   MSVCRT:exe_main.obj
 0001:00027494       __raise_securityfailure    0000000140028494 f   MSVCRT:gs_report.obj
 0001:000274c8       __report_gsfailure         00000001400284c8 f   MSVCRT:gs_report.obj
 0001:0002759c       __report_rangecheckfailure 000000014002859c f   MSVCRT:gs_report.obj
 0001:000275b0       __report_securityfailure   00000001400285b0 f   MSVCRT:gs_report.obj
 0001:00027730       __isa_available_init       0000000140028730 f   MSVCRT:cpu_disp.obj
 0001:000278f0       __chkstk                   00000001400288f0 f   MSVCRT:chkstk.obj
 0001:000278f0       _alloca_probe              00000001400288f0 f   MSVCRT:chkstk.obj
 0001:00027940       __scrt_acquire_startup_lock 0000000140028940 f   MSVCRT:utility.obj
 0001:0002797c       __scrt_initialize_crt      000000014002897c f   MSVCRT:utility.obj
 0001:000279c8       __scrt_initialize_onexit_tables 00000001400289c8 f   MSVCRT:utility.obj
 0001:00027a54       __scrt_is_nonwritable_in_current_image 0000000140028a54 f   MSVCRT:utility.obj
 0001:00027aec       __scrt_release_startup_lock 0000000140028aec f   MSVCRT:utility.obj
 0001:00027b10       __scrt_uninitialize_crt    0000000140028b10 f   MSVCRT:utility.obj
 0001:00027b3c       _onexit                    0000000140028b3c f   MSVCRT:utility.obj
 0001:00027b78       atexit                     0000000140028b78 f   MSVCRT:utility.obj
 0001:00027b90       __security_init_cookie     0000000140028b90 f   MSVCRT:gs_support.obj
 0001:00027c3c       _get_startup_argv_mode     0000000140028c3c f   MSVCRT:argv_mode.obj
 0001:00027c44       _get_startup_file_mode     0000000140028c44 f   MSVCRT:file_mode.obj
 0001:00027c4c       ?__scrt_initialize_type_info@@YAXXZ 0000000140028c4c f   MSVCRT:tncleanup.obj
 0001:00027c5c       __scrt_stub_for_acrt_uninitialize 0000000140028c5c f   MSVCRT:ucrt_stubs.obj
 0001:00027c5c       _should_initialize_environment 0000000140028c5c f   MSVCRT:env_mode.obj
 0001:00027c5c       __vcrt_uninitialize        0000000140028c5c f   MSVCRT:ucrt_stubs.obj
 0001:00027c5c       __acrt_initialize          0000000140028c5c f   MSVCRT:ucrt_stubs.obj
 0001:00027c5c       __acrt_uninitialize        0000000140028c5c f   MSVCRT:ucrt_stubs.obj
 0001:00027c5c       __scrt_stub_for_acrt_initialize 0000000140028c5c f   MSVCRT:ucrt_stubs.obj
 0001:00027c5c       __vcrt_initialize          0000000140028c5c f   MSVCRT:ucrt_stubs.obj
 0001:00027c60       _guard_check_icall_nop     0000000140028c60 f   MSVCRT:guard_support.obj
 0001:00027c60       _initialize_denormal_control 0000000140028c60 f   MSVCRT:denormal_control.obj
 0001:00027c60       _initialize_invalid_parameter_handler 0000000140028c60 f   MSVCRT:invalid_parameter_handler.obj
 0001:00027c64       __local_stdio_scanf_options 0000000140028c64 f i MSVCRT:default_local_stdio_options.obj
 0001:00027c6c       __scrt_initialize_default_local_stdio_options 0000000140028c6c f   MSVCRT:default_local_stdio_options.obj
 0001:00027c88       __scrt_is_user_matherr_present 0000000140028c88 f   MSVCRT:matherr_detection.obj
 0001:00027c94       __scrt_get_dyn_tls_init_callback 0000000140028c94 f   MSVCRT:dyn_tls_init.obj
 0001:00027c9c       __scrt_get_dyn_tls_dtor_callback 0000000140028c9c f   MSVCRT:dyn_tls_dtor.obj
 0001:00027ca4       __crt_debugger_hook        0000000140028ca4 f   MSVCRT:utility_desktop.obj
 0001:00027cac       __scrt_fastfail            0000000140028cac f   MSVCRT:utility_desktop.obj
 0001:00027df8       __scrt_initialize_mta      0000000140028df8 f   MSVCRT:utility_desktop.obj
 0001:00027e00       __scrt_is_managed_app      0000000140028e00 f   MSVCRT:utility_desktop.obj
 0001:00027e54       __scrt_set_unhandled_exception_filter 0000000140028e54 f   MSVCRT:utility_desktop.obj
 0001:00027e64       __scrt_unhandled_exception_filter 0000000140028e64 f   MSVCRT:utility_desktop.obj
 0001:00027ec0       _RTC_Initialize            0000000140028ec0 f   MSVCRT:initsect.obj
 0001:00027efc       _RTC_Terminate             0000000140028efc f   MSVCRT:initsect.obj
 0001:00027f38       __scrt_is_ucrt_dll_in_use  0000000140028f38 f   MSVCRT:ucrt_detection.obj
 0001:00027f50       memset                     0000000140028f50 f   vcruntime:VCRUNTIME140.dll
 0001:00027f56       memchr                     0000000140028f56 f   vcruntime:VCRUNTIME140.dll
 0001:00027f5c       memcmp                     0000000140028f5c f   vcruntime:VCRUNTIME140.dll
 0001:00027f62       memcpy                     0000000140028f62 f   vcruntime:VCRUNTIME140.dll
 0001:00027f68       memmove                    0000000140028f68 f   vcruntime:VCRUNTIME140.dll
 0001:00027f6e       strchr                     0000000140028f6e f   vcruntime:VCRUNTIME140.dll
 0001:00027f74       longjmp                    0000000140028f74 f   vcruntime:VCRUNTIME140.dll
 0001:00027f7a       __C_specific_handler       0000000140028f7a f   vcruntime:VCRUNTIME140.dll
 0001:00027f80       _setjmp                    0000000140028f80 f   vcruntime:VCRUNTIME140.dll
 0001:00027f80       __intrinsic_setjmp         0000000140028f80 f   vcruntime:VCRUNTIME140.dll
 0001:00027f86       __current_exception        0000000140028f86 f   vcruntime:VCRUNTIME140.dll
 0001:00027f8c       __current_exception_context 0000000140028f8c f   vcruntime:VCRUNTIME140.dll
 0001:00027f92       fmod                       0000000140028f92 f   ucrt:api-ms-win-crt-math-l1-1-0.dll
 0001:00027f98       _seh_filter_exe            0000000140028f98 f   ucrt:api-ms-win-crt-runtime-l1-1-0.dll
 0001:00027f9e       _set_app_type              0000000140028f9e f   ucrt:api-ms-win-crt-runtime-l1-1-0.dll
 0001:00027fa4       __setusermatherr           0000000140028fa4 f   ucrt:api-ms-win-crt-math-l1-1-0.dll
 0001:00027faa       _configure_narrow_argv     0000000140028faa f   ucrt:api-ms-win-crt-runtime-l1-1-0.dll
 0001:00027fb0       _initialize_narrow_environment 0000000140028fb0 f   ucrt:api-ms-win-crt-runtime-l1-1-0.dll
 0001:00027fb6       _get_initial_narrow_environment 0000000140028fb6 f   ucrt:api-ms-win-crt-runtime-l1-1-0.dll
 0001:00027fbc       _initterm                  0000000140028fbc f   ucrt:api-ms-win-crt-runtime-l1-1-0.dll
 0001:00027fc2       _initterm_e                0000000140028fc2 f   ucrt:api-ms-win-crt-runtime-l1-1-0.dll
 0001:00027fc8       exit                       0000000140028fc8 f   ucrt:api-ms-win-crt-runtime-l1-1-0.dll
 0001:00027fce       _exit                      0000000140028fce f   ucrt:api-ms-win-crt-runtime-l1-1-0.dll
 0001:00027fd4       _set_fmode                 0000000140028fd4 f   ucrt:api-ms-win-crt-stdio-l1-1-0.dll
 0001:00027fda       __p___argc                 0000000140028fda f   ucrt:api-ms-win-crt-runtime-l1-1-0.dll
 0001:00027fe0       __p___argv                 0000000140028fe0 f   ucrt:api-ms-win-crt-runtime-l1-1-0.dll
 0001:00027fe6       _cexit                     0000000140028fe6 f   ucrt:api-ms-win-crt-runtime-l1-1-0.dll
 0001:00027fec       _c_exit                    0000000140028fec f   ucrt:api-ms-win-crt-runtime-l1-1-0.dll
 0001:00027ff2       _register_thread_local_exe_atexit_callback 0000000140028ff2 f   ucrt:api-ms-win-crt-runtime-l1-1-0.dll
 0001:00027ff8       _configthreadlocale        0000000140028ff8 f   ucrt:api-ms-win-crt-locale-l1-1-0.dll
 0001:00027ffe       _set_new_mode              0000000140028ffe f   ucrt:api-ms-win-crt-heap-l1-1-0.dll
 0001:00028004       __p__commode               0000000140029004 f   ucrt:api-ms-win-crt-stdio-l1-1-0.dll
 0001:0002800a       _initialize_onexit_table   000000014002900a f   ucrt:api-ms-win-crt-runtime-l1-1-0.dll
 0001:00028010       _register_onexit_function  0000000140029010 f   ucrt:api-ms-win-crt-runtime-l1-1-0.dll
 0001:00028016       _crt_atexit                0000000140029016 f   ucrt:api-ms-win-crt-runtime-l1-1-0.dll
 0001:0002801c       terminate                  000000014002901c f   ucrt:api-ms-win-crt-runtime-l1-1-0.dll
 0001:00028040       _guard_dispatch_icall_nop  0000000140029040 f   MSVCRT:guard_dispatch.obj
 0001:00028060       _guard_xfg_dispatch_icall_nop 0000000140029060 f   MSVCRT:guard_xfg_dispatch.obj
 0002:00000000       __imp_RtlVirtualUnwind     000000014002a000     kernel32:KERNEL32.dll
 0002:00000008       __imp_GetModuleHandleW     000000014002a008     kernel32:KERNEL32.dll
 0002:00000010       __imp_IsDebuggerPresent    000000014002a010     kernel32:KERNEL32.dll
 0002:00000018       __imp_InitializeSListHead  000000014002a018     kernel32:KERNEL32.dll
 0002:00000020       __imp_GetSystemTimeAsFileTime 000000014002a020     kernel32:KERNEL32.dll
 0002:00000028       __imp_IsProcessorFeaturePresent 000000014002a028     kernel32:KERNEL32.dll
 0002:00000030       __imp_TerminateProcess     000000014002a030     kernel32:KERNEL32.dll
 0002:00000038       __imp_GetCurrentProcess    000000014002a038     kernel32:KERNEL32.dll
 0002:00000040       __imp_SetUnhandledExceptionFilter 000000014002a040     kernel32:KERNEL32.dll
 0002:00000048       __imp_UnhandledExceptionFilter 000000014002a048     kernel32:KERNEL32.dll
 0002:00000050       __imp_RtlLookupFunctionEntry 000000014002a050     kernel32:KERNEL32.dll
 0002:00000058       __imp_RtlCaptureContext    000000014002a058     kernel32:KERNEL32.dll
 0002:00000060       __imp_SystemTimeToFileTime 000000014002a060     kernel32:KERNEL32.dll
 0002:00000068       __imp_FileTimeToSystemTime 000000014002a068     kernel32:KERNEL32.dll
 0002:00000070       __imp_GetLocalTime         000000014002a070     kernel32:KERNEL32.dll
 0002:00000078       __imp_FormatMessageA       000000014002a078     kernel32:KERNEL32.dll
 0002:00000080       __imp_QueryPerformanceFrequency 000000014002a080     kernel32:KERNEL32.dll
 0002:00000088       __imp_QueryPerformanceCounter 000000014002a088     kernel32:KERNEL32.dll
 0002:00000090       __imp_LoadLibraryA         000000014002a090     kernel32:KERNEL32.dll
 0002:00000098       __imp_GetProcAddress       000000014002a098     kernel32:KERNEL32.dll
 0002:000000a0       __imp_FreeLibrary          000000014002a0a0     kernel32:KERNEL32.dll
 0002:000000a8       __imp_SetConsoleTextAttribute 000000014002a0a8     kernel32:KERNEL32.dll
 0002:000000b0       __imp_CreateSemaphoreA     000000014002a0b0     kernel32:KERNEL32.dll
 0002:000000b8       __imp_TlsFree              000000014002a0b8     kernel32:KERNEL32.dll
 0002:000000c0       __imp_TlsSetValue          000000014002a0c0     kernel32:KERNEL32.dll
 0002:000000c8       __imp_TlsGetValue          000000014002a0c8     kernel32:KERNEL32.dll
 0002:000000d0       __imp_TlsAlloc             000000014002a0d0     kernel32:KERNEL32.dll
 0002:000000d8       __imp_GetCurrentThreadId   000000014002a0d8     kernel32:KERNEL32.dll
 0002:000000e0       __imp_GetCurrentThread     000000014002a0e0     kernel32:KERNEL32.dll
 0002:000000e8       __imp_GetStdHandle         000000014002a0e8     kernel32:KERNEL32.dll
 0002:000000f0       __imp_CloseHandle          000000014002a0f0     kernel32:KERNEL32.dll
 0002:000000f8       __imp_GetLastError         000000014002a0f8     kernel32:KERNEL32.dll
 0002:00000100       __imp_InitializeCriticalSection 000000014002a100     kernel32:KERNEL32.dll
 0002:00000108       __imp_EnterCriticalSection 000000014002a108     kernel32:KERNEL32.dll
 0002:00000110       __imp_LeaveCriticalSection 000000014002a110     kernel32:KERNEL32.dll
 0002:00000118       __imp_TryEnterCriticalSection 000000014002a118     kernel32:KERNEL32.dll
 0002:00000120       __imp_DeleteCriticalSection 000000014002a120     kernel32:KERNEL32.dll
 0002:00000128       __imp_ReleaseSemaphore     000000014002a128     kernel32:KERNEL32.dll
 0002:00000130       __imp_WaitForSingleObject  000000014002a130     kernel32:KERNEL32.dll
 0002:00000138       __imp_Sleep                000000014002a138     kernel32:KERNEL32.dll
 0002:00000140       __imp_GetCurrentProcessId  000000014002a140     kernel32:KERNEL32.dll
 0002:00000148       __imp_CreateThread         000000014002a148     kernel32:KERNEL32.dll
 0002:00000150       \177KERNEL32_NULL_THUNK_DATA 000000014002a150     kernel32:KERNEL32.dll
 0002:00000158       __imp___C_specific_handler 000000014002a158     vcruntime:VCRUNTIME140.dll
 0002:00000160       __imp_longjmp              000000014002a160     vcruntime:VCRUNTIME140.dll
 0002:00000168       __imp_strchr               000000014002a168     vcruntime:VCRUNTIME140.dll
 0002:00000170       __imp_memmove              000000014002a170     vcruntime:VCRUNTIME140.dll
 0002:00000178       __imp_memcpy               000000014002a178     vcruntime:VCRUNTIME140.dll
 0002:00000180       __imp_memcmp               000000014002a180     vcruntime:VCRUNTIME140.dll
 0002:00000188       __imp_memchr               000000014002a188     vcruntime:VCRUNTIME140.dll
 0002:00000190       __imp_memset               000000014002a190     vcruntime:VCRUNTIME140.dll
 0002:00000198       __imp___current_exception  000000014002a198     vcruntime:VCRUNTIME140.dll
 0002:000001a0       __imp___current_exception_context 000000014002a1a0     vcruntime:VCRUNTIME140.dll
 0002:000001a8       __imp___intrinsic_setjmp   000000014002a1a8     vcruntime:VCRUNTIME140.dll
 0002:000001b0       \177VCRUNTIME140_NULL_THUNK_DATA 000000014002a1b0     vcruntime:VCRUNTIME140.dll
 0002:000001b8       __imp_send                 000000014002a1b8     ws2_32:WS2_32.dll
 0002:000001c0       __imp_recvfrom             000000014002a1c0     ws2_32:WS2_32.dll
 0002:000001c8       __imp_recv                 000000014002a1c8     ws2_32:WS2_32.dll
 0002:000001d0       __imp_ntohs                000000014002a1d0     ws2_32:WS2_32.dll
 0002:000001d8       __imp_ntohl                000000014002a1d8     ws2_32:WS2_32.dll
 0002:000001e0       __imp_inet_addr            000000014002a1e0     ws2_32:WS2_32.dll
 0002:000001e8       __imp_htons                000000014002a1e8     ws2_32:WS2_32.dll
 0002:000001f0       __imp_setsockopt           000000014002a1f0     ws2_32:WS2_32.dll
 0002:000001f8       __imp_getsockopt           000000014002a1f8     ws2_32:WS2_32.dll
 0002:00000200       __imp_sendto               000000014002a200     ws2_32:WS2_32.dll
 0002:00000208       __imp_getsockname          000000014002a208     ws2_32:WS2_32.dll
 0002:00000210       __imp_closesocket          000000014002a210     ws2_32:WS2_32.dll
 0002:00000218       __imp_bind                 000000014002a218     ws2_32:WS2_32.dll
 0002:00000220       __imp_accept               000000014002a220     ws2_32:WS2_32.dll
 0002:00000228       __imp_WSAGetLastError      000000014002a228     ws2_32:WS2_32.dll
 0002:00000230       __imp_WSACleanup           000000014002a230     ws2_32:WS2_32.dll
 0002:00000238       __imp_WSAStartup           000000014002a238     ws2_32:WS2_32.dll
 0002:00000240       __imp_gethostname          000000014002a240     ws2_32:WS2_32.dll
 0002:00000248       __imp_WSAIoctl             000000014002a248     ws2_32:WS2_32.dll
 0002:00000250       __imp_WSASocketA           000000014002a250     ws2_32:WS2_32.dll
 0002:00000258       __imp_WSAAddressToStringA  000000014002a258     ws2_32:WS2_32.dll
 0002:00000260       __imp_WSAStringToAddressA  000000014002a260     ws2_32:WS2_32.dll
 0002:00000268       __imp_ioctlsocket          000000014002a268     ws2_32:WS2_32.dll
 0002:00000270       __imp_gethostbyname        000000014002a270     ws2_32:WS2_32.dll
 0002:00000278       __imp___WSAFDIsSet         000000014002a278     ws2_32:WS2_32.dll
 0002:00000280       __imp_select               000000014002a280     ws2_32:WS2_32.dll
 0002:00000288       __imp_htonl                000000014002a288     ws2_32:WS2_32.dll
 0002:00000290       __imp_connect              000000014002a290     ws2_32:WS2_32.dll
 0002:00000298       \177WS2_32_NULL_THUNK_DATA 000000014002a298     ws2_32:WS2_32.dll
 0002:000002a0       __imp_atoi                 000000014002a2a0     ucrt:api-ms-win-crt-convert-l1-1-0.dll
 0002:000002a8       \177api-ms-win-crt-convert-l1-1-0_NULL_THUNK_DATA 000000014002a2a8     ucrt:api-ms-win-crt-convert-l1-1-0.dll
 0002:000002b0       __imp__set_new_mode        000000014002a2b0     ucrt:api-ms-win-crt-heap-l1-1-0.dll
 0002:000002b8       __imp_free                 000000014002a2b8     ucrt:api-ms-win-crt-heap-l1-1-0.dll
 0002:000002c0       __imp_malloc               000000014002a2c0     ucrt:api-ms-win-crt-heap-l1-1-0.dll
 0002:000002c8       \177api-ms-win-crt-heap-l1-1-0_NULL_THUNK_DATA 000000014002a2c8     ucrt:api-ms-win-crt-heap-l1-1-0.dll
 0002:000002d0       __imp__configthreadlocale  000000014002a2d0     ucrt:api-ms-win-crt-locale-l1-1-0.dll
 0002:000002d8       \177api-ms-win-crt-locale-l1-1-0_NULL_THUNK_DATA 000000014002a2d8     ucrt:api-ms-win-crt-locale-l1-1-0.dll
 0002:000002e0       __imp___setusermatherr     000000014002a2e0     ucrt:api-ms-win-crt-math-l1-1-0.dll
 0002:000002e8       __imp_fmod                 000000014002a2e8     ucrt:api-ms-win-crt-math-l1-1-0.dll
 0002:000002f0       \177api-ms-win-crt-math-l1-1-0_NULL_THUNK_DATA 000000014002a2f0     ucrt:api-ms-win-crt-math-l1-1-0.dll
 0002:000002f8       __imp__crt_atexit          000000014002a2f8     ucrt:api-ms-win-crt-runtime-l1-1-0.dll
 0002:00000300       __imp__register_onexit_function 000000014002a300     ucrt:api-ms-win-crt-runtime-l1-1-0.dll
 0002:00000308       __imp_terminate            000000014002a308     ucrt:api-ms-win-crt-runtime-l1-1-0.dll
 0002:00000310       __imp__c_exit              000000014002a310     ucrt:api-ms-win-crt-runtime-l1-1-0.dll
 0002:00000318       __imp__cexit               000000014002a318     ucrt:api-ms-win-crt-runtime-l1-1-0.dll
 0002:00000320       __imp___p___argv           000000014002a320     ucrt:api-ms-win-crt-runtime-l1-1-0.dll
 0002:00000328       __imp__initialize_onexit_table 000000014002a328     ucrt:api-ms-win-crt-runtime-l1-1-0.dll
 0002:00000330       __imp__seh_filter_exe      000000014002a330     ucrt:api-ms-win-crt-runtime-l1-1-0.dll
 0002:00000338       __imp__set_app_type        000000014002a338     ucrt:api-ms-win-crt-runtime-l1-1-0.dll
 0002:00000340       __imp__initterm_e          000000014002a340     ucrt:api-ms-win-crt-runtime-l1-1-0.dll
 0002:00000348       __imp__configure_narrow_argv 000000014002a348     ucrt:api-ms-win-crt-runtime-l1-1-0.dll
 0002:00000350       __imp__initialize_narrow_environment 000000014002a350     ucrt:api-ms-win-crt-runtime-l1-1-0.dll
 0002:00000358       __imp__get_initial_narrow_environment 000000014002a358     ucrt:api-ms-win-crt-runtime-l1-1-0.dll
 0002:00000360       __imp__initterm            000000014002a360     ucrt:api-ms-win-crt-runtime-l1-1-0.dll
 0002:00000368       __imp___p___argc           000000014002a368     ucrt:api-ms-win-crt-runtime-l1-1-0.dll
 0002:00000370       __imp_exit                 000000014002a370     ucrt:api-ms-win-crt-runtime-l1-1-0.dll
 0002:00000378       __imp__exit                000000014002a378     ucrt:api-ms-win-crt-runtime-l1-1-0.dll
 0002:00000380       __imp__register_thread_local_exe_atexit_callback 000000014002a380     ucrt:api-ms-win-crt-runtime-l1-1-0.dll
 0002:00000388       \177api-ms-win-crt-runtime-l1-1-0_NULL_THUNK_DATA 000000014002a388     ucrt:api-ms-win-crt-runtime-l1-1-0.dll
 0002:00000390       __imp___stdio_common_vfprintf 000000014002a390     ucrt:api-ms-win-crt-stdio-l1-1-0.dll
 0002:00000398       __imp___stdio_common_vsprintf 000000014002a398     ucrt:api-ms-win-crt-stdio-l1-1-0.dll
 0002:000003a0       __imp__set_fmode           000000014002a3a0     ucrt:api-ms-win-crt-stdio-l1-1-0.dll
 0002:000003a8       __imp___p__commode         000000014002a3a8     ucrt:api-ms-win-crt-stdio-l1-1-0.dll
 0002:000003b0       __imp_puts                 000000014002a3b0     ucrt:api-ms-win-crt-stdio-l1-1-0.dll
 0002:000003b8       __imp_fgets                000000014002a3b8     ucrt:api-ms-win-crt-stdio-l1-1-0.dll
 0002:000003c0       __imp___acrt_iob_func      000000014002a3c0     ucrt:api-ms-win-crt-stdio-l1-1-0.dll
 0002:000003c8       \177api-ms-win-crt-stdio-l1-1-0_NULL_THUNK_DATA 000000014002a3c8     ucrt:api-ms-win-crt-stdio-l1-1-0.dll
 0002:000003d0       __imp_isxdigit             000000014002a3d0     ucrt:api-ms-win-crt-string-l1-1-0.dll
 0002:000003d8       __imp_isdigit              000000014002a3d8     ucrt:api-ms-win-crt-string-l1-1-0.dll
 0002:000003e0       __imp_isspace              000000014002a3e0     ucrt:api-ms-win-crt-string-l1-1-0.dll
 0002:000003e8       __imp_tolower              000000014002a3e8     ucrt:api-ms-win-crt-string-l1-1-0.dll
 0002:000003f0       __imp__strnicmp            000000014002a3f0     ucrt:api-ms-win-crt-string-l1-1-0.dll
 0002:000003f8       __imp_strncmp              000000014002a3f8     ucrt:api-ms-win-crt-string-l1-1-0.dll
 0002:00000400       __imp_strncpy              000000014002a400     ucrt:api-ms-win-crt-string-l1-1-0.dll
 0002:00000408       __imp_toupper              000000014002a408     ucrt:api-ms-win-crt-string-l1-1-0.dll
 0002:00000410       \177api-ms-win-crt-string-l1-1-0_NULL_THUNK_DATA 000000014002a410     ucrt:api-ms-win-crt-string-l1-1-0.dll
 0002:00000418       __imp_rand                 000000014002a418     ucrt:api-ms-win-crt-utility-l1-1-0.dll
 0002:00000420       \177api-ms-win-crt-utility-l1-1-0_NULL_THUNK_DATA 000000014002a420     ucrt:api-ms-win-crt-utility-l1-1-0.dll
 0002:00000428       __imp_CoCreateGuid         000000014002a428     ole32:ole32.dll
 0002:00000430       \177ole32_NULL_THUNK_DATA  000000014002a430     ole32:ole32.dll
 0002:00000438       __guard_check_icall_fptr   000000014002a438     MSVCRT:guard_support.obj
 0002:00000440       __guard_xfg_check_icall_fptr 000000014002a440     MSVCRT:guard_support.obj
 0002:00000448       __guard_dispatch_icall_fptr 000000014002a448     MSVCRT:guard_support.obj
 0002:00000450       __guard_xfg_dispatch_icall_fptr 000000014002a450     MSVCRT:guard_support.obj
 0002:00000458       __guard_xfg_table_dispatch_icall_fptr 000000014002a458     MSVCRT:guard_support.obj
 0002:00000460       __xc_a                     000000014002a460     MSVCRT:initializers.obj
 0002:00000470       __xc_z                     000000014002a470     MSVCRT:initializers.obj
 0002:00000478       __xi_a                     000000014002a478     MSVCRT:initializers.obj
 0002:00000490       __xi_z                     000000014002a490     MSVCRT:initializers.obj
 0002:00000498       __xp_a                     000000014002a498     MSVCRT:initializers.obj
 0002:000004a0       __xp_z                     000000014002a4a0     MSVCRT:initializers.obj
 0002:000004a8       __xt_a                     000000014002a4a8     MSVCRT:initializers.obj
 0002:000004b0       __xt_z                     000000014002a4b0     MSVCRT:initializers.obj
 0002:000004c0       ??_C@_06DBKGGLMH@INVITE@   000000014002a4c0     pjsip-core-x86_64-x64-vc14-release:sip_msg.obj
 0002:000004c8       ??_C@_06JHILMIHF@CANCEL@   000000014002a4c8     pjsip-core-x86_64-x64-vc14-release:sip_msg.obj
 0002:000004d0       ??_C@_03JMECLKOM@ACK@      000000014002a4d0     pjsip-core-x86_64-x64-vc14-release:sip_msg.obj
 0002:000004d4       ??_C@_03BMFBOCK@BYE@       000000014002a4d4     pjsip-core-x86_64-x64-vc14-release:sip_msg.obj
 0002:000004d8       ??_C@_08EINEADGI@REGISTER@ 000000014002a4d8     pjsip-core-x86_64-x64-vc14-release:sip_msg.obj
 0002:000004e8       ??_C@_07KDKMIPIP@OPTIONS@  000000014002a4e8     pjsip-core-x86_64-x64-vc14-release:sip_msg.obj
 0002:000004f0       ??_C@_06MDEHPNLG@Accept@   000000014002a4f0     pjsip-core-x86_64-x64-vc14-release:sip_msg.obj
 0002:000004f8       ??_C@_0BA@KDJCHKHJ@Accept?9Encoding@ 000000014002a4f8     pjsip-core-x86_64-x64-vc14-release:sip_msg.obj
 0002:00000508       ??_C@_0BA@POEGPCPD@Accept?9Language@ 000000014002a508     pjsip-core-x86_64-x64-vc14-release:sip_msg.obj
 0002:00000518       ??_C@_0L@DDNEKGOG@Alert?9Info@ 000000014002a518     pjsip-core-x86_64-x64-vc14-release:sip_msg.obj
 0002:00000524       ??_C@_05IEPODGEO@Allow@    000000014002a524     pjsip-core-x86_64-x64-vc14-release:sip_msg.obj
 0002:00000530       ??_C@_0BE@KPJFGFDH@Authentication?9Info@ 000000014002a530     pjsip-core-x86_64-x64-vc14-release:sip_msg.obj
 0002:00000548       ??_C@_0O@NAFGPKMI@Authorization@ 000000014002a548     pjsip-core-x86_64-x64-vc14-release:sip_msg.obj
 0002:00000558       ??_C@_07IKPMLMAJ@Call?9ID@ 000000014002a558     pjsip-core-x86_64-x64-vc14-release:sip_msg.obj
 0002:00000560       ??_C@_01KBJDNOO@i@         000000014002a560     pjsip-core-x86_64-x64-vc14-release:sip_msg.obj
 0002:00000568       ??_C@_09HCKFEBLC@Call?9Info@ 000000014002a568     pjsip-core-x86_64-x64-vc14-release:sip_msg.obj
 0002:00000578       ??_C@_07PMMFKIFM@Contact@  000000014002a578     pjsip-core-x86_64-x64-vc14-release:sip_msg.obj
 0002:00000580       ??_C@_01GOHFPIOK@m@        000000014002a580     pjsip-core-x86_64-x64-vc14-release:sip_msg.obj
 0002:00000588       ??_C@_0BE@LMOOGHBG@Content?9Disposition@ 000000014002a588     pjsip-core-x86_64-x64-vc14-release:sip_msg.obj
 0002:000005a0       ??_C@_0BB@KFPPKJHF@Content?9Encoding@ 000000014002a5a0     pjsip-core-x86_64-x64-vc14-release:sip_msg.obj
 0002:000005b4       ??_C@_01KGKMHCOC@e@        000000014002a5b4     pjsip-core-x86_64-x64-vc14-release:sip_msg.obj
 0002:000005b8       ??_C@_0BB@PICLCBPP@Content?9Language@ 000000014002a5b8     pjsip-core-x86_64-x64-vc14-release:sip_msg.obj
 0002:000005d0       ??_C@_0P@HOJGPHBA@Content?9Length@ 000000014002a5d0     pjsip-core-x86_64-x64-vc14-release:sip_msg.obj
 0002:000005e0       ??_C@_01HHGOMJKL@l@        000000014002a5e0     pjsip-core-x86_64-x64-vc14-release:sip_msg.obj
 0002:000005e8       ??_C@_0N@LAFFMKKA@Content?9Type@ 000000014002a5e8     pjsip-core-x86_64-x64-vc14-release:sip_msg.obj
 0002:000005f8       ??_C@_01PAPGNFGE@c@        000000014002a5f8     pjsip-core-x86_64-x64-vc14-release:sip_msg.obj
 0002:000005fc       ??_C@_04IHAOMLEL@CSeq@     000000014002a5fc     pjsip-core-x86_64-x64-vc14-release:sip_msg.obj
 0002:00000604       ??_C@_04FMEGDJGD@Date@     000000014002a604     pjsip-core-x86_64-x64-vc14-release:sip_msg.obj
 0002:00000610       ??_C@_0L@PGKFFKEH@Error?9Info@ 000000014002a610     pjsip-core-x86_64-x64-vc14-release:sip_msg.obj
 0002:00000620       ??_C@_07DABPCBEH@Expires@  000000014002a620     pjsip-core-x86_64-x64-vc14-release:sip_msg.obj
 0002:00000628       ??_C@_04LMIAFEOL@From@     000000014002a628     pjsip-core-x86_64-x64-vc14-release:sip_msg.obj
 0002:00000630       ??_C@_01INIBCBCB@f@        000000014002a630     pjsip-core-x86_64-x64-vc14-release:sip_msg.obj
 0002:00000638       ??_C@_0M@OJFKFNND@In?9Reply?9To@ 000000014002a638     pjsip-core-x86_64-x64-vc14-release:sip_msg.obj
 0002:00000648       ??_C@_0N@KAKEBINL@Max?9Forwards@ 000000014002a648     pjsip-core-x86_64-x64-vc14-release:sip_msg.obj
 0002:00000658       ??_C@_0N@PNJFOFFK@MIME?9Version@ 000000014002a658     pjsip-core-x86_64-x64-vc14-release:sip_msg.obj
 0002:00000668       ??_C@_0M@BHCNHHNF@Min?9Expires@ 000000014002a668     pjsip-core-x86_64-x64-vc14-release:sip_msg.obj
 0002:00000678       ??_C@_0N@MHPBIIPD@Organization@ 000000014002a678     pjsip-core-x86_64-x64-vc14-release:sip_msg.obj
 0002:00000688       ??_C@_08KGEIBGG@Priority@  000000014002a688     pjsip-core-x86_64-x64-vc14-release:sip_msg.obj
 0002:00000698       ??_C@_0BD@GKJFGNG@Proxy?9Authenticate@ 000000014002a698     pjsip-core-x86_64-x64-vc14-release:sip_msg.obj
 0002:000006b0       ??_C@_0BE@DCLKKIPG@Proxy?9Authorization@ 000000014002a6b0     pjsip-core-x86_64-x64-vc14-release:sip_msg.obj
 0002:000006c8       ??_C@_0O@ICDCLCHE@Proxy?9Require@ 000000014002a6c8     pjsip-core-x86_64-x64-vc14-release:sip_msg.obj
 0002:000006d8       ??_C@_0N@KJFPNEHF@Record?9Route@ 000000014002a6d8     pjsip-core-x86_64-x64-vc14-release:sip_msg.obj
 0002:000006e8       ??_C@_08GBENDHCN@Reply?9To@ 000000014002a6e8     pjsip-core-x86_64-x64-vc14-release:sip_msg.obj
 0002:000006f8       ??_C@_07KMMNJNOB@Require@  000000014002a6f8     pjsip-core-x86_64-x64-vc14-release:sip_msg.obj
 0002:00000700       ??_C@_0M@CMFFKFHP@Retry?9After@ 000000014002a700     pjsip-core-x86_64-x64-vc14-release:sip_msg.obj
 0002:0000070c       ??_C@_05DIKBIPM@Route@     000000014002a70c     pjsip-core-x86_64-x64-vc14-release:sip_msg.obj
 0002:00000714       ??_C@_06LGMEBDBC@Server@   000000014002a714     pjsip-core-x86_64-x64-vc14-release:sip_msg.obj
 0002:00000720       ??_C@_07GEKACEDI@Subject@  000000014002a720     pjsip-core-x86_64-x64-vc14-release:sip_msg.obj
 0002:00000728       ??_C@_01LKDEMHDF@s@        000000014002a728     pjsip-core-x86_64-x64-vc14-release:sip_msg.obj
 0002:00000730       ??_C@_09GFDKPDGA@Supported@ 000000014002a730     pjsip-core-x86_64-x64-vc14-release:sip_msg.obj
 0002:0000073c       ??_C@_01DICPFPGM@k@        000000014002a73c     pjsip-core-x86_64-x64-vc14-release:sip_msg.obj
 0002:00000740       ??_C@_09KDGENIOP@Timestamp@ 000000014002a740     pjsip-core-x86_64-x64-vc14-release:sip_msg.obj
 0002:0000074c       ??_C@_02IJGONHOJ@To@       000000014002a74c     pjsip-core-x86_64-x64-vc14-release:sip_msg.obj
 0002:00000750       ??_C@_01PFHFFBPC@t@        000000014002a750     pjsip-core-x86_64-x64-vc14-release:sip_msg.obj
 0002:00000758       ??_C@_0M@BEECMOIL@Unsupported@ 000000014002a758     pjsip-core-x86_64-x64-vc14-release:sip_msg.obj
[...]
 0002:0000af14       $unwind$?filt$0@?0??__scrt_common_main_seh@@YAHXZ@4HA 0000000140034f14     MSVCRT:exe_main.obj
 0002:0000af1c       $unwind$__report_securityfailure 0000000140034f1c     MSVCRT:gs_report.obj
 0002:0000af24       $unwind$capture_previous_context 0000000140034f24     MSVCRT:gs_report.obj
 0002:0000af30       $unwind$__isa_available_init 0000000140034f30     MSVCRT:cpu_disp.obj
 0002:0000af40       $xdatasym                  0000000140034f40     MSVCRT:chkstk.obj
 0002:0000af48       $unwind$__scrt_is_nonwritable_in_current_image 0000000140034f48     MSVCRT:utility.obj
 0002:0000af68       $unwind$__scrt_is_nonwritable_in_current_image$filt$0 0000000140034f68     MSVCRT:utility.obj
 0002:0000af70       $unwind$__security_init_cookie 0000000140034f70     MSVCRT:gs_support.obj
 0002:0000af7c       $unwind$__scrt_fastfail    0000000140034f7c     MSVCRT:utility_desktop.obj
 0002:0000af90       $xdatasym                  0000000140034f90     MSVCRT:guard_dispatch.obj
 0002:0000af98       $xdatasym                  0000000140034f98     MSVCRT:guard_xfg_dispatch.obj
 0002:0000b4e8       .idata$6                   00000001400354e8     ole32:ole32.dll
 0002:0000b538       .idata$6                   0000000140035538     ws2_32:WS2_32.dll
 0002:0000b8a2       .idata$6                   00000001400358a2     kernel32:KERNEL32.dll
 0002:0000b958       .idata$6                   0000000140035958     vcruntime:VCRUNTIME140.dll
 0002:0000bbf0       .idata$6                   0000000140035bf0     ucrt:api-ms-win-crt-stdio-l1-1-0.dll
 0002:0000bc10       .idata$6                   0000000140035c10     ucrt:api-ms-win-crt-convert-l1-1-0.dll
 0002:0000bc32       .idata$6                   0000000140035c32     ucrt:api-ms-win-crt-string-l1-1-0.dll
 0002:0000bc54       .idata$6                   0000000140035c54     ucrt:api-ms-win-crt-heap-l1-1-0.dll
 0002:0000bc74       .idata$6                   0000000140035c74     ucrt:api-ms-win-crt-utility-l1-1-0.dll
 0002:0000bc96       .idata$6                   0000000140035c96     ucrt:api-ms-win-crt-math-l1-1-0.dll
 0002:0000bcb6       .idata$6                   0000000140035cb6     ucrt:api-ms-win-crt-runtime-l1-1-0.dll
 0002:0000bcd8       .idata$6                   0000000140035cd8     ucrt:api-ms-win-crt-locale-l1-1-0.dll
 0003:00000000       $SG21996                   0000000140036000     stateless_proxy.obj
 0003:00000010       $SG22195                   0000000140036010     stateless_proxy.obj
 0003:00000024       $SG21929                   0000000140036024     stateless_proxy.obj
 0003:00000030       $SG21930                   0000000140036030     stateless_proxy.obj
 0003:00000044       $SG21950                   0000000140036044     stateless_proxy.obj
 0003:00000050       $SG21934                   0000000140036050     stateless_proxy.obj
 0003:00000118       $SG21952                   0000000140036118     stateless_proxy.obj
 0003:0000011c       $SG22107                   000000014003611c     stateless_proxy.obj
 0003:00000120       $SG21954                   0000000140036120     stateless_proxy.obj
 0003:0000012c       $SG21956                   000000014003612c     stateless_proxy.obj
 0003:00000134       $SG21957                   0000000140036134     stateless_proxy.obj
 0003:00000140       $SG21959                   0000000140036140     stateless_proxy.obj
 0003:00000158       $SG21961                   0000000140036158     stateless_proxy.obj
 0003:00000178       $SG21965                   0000000140036178     stateless_proxy.obj
 0003:000001a8       $SG21975                   00000001400361a8     stateless_proxy.obj
 0003:000001d8       $SG21976                   00000001400361d8     stateless_proxy.obj
 0003:000001f0       $SG21986                   00000001400361f0     stateless_proxy.obj
 0003:00000220       $SG21987                   0000000140036220     stateless_proxy.obj
 0003:00000238       $SG22058                   0000000140036238     stateless_proxy.obj
 0003:00000260       mod_msg_logger             0000000140036260     stateless_proxy.obj
 0003:000002d0       $SG22023                   00000001400362d0     stateless_proxy.obj
 0003:000002e0       $SG22055                   00000001400362e0     stateless_proxy.obj
 0003:000002f0       $SG22056                   00000001400362f0     stateless_proxy.obj
 0003:00000300       $SG22059                   0000000140036300     stateless_proxy.obj
 0003:00000318       $SG22061                   0000000140036318     stateless_proxy.obj
 0003:00000330       $SG22062                   0000000140036330     stateless_proxy.obj
 0003:00000348       $SG22064                   0000000140036348     stateless_proxy.obj
 0003:00000358       $SG22065                   0000000140036358     stateless_proxy.obj
 0003:00000370       $SG22068                   0000000140036370     stateless_proxy.obj
 0003:00000388       $SG22069                   0000000140036388     stateless_proxy.obj
 0003:000003a0       $SG22105                   00000001400363a0     stateless_proxy.obj
 0003:000003b0       $SG22108                   00000001400363b0     stateless_proxy.obj
 0003:000003b8       $SG22151                   00000001400363b8     stateless_proxy.obj
 0003:000003c8       $SG22152                   00000001400363c8     stateless_proxy.obj
 0003:000003e0       ?mod_stateless_proxy@?1??init_stateless_proxy@@9@9 00000001400363e0     stateless_proxy.obj
 0003:00000450       $SG22210                   0000000140036450     stateless_proxy.obj
 0003:00000468       $SG22215                   0000000140036468     stateless_proxy.obj
 0003:00000488       $SG22217                   0000000140036488     stateless_proxy.obj
 0003:000004a8       $SG22231                   00000001400364a8     stateless_proxy.obj
 0003:000004c0       $SG22237                   00000001400364c0     stateless_proxy.obj
 0003:000004e0       $SG22253                   00000001400364e0     stateless_proxy.obj
 0003:00000500       $SG22255                   0000000140036500     stateless_proxy.obj
 0003:00000520       $SG22257                   0000000140036520     stateless_proxy.obj
 0003:00000544       $SG22258                   0000000140036544     stateless_proxy.obj
 0003:00000550       $SG22260                   0000000140036550     stateless_proxy.obj
 0003:00000570       $SG22261                   0000000140036570     stateless_proxy.obj
 0003:000005b8       $SG22263                   00000001400365b8     stateless_proxy.obj
 0003:000005e8       method_names               00000001400365e8     pjsip-core-x86_64-x64-vc14-release:sip_msg.obj
 0003:00000618       generic_hdr_vptr           0000000140036618     pjsip-core-x86_64-x64-vc14-release:sip_msg.obj
 0003:00000630       generic_int_hdr_vptr       0000000140036630     pjsip-core-x86_64-x64-vc14-release:sip_msg.obj
 0003:00000648       generic_array_hdr_vptr     0000000140036648     pjsip-core-x86_64-x64-vc14-release:sip_msg.obj
 0003:00000660       clen_hdr_vptr              0000000140036660     pjsip-core-x86_64-x64-vc14-release:sip_msg.obj
 0003:00000678       cseq_hdr_vptr              0000000140036678     pjsip-core-x86_64-x64-vc14-release:sip_msg.obj
 0003:00000690       contact_hdr_vptr           0000000140036690     pjsip-core-x86_64-x64-vc14-release:sip_msg.obj
 0003:000006a8       ctype_hdr_vptr             00000001400366a8     pjsip-core-x86_64-x64-vc14-release:sip_msg.obj
 0003:000006c0       fromto_hdr_vptr            00000001400366c0     pjsip-core-x86_64-x64-vc14-release:sip_msg.obj
 0003:000006d8       routing_hdr_vptr           00000001400366d8     pjsip-core-x86_64-x64-vc14-release:sip_msg.obj
 0003:000006f0       retry_after_hdr_vptr       00000001400366f0     pjsip-core-x86_64-x64-vc14-release:sip_msg.obj
 0003:00000708       via_hdr_vptr               0000000140036708     pjsip-core-x86_64-x64-vc14-release:sip_msg.obj
 0003:00000720       mod_msg_print              0000000140036720     pjsip-core-x86_64-x64-vc14-release:sip_transport.obj
 0003:00000790       transport_names            0000000140036790     pjsip-core-x86_64-x64-vc14-release:sip_transport.obj
 0003:00000b10       event_str                  0000000140036b10     pjsip-core-x86_64-x64-vc14-release:sip_util.obj
 0003:00000b48       str_TEXT                   0000000140036b48     pjsip-core-x86_64-x64-vc14-release:sip_util.obj
 0003:00000b58       str_PLAIN                  0000000140036b58     pjsip-core-x86_64-x64-vc14-release:sip_util.obj
 0003:00000b68       sip_str                    0000000140036b68     pjsip-core-x86_64-x64-vc14-release:sip_uri.obj
 0003:00000b78       sips_str                   0000000140036b78     pjsip-core-x86_64-x64-vc14-release:sip_uri.obj
 0003:00000b88       sips_url_vptr              0000000140036b88     pjsip-core-x86_64-x64-vc14-release:sip_uri.obj
 0003:00000bb0       sip_url_vptr               0000000140036bb0     pjsip-core-x86_64-x64-vc14-release:sip_uri.obj
 0003:00000bd8       name_addr_vptr             0000000140036bd8     pjsip-core-x86_64-x64-vc14-release:sip_uri.obj
 0003:00000c00       other_uri_vptr             0000000140036c00     pjsip-core-x86_64-x64-vc14-release:sip_uri.obj
 0003:00000c40       pconst                     0000000140036c40     pjsip-core-x86_64-x64-vc14-release:sip_parser.obj
 0003:00000f08       pjsip_ISUB_STR             0000000140036f08     pjsip-core-x86_64-x64-vc14-release:sip_tel_uri.obj
 0003:00000f18       pjsip_EXT_STR              0000000140036f18     pjsip-core-x86_64-x64-vc14-release:sip_tel_uri.obj
 0003:00000f28       pjsip_PH_CTX_STR           0000000140036f28     pjsip-core-x86_64-x64-vc14-release:sip_tel_uri.obj
 0003:00000f38       tel_uri_vptr               0000000140036f38     pjsip-core-x86_64-x64-vc14-release:sip_tel_uri.obj
 0003:00000f60       mod_tsx_layer              0000000140036f60     pjsip-core-x86_64-x64-vc14-release:sip_transaction.obj
 0003:00000ff0       t1_timer_val               0000000140036ff0     pjsip-core-x86_64-x64-vc14-release:sip_transaction.obj
 0003:00000ff8       t2_timer_val               0000000140036ff8     pjsip-core-x86_64-x64-vc14-release:sip_transaction.obj
 0003:00001000       t4_timer_val               0000000140037000     pjsip-core-x86_64-x64-vc14-release:sip_transaction.obj
 0003:00001008       td_timer_val               0000000140037008     pjsip-core-x86_64-x64-vc14-release:sip_transaction.obj
 0003:00001010       timeout_timer_val          0000000140037010     pjsip-core-x86_64-x64-vc14-release:sip_transaction.obj
 0003:00001020       state_str                  0000000140037020     pjsip-core-x86_64-x64-vc14-release:sip_transaction.obj
 0003:00001060       role_name                  0000000140037060     pjsip-core-x86_64-x64-vc14-release:sip_transaction.obj
 0003:00001070       tsx_state_handler_uac      0000000140037070     pjsip-core-x86_64-x64-vc14-release:sip_transaction.obj
 0003:000010b0       tsx_state_handler_uas      00000001400370b0     pjsip-core-x86_64-x64-vc14-release:sip_transaction.obj
 0003:00001160       authorization_hdr_vptr     0000000140037160     pjsip-core-x86_64-x64-vc14-release:sip_auth_msg.obj
 0003:00001178       www_authenticate_hdr_vptr  0000000140037178     pjsip-core-x86_64-x64-vc14-release:sip_auth_msg.obj
 0003:00001198       state_names                0000000140037198     pjlib-util-x86_64-x64-vc14-release:resolver.obj
 0003:000011b0       thread_tls_id              00000001400371b0     pjlib-x86_64-x64-vc14-release:os_core_win32.obj
 0003:000011c0       pool_sizes                 00000001400371c0     pjlib-x86_64-x64-vc14-release:pool_caching.obj
 0003:00001240       pj_log_max_level           0000000140037240     pjlib-x86_64-x64-vc14-release:log.obj
 0003:00001244       thread_suspended_tls_id    0000000140037244     pjlib-x86_64-x64-vc14-release:log.obj
 0003:00001248       thread_indent_tls_id       0000000140037248     pjlib-x86_64-x64-vc14-release:log.obj
 0003:0000124c       log_decor                  000000014003724c     pjlib-x86_64-x64-vc14-release:log.obj
 0003:00001250       log_writer                 0000000140037250     pjlib-x86_64-x64-vc14-release:log.obj
 0003:00001258       PJ_LOG_COLOR_0             0000000140037258     pjlib-x86_64-x64-vc14-release:log.obj
 0003:0000125c       PJ_LOG_COLOR_1             000000014003725c     pjlib-x86_64-x64-vc14-release:log.obj
 0003:00001260       PJ_LOG_COLOR_2             0000000140037260     pjlib-x86_64-x64-vc14-release:log.obj
 0003:00001264       PJ_LOG_COLOR_3             0000000140037264     pjlib-x86_64-x64-vc14-release:log.obj
 0003:00001268       PJ_LOG_COLOR_4             0000000140037268     pjlib-x86_64-x64-vc14-release:log.obj
 0003:0000126c       PJ_LOG_COLOR_5             000000014003726c     pjlib-x86_64-x64-vc14-release:log.obj
 0003:00001270       PJ_LOG_COLOR_6             0000000140037270     pjlib-x86_64-x64-vc14-release:log.obj
 0003:00001274       PJ_LOG_COLOR_77            0000000140037274     pjlib-x86_64-x64-vc14-release:log.obj
 0003:00001278       ?ltexts@?2??pj_log@@9@9    0000000140037278     pjlib-x86_64-x64-vc14-release:log.obj
 0003:000012b0       ?wdays@?3??pj_log@@9@9     00000001400372b0     pjlib-x86_64-x64-vc14-release:log.obj
 0003:00001308       mutex_lock_template        0000000140037308     pjlib-x86_64-x64-vc14-release:lock.obj
 0003:00001330       null_lock_template         0000000140037330     pjlib-x86_64-x64-vc14-release:lock.obj
 0003:00001358       sem_lock_template          0000000140037358     pjlib-x86_64-x64-vc14-release:lock.obj
 0003:00001380       thread_local_id            0000000140037380     pjlib-x86_64-x64-vc14-release:except.obj
 0003:00001388       ?hex@?1??hex2digit@@9@9    0000000140037388     pjlib-x86_64-x64-vc14-release:guid_win32.obj
 0003:00001398       tls                        0000000140037398     pjlib-x86_64-x64-vc14-release:pool_buf.obj
 0003:000013a8       id                         00000001400373a8     pjlib-x86_64-x64-vc14-release:config.obj
 0003:00001400       global                     0000000140037400     stateless_proxy.obj
 0003:00001940       status_phrase              0000000140037940     pjsip-core-x86_64-x64-vc14-release:sip_msg.obj
 0003:000045a0       ?is_initialized@?1??pjsip_get_status_text@@9@9 000000014003a5a0     pjsip-core-x86_64-x64-vc14-release:sip_msg.obj
 0003:000045b0       handler                    000000014003a5b0     pjsip-core-x86_64-x64-vc14-release:sip_parser.obj
 0003:000060b0       handler_count              000000014003c0b0     pjsip-core-x86_64-x64-vc14-release:sip_parser.obj
 0003:000060b4       parser_is_initialized      000000014003c0b4     pjsip-core-x86_64-x64-vc14-release:sip_parser.obj
 0003:000060b8       uri_handler_count          000000014003c0b8     pjsip-core-x86_64-x64-vc14-release:sip_parser.obj
 0003:000060c0       uri_handler                000000014003c0c0     pjsip-core-x86_64-x64-vc14-release:sip_parser.obj
 0003:00006120       cis_buf                    000000014003c120     pjsip-core-x86_64-x64-vc14-release:sip_parser.obj
 0003:00006530       pjsip_TEL_NUMBER_SPEC      000000014003c530     pjsip-core-x86_64-x64-vc14-release:sip_tel_uri.obj
 0003:00006540       pjsip_TEL_EXT_VALUE_SPEC   000000014003c540     pjsip-core-x86_64-x64-vc14-release:sip_tel_uri.obj
 0003:00006550       pjsip_TEL_PHONE_CONTEXT_SPEC 000000014003c550     pjsip-core-x86_64-x64-vc14-release:sip_tel_uri.obj
 0003:00006560       pjsip_TEL_URIC_SPEC        000000014003c560     pjsip-core-x86_64-x64-vc14-release:sip_tel_uri.obj
 0003:00006570       pjsip_TEL_PNAME_SPEC       000000014003c570     pjsip-core-x86_64-x64-vc14-release:sip_tel_uri.obj
 0003:00006580       pjsip_TEL_PVALUE_SPEC      000000014003c580     pjsip-core-x86_64-x64-vc14-release:sip_tel_uri.obj
 0003:00006590       cis_buf                    000000014003c590     pjsip-core-x86_64-x64-vc14-release:sip_tel_uri.obj
 0003:00006998       pjsip_TEL_VISUAL_SEP_SPEC  000000014003c998     pjsip-core-x86_64-x64-vc14-release:sip_tel_uri.obj
 0003:000069a8       pjsip_TEL_PVALUE_SPEC_ESC  000000014003c9a8     pjsip-core-x86_64-x64-vc14-release:sip_tel_uri.obj
 0003:000069b8       pjsip_TEL_PARSING_PVALUE_SPEC 000000014003c9b8     pjsip-core-x86_64-x64-vc14-release:sip_tel_uri.obj
 0003:000069c8       pjsip_TEL_PARSING_PVALUE_SPEC_ESC 000000014003c9c8     pjsip-core-x86_64-x64-vc14-release:sip_tel_uri.obj
 0003:000069e0       __getopt_initialized       000000014003c9e0     pjlib-util-x86_64-x64-vc14-release:getopt.obj
 0003:000069e4       ordering                   000000014003c9e4     pjlib-util-x86_64-x64-vc14-release:getopt.obj
 0003:000069e8       nextchar                   000000014003c9e8     pjlib-util-x86_64-x64-vc14-release:getopt.obj
 0003:000069f0       posixly_correct            000000014003c9f0     pjlib-util-x86_64-x64-vc14-release:getopt.obj
 0003:000069f8       first_nonopt               000000014003c9f8     pjlib-util-x86_64-x64-vc14-release:getopt.obj
 0003:000069fc       last_nonopt                000000014003c9fc     pjlib-util-x86_64-x64-vc14-release:getopt.obj
 0003:00006a00       initialized                000000014003ca00     pjlib-x86_64-x64-vc14-release:os_core_win32.obj
 0003:00006a04       atexit_count               000000014003ca04     pjlib-x86_64-x64-vc14-release:os_core_win32.obj
 0003:00006a10       main_thread                000000014003ca10     pjlib-x86_64-x64-vc14-release:os_core_win32.obj
 0003:00006b10       critical_section_mutex     000000014003cb10     pjlib-x86_64-x64-vc14-release:os_core_win32.obj
 0003:00006b60       atexit_func                000000014003cb60     pjlib-x86_64-x64-vc14-release:os_core_win32.obj
 0003:00006c60       err_msg_hnd_cnt            000000014003cc60     pjlib-x86_64-x64-vc14-release:errno.obj
 0003:00006c70       err_msg_hnd                000000014003cc70     pjlib-x86_64-x64-vc14-release:errno.obj
 0003:00006d10       ?buf@?1??pj_gethostname@@9@9 000000014003cd10     pjlib-x86_64-x64-vc14-release:sock_bsd.obj
 0003:00006d90       ?hostname@?1??pj_gethostname@@9@9 000000014003cd90     pjlib-x86_64-x64-vc14-release:sock_bsd.obj
 0003:00006da0       g_last_thread              000000014003cda0     pjlib-x86_64-x64-vc14-release:log.obj
 0003:00006da8       s_hDLL                     000000014003cda8     pjlib-x86_64-x64-vc14-release:ip_helper_win32.obj
 0003:00006db0       s_pfnGetIpAddrTable        000000014003cdb0     pjlib-x86_64-x64-vc14-release:ip_helper_win32.obj
 0003:00006db8       s_pfnGetAdapterAddresses   000000014003cdb8     pjlib-x86_64-x64-vc14-release:ip_helper_win32.obj
 0003:00006dc0       s_pfnGetIpForwardTable     000000014003cdc0     pjlib-x86_64-x64-vc14-release:ip_helper_win32.obj
 0003:00006dc8       s_pfnGetIfEntry            000000014003cdc8     pjlib-x86_64-x64-vc14-release:ip_helper_win32.obj
 0003:00006dd0       exception_id_names         000000014003cdd0     pjlib-x86_64-x64-vc14-release:except.obj
 0003:00006e50       ?unknown_name@?1??pj_exception_id_name@@9@9 000000014003ce50     pjlib-x86_64-x64-vc14-release:except.obj
 0003:00006e70       base_time                  000000014003ce70     pjlib-x86_64-x64-vc14-release:os_time_win32.obj
 0003:00006e80       stack_based_factory        000000014003ce80     pjlib-x86_64-x64-vc14-release:pool_buf.obj
 0003:00006ec8       is_initialized             000000014003cec8     pjlib-x86_64-x64-vc14-release:pool_buf.obj
 0003:00006ed0       GS_ExceptionRecord         000000014003ced0     MSVCRT:gs_report.obj
 0003:00006f70       GS_ContextRecord           000000014003cf70     MSVCRT:gs_report.obj
 0003:00007458       ?is_initialized_as_dll@@3_NA 000000014003d458     MSVCRT:utility.obj
 0003:00007459       ?module_local_atexit_table_initialized@@3_NA 000000014003d459     MSVCRT:utility.obj
 0003:00007460       ?module_local_atexit_table@@3U_onexit_table_t@@A 000000014003d460     MSVCRT:utility.obj
 0003:00007478       ?module_local_at_quick_exit_table@@3U_onexit_table_t@@A 000000014003d478     MSVCRT:utility.obj
