 confsample

 Timestamp is 60aeb742 (Wed May 26 23:01:54 2021)

 Preferred load address is 0000000140000000

 Start         Length     Name                   Class
 0001:00000000 000812a0H .text$mn                CODE
 0001:000812a0 00001040H .text$mn$00             CODE
 0001:000822e0 0000108dH .text$x                 CODE
 0002:00000000 00000110H .CRT$XCA                DATA
 0002:00000110 00000110H .CRT$XCAA               DATA
 0002:00000220 00000110H .CRT$XCZ                DATA
 0002:00000330 00000110H .CRT$XIA                DATA
 0002:00000440 00000110H .CRT$XIAA               DATA
 0002:00000550 00000110H .CRT$XIAC               DATA
 0002:00000660 00000110H .CRT$XIZ                DATA
 0002:00000770 00000110H .CRT$XPA                DATA
 0002:00000880 00000110H .CRT$XPZ                DATA
 0002:00000990 00000110H .CRT$XTA                DATA
 0002:00000aa0 00000110H .CRT$XTZ                DATA
 0002:00000bb0 0001aa50H .rdata                  DATA
 0002:0001b600 00000110H .rdata$CastGuardVftablesA DATA
 0002:0001b710 0000010cH .rdata$CastGuardVftablesC DATA
 0002:0001b81c 00000204H .rdata$zzzdbg           DATA
 0002:0001ba20 00000110H .rtc$IAA                DATA
 0002:0001bb30 00000110H .rtc$IZZ                DATA
 0002:0001bc40 00000110H .rtc$TAA                DATA
 0002:0001bd50 00000110H .rtc$TZZ                DATA
 0002:0001be60 000030bbH .xdata                  DATA
 0002:0001ef1b 00000000H .edata                  DATA
 0003:00000000 00038780H .data                   DATA
 0003:00038780 00002879H .bss                    DATA
 0004:00000000 00003fc0H .pdata                  DATA
 0005:00000000 00000948H .idata$5                DATA
 0005:00000948 00000078H .idata$2                DATA
 0005:000009c0 00000018H .idata$3                DATA
 0005:000009d8 00000948H .idata$4                DATA
 0005:00001320 00000d85H .idata$6                DATA
 0006:00000000 00000151H .00cfg                  DATA

  Address         Publics by Value              Rva+Base               Lib:Object

 0000:00000000       __guard_iat_count          0000000000000000     <absolute>
 0000:00000000       __AbsoluteZero             0000000000000000     <absolute>
 0000:00000000       __guard_fids_count         0000000000000000     <absolute>
 0000:00000000       ___safe_se_handler_count   0000000000000000     <absolute>
 0000:00000000       __enclave_config           0000000000000000     <absolute>
 0000:00000000       __arm64x_redirection_metadata_count 0000000000000000     <absolute>
 0000:00000000       ___safe_se_handler_table   0000000000000000     <absolute>
 0000:00000000       __guard_eh_cont_table      0000000000000000     <absolute>
 0000:00000000       __hybrid_auxiliary_iat     0000000000000000     <absolute>
 0000:00000000       __x64_code_ranges_to_entry_points_count 0000000000000000     <absolute>
 0000:00000000       __arm64x_extra_rfe_table_size 0000000000000000     <absolute>
 0000:00000000       __volatile_metadata        0000000000000000     <absolute>
 0000:00000000       __guard_iat_table          0000000000000000     <absolute>
 0000:00000000       __guard_longjmp_table      0000000000000000     <absolute>
 0000:00000000       __arm64x_native_entrypoint 0000000000000000     <absolute>
 0000:00000000       __arm64x_redirection_metadata 0000000000000000     <absolute>
 0000:00000000       __arm64x_extra_rfe_table   0000000000000000     <absolute>
 0000:00000000       __guard_eh_cont_count      0000000000000000     <absolute>
 0000:00000000       __guard_check_icall_a64n_fptr 0000000000000000     <absolute>
 0000:00000000       __hybrid_code_map_count    0000000000000000     <absolute>
 0000:00000000       __x64_code_ranges_to_entry_points 0000000000000000     <absolute>
 0000:00000000       __dynamic_value_reloc_table 0000000000000000     <absolute>
 0000:00000000       __guard_longjmp_count      0000000000000000     <absolute>
 0000:00000000       __hybrid_code_map          0000000000000000     <absolute>
 0000:00000000       __hybrid_auxiliary_iat_copy 0000000000000000     <absolute>
 0000:00000000       __guard_fids_table         0000000000000000     <absolute>
 0000:00000100       __guard_flags              0000000000000100     <absolute>
 0000:00000000       __ImageBase                0000000140000000     <linker-defined>
 0001:000023f0       get_snd_options            00000001400033f0 f   confsample.obj
 0001:00002860       dump_pool_usage            0000000140003860 f   confsample.obj
 0001:00002f20       main                       0000000140003f20 f   confsample.obj
 0001:00004340       __local_stdio_printf_options 0000000140005340 f i confsample.obj
 0001:00004350       _vfprintf_l                0000000140005350 f i confsample.obj
 0001:000043b0       _vsnprintf_l               00000001400053b0 f i confsample.obj
 0001:00004450       _vsprintf_l                0000000140005450 f i confsample.obj
 0001:000044b0       printf                     00000001400054b0 f i confsample.obj
 0001:00004520       sprintf                    0000000140005520 f i confsample.obj
 0001:00004590       pjmedia_aud_subsys_init    0000000140005590 f   pjmedia-audiodev-x86_64-x64-vc14-debug-dynamic:audiodev.obj
 0001:000046e0       pjmedia_aud_subsys_get_pool_factory 00000001400056e0 f   pjmedia-audiodev-x86_64-x64-vc14-debug-dynamic:audiodev.obj
 0001:00004710       pjmedia_aud_subsys_shutdown 0000000140005710 f   pjmedia-audiodev-x86_64-x64-vc14-debug-dynamic:audiodev.obj
 0001:00004790       pjmedia_aud_register_factory 0000000140005790 f   pjmedia-audiodev-x86_64-x64-vc14-debug-dynamic:audiodev.obj
 0001:00004820       pjmedia_aud_unregister_factory 0000000140005820 f   pjmedia-audiodev-x86_64-x64-vc14-debug-dynamic:audiodev.obj
 0001:000049d0       pjmedia_audiodev_strerror  00000001400059d0 f   pjmedia-audiodev-x86_64-x64-vc14-debug-dynamic:errno.obj
 0001:00004e10       _snprintf                  0000000140005e10 f i pjmedia-audiodev-x86_64-x64-vc14-debug-dynamic:errno.obj
 0001:00004e80       _vsnprintf                 0000000140005e80 f i pjmedia-audiodev-x86_64-x64-vc14-debug-dynamic:errno.obj
 0001:000067a0       pjmedia_wmme_factory       00000001400077a0 f   pjmedia-audiodev-x86_64-x64-vc14-debug-dynamic:wmme_dev.obj
 0001:00008d40       pjmedia_port_info_init     0000000140009d40 f   pjmedia-x86_64-x64-vc14-debug-dynamic:port.obj
 0001:00008e90       pjmedia_port_info_init2    0000000140009e90 f   pjmedia-x86_64-x64-vc14-debug-dynamic:port.obj
 0001:00008f10       pjmedia_port_get_clock_src 0000000140009f10 f   pjmedia-x86_64-x64-vc14-debug-dynamic:port.obj
 0001:00008f60       pjmedia_port_get_frame     0000000140009f60 f   pjmedia-x86_64-x64-vc14-debug-dynamic:port.obj
 0001:00009000       pjmedia_port_put_frame     000000014000a000 f   pjmedia-x86_64-x64-vc14-debug-dynamic:port.obj
 0001:00009090       pjmedia_port_destroy       000000014000a090 f   pjmedia-x86_64-x64-vc14-debug-dynamic:port.obj
 0001:00009490       pjmedia_conf_create        000000014000a490 f   pjmedia-x86_64-x64-vc14-debug-dynamic:conference.obj
 0001:00009800       pjmedia_conf_destroy       000000014000a800 f   pjmedia-x86_64-x64-vc14-debug-dynamic:conference.obj
 0001:00009980       pjmedia_conf_get_master_port 000000014000a980 f   pjmedia-x86_64-x64-vc14-debug-dynamic:conference.obj
 0001:00009a20       pjmedia_conf_set_port0_name 000000014000aa20 f   pjmedia-x86_64-x64-vc14-debug-dynamic:conference.obj
 0001:00009b50       pjmedia_conf_add_port      000000014000ab50 f   pjmedia-x86_64-x64-vc14-debug-dynamic:conference.obj
 0001:00009da0       pjmedia_conf_configure_port 000000014000ada0 f   pjmedia-x86_64-x64-vc14-debug-dynamic:conference.obj
 0001:00009eb0       pjmedia_conf_connect_port  000000014000aeb0 f   pjmedia-x86_64-x64-vc14-debug-dynamic:conference.obj
 0001:0000a160       pjmedia_conf_disconnect_port 000000014000b160 f   pjmedia-x86_64-x64-vc14-debug-dynamic:conference.obj
 0001:0000a430       pjmedia_conf_get_port_count 000000014000b430 f   pjmedia-x86_64-x64-vc14-debug-dynamic:conference.obj
 0001:0000a450       pjmedia_conf_get_connect_count 000000014000b450 f   pjmedia-x86_64-x64-vc14-debug-dynamic:conference.obj
 0001:0000a470       pjmedia_conf_remove_port   000000014000b470 f   pjmedia-x86_64-x64-vc14-debug-dynamic:conference.obj
 0001:0000a7d0       pjmedia_conf_enum_ports    000000014000b7d0 f   pjmedia-x86_64-x64-vc14-debug-dynamic:conference.obj
 0001:0000a8e0       pjmedia_conf_get_port_info 000000014000b8e0 f   pjmedia-x86_64-x64-vc14-debug-dynamic:conference.obj
 0001:0000aa90       pjmedia_conf_get_ports_info 000000014000ba90 f   pjmedia-x86_64-x64-vc14-debug-dynamic:conference.obj
 0001:0000abb0       pjmedia_conf_get_signal_level 000000014000bbb0 f   pjmedia-x86_64-x64-vc14-debug-dynamic:conference.obj
 0001:0000acb0       pjmedia_conf_adjust_rx_level 000000014000bcb0 f   pjmedia-x86_64-x64-vc14-debug-dynamic:conference.obj
 0001:0000adc0       pjmedia_conf_adjust_tx_level 000000014000bdc0 f   pjmedia-x86_64-x64-vc14-debug-dynamic:conference.obj
 0001:0000aed0       pjmedia_conf_adjust_conn_level 000000014000bed0 f   pjmedia-x86_64-x64-vc14-debug-dynamic:conference.obj
 0001:0000e910       pjmedia_endpt_create2      000000014000f910 f   pjmedia-x86_64-x64-vc14-debug-dynamic:endpoint.obj
 0001:0000ec90       pjmedia_endpt_destroy2     000000014000fc90 f   pjmedia-x86_64-x64-vc14-debug-dynamic:endpoint.obj
 0001:0000ed60       pjmedia_endpt_set_flag     000000014000fd60 f   pjmedia-x86_64-x64-vc14-debug-dynamic:endpoint.obj
 0001:0000edf0       pjmedia_endpt_get_flag     000000014000fdf0 f   pjmedia-x86_64-x64-vc14-debug-dynamic:endpoint.obj
 0001:0000ee80       pjmedia_endpt_get_ioqueue  000000014000fe80 f   pjmedia-x86_64-x64-vc14-debug-dynamic:endpoint.obj
 0001:0000eee0       pjmedia_endpt_get_thread_count 000000014000fee0 f   pjmedia-x86_64-x64-vc14-debug-dynamic:endpoint.obj
 0001:0000ef40       pjmedia_endpt_get_thread   000000014000ff40 f   pjmedia-x86_64-x64-vc14-debug-dynamic:endpoint.obj
 0001:0000eff0       pjmedia_endpt_stop_threads 000000014000fff0 f   pjmedia-x86_64-x64-vc14-debug-dynamic:endpoint.obj
 0001:0000f0d0       pjmedia_endpt_create_pool  00000001400100d0 f   pjmedia-x86_64-x64-vc14-debug-dynamic:endpoint.obj
 0001:0000f140       pjmedia_endpt_get_codec_mgr 0000000140010140 f   pjmedia-x86_64-x64-vc14-debug-dynamic:endpoint.obj
 0001:0000f160       pjmedia_endpt_create_sdp   0000000140010160 f   pjmedia-x86_64-x64-vc14-debug-dynamic:endpoint.obj
 0001:0000f310       pjmedia_endpt_create_base_sdp 0000000140010310 f   pjmedia-x86_64-x64-vc14-debug-dynamic:endpoint.obj
 0001:0000f5a0       pjmedia_endpt_create_audio_sdp 00000001400105a0 f   pjmedia-x86_64-x64-vc14-debug-dynamic:endpoint.obj
 0001:000101b0       pjmedia_endpt_dump         00000001400111b0 f   pjmedia-x86_64-x64-vc14-debug-dynamic:endpoint.obj
 0001:000105d0       pjmedia_endpt_atexit       00000001400115d0 f   pjmedia-x86_64-x64-vc14-debug-dynamic:endpoint.obj
 0001:00011400       pjmedia_wav_player_port_create 0000000140012400 f   pjmedia-x86_64-x64-vc14-debug-dynamic:wav_player.obj
 0001:00011bf0       pjmedia_wav_player_get_info 0000000140012bf0 f   pjmedia-x86_64-x64-vc14-debug-dynamic:wav_player.obj
 0001:00011da0       pjmedia_wav_player_get_len 0000000140012da0 f   pjmedia-x86_64-x64-vc14-debug-dynamic:wav_player.obj
 0001:00011e70       pjmedia_wav_player_port_set_pos 0000000140012e70 f   pjmedia-x86_64-x64-vc14-debug-dynamic:wav_player.obj
 0001:00012010       pjmedia_wav_player_port_get_pos 0000000140013010 f   pjmedia-x86_64-x64-vc14-debug-dynamic:wav_player.obj
 0001:00012160       pjmedia_wav_player_set_eof_cb 0000000140013160 f   pjmedia-x86_64-x64-vc14-debug-dynamic:wav_player.obj
 0001:00012250       pjmedia_wav_player_set_eof_cb2 0000000140013250 f   pjmedia-x86_64-x64-vc14-debug-dynamic:wav_player.obj
 0001:000137c0       pjmedia_wav_writer_port_create 00000001400147c0 f   pjmedia-x86_64-x64-vc14-debug-dynamic:wav_writer.obj
 0001:00013e00       pjmedia_wav_writer_port_get_pos 0000000140014e00 f   pjmedia-x86_64-x64-vc14-debug-dynamic:wav_writer.obj
 0001:00013eb0       pjmedia_wav_writer_port_set_cb 0000000140014eb0 f   pjmedia-x86_64-x64-vc14-debug-dynamic:wav_writer.obj
 0001:00013fd0       pjmedia_wav_writer_port_set_cb2 0000000140014fd0 f   pjmedia-x86_64-x64-vc14-debug-dynamic:wav_writer.obj
 0001:00014d80       pjmedia_get_aud_subsys     0000000140015d80 f   pjmedia-x86_64-x64-vc14-debug-dynamic:audiodev.obj
 0001:00014d90       pjmedia_aud_driver_init    0000000140015d90 f   pjmedia-x86_64-x64-vc14-debug-dynamic:audiodev.obj
 0001:000150f0       pjmedia_aud_driver_deinit  00000001400160f0 f   pjmedia-x86_64-x64-vc14-debug-dynamic:audiodev.obj
 0001:00015190       pjmedia_aud_dev_cap_name   0000000140016190 f   pjmedia-x86_64-x64-vc14-debug-dynamic:audiodev.obj
 0001:00015250       pjmedia_aud_param_set_cap  0000000140016250 f   pjmedia-x86_64-x64-vc14-debug-dynamic:audiodev.obj
 0001:000152d0       pjmedia_aud_param_get_cap  00000001400162d0 f   pjmedia-x86_64-x64-vc14-debug-dynamic:audiodev.obj
 0001:00015360       pjmedia_aud_dev_refresh    0000000140016360 f   pjmedia-x86_64-x64-vc14-debug-dynamic:audiodev.obj
 0001:00015440       pjmedia_aud_dev_count      0000000140016440 f   pjmedia-x86_64-x64-vc14-debug-dynamic:audiodev.obj
 0001:00015450       pjmedia_aud_dev_get_info   0000000140016450 f   pjmedia-x86_64-x64-vc14-debug-dynamic:audiodev.obj
 0001:00015530       pjmedia_aud_dev_lookup     0000000140016530 f   pjmedia-x86_64-x64-vc14-debug-dynamic:audiodev.obj
 0001:00015760       pjmedia_aud_dev_default_param 0000000140016760 f   pjmedia-x86_64-x64-vc14-debug-dynamic:audiodev.obj
 0001:00015890       pjmedia_aud_stream_create  0000000140016890 f   pjmedia-x86_64-x64-vc14-debug-dynamic:audiodev.obj
 0001:00015be0       pjmedia_aud_stream_get_param 0000000140016be0 f   pjmedia-x86_64-x64-vc14-debug-dynamic:audiodev.obj
 0001:00015ce0       pjmedia_aud_stream_get_cap 0000000140016ce0 f   pjmedia-x86_64-x64-vc14-debug-dynamic:audiodev.obj
 0001:00015d20       pjmedia_aud_stream_set_cap 0000000140016d20 f   pjmedia-x86_64-x64-vc14-debug-dynamic:audiodev.obj
 0001:00015d60       pjmedia_aud_stream_start   0000000140016d60 f   pjmedia-x86_64-x64-vc14-debug-dynamic:audiodev.obj
 0001:00015d90       pjmedia_aud_stream_stop    0000000140016d90 f   pjmedia-x86_64-x64-vc14-debug-dynamic:audiodev.obj
 0001:00015dc0       pjmedia_aud_stream_destroy 0000000140016dc0 f   pjmedia-x86_64-x64-vc14-debug-dynamic:audiodev.obj
 0001:00016950       pjmedia_event_mgr_create   0000000140017950 f   pjmedia-x86_64-x64-vc14-debug-dynamic:event.obj
 0001:00016af0       pjmedia_event_mgr_instance 0000000140017af0 f   pjmedia-x86_64-x64-vc14-debug-dynamic:event.obj
 0001:00016b00       pjmedia_event_mgr_set_instance 0000000140017b00 f   pjmedia-x86_64-x64-vc14-debug-dynamic:event.obj
 0001:00016b20       pjmedia_event_mgr_destroy  0000000140017b20 f   pjmedia-x86_64-x64-vc14-debug-dynamic:event.obj
 0001:00016c30       pjmedia_event_init         0000000140017c30 f   pjmedia-x86_64-x64-vc14-debug-dynamic:event.obj
 0001:00016cb0       pjmedia_event_subscribe    0000000140017cb0 f   pjmedia-x86_64-x64-vc14-debug-dynamic:event.obj
 0001:00016e90       pjmedia_event_unsubscribe  0000000140017e90 f   pjmedia-x86_64-x64-vc14-debug-dynamic:event.obj
 0001:00017070       pjmedia_event_publish      0000000140018070 f   pjmedia-x86_64-x64-vc14-debug-dynamic:event.obj
 0001:000179a0       pjmedia_format_copy        00000001400189a0 f   pjmedia-x86_64-x64-vc14-debug-dynamic:format.obj
 0001:000179d0       pjmedia_format_get_audio_format_detail 00000001400189d0 f   pjmedia-x86_64-x64-vc14-debug-dynamic:format.obj
 0001:00017aa0       pjmedia_delay_buf_create   0000000140018aa0 f   pjmedia-x86_64-x64-vc14-debug-dynamic:delaybuf.obj
 0001:00017d40       pjmedia_delay_buf_put      0000000140018d40 f   pjmedia-x86_64-x64-vc14-debug-dynamic:delaybuf.obj
 0001:00017f50       pjmedia_delay_buf_get      0000000140018f50 f   pjmedia-x86_64-x64-vc14-debug-dynamic:delaybuf.obj
 0001:00018180       pjmedia_delay_buf_reset    0000000140019180 f   pjmedia-x86_64-x64-vc14-debug-dynamic:delaybuf.obj
 0001:00018250       pjmedia_delay_buf_destroy  0000000140019250 f   pjmedia-x86_64-x64-vc14-debug-dynamic:delaybuf.obj
 0001:00019290       pjmedia_resample_create    000000014001a290 f   pjmedia-x86_64-x64-vc14-debug-dynamic:resample_resample.obj
 0001:00019750       pjmedia_resample_run       000000014001a750 f   pjmedia-x86_64-x64-vc14-debug-dynamic:resample_resample.obj
 0001:00019b20       pjmedia_resample_get_input_size 000000014001ab20 f   pjmedia-x86_64-x64-vc14-debug-dynamic:resample_resample.obj
 0001:00019b80       pjmedia_resample_destroy   000000014001ab80 f   pjmedia-x86_64-x64-vc14-debug-dynamic:resample_resample.obj
 0001:00019f00       pjmedia_snd_port_param_default 000000014001af00 f   pjmedia-x86_64-x64-vc14-debug-dynamic:sound_port.obj
 0001:00019f30       pjmedia_snd_port_create    000000014001af30 f   pjmedia-x86_64-x64-vc14-debug-dynamic:sound_port.obj
 0001:0001a050       pjmedia_snd_port_create_rec 000000014001b050 f   pjmedia-x86_64-x64-vc14-debug-dynamic:sound_port.obj
 0001:0001a150       pjmedia_snd_port_create_player 000000014001b150 f   pjmedia-x86_64-x64-vc14-debug-dynamic:sound_port.obj
 0001:0001a250       pjmedia_snd_port_create2   000000014001b250 f   pjmedia-x86_64-x64-vc14-debug-dynamic:sound_port.obj
 0001:0001a4e0       pjmedia_snd_port_destroy   000000014001b4e0 f   pjmedia-x86_64-x64-vc14-debug-dynamic:sound_port.obj
 0001:0001a540       pjmedia_snd_port_get_snd_stream 000000014001b540 f   pjmedia-x86_64-x64-vc14-debug-dynamic:sound_port.obj
 0001:0001a5a0       pjmedia_snd_port_set_ec    000000014001b5a0 f   pjmedia-x86_64-x64-vc14-debug-dynamic:sound_port.obj
 0001:0001a9a0       pjmedia_snd_port_get_ec_tail 000000014001b9a0 f   pjmedia-x86_64-x64-vc14-debug-dynamic:sound_port.obj
 0001:0001aae0       pjmedia_snd_port_get_ec_stat 000000014001bae0 f   pjmedia-x86_64-x64-vc14-debug-dynamic:sound_port.obj
 0001:0001ab70       pjmedia_snd_port_get_clock_src 000000014001bb70 f   pjmedia-x86_64-x64-vc14-debug-dynamic:sound_port.obj
 0001:0001abc0       pjmedia_snd_port_connect   000000014001bbc0 f   pjmedia-x86_64-x64-vc14-debug-dynamic:sound_port.obj
 0001:0001acd0       pjmedia_snd_port_get_port  000000014001bcd0 f   pjmedia-x86_64-x64-vc14-debug-dynamic:sound_port.obj
 0001:0001ad30       pjmedia_snd_port_disconnect 000000014001bd30 f   pjmedia-x86_64-x64-vc14-debug-dynamic:sound_port.obj
 0001:0001bcc0       pjmedia_sdp_attr_create    000000014001ccc0 f   pjmedia-x86_64-x64-vc14-debug-dynamic:sdp.obj
 0001:0001bda0       pjmedia_sdp_attr_clone     000000014001cda0 f   pjmedia-x86_64-x64-vc14-debug-dynamic:sdp.obj
 0001:0001be60       pjmedia_sdp_attr_find      000000014001ce60 f   pjmedia-x86_64-x64-vc14-debug-dynamic:sdp.obj
 0001:0001bf70       pjmedia_sdp_attr_find2     000000014001cf70 f   pjmedia-x86_64-x64-vc14-debug-dynamic:sdp.obj
 0001:0001bfd0       pjmedia_sdp_attr_add       000000014001cfd0 f   pjmedia-x86_64-x64-vc14-debug-dynamic:sdp.obj
 0001:0001c0b0       pjmedia_sdp_attr_remove_all 000000014001d0b0 f   pjmedia-x86_64-x64-vc14-debug-dynamic:sdp.obj
 0001:0001c210       pjmedia_sdp_attr_remove    000000014001d210 f   pjmedia-x86_64-x64-vc14-debug-dynamic:sdp.obj
 0001:0001c360       pjmedia_sdp_attr_to_rtpmap 000000014001d360 f   pjmedia-x86_64-x64-vc14-debug-dynamic:sdp.obj
 0001:0001c440       pjmedia_sdp_attr_get_rtpmap 000000014001d440 f   pjmedia-x86_64-x64-vc14-debug-dynamic:sdp.obj
 0001:0001c7c0       pjmedia_sdp_rtpmap_to_attr 000000014001d7c0 f   pjmedia-x86_64-x64-vc14-debug-dynamic:sdp.obj
 0001:0001ca90       pjmedia_sdp_attr_get_fmtp  000000014001da90 f   pjmedia-x86_64-x64-vc14-debug-dynamic:sdp.obj
 0001:0001cc00       pjmedia_sdp_attr_get_rtcp  000000014001dc00 f   pjmedia-x86_64-x64-vc14-debug-dynamic:sdp.obj
 0001:0001ce30       pjmedia_sdp_attr_create_rtcp 000000014001de30 f   pjmedia-x86_64-x64-vc14-debug-dynamic:sdp.obj
 0001:0001cff0       pjmedia_sdp_attr_get_ssrc  000000014001dff0 f   pjmedia-x86_64-x64-vc14-debug-dynamic:sdp.obj
 0001:0001d210       pjmedia_sdp_attr_create_ssrc 000000014001e210 f   pjmedia-x86_64-x64-vc14-debug-dynamic:sdp.obj
 0001:0001d300       pjmedia_sdp_conn_clone     000000014001e300 f   pjmedia-x86_64-x64-vc14-debug-dynamic:sdp.obj
 0001:0001d3c0       pjmedia_sdp_bandw_clone    000000014001e3c0 f   pjmedia-x86_64-x64-vc14-debug-dynamic:sdp.obj
 0001:0001d440       pjmedia_sdp_media_clone    000000014001e440 f   pjmedia-x86_64-x64-vc14-debug-dynamic:sdp.obj
 0001:0001d780       pjmedia_sdp_media_find_attr 000000014001e780 f   pjmedia-x86_64-x64-vc14-debug-dynamic:sdp.obj
 0001:0001d810       pjmedia_sdp_media_find_attr2 000000014001e810 f   pjmedia-x86_64-x64-vc14-debug-dynamic:sdp.obj
 0001:0001d8a0       pjmedia_sdp_media_add_attr 000000014001e8a0 f   pjmedia-x86_64-x64-vc14-debug-dynamic:sdp.obj
 0001:0001d8e0       pjmedia_sdp_media_remove_all_attr 000000014001e8e0 f   pjmedia-x86_64-x64-vc14-debug-dynamic:sdp.obj
 0001:0001d920       pjmedia_sdp_media_remove_attr 000000014001e920 f   pjmedia-x86_64-x64-vc14-debug-dynamic:sdp.obj
 0001:0001d960       pjmedia_sdp_transport_cmp  000000014001e960 f   pjmedia-x86_64-x64-vc14-debug-dynamic:sdp.obj
 0001:0001d9e0       pjmedia_sdp_transport_get_proto 000000014001e9e0 f   pjmedia-x86_64-x64-vc14-debug-dynamic:sdp.obj
 0001:0001dba0       pjmedia_sdp_media_deactivate 000000014001eba0 f   pjmedia-x86_64-x64-vc14-debug-dynamic:sdp.obj
 0001:0001dc10       pjmedia_sdp_media_clone_deactivate 000000014001ec10 f   pjmedia-x86_64-x64-vc14-debug-dynamic:sdp.obj
 0001:0001de80       pjmedia_sdp_parse          000000014001ee80 f   pjmedia-x86_64-x64-vc14-debug-dynamic:sdp.obj
 0001:0001e500       pjmedia_sdp_print          000000014001f500 f   pjmedia-x86_64-x64-vc14-debug-dynamic:sdp.obj
 0001:0001e540       pjmedia_sdp_validate       000000014001f540 f   pjmedia-x86_64-x64-vc14-debug-dynamic:sdp.obj
 0001:0001e570       pjmedia_sdp_validate2      000000014001f570 f   pjmedia-x86_64-x64-vc14-debug-dynamic:sdp.obj
 0001:0001e8b0       pjmedia_sdp_session_clone  000000014001f8b0 f   pjmedia-x86_64-x64-vc14-debug-dynamic:sdp.obj
 0001:0001ebf0       pjmedia_sdp_session_add_attr 000000014001fbf0 f   pjmedia-x86_64-x64-vc14-debug-dynamic:sdp.obj
 0001:000219f0       pjmedia_codec_param_clone  00000001400229f0 f   pjmedia-x86_64-x64-vc14-debug-dynamic:codec.obj
 0001:00021bb0       pjmedia_codec_mgr_init     0000000140022bb0 f   pjmedia-x86_64-x64-vc14-debug-dynamic:codec.obj
 0001:00021cc0       pjmedia_codec_mgr_destroy  0000000140022cc0 f   pjmedia-x86_64-x64-vc14-debug-dynamic:codec.obj
 0001:00021e30       pjmedia_codec_mgr_register_factory 0000000140022e30 f   pjmedia-x86_64-x64-vc14-debug-dynamic:codec.obj
 0001:000220f0       pjmedia_codec_mgr_unregister_factory 00000001400230f0 f   pjmedia-x86_64-x64-vc14-debug-dynamic:codec.obj
 0001:000222a0       pjmedia_codec_mgr_enum_codecs 00000001400232a0 f   pjmedia-x86_64-x64-vc14-debug-dynamic:codec.obj
 0001:00022400       pjmedia_codec_mgr_get_codec_info 0000000140023400 f   pjmedia-x86_64-x64-vc14-debug-dynamic:codec.obj
 0001:00022510       pjmedia_codec_info_to_id   0000000140023510 f   pjmedia-x86_64-x64-vc14-debug-dynamic:codec.obj
 0001:00022600       pjmedia_codec_mgr_find_codecs_by_id 0000000140023600 f   pjmedia-x86_64-x64-vc14-debug-dynamic:codec.obj
 0001:000227b0       pjmedia_codec_mgr_set_codec_priority 00000001400237b0 f   pjmedia-x86_64-x64-vc14-debug-dynamic:codec.obj
 0001:000228f0       pjmedia_codec_mgr_get_default_param 00000001400238f0 f   pjmedia-x86_64-x64-vc14-debug-dynamic:codec.obj
 0001:00022ba0       pjmedia_codec_mgr_set_default_param 0000000140023ba0 f   pjmedia-x86_64-x64-vc14-debug-dynamic:codec.obj
 0001:00022e60       pjmedia_codec_mgr_alloc_codec 0000000140023e60 f   pjmedia-x86_64-x64-vc14-debug-dynamic:codec.obj
 0001:00022f90       pjmedia_codec_mgr_dealloc_codec 0000000140023f90 f   pjmedia-x86_64-x64-vc14-debug-dynamic:codec.obj
 0001:00023850       pjmedia_strerror           0000000140024850 f   pjmedia-x86_64-x64-vc14-debug-dynamic:errno.obj
 0001:00023bc0       pjmedia_wave_hdr_file_to_host 0000000140024bc0 f   pjmedia-x86_64-x64-vc14-debug-dynamic:wave.obj
 0001:00023be0       pjmedia_wave_hdr_host_to_file 0000000140024be0 f   pjmedia-x86_64-x64-vc14-debug-dynamic:wave.obj
 0001:00023c20       pjmedia_wsola_create       0000000140024c20 f   pjmedia-x86_64-x64-vc14-debug-dynamic:wsola.obj
 0001:00024030       pjmedia_wsola_set_max_expand 0000000140025030 f   pjmedia-x86_64-x64-vc14-debug-dynamic:wsola.obj
 0001:000240b0       pjmedia_wsola_destroy      00000001400250b0 f   pjmedia-x86_64-x64-vc14-debug-dynamic:wsola.obj
 0001:000240c0       pjmedia_wsola_reset        00000001400250c0 f   pjmedia-x86_64-x64-vc14-debug-dynamic:wsola.obj
 0001:00024190       pjmedia_wsola_save         0000000140025190 f   pjmedia-x86_64-x64-vc14-debug-dynamic:wsola.obj
 0001:000247c0       pjmedia_wsola_generate     00000001400257c0 f   pjmedia-x86_64-x64-vc14-debug-dynamic:wsola.obj
 0001:000248e0       pjmedia_wsola_discard      00000001400258e0 f   pjmedia-x86_64-x64-vc14-debug-dynamic:wsola.obj
 0001:00026d10       pjmedia_clock_src_init     0000000140027d10 f   pjmedia-x86_64-x64-vc14-debug-dynamic:clock_thread.obj
 0001:00026dc0       pjmedia_clock_src_update   0000000140027dc0 f   pjmedia-x86_64-x64-vc14-debug-dynamic:clock_thread.obj
 0001:00026e50       pjmedia_clock_src_get_current_timestamp 0000000140027e50 f   pjmedia-x86_64-x64-vc14-debug-dynamic:clock_thread.obj
 0001:00026f20       pjmedia_clock_src_get_time_msec 0000000140027f20 f   pjmedia-x86_64-x64-vc14-debug-dynamic:clock_thread.obj
 0001:00026fa0       pjmedia_clock_create       0000000140027fa0 f   pjmedia-x86_64-x64-vc14-debug-dynamic:clock_thread.obj
 0001:00027020       pjmedia_clock_create2      0000000140028020 f   pjmedia-x86_64-x64-vc14-debug-dynamic:clock_thread.obj
 0001:00027230       pjmedia_clock_start        0000000140028230 f   pjmedia-x86_64-x64-vc14-debug-dynamic:clock_thread.obj
 0001:00027360       pjmedia_clock_stop         0000000140028360 f   pjmedia-x86_64-x64-vc14-debug-dynamic:clock_thread.obj
 0001:00027420       pjmedia_clock_modify       0000000140028420 f   pjmedia-x86_64-x64-vc14-debug-dynamic:clock_thread.obj
 0001:00027480       pjmedia_clock_wait         0000000140028480 f   pjmedia-x86_64-x64-vc14-debug-dynamic:clock_thread.obj
 0001:00027630       pjmedia_clock_destroy      0000000140028630 f   pjmedia-x86_64-x64-vc14-debug-dynamic:clock_thread.obj
 0001:00027c80       pjmedia_echo_stat_default  0000000140028c80 f   pjmedia-x86_64-x64-vc14-debug-dynamic:echo_common.obj
 0001:00027d00       pjmedia_echo_create        0000000140028d00 f   pjmedia-x86_64-x64-vc14-debug-dynamic:echo_common.obj
 0001:00027d60       pjmedia_echo_create2       0000000140028d60 f   pjmedia-x86_64-x64-vc14-debug-dynamic:echo_common.obj
 0001:000281c0       pjmedia_echo_destroy       00000001400291c0 f   pjmedia-x86_64-x64-vc14-debug-dynamic:echo_common.obj
 0001:00028220       pjmedia_echo_reset         0000000140029220 f   pjmedia-x86_64-x64-vc14-debug-dynamic:echo_common.obj
 0001:000282c0       pjmedia_echo_get_stat      00000001400292c0 f   pjmedia-x86_64-x64-vc14-debug-dynamic:echo_common.obj
 0001:00028350       pjmedia_echo_playback      0000000140029350 f   pjmedia-x86_64-x64-vc14-debug-dynamic:echo_common.obj
 0001:00028490       pjmedia_echo_capture       0000000140029490 f   pjmedia-x86_64-x64-vc14-debug-dynamic:echo_common.obj
 0001:000285e0       pjmedia_echo_cancel        00000001400295e0 f   pjmedia-x86_64-x64-vc14-debug-dynamic:echo_common.obj
 0001:00028f20       pjmedia_srtp_init_lib      0000000140029f20 f   pjmedia-x86_64-x64-vc14-debug-dynamic:transport_srtp.obj
 0001:00028ff0       pjmedia_srtp_setting_default 0000000140029ff0 f   pjmedia-x86_64-x64-vc14-debug-dynamic:transport_srtp.obj
 0001:00029050       pjmedia_srtp_enum_crypto   000000014002a050 f   pjmedia-x86_64-x64-vc14-debug-dynamic:transport_srtp.obj
 0001:00029160       pjmedia_srtp_enum_keying   000000014002a160 f   pjmedia-x86_64-x64-vc14-debug-dynamic:transport_srtp.obj
 0001:00029210       pjmedia_transport_srtp_create 000000014002a210 f   pjmedia-x86_64-x64-vc14-debug-dynamic:transport_srtp.obj
 0001:00029770       pjmedia_transport_srtp_dtls_get_fingerprint 000000014002a770 f   pjmedia-x86_64-x64-vc14-debug-dynamic:transport_srtp.obj
 0001:00029790       pjmedia_transport_srtp_dtls_start_nego 000000014002a790 f   pjmedia-x86_64-x64-vc14-debug-dynamic:transport_srtp.obj
 0001:000297b0       pjmedia_transport_srtp_start 000000014002a7b0 f   pjmedia-x86_64-x64-vc14-debug-dynamic:transport_srtp.obj
 0001:0002a180       pjmedia_transport_srtp_stop 000000014002b180 f   pjmedia-x86_64-x64-vc14-debug-dynamic:transport_srtp.obj
 0001:0002a300       pjmedia_transport_srtp_decrypt_pkt 000000014002b300 f   pjmedia-x86_64-x64-vc14-debug-dynamic:transport_srtp.obj
 0001:0002a520       pjmedia_transport_srtp_get_member 000000014002b520 f   pjmedia-x86_64-x64-vc14-debug-dynamic:transport_srtp.obj
 0001:0002c3e0       get_libsrtp_errstr         000000014002d3e0 f   pjmedia-x86_64-x64-vc14-debug-dynamic:transport_srtp.obj
 0001:0002f0e0       echo_supp_create           00000001400300e0 f   pjmedia-x86_64-x64-vc14-debug-dynamic:echo_suppress.obj
 0001:0002f330       echo_supp_destroy          0000000140030330 f   pjmedia-x86_64-x64-vc14-debug-dynamic:echo_suppress.obj
 0001:0002f340       echo_supp_get_stat         0000000140030340 f   pjmedia-x86_64-x64-vc14-debug-dynamic:echo_suppress.obj
 0001:0002f570       echo_supp_reset            0000000140030570 f   pjmedia-x86_64-x64-vc14-debug-dynamic:echo_suppress.obj
 0001:0002f6f0       echo_supp_cancel_echo      00000001400306f0 f   pjmedia-x86_64-x64-vc14-debug-dynamic:echo_suppress.obj
 0001:0002fcd0       echo_supp_soft_reset       0000000140030cd0 f   pjmedia-x86_64-x64-vc14-debug-dynamic:echo_suppress.obj
 0001:00031430       speex_aec_create           0000000140032430 f   pjmedia-x86_64-x64-vc14-debug-dynamic:echo_speex.obj
 0001:000316d0       speex_aec_destroy          00000001400326d0 f   pjmedia-x86_64-x64-vc14-debug-dynamic:echo_speex.obj
 0001:00031810       speex_aec_reset            0000000140032810 f   pjmedia-x86_64-x64-vc14-debug-dynamic:echo_speex.obj
 0001:00031840       speex_aec_cancel_echo      0000000140032840 f   pjmedia-x86_64-x64-vc14-debug-dynamic:echo_speex.obj
 0001:00031a50       speex_aec_playback         0000000140032a50 f   pjmedia-x86_64-x64-vc14-debug-dynamic:echo_speex.obj
 0001:00031b20       speex_aec_capture          0000000140032b20 f   pjmedia-x86_64-x64-vc14-debug-dynamic:echo_speex.obj
 0001:00031f40       pjmedia_silence_det_create 0000000140032f40 f   pjmedia-x86_64-x64-vc14-debug-dynamic:silencedet.obj
 0001:00032050       pjmedia_silence_det_set_name 0000000140033050 f   pjmedia-x86_64-x64-vc14-debug-dynamic:silencedet.obj
 0001:000320f0       pjmedia_silence_det_set_fixed 00000001400330f0 f   pjmedia-x86_64-x64-vc14-debug-dynamic:silencedet.obj
 0001:00032170       pjmedia_silence_det_set_adaptive 0000000140033170 f   pjmedia-x86_64-x64-vc14-debug-dynamic:silencedet.obj
 0001:000321f0       pjmedia_silence_det_set_params 00000001400331f0 f   pjmedia-x86_64-x64-vc14-debug-dynamic:silencedet.obj
 0001:000322a0       pjmedia_silence_det_disable 00000001400332a0 f   pjmedia-x86_64-x64-vc14-debug-dynamic:silencedet.obj
 0001:00032300       pjmedia_silence_det_detect 0000000140033300 f   pjmedia-x86_64-x64-vc14-debug-dynamic:silencedet.obj
 0001:00032360       pjmedia_calc_avg_signal    0000000140033360 f   pjmedia-x86_64-x64-vc14-debug-dynamic:silencedet.obj
 0001:00032410       pjmedia_silence_det_apply  0000000140033410 f   pjmedia-x86_64-x64-vc14-debug-dynamic:silencedet.obj
 0001:00032a00       pj_getopt                  0000000140033a00 f   pjlib-util-x86_64-x64-vc14-debug-dynamic:getopt.obj
 0001:00032a50       pj_getopt_long             0000000140033a50 f   pjlib-util-x86_64-x64-vc14-debug-dynamic:getopt.obj
 0001:00033f70       pj_cis_buf_init            0000000140034f70 f   pjlib-util-x86_64-x64-vc14-debug-dynamic:scanner.obj
 0001:00033fb0       pj_cis_init                0000000140034fb0 f   pjlib-util-x86_64-x64-vc14-debug-dynamic:scanner.obj
 0001:00034070       pj_cis_dup                 0000000140035070 f   pjlib-util-x86_64-x64-vc14-debug-dynamic:scanner.obj
 0001:000341a0       pj_cis_add_range           00000001400351a0 f   pjlib-util-x86_64-x64-vc14-debug-dynamic:scanner.obj
 0001:00034240       pj_cis_add_alpha           0000000140035240 f   pjlib-util-x86_64-x64-vc14-debug-dynamic:scanner.obj
 0001:00034280       pj_cis_add_num             0000000140035280 f   pjlib-util-x86_64-x64-vc14-debug-dynamic:scanner.obj
 0001:000342b0       pj_cis_add_str             00000001400352b0 f   pjlib-util-x86_64-x64-vc14-debug-dynamic:scanner.obj
 0001:00034330       pj_cis_add_cis             0000000140035330 f   pjlib-util-x86_64-x64-vc14-debug-dynamic:scanner.obj
 0001:000343f0       pj_cis_del_range           00000001400353f0 f   pjlib-util-x86_64-x64-vc14-debug-dynamic:scanner.obj
 0001:00034470       pj_cis_del_str             0000000140035470 f   pjlib-util-x86_64-x64-vc14-debug-dynamic:scanner.obj
 0001:000344f0       pj_cis_invert              00000001400354f0 f   pjlib-util-x86_64-x64-vc14-debug-dynamic:scanner.obj
 0001:000345f0       pj_scan_init               00000001400355f0 f   pjlib-util-x86_64-x64-vc14-debug-dynamic:scanner.obj
 0001:000346b0       pj_scan_fini               00000001400356b0 f   pjlib-util-x86_64-x64-vc14-debug-dynamic:scanner.obj
 0001:000346e0       pj_scan_peek               00000001400356e0 f   pjlib-util-x86_64-x64-vc14-debug-dynamic:scanner.obj
 0001:00034780       pj_scan_peek_n             0000000140035780 f   pjlib-util-x86_64-x64-vc14-debug-dynamic:scanner.obj
 0001:00034800       pj_scan_peek_until         0000000140035800 f   pjlib-util-x86_64-x64-vc14-debug-dynamic:scanner.obj
 0001:000348b0       pj_scan_get                00000001400358b0 f   pjlib-util-x86_64-x64-vc14-debug-dynamic:scanner.obj
 0001:000349a0       pj_scan_get_unescape       00000001400359a0 f   pjlib-util-x86_64-x64-vc14-debug-dynamic:scanner.obj
 0001:00034c50       pj_scan_get_quote          0000000140035c50 f   pjlib-util-x86_64-x64-vc14-debug-dynamic:scanner.obj
 0001:00034cb0       pj_scan_get_quotes         0000000140035cb0 f   pjlib-util-x86_64-x64-vc14-debug-dynamic:scanner.obj
 0001:00034ef0       pj_scan_get_n              0000000140035ef0 f   pjlib-util-x86_64-x64-vc14-debug-dynamic:scanner.obj
 0001:00034f90       pj_scan_get_char           0000000140035f90 f   pjlib-util-x86_64-x64-vc14-debug-dynamic:scanner.obj
 0001:00035010       pj_scan_get_until          0000000140036010 f   pjlib-util-x86_64-x64-vc14-debug-dynamic:scanner.obj
 0001:000350e0       pj_scan_get_until_ch       00000001400360e0 f   pjlib-util-x86_64-x64-vc14-debug-dynamic:scanner.obj
 0001:000351a0       pj_scan_get_until_chr      00000001400361a0 f   pjlib-util-x86_64-x64-vc14-debug-dynamic:scanner.obj
 0001:00035280       pj_scan_advance_n          0000000140036280 f   pjlib-util-x86_64-x64-vc14-debug-dynamic:scanner.obj
 0001:00035300       pj_scan_strcmp             0000000140036300 f   pjlib-util-x86_64-x64-vc14-debug-dynamic:scanner.obj
 0001:00035370       pj_scan_stricmp            0000000140036370 f   pjlib-util-x86_64-x64-vc14-debug-dynamic:scanner.obj
 0001:000353e0       pj_scan_stricmp_alnum      00000001400363e0 f   pjlib-util-x86_64-x64-vc14-debug-dynamic:scanner.obj
 0001:00035450       pj_scan_get_newline        0000000140036450 f   pjlib-util-x86_64-x64-vc14-debug-dynamic:scanner.obj
 0001:00035510       pj_scan_skip_whitespace    0000000140036510 f   pjlib-util-x86_64-x64-vc14-debug-dynamic:scanner.obj
 0001:00035760       pj_scan_skip_line          0000000140036760 f   pjlib-util-x86_64-x64-vc14-debug-dynamic:scanner.obj
 0001:000357f0       pj_scan_save_state         00000001400367f0 f   pjlib-util-x86_64-x64-vc14-debug-dynamic:scanner.obj
 0001:00035840       pj_scan_restore_state      0000000140036840 f   pjlib-util-x86_64-x64-vc14-debug-dynamic:scanner.obj
 0001:00036130       pj_base64_encode           0000000140037130 f   pjlib-util-x86_64-x64-vc14-debug-dynamic:base64.obj
 0001:00036370       pj_base64_decode           0000000140037370 f   pjlib-util-x86_64-x64-vc14-debug-dynamic:base64.obj
 0001:00036ab0       pj_init                    0000000140037ab0 f   pjlib-x86_64-x64-vc14-debug-dynamic:os_core_win32.obj
 0001:00036c80       pj_shutdown                0000000140037c80 f   pjlib-x86_64-x64-vc14-debug-dynamic:os_core_win32.obj
 0001:00036dc0       pj_atexit                  0000000140037dc0 f   pjlib-x86_64-x64-vc14-debug-dynamic:os_core_win32.obj
 0001:00036e10       pj_getpid                  0000000140037e10 f   pjlib-x86_64-x64-vc14-debug-dynamic:os_core_win32.obj
 0001:00036e40       pj_thread_create           0000000140037e40 f   pjlib-x86_64-x64-vc14-debug-dynamic:os_core_win32.obj
 0001:000370a0       pj_thread_register         00000001400380a0 f   pjlib-x86_64-x64-vc14-debug-dynamic:os_core_win32.obj
 0001:00037210       pj_thread_is_registered    0000000140038210 f   pjlib-x86_64-x64-vc14-debug-dynamic:os_core_win32.obj
 0001:00037250       pj_thread_get_prio         0000000140038250 f   pjlib-x86_64-x64-vc14-debug-dynamic:os_core_win32.obj
 0001:00037280       pj_thread_set_prio         0000000140038280 f   pjlib-x86_64-x64-vc14-debug-dynamic:os_core_win32.obj
 0001:00037380       pj_thread_get_prio_min     0000000140038380 f   pjlib-x86_64-x64-vc14-debug-dynamic:os_core_win32.obj
 0001:000373a0       pj_thread_get_prio_max     00000001400383a0 f   pjlib-x86_64-x64-vc14-debug-dynamic:os_core_win32.obj
 0001:000373c0       pj_thread_get_os_handle    00000001400383c0 f   pjlib-x86_64-x64-vc14-debug-dynamic:os_core_win32.obj
 0001:00037420       pj_thread_get_name         0000000140038420 f   pjlib-x86_64-x64-vc14-debug-dynamic:os_core_win32.obj
 0001:00037490       pj_thread_resume           0000000140038490 f   pjlib-x86_64-x64-vc14-debug-dynamic:os_core_win32.obj
 0001:00037560       pj_thread_this             0000000140038560 f   pjlib-x86_64-x64-vc14-debug-dynamic:os_core_win32.obj
 0001:000375c0       pj_thread_join             00000001400385c0 f   pjlib-x86_64-x64-vc14-debug-dynamic:os_core_win32.obj
 0001:000376d0       pj_thread_destroy          00000001400386d0 f   pjlib-x86_64-x64-vc14-debug-dynamic:os_core_win32.obj
 0001:000377a0       pj_thread_sleep            00000001400387a0 f   pjlib-x86_64-x64-vc14-debug-dynamic:os_core_win32.obj
 0001:000377d0       pj_thread_check_stack      00000001400387d0 f   pjlib-x86_64-x64-vc14-debug-dynamic:os_core_win32.obj
 0001:000378d0       pj_thread_get_stack_max_usage 00000001400388d0 f   pjlib-x86_64-x64-vc14-debug-dynamic:os_core_win32.obj
 0001:000378f0       pj_thread_get_stack_info   00000001400388f0 f   pjlib-x86_64-x64-vc14-debug-dynamic:os_core_win32.obj
 0001:00037960       pj_thread_local_alloc      0000000140038960 f   pjlib-x86_64-x64-vc14-debug-dynamic:os_core_win32.obj
 0001:00037a10       pj_thread_local_free       0000000140038a10 f   pjlib-x86_64-x64-vc14-debug-dynamic:os_core_win32.obj
 0001:00037a40       pj_thread_local_set        0000000140038a40 f   pjlib-x86_64-x64-vc14-debug-dynamic:os_core_win32.obj
 0001:00037ad0       pj_thread_local_get        0000000140038ad0 f   pjlib-x86_64-x64-vc14-debug-dynamic:os_core_win32.obj
 0001:00037af0       pj_atomic_create           0000000140038af0 f   pjlib-x86_64-x64-vc14-debug-dynamic:os_core_win32.obj
 0001:00037b50       pj_atomic_destroy          0000000140038b50 f   pjlib-x86_64-x64-vc14-debug-dynamic:os_core_win32.obj
 0001:00037ba0       pj_atomic_set              0000000140038ba0 f   pjlib-x86_64-x64-vc14-debug-dynamic:os_core_win32.obj
 0001:00037c10       pj_atomic_get              0000000140038c10 f   pjlib-x86_64-x64-vc14-debug-dynamic:os_core_win32.obj
 0001:00037c80       pj_atomic_inc              0000000140038c80 f   pjlib-x86_64-x64-vc14-debug-dynamic:os_core_win32.obj
 0001:00037ce0       pj_atomic_inc_and_get      0000000140038ce0 f   pjlib-x86_64-x64-vc14-debug-dynamic:os_core_win32.obj
 0001:00037d20       pj_atomic_dec              0000000140038d20 f   pjlib-x86_64-x64-vc14-debug-dynamic:os_core_win32.obj
 0001:00037d80       pj_atomic_dec_and_get      0000000140038d80 f   pjlib-x86_64-x64-vc14-debug-dynamic:os_core_win32.obj
 0001:00037dc0       pj_atomic_add              0000000140038dc0 f   pjlib-x86_64-x64-vc14-debug-dynamic:os_core_win32.obj
 0001:00037e20       pj_atomic_add_and_get      0000000140038e20 f   pjlib-x86_64-x64-vc14-debug-dynamic:os_core_win32.obj
 0001:00037e60       pj_mutex_create            0000000140038e60 f   pjlib-x86_64-x64-vc14-debug-dynamic:os_core_win32.obj
 0001:00037f20       pj_mutex_create_simple     0000000140038f20 f   pjlib-x86_64-x64-vc14-debug-dynamic:os_core_win32.obj
 0001:00037f60       pj_mutex_create_recursive  0000000140038f60 f   pjlib-x86_64-x64-vc14-debug-dynamic:os_core_win32.obj
 0001:00037fa0       pj_mutex_lock              0000000140038fa0 f   pjlib-x86_64-x64-vc14-debug-dynamic:os_core_win32.obj
 0001:00038060       pj_mutex_unlock            0000000140039060 f   pjlib-x86_64-x64-vc14-debug-dynamic:os_core_win32.obj
 0001:00038140       pj_mutex_trylock           0000000140039140 f   pjlib-x86_64-x64-vc14-debug-dynamic:os_core_win32.obj
 0001:00038220       pj_mutex_destroy           0000000140039220 f   pjlib-x86_64-x64-vc14-debug-dynamic:os_core_win32.obj
 0001:000382a0       pj_mutex_is_locked         00000001400392a0 f   pjlib-x86_64-x64-vc14-debug-dynamic:os_core_win32.obj
 0001:000382e0       pj_rwmutex_create          00000001400392e0 f   pjlib-x86_64-x64-vc14-debug-dynamic:os_core_win32.obj
 0001:00038400       pj_rwmutex_lock_read       0000000140039400 f   pjlib-x86_64-x64-vc14-debug-dynamic:os_core_win32.obj
 0001:00038500       pj_rwmutex_lock_write      0000000140039500 f   pjlib-x86_64-x64-vc14-debug-dynamic:os_core_win32.obj
 0001:00038560       pj_rwmutex_unlock_read     0000000140039560 f   pjlib-x86_64-x64-vc14-debug-dynamic:os_core_win32.obj
 0001:00038660       pj_rwmutex_unlock_write    0000000140039660 f   pjlib-x86_64-x64-vc14-debug-dynamic:os_core_win32.obj
 0001:000386f0       pj_rwmutex_destroy         00000001400396f0 f   pjlib-x86_64-x64-vc14-debug-dynamic:os_core_win32.obj
 0001:00038760       pj_enter_critical_section  0000000140039760 f   pjlib-x86_64-x64-vc14-debug-dynamic:os_core_win32.obj
 0001:00038780       pj_leave_critical_section  0000000140039780 f   pjlib-x86_64-x64-vc14-debug-dynamic:os_core_win32.obj
 0001:000387a0       pj_sem_create              00000001400397a0 f   pjlib-x86_64-x64-vc14-debug-dynamic:os_core_win32.obj
 0001:00038940       pj_sem_wait                0000000140039940 f   pjlib-x86_64-x64-vc14-debug-dynamic:os_core_win32.obj
 0001:000389b0       pj_sem_trywait             00000001400399b0 f   pjlib-x86_64-x64-vc14-debug-dynamic:os_core_win32.obj
 0001:00038a20       pj_sem_post                0000000140039a20 f   pjlib-x86_64-x64-vc14-debug-dynamic:os_core_win32.obj
 0001:00038af0       pj_sem_destroy             0000000140039af0 f   pjlib-x86_64-x64-vc14-debug-dynamic:os_core_win32.obj
 0001:00038bc0       pj_event_create            0000000140039bc0 f   pjlib-x86_64-x64-vc14-debug-dynamic:os_core_win32.obj
 0001:00038da0       pj_event_wait              0000000140039da0 f   pjlib-x86_64-x64-vc14-debug-dynamic:os_core_win32.obj
 0001:00038e00       pj_event_trywait           0000000140039e00 f   pjlib-x86_64-x64-vc14-debug-dynamic:os_core_win32.obj
 0001:00038e60       pj_event_set               0000000140039e60 f   pjlib-x86_64-x64-vc14-debug-dynamic:os_core_win32.obj
 0001:00038f30       pj_event_pulse             0000000140039f30 f   pjlib-x86_64-x64-vc14-debug-dynamic:os_core_win32.obj
 0001:00039000       pj_event_reset             000000014003a000 f   pjlib-x86_64-x64-vc14-debug-dynamic:os_core_win32.obj
 0001:000390d0       pj_event_destroy           000000014003a0d0 f   pjlib-x86_64-x64-vc14-debug-dynamic:os_core_win32.obj
 0001:000391a0       pj_term_set_color          000000014003a1a0 f   pjlib-x86_64-x64-vc14-debug-dynamic:os_core_win32.obj
 0001:00039260       pj_term_get_color          000000014003a260 f   pjlib-x86_64-x64-vc14-debug-dynamic:os_core_win32.obj
 0001:000392c0       pj_run_app                 000000014003a2c0 f   pjlib-x86_64-x64-vc14-debug-dynamic:os_core_win32.obj
 0001:000392f0       pj_thread_init             000000014003a2f0 f   pjlib-x86_64-x64-vc14-debug-dynamic:os_core_win32.obj
 0001:0003a3d0       pj_pool_create             000000014003b3d0 f   pjlib-x86_64-x64-vc14-debug-dynamic:pool.obj
 0001:0003a420       pj_pool_release            000000014003b420 f   pjlib-x86_64-x64-vc14-debug-dynamic:pool.obj
 0001:0003a460       pj_pool_safe_release       000000014003b460 f   pjlib-x86_64-x64-vc14-debug-dynamic:pool.obj
 0001:0003a4a0       pj_pool_secure_release     000000014003b4a0 f   pjlib-x86_64-x64-vc14-debug-dynamic:pool.obj
 0001:0003a550       pj_pool_getobjname         000000014003b550 f   pjlib-x86_64-x64-vc14-debug-dynamic:pool.obj
 0001:0003a570       pj_pool_reset              000000014003b570 f   pjlib-x86_64-x64-vc14-debug-dynamic:pool.obj
 0001:0003a5a0       pj_pool_get_capacity       000000014003b5a0 f   pjlib-x86_64-x64-vc14-debug-dynamic:pool.obj
 0001:0003a5c0       pj_pool_get_used_size      000000014003b5c0 f   pjlib-x86_64-x64-vc14-debug-dynamic:pool.obj
 0001:0003a630       pj_pool_alloc              000000014003b630 f   pjlib-x86_64-x64-vc14-debug-dynamic:pool.obj
 0001:0003a690       pj_pool_calloc             000000014003b690 f   pjlib-x86_64-x64-vc14-debug-dynamic:pool.obj
 0001:0003a6f0       pj_pool_alloc_from_block   000000014003b6f0 f   pjlib-x86_64-x64-vc14-debug-dynamic:pool.obj
 0001:0003a780       pj_pool_allocate_find      000000014003b780 f   pjlib-x86_64-x64-vc14-debug-dynamic:pool.obj
 0001:0003a900       pj_NO_MEMORY_EXCEPTION     000000014003b900 f   pjlib-x86_64-x64-vc14-debug-dynamic:pool.obj
 0001:0003a910       pj_pool_create_int         000000014003b910 f   pjlib-x86_64-x64-vc14-debug-dynamic:pool.obj
 0001:0003aaa0       pj_pool_init_int           000000014003baa0 f   pjlib-x86_64-x64-vc14-debug-dynamic:pool.obj
 0001:0003ab80       pj_pool_destroy_int        000000014003bb80 f   pjlib-x86_64-x64-vc14-debug-dynamic:pool.obj
 0001:0003b180       pj_caching_pool_init       000000014003c180 f   pjlib-x86_64-x64-vc14-debug-dynamic:pool_caching.obj
 0001:0003b2e0       pj_caching_pool_destroy    000000014003c2e0 f   pjlib-x86_64-x64-vc14-debug-dynamic:pool_caching.obj
 0001:0003be90       pj_strerror                000000014003ce90 f   pjlib-x86_64-x64-vc14-debug-dynamic:errno.obj
 0001:0003c130       pj_perror                  000000014003d130 f   pjlib-x86_64-x64-vc14-debug-dynamic:errno.obj
 0001:0003c190       pj_register_strerror       000000014003d190 f   pjlib-x86_64-x64-vc14-debug-dynamic:errno.obj
 0001:0003c3f0       pj_errno_clear_handlers    000000014003d3f0 f   pjlib-x86_64-x64-vc14-debug-dynamic:errno.obj
 0001:0003c420       pj_perror_1                000000014003d420 f   pjlib-x86_64-x64-vc14-debug-dynamic:errno.obj
 0001:0003c480       pj_perror_2                000000014003d480 f   pjlib-x86_64-x64-vc14-debug-dynamic:errno.obj
 0001:0003c4e0       pj_perror_3                000000014003d4e0 f   pjlib-x86_64-x64-vc14-debug-dynamic:errno.obj
 0001:0003c540       pj_perror_4                000000014003d540 f   pjlib-x86_64-x64-vc14-debug-dynamic:errno.obj
 0001:0003c5a0       pj_perror_5                000000014003d5a0 f   pjlib-x86_64-x64-vc14-debug-dynamic:errno.obj
 0001:0003cb30       pj_log                     000000014003db30 f   pjlib-x86_64-x64-vc14-debug-dynamic:log.obj
 0001:0003d3a0       pj_log_set_log_func        000000014003e3a0 f   pjlib-x86_64-x64-vc14-debug-dynamic:log.obj
 0001:0003d3c0       pj_log_get_log_func        000000014003e3c0 f   pjlib-x86_64-x64-vc14-debug-dynamic:log.obj
 0001:0003d3d0       pj_log_set_level           000000014003e3d0 f   pjlib-x86_64-x64-vc14-debug-dynamic:log.obj
 0001:0003d3f0       pj_log_get_level           000000014003e3f0 f   pjlib-x86_64-x64-vc14-debug-dynamic:log.obj
 0001:0003d400       pj_log_set_decor           000000014003e400 f   pjlib-x86_64-x64-vc14-debug-dynamic:log.obj
 0001:0003d420       pj_log_get_decor           000000014003e420 f   pjlib-x86_64-x64-vc14-debug-dynamic:log.obj
 0001:0003d430       pj_log_add_indent          000000014003e430 f   pjlib-x86_64-x64-vc14-debug-dynamic:log.obj
 0001:0003d460       pj_log_push_indent         000000014003e460 f   pjlib-x86_64-x64-vc14-debug-dynamic:log.obj
 0001:0003d480       pj_log_pop_indent          000000014003e480 f   pjlib-x86_64-x64-vc14-debug-dynamic:log.obj
 0001:0003d4a0       pj_log_set_color           000000014003e4a0 f   pjlib-x86_64-x64-vc14-debug-dynamic:log.obj
 0001:0003d5c0       pj_log_get_color           000000014003e5c0 f   pjlib-x86_64-x64-vc14-debug-dynamic:log.obj
 0001:0003d660       pj_log_init                000000014003e660 f   pjlib-x86_64-x64-vc14-debug-dynamic:log.obj
 0001:0003d6e0       pj_log_1                   000000014003e6e0 f   pjlib-x86_64-x64-vc14-debug-dynamic:log.obj
 0001:0003d730       pj_log_2                   000000014003e730 f   pjlib-x86_64-x64-vc14-debug-dynamic:log.obj
 0001:0003d780       pj_log_3                   000000014003e780 f   pjlib-x86_64-x64-vc14-debug-dynamic:log.obj
 0001:0003d7d0       pj_log_4                   000000014003e7d0 f   pjlib-x86_64-x64-vc14-debug-dynamic:log.obj
 0001:0003d820       pj_log_5                   000000014003e820 f   pjlib-x86_64-x64-vc14-debug-dynamic:log.obj
 0001:0003de70       pj_pool_factory_get_default_policy 000000014003ee70 f   pjlib-x86_64-x64-vc14-debug-dynamic:pool_policy_malloc.obj
 0001:0003e000       pj_str                     000000014003f000 f   pjlib-x86_64-x64-vc14-debug-dynamic:string.obj
 0001:0003e070       pj_strassign               000000014003f070 f   pjlib-x86_64-x64-vc14-debug-dynamic:string.obj
 0001:0003e0b0       pj_strcpy                  000000014003f0b0 f   pjlib-x86_64-x64-vc14-debug-dynamic:string.obj
 0001:0003e110       pj_strcpy2                 000000014003f110 f   pjlib-x86_64-x64-vc14-debug-dynamic:string.obj
 0001:0003e190       pj_strncpy                 000000014003f190 f   pjlib-x86_64-x64-vc14-debug-dynamic:string.obj
 0001:0003e230       pj_strncpy_with_null       000000014003f230 f   pjlib-x86_64-x64-vc14-debug-dynamic:string.obj
 0001:0003e2e0       pj_strdup                  000000014003f2e0 f   pjlib-x86_64-x64-vc14-debug-dynamic:string.obj
 0001:0003e370       pj_strdup_with_null        000000014003f370 f   pjlib-x86_64-x64-vc14-debug-dynamic:string.obj
 0001:0003e410       pj_strdup2                 000000014003f410 f   pjlib-x86_64-x64-vc14-debug-dynamic:string.obj
 0001:0003e4c0       pj_strdup2_with_null       000000014003f4c0 f   pjlib-x86_64-x64-vc14-debug-dynamic:string.obj
 0001:0003e570       pj_strdup3                 000000014003f570 f   pjlib-x86_64-x64-vc14-debug-dynamic:string.obj
 0001:0003e5c0       pj_strcmp                  000000014003f5c0 f   pjlib-x86_64-x64-vc14-debug-dynamic:string.obj
 0001:0003e6f0       pj_strcmp2                 000000014003f6f0 f   pjlib-x86_64-x64-vc14-debug-dynamic:string.obj
 0001:0003e750       pj_strncmp                 000000014003f750 f   pjlib-x86_64-x64-vc14-debug-dynamic:string.obj
 0001:0003e7e0       pj_strncmp2                000000014003f7e0 f   pjlib-x86_64-x64-vc14-debug-dynamic:string.obj
 0001:0003e840       pj_stricmp                 000000014003f840 f   pjlib-x86_64-x64-vc14-debug-dynamic:string.obj
 0001:0003e970       pj_stricmp2                000000014003f970 f   pjlib-x86_64-x64-vc14-debug-dynamic:string.obj
 0001:0003e9d0       pj_strnicmp                000000014003f9d0 f   pjlib-x86_64-x64-vc14-debug-dynamic:string.obj
 0001:0003ea60       pj_strnicmp2               000000014003fa60 f   pjlib-x86_64-x64-vc14-debug-dynamic:string.obj
 0001:0003eac0       pj_strcat                  000000014003fac0 f   pjlib-x86_64-x64-vc14-debug-dynamic:string.obj
 0001:0003eb30       pj_strcat2                 000000014003fb30 f   pjlib-x86_64-x64-vc14-debug-dynamic:string.obj
 0001:0003ebc0       pj_strspn                  000000014003fbc0 f   pjlib-x86_64-x64-vc14-debug-dynamic:string.obj
 0001:0003ec80       pj_strspn2                 000000014003fc80 f   pjlib-x86_64-x64-vc14-debug-dynamic:string.obj
 0001:0003ed50       pj_strcspn                 000000014003fd50 f   pjlib-x86_64-x64-vc14-debug-dynamic:string.obj
 0001:0003edf0       pj_strcspn2                000000014003fdf0 f   pjlib-x86_64-x64-vc14-debug-dynamic:string.obj
 0001:0003eea0       pj_strtok                  000000014003fea0 f   pjlib-x86_64-x64-vc14-debug-dynamic:string.obj
 0001:0003efc0       pj_strtok2                 000000014003ffc0 f   pjlib-x86_64-x64-vc14-debug-dynamic:string.obj
 0001:0003f0e0       pj_strstr                  00000001400400e0 f   pjlib-x86_64-x64-vc14-debug-dynamic:string.obj
 0001:0003f190       pj_stristr                 0000000140040190 f   pjlib-x86_64-x64-vc14-debug-dynamic:string.obj
 0001:0003f240       pj_strltrim                0000000140040240 f   pjlib-x86_64-x64-vc14-debug-dynamic:string.obj
 0001:0003f2e0       pj_strrtrim                00000001400402e0 f   pjlib-x86_64-x64-vc14-debug-dynamic:string.obj
 0001:0003f380       pj_strtrim                 0000000140040380 f   pjlib-x86_64-x64-vc14-debug-dynamic:string.obj
 0001:0003f3b0       pj_create_random_string    00000001400403b0 f   pjlib-x86_64-x64-vc14-debug-dynamic:string.obj
 0001:0003f500       pj_strtol                  0000000140040500 f   pjlib-x86_64-x64-vc14-debug-dynamic:string.obj
 0001:0003f5e0       pj_strtol2                 00000001400405e0 f   pjlib-x86_64-x64-vc14-debug-dynamic:string.obj
 0001:0003f7d0       pj_strtoul                 00000001400407d0 f   pjlib-x86_64-x64-vc14-debug-dynamic:string.obj
 0001:0003f860       pj_strtoul2                0000000140040860 f   pjlib-x86_64-x64-vc14-debug-dynamic:string.obj
 0001:0003f9f0       pj_strtoul3                00000001400409f0 f   pjlib-x86_64-x64-vc14-debug-dynamic:string.obj
 0001:0003fcd0       pj_strtof                  0000000140040cd0 f   pjlib-x86_64-x64-vc14-debug-dynamic:string.obj
 0001:0003fea0       pj_utoa                    0000000140040ea0 f   pjlib-x86_64-x64-vc14-debug-dynamic:string.obj
 0001:0003fed0       pj_utoa_pad                0000000140040ed0 f   pjlib-x86_64-x64-vc14-debug-dynamic:string.obj
 0001:00040a20       pj_get_os_error            0000000140041a20 f   pjlib-x86_64-x64-vc14-debug-dynamic:os_error_win32.obj
 0001:00040a60       pj_set_os_error            0000000140041a60 f   pjlib-x86_64-x64-vc14-debug-dynamic:os_error_win32.obj
 0001:00040aa0       pj_get_netos_error         0000000140041aa0 f   pjlib-x86_64-x64-vc14-debug-dynamic:os_error_win32.obj
 0001:00040ae0       pj_set_netos_error         0000000140041ae0 f   pjlib-x86_64-x64-vc14-debug-dynamic:os_error_win32.obj
 0001:00040b60       platform_strerror          0000000140041b60 f   pjlib-x86_64-x64-vc14-debug-dynamic:os_error_win32.obj
 0001:00040ea0       pj_array_insert            0000000140041ea0 f   pjlib-x86_64-x64-vc14-debug-dynamic:array.obj
 0001:00040f60       pj_array_erase             0000000140041f60 f   pjlib-x86_64-x64-vc14-debug-dynamic:array.obj
 0001:00041010       pj_array_find              0000000140042010 f   pjlib-x86_64-x64-vc14-debug-dynamic:array.obj
 0001:00041160       pj_inet_ntop2              0000000140042160 f   pjlib-x86_64-x64-vc14-debug-dynamic:sock_common.obj
 0001:000411c0       pj_sockaddr_print          00000001400421c0 f   pjlib-x86_64-x64-vc14-debug-dynamic:sock_common.obj
 0001:00041360       pj_inet_addr               0000000140042360 f   pjlib-x86_64-x64-vc14-debug-dynamic:sock_common.obj
 0001:00041390       pj_inet_addr2              0000000140042390 f   pjlib-x86_64-x64-vc14-debug-dynamic:sock_common.obj
 0001:000413e0       pj_sockaddr_in_init        00000001400423e0 f   pjlib-x86_64-x64-vc14-debug-dynamic:sock_common.obj
 0001:00041490       pj_sockaddr_init           0000000140042490 f   pjlib-x86_64-x64-vc14-debug-dynamic:sock_common.obj
 0001:00041580       pj_sockaddr_cmp            0000000140042580 f   pjlib-x86_64-x64-vc14-debug-dynamic:sock_common.obj
 0001:00041690       pj_sockaddr_get_addr       0000000140042690 f   pjlib-x86_64-x64-vc14-debug-dynamic:sock_common.obj
 0001:00041750       pj_sockaddr_has_addr       0000000140042750 f   pjlib-x86_64-x64-vc14-debug-dynamic:sock_common.obj
 0001:00041840       pj_sockaddr_get_addr_len   0000000140042840 f   pjlib-x86_64-x64-vc14-debug-dynamic:sock_common.obj
 0001:00041900       pj_sockaddr_get_len        0000000140042900 f   pjlib-x86_64-x64-vc14-debug-dynamic:sock_common.obj
 0001:000419c0       pj_sockaddr_copy_addr      00000001400429c0 f   pjlib-x86_64-x64-vc14-debug-dynamic:sock_common.obj
 0001:00041a30       pj_sockaddr_cp             0000000140042a30 f   pjlib-x86_64-x64-vc14-debug-dynamic:sock_common.obj
 0001:00041a70       pj_sockaddr_synthesize     0000000140042a70 f   pjlib-x86_64-x64-vc14-debug-dynamic:sock_common.obj
 0001:00041c00       pj_sockaddr_in_get_addr    0000000140042c00 f   pjlib-x86_64-x64-vc14-debug-dynamic:sock_common.obj
 0001:00041c30       pj_sockaddr_in_set_addr    0000000140042c30 f   pjlib-x86_64-x64-vc14-debug-dynamic:sock_common.obj
 0001:00041c60       pj_sockaddr_in_set_str_addr 0000000140042c60 f   pjlib-x86_64-x64-vc14-debug-dynamic:sock_common.obj
 0001:00041e10       pj_sockaddr_set_str_addr   0000000140042e10 f   pjlib-x86_64-x64-vc14-debug-dynamic:sock_common.obj
 0001:00041fb0       pj_sockaddr_get_port       0000000140042fb0 f   pjlib-x86_64-x64-vc14-debug-dynamic:sock_common.obj
 0001:00042080       pj_sockaddr_in_get_port    0000000140043080 f   pjlib-x86_64-x64-vc14-debug-dynamic:sock_common.obj
 0001:000420b0       pj_sockaddr_set_port       00000001400430b0 f   pjlib-x86_64-x64-vc14-debug-dynamic:sock_common.obj
 0001:00042170       pj_sockaddr_in_set_port    0000000140043170 f   pjlib-x86_64-x64-vc14-debug-dynamic:sock_common.obj
 0001:000421a0       pj_sockaddr_parse          00000001400431a0 f   pjlib-x86_64-x64-vc14-debug-dynamic:sock_common.obj
 0001:00042320       pj_sockaddr_parse2         0000000140043320 f   pjlib-x86_64-x64-vc14-debug-dynamic:sock_common.obj
 0001:00042870       pj_gethostaddr             0000000140043870 f   pjlib-x86_64-x64-vc14-debug-dynamic:sock_common.obj
 0001:000428c0       pj_sock_bind_random        00000001400438c0 f   pjlib-x86_64-x64-vc14-debug-dynamic:sock_common.obj
 0001:00042a40       pj_sock_setsockopt_sobuf   0000000140043a40 f   pjlib-x86_64-x64-vc14-debug-dynamic:sock_common.obj
 0001:00042c60       pj_addr_str_print          0000000140043c60 f   pjlib-x86_64-x64-vc14-debug-dynamic:sock_common.obj
 0001:00042ef0       pj_gethostip               0000000140043ef0 f   pjlib-x86_64-x64-vc14-debug-dynamic:sock_common.obj
 0001:00043a40       pj_getipinterface          0000000140044a40 f   pjlib-x86_64-x64-vc14-debug-dynamic:sock_common.obj
 0001:00043cc0       pj_getdefaultipinterface   0000000140044cc0 f   pjlib-x86_64-x64-vc14-debug-dynamic:sock_common.obj
 0001:00044890       pj_list_insert_before      0000000140045890 f   pjlib-x86_64-x64-vc14-debug-dynamic:list.obj
 0001:000448c0       pj_list_insert_nodes_before 00000001400458c0 f   pjlib-x86_64-x64-vc14-debug-dynamic:list.obj
 0001:000448f0       pj_list_insert_after       00000001400458f0 f   pjlib-x86_64-x64-vc14-debug-dynamic:list.obj
 0001:00044940       pj_list_insert_nodes_after 0000000140045940 f   pjlib-x86_64-x64-vc14-debug-dynamic:list.obj
 0001:000449a0       pj_list_merge_first        00000001400459a0 f   pjlib-x86_64-x64-vc14-debug-dynamic:list.obj
 0001:00044a00       pj_list_merge_last         0000000140045a00 f   pjlib-x86_64-x64-vc14-debug-dynamic:list.obj
 0001:00044a60       pj_list_erase              0000000140045a60 f   pjlib-x86_64-x64-vc14-debug-dynamic:list.obj
 0001:00044aa0       pj_list_find_node          0000000140045aa0 f   pjlib-x86_64-x64-vc14-debug-dynamic:list.obj
 0001:00044b10       pj_list_search             0000000140045b10 f   pjlib-x86_64-x64-vc14-debug-dynamic:list.obj
 0001:00044b90       pj_list_size               0000000140045b90 f   pjlib-x86_64-x64-vc14-debug-dynamic:list.obj
 0001:00044d40       pj_gettimeofday            0000000140045d40 f   pjlib-x86_64-x64-vc14-debug-dynamic:os_time_win32.obj
 0001:00044e00       pj_time_decode             0000000140045e00 f   pjlib-x86_64-x64-vc14-debug-dynamic:os_time_win32.obj
 0001:00044f00       pj_time_encode             0000000140045f00 f   pjlib-x86_64-x64-vc14-debug-dynamic:os_time_win32.obj
 0001:000451d0       pj_ioqueue_name            00000001400461d0 f   pjlib-x86_64-x64-vc14-debug-dynamic:ioqueue_select.obj
 0001:000451e0       pj_ioqueue_create          00000001400461e0 f   pjlib-x86_64-x64-vc14-debug-dynamic:ioqueue_select.obj
 0001:000454d0       pj_ioqueue_destroy         00000001400464d0 f   pjlib-x86_64-x64-vc14-debug-dynamic:ioqueue_select.obj
 0001:00045610       pj_ioqueue_set_lock        0000000140046610 f   pjlib-x86_64-x64-vc14-debug-dynamic:ioqueue_select.obj
 0001:000456c0       pj_ioqueue_set_default_concurrency 00000001400466c0 f   pjlib-x86_64-x64-vc14-debug-dynamic:ioqueue_select.obj
 0001:00045720       pj_ioqueue_register_sock   0000000140046720 f   pjlib-x86_64-x64-vc14-debug-dynamic:ioqueue_select.obj
 0001:00045780       pj_ioqueue_register_sock2  0000000140046780 f   pjlib-x86_64-x64-vc14-debug-dynamic:ioqueue_select.obj
 0001:00045a30       pj_ioqueue_unregister      0000000140046a30 f   pjlib-x86_64-x64-vc14-debug-dynamic:ioqueue_select.obj
 0001:00045c40       pj_ioqueue_get_user_data   0000000140046c40 f   pjlib-x86_64-x64-vc14-debug-dynamic:ioqueue_select.obj
 0001:00045ca0       pj_ioqueue_set_user_data   0000000140046ca0 f   pjlib-x86_64-x64-vc14-debug-dynamic:ioqueue_select.obj
 0001:00045d20       pj_ioqueue_set_concurrency 0000000140046d20 f   pjlib-x86_64-x64-vc14-debug-dynamic:ioqueue_select.obj
 0001:00045dd0       pj_ioqueue_lock_key        0000000140046dd0 f   pjlib-x86_64-x64-vc14-debug-dynamic:ioqueue_select.obj
 0001:00045e10       pj_ioqueue_trylock_key     0000000140046e10 f   pjlib-x86_64-x64-vc14-debug-dynamic:ioqueue_select.obj
 0001:00045e50       pj_ioqueue_unlock_key      0000000140046e50 f   pjlib-x86_64-x64-vc14-debug-dynamic:ioqueue_select.obj
 0001:00045e90       pj_ioqueue_op_key_init     0000000140046e90 f   pjlib-x86_64-x64-vc14-debug-dynamic:ioqueue_select.obj
 0001:00045ec0       pj_ioqueue_is_pending      0000000140046ec0 f   pjlib-x86_64-x64-vc14-debug-dynamic:ioqueue_select.obj
 0001:00045f10       pj_ioqueue_post_completion 0000000140046f10 f   pjlib-x86_64-x64-vc14-debug-dynamic:ioqueue_select.obj
 0001:000460f0       pj_ioqueue_accept          00000001400470f0 f   pjlib-x86_64-x64-vc14-debug-dynamic:ioqueue_select.obj
 0001:00046340       pj_ioqueue_connect         0000000140047340 f   pjlib-x86_64-x64-vc14-debug-dynamic:ioqueue_select.obj
 0001:000464a0       pj_ioqueue_poll            00000001400474a0 f   pjlib-x86_64-x64-vc14-debug-dynamic:ioqueue_select.obj
 0001:00046a80       pj_ioqueue_recv            0000000140047a80 f   pjlib-x86_64-x64-vc14-debug-dynamic:ioqueue_select.obj
 0001:00046cb0       pj_ioqueue_recvfrom        0000000140047cb0 f   pjlib-x86_64-x64-vc14-debug-dynamic:ioqueue_select.obj
 0001:00046f20       pj_ioqueue_send            0000000140047f20 f   pjlib-x86_64-x64-vc14-debug-dynamic:ioqueue_select.obj
 0001:00047160       pj_ioqueue_sendto          0000000140048160 f   pjlib-x86_64-x64-vc14-debug-dynamic:ioqueue_select.obj
 0001:000479d0       ioqueue_dispatch_write_event 00000001400489d0 f   pjlib-x86_64-x64-vc14-debug-dynamic:ioqueue_select.obj
 0001:00047ea0       ioqueue_dispatch_read_event 0000000140048ea0 f   pjlib-x86_64-x64-vc14-debug-dynamic:ioqueue_select.obj
 0001:00048240       ioqueue_dispatch_exception_event 0000000140049240 f   pjlib-x86_64-x64-vc14-debug-dynamic:ioqueue_select.obj
 0001:00049400       pj_ntohs                   000000014004a400 f   pjlib-x86_64-x64-vc14-debug-dynamic:sock_bsd.obj
 0001:00049420       pj_htons                   000000014004a420 f   pjlib-x86_64-x64-vc14-debug-dynamic:sock_bsd.obj
 0001:00049440       pj_ntohl                   000000014004a440 f   pjlib-x86_64-x64-vc14-debug-dynamic:sock_bsd.obj
 0001:00049460       pj_htonl                   000000014004a460 f   pjlib-x86_64-x64-vc14-debug-dynamic:sock_bsd.obj
 0001:00049480       pj_inet_ntoa               000000014004a480 f   pjlib-x86_64-x64-vc14-debug-dynamic:sock_bsd.obj
 0001:000494c0       pj_inet_aton               000000014004a4c0 f   pjlib-x86_64-x64-vc14-debug-dynamic:sock_bsd.obj
 0001:000495f0       pj_inet_pton               000000014004a5f0 f   pjlib-x86_64-x64-vc14-debug-dynamic:sock_bsd.obj
 0001:00049890       pj_inet_ntop               000000014004a890 f   pjlib-x86_64-x64-vc14-debug-dynamic:sock_bsd.obj
 0001:00049af0       pj_gethostname             000000014004aaf0 f   pjlib-x86_64-x64-vc14-debug-dynamic:sock_bsd.obj
 0001:00049b80       pj_sock_socket             000000014004ab80 f   pjlib-x86_64-x64-vc14-debug-dynamic:sock_bsd.obj
 0001:00049d20       pj_sock_close              000000014004ad20 f   pjlib-x86_64-x64-vc14-debug-dynamic:sock_bsd.obj
 0001:00049db0       pj_sock_bind               000000014004adb0 f   pjlib-x86_64-x64-vc14-debug-dynamic:sock_bsd.obj
 0001:00049e90       pj_sock_bind_in            000000014004ae90 f   pjlib-x86_64-x64-vc14-debug-dynamic:sock_bsd.obj
 0001:00049f30       pj_sock_listen             000000014004af30 f   pjlib-x86_64-x64-vc14-debug-dynamic:sock_bsd.obj
 0001:00049fc0       pj_sock_accept             000000014004afc0 f   pjlib-x86_64-x64-vc14-debug-dynamic:sock_bsd.obj
 0001:0004a0a0       pj_sock_connect            000000014004b0a0 f   pjlib-x86_64-x64-vc14-debug-dynamic:sock_bsd.obj
 0001:0004a140       pj_sock_getpeername        000000014004b140 f   pjlib-x86_64-x64-vc14-debug-dynamic:sock_bsd.obj
 0001:0004a1e0       pj_sock_getsockname        000000014004b1e0 f   pjlib-x86_64-x64-vc14-debug-dynamic:sock_bsd.obj
 0001:0004a280       pj_sock_getsockopt         000000014004b280 f   pjlib-x86_64-x64-vc14-debug-dynamic:sock_bsd.obj
 0001:0004a380       pj_sock_setsockopt         000000014004b380 f   pjlib-x86_64-x64-vc14-debug-dynamic:sock_bsd.obj
 0001:0004a460       pj_sock_setsockopt_params  000000014004b460 f   pjlib-x86_64-x64-vc14-debug-dynamic:sock_bsd.obj
 0001:0004a5b0       pj_sock_recv               000000014004b5b0 f   pjlib-x86_64-x64-vc14-debug-dynamic:sock_bsd.obj
 0001:0004a6b0       pj_sock_recvfrom           000000014004b6b0 f   pjlib-x86_64-x64-vc14-debug-dynamic:sock_bsd.obj
 0001:0004a7c0       pj_sock_send               000000014004b7c0 f   pjlib-x86_64-x64-vc14-debug-dynamic:sock_bsd.obj
 0001:0004a8b0       pj_sock_sendto             000000014004b8b0 f   pjlib-x86_64-x64-vc14-debug-dynamic:sock_bsd.obj
 0001:0004a9b0       pj_sock_shutdown           000000014004b9b0 f   pjlib-x86_64-x64-vc14-debug-dynamic:sock_bsd.obj
 0001:0004b050       pj_file_exists             000000014004c050 f   pjlib-x86_64-x64-vc14-debug-dynamic:file_access_win32.obj
 0001:0004b0f0       pj_file_size               000000014004c0f0 f   pjlib-x86_64-x64-vc14-debug-dynamic:file_access_win32.obj
 0001:0004b1b0       pj_file_delete             000000014004c1b0 f   pjlib-x86_64-x64-vc14-debug-dynamic:file_access_win32.obj
 0001:0004b260       pj_file_move               000000014004c260 f   pjlib-x86_64-x64-vc14-debug-dynamic:file_access_win32.obj
 0001:0004b330       pj_file_getstat            000000014004c330 f   pjlib-x86_64-x64-vc14-debug-dynamic:file_access_win32.obj
 0001:0004ba70       pj_file_open               000000014004ca70 f   pjlib-x86_64-x64-vc14-debug-dynamic:file_io_win32.obj
 0001:0004bcc0       pj_file_close              000000014004ccc0 f   pjlib-x86_64-x64-vc14-debug-dynamic:file_io_win32.obj
 0001:0004bd30       pj_file_write              000000014004cd30 f   pjlib-x86_64-x64-vc14-debug-dynamic:file_io_win32.obj
 0001:0004bde0       pj_file_read               000000014004cde0 f   pjlib-x86_64-x64-vc14-debug-dynamic:file_io_win32.obj
 0001:0004be90       pj_file_setpos             000000014004ce90 f   pjlib-x86_64-x64-vc14-debug-dynamic:file_io_win32.obj
 0001:0004bf80       pj_file_getpos             000000014004cf80 f   pjlib-x86_64-x64-vc14-debug-dynamic:file_io_win32.obj
 0001:0004c000       pj_file_flush              000000014004d000 f   pjlib-x86_64-x64-vc14-debug-dynamic:file_io_win32.obj
 0001:0004c300       pj_lock_create_simple_mutex 000000014004d300 f   pjlib-x86_64-x64-vc14-debug-dynamic:lock.obj
 0001:0004c340       pj_lock_create_recursive_mutex 000000014004d340 f   pjlib-x86_64-x64-vc14-debug-dynamic:lock.obj
 0001:0004c380       pj_lock_create_null_mutex  000000014004d380 f   pjlib-x86_64-x64-vc14-debug-dynamic:lock.obj
 0001:0004c3f0       pj_lock_create_semaphore   000000014004d3f0 f   pjlib-x86_64-x64-vc14-debug-dynamic:lock.obj
 0001:0004c500       pj_lock_acquire            000000014004d500 f   pjlib-x86_64-x64-vc14-debug-dynamic:lock.obj
 0001:0004c560       pj_lock_tryacquire         000000014004d560 f   pjlib-x86_64-x64-vc14-debug-dynamic:lock.obj
 0001:0004c5c0       pj_lock_release            000000014004d5c0 f   pjlib-x86_64-x64-vc14-debug-dynamic:lock.obj
 0001:0004c620       pj_lock_destroy            000000014004d620 f   pjlib-x86_64-x64-vc14-debug-dynamic:lock.obj
 0001:0004c680       pj_grp_lock_config_default 000000014004d680 f   pjlib-x86_64-x64-vc14-debug-dynamic:lock.obj
 0001:0004c6b0       pj_grp_lock_create         000000014004d6b0 f   pjlib-x86_64-x64-vc14-debug-dynamic:lock.obj
 0001:0004c8a0       pj_grp_lock_create_w_handler 000000014004d8a0 f   pjlib-x86_64-x64-vc14-debug-dynamic:lock.obj
 0001:0004c910       pj_grp_lock_destroy        000000014004d910 f   pjlib-x86_64-x64-vc14-debug-dynamic:lock.obj
 0001:0004c930       pj_grp_lock_replace        000000014004d930 f   pjlib-x86_64-x64-vc14-debug-dynamic:lock.obj
 0001:0004c9f0       pj_grp_lock_acquire        000000014004d9f0 f   pjlib-x86_64-x64-vc14-debug-dynamic:lock.obj
 0001:0004ca10       pj_grp_lock_tryacquire     000000014004da10 f   pjlib-x86_64-x64-vc14-debug-dynamic:lock.obj
 0001:0004ca30       pj_grp_lock_release        000000014004da30 f   pjlib-x86_64-x64-vc14-debug-dynamic:lock.obj
 0001:0004ca50       pj_grp_lock_add_handler    000000014004da50 f   pjlib-x86_64-x64-vc14-debug-dynamic:lock.obj
 0001:0004caa0       pj_grp_lock_del_handler    000000014004daa0 f   pjlib-x86_64-x64-vc14-debug-dynamic:lock.obj
 0001:0004cb40       pj_grp_lock_add_ref        000000014004db40 f   pjlib-x86_64-x64-vc14-debug-dynamic:lock.obj
 0001:0004cb60       pj_grp_lock_dec_ref        000000014004db60 f   pjlib-x86_64-x64-vc14-debug-dynamic:lock.obj
 0001:0004cb80       pj_grp_lock_get_ref        000000014004db80 f   pjlib-x86_64-x64-vc14-debug-dynamic:lock.obj
 0001:0004cbb0       pj_grp_lock_dump           000000014004dbb0 f   pjlib-x86_64-x64-vc14-debug-dynamic:lock.obj
 0001:0004cc00       pj_grp_lock_chain_lock     000000014004dc00 f   pjlib-x86_64-x64-vc14-debug-dynamic:lock.obj
 0001:0004ccf0       pj_grp_lock_unchain_lock   000000014004dcf0 f   pjlib-x86_64-x64-vc14-debug-dynamic:lock.obj
 0001:0004d9f0       pj_exception_id_alloc      000000014004e9f0 f   pjlib-x86_64-x64-vc14-debug-dynamic:except.obj
 0001:0004da70       pj_exception_id_free       000000014004ea70 f   pjlib-x86_64-x64-vc14-debug-dynamic:except.obj
 0001:0004daf0       pj_exception_id_name       000000014004eaf0 f   pjlib-x86_64-x64-vc14-debug-dynamic:except.obj
 0001:0004dba0       pj_throw_exception_        000000014004eba0 f   pjlib-x86_64-x64-vc14-debug-dynamic:except.obj
 0001:0004dc40       pj_push_exception_handler_ 000000014004ec40 f   pjlib-x86_64-x64-vc14-debug-dynamic:except.obj
 0001:0004dce0       pj_pop_exception_handler_  000000014004ece0 f   pjlib-x86_64-x64-vc14-debug-dynamic:except.obj
 0001:0004de70       pj_get_timestamp           000000014004ee70 f   pjlib-x86_64-x64-vc14-debug-dynamic:os_timestamp_win32.obj
 0001:0004def0       pj_get_timestamp_freq      000000014004eef0 f   pjlib-x86_64-x64-vc14-debug-dynamic:os_timestamp_win32.obj
 0001:0004dfa0       pj_gettickcount            000000014004efa0 f   pjlib-x86_64-x64-vc14-debug-dynamic:os_timestamp_common.obj
 0001:0004e000       pj_elapsed_time            000000014004f000 f   pjlib-x86_64-x64-vc14-debug-dynamic:os_timestamp_common.obj
 0001:0004e0c0       pj_elapsed_msec            000000014004f0c0 f   pjlib-x86_64-x64-vc14-debug-dynamic:os_timestamp_common.obj
 0001:0004e0f0       pj_elapsed_msec64          000000014004f0f0 f   pjlib-x86_64-x64-vc14-debug-dynamic:os_timestamp_common.obj
 0001:0004e150       pj_elapsed_usec            000000014004f150 f   pjlib-x86_64-x64-vc14-debug-dynamic:os_timestamp_common.obj
 0001:0004e180       pj_elapsed_nanosec         000000014004f180 f   pjlib-x86_64-x64-vc14-debug-dynamic:os_timestamp_common.obj
 0001:0004e220       pj_elapsed_cycle           000000014004f220 f   pjlib-x86_64-x64-vc14-debug-dynamic:os_timestamp_common.obj
 0001:0004e4f0       pj_srand                   000000014004f4f0 f   pjlib-x86_64-x64-vc14-debug-dynamic:rand.obj
 0001:0004e520       pj_rand                    000000014004f520 f   pjlib-x86_64-x64-vc14-debug-dynamic:rand.obj
 0001:0004e5a0       pj_GUID_STRING_LENGTH      000000014004f5a0 f   pjlib-x86_64-x64-vc14-debug-dynamic:guid_win32.obj
 0001:0004e5b0       pj_generate_unique_string  000000014004f5b0 f   pjlib-x86_64-x64-vc14-debug-dynamic:guid_win32.obj
 0001:0004e7b0       pj_get_version             000000014004f7b0 f   pjlib-x86_64-x64-vc14-debug-dynamic:config.obj
 0001:0004e7c0       pj_dump_config             000000014004f7c0 f   pjlib-x86_64-x64-vc14-debug-dynamic:config.obj
 0001:0004eea0       pj_pool_create_on_buf      000000014004fea0 f   pjlib-x86_64-x64-vc14-debug-dynamic:pool_buf.obj
 0001:0004f190       pj_log_write               0000000140050190 f   pjlib-x86_64-x64-vc14-debug-dynamic:log_writer_stdout.obj
 0001:0004f320       pj_enum_ip_interface       0000000140050320 f   pjlib-x86_64-x64-vc14-debug-dynamic:ip_helper_win32.obj
 0001:0004f460       pj_enum_ip_interface2      0000000140050460 f   pjlib-x86_64-x64-vc14-debug-dynamic:ip_helper_win32.obj
 0001:0004f4d0       pj_enum_ip_route           00000001400504d0 f   pjlib-x86_64-x64-vc14-debug-dynamic:ip_helper_win32.obj
 0001:000503f0       pj_gethostbyname           00000001400513f0 f   pjlib-x86_64-x64-vc14-debug-dynamic:addr_resolv_sock.obj
 0001:00050560       pj_getaddrinfo             0000000140051560 f   pjlib-x86_64-x64-vc14-debug-dynamic:addr_resolv_sock.obj
 0001:00050940       pj_time_val_normalize      0000000140051940 f   pjlib-x86_64-x64-vc14-debug-dynamic:types.obj
 0001:00050ab0       PJ_FD_ZERO                 0000000140051ab0 f   pjlib-x86_64-x64-vc14-debug-dynamic:sock_select.obj
 0001:00050b00       PJ_FD_COUNT                0000000140051b00 f   pjlib-x86_64-x64-vc14-debug-dynamic:sock_select.obj
 0001:00050b20       PJ_FD_SET                  0000000140051b20 f   pjlib-x86_64-x64-vc14-debug-dynamic:sock_select.obj
 0001:00050c60       PJ_FD_CLR                  0000000140051c60 f   pjlib-x86_64-x64-vc14-debug-dynamic:sock_select.obj
 0001:00050dc0       PJ_FD_ISSET                0000000140051dc0 f   pjlib-x86_64-x64-vc14-debug-dynamic:sock_select.obj
 0001:00050e20       pj_sock_select             0000000140051e20 f   pjlib-x86_64-x64-vc14-debug-dynamic:sock_select.obj
 0001:00051080       res_SrcLinear              0000000140052080 f   libresample-x86_64-x64-vc14-debug-dynamic:resamplesubs.obj
 0001:000510c0       res_Resample               00000001400520c0 f   libresample-x86_64-x64-vc14-debug-dynamic:resamplesubs.obj
 0001:00051290       res_GetXOFF                0000000140052290 f   libresample-x86_64-x64-vc14-debug-dynamic:resamplesubs.obj
 0001:000521d0       speex_echo_state_init      00000001400531d0 f   libspeex-x86_64-x64-vc14-debug-dynamic:mdf.obj
 0001:00052200       speex_echo_state_init_mc   0000000140053200 f   libspeex-x86_64-x64-vc14-debug-dynamic:mdf.obj
 0001:00052a50       speex_echo_state_destroy   0000000140053a50 f   libspeex-x86_64-x64-vc14-debug-dynamic:mdf.obj
 0001:00052c30       speex_echo_cancellation    0000000140053c30 f   libspeex-x86_64-x64-vc14-debug-dynamic:mdf.obj
 0001:00055640       speex_echo_cancel          0000000140056640 f   libspeex-x86_64-x64-vc14-debug-dynamic:mdf.obj
 0001:00055680       speex_echo_capture         0000000140056680 f   libspeex-x86_64-x64-vc14-debug-dynamic:mdf.obj
 0001:00055820       speex_echo_playback        0000000140056820 f   libspeex-x86_64-x64-vc14-debug-dynamic:mdf.obj
 0001:000559e0       speex_echo_state_reset     00000001400569e0 f   libspeex-x86_64-x64-vc14-debug-dynamic:mdf.obj
 0001:00055db0       speex_echo_ctl             0000000140056db0 f   libspeex-x86_64-x64-vc14-debug-dynamic:mdf.obj
 0001:000560c0       speex_echo_get_residual    00000001400570c0 f   libspeex-x86_64-x64-vc14-debug-dynamic:mdf.obj
 0001:000580b0       speex_decorrelate_new      00000001400590b0 f   libspeex-x86_64-x64-vc14-debug-dynamic:scal.obj
 0001:00058330       speex_decorrelate          0000000140059330 f   libspeex-x86_64-x64-vc14-debug-dynamic:scal.obj
 0001:00058c20       speex_decorrelate_destroy  0000000140059c20 f   libspeex-x86_64-x64-vc14-debug-dynamic:scal.obj
 0001:000590d0       speex_preprocess_state_init 000000014005a0d0 f   libspeex-x86_64-x64-vc14-debug-dynamic:preprocess.obj
 0001:00059a10       speex_preprocess_state_destroy 000000014005aa10 f   libspeex-x86_64-x64-vc14-debug-dynamic:preprocess.obj
 0001:00059bc0       speex_preprocess_run       000000014005abc0 f   libspeex-x86_64-x64-vc14-debug-dynamic:preprocess.obj
 0001:0005b690       speex_preprocess           000000014005c690 f   libspeex-x86_64-x64-vc14-debug-dynamic:preprocess.obj
 0001:0005b6c0       speex_preprocess_estimate_update 000000014005c6c0 f   libspeex-x86_64-x64-vc14-debug-dynamic:preprocess.obj
 0001:0005b930       speex_preprocess_ctl       000000014005c930 f   libspeex-x86_64-x64-vc14-debug-dynamic:preprocess.obj
 0001:0005e590       spx_fft_init               000000014005f590 f   libspeex-x86_64-x64-vc14-debug-dynamic:fftwrap.obj
 0001:0005e5d0       spx_fft_destroy            000000014005f5d0 f   libspeex-x86_64-x64-vc14-debug-dynamic:fftwrap.obj
 0001:0005e600       spx_fft                    000000014005f600 f   libspeex-x86_64-x64-vc14-debug-dynamic:fftwrap.obj
 0001:0005e740       spx_ifft                   000000014005f740 f   libspeex-x86_64-x64-vc14-debug-dynamic:fftwrap.obj
 0001:0005e7f0       spx_fft_float              000000014005f7f0 f   libspeex-x86_64-x64-vc14-debug-dynamic:fftwrap.obj
 0001:0005e830       spx_ifft_float             000000014005f830 f   libspeex-x86_64-x64-vc14-debug-dynamic:fftwrap.obj
 0001:0005e930       filterbank_new             000000014005f930 f   libspeex-x86_64-x64-vc14-debug-dynamic:filterbank.obj
 0001:0005ee40       filterbank_destroy         000000014005fe40 f   libspeex-x86_64-x64-vc14-debug-dynamic:filterbank.obj
 0001:0005eeb0       filterbank_compute_bank32  000000014005feb0 f   libspeex-x86_64-x64-vc14-debug-dynamic:filterbank.obj
 0001:0005efe0       filterbank_compute_psd16   000000014005ffe0 f   libspeex-x86_64-x64-vc14-debug-dynamic:filterbank.obj
 0001:0005f0d0       filterbank_compute_bank    00000001400600d0 f   libspeex-x86_64-x64-vc14-debug-dynamic:filterbank.obj
[...]
 0003:00037aa0       $SG59647                   00000001400dbaa0     libsrtp-x86_64-x64-vc14-debug-dynamic:cipher.obj
 0003:00037ab8       $SG59651                   00000001400dbab8     libsrtp-x86_64-x64-vc14-debug-dynamic:cipher.obj
 0003:00037ad8       $SG59653                   00000001400dbad8     libsrtp-x86_64-x64-vc14-debug-dynamic:cipher.obj
 0003:00037af8       $SG59656                   00000001400dbaf8     libsrtp-x86_64-x64-vc14-debug-dynamic:cipher.obj
 0003:00037b10       $SG59658                   00000001400dbb10     libsrtp-x86_64-x64-vc14-debug-dynamic:cipher.obj
 0003:00037b28       $SG59660                   00000001400dbb28     libsrtp-x86_64-x64-vc14-debug-dynamic:cipher.obj
 0003:00037b40       $SG59664                   00000001400dbb40     libsrtp-x86_64-x64-vc14-debug-dynamic:cipher.obj
 0003:00037b58       $SG59670                   00000001400dbb58     libsrtp-x86_64-x64-vc14-debug-dynamic:cipher.obj
 0003:00037b68       $SG59673                   00000001400dbb68     libsrtp-x86_64-x64-vc14-debug-dynamic:cipher.obj
 0003:00037b80       $SG59677                   00000001400dbb80     libsrtp-x86_64-x64-vc14-debug-dynamic:cipher.obj
 0003:00037ba0       $SG59679                   00000001400dbba0     libsrtp-x86_64-x64-vc14-debug-dynamic:cipher.obj
 0003:00037bc0       $SG59682                   00000001400dbbc0     libsrtp-x86_64-x64-vc14-debug-dynamic:cipher.obj
 0003:00037bd8       $SG59684                   00000001400dbbd8     libsrtp-x86_64-x64-vc14-debug-dynamic:cipher.obj
 0003:00037bf0       $SG59688                   00000001400dbbf0     libsrtp-x86_64-x64-vc14-debug-dynamic:cipher.obj
 0003:00037c18       $SG59691                   00000001400dbc18     libsrtp-x86_64-x64-vc14-debug-dynamic:cipher.obj
 0003:00037c30       $SG59701                   00000001400dbc30     libsrtp-x86_64-x64-vc14-debug-dynamic:cipher.obj
 0003:00037c40       $SG59707                   00000001400dbc40     libsrtp-x86_64-x64-vc14-debug-dynamic:cipher.obj
 0003:00037c58       $SG59714                   00000001400dbc58     libsrtp-x86_64-x64-vc14-debug-dynamic:cipher.obj
 0003:00037c68       $SG59717                   00000001400dbc68     libsrtp-x86_64-x64-vc14-debug-dynamic:cipher.obj
 0003:00037c80       $SG59721                   00000001400dbc80     libsrtp-x86_64-x64-vc14-debug-dynamic:cipher.obj
 0003:00037ca0       $SG59723                   00000001400dbca0     libsrtp-x86_64-x64-vc14-debug-dynamic:cipher.obj
 0003:00037d58       $SG59403                   00000001400dbd58     libsrtp-x86_64-x64-vc14-debug-dynamic:auth.obj
 0003:00037d68       $SG59433                   00000001400dbd68     libsrtp-x86_64-x64-vc14-debug-dynamic:auth.obj
 0003:00037d98       $SG59440                   00000001400dbd98     libsrtp-x86_64-x64-vc14-debug-dynamic:auth.obj
 0003:00037da8       $SG59442                   00000001400dbda8     libsrtp-x86_64-x64-vc14-debug-dynamic:auth.obj
 0003:00037db8       $SG59444                   00000001400dbdb8     libsrtp-x86_64-x64-vc14-debug-dynamic:auth.obj
 0003:00037dd0       $SG59446                   00000001400dbdd0     libsrtp-x86_64-x64-vc14-debug-dynamic:auth.obj
 0003:00037de8       $SG59449                   00000001400dbde8     libsrtp-x86_64-x64-vc14-debug-dynamic:auth.obj
 0003:00037e08       $SG59451                   00000001400dbe08     libsrtp-x86_64-x64-vc14-debug-dynamic:auth.obj
 0003:00037e68       $SG59750                   00000001400dbe68     libsrtp-x86_64-x64-vc14-debug-dynamic:crypto_kernel.obj
 0003:00037e78       $SG59793                   00000001400dbe78     libsrtp-x86_64-x64-vc14-debug-dynamic:crypto_kernel.obj
 0003:00037e88       $SG59794                   00000001400dbe88     libsrtp-x86_64-x64-vc14-debug-dynamic:crypto_kernel.obj
 0003:00037e98       $SG59796                   00000001400dbe98     libsrtp-x86_64-x64-vc14-debug-dynamic:crypto_kernel.obj
 0003:00037eb8       $SG59797                   00000001400dbeb8     libsrtp-x86_64-x64-vc14-debug-dynamic:crypto_kernel.obj
 0003:00037ec0       $SG59798                   00000001400dbec0     libsrtp-x86_64-x64-vc14-debug-dynamic:crypto_kernel.obj
 0003:00037ed0       $SG59799                   00000001400dbed0     libsrtp-x86_64-x64-vc14-debug-dynamic:crypto_kernel.obj
 0003:00037ee0       $SG59801                   00000001400dbee0     libsrtp-x86_64-x64-vc14-debug-dynamic:crypto_kernel.obj
 0003:00037f00       $SG59802                   00000001400dbf00     libsrtp-x86_64-x64-vc14-debug-dynamic:crypto_kernel.obj
 0003:00037f08       $SG59808                   00000001400dbf08     libsrtp-x86_64-x64-vc14-debug-dynamic:crypto_kernel.obj
 0003:00037f20       $SG59809                   00000001400dbf20     libsrtp-x86_64-x64-vc14-debug-dynamic:crypto_kernel.obj
 0003:00037f28       $SG59812                   00000001400dbf28     libsrtp-x86_64-x64-vc14-debug-dynamic:crypto_kernel.obj
 0003:00037f30       $SG59813                   00000001400dbf30     libsrtp-x86_64-x64-vc14-debug-dynamic:crypto_kernel.obj
 0003:00037f38       $SG59828                   00000001400dbf38     libsrtp-x86_64-x64-vc14-debug-dynamic:crypto_kernel.obj
 0003:00037f60       $SG59830                   00000001400dbf60     libsrtp-x86_64-x64-vc14-debug-dynamic:crypto_kernel.obj
 0003:00037f90       $SG59832                   00000001400dbf90     libsrtp-x86_64-x64-vc14-debug-dynamic:crypto_kernel.obj
 0003:00038000       $SG60087                   00000001400dc000     libsrtp-x86_64-x64-vc14-debug-dynamic:ekt.obj
 0003:00038018       $SG60089                   00000001400dc018     libsrtp-x86_64-x64-vc14-debug-dynamic:ekt.obj
 0003:00038038       $SG60091                   00000001400dc038     libsrtp-x86_64-x64-vc14-debug-dynamic:ekt.obj
 0003:00038058       $SG60093                   00000001400dc058     libsrtp-x86_64-x64-vc14-debug-dynamic:ekt.obj
 0003:00038078       $SG60095                   00000001400dc078     libsrtp-x86_64-x64-vc14-debug-dynamic:ekt.obj
 0003:000380c0       $SG59308                   00000001400dc0c0     libsrtp-x86_64-x64-vc14-debug-dynamic:stat.obj
 0003:000380d0       $SG59318                   00000001400dc0d0     libsrtp-x86_64-x64-vc14-debug-dynamic:stat.obj
 0003:000380e8       $SG59335                   00000001400dc0e8     libsrtp-x86_64-x64-vc14-debug-dynamic:stat.obj
 0003:00038100       $SG59370                   00000001400dc100     libsrtp-x86_64-x64-vc14-debug-dynamic:stat.obj
 0003:00038118       $SG59375                   00000001400dc118     libsrtp-x86_64-x64-vc14-debug-dynamic:stat.obj
 0003:00038130       $SG59381                   00000001400dc130     libsrtp-x86_64-x64-vc14-debug-dynamic:stat.obj
 0003:00038148       $SG59387                   00000001400dc148     libsrtp-x86_64-x64-vc14-debug-dynamic:stat.obj
 0003:00038160       $SG59390                   00000001400dc160     libsrtp-x86_64-x64-vc14-debug-dynamic:stat.obj
 0003:00038170       $SG59392                   00000001400dc170     libsrtp-x86_64-x64-vc14-debug-dynamic:stat.obj
 0003:00038188       $SG59394                   00000001400dc188     libsrtp-x86_64-x64-vc14-debug-dynamic:stat.obj
 0003:000381c8       $SG59498                   00000001400dc1c8     libsrtp-x86_64-x64-vc14-debug-dynamic:null_cipher.obj
 0003:000381f8       $SG59514                   00000001400dc1f8     libsrtp-x86_64-x64-vc14-debug-dynamic:null_cipher.obj
 0003:00038238       $SG59519                   00000001400dc238     libsrtp-x86_64-x64-vc14-debug-dynamic:aes_icm.obj
 0003:00038240       $SG59542                   00000001400dc240     libsrtp-x86_64-x64-vc14-debug-dynamic:aes_icm.obj
 0003:00038270       $SG59574                   00000001400dc270     libsrtp-x86_64-x64-vc14-debug-dynamic:aes_icm.obj
 0003:00038280       $SG59576                   00000001400dc280     libsrtp-x86_64-x64-vc14-debug-dynamic:aes_icm.obj
 0003:00038290       $SG59590                   00000001400dc290     libsrtp-x86_64-x64-vc14-debug-dynamic:aes_icm.obj
 0003:000382a8       $SG59592                   00000001400dc2a8     libsrtp-x86_64-x64-vc14-debug-dynamic:aes_icm.obj
 0003:000382c0       $SG59599                   00000001400dc2c0     libsrtp-x86_64-x64-vc14-debug-dynamic:aes_icm.obj
 0003:000382d8       $SG59601                   00000001400dc2d8     libsrtp-x86_64-x64-vc14-debug-dynamic:aes_icm.obj
 0003:000382f0       $SG59640                   00000001400dc2f0     libsrtp-x86_64-x64-vc14-debug-dynamic:aes_icm.obj
 0003:00038338       $SG59425                   00000001400dc338     libsrtp-x86_64-x64-vc14-debug-dynamic:null_auth.obj
 0003:00038368       $SG59427                   00000001400dc368     libsrtp-x86_64-x64-vc14-debug-dynamic:null_auth.obj
 0003:000383b8       $SG59438                   00000001400dc3b8     libsrtp-x86_64-x64-vc14-debug-dynamic:hmac.obj
 0003:000383c8       $SG59456                   00000001400dc3c8     libsrtp-x86_64-x64-vc14-debug-dynamic:hmac.obj
 0003:000383f8       $SG59458                   00000001400dc3f8     libsrtp-x86_64-x64-vc14-debug-dynamic:hmac.obj
 0003:00038428       $SG59490                   00000001400dc428     libsrtp-x86_64-x64-vc14-debug-dynamic:hmac.obj
 0003:00038438       $SG59509                   00000001400dc438     libsrtp-x86_64-x64-vc14-debug-dynamic:hmac.obj
 0003:00038448       $SG59537                   00000001400dc448     libsrtp-x86_64-x64-vc14-debug-dynamic:hmac.obj
 0003:00038468       $SG59539                   00000001400dc468     libsrtp-x86_64-x64-vc14-debug-dynamic:hmac.obj
 0003:000384b8       $SG59324                   00000001400dc4b8     libsrtp-x86_64-x64-vc14-debug-dynamic:sha1.obj
 0003:000384d0       $SG59404                   00000001400dc4d0     libsrtp-x86_64-x64-vc14-debug-dynamic:sha1.obj
 0003:000384f8       $SG59406                   00000001400dc4f8     libsrtp-x86_64-x64-vc14-debug-dynamic:sha1.obj
 0003:00038528       $SG59473                   00000001400dc528     libsrtp-x86_64-x64-vc14-debug-dynamic:sha1.obj
 0003:00038550       $SG59476                   00000001400dc550     libsrtp-x86_64-x64-vc14-debug-dynamic:sha1.obj
 0003:00038780       $SG26721                   00000001400dc780     confsample.obj
 0003:00038781       $SG26837                   00000001400dc781     confsample.obj
 0003:00038782       $SG26838                   00000001400dc782     confsample.obj
 0003:00038783       $SG26847                   00000001400dc783     confsample.obj
 0003:00038784       $SG26851                   00000001400dc784     confsample.obj
 0003:00038785       $SG26853                   00000001400dc785     confsample.obj
 0003:00038786       $SG26869                   00000001400dc786     confsample.obj
 0003:00038787       $SG26885                   00000001400dc787     confsample.obj
 0003:00038788       $SG26901                   00000001400dc788     confsample.obj
 0003:00038789       $SG26917                   00000001400dc789     confsample.obj
 0003:0003878a       $SG26975                   00000001400dc78a     confsample.obj
 0003:0003878b       $SG27008                   00000001400dc78b     confsample.obj
 0003:0003878c       $SG27015                   00000001400dc78c     confsample.obj
 0003:00038790       $SG67816                   00000001400dc790     pjmedia-audiodev-x86_64-x64-vc14-debug-dynamic:wmme_dev.obj
 0003:00038798       ?name@?1??get_fmt_name@@9@9 00000001400dc798     pjmedia-audiodev-x86_64-x64-vc14-debug-dynamic:wmme_dev.obj
 0003:000387a0       ?rec_cnt@?1??wmme_dev_thread@@9@9 00000001400dc7a0     pjmedia-audiodev-x86_64-x64-vc14-debug-dynamic:wmme_dev.obj
 0003:000387a4       ?play_cnt@?1??wmme_dev_thread@@9@9 00000001400dc7a4     pjmedia-audiodev-x86_64-x64-vc14-debug-dynamic:wmme_dev.obj
 0003:000387ac       $SG20878                   00000001400dc7ac     pjmedia-x86_64-x64-vc14-debug-dynamic:endpoint.obj
 0003:000387ad       $SG21048                   00000001400dc7ad     pjmedia-x86_64-x64-vc14-debug-dynamic:endpoint.obj
 0003:000387ae       $SG21050                   00000001400dc7ae     pjmedia-x86_64-x64-vc14-debug-dynamic:endpoint.obj
 0003:000387af       $SG21052                   00000001400dc7af     pjmedia-x86_64-x64-vc14-debug-dynamic:endpoint.obj
 0003:000387b0       $SG21054                   00000001400dc7b0     pjmedia-x86_64-x64-vc14-debug-dynamic:endpoint.obj
 0003:000387b1       $SG21056                   00000001400dc7b1     pjmedia-x86_64-x64-vc14-debug-dynamic:endpoint.obj
 0003:000387c0       aud_subsys                 00000001400dc7c0     pjmedia-x86_64-x64-vc14-debug-dynamic:audiodev.obj
 0003:00038e80       event_manager_instance     00000001400dce80     pjmedia-x86_64-x64-vc14-debug-dynamic:event.obj
 0003:00038e90       ?ev_queue@?9??pjmedia_event_publish@@9@9 00000001400dce90     pjmedia-x86_64-x64-vc14-debug-dynamic:event.obj
 0003:000397a6       $SG16887                   00000001400dd7a6     pjmedia-x86_64-x64-vc14-debug-dynamic:delaybuf.obj
 0003:000397b0       is_initialized             00000001400dd7b0     pjmedia-x86_64-x64-vc14-debug-dynamic:sdp.obj
 0003:000397b4       $SG17124                   00000001400dd7b4     pjmedia-x86_64-x64-vc14-debug-dynamic:sdp.obj
 0003:000397c0       cis_buf                    00000001400dd7c0     pjmedia-x86_64-x64-vc14-debug-dynamic:sdp.obj
 0003:00039bc8       cs_digit                   00000001400ddbc8     pjmedia-x86_64-x64-vc14-debug-dynamic:sdp.obj
 0003:00039bd8       cs_token                   00000001400ddbd8     pjmedia-x86_64-x64-vc14-debug-dynamic:sdp.obj
 0003:00039cc0       ?msg@?3??get_libsrtp_errstr@@9@9 00000001400ddcc0     pjmedia-x86_64-x64-vc14-debug-dynamic:transport_srtp.obj
 0003:00039ce0       libsrtp_initialized        00000001400ddce0     pjmedia-x86_64-x64-vc14-debug-dynamic:transport_srtp.obj
 0003:00039ce4       $SG23046                   00000001400ddce4     pjmedia-x86_64-x64-vc14-debug-dynamic:transport_srtp.obj
 0003:00039ce5       $SG23048                   00000001400ddce5     pjmedia-x86_64-x64-vc14-debug-dynamic:transport_srtp.obj
 0003:00039ce6       $SG23058                   00000001400ddce6     pjmedia-x86_64-x64-vc14-debug-dynamic:transport_srtp.obj
 0003:00039ce7       $SG23060                   00000001400ddce7     pjmedia-x86_64-x64-vc14-debug-dynamic:transport_srtp.obj
 0003:00039cf8       __getopt_initialized       00000001400ddcf8     pjlib-util-x86_64-x64-vc14-debug-dynamic:getopt.obj
 0003:00039cfc       ordering                   00000001400ddcfc     pjlib-util-x86_64-x64-vc14-debug-dynamic:getopt.obj
 0003:00039d00       nextchar                   00000001400ddd00     pjlib-util-x86_64-x64-vc14-debug-dynamic:getopt.obj
 0003:00039d08       posixly_correct            00000001400ddd08     pjlib-util-x86_64-x64-vc14-debug-dynamic:getopt.obj
 0003:00039d10       first_nonopt               00000001400ddd10     pjlib-util-x86_64-x64-vc14-debug-dynamic:getopt.obj
 0003:00039d14       last_nonopt                00000001400ddd14     pjlib-util-x86_64-x64-vc14-debug-dynamic:getopt.obj
 0003:00039d18       $SG13933                   00000001400ddd18     pjlib-util-x86_64-x64-vc14-debug-dynamic:getopt.obj
 0003:00039d30       initialized                00000001400ddd30     pjlib-x86_64-x64-vc14-debug-dynamic:os_core_win32.obj
 0003:00039d34       atexit_count               00000001400ddd34     pjlib-x86_64-x64-vc14-debug-dynamic:os_core_win32.obj
 0003:00039d38       $SG59961                   00000001400ddd38     pjlib-x86_64-x64-vc14-debug-dynamic:os_core_win32.obj
 0003:00039d40       main_thread                00000001400ddd40     pjlib-x86_64-x64-vc14-debug-dynamic:os_core_win32.obj
 0003:00039e40       critical_section_mutex     00000001400dde40     pjlib-x86_64-x64-vc14-debug-dynamic:os_core_win32.obj
 0003:00039ea0       atexit_func                00000001400ddea0     pjlib-x86_64-x64-vc14-debug-dynamic:os_core_win32.obj
 0003:0003a020       err_msg_hnd_cnt            00000001400de020     pjlib-x86_64-x64-vc14-debug-dynamic:errno.obj
 0003:0003a030       err_msg_hnd                00000001400de030     pjlib-x86_64-x64-vc14-debug-dynamic:errno.obj
 0003:0003a0f8       g_last_thread              00000001400de0f8     pjlib-x86_64-x64-vc14-debug-dynamic:log.obj
 0003:0003a101       $SG60326                   00000001400de101     pjlib-x86_64-x64-vc14-debug-dynamic:sock_common.obj
 0003:0003a102       $SG60330                   00000001400de102     pjlib-x86_64-x64-vc14-debug-dynamic:sock_common.obj
 0003:0003a103       $SG60331                   00000001400de103     pjlib-x86_64-x64-vc14-debug-dynamic:sock_common.obj
 0003:0003a104       $SG60980                   00000001400de104     pjlib-x86_64-x64-vc14-debug-dynamic:sock_common.obj
 0003:0003a105       $SG60981                   00000001400de105     pjlib-x86_64-x64-vc14-debug-dynamic:sock_common.obj
 0003:0003a108       base_time                  00000001400de108     pjlib-x86_64-x64-vc14-debug-dynamic:os_time_win32.obj
 0003:0003a120       ?buf@?1??pj_gethostname@@9@9 00000001400de120     pjlib-x86_64-x64-vc14-debug-dynamic:sock_bsd.obj
 0003:0003a1a0       ?hostname@?1??pj_gethostname@@9@9 00000001400de1a0     pjlib-x86_64-x64-vc14-debug-dynamic:sock_bsd.obj
 0003:0003a1d0       exception_id_names         00000001400de1d0     pjlib-x86_64-x64-vc14-debug-dynamic:except.obj
 0003:0003a250       ?unknown_name@?1??pj_exception_id_name@@9@9 00000001400de250     pjlib-x86_64-x64-vc14-debug-dynamic:except.obj
 0003:0003a290       stack_based_factory        00000001400de290     pjlib-x86_64-x64-vc14-debug-dynamic:pool_buf.obj
 0003:0003a2d8       is_initialized             00000001400de2d8     pjlib-x86_64-x64-vc14-debug-dynamic:pool_buf.obj
 0003:0003a2f0       s_hDLL                     00000001400de2f0     pjlib-x86_64-x64-vc14-debug-dynamic:ip_helper_win32.obj
 0003:0003a2f8       s_pfnGetIpAddrTable        00000001400de2f8     pjlib-x86_64-x64-vc14-debug-dynamic:ip_helper_win32.obj
 0003:0003a300       s_pfnGetAdapterAddresses   00000001400de300     pjlib-x86_64-x64-vc14-debug-dynamic:ip_helper_win32.obj
 0003:0003a308       s_pfnGetIpForwardTable     00000001400de308     pjlib-x86_64-x64-vc14-debug-dynamic:ip_helper_win32.obj
 0003:0003a310       s_pfnGetIfEntry            00000001400de310     pjlib-x86_64-x64-vc14-debug-dynamic:ip_helper_win32.obj
 0003:0003a320       srtp_log_handler           00000001400de320     libsrtp-x86_64-x64-vc14-debug-dynamic:srtp.obj
 0003:0003a328       srtp_log_handler_data      00000001400de328     libsrtp-x86_64-x64-vc14-debug-dynamic:srtp.obj
 0003:0003a360       srtp_aes_icm_128_test_case_0_nonce 00000001400de360     libsrtp-x86_64-x64-vc14-debug-dynamic:aes_icm.obj
 0003:0003a370       srtp_aes_icm_256_test_case_0_nonce 00000001400de370     libsrtp-x86_64-x64-vc14-debug-dynamic:aes_icm.obj
 0003:0003a390       GS_ExceptionRecord         00000001400de390     MSVCRTD:gs_report.obj
 0003:0003a430       GS_ContextRecord           00000001400de430     MSVCRTD:gs_report.obj
 0003:0003aa28       ?is_initialized_as_dll@@3_NA 00000001400dea28     MSVCRTD:utility.obj
 0003:0003aa29       ?module_local_atexit_table_initialized@@3_NA 00000001400dea29     MSVCRTD:utility.obj
 0003:0003aa30       ?module_local_atexit_table@@3U_onexit_table_t@@A 00000001400dea30     MSVCRTD:utility.obj
 0003:0003aa48       ?module_local_at_quick_exit_table@@3U_onexit_table_t@@A 00000001400dea48     MSVCRTD:utility.obj
 0005:00001330       .idata$6                   00000001400e4330     ole32:ole32.dll
 0005:00001380       .idata$6                   00000001400e4380     ws2_32:WS2_32.dll
 0005:0000154c       .idata$6                   00000001400e454c     winmm:WINMM.dll
 0005:00001a1c       .idata$6                   00000001400e4a1c     kernel32:KERNEL32.dll
 0005:00001af2       .idata$6                   00000001400e4af2     vcruntimed:VCRUNTIME140D.dll
 0005:00001e74       .idata$6                   00000001400e4e74     ucrtd:ucrtbased.dll
