 confsample

 Timestamp is 5f97472a (Mon Oct 26 23:01:14 2020)

 Preferred load address is 0000000140000000

 Start         Length     Name                   Class
 0001:00000000 0007f8f0H .text$mn                CODE
 0001:0007f8f0 00001020H .text$mn$00             CODE
 0001:00080910 0000108dH .text$x                 CODE
 0002:00000000 00000110H .CRT$XCA                DATA
 0002:00000110 00000110H .CRT$XCAA               DATA
 0002:00000220 00000110H .CRT$XCZ                DATA
 0002:00000330 00000110H .CRT$XIA                DATA
 0002:00000440 00000110H .CRT$XIAA               DATA
 0002:00000550 00000110H .CRT$XIAC               DATA
 0002:00000660 00000110H .CRT$XIZ                DATA
 0002:00000770 00000110H .CRT$XPA                DATA
 0002:00000880 00000110H .CRT$XPZ                DATA
 0002:00000990 00000110H .CRT$XTA                DATA
 0002:00000aa0 00000110H .CRT$XTZ                DATA
 0002:00000bb0 0001a968H .rdata                  DATA
 0002:0001b518 000001f0H .rdata$zzzdbg           DATA
 0002:0001b708 00000110H .rtc$IAA                DATA
 0002:0001b818 00000110H .rtc$IZZ                DATA
 0002:0001b928 00000110H .rtc$TAA                DATA
 0002:0001ba38 00000110H .rtc$TZZ                DATA
 0002:0001bb48 000030a3H .xdata                  DATA
 0002:0001ebeb 00000000H .edata                  DATA
 0003:00000000 00027300H .data                   DATA
 0003:00027300 00002879H .bss                    DATA
 0004:00000000 00003f48H .pdata                  DATA
 0005:00000000 00000938H .idata$5                DATA
 0005:00000938 00000078H .idata$2                DATA
 0005:000009b0 00000018H .idata$3                DATA
 0005:000009c8 00000938H .idata$4                DATA
 0005:00001300 00000d4cH .idata$6                DATA
 0006:00000000 0000012cH .gfids$y                DATA
 0007:00000000 0000011bH .00cfg                  DATA

  Address         Publics by Value              Rva+Base               Lib:Object

 0000:00000000       __guard_longjmp_count      0000000000000000     <absolute>
 0000:00000000       __guard_fids_count         0000000000000000     <absolute>
 0000:00000000       ___safe_se_handler_table   0000000000000000     <absolute>
 0000:00000000       __guard_fids_table         0000000000000000     <absolute>
 0000:00000000       __guard_iat_count          0000000000000000     <absolute>
 0000:00000000       __dynamic_value_reloc_table 0000000000000000     <absolute>
 0000:00000000       ___safe_se_handler_count   0000000000000000     <absolute>
 0000:00000000       __guard_longjmp_table      0000000000000000     <absolute>
 0000:00000000       __guard_iat_table          0000000000000000     <absolute>
 0000:00000100       __guard_flags              0000000000000100     <absolute>
 0000:00000000       __ImageBase                0000000140000000     <linker-defined>
 0001:00002360       get_snd_options            0000000140003360 f   confsample.obj
 0001:000027d0       dump_pool_usage            00000001400037d0 f   confsample.obj
 0001:00002e90       main                       0000000140003e90 f   confsample.obj
 0001:000042b0       __local_stdio_printf_options 00000001400052b0 f i confsample.obj
 0001:000042c0       _vfprintf_l                00000001400052c0 f i confsample.obj
 0001:00004320       _vsnprintf_l               0000000140005320 f i confsample.obj
 0001:000043c0       _vsprintf_l                00000001400053c0 f i confsample.obj
 0001:00004420       printf                     0000000140005420 f i confsample.obj
 0001:00004490       sprintf                    0000000140005490 f i confsample.obj
 0001:00004500       pjmedia_aud_subsys_init    0000000140005500 f   pjmedia-audiodev-x86_64-x64-vc14-debug-dynamic:audiodev.obj
 0001:00004650       pjmedia_aud_subsys_get_pool_factory 0000000140005650 f   pjmedia-audiodev-x86_64-x64-vc14-debug-dynamic:audiodev.obj
 0001:00004680       pjmedia_aud_subsys_shutdown 0000000140005680 f   pjmedia-audiodev-x86_64-x64-vc14-debug-dynamic:audiodev.obj
 0001:00004700       pjmedia_aud_register_factory 0000000140005700 f   pjmedia-audiodev-x86_64-x64-vc14-debug-dynamic:audiodev.obj
 0001:00004790       pjmedia_aud_unregister_factory 0000000140005790 f   pjmedia-audiodev-x86_64-x64-vc14-debug-dynamic:audiodev.obj
 0001:00004940       pjmedia_audiodev_strerror  0000000140005940 f   pjmedia-audiodev-x86_64-x64-vc14-debug-dynamic:errno.obj
 0001:00004d80       _snprintf                  0000000140005d80 f i pjmedia-audiodev-x86_64-x64-vc14-debug-dynamic:errno.obj
 0001:00004df0       _vsnprintf                 0000000140005df0 f i pjmedia-audiodev-x86_64-x64-vc14-debug-dynamic:errno.obj
 0001:00006710       pjmedia_wmme_factory       0000000140007710 f   pjmedia-audiodev-x86_64-x64-vc14-debug-dynamic:wmme_dev.obj
 0001:00008cb0       pjmedia_port_info_init     0000000140009cb0 f   pjmedia-x86_64-x64-vc14-debug-dynamic:port.obj
 0001:00008e00       pjmedia_port_info_init2    0000000140009e00 f   pjmedia-x86_64-x64-vc14-debug-dynamic:port.obj
 0001:00008e80       pjmedia_port_get_clock_src 0000000140009e80 f   pjmedia-x86_64-x64-vc14-debug-dynamic:port.obj
 0001:00008ed0       pjmedia_port_get_frame     0000000140009ed0 f   pjmedia-x86_64-x64-vc14-debug-dynamic:port.obj
 0001:00008f70       pjmedia_port_put_frame     0000000140009f70 f   pjmedia-x86_64-x64-vc14-debug-dynamic:port.obj
 0001:00009000       pjmedia_port_destroy       000000014000a000 f   pjmedia-x86_64-x64-vc14-debug-dynamic:port.obj
 0001:00009400       pjmedia_conf_create        000000014000a400 f   pjmedia-x86_64-x64-vc14-debug-dynamic:conference.obj
 0001:00009770       pjmedia_conf_destroy       000000014000a770 f   pjmedia-x86_64-x64-vc14-debug-dynamic:conference.obj
 0001:000098f0       pjmedia_conf_get_master_port 000000014000a8f0 f   pjmedia-x86_64-x64-vc14-debug-dynamic:conference.obj
 0001:00009990       pjmedia_conf_set_port0_name 000000014000a990 f   pjmedia-x86_64-x64-vc14-debug-dynamic:conference.obj
 0001:00009ac0       pjmedia_conf_add_port      000000014000aac0 f   pjmedia-x86_64-x64-vc14-debug-dynamic:conference.obj
 0001:00009d10       pjmedia_conf_configure_port 000000014000ad10 f   pjmedia-x86_64-x64-vc14-debug-dynamic:conference.obj
 0001:00009e20       pjmedia_conf_connect_port  000000014000ae20 f   pjmedia-x86_64-x64-vc14-debug-dynamic:conference.obj
 0001:0000a0d0       pjmedia_conf_disconnect_port 000000014000b0d0 f   pjmedia-x86_64-x64-vc14-debug-dynamic:conference.obj
 0001:0000a3a0       pjmedia_conf_get_port_count 000000014000b3a0 f   pjmedia-x86_64-x64-vc14-debug-dynamic:conference.obj
 0001:0000a3c0       pjmedia_conf_get_connect_count 000000014000b3c0 f   pjmedia-x86_64-x64-vc14-debug-dynamic:conference.obj
 0001:0000a3e0       pjmedia_conf_remove_port   000000014000b3e0 f   pjmedia-x86_64-x64-vc14-debug-dynamic:conference.obj
 0001:0000a740       pjmedia_conf_enum_ports    000000014000b740 f   pjmedia-x86_64-x64-vc14-debug-dynamic:conference.obj
 0001:0000a850       pjmedia_conf_get_port_info 000000014000b850 f   pjmedia-x86_64-x64-vc14-debug-dynamic:conference.obj
 0001:0000aa00       pjmedia_conf_get_ports_info 000000014000ba00 f   pjmedia-x86_64-x64-vc14-debug-dynamic:conference.obj
 0001:0000ab20       pjmedia_conf_get_signal_level 000000014000bb20 f   pjmedia-x86_64-x64-vc14-debug-dynamic:conference.obj
 0001:0000ac20       pjmedia_conf_adjust_rx_level 000000014000bc20 f   pjmedia-x86_64-x64-vc14-debug-dynamic:conference.obj
 0001:0000ad30       pjmedia_conf_adjust_tx_level 000000014000bd30 f   pjmedia-x86_64-x64-vc14-debug-dynamic:conference.obj
 0001:0000ae40       pjmedia_conf_adjust_conn_level 000000014000be40 f   pjmedia-x86_64-x64-vc14-debug-dynamic:conference.obj
 0001:0000e950       pjmedia_endpt_create2      000000014000f950 f   pjmedia-x86_64-x64-vc14-debug-dynamic:endpoint.obj
 0001:0000ecd0       pjmedia_endpt_destroy2     000000014000fcd0 f   pjmedia-x86_64-x64-vc14-debug-dynamic:endpoint.obj
 0001:0000eda0       pjmedia_endpt_set_flag     000000014000fda0 f   pjmedia-x86_64-x64-vc14-debug-dynamic:endpoint.obj
 0001:0000ee30       pjmedia_endpt_get_flag     000000014000fe30 f   pjmedia-x86_64-x64-vc14-debug-dynamic:endpoint.obj
 0001:0000eec0       pjmedia_endpt_get_ioqueue  000000014000fec0 f   pjmedia-x86_64-x64-vc14-debug-dynamic:endpoint.obj
 0001:0000ef20       pjmedia_endpt_get_thread_count 000000014000ff20 f   pjmedia-x86_64-x64-vc14-debug-dynamic:endpoint.obj
 0001:0000ef80       pjmedia_endpt_get_thread   000000014000ff80 f   pjmedia-x86_64-x64-vc14-debug-dynamic:endpoint.obj
 0001:0000f030       pjmedia_endpt_stop_threads 0000000140010030 f   pjmedia-x86_64-x64-vc14-debug-dynamic:endpoint.obj
 0001:0000f110       pjmedia_endpt_create_pool  0000000140010110 f   pjmedia-x86_64-x64-vc14-debug-dynamic:endpoint.obj
 0001:0000f180       pjmedia_endpt_get_codec_mgr 0000000140010180 f   pjmedia-x86_64-x64-vc14-debug-dynamic:endpoint.obj
 0001:0000f1a0       pjmedia_endpt_create_sdp   00000001400101a0 f   pjmedia-x86_64-x64-vc14-debug-dynamic:endpoint.obj
 0001:0000f350       pjmedia_endpt_create_base_sdp 0000000140010350 f   pjmedia-x86_64-x64-vc14-debug-dynamic:endpoint.obj
 0001:0000f5e0       pjmedia_endpt_create_audio_sdp 00000001400105e0 f   pjmedia-x86_64-x64-vc14-debug-dynamic:endpoint.obj
 0001:000101f0       pjmedia_endpt_dump         00000001400111f0 f   pjmedia-x86_64-x64-vc14-debug-dynamic:endpoint.obj
 0001:00010610       pjmedia_endpt_atexit       0000000140011610 f   pjmedia-x86_64-x64-vc14-debug-dynamic:endpoint.obj
 0001:00011440       pjmedia_wav_player_port_create 0000000140012440 f   pjmedia-x86_64-x64-vc14-debug-dynamic:wav_player.obj
 0001:00011c30       pjmedia_wav_player_get_info 0000000140012c30 f   pjmedia-x86_64-x64-vc14-debug-dynamic:wav_player.obj
 0001:00011de0       pjmedia_wav_player_get_len 0000000140012de0 f   pjmedia-x86_64-x64-vc14-debug-dynamic:wav_player.obj
 0001:00011eb0       pjmedia_wav_player_port_set_pos 0000000140012eb0 f   pjmedia-x86_64-x64-vc14-debug-dynamic:wav_player.obj
 0001:00012050       pjmedia_wav_player_port_get_pos 0000000140013050 f   pjmedia-x86_64-x64-vc14-debug-dynamic:wav_player.obj
 0001:000121a0       pjmedia_wav_player_set_eof_cb 00000001400131a0 f   pjmedia-x86_64-x64-vc14-debug-dynamic:wav_player.obj
 0001:00012290       pjmedia_wav_player_set_eof_cb2 0000000140013290 f   pjmedia-x86_64-x64-vc14-debug-dynamic:wav_player.obj
 0001:00013800       pjmedia_wav_writer_port_create 0000000140014800 f   pjmedia-x86_64-x64-vc14-debug-dynamic:wav_writer.obj
 0001:00013e40       pjmedia_wav_writer_port_get_pos 0000000140014e40 f   pjmedia-x86_64-x64-vc14-debug-dynamic:wav_writer.obj
 0001:00013ef0       pjmedia_wav_writer_port_set_cb 0000000140014ef0 f   pjmedia-x86_64-x64-vc14-debug-dynamic:wav_writer.obj
 0001:00014010       pjmedia_wav_writer_port_set_cb2 0000000140015010 f   pjmedia-x86_64-x64-vc14-debug-dynamic:wav_writer.obj
 0001:00014dc0       pjmedia_get_aud_subsys     0000000140015dc0 f   pjmedia-x86_64-x64-vc14-debug-dynamic:audiodev.obj
 0001:00014dd0       pjmedia_aud_driver_init    0000000140015dd0 f   pjmedia-x86_64-x64-vc14-debug-dynamic:audiodev.obj
 0001:00015130       pjmedia_aud_driver_deinit  0000000140016130 f   pjmedia-x86_64-x64-vc14-debug-dynamic:audiodev.obj
 0001:000151d0       pjmedia_aud_dev_cap_name   00000001400161d0 f   pjmedia-x86_64-x64-vc14-debug-dynamic:audiodev.obj
 0001:00015290       pjmedia_aud_param_set_cap  0000000140016290 f   pjmedia-x86_64-x64-vc14-debug-dynamic:audiodev.obj
 0001:00015310       pjmedia_aud_param_get_cap  0000000140016310 f   pjmedia-x86_64-x64-vc14-debug-dynamic:audiodev.obj
 0001:000153a0       pjmedia_aud_dev_refresh    00000001400163a0 f   pjmedia-x86_64-x64-vc14-debug-dynamic:audiodev.obj
 0001:00015480       pjmedia_aud_dev_count      0000000140016480 f   pjmedia-x86_64-x64-vc14-debug-dynamic:audiodev.obj
 0001:00015490       pjmedia_aud_dev_get_info   0000000140016490 f   pjmedia-x86_64-x64-vc14-debug-dynamic:audiodev.obj
 0001:00015570       pjmedia_aud_dev_lookup     0000000140016570 f   pjmedia-x86_64-x64-vc14-debug-dynamic:audiodev.obj
 0001:000157a0       pjmedia_aud_dev_default_param 00000001400167a0 f   pjmedia-x86_64-x64-vc14-debug-dynamic:audiodev.obj
 0001:000158d0       pjmedia_aud_stream_create  00000001400168d0 f   pjmedia-x86_64-x64-vc14-debug-dynamic:audiodev.obj
 0001:00015c20       pjmedia_aud_stream_get_param 0000000140016c20 f   pjmedia-x86_64-x64-vc14-debug-dynamic:audiodev.obj
 0001:00015d20       pjmedia_aud_stream_get_cap 0000000140016d20 f   pjmedia-x86_64-x64-vc14-debug-dynamic:audiodev.obj
 0001:00015d60       pjmedia_aud_stream_set_cap 0000000140016d60 f   pjmedia-x86_64-x64-vc14-debug-dynamic:audiodev.obj
 0001:00015da0       pjmedia_aud_stream_start   0000000140016da0 f   pjmedia-x86_64-x64-vc14-debug-dynamic:audiodev.obj
 0001:00015dd0       pjmedia_aud_stream_stop    0000000140016dd0 f   pjmedia-x86_64-x64-vc14-debug-dynamic:audiodev.obj
 0001:00015e00       pjmedia_aud_stream_destroy 0000000140016e00 f   pjmedia-x86_64-x64-vc14-debug-dynamic:audiodev.obj
 0001:00016990       pjmedia_event_mgr_create   0000000140017990 f   pjmedia-x86_64-x64-vc14-debug-dynamic:event.obj
 0001:00016b30       pjmedia_event_mgr_instance 0000000140017b30 f   pjmedia-x86_64-x64-vc14-debug-dynamic:event.obj
 0001:00016b40       pjmedia_event_mgr_set_instance 0000000140017b40 f   pjmedia-x86_64-x64-vc14-debug-dynamic:event.obj
 0001:00016b60       pjmedia_event_mgr_destroy  0000000140017b60 f   pjmedia-x86_64-x64-vc14-debug-dynamic:event.obj
 0001:00016c70       pjmedia_event_init         0000000140017c70 f   pjmedia-x86_64-x64-vc14-debug-dynamic:event.obj
 0001:00016cf0       pjmedia_event_subscribe    0000000140017cf0 f   pjmedia-x86_64-x64-vc14-debug-dynamic:event.obj
 0001:00016ed0       pjmedia_event_unsubscribe  0000000140017ed0 f   pjmedia-x86_64-x64-vc14-debug-dynamic:event.obj
 0001:000170b0       pjmedia_event_publish      00000001400180b0 f   pjmedia-x86_64-x64-vc14-debug-dynamic:event.obj
 0001:000179e0       pjmedia_format_copy        00000001400189e0 f   pjmedia-x86_64-x64-vc14-debug-dynamic:format.obj
 0001:00017a10       pjmedia_format_get_audio_format_detail 0000000140018a10 f   pjmedia-x86_64-x64-vc14-debug-dynamic:format.obj
 0001:00017ae0       pjmedia_delay_buf_create   0000000140018ae0 f   pjmedia-x86_64-x64-vc14-debug-dynamic:delaybuf.obj
 0001:00017d80       pjmedia_delay_buf_put      0000000140018d80 f   pjmedia-x86_64-x64-vc14-debug-dynamic:delaybuf.obj
 0001:00017f90       pjmedia_delay_buf_get      0000000140018f90 f   pjmedia-x86_64-x64-vc14-debug-dynamic:delaybuf.obj
 0001:000181c0       pjmedia_delay_buf_reset    00000001400191c0 f   pjmedia-x86_64-x64-vc14-debug-dynamic:delaybuf.obj
 0001:00018290       pjmedia_delay_buf_destroy  0000000140019290 f   pjmedia-x86_64-x64-vc14-debug-dynamic:delaybuf.obj
 0001:000192d0       pjmedia_resample_create    000000014001a2d0 f   pjmedia-x86_64-x64-vc14-debug-dynamic:resample_resample.obj
 0001:00019770       pjmedia_resample_run       000000014001a770 f   pjmedia-x86_64-x64-vc14-debug-dynamic:resample_resample.obj
 0001:00019b40       pjmedia_resample_get_input_size 000000014001ab40 f   pjmedia-x86_64-x64-vc14-debug-dynamic:resample_resample.obj
 0001:00019ba0       pjmedia_resample_destroy   000000014001aba0 f   pjmedia-x86_64-x64-vc14-debug-dynamic:resample_resample.obj
 0001:00019f10       pjmedia_snd_port_param_default 000000014001af10 f   pjmedia-x86_64-x64-vc14-debug-dynamic:sound_port.obj
 0001:00019f40       pjmedia_snd_port_create    000000014001af40 f   pjmedia-x86_64-x64-vc14-debug-dynamic:sound_port.obj
 0001:0001a060       pjmedia_snd_port_create_rec 000000014001b060 f   pjmedia-x86_64-x64-vc14-debug-dynamic:sound_port.obj
 0001:0001a160       pjmedia_snd_port_create_player 000000014001b160 f   pjmedia-x86_64-x64-vc14-debug-dynamic:sound_port.obj
 0001:0001a260       pjmedia_snd_port_create2   000000014001b260 f   pjmedia-x86_64-x64-vc14-debug-dynamic:sound_port.obj
 0001:0001a4f0       pjmedia_snd_port_destroy   000000014001b4f0 f   pjmedia-x86_64-x64-vc14-debug-dynamic:sound_port.obj
 0001:0001a550       pjmedia_snd_port_get_snd_stream 000000014001b550 f   pjmedia-x86_64-x64-vc14-debug-dynamic:sound_port.obj
 0001:0001a5b0       pjmedia_snd_port_set_ec    000000014001b5b0 f   pjmedia-x86_64-x64-vc14-debug-dynamic:sound_port.obj
 0001:0001a9b0       pjmedia_snd_port_get_ec_tail 000000014001b9b0 f   pjmedia-x86_64-x64-vc14-debug-dynamic:sound_port.obj
 0001:0001aaf0       pjmedia_snd_port_get_ec_stat 000000014001baf0 f   pjmedia-x86_64-x64-vc14-debug-dynamic:sound_port.obj
 0001:0001ab80       pjmedia_snd_port_get_clock_src 000000014001bb80 f   pjmedia-x86_64-x64-vc14-debug-dynamic:sound_port.obj
 0001:0001abd0       pjmedia_snd_port_connect   000000014001bbd0 f   pjmedia-x86_64-x64-vc14-debug-dynamic:sound_port.obj
 0001:0001ace0       pjmedia_snd_port_get_port  000000014001bce0 f   pjmedia-x86_64-x64-vc14-debug-dynamic:sound_port.obj
 0001:0001ad40       pjmedia_snd_port_disconnect 000000014001bd40 f   pjmedia-x86_64-x64-vc14-debug-dynamic:sound_port.obj
 0001:0001bcd0       pjmedia_sdp_attr_create    000000014001ccd0 f   pjmedia-x86_64-x64-vc14-debug-dynamic:sdp.obj
 0001:0001bdb0       pjmedia_sdp_attr_clone     000000014001cdb0 f   pjmedia-x86_64-x64-vc14-debug-dynamic:sdp.obj
 0001:0001be70       pjmedia_sdp_attr_find      000000014001ce70 f   pjmedia-x86_64-x64-vc14-debug-dynamic:sdp.obj
 0001:0001bf80       pjmedia_sdp_attr_find2     000000014001cf80 f   pjmedia-x86_64-x64-vc14-debug-dynamic:sdp.obj
 0001:0001bfe0       pjmedia_sdp_attr_add       000000014001cfe0 f   pjmedia-x86_64-x64-vc14-debug-dynamic:sdp.obj
 0001:0001c0c0       pjmedia_sdp_attr_remove_all 000000014001d0c0 f   pjmedia-x86_64-x64-vc14-debug-dynamic:sdp.obj
 0001:0001c220       pjmedia_sdp_attr_remove    000000014001d220 f   pjmedia-x86_64-x64-vc14-debug-dynamic:sdp.obj
 0001:0001c370       pjmedia_sdp_attr_to_rtpmap 000000014001d370 f   pjmedia-x86_64-x64-vc14-debug-dynamic:sdp.obj
 0001:0001c450       pjmedia_sdp_attr_get_rtpmap 000000014001d450 f   pjmedia-x86_64-x64-vc14-debug-dynamic:sdp.obj
 0001:0001c7d0       pjmedia_sdp_rtpmap_to_attr 000000014001d7d0 f   pjmedia-x86_64-x64-vc14-debug-dynamic:sdp.obj
 0001:0001caa0       pjmedia_sdp_attr_get_fmtp  000000014001daa0 f   pjmedia-x86_64-x64-vc14-debug-dynamic:sdp.obj
 0001:0001cc10       pjmedia_sdp_attr_get_rtcp  000000014001dc10 f   pjmedia-x86_64-x64-vc14-debug-dynamic:sdp.obj
 0001:0001ce40       pjmedia_sdp_attr_create_rtcp 000000014001de40 f   pjmedia-x86_64-x64-vc14-debug-dynamic:sdp.obj
 0001:0001d000       pjmedia_sdp_attr_get_ssrc  000000014001e000 f   pjmedia-x86_64-x64-vc14-debug-dynamic:sdp.obj
 0001:0001d220       pjmedia_sdp_attr_create_ssrc 000000014001e220 f   pjmedia-x86_64-x64-vc14-debug-dynamic:sdp.obj
 0001:0001d310       pjmedia_sdp_conn_clone     000000014001e310 f   pjmedia-x86_64-x64-vc14-debug-dynamic:sdp.obj
 0001:0001d3d0       pjmedia_sdp_bandw_clone    000000014001e3d0 f   pjmedia-x86_64-x64-vc14-debug-dynamic:sdp.obj
 0001:0001d450       pjmedia_sdp_media_clone    000000014001e450 f   pjmedia-x86_64-x64-vc14-debug-dynamic:sdp.obj
 0001:0001d790       pjmedia_sdp_media_find_attr 000000014001e790 f   pjmedia-x86_64-x64-vc14-debug-dynamic:sdp.obj
 0001:0001d820       pjmedia_sdp_media_find_attr2 000000014001e820 f   pjmedia-x86_64-x64-vc14-debug-dynamic:sdp.obj
 0001:0001d8b0       pjmedia_sdp_media_add_attr 000000014001e8b0 f   pjmedia-x86_64-x64-vc14-debug-dynamic:sdp.obj
 0001:0001d8f0       pjmedia_sdp_media_remove_all_attr 000000014001e8f0 f   pjmedia-x86_64-x64-vc14-debug-dynamic:sdp.obj
 0001:0001d930       pjmedia_sdp_media_remove_attr 000000014001e930 f   pjmedia-x86_64-x64-vc14-debug-dynamic:sdp.obj
 0001:0001d970       pjmedia_sdp_transport_cmp  000000014001e970 f   pjmedia-x86_64-x64-vc14-debug-dynamic:sdp.obj
 0001:0001d9f0       pjmedia_sdp_transport_get_proto 000000014001e9f0 f   pjmedia-x86_64-x64-vc14-debug-dynamic:sdp.obj
 0001:0001dbb0       pjmedia_sdp_media_deactivate 000000014001ebb0 f   pjmedia-x86_64-x64-vc14-debug-dynamic:sdp.obj
 0001:0001dc20       pjmedia_sdp_media_clone_deactivate 000000014001ec20 f   pjmedia-x86_64-x64-vc14-debug-dynamic:sdp.obj
 0001:0001de90       pjmedia_sdp_parse          000000014001ee90 f   pjmedia-x86_64-x64-vc14-debug-dynamic:sdp.obj
 0001:0001e500       pjmedia_sdp_print          000000014001f500 f   pjmedia-x86_64-x64-vc14-debug-dynamic:sdp.obj
 0001:0001e540       pjmedia_sdp_validate       000000014001f540 f   pjmedia-x86_64-x64-vc14-debug-dynamic:sdp.obj
 0001:0001e570       pjmedia_sdp_validate2      000000014001f570 f   pjmedia-x86_64-x64-vc14-debug-dynamic:sdp.obj
 0001:0001e8b0       pjmedia_sdp_session_clone  000000014001f8b0 f   pjmedia-x86_64-x64-vc14-debug-dynamic:sdp.obj
 0001:0001ebf0       pjmedia_sdp_session_add_attr 000000014001fbf0 f   pjmedia-x86_64-x64-vc14-debug-dynamic:sdp.obj
 0001:000219f0       pjmedia_codec_param_clone  00000001400229f0 f   pjmedia-x86_64-x64-vc14-debug-dynamic:codec.obj
 0001:00021bb0       pjmedia_codec_mgr_init     0000000140022bb0 f   pjmedia-x86_64-x64-vc14-debug-dynamic:codec.obj
 0001:00021cc0       pjmedia_codec_mgr_destroy  0000000140022cc0 f   pjmedia-x86_64-x64-vc14-debug-dynamic:codec.obj
 0001:00021e30       pjmedia_codec_mgr_register_factory 0000000140022e30 f   pjmedia-x86_64-x64-vc14-debug-dynamic:codec.obj
 0001:000220f0       pjmedia_codec_mgr_unregister_factory 00000001400230f0 f   pjmedia-x86_64-x64-vc14-debug-dynamic:codec.obj
 0001:000222a0       pjmedia_codec_mgr_enum_codecs 00000001400232a0 f   pjmedia-x86_64-x64-vc14-debug-dynamic:codec.obj
 0001:00022400       pjmedia_codec_mgr_get_codec_info 0000000140023400 f   pjmedia-x86_64-x64-vc14-debug-dynamic:codec.obj
 0001:00022510       pjmedia_codec_info_to_id   0000000140023510 f   pjmedia-x86_64-x64-vc14-debug-dynamic:codec.obj
 0001:00022600       pjmedia_codec_mgr_find_codecs_by_id 0000000140023600 f   pjmedia-x86_64-x64-vc14-debug-dynamic:codec.obj
 0001:000227b0       pjmedia_codec_mgr_set_codec_priority 00000001400237b0 f   pjmedia-x86_64-x64-vc14-debug-dynamic:codec.obj
 0001:000228f0       pjmedia_codec_mgr_get_default_param 00000001400238f0 f   pjmedia-x86_64-x64-vc14-debug-dynamic:codec.obj
 0001:00022ba0       pjmedia_codec_mgr_set_default_param 0000000140023ba0 f   pjmedia-x86_64-x64-vc14-debug-dynamic:codec.obj
 0001:00022e60       pjmedia_codec_mgr_alloc_codec 0000000140023e60 f   pjmedia-x86_64-x64-vc14-debug-dynamic:codec.obj
 0001:00022f90       pjmedia_codec_mgr_dealloc_codec 0000000140023f90 f   pjmedia-x86_64-x64-vc14-debug-dynamic:codec.obj
 0001:00023850       pjmedia_strerror           0000000140024850 f   pjmedia-x86_64-x64-vc14-debug-dynamic:errno.obj
 0001:00023bc0       pjmedia_wave_hdr_file_to_host 0000000140024bc0 f   pjmedia-x86_64-x64-vc14-debug-dynamic:wave.obj
 0001:00023be0       pjmedia_wave_hdr_host_to_file 0000000140024be0 f   pjmedia-x86_64-x64-vc14-debug-dynamic:wave.obj
 0001:00023c20       pjmedia_wsola_create       0000000140024c20 f   pjmedia-x86_64-x64-vc14-debug-dynamic:wsola.obj
 0001:00024030       pjmedia_wsola_set_max_expand 0000000140025030 f   pjmedia-x86_64-x64-vc14-debug-dynamic:wsola.obj
 0001:000240b0       pjmedia_wsola_destroy      00000001400250b0 f   pjmedia-x86_64-x64-vc14-debug-dynamic:wsola.obj
 0001:000240c0       pjmedia_wsola_reset        00000001400250c0 f   pjmedia-x86_64-x64-vc14-debug-dynamic:wsola.obj
 0001:00024190       pjmedia_wsola_save         0000000140025190 f   pjmedia-x86_64-x64-vc14-debug-dynamic:wsola.obj
 0001:000247c0       pjmedia_wsola_generate     00000001400257c0 f   pjmedia-x86_64-x64-vc14-debug-dynamic:wsola.obj
 0001:000248e0       pjmedia_wsola_discard      00000001400258e0 f   pjmedia-x86_64-x64-vc14-debug-dynamic:wsola.obj
 0001:00026d10       pjmedia_clock_src_init     0000000140027d10 f   pjmedia-x86_64-x64-vc14-debug-dynamic:clock_thread.obj
 0001:00026dc0       pjmedia_clock_src_update   0000000140027dc0 f   pjmedia-x86_64-x64-vc14-debug-dynamic:clock_thread.obj
 0001:00026e50       pjmedia_clock_src_get_current_timestamp 0000000140027e50 f   pjmedia-x86_64-x64-vc14-debug-dynamic:clock_thread.obj
 0001:00026f20       pjmedia_clock_src_get_time_msec 0000000140027f20 f   pjmedia-x86_64-x64-vc14-debug-dynamic:clock_thread.obj
 0001:00026fa0       pjmedia_clock_create       0000000140027fa0 f   pjmedia-x86_64-x64-vc14-debug-dynamic:clock_thread.obj
 0001:00027020       pjmedia_clock_create2      0000000140028020 f   pjmedia-x86_64-x64-vc14-debug-dynamic:clock_thread.obj
 0001:00027230       pjmedia_clock_start        0000000140028230 f   pjmedia-x86_64-x64-vc14-debug-dynamic:clock_thread.obj
 0001:00027360       pjmedia_clock_stop         0000000140028360 f   pjmedia-x86_64-x64-vc14-debug-dynamic:clock_thread.obj
 0001:00027420       pjmedia_clock_modify       0000000140028420 f   pjmedia-x86_64-x64-vc14-debug-dynamic:clock_thread.obj
 0001:00027480       pjmedia_clock_wait         0000000140028480 f   pjmedia-x86_64-x64-vc14-debug-dynamic:clock_thread.obj
 0001:00027630       pjmedia_clock_destroy      0000000140028630 f   pjmedia-x86_64-x64-vc14-debug-dynamic:clock_thread.obj
 0001:00027c80       pjmedia_echo_stat_default  0000000140028c80 f   pjmedia-x86_64-x64-vc14-debug-dynamic:echo_common.obj
 0001:00027d00       pjmedia_echo_create        0000000140028d00 f   pjmedia-x86_64-x64-vc14-debug-dynamic:echo_common.obj
 0001:00027d60       pjmedia_echo_create2       0000000140028d60 f   pjmedia-x86_64-x64-vc14-debug-dynamic:echo_common.obj
 0001:000281c0       pjmedia_echo_destroy       00000001400291c0 f   pjmedia-x86_64-x64-vc14-debug-dynamic:echo_common.obj
 0001:00028220       pjmedia_echo_reset         0000000140029220 f   pjmedia-x86_64-x64-vc14-debug-dynamic:echo_common.obj
 0001:000282c0       pjmedia_echo_get_stat      00000001400292c0 f   pjmedia-x86_64-x64-vc14-debug-dynamic:echo_common.obj
 0001:00028350       pjmedia_echo_playback      0000000140029350 f   pjmedia-x86_64-x64-vc14-debug-dynamic:echo_common.obj
 0001:00028490       pjmedia_echo_capture       0000000140029490 f   pjmedia-x86_64-x64-vc14-debug-dynamic:echo_common.obj
 0001:000285e0       pjmedia_echo_cancel        00000001400295e0 f   pjmedia-x86_64-x64-vc14-debug-dynamic:echo_common.obj
 0001:00028f20       pjmedia_srtp_init_lib      0000000140029f20 f   pjmedia-x86_64-x64-vc14-debug-dynamic:transport_srtp.obj
 0001:00028ff0       pjmedia_srtp_setting_default 0000000140029ff0 f   pjmedia-x86_64-x64-vc14-debug-dynamic:transport_srtp.obj
 0001:00029050       pjmedia_srtp_enum_crypto   000000014002a050 f   pjmedia-x86_64-x64-vc14-debug-dynamic:transport_srtp.obj
 0001:00029160       pjmedia_srtp_enum_keying   000000014002a160 f   pjmedia-x86_64-x64-vc14-debug-dynamic:transport_srtp.obj
 0001:00029210       pjmedia_transport_srtp_create 000000014002a210 f   pjmedia-x86_64-x64-vc14-debug-dynamic:transport_srtp.obj
 0001:00029770       pjmedia_transport_srtp_dtls_get_fingerprint 000000014002a770 f   pjmedia-x86_64-x64-vc14-debug-dynamic:transport_srtp.obj
 0001:00029790       pjmedia_transport_srtp_dtls_start_nego 000000014002a790 f   pjmedia-x86_64-x64-vc14-debug-dynamic:transport_srtp.obj
 0001:000297b0       pjmedia_transport_srtp_start 000000014002a7b0 f   pjmedia-x86_64-x64-vc14-debug-dynamic:transport_srtp.obj
 0001:0002a180       pjmedia_transport_srtp_stop 000000014002b180 f   pjmedia-x86_64-x64-vc14-debug-dynamic:transport_srtp.obj
 0001:0002a300       pjmedia_transport_srtp_decrypt_pkt 000000014002b300 f   pjmedia-x86_64-x64-vc14-debug-dynamic:transport_srtp.obj
 0001:0002a520       pjmedia_transport_srtp_get_member 000000014002b520 f   pjmedia-x86_64-x64-vc14-debug-dynamic:transport_srtp.obj
 0001:0002c3e0       get_libsrtp_errstr         000000014002d3e0 f   pjmedia-x86_64-x64-vc14-debug-dynamic:transport_srtp.obj
 0001:0002f0e0       echo_supp_create           00000001400300e0 f   pjmedia-x86_64-x64-vc14-debug-dynamic:echo_suppress.obj
 0001:0002f330       echo_supp_destroy          0000000140030330 f   pjmedia-x86_64-x64-vc14-debug-dynamic:echo_suppress.obj
 0001:0002f340       echo_supp_get_stat         0000000140030340 f   pjmedia-x86_64-x64-vc14-debug-dynamic:echo_suppress.obj
 0001:0002f570       echo_supp_reset            0000000140030570 f   pjmedia-x86_64-x64-vc14-debug-dynamic:echo_suppress.obj
 0001:0002f6f0       echo_supp_cancel_echo      00000001400306f0 f   pjmedia-x86_64-x64-vc14-debug-dynamic:echo_suppress.obj
 0001:0002fcd0       echo_supp_soft_reset       0000000140030cd0 f   pjmedia-x86_64-x64-vc14-debug-dynamic:echo_suppress.obj
 0001:00031430       speex_aec_create           0000000140032430 f   pjmedia-x86_64-x64-vc14-debug-dynamic:echo_speex.obj
 0001:000316d0       speex_aec_destroy          00000001400326d0 f   pjmedia-x86_64-x64-vc14-debug-dynamic:echo_speex.obj
 0001:00031810       speex_aec_reset            0000000140032810 f   pjmedia-x86_64-x64-vc14-debug-dynamic:echo_speex.obj
 0001:00031840       speex_aec_cancel_echo      0000000140032840 f   pjmedia-x86_64-x64-vc14-debug-dynamic:echo_speex.obj
 0001:00031a50       speex_aec_playback         0000000140032a50 f   pjmedia-x86_64-x64-vc14-debug-dynamic:echo_speex.obj
 0001:00031b20       speex_aec_capture          0000000140032b20 f   pjmedia-x86_64-x64-vc14-debug-dynamic:echo_speex.obj
 0001:00031f40       pjmedia_silence_det_create 0000000140032f40 f   pjmedia-x86_64-x64-vc14-debug-dynamic:silencedet.obj
 0001:00032050       pjmedia_silence_det_set_name 0000000140033050 f   pjmedia-x86_64-x64-vc14-debug-dynamic:silencedet.obj
 0001:000320f0       pjmedia_silence_det_set_fixed 00000001400330f0 f   pjmedia-x86_64-x64-vc14-debug-dynamic:silencedet.obj
 0001:00032170       pjmedia_silence_det_set_adaptive 0000000140033170 f   pjmedia-x86_64-x64-vc14-debug-dynamic:silencedet.obj
 0001:000321f0       pjmedia_silence_det_set_params 00000001400331f0 f   pjmedia-x86_64-x64-vc14-debug-dynamic:silencedet.obj
 0001:000322a0       pjmedia_silence_det_disable 00000001400332a0 f   pjmedia-x86_64-x64-vc14-debug-dynamic:silencedet.obj
 0001:00032300       pjmedia_silence_det_detect 0000000140033300 f   pjmedia-x86_64-x64-vc14-debug-dynamic:silencedet.obj
 0001:00032360       pjmedia_calc_avg_signal    0000000140033360 f   pjmedia-x86_64-x64-vc14-debug-dynamic:silencedet.obj
 0001:00032410       pjmedia_silence_det_apply  0000000140033410 f   pjmedia-x86_64-x64-vc14-debug-dynamic:silencedet.obj
 0001:00032a00       pj_getopt                  0000000140033a00 f   pjlib-util-x86_64-x64-vc14-debug-dynamic:getopt.obj
 0001:00032a50       pj_getopt_long             0000000140033a50 f   pjlib-util-x86_64-x64-vc14-debug-dynamic:getopt.obj
 0001:00033f70       pj_cis_buf_init            0000000140034f70 f   pjlib-util-x86_64-x64-vc14-debug-dynamic:scanner.obj
 0001:00033fb0       pj_cis_init                0000000140034fb0 f   pjlib-util-x86_64-x64-vc14-debug-dynamic:scanner.obj
 0001:00034070       pj_cis_dup                 0000000140035070 f   pjlib-util-x86_64-x64-vc14-debug-dynamic:scanner.obj
 0001:000341a0       pj_cis_add_range           00000001400351a0 f   pjlib-util-x86_64-x64-vc14-debug-dynamic:scanner.obj
 0001:00034240       pj_cis_add_alpha           0000000140035240 f   pjlib-util-x86_64-x64-vc14-debug-dynamic:scanner.obj
 0001:00034280       pj_cis_add_num             0000000140035280 f   pjlib-util-x86_64-x64-vc14-debug-dynamic:scanner.obj
 0001:000342b0       pj_cis_add_str             00000001400352b0 f   pjlib-util-x86_64-x64-vc14-debug-dynamic:scanner.obj
 0001:00034330       pj_cis_add_cis             0000000140035330 f   pjlib-util-x86_64-x64-vc14-debug-dynamic:scanner.obj
 0001:000343f0       pj_cis_del_range           00000001400353f0 f   pjlib-util-x86_64-x64-vc14-debug-dynamic:scanner.obj
 0001:00034470       pj_cis_del_str             0000000140035470 f   pjlib-util-x86_64-x64-vc14-debug-dynamic:scanner.obj
 0001:000344f0       pj_cis_invert              00000001400354f0 f   pjlib-util-x86_64-x64-vc14-debug-dynamic:scanner.obj
 0001:000345f0       pj_scan_init               00000001400355f0 f   pjlib-util-x86_64-x64-vc14-debug-dynamic:scanner.obj
 0001:000346b0       pj_scan_fini               00000001400356b0 f   pjlib-util-x86_64-x64-vc14-debug-dynamic:scanner.obj
 0001:000346e0       pj_scan_peek               00000001400356e0 f   pjlib-util-x86_64-x64-vc14-debug-dynamic:scanner.obj
 0001:00034780       pj_scan_peek_n             0000000140035780 f   pjlib-util-x86_64-x64-vc14-debug-dynamic:scanner.obj
 0001:00034800       pj_scan_peek_until         0000000140035800 f   pjlib-util-x86_64-x64-vc14-debug-dynamic:scanner.obj
 0001:000348b0       pj_scan_get                00000001400358b0 f   pjlib-util-x86_64-x64-vc14-debug-dynamic:scanner.obj
 0001:000349a0       pj_scan_get_unescape       00000001400359a0 f   pjlib-util-x86_64-x64-vc14-debug-dynamic:scanner.obj
 0001:00034c50       pj_scan_get_quote          0000000140035c50 f   pjlib-util-x86_64-x64-vc14-debug-dynamic:scanner.obj
 0001:00034cb0       pj_scan_get_quotes         0000000140035cb0 f   pjlib-util-x86_64-x64-vc14-debug-dynamic:scanner.obj
 0001:00034ef0       pj_scan_get_n              0000000140035ef0 f   pjlib-util-x86_64-x64-vc14-debug-dynamic:scanner.obj
 0001:00034f90       pj_scan_get_char           0000000140035f90 f   pjlib-util-x86_64-x64-vc14-debug-dynamic:scanner.obj
 0001:00035010       pj_scan_get_until          0000000140036010 f   pjlib-util-x86_64-x64-vc14-debug-dynamic:scanner.obj
 0001:000350e0       pj_scan_get_until_ch       00000001400360e0 f   pjlib-util-x86_64-x64-vc14-debug-dynamic:scanner.obj
 0001:000351a0       pj_scan_get_until_chr      00000001400361a0 f   pjlib-util-x86_64-x64-vc14-debug-dynamic:scanner.obj
 0001:00035280       pj_scan_advance_n          0000000140036280 f   pjlib-util-x86_64-x64-vc14-debug-dynamic:scanner.obj
 0001:00035300       pj_scan_strcmp             0000000140036300 f   pjlib-util-x86_64-x64-vc14-debug-dynamic:scanner.obj
 0001:00035370       pj_scan_stricmp            0000000140036370 f   pjlib-util-x86_64-x64-vc14-debug-dynamic:scanner.obj
 0001:000353e0       pj_scan_stricmp_alnum      00000001400363e0 f   pjlib-util-x86_64-x64-vc14-debug-dynamic:scanner.obj
 0001:00035450       pj_scan_get_newline        0000000140036450 f   pjlib-util-x86_64-x64-vc14-debug-dynamic:scanner.obj
 0001:00035510       pj_scan_skip_whitespace    0000000140036510 f   pjlib-util-x86_64-x64-vc14-debug-dynamic:scanner.obj
 0001:00035760       pj_scan_skip_line          0000000140036760 f   pjlib-util-x86_64-x64-vc14-debug-dynamic:scanner.obj
 0001:000357f0       pj_scan_save_state         00000001400367f0 f   pjlib-util-x86_64-x64-vc14-debug-dynamic:scanner.obj
 0001:00035840       pj_scan_restore_state      0000000140036840 f   pjlib-util-x86_64-x64-vc14-debug-dynamic:scanner.obj
 0001:00036130       pj_base64_encode           0000000140037130 f   pjlib-util-x86_64-x64-vc14-debug-dynamic:base64.obj
 0001:00036370       pj_base64_decode           0000000140037370 f   pjlib-util-x86_64-x64-vc14-debug-dynamic:base64.obj
 0001:00036ab0       pj_init                    0000000140037ab0 f   pjlib-x86_64-x64-vc14-debug-dynamic:os_core_win32.obj
 0001:00036c80       pj_shutdown                0000000140037c80 f   pjlib-x86_64-x64-vc14-debug-dynamic:os_core_win32.obj
 0001:00036dc0       pj_atexit                  0000000140037dc0 f   pjlib-x86_64-x64-vc14-debug-dynamic:os_core_win32.obj
 0001:00036e10       pj_getpid                  0000000140037e10 f   pjlib-x86_64-x64-vc14-debug-dynamic:os_core_win32.obj
 0001:00036e40       pj_thread_create           0000000140037e40 f   pjlib-x86_64-x64-vc14-debug-dynamic:os_core_win32.obj
 0001:000370a0       pj_thread_register         00000001400380a0 f   pjlib-x86_64-x64-vc14-debug-dynamic:os_core_win32.obj
 0001:00037210       pj_thread_is_registered    0000000140038210 f   pjlib-x86_64-x64-vc14-debug-dynamic:os_core_win32.obj
 0001:00037250       pj_thread_get_prio         0000000140038250 f   pjlib-x86_64-x64-vc14-debug-dynamic:os_core_win32.obj
 0001:00037280       pj_thread_set_prio         0000000140038280 f   pjlib-x86_64-x64-vc14-debug-dynamic:os_core_win32.obj
 0001:00037380       pj_thread_get_prio_min     0000000140038380 f   pjlib-x86_64-x64-vc14-debug-dynamic:os_core_win32.obj
 0001:000373a0       pj_thread_get_prio_max     00000001400383a0 f   pjlib-x86_64-x64-vc14-debug-dynamic:os_core_win32.obj
 0001:000373c0       pj_thread_get_os_handle    00000001400383c0 f   pjlib-x86_64-x64-vc14-debug-dynamic:os_core_win32.obj
 0001:00037420       pj_thread_get_name         0000000140038420 f   pjlib-x86_64-x64-vc14-debug-dynamic:os_core_win32.obj
 0001:00037490       pj_thread_resume           0000000140038490 f   pjlib-x86_64-x64-vc14-debug-dynamic:os_core_win32.obj
 0001:00037560       pj_thread_this             0000000140038560 f   pjlib-x86_64-x64-vc14-debug-dynamic:os_core_win32.obj
 0001:000375c0       pj_thread_join             00000001400385c0 f   pjlib-x86_64-x64-vc14-debug-dynamic:os_core_win32.obj
 0001:000376d0       pj_thread_destroy          00000001400386d0 f   pjlib-x86_64-x64-vc14-debug-dynamic:os_core_win32.obj
 0001:000377a0       pj_thread_sleep            00000001400387a0 f   pjlib-x86_64-x64-vc14-debug-dynamic:os_core_win32.obj
 0001:000377d0       pj_thread_check_stack      00000001400387d0 f   pjlib-x86_64-x64-vc14-debug-dynamic:os_core_win32.obj
 0001:000378d0       pj_thread_get_stack_max_usage 00000001400388d0 f   pjlib-x86_64-x64-vc14-debug-dynamic:os_core_win32.obj
 0001:000378f0       pj_thread_get_stack_info   00000001400388f0 f   pjlib-x86_64-x64-vc14-debug-dynamic:os_core_win32.obj
 0001:00037960       pj_thread_local_alloc      0000000140038960 f   pjlib-x86_64-x64-vc14-debug-dynamic:os_core_win32.obj
 0001:00037a10       pj_thread_local_free       0000000140038a10 f   pjlib-x86_64-x64-vc14-debug-dynamic:os_core_win32.obj
 0001:00037a40       pj_thread_local_set        0000000140038a40 f   pjlib-x86_64-x64-vc14-debug-dynamic:os_core_win32.obj
 0001:00037ad0       pj_thread_local_get        0000000140038ad0 f   pjlib-x86_64-x64-vc14-debug-dynamic:os_core_win32.obj
 0001:00037af0       pj_atomic_create           0000000140038af0 f   pjlib-x86_64-x64-vc14-debug-dynamic:os_core_win32.obj
 0001:00037b50       pj_atomic_destroy          0000000140038b50 f   pjlib-x86_64-x64-vc14-debug-dynamic:os_core_win32.obj
 0001:00037ba0       pj_atomic_set              0000000140038ba0 f   pjlib-x86_64-x64-vc14-debug-dynamic:os_core_win32.obj
 0001:00037c10       pj_atomic_get              0000000140038c10 f   pjlib-x86_64-x64-vc14-debug-dynamic:os_core_win32.obj
 0001:00037c80       pj_atomic_inc              0000000140038c80 f   pjlib-x86_64-x64-vc14-debug-dynamic:os_core_win32.obj
 0001:00037ce0       pj_atomic_inc_and_get      0000000140038ce0 f   pjlib-x86_64-x64-vc14-debug-dynamic:os_core_win32.obj
 0001:00037d20       pj_atomic_dec              0000000140038d20 f   pjlib-x86_64-x64-vc14-debug-dynamic:os_core_win32.obj
 0001:00037d80       pj_atomic_dec_and_get      0000000140038d80 f   pjlib-x86_64-x64-vc14-debug-dynamic:os_core_win32.obj
 0001:00037dc0       pj_atomic_add              0000000140038dc0 f   pjlib-x86_64-x64-vc14-debug-dynamic:os_core_win32.obj
 0001:00037e20       pj_atomic_add_and_get      0000000140038e20 f   pjlib-x86_64-x64-vc14-debug-dynamic:os_core_win32.obj
 0001:00037e60       pj_mutex_create            0000000140038e60 f   pjlib-x86_64-x64-vc14-debug-dynamic:os_core_win32.obj
 0001:00037f20       pj_mutex_create_simple     0000000140038f20 f   pjlib-x86_64-x64-vc14-debug-dynamic:os_core_win32.obj
 0001:00037f60       pj_mutex_create_recursive  0000000140038f60 f   pjlib-x86_64-x64-vc14-debug-dynamic:os_core_win32.obj
 0001:00037fa0       pj_mutex_lock              0000000140038fa0 f   pjlib-x86_64-x64-vc14-debug-dynamic:os_core_win32.obj
 0001:00038060       pj_mutex_unlock            0000000140039060 f   pjlib-x86_64-x64-vc14-debug-dynamic:os_core_win32.obj
 0001:00038140       pj_mutex_trylock           0000000140039140 f   pjlib-x86_64-x64-vc14-debug-dynamic:os_core_win32.obj
 0001:00038220       pj_mutex_destroy           0000000140039220 f   pjlib-x86_64-x64-vc14-debug-dynamic:os_core_win32.obj
 0001:000382a0       pj_mutex_is_locked         00000001400392a0 f   pjlib-x86_64-x64-vc14-debug-dynamic:os_core_win32.obj
 0001:000382e0       pj_rwmutex_create          00000001400392e0 f   pjlib-x86_64-x64-vc14-debug-dynamic:os_core_win32.obj
 0001:00038400       pj_rwmutex_lock_read       0000000140039400 f   pjlib-x86_64-x64-vc14-debug-dynamic:os_core_win32.obj
 0001:00038500       pj_rwmutex_lock_write      0000000140039500 f   pjlib-x86_64-x64-vc14-debug-dynamic:os_core_win32.obj
 0001:00038560       pj_rwmutex_unlock_read     0000000140039560 f   pjlib-x86_64-x64-vc14-debug-dynamic:os_core_win32.obj
 0001:00038660       pj_rwmutex_unlock_write    0000000140039660 f   pjlib-x86_64-x64-vc14-debug-dynamic:os_core_win32.obj
 0001:000386f0       pj_rwmutex_destroy         00000001400396f0 f   pjlib-x86_64-x64-vc14-debug-dynamic:os_core_win32.obj
 0001:00038760       pj_enter_critical_section  0000000140039760 f   pjlib-x86_64-x64-vc14-debug-dynamic:os_core_win32.obj
 0001:00038780       pj_leave_critical_section  0000000140039780 f   pjlib-x86_64-x64-vc14-debug-dynamic:os_core_win32.obj
 0001:000387a0       pj_sem_create              00000001400397a0 f   pjlib-x86_64-x64-vc14-debug-dynamic:os_core_win32.obj
 0001:00038940       pj_sem_wait                0000000140039940 f   pjlib-x86_64-x64-vc14-debug-dynamic:os_core_win32.obj
 0001:000389b0       pj_sem_trywait             00000001400399b0 f   pjlib-x86_64-x64-vc14-debug-dynamic:os_core_win32.obj
 0001:00038a20       pj_sem_post                0000000140039a20 f   pjlib-x86_64-x64-vc14-debug-dynamic:os_core_win32.obj
 0001:00038af0       pj_sem_destroy             0000000140039af0 f   pjlib-x86_64-x64-vc14-debug-dynamic:os_core_win32.obj
 0001:00038bc0       pj_event_create            0000000140039bc0 f   pjlib-x86_64-x64-vc14-debug-dynamic:os_core_win32.obj
 0001:00038da0       pj_event_wait              0000000140039da0 f   pjlib-x86_64-x64-vc14-debug-dynamic:os_core_win32.obj
 0001:00038e00       pj_event_trywait           0000000140039e00 f   pjlib-x86_64-x64-vc14-debug-dynamic:os_core_win32.obj
 0001:00038e60       pj_event_set               0000000140039e60 f   pjlib-x86_64-x64-vc14-debug-dynamic:os_core_win32.obj
 0001:00038f30       pj_event_pulse             0000000140039f30 f   pjlib-x86_64-x64-vc14-debug-dynamic:os_core_win32.obj
 0001:00039000       pj_event_reset             000000014003a000 f   pjlib-x86_64-x64-vc14-debug-dynamic:os_core_win32.obj
 0001:000390d0       pj_event_destroy           000000014003a0d0 f   pjlib-x86_64-x64-vc14-debug-dynamic:os_core_win32.obj
 0001:000391a0       pj_term_set_color          000000014003a1a0 f   pjlib-x86_64-x64-vc14-debug-dynamic:os_core_win32.obj
 0001:00039260       pj_term_get_color          000000014003a260 f   pjlib-x86_64-x64-vc14-debug-dynamic:os_core_win32.obj
 0001:000392c0       pj_run_app                 000000014003a2c0 f   pjlib-x86_64-x64-vc14-debug-dynamic:os_core_win32.obj
 0001:000392f0       pj_thread_init             000000014003a2f0 f   pjlib-x86_64-x64-vc14-debug-dynamic:os_core_win32.obj
 0001:0003a3d0       pj_pool_create             000000014003b3d0 f   pjlib-x86_64-x64-vc14-debug-dynamic:pool.obj
 0001:0003a420       pj_pool_release            000000014003b420 f   pjlib-x86_64-x64-vc14-debug-dynamic:pool.obj
 0001:0003a460       pj_pool_safe_release       000000014003b460 f   pjlib-x86_64-x64-vc14-debug-dynamic:pool.obj
 0001:0003a4a0       pj_pool_secure_release     000000014003b4a0 f   pjlib-x86_64-x64-vc14-debug-dynamic:pool.obj
 0001:0003a550       pj_pool_getobjname         000000014003b550 f   pjlib-x86_64-x64-vc14-debug-dynamic:pool.obj
 0001:0003a570       pj_pool_reset              000000014003b570 f   pjlib-x86_64-x64-vc14-debug-dynamic:pool.obj
 0001:0003a5a0       pj_pool_get_capacity       000000014003b5a0 f   pjlib-x86_64-x64-vc14-debug-dynamic:pool.obj
 0001:0003a5c0       pj_pool_get_used_size      000000014003b5c0 f   pjlib-x86_64-x64-vc14-debug-dynamic:pool.obj
 0001:0003a630       pj_pool_alloc              000000014003b630 f   pjlib-x86_64-x64-vc14-debug-dynamic:pool.obj
 0001:0003a690       pj_pool_calloc             000000014003b690 f   pjlib-x86_64-x64-vc14-debug-dynamic:pool.obj
 0001:0003a6f0       pj_pool_alloc_from_block   000000014003b6f0 f   pjlib-x86_64-x64-vc14-debug-dynamic:pool.obj
 0001:0003a780       pj_pool_allocate_find      000000014003b780 f   pjlib-x86_64-x64-vc14-debug-dynamic:pool.obj
 0001:0003a900       pj_NO_MEMORY_EXCEPTION     000000014003b900 f   pjlib-x86_64-x64-vc14-debug-dynamic:pool.obj
 0001:0003a910       pj_pool_create_int         000000014003b910 f   pjlib-x86_64-x64-vc14-debug-dynamic:pool.obj
 0001:0003aaa0       pj_pool_init_int           000000014003baa0 f   pjlib-x86_64-x64-vc14-debug-dynamic:pool.obj
 0001:0003ab80       pj_pool_destroy_int        000000014003bb80 f   pjlib-x86_64-x64-vc14-debug-dynamic:pool.obj
 0001:0003b180       pj_caching_pool_init       000000014003c180 f   pjlib-x86_64-x64-vc14-debug-dynamic:pool_caching.obj
 0001:0003b2e0       pj_caching_pool_destroy    000000014003c2e0 f   pjlib-x86_64-x64-vc14-debug-dynamic:pool_caching.obj
 0001:0003be90       pj_strerror                000000014003ce90 f   pjlib-x86_64-x64-vc14-debug-dynamic:errno.obj
 0001:0003c130       pj_perror                  000000014003d130 f   pjlib-x86_64-x64-vc14-debug-dynamic:errno.obj
 0001:0003c190       pj_register_strerror       000000014003d190 f   pjlib-x86_64-x64-vc14-debug-dynamic:errno.obj
 0001:0003c3f0       pj_errno_clear_handlers    000000014003d3f0 f   pjlib-x86_64-x64-vc14-debug-dynamic:errno.obj
 0001:0003c420       pj_perror_1                000000014003d420 f   pjlib-x86_64-x64-vc14-debug-dynamic:errno.obj
 0001:0003c480       pj_perror_2                000000014003d480 f   pjlib-x86_64-x64-vc14-debug-dynamic:errno.obj
 0001:0003c4e0       pj_perror_3                000000014003d4e0 f   pjlib-x86_64-x64-vc14-debug-dynamic:errno.obj
 0001:0003c540       pj_perror_4                000000014003d540 f   pjlib-x86_64-x64-vc14-debug-dynamic:errno.obj
 0001:0003c5a0       pj_perror_5                000000014003d5a0 f   pjlib-x86_64-x64-vc14-debug-dynamic:errno.obj
 0001:0003cb30       pj_log                     000000014003db30 f   pjlib-x86_64-x64-vc14-debug-dynamic:log.obj
 0001:0003d3a0       pj_log_set_log_func        000000014003e3a0 f   pjlib-x86_64-x64-vc14-debug-dynamic:log.obj
 0001:0003d3c0       pj_log_get_log_func        000000014003e3c0 f   pjlib-x86_64-x64-vc14-debug-dynamic:log.obj
 0001:0003d3d0       pj_log_set_level           000000014003e3d0 f   pjlib-x86_64-x64-vc14-debug-dynamic:log.obj
 0001:0003d3f0       pj_log_get_level           000000014003e3f0 f   pjlib-x86_64-x64-vc14-debug-dynamic:log.obj
 0001:0003d400       pj_log_set_decor           000000014003e400 f   pjlib-x86_64-x64-vc14-debug-dynamic:log.obj
 0001:0003d420       pj_log_get_decor           000000014003e420 f   pjlib-x86_64-x64-vc14-debug-dynamic:log.obj
 0001:0003d430       pj_log_add_indent          000000014003e430 f   pjlib-x86_64-x64-vc14-debug-dynamic:log.obj
 0001:0003d460       pj_log_push_indent         000000014003e460 f   pjlib-x86_64-x64-vc14-debug-dynamic:log.obj
 0001:0003d480       pj_log_pop_indent          000000014003e480 f   pjlib-x86_64-x64-vc14-debug-dynamic:log.obj
 0001:0003d4a0       pj_log_set_color           000000014003e4a0 f   pjlib-x86_64-x64-vc14-debug-dynamic:log.obj
 0001:0003d5c0       pj_log_get_color           000000014003e5c0 f   pjlib-x86_64-x64-vc14-debug-dynamic:log.obj
 0001:0003d660       pj_log_init                000000014003e660 f   pjlib-x86_64-x64-vc14-debug-dynamic:log.obj
 0001:0003d6e0       pj_log_1                   000000014003e6e0 f   pjlib-x86_64-x64-vc14-debug-dynamic:log.obj
 0001:0003d730       pj_log_2                   000000014003e730 f   pjlib-x86_64-x64-vc14-debug-dynamic:log.obj
 0001:0003d780       pj_log_3                   000000014003e780 f   pjlib-x86_64-x64-vc14-debug-dynamic:log.obj
 0001:0003d7d0       pj_log_4                   000000014003e7d0 f   pjlib-x86_64-x64-vc14-debug-dynamic:log.obj
 0001:0003d820       pj_log_5                   000000014003e820 f   pjlib-x86_64-x64-vc14-debug-dynamic:log.obj
 0001:0003de70       pj_pool_factory_get_default_policy 000000014003ee70 f   pjlib-x86_64-x64-vc14-debug-dynamic:pool_policy_malloc.obj
 0001:0003e000       pj_str                     000000014003f000 f   pjlib-x86_64-x64-vc14-debug-dynamic:string.obj
 0001:0003e070       pj_strassign               000000014003f070 f   pjlib-x86_64-x64-vc14-debug-dynamic:string.obj
 0001:0003e0b0       pj_strcpy                  000000014003f0b0 f   pjlib-x86_64-x64-vc14-debug-dynamic:string.obj
 0001:0003e110       pj_strcpy2                 000000014003f110 f   pjlib-x86_64-x64-vc14-debug-dynamic:string.obj
 0001:0003e190       pj_strncpy                 000000014003f190 f   pjlib-x86_64-x64-vc14-debug-dynamic:string.obj
 0001:0003e230       pj_strncpy_with_null       000000014003f230 f   pjlib-x86_64-x64-vc14-debug-dynamic:string.obj
 0001:0003e2e0       pj_strdup                  000000014003f2e0 f   pjlib-x86_64-x64-vc14-debug-dynamic:string.obj
 0001:0003e370       pj_strdup_with_null        000000014003f370 f   pjlib-x86_64-x64-vc14-debug-dynamic:string.obj
 0001:0003e410       pj_strdup2                 000000014003f410 f   pjlib-x86_64-x64-vc14-debug-dynamic:string.obj
 0001:0003e4c0       pj_strdup2_with_null       000000014003f4c0 f   pjlib-x86_64-x64-vc14-debug-dynamic:string.obj
 0001:0003e570       pj_strdup3                 000000014003f570 f   pjlib-x86_64-x64-vc14-debug-dynamic:string.obj
 0001:0003e5c0       pj_strcmp                  000000014003f5c0 f   pjlib-x86_64-x64-vc14-debug-dynamic:string.obj
 0001:0003e6f0       pj_strcmp2                 000000014003f6f0 f   pjlib-x86_64-x64-vc14-debug-dynamic:string.obj
 0001:0003e750       pj_strncmp                 000000014003f750 f   pjlib-x86_64-x64-vc14-debug-dynamic:string.obj
 0001:0003e7e0       pj_strncmp2                000000014003f7e0 f   pjlib-x86_64-x64-vc14-debug-dynamic:string.obj
 0001:0003e840       pj_stricmp                 000000014003f840 f   pjlib-x86_64-x64-vc14-debug-dynamic:string.obj
 0001:0003e970       pj_stricmp2                000000014003f970 f   pjlib-x86_64-x64-vc14-debug-dynamic:string.obj
 0001:0003e9d0       pj_strnicmp                000000014003f9d0 f   pjlib-x86_64-x64-vc14-debug-dynamic:string.obj
 0001:0003ea60       pj_strnicmp2               000000014003fa60 f   pjlib-x86_64-x64-vc14-debug-dynamic:string.obj
 0001:0003eac0       pj_strcat                  000000014003fac0 f   pjlib-x86_64-x64-vc14-debug-dynamic:string.obj
 0001:0003eb30       pj_strcat2                 000000014003fb30 f   pjlib-x86_64-x64-vc14-debug-dynamic:string.obj
 0001:0003ebc0       pj_strspn                  000000014003fbc0 f   pjlib-x86_64-x64-vc14-debug-dynamic:string.obj
 0001:0003ec80       pj_strspn2                 000000014003fc80 f   pjlib-x86_64-x64-vc14-debug-dynamic:string.obj
 0001:0003ed50       pj_strcspn                 000000014003fd50 f   pjlib-x86_64-x64-vc14-debug-dynamic:string.obj
 0001:0003edf0       pj_strcspn2                000000014003fdf0 f   pjlib-x86_64-x64-vc14-debug-dynamic:string.obj
 0001:0003eea0       pj_strtok                  000000014003fea0 f   pjlib-x86_64-x64-vc14-debug-dynamic:string.obj
 0001:0003efc0       pj_strtok2                 000000014003ffc0 f   pjlib-x86_64-x64-vc14-debug-dynamic:string.obj
 0001:0003f0e0       pj_strstr                  00000001400400e0 f   pjlib-x86_64-x64-vc14-debug-dynamic:string.obj
 0001:0003f190       pj_stristr                 0000000140040190 f   pjlib-x86_64-x64-vc14-debug-dynamic:string.obj
 0001:0003f240       pj_strltrim                0000000140040240 f   pjlib-x86_64-x64-vc14-debug-dynamic:string.obj
 0001:0003f2e0       pj_strrtrim                00000001400402e0 f   pjlib-x86_64-x64-vc14-debug-dynamic:string.obj
 0001:0003f380       pj_strtrim                 0000000140040380 f   pjlib-x86_64-x64-vc14-debug-dynamic:string.obj
 0001:0003f3b0       pj_create_random_string    00000001400403b0 f   pjlib-x86_64-x64-vc14-debug-dynamic:string.obj
 0001:0003f500       pj_strtol                  0000000140040500 f   pjlib-x86_64-x64-vc14-debug-dynamic:string.obj
 0001:0003f5e0       pj_strtol2                 00000001400405e0 f   pjlib-x86_64-x64-vc14-debug-dynamic:string.obj
 0001:0003f7d0       pj_strtoul                 00000001400407d0 f   pjlib-x86_64-x64-vc14-debug-dynamic:string.obj
 0001:0003f860       pj_strtoul2                0000000140040860 f   pjlib-x86_64-x64-vc14-debug-dynamic:string.obj
 0001:0003f9f0       pj_strtoul3                00000001400409f0 f   pjlib-x86_64-x64-vc14-debug-dynamic:string.obj
 0001:0003fcd0       pj_strtof                  0000000140040cd0 f   pjlib-x86_64-x64-vc14-debug-dynamic:string.obj
 0001:0003fea0       pj_utoa                    0000000140040ea0 f   pjlib-x86_64-x64-vc14-debug-dynamic:string.obj
 0001:0003fed0       pj_utoa_pad                0000000140040ed0 f   pjlib-x86_64-x64-vc14-debug-dynamic:string.obj
 0001:00040a40       pj_get_os_error            0000000140041a40 f   pjlib-x86_64-x64-vc14-debug-dynamic:os_error_win32.obj
 0001:00040a80       pj_set_os_error            0000000140041a80 f   pjlib-x86_64-x64-vc14-debug-dynamic:os_error_win32.obj
 0001:00040ac0       pj_get_netos_error         0000000140041ac0 f   pjlib-x86_64-x64-vc14-debug-dynamic:os_error_win32.obj
 0001:00040b00       pj_set_netos_error         0000000140041b00 f   pjlib-x86_64-x64-vc14-debug-dynamic:os_error_win32.obj
 0001:00040b80       platform_strerror          0000000140041b80 f   pjlib-x86_64-x64-vc14-debug-dynamic:os_error_win32.obj
 0001:00040ec0       pj_array_insert            0000000140041ec0 f   pjlib-x86_64-x64-vc14-debug-dynamic:array.obj
 0001:00040f80       pj_array_erase             0000000140041f80 f   pjlib-x86_64-x64-vc14-debug-dynamic:array.obj
 0001:00041030       pj_array_find              0000000140042030 f   pjlib-x86_64-x64-vc14-debug-dynamic:array.obj
 0001:00041180       pj_inet_ntop2              0000000140042180 f   pjlib-x86_64-x64-vc14-debug-dynamic:sock_common.obj
 0001:000411e0       pj_sockaddr_print          00000001400421e0 f   pjlib-x86_64-x64-vc14-debug-dynamic:sock_common.obj
 0001:00041380       pj_inet_addr               0000000140042380 f   pjlib-x86_64-x64-vc14-debug-dynamic:sock_common.obj
 0001:000413b0       pj_inet_addr2              00000001400423b0 f   pjlib-x86_64-x64-vc14-debug-dynamic:sock_common.obj
 0001:00041400       pj_sockaddr_in_init        0000000140042400 f   pjlib-x86_64-x64-vc14-debug-dynamic:sock_common.obj
 0001:000414b0       pj_sockaddr_init           00000001400424b0 f   pjlib-x86_64-x64-vc14-debug-dynamic:sock_common.obj
 0001:000415a0       pj_sockaddr_cmp            00000001400425a0 f   pjlib-x86_64-x64-vc14-debug-dynamic:sock_common.obj
 0001:000416b0       pj_sockaddr_get_addr       00000001400426b0 f   pjlib-x86_64-x64-vc14-debug-dynamic:sock_common.obj
 0001:00041770       pj_sockaddr_has_addr       0000000140042770 f   pjlib-x86_64-x64-vc14-debug-dynamic:sock_common.obj
 0001:00041860       pj_sockaddr_get_addr_len   0000000140042860 f   pjlib-x86_64-x64-vc14-debug-dynamic:sock_common.obj
 0001:00041920       pj_sockaddr_get_len        0000000140042920 f   pjlib-x86_64-x64-vc14-debug-dynamic:sock_common.obj
 0001:000419e0       pj_sockaddr_copy_addr      00000001400429e0 f   pjlib-x86_64-x64-vc14-debug-dynamic:sock_common.obj
 0001:00041a50       pj_sockaddr_cp             0000000140042a50 f   pjlib-x86_64-x64-vc14-debug-dynamic:sock_common.obj
 0001:00041a90       pj_sockaddr_synthesize     0000000140042a90 f   pjlib-x86_64-x64-vc14-debug-dynamic:sock_common.obj
 0001:00041c20       pj_sockaddr_in_get_addr    0000000140042c20 f   pjlib-x86_64-x64-vc14-debug-dynamic:sock_common.obj
 0001:00041c50       pj_sockaddr_in_set_addr    0000000140042c50 f   pjlib-x86_64-x64-vc14-debug-dynamic:sock_common.obj
 0001:00041c80       pj_sockaddr_in_set_str_addr 0000000140042c80 f   pjlib-x86_64-x64-vc14-debug-dynamic:sock_common.obj
 0001:00041e30       pj_sockaddr_set_str_addr   0000000140042e30 f   pjlib-x86_64-x64-vc14-debug-dynamic:sock_common.obj
 0001:00041fd0       pj_sockaddr_get_port       0000000140042fd0 f   pjlib-x86_64-x64-vc14-debug-dynamic:sock_common.obj
 0001:000420a0       pj_sockaddr_in_get_port    00000001400430a0 f   pjlib-x86_64-x64-vc14-debug-dynamic:sock_common.obj
 0001:000420d0       pj_sockaddr_set_port       00000001400430d0 f   pjlib-x86_64-x64-vc14-debug-dynamic:sock_common.obj
 0001:00042190       pj_sockaddr_in_set_port    0000000140043190 f   pjlib-x86_64-x64-vc14-debug-dynamic:sock_common.obj
 0001:000421c0       pj_sockaddr_parse          00000001400431c0 f   pjlib-x86_64-x64-vc14-debug-dynamic:sock_common.obj
 0001:00042340       pj_sockaddr_parse2         0000000140043340 f   pjlib-x86_64-x64-vc14-debug-dynamic:sock_common.obj
 0001:00042890       pj_gethostaddr             0000000140043890 f   pjlib-x86_64-x64-vc14-debug-dynamic:sock_common.obj
 0001:000428e0       pj_sock_bind_random        00000001400438e0 f   pjlib-x86_64-x64-vc14-debug-dynamic:sock_common.obj
 0001:00042a60       pj_sock_setsockopt_sobuf   0000000140043a60 f   pjlib-x86_64-x64-vc14-debug-dynamic:sock_common.obj
 0001:00042c80       pj_addr_str_print          0000000140043c80 f   pjlib-x86_64-x64-vc14-debug-dynamic:sock_common.obj
 0001:00042f10       pj_gethostip               0000000140043f10 f   pjlib-x86_64-x64-vc14-debug-dynamic:sock_common.obj
 0001:00043a60       pj_getipinterface          0000000140044a60 f   pjlib-x86_64-x64-vc14-debug-dynamic:sock_common.obj
 0001:00043ce0       pj_getdefaultipinterface   0000000140044ce0 f   pjlib-x86_64-x64-vc14-debug-dynamic:sock_common.obj
 0001:000448b0       pj_list_insert_before      00000001400458b0 f   pjlib-x86_64-x64-vc14-debug-dynamic:list.obj
 0001:000448e0       pj_list_insert_nodes_before 00000001400458e0 f   pjlib-x86_64-x64-vc14-debug-dynamic:list.obj
 0001:00044910       pj_list_insert_after       0000000140045910 f   pjlib-x86_64-x64-vc14-debug-dynamic:list.obj
 0001:00044960       pj_list_insert_nodes_after 0000000140045960 f   pjlib-x86_64-x64-vc14-debug-dynamic:list.obj
 0001:000449c0       pj_list_merge_first        00000001400459c0 f   pjlib-x86_64-x64-vc14-debug-dynamic:list.obj
 0001:00044a20       pj_list_merge_last         0000000140045a20 f   pjlib-x86_64-x64-vc14-debug-dynamic:list.obj
 0001:00044a80       pj_list_erase              0000000140045a80 f   pjlib-x86_64-x64-vc14-debug-dynamic:list.obj
 0001:00044ac0       pj_list_find_node          0000000140045ac0 f   pjlib-x86_64-x64-vc14-debug-dynamic:list.obj
 0001:00044b30       pj_list_search             0000000140045b30 f   pjlib-x86_64-x64-vc14-debug-dynamic:list.obj
 0001:00044bb0       pj_list_size               0000000140045bb0 f   pjlib-x86_64-x64-vc14-debug-dynamic:list.obj
 0001:00044d60       pj_gettimeofday            0000000140045d60 f   pjlib-x86_64-x64-vc14-debug-dynamic:os_time_win32.obj
 0001:00044e20       pj_time_decode             0000000140045e20 f   pjlib-x86_64-x64-vc14-debug-dynamic:os_time_win32.obj
 0001:00044f20       pj_time_encode             0000000140045f20 f   pjlib-x86_64-x64-vc14-debug-dynamic:os_time_win32.obj
 0001:000451f0       pj_ioqueue_name            00000001400461f0 f   pjlib-x86_64-x64-vc14-debug-dynamic:ioqueue_select.obj
 0001:00045200       pj_ioqueue_create          0000000140046200 f   pjlib-x86_64-x64-vc14-debug-dynamic:ioqueue_select.obj
 0001:000454f0       pj_ioqueue_destroy         00000001400464f0 f   pjlib-x86_64-x64-vc14-debug-dynamic:ioqueue_select.obj
 0001:00045630       pj_ioqueue_set_lock        0000000140046630 f   pjlib-x86_64-x64-vc14-debug-dynamic:ioqueue_select.obj
 0001:000456e0       pj_ioqueue_set_default_concurrency 00000001400466e0 f   pjlib-x86_64-x64-vc14-debug-dynamic:ioqueue_select.obj
 0001:00045740       pj_ioqueue_register_sock   0000000140046740 f   pjlib-x86_64-x64-vc14-debug-dynamic:ioqueue_select.obj
 0001:000457a0       pj_ioqueue_register_sock2  00000001400467a0 f   pjlib-x86_64-x64-vc14-debug-dynamic:ioqueue_select.obj
 0001:00045a50       pj_ioqueue_unregister      0000000140046a50 f   pjlib-x86_64-x64-vc14-debug-dynamic:ioqueue_select.obj
 0001:00045c60       pj_ioqueue_get_user_data   0000000140046c60 f   pjlib-x86_64-x64-vc14-debug-dynamic:ioqueue_select.obj
 0001:00045cc0       pj_ioqueue_set_user_data   0000000140046cc0 f   pjlib-x86_64-x64-vc14-debug-dynamic:ioqueue_select.obj
 0001:00045d40       pj_ioqueue_set_concurrency 0000000140046d40 f   pjlib-x86_64-x64-vc14-debug-dynamic:ioqueue_select.obj
 0001:00045df0       pj_ioqueue_lock_key        0000000140046df0 f   pjlib-x86_64-x64-vc14-debug-dynamic:ioqueue_select.obj
 0001:00045e30       pj_ioqueue_trylock_key     0000000140046e30 f   pjlib-x86_64-x64-vc14-debug-dynamic:ioqueue_select.obj
 0001:00045e70       pj_ioqueue_unlock_key      0000000140046e70 f   pjlib-x86_64-x64-vc14-debug-dynamic:ioqueue_select.obj
 0001:00045eb0       pj_ioqueue_op_key_init     0000000140046eb0 f   pjlib-x86_64-x64-vc14-debug-dynamic:ioqueue_select.obj
 0001:00045ee0       pj_ioqueue_is_pending      0000000140046ee0 f   pjlib-x86_64-x64-vc14-debug-dynamic:ioqueue_select.obj
 0001:00045f30       pj_ioqueue_post_completion 0000000140046f30 f   pjlib-x86_64-x64-vc14-debug-dynamic:ioqueue_select.obj
 0001:00046110       pj_ioqueue_accept          0000000140047110 f   pjlib-x86_64-x64-vc14-debug-dynamic:ioqueue_select.obj
 0001:00046360       pj_ioqueue_connect         0000000140047360 f   pjlib-x86_64-x64-vc14-debug-dynamic:ioqueue_select.obj
 0001:000464c0       pj_ioqueue_poll            00000001400474c0 f   pjlib-x86_64-x64-vc14-debug-dynamic:ioqueue_select.obj
 0001:00046aa0       pj_ioqueue_recv            0000000140047aa0 f   pjlib-x86_64-x64-vc14-debug-dynamic:ioqueue_select.obj
 0001:00046cd0       pj_ioqueue_recvfrom        0000000140047cd0 f   pjlib-x86_64-x64-vc14-debug-dynamic:ioqueue_select.obj
 0001:00046f40       pj_ioqueue_send            0000000140047f40 f   pjlib-x86_64-x64-vc14-debug-dynamic:ioqueue_select.obj
 0001:00047180       pj_ioqueue_sendto          0000000140048180 f   pjlib-x86_64-x64-vc14-debug-dynamic:ioqueue_select.obj
 0001:000479f0       ioqueue_dispatch_write_event 00000001400489f0 f   pjlib-x86_64-x64-vc14-debug-dynamic:ioqueue_select.obj
 0001:00047ec0       ioqueue_dispatch_read_event 0000000140048ec0 f   pjlib-x86_64-x64-vc14-debug-dynamic:ioqueue_select.obj
 0001:00048260       ioqueue_dispatch_exception_event 0000000140049260 f   pjlib-x86_64-x64-vc14-debug-dynamic:ioqueue_select.obj
 0001:00049420       pj_ntohs                   000000014004a420 f   pjlib-x86_64-x64-vc14-debug-dynamic:sock_bsd.obj
 0001:00049440       pj_htons                   000000014004a440 f   pjlib-x86_64-x64-vc14-debug-dynamic:sock_bsd.obj
 0001:00049460       pj_ntohl                   000000014004a460 f   pjlib-x86_64-x64-vc14-debug-dynamic:sock_bsd.obj
 0001:00049480       pj_htonl                   000000014004a480 f   pjlib-x86_64-x64-vc14-debug-dynamic:sock_bsd.obj
 0001:000494a0       pj_inet_ntoa               000000014004a4a0 f   pjlib-x86_64-x64-vc14-debug-dynamic:sock_bsd.obj
 0001:000494e0       pj_inet_aton               000000014004a4e0 f   pjlib-x86_64-x64-vc14-debug-dynamic:sock_bsd.obj
 0001:00049610       pj_inet_pton               000000014004a610 f   pjlib-x86_64-x64-vc14-debug-dynamic:sock_bsd.obj
 0001:000498b0       pj_inet_ntop               000000014004a8b0 f   pjlib-x86_64-x64-vc14-debug-dynamic:sock_bsd.obj
 0001:00049b10       pj_gethostname             000000014004ab10 f   pjlib-x86_64-x64-vc14-debug-dynamic:sock_bsd.obj
 0001:00049ba0       pj_sock_socket             000000014004aba0 f   pjlib-x86_64-x64-vc14-debug-dynamic:sock_bsd.obj
 0001:00049d40       pj_sock_close              000000014004ad40 f   pjlib-x86_64-x64-vc14-debug-dynamic:sock_bsd.obj
 0001:00049dd0       pj_sock_bind               000000014004add0 f   pjlib-x86_64-x64-vc14-debug-dynamic:sock_bsd.obj
 0001:00049eb0       pj_sock_bind_in            000000014004aeb0 f   pjlib-x86_64-x64-vc14-debug-dynamic:sock_bsd.obj
 0001:00049f50       pj_sock_listen             000000014004af50 f   pjlib-x86_64-x64-vc14-debug-dynamic:sock_bsd.obj
 0001:00049fe0       pj_sock_accept             000000014004afe0 f   pjlib-x86_64-x64-vc14-debug-dynamic:sock_bsd.obj
 0001:0004a0c0       pj_sock_connect            000000014004b0c0 f   pjlib-x86_64-x64-vc14-debug-dynamic:sock_bsd.obj
 0001:0004a160       pj_sock_getpeername        000000014004b160 f   pjlib-x86_64-x64-vc14-debug-dynamic:sock_bsd.obj
 0001:0004a200       pj_sock_getsockname        000000014004b200 f   pjlib-x86_64-x64-vc14-debug-dynamic:sock_bsd.obj
 0001:0004a2a0       pj_sock_getsockopt         000000014004b2a0 f   pjlib-x86_64-x64-vc14-debug-dynamic:sock_bsd.obj
 0001:0004a3a0       pj_sock_setsockopt         000000014004b3a0 f   pjlib-x86_64-x64-vc14-debug-dynamic:sock_bsd.obj
 0001:0004a480       pj_sock_setsockopt_params  000000014004b480 f   pjlib-x86_64-x64-vc14-debug-dynamic:sock_bsd.obj
 0001:0004a5d0       pj_sock_recv               000000014004b5d0 f   pjlib-x86_64-x64-vc14-debug-dynamic:sock_bsd.obj
 0001:0004a6d0       pj_sock_recvfrom           000000014004b6d0 f   pjlib-x86_64-x64-vc14-debug-dynamic:sock_bsd.obj
 0001:0004a7e0       pj_sock_send               000000014004b7e0 f   pjlib-x86_64-x64-vc14-debug-dynamic:sock_bsd.obj
 0001:0004a8d0       pj_sock_sendto             000000014004b8d0 f   pjlib-x86_64-x64-vc14-debug-dynamic:sock_bsd.obj
 0001:0004a9d0       pj_sock_shutdown           000000014004b9d0 f   pjlib-x86_64-x64-vc14-debug-dynamic:sock_bsd.obj
 0001:0004b070       pj_file_exists             000000014004c070 f   pjlib-x86_64-x64-vc14-debug-dynamic:file_access_win32.obj
 0001:0004b110       pj_file_size               000000014004c110 f   pjlib-x86_64-x64-vc14-debug-dynamic:file_access_win32.obj
 0001:0004b1d0       pj_file_delete             000000014004c1d0 f   pjlib-x86_64-x64-vc14-debug-dynamic:file_access_win32.obj
 0001:0004b280       pj_file_move               000000014004c280 f   pjlib-x86_64-x64-vc14-debug-dynamic:file_access_win32.obj
 0001:0004b350       pj_file_getstat            000000014004c350 f   pjlib-x86_64-x64-vc14-debug-dynamic:file_access_win32.obj
 0001:0004ba90       pj_file_open               000000014004ca90 f   pjlib-x86_64-x64-vc14-debug-dynamic:file_io_win32.obj
 0001:0004bce0       pj_file_close              000000014004cce0 f   pjlib-x86_64-x64-vc14-debug-dynamic:file_io_win32.obj
 0001:0004bd50       pj_file_write              000000014004cd50 f   pjlib-x86_64-x64-vc14-debug-dynamic:file_io_win32.obj
 0001:0004be00       pj_file_read               000000014004ce00 f   pjlib-x86_64-x64-vc14-debug-dynamic:file_io_win32.obj
 0001:0004beb0       pj_file_setpos             000000014004ceb0 f   pjlib-x86_64-x64-vc14-debug-dynamic:file_io_win32.obj
 0001:0004bfa0       pj_file_getpos             000000014004cfa0 f   pjlib-x86_64-x64-vc14-debug-dynamic:file_io_win32.obj
 0001:0004c020       pj_file_flush              000000014004d020 f   pjlib-x86_64-x64-vc14-debug-dynamic:file_io_win32.obj
 0001:0004c320       pj_lock_create_simple_mutex 000000014004d320 f   pjlib-x86_64-x64-vc14-debug-dynamic:lock.obj
 0001:0004c360       pj_lock_create_recursive_mutex 000000014004d360 f   pjlib-x86_64-x64-vc14-debug-dynamic:lock.obj
 0001:0004c3a0       pj_lock_create_null_mutex  000000014004d3a0 f   pjlib-x86_64-x64-vc14-debug-dynamic:lock.obj
 0001:0004c410       pj_lock_create_semaphore   000000014004d410 f   pjlib-x86_64-x64-vc14-debug-dynamic:lock.obj
 0001:0004c520       pj_lock_acquire            000000014004d520 f   pjlib-x86_64-x64-vc14-debug-dynamic:lock.obj
 0001:0004c580       pj_lock_tryacquire         000000014004d580 f   pjlib-x86_64-x64-vc14-debug-dynamic:lock.obj
 0001:0004c5e0       pj_lock_release            000000014004d5e0 f   pjlib-x86_64-x64-vc14-debug-dynamic:lock.obj
 0001:0004c640       pj_lock_destroy            000000014004d640 f   pjlib-x86_64-x64-vc14-debug-dynamic:lock.obj
 0001:0004c6a0       pj_grp_lock_config_default 000000014004d6a0 f   pjlib-x86_64-x64-vc14-debug-dynamic:lock.obj
 0001:0004c6d0       pj_grp_lock_create         000000014004d6d0 f   pjlib-x86_64-x64-vc14-debug-dynamic:lock.obj
 0001:0004c8c0       pj_grp_lock_create_w_handler 000000014004d8c0 f   pjlib-x86_64-x64-vc14-debug-dynamic:lock.obj
 0001:0004c930       pj_grp_lock_destroy        000000014004d930 f   pjlib-x86_64-x64-vc14-debug-dynamic:lock.obj
 0001:0004c950       pj_grp_lock_replace        000000014004d950 f   pjlib-x86_64-x64-vc14-debug-dynamic:lock.obj
 0001:0004ca10       pj_grp_lock_acquire        000000014004da10 f   pjlib-x86_64-x64-vc14-debug-dynamic:lock.obj
 0001:0004ca30       pj_grp_lock_tryacquire     000000014004da30 f   pjlib-x86_64-x64-vc14-debug-dynamic:lock.obj
 0001:0004ca50       pj_grp_lock_release        000000014004da50 f   pjlib-x86_64-x64-vc14-debug-dynamic:lock.obj
 0001:0004ca70       pj_grp_lock_add_handler    000000014004da70 f   pjlib-x86_64-x64-vc14-debug-dynamic:lock.obj
 0001:0004cac0       pj_grp_lock_del_handler    000000014004dac0 f   pjlib-x86_64-x64-vc14-debug-dynamic:lock.obj
 0001:0004cb60       pj_grp_lock_add_ref        000000014004db60 f   pjlib-x86_64-x64-vc14-debug-dynamic:lock.obj
 0001:0004cb80       pj_grp_lock_dec_ref        000000014004db80 f   pjlib-x86_64-x64-vc14-debug-dynamic:lock.obj
 0001:0004cba0       pj_grp_lock_get_ref        000000014004dba0 f   pjlib-x86_64-x64-vc14-debug-dynamic:lock.obj
 0001:0004cbd0       pj_grp_lock_dump           000000014004dbd0 f   pjlib-x86_64-x64-vc14-debug-dynamic:lock.obj
 0001:0004cc20       pj_grp_lock_chain_lock     000000014004dc20 f   pjlib-x86_64-x64-vc14-debug-dynamic:lock.obj
 0001:0004cd10       pj_grp_lock_unchain_lock   000000014004dd10 f   pjlib-x86_64-x64-vc14-debug-dynamic:lock.obj
 0001:0004da10       pj_exception_id_alloc      000000014004ea10 f   pjlib-x86_64-x64-vc14-debug-dynamic:except.obj
 0001:0004da90       pj_exception_id_free       000000014004ea90 f   pjlib-x86_64-x64-vc14-debug-dynamic:except.obj
 0001:0004db10       pj_exception_id_name       000000014004eb10 f   pjlib-x86_64-x64-vc14-debug-dynamic:except.obj
 0001:0004dbc0       pj_throw_exception_        000000014004ebc0 f   pjlib-x86_64-x64-vc14-debug-dynamic:except.obj
 0001:0004dc60       pj_push_exception_handler_ 000000014004ec60 f   pjlib-x86_64-x64-vc14-debug-dynamic:except.obj
 0001:0004dd00       pj_pop_exception_handler_  000000014004ed00 f   pjlib-x86_64-x64-vc14-debug-dynamic:except.obj
 0001:0004de90       pj_get_timestamp           000000014004ee90 f   pjlib-x86_64-x64-vc14-debug-dynamic:os_timestamp_win32.obj
 0001:0004df10       pj_get_timestamp_freq      000000014004ef10 f   pjlib-x86_64-x64-vc14-debug-dynamic:os_timestamp_win32.obj
 0001:0004dfc0       pj_gettickcount            000000014004efc0 f   pjlib-x86_64-x64-vc14-debug-dynamic:os_timestamp_common.obj
 0001:0004e020       pj_elapsed_time            000000014004f020 f   pjlib-x86_64-x64-vc14-debug-dynamic:os_timestamp_common.obj
 0001:0004e0e0       pj_elapsed_msec            000000014004f0e0 f   pjlib-x86_64-x64-vc14-debug-dynamic:os_timestamp_common.obj
 0001:0004e110       pj_elapsed_msec64          000000014004f110 f   pjlib-x86_64-x64-vc14-debug-dynamic:os_timestamp_common.obj
 0001:0004e170       pj_elapsed_usec            000000014004f170 f   pjlib-x86_64-x64-vc14-debug-dynamic:os_timestamp_common.obj
 0001:0004e1a0       pj_elapsed_nanosec         000000014004f1a0 f   pjlib-x86_64-x64-vc14-debug-dynamic:os_timestamp_common.obj
 0001:0004e240       pj_elapsed_cycle           000000014004f240 f   pjlib-x86_64-x64-vc14-debug-dynamic:os_timestamp_common.obj
 0001:0004e510       pj_srand                   000000014004f510 f   pjlib-x86_64-x64-vc14-debug-dynamic:rand.obj
 0001:0004e540       pj_rand                    000000014004f540 f   pjlib-x86_64-x64-vc14-debug-dynamic:rand.obj
 0001:0004e5c0       pj_GUID_STRING_LENGTH      000000014004f5c0 f   pjlib-x86_64-x64-vc14-debug-dynamic:guid_win32.obj
 0001:0004e5d0       pj_generate_unique_string  000000014004f5d0 f   pjlib-x86_64-x64-vc14-debug-dynamic:guid_win32.obj
 0001:0004e7d0       pj_get_version             000000014004f7d0 f   pjlib-x86_64-x64-vc14-debug-dynamic:config.obj
 0001:0004e7e0       pj_dump_config             000000014004f7e0 f   pjlib-x86_64-x64-vc14-debug-dynamic:config.obj
 0001:0004eec0       pj_pool_create_on_buf      000000014004fec0 f   pjlib-x86_64-x64-vc14-debug-dynamic:pool_buf.obj
 0001:0004f1b0       pj_log_write               00000001400501b0 f   pjlib-x86_64-x64-vc14-debug-dynamic:log_writer_stdout.obj
 0001:0004f340       pj_enum_ip_interface       0000000140050340 f   pjlib-x86_64-x64-vc14-debug-dynamic:ip_helper_win32.obj
 0001:0004f480       pj_enum_ip_interface2      0000000140050480 f   pjlib-x86_64-x64-vc14-debug-dynamic:ip_helper_win32.obj
 0001:0004f4f0       pj_enum_ip_route           00000001400504f0 f   pjlib-x86_64-x64-vc14-debug-dynamic:ip_helper_win32.obj
 0001:00050410       pj_gethostbyname           0000000140051410 f   pjlib-x86_64-x64-vc14-debug-dynamic:addr_resolv_sock.obj
 0001:00050580       pj_getaddrinfo             0000000140051580 f   pjlib-x86_64-x64-vc14-debug-dynamic:addr_resolv_sock.obj
 0001:00050960       pj_time_val_normalize      0000000140051960 f   pjlib-x86_64-x64-vc14-debug-dynamic:types.obj
 0001:00050ad0       PJ_FD_ZERO                 0000000140051ad0 f   pjlib-x86_64-x64-vc14-debug-dynamic:sock_select.obj
 0001:00050b20       PJ_FD_COUNT                0000000140051b20 f   pjlib-x86_64-x64-vc14-debug-dynamic:sock_select.obj
 0001:00050b40       PJ_FD_SET                  0000000140051b40 f   pjlib-x86_64-x64-vc14-debug-dynamic:sock_select.obj
 0001:00050c80       PJ_FD_CLR                  0000000140051c80 f   pjlib-x86_64-x64-vc14-debug-dynamic:sock_select.obj
 0001:00050de0       PJ_FD_ISSET                0000000140051de0 f   pjlib-x86_64-x64-vc14-debug-dynamic:sock_select.obj
 0001:00050e40       pj_sock_select             0000000140051e40 f   pjlib-x86_64-x64-vc14-debug-dynamic:sock_select.obj
 0001:000510a0       res_SrcLinear              00000001400520a0 f   libresample-x86_64-x64-vc14-debug-dynamic:resamplesubs.obj
 0001:000510e0       res_Resample               00000001400520e0 f   libresample-x86_64-x64-vc14-debug-dynamic:resamplesubs.obj
 0001:000512b0       res_GetXOFF                00000001400522b0 f   libresample-x86_64-x64-vc14-debug-dynamic:resamplesubs.obj
 0001:000521f0       speex_echo_state_init      00000001400531f0 f   libspeex-x86_64-x64-vc14-debug-dynamic:mdf.obj
 0001:00052220       speex_echo_state_init_mc   0000000140053220 f   libspeex-x86_64-x64-vc14-debug-dynamic:mdf.obj
 0001:00052a70       speex_echo_state_destroy   0000000140053a70 f   libspeex-x86_64-x64-vc14-debug-dynamic:mdf.obj
 0001:00052c50       speex_echo_cancellation    0000000140053c50 f   libspeex-x86_64-x64-vc14-debug-dynamic:mdf.obj
 0001:00055660       speex_echo_cancel          0000000140056660 f   libspeex-x86_64-x64-vc14-debug-dynamic:mdf.obj
 0001:000556a0       speex_echo_capture         00000001400566a0 f   libspeex-x86_64-x64-vc14-debug-dynamic:mdf.obj
 0001:00055840       speex_echo_playback        0000000140056840 f   libspeex-x86_64-x64-vc14-debug-dynamic:mdf.obj
 0001:00055a00       speex_echo_state_reset     0000000140056a00 f   libspeex-x86_64-x64-vc14-debug-dynamic:mdf.obj
 0001:00055dd0       speex_echo_ctl             0000000140056dd0 f   libspeex-x86_64-x64-vc14-debug-dynamic:mdf.obj
 0001:000560e0       speex_echo_get_residual    00000001400570e0 f   libspeex-x86_64-x64-vc14-debug-dynamic:mdf.obj
 0001:000580d0       speex_decorrelate_new      00000001400590d0 f   libspeex-x86_64-x64-vc14-debug-dynamic:scal.obj
 0001:00058350       speex_decorrelate          0000000140059350 f   libspeex-x86_64-x64-vc14-debug-dynamic:scal.obj
 0001:00058c40       speex_decorrelate_destroy  0000000140059c40 f   libspeex-x86_64-x64-vc14-debug-dynamic:scal.obj
 0001:000590f0       speex_preprocess_state_init 000000014005a0f0 f   libspeex-x86_64-x64-vc14-debug-dynamic:preprocess.obj
 0001:00059a30       speex_preprocess_state_destroy 000000014005aa30 f   libspeex-x86_64-x64-vc14-debug-dynamic:preprocess.obj
 0001:00059be0       speex_preprocess_run       000000014005abe0 f   libspeex-x86_64-x64-vc14-debug-dynamic:preprocess.obj
 0001:0005b6b0       speex_preprocess           000000014005c6b0 f   libspeex-x86_64-x64-vc14-debug-dynamic:preprocess.obj
 0001:0005b6e0       speex_preprocess_estimate_update 000000014005c6e0 f   libspeex-x86_64-x64-vc14-debug-dynamic:preprocess.obj
 0001:0005b950       speex_preprocess_ctl       000000014005c950 f   libspeex-x86_64-x64-vc14-debug-dynamic:preprocess.obj
 0001:0005e5b0       spx_fft_init               000000014005f5b0 f   libspeex-x86_64-x64-vc14-debug-dynamic:fftwrap.obj
 0001:0005e5f0       spx_fft_destroy            000000014005f5f0 f   libspeex-x86_64-x64-vc14-debug-dynamic:fftwrap.obj
 0001:0005e620       spx_fft                    000000014005f620 f   libspeex-x86_64-x64-vc14-debug-dynamic:fftwrap.obj
 0001:0005e760       spx_ifft                   000000014005f760 f   libspeex-x86_64-x64-vc14-debug-dynamic:fftwrap.obj
 0001:0005e810       spx_fft_float              000000014005f810 f   libspeex-x86_64-x64-vc14-debug-dynamic:fftwrap.obj
 0001:0005e850       spx_ifft_float             000000014005f850 f   libspeex-x86_64-x64-vc14-debug-dynamic:fftwrap.obj
 0001:0005e950       filterbank_new             000000014005f950 f   libspeex-x86_64-x64-vc14-debug-dynamic:filterbank.obj
 0001:0005ee60       filterbank_destroy         000000014005fe60 f   libspeex-x86_64-x64-vc14-debug-dynamic:filterbank.obj
 0001:0005eed0       filterbank_compute_bank32  000000014005fed0 f   libspeex-x86_64-x64-vc14-debug-dynamic:filterbank.obj
 0001:0005f000       filterbank_compute_psd16   0000000140060000 f   libspeex-x86_64-x64-vc14-debug-dynamic:filterbank.obj
 0001:0005f0f0       filterbank_compute_bank    00000001400600f0 f   libspeex-x86_64-x64-vc14-debug-dynamic:filterbank.obj
 0001:0005f270       filterbank_compute_psd     0000000140060270 f   libspeex-x86_64-x64-vc14-debug-dynamic:filterbank.obj
 0001:0005f3b0       filterbank_psy_smooth      00000001400603b0 f   libspeex-x86_64-x64-vc14-debug-dynamic:filterbank.obj
 0001:0005f7e0       spx_drft_forward           00000001400607e0 f   libspeex-x86_64-x64-vc14-debug-dynamic:smallft.obj
 0001:0005f850       spx_drft_backward          0000000140060850 f   libspeex-x86_64-x64-vc14-debug-dynamic:smallft.obj
 0001:0005f8c0       spx_drft_init              00000001400608c0 f   libspeex-x86_64-x64-vc14-debug-dynamic:smallft.obj
 0001:0005f930       spx_drft_clear             0000000140060930 f   libspeex-x86_64-x64-vc14-debug-dynamic:smallft.obj
 0001:00066d00       srtp_init                  0000000140067d00 f   libsrtp-x86_64-x64-vc14-debug-dynamic:srtp.obj
 0001:00066d50       srtp_shutdown              0000000140067d50 f   libsrtp-x86_64-x64-vc14-debug-dynamic:srtp.obj
 0001:00066d80       srtp_protect               0000000140067d80 f   libsrtp-x86_64-x64-vc14-debug-dynamic:srtp.obj
 0001:00066dc0       srtp_protect_mki           0000000140067dc0 f   libsrtp-x86_64-x64-vc14-debug-dynamic:srtp.obj
 0001:000677e0       srtp_unprotect             00000001400687e0 f   libsrtp-x86_64-x64-vc14-debug-dynamic:srtp.obj
 0001:00067820       srtp_unprotect_mki         0000000140068820 f   libsrtp-x86_64-x64-vc14-debug-dynamic:srtp.obj
[...]
 0003:000295a0       __scrt_native_startup_lock 00000001400cb5a0     MSVCRTD:utility.obj
 0003:000295f0       ?__type_info_root_node@@3U__type_info_node@@A 00000001400cb5f0     MSVCRTD:tncleanup.obj
 0003:00029608       ?_OptionsStorage@?1??__local_stdio_printf_options@@9@4_KA 00000001400cb608     MSVCRTD:default_local_stdio_options.obj
 0003:00029618       ?_OptionsStorage@?1??__local_stdio_scanf_options@@9@4_KA 00000001400cb618     MSVCRTD:default_local_stdio_options.obj
 0003:00029624       __scrt_debugger_hook_flag  00000001400cb624     MSVCRTD:utility_desktop.obj
 0003:00029628       __favor                    00000001400cb628     MSVCRTD:_cpu_disp_.obj
 0003:00029630       ?_OptionsStorage@?1??__local_stdio_printf_options@@9@9 00000001400cb630     <common>
 0003:00029644       PJ_NO_MEMORY_EXCEPTION     00000001400cb644     <common>
 0003:00029660       bit_string                 00000001400cb660     <common>
 0003:00029b38       ?_OptionsStorage@?1??__local_stdio_scanf_options@@9@9 00000001400cbb38     <common>
 0003:00029b50       __dyn_tls_dtor_callback    00000001400cbb50     <common>
 0003:00029b68       __dyn_tls_init_callback    00000001400cbb68     <common>
 0005:00000000       __imp_GetFileSize          00000001400d0000     kernel32:KERNEL32.dll
 0005:00000008       __imp_GetModuleHandleW     00000001400d0008     kernel32:KERNEL32.dll
 0005:00000010       __imp_GetStartupInfoW      00000001400d0010     kernel32:KERNEL32.dll
 0005:00000018       __imp_IsDebuggerPresent    00000001400d0018     kernel32:KERNEL32.dll
 0005:00000020       __imp_InitializeSListHead  00000001400d0020     kernel32:KERNEL32.dll
 0005:00000028       __imp_GetSystemTimeAsFileTime 00000001400d0028     kernel32:KERNEL32.dll
 0005:00000030       __imp_IsProcessorFeaturePresent 00000001400d0030     kernel32:KERNEL32.dll
 0005:00000038       __imp_TerminateProcess     00000001400d0038     kernel32:KERNEL32.dll
 0005:00000040       __imp_GetCurrentProcess    00000001400d0040     kernel32:KERNEL32.dll
 0005:00000048       __imp_SetUnhandledExceptionFilter 00000001400d0048     kernel32:KERNEL32.dll
 0005:00000050       __imp_UnhandledExceptionFilter 00000001400d0050     kernel32:KERNEL32.dll
 0005:00000058       __imp_RtlVirtualUnwind     00000001400d0058     kernel32:KERNEL32.dll
 0005:00000060       __imp_RtlLookupFunctionEntry 00000001400d0060     kernel32:KERNEL32.dll
 0005:00000068       __imp_RtlCaptureContext    00000001400d0068     kernel32:KERNEL32.dll
 0005:00000070       __imp_LoadLibraryA         00000001400d0070     kernel32:KERNEL32.dll
 0005:00000078       __imp_GetProcAddress       00000001400d0078     kernel32:KERNEL32.dll
 0005:00000080       __imp_FreeLibrary          00000001400d0080     kernel32:KERNEL32.dll
 0005:00000088       __imp_QueryPerformanceFrequency 00000001400d0088     kernel32:KERNEL32.dll
 0005:00000090       __imp_QueryPerformanceCounter 00000001400d0090     kernel32:KERNEL32.dll
 0005:00000098       __imp_WriteFile            00000001400d0098     kernel32:KERNEL32.dll
 0005:000000a0       __imp_SetFilePointer       00000001400d00a0     kernel32:KERNEL32.dll
 0005:000000a8       __imp_ReadFile             00000001400d00a8     kernel32:KERNEL32.dll
 0005:000000b0       __imp_FlushFileBuffers     00000001400d00b0     kernel32:KERNEL32.dll
 0005:000000b8       __imp_MoveFileExA          00000001400d00b8     kernel32:KERNEL32.dll
 0005:000000c0       __imp_GetFileTime          00000001400d00c0     kernel32:KERNEL32.dll
 0005:000000c8       __imp_FileTimeToLocalFileTime 00000001400d00c8     kernel32:KERNEL32.dll
 0005:000000d0       __imp_DeleteFileA          00000001400d00d0     kernel32:KERNEL32.dll
 0005:000000d8       __imp_CreateFileA          00000001400d00d8     kernel32:KERNEL32.dll
 0005:000000e0       __imp_SystemTimeToFileTime 00000001400d00e0     kernel32:KERNEL32.dll
 0005:000000e8       __imp_FileTimeToSystemTime 00000001400d00e8     kernel32:KERNEL32.dll
 0005:000000f0       __imp_GetLocalTime         00000001400d00f0     kernel32:KERNEL32.dll
 0005:000000f8       __imp_FormatMessageA       00000001400d00f8     kernel32:KERNEL32.dll
 0005:00000100       __imp_SetLastError         00000001400d0100     kernel32:KERNEL32.dll
 0005:00000108       __imp_SetConsoleTextAttribute 00000001400d0108     kernel32:KERNEL32.dll
 0005:00000110       __imp_GetConsoleScreenBufferInfo 00000001400d0110     kernel32:KERNEL32.dll
 0005:00000118       __imp_CreateSemaphoreA     00000001400d0118     kernel32:KERNEL32.dll
 0005:00000120       __imp_PulseEvent           00000001400d0120     kernel32:KERNEL32.dll
 0005:00000128       __imp_TlsFree              00000001400d0128     kernel32:KERNEL32.dll
 0005:00000130       __imp_TlsSetValue          00000001400d0130     kernel32:KERNEL32.dll
 0005:00000138       __imp_TlsGetValue          00000001400d0138     kernel32:KERNEL32.dll
 0005:00000140       __imp_TlsAlloc             00000001400d0140     kernel32:KERNEL32.dll
 0005:00000148       __imp_ResumeThread         00000001400d0148     kernel32:KERNEL32.dll
 0005:00000150       __imp_GetThreadPriority    00000001400d0150     kernel32:KERNEL32.dll
 0005:00000158       __imp_GetCurrentThreadId   00000001400d0158     kernel32:KERNEL32.dll
 0005:00000160       __imp_CreateThread         00000001400d0160     kernel32:KERNEL32.dll
 0005:00000168       __imp_GetCurrentProcessId  00000001400d0168     kernel32:KERNEL32.dll
 0005:00000170       __imp_Sleep                00000001400d0170     kernel32:KERNEL32.dll
 0005:00000178       __imp_WaitForSingleObject  00000001400d0178     kernel32:KERNEL32.dll
 0005:00000180       __imp_ReleaseSemaphore     00000001400d0180     kernel32:KERNEL32.dll
 0005:00000188       __imp_ResetEvent           00000001400d0188     kernel32:KERNEL32.dll
 0005:00000190       __imp_DeleteCriticalSection 00000001400d0190     kernel32:KERNEL32.dll
 0005:00000198       __imp_TryEnterCriticalSection 00000001400d0198     kernel32:KERNEL32.dll
 0005:000001a0       __imp_LeaveCriticalSection 00000001400d01a0     kernel32:KERNEL32.dll
 0005:000001a8       __imp_EnterCriticalSection 00000001400d01a8     kernel32:KERNEL32.dll
 0005:000001b0       __imp_InitializeCriticalSection 00000001400d01b0     kernel32:KERNEL32.dll
 0005:000001b8       __imp_GetLastError         00000001400d01b8     kernel32:KERNEL32.dll
 0005:000001c0       __imp_GetStdHandle         00000001400d01c0     kernel32:KERNEL32.dll
 0005:000001c8       __imp_WaitForMultipleObjects 00000001400d01c8     kernel32:KERNEL32.dll
 0005:000001d0       __imp_SetThreadPriority    00000001400d01d0     kernel32:KERNEL32.dll
 0005:000001d8       __imp_GetCurrentThread     00000001400d01d8     kernel32:KERNEL32.dll
 0005:000001e0       __imp_CloseHandle          00000001400d01e0     kernel32:KERNEL32.dll
 0005:000001e8       __imp_SetEvent             00000001400d01e8     kernel32:KERNEL32.dll
 0005:000001f0       __imp_CreateEventA         00000001400d01f0     kernel32:KERNEL32.dll
 0005:000001f8       \177KERNEL32_NULL_THUNK_DATA 00000001400d01f8     kernel32:KERNEL32.dll
 0005:000002b0       __imp_memset               00000001400d02b0     vcruntimed:VCRUNTIME140D.dll
 0005:000002b8       __imp_memmove              00000001400d02b8     vcruntimed:VCRUNTIME140D.dll
 0005:000002c0       __imp_memchr               00000001400d02c0     vcruntimed:VCRUNTIME140D.dll
 0005:000002c8       __imp_strchr               00000001400d02c8     vcruntimed:VCRUNTIME140D.dll
 0005:000002d0       __imp_memcmp               00000001400d02d0     vcruntimed:VCRUNTIME140D.dll
 0005:000002d8       __imp_longjmp              00000001400d02d8     vcruntimed:VCRUNTIME140D.dll
 0005:000002e0       __imp___C_specific_handler 00000001400d02e0     vcruntimed:VCRUNTIME140D.dll
 0005:000002e8       __imp___intrinsic_setjmp   00000001400d02e8     vcruntimed:VCRUNTIME140D.dll
 0005:000002f0       __imp___std_type_info_destroy_list 00000001400d02f0     vcruntimed:VCRUNTIME140D.dll
 0005:000002f8       __imp_memcpy               00000001400d02f8     vcruntimed:VCRUNTIME140D.dll
 0005:00000300       \177VCRUNTIME140D_NULL_THUNK_DATA 00000001400d0300     vcruntimed:VCRUNTIME140D.dll
 0005:00000368       __imp_waveOutReset         00000001400d0368     winmm:WINMM.dll
 0005:00000370       __imp_waveOutRestart       00000001400d0370     winmm:WINMM.dll
 0005:00000378       __imp_waveOutPause         00000001400d0378     winmm:WINMM.dll
 0005:00000380       __imp_waveOutWrite         00000001400d0380     winmm:WINMM.dll
 0005:00000388       __imp_waveOutUnprepareHeader 00000001400d0388     winmm:WINMM.dll
 0005:00000390       __imp_waveOutPrepareHeader 00000001400d0390     winmm:WINMM.dll
 0005:00000398       __imp_waveInGetNumDevs     00000001400d0398     winmm:WINMM.dll
 0005:000003a0       __imp_waveOutOpen          00000001400d03a0     winmm:WINMM.dll
 0005:000003a8       __imp_waveOutSetVolume     00000001400d03a8     winmm:WINMM.dll
 0005:000003b0       __imp_waveOutGetVolume     00000001400d03b0     winmm:WINMM.dll
 0005:000003b8       __imp_waveOutGetDevCapsA   00000001400d03b8     winmm:WINMM.dll
 0005:000003c0       __imp_waveOutGetNumDevs    00000001400d03c0     winmm:WINMM.dll
 0005:000003c8       __imp_waveInGetErrorTextA  00000001400d03c8     winmm:WINMM.dll
 0005:000003d0       __imp_waveOutGetErrorTextA 00000001400d03d0     winmm:WINMM.dll
 0005:000003d8       __imp_waveInGetDevCapsA    00000001400d03d8     winmm:WINMM.dll
 0005:000003e0       __imp_waveInOpen           00000001400d03e0     winmm:WINMM.dll
 0005:000003e8       __imp_waveInClose          00000001400d03e8     winmm:WINMM.dll
 0005:000003f0       __imp_waveInPrepareHeader  00000001400d03f0     winmm:WINMM.dll
 0005:000003f8       __imp_waveInUnprepareHeader 00000001400d03f8     winmm:WINMM.dll
 0005:00000400       __imp_waveInAddBuffer      00000001400d0400     winmm:WINMM.dll
 0005:00000408       __imp_waveInStart          00000001400d0408     winmm:WINMM.dll
 0005:00000410       __imp_waveInStop           00000001400d0410     winmm:WINMM.dll
 0005:00000418       __imp_waveInReset          00000001400d0418     winmm:WINMM.dll
 0005:00000420       __imp_waveOutClose         00000001400d0420     winmm:WINMM.dll
 0005:00000428       \177WINMM_NULL_THUNK_DATA  00000001400d0428     winmm:WINMM.dll
 0005:000004a0       __imp_accept               00000001400d04a0     ws2_32:WS2_32.dll
 0005:000004a8       __imp_sendto               00000001400d04a8     ws2_32:WS2_32.dll
 0005:000004b0       __imp_send                 00000001400d04b0     ws2_32:WS2_32.dll
 0005:000004b8       __imp_recvfrom             00000001400d04b8     ws2_32:WS2_32.dll
 0005:000004c0       __imp_recv                 00000001400d04c0     ws2_32:WS2_32.dll
 0005:000004c8       __imp_ntohs                00000001400d04c8     ws2_32:WS2_32.dll
 0005:000004d0       __imp_ntohl                00000001400d04d0     ws2_32:WS2_32.dll
 0005:000004d8       __imp_listen               00000001400d04d8     ws2_32:WS2_32.dll
 0005:000004e0       __imp_inet_ntoa            00000001400d04e0     ws2_32:WS2_32.dll
 0005:000004e8       __imp_inet_addr            00000001400d04e8     ws2_32:WS2_32.dll
 0005:000004f0       __imp_htons                00000001400d04f0     ws2_32:WS2_32.dll
 0005:000004f8       __imp_htonl                00000001400d04f8     ws2_32:WS2_32.dll
 0005:00000500       __imp_getsockopt           00000001400d0500     ws2_32:WS2_32.dll
 0005:00000508       __imp_getsockname          00000001400d0508     ws2_32:WS2_32.dll
 0005:00000510       __imp_getpeername          00000001400d0510     ws2_32:WS2_32.dll
 0005:00000518       __imp_connect              00000001400d0518     ws2_32:WS2_32.dll
 0005:00000520       __imp_closesocket          00000001400d0520     ws2_32:WS2_32.dll
 0005:00000528       __imp_bind                 00000001400d0528     ws2_32:WS2_32.dll
 0005:00000530       __imp_setsockopt           00000001400d0530     ws2_32:WS2_32.dll
 0005:00000538       __imp_ioctlsocket          00000001400d0538     ws2_32:WS2_32.dll
 0005:00000540       __imp_WSASetLastError      00000001400d0540     ws2_32:WS2_32.dll
 0005:00000548       __imp_WSAGetLastError      00000001400d0548     ws2_32:WS2_32.dll
 0005:00000550       __imp_WSACleanup           00000001400d0550     ws2_32:WS2_32.dll
 0005:00000558       __imp_WSAStartup           00000001400d0558     ws2_32:WS2_32.dll
 0005:00000560       __imp_shutdown             00000001400d0560     ws2_32:WS2_32.dll
 0005:00000568       __imp_gethostname          00000001400d0568     ws2_32:WS2_32.dll
 0005:00000570       __imp_WSAIoctl             00000001400d0570     ws2_32:WS2_32.dll
 0005:00000578       __imp_WSASocketA           00000001400d0578     ws2_32:WS2_32.dll
 0005:00000580       __imp_WSAAddressToStringA  00000001400d0580     ws2_32:WS2_32.dll
 0005:00000588       __imp_WSAStringToAddressA  00000001400d0588     ws2_32:WS2_32.dll
 0005:00000590       __imp_gethostbyname        00000001400d0590     ws2_32:WS2_32.dll
 0005:00000598       __imp___WSAFDIsSet         00000001400d0598     ws2_32:WS2_32.dll
 0005:000005a0       __imp_select               00000001400d05a0     ws2_32:WS2_32.dll
 0005:000005a8       \177WS2_32_NULL_THUNK_DATA 00000001400d05a8     ws2_32:WS2_32.dll
 0005:00000630       __imp_CoCreateGuid         00000001400d0630     ole32:ole32.dll
 0005:00000638       \177ole32_NULL_THUNK_DATA  00000001400d0638     ole32:ole32.dll
 0005:00000690       __imp_strcat               00000001400d0690     ucrtd:ucrtbased.dll
 0005:00000698       __imp___acrt_iob_func      00000001400d0698     ucrtd:ucrtbased.dll
 0005:000006a0       __imp_fflush               00000001400d06a0     ucrtd:ucrtbased.dll
 0005:000006a8       __imp_fgets                00000001400d06a8     ucrtd:ucrtbased.dll
 0005:000006b0       __imp_puts                 00000001400d06b0     ucrtd:ucrtbased.dll
 0005:000006b8       __imp___stdio_common_vfprintf 00000001400d06b8     ucrtd:ucrtbased.dll
 0005:000006c0       __imp___stdio_common_vsprintf 00000001400d06c0     ucrtd:ucrtbased.dll
 0005:000006c8       __imp_strtol               00000001400d06c8     ucrtd:ucrtbased.dll
 0005:000006d0       __imp__wassert             00000001400d06d0     ucrtd:ucrtbased.dll
 0005:000006d8       __imp_strlen               00000001400d06d8     ucrtd:ucrtbased.dll
 0005:000006e0       __imp_strcpy               00000001400d06e0     ucrtd:ucrtbased.dll
 0005:000006e8       __imp_strncpy              00000001400d06e8     ucrtd:ucrtbased.dll
 0005:000006f0       __imp__stricmp             00000001400d06f0     ucrtd:ucrtbased.dll
 0005:000006f8       __imp_isdigit              00000001400d06f8     ucrtd:ucrtbased.dll
 0005:00000700       __imp_cos                  00000001400d0700     ucrtd:ucrtbased.dll
 0005:00000708       __imp_strcmp               00000001400d0708     ucrtd:ucrtbased.dll
 0005:00000710       __imp_strncmp              00000001400d0710     ucrtd:ucrtbased.dll
 0005:00000718       __imp_isxdigit             00000001400d0718     ucrtd:ucrtbased.dll
 0005:00000720       __imp__strnicmp            00000001400d0720     ucrtd:ucrtbased.dll
 0005:00000728       __imp_free                 00000001400d0728     ucrtd:ucrtbased.dll
 0005:00000730       __imp_malloc               00000001400d0730     ucrtd:ucrtbased.dll
 0005:00000738       __imp_isspace              00000001400d0738     ucrtd:ucrtbased.dll
 0005:00000740       __imp_fmod                 00000001400d0740     ucrtd:ucrtbased.dll
 0005:00000748       __imp_srand                00000001400d0748     ucrtd:ucrtbased.dll
 0005:00000750       __imp_rand                 00000001400d0750     ucrtd:ucrtbased.dll
 0005:00000758       __imp_calloc               00000001400d0758     ucrtd:ucrtbased.dll
 0005:00000760       __imp_exp                  00000001400d0760     ucrtd:ucrtbased.dll
 0005:00000768       __imp_sqrt                 00000001400d0768     ucrtd:ucrtbased.dll
 0005:00000770       __imp_floor                00000001400d0770     ucrtd:ucrtbased.dll
 0005:00000778       __imp_pow                  00000001400d0778     ucrtd:ucrtbased.dll
 0005:00000780       __imp_sin                  00000001400d0780     ucrtd:ucrtbased.dll
 0005:00000788       __imp_fabs                 00000001400d0788     ucrtd:ucrtbased.dll
 0005:00000790       __imp_log                  00000001400d0790     ucrtd:ucrtbased.dll
 0005:00000798       __imp_atan                 00000001400d0798     ucrtd:ucrtbased.dll
 0005:000007a0       __imp___stdio_common_vsscanf 00000001400d07a0     ucrtd:ucrtbased.dll
 0005:000007a8       __imp_clock                00000001400d07a8     ucrtd:ucrtbased.dll
 0005:000007b0       __imp_exit                 00000001400d07b0     ucrtd:ucrtbased.dll
 0005:000007b8       __imp__seh_filter_exe      00000001400d07b8     ucrtd:ucrtbased.dll
 0005:000007c0       __imp__set_app_type        00000001400d07c0     ucrtd:ucrtbased.dll
 0005:000007c8       __imp___setusermatherr     00000001400d07c8     ucrtd:ucrtbased.dll
 0005:000007d0       __imp__configure_narrow_argv 00000001400d07d0     ucrtd:ucrtbased.dll
 0005:000007d8       __imp__initialize_narrow_environment 00000001400d07d8     ucrtd:ucrtbased.dll
 0005:000007e0       __imp__get_initial_narrow_environment 00000001400d07e0     ucrtd:ucrtbased.dll
 0005:000007e8       __imp__initterm            00000001400d07e8     ucrtd:ucrtbased.dll
 0005:000007f0       __imp__initterm_e          00000001400d07f0     ucrtd:ucrtbased.dll
 0005:000007f8       __imp__exit                00000001400d07f8     ucrtd:ucrtbased.dll
 0005:00000800       __imp__set_fmode           00000001400d0800     ucrtd:ucrtbased.dll
 0005:00000808       __imp___p___argc           00000001400d0808     ucrtd:ucrtbased.dll
 0005:00000810       __imp___p___argv           00000001400d0810     ucrtd:ucrtbased.dll
 0005:00000818       __imp__cexit               00000001400d0818     ucrtd:ucrtbased.dll
 0005:00000820       __imp__c_exit              00000001400d0820     ucrtd:ucrtbased.dll
 0005:00000828       __imp__register_thread_local_exe_atexit_callback 00000001400d0828     ucrtd:ucrtbased.dll
 0005:00000830       __imp__configthreadlocale  00000001400d0830     ucrtd:ucrtbased.dll
 0005:00000838       __imp__set_new_mode        00000001400d0838     ucrtd:ucrtbased.dll
 0005:00000840       __imp___p__commode         00000001400d0840     ucrtd:ucrtbased.dll
 0005:00000848       __imp__seh_filter_dll      00000001400d0848     ucrtd:ucrtbased.dll
 0005:00000850       __imp__initialize_onexit_table 00000001400d0850     ucrtd:ucrtbased.dll
 0005:00000858       __imp__register_onexit_function 00000001400d0858     ucrtd:ucrtbased.dll
 0005:00000860       __imp__execute_onexit_table 00000001400d0860     ucrtd:ucrtbased.dll
 0005:00000868       __imp__crt_atexit          00000001400d0868     ucrtd:ucrtbased.dll
 0005:00000870       __imp__crt_at_quick_exit   00000001400d0870     ucrtd:ucrtbased.dll
 0005:00000878       __imp_terminate            00000001400d0878     ucrtd:ucrtbased.dll
 0005:00000880       \177ucrtbased_NULL_THUNK_DATA 00000001400d0880     ucrtd:ucrtbased.dll
 0005:00000938       __IMPORT_DESCRIPTOR_ole32  00000001400d0938     ole32:ole32.dll
 0005:0000094c       __IMPORT_DESCRIPTOR_WS2_32 00000001400d094c     ws2_32:WS2_32.dll
 0005:00000960       __IMPORT_DESCRIPTOR_WINMM  00000001400d0960     winmm:WINMM.dll
 0005:00000974       __IMPORT_DESCRIPTOR_KERNEL32 00000001400d0974     kernel32:KERNEL32.dll
 0005:00000988       __IMPORT_DESCRIPTOR_VCRUNTIME140D 00000001400d0988     vcruntimed:VCRUNTIME140D.dll
 0005:0000099c       __IMPORT_DESCRIPTOR_ucrtbased 00000001400d099c     ucrtd:ucrtbased.dll
 0005:000009b0       __NULL_IMPORT_DESCRIPTOR   00000001400d09b0     ole32:ole32.dll
 0007:00000000       __guard_check_icall_fptr   00000001400d4000     MSVCRTD:guard_support.obj
 0007:00000010       __guard_dispatch_icall_fptr 00000001400d4010     MSVCRTD:guard_support.obj
