 encdec

 Timestamp is 5f97472c (Mon Oct 26 23:01:16 2020)

 Preferred load address is 0000000140000000

 Start         Length     Name                   Class
 0001:00000000 000f98c0H .text$mn                CODE
 0001:000f98c0 00001020H .text$mn$00             CODE
 0001:000fa8e0 0000108dH .text$x                 CODE
 0002:00000000 00000110H .CRT$XCA                DATA
 0002:00000110 00000110H .CRT$XCAA               DATA
 0002:00000220 00000110H .CRT$XCZ                DATA
 0002:00000330 00000110H .CRT$XIA                DATA
 0002:00000440 00000110H .CRT$XIAA               DATA
 0002:00000550 00000110H .CRT$XIAC               DATA
 0002:00000660 00000110H .CRT$XIZ                DATA
 0002:00000770 00000110H .CRT$XPA                DATA
 0002:00000880 00000110H .CRT$XPZ                DATA
 0002:00000990 00000110H .CRT$XTA                DATA
 0002:00000aa0 00000110H .CRT$XTZ                DATA
 0002:00000bb0 0001ece0H .rdata                  DATA
 0002:0001f890 000001e8H .rdata$zzzdbg           DATA
 0002:0001fa78 00000110H .rtc$IAA                DATA
 0002:0001fb88 00000110H .rtc$IZZ                DATA
 0002:0001fc98 00000110H .rtc$TAA                DATA
 0002:0001fda8 00000110H .rtc$TZZ                DATA
 0002:0001feb8 00007b64H .xdata                  DATA
 0002:00027a1c 00000000H .edata                  DATA
 0003:00000000 00032440H .data                   DATA
 0003:00032440 00002bd9H .bss                    DATA
 0004:00000000 000068a0H .pdata                  DATA
 0005:00000000 00000930H .idata$5                DATA
 0005:00000930 00000078H .idata$2                DATA
 0005:000009a8 00000018H .idata$3                DATA
 0005:000009c0 00000930H .idata$4                DATA
 0005:000012f0 00000d41H .idata$6                DATA
 0006:00000000 0000012cH .gfids$y                DATA
 0007:00000000 0000011bH .00cfg                  DATA
 0008:00000000 00000953H _RDATA                  DATA

  Address         Publics by Value              Rva+Base               Lib:Object

 0000:00000000       ___safe_se_handler_table   0000000000000000     <absolute>
 0000:00000000       __guard_longjmp_count      0000000000000000     <absolute>
 0000:00000000       __dynamic_value_reloc_table 0000000000000000     <absolute>
 0000:00000000       __guard_longjmp_table      0000000000000000     <absolute>
 0000:00000000       __guard_fids_table         0000000000000000     <absolute>
 0000:00000000       __guard_fids_count         0000000000000000     <absolute>
 0000:00000000       ___safe_se_handler_count   0000000000000000     <absolute>
 0000:00000000       __guard_iat_table          0000000000000000     <absolute>
 0000:00000000       __guard_iat_count          0000000000000000     <absolute>
 0000:00000100       __guard_flags              0000000000000100     <absolute>
 0000:00000000       __ImageBase                0000000140000000     <linker-defined>
 0001:00003ad0       main                       0000000140004ad0 f   encdec.obj
 0001:00004030       __local_stdio_printf_options 0000000140005030 f i encdec.obj
 0001:00004040       _vfprintf_l                0000000140005040 f i encdec.obj
 0001:000040a0       printf                     00000001400050a0 f i encdec.obj
 0001:00004140       pjmedia_audio_codec_config_default 0000000140005140 f   pjmedia-codec-x86_64-x64-vc14-debug-dynamic:audio_codecs.obj
 0001:000041b0       pjmedia_codec_register_audio_codecs 00000001400051b0 f   pjmedia-codec-x86_64-x64-vc14-debug-dynamic:audio_codecs.obj
 0001:000045c0       pjmedia_codec_g722_init    00000001400055c0 f   pjmedia-codec-x86_64-x64-vc14-debug-dynamic:g722.obj
 0001:000046e0       pjmedia_codec_g722_deinit  00000001400056e0 f   pjmedia-codec-x86_64-x64-vc14-debug-dynamic:g722.obj
 0001:00004770       pjmedia_codec_g722_set_pcm_shift 0000000140005770 f   pjmedia-codec-x86_64-x64-vc14-debug-dynamic:g722.obj
 0001:00005ec0       pjmedia_codec_gsm_init     0000000140006ec0 f   pjmedia-codec-x86_64-x64-vc14-debug-dynamic:gsm.obj
 0001:00005fe0       pjmedia_codec_gsm_deinit   0000000140006fe0 f   pjmedia-codec-x86_64-x64-vc14-debug-dynamic:gsm.obj
 0001:00007430       pjmedia_codec_ilbc_init    0000000140008430 f   pjmedia-codec-x86_64-x64-vc14-debug-dynamic:ilbc.obj
 0001:000075a0       pjmedia_codec_ilbc_deinit  00000001400085a0 f   pjmedia-codec-x86_64-x64-vc14-debug-dynamic:ilbc.obj
 0001:00008fb0       _snprintf                  0000000140009fb0 f i pjmedia-codec-x86_64-x64-vc14-debug-dynamic:ilbc.obj
 0001:00009020       _vsnprintf                 000000014000a020 f i pjmedia-codec-x86_64-x64-vc14-debug-dynamic:ilbc.obj
 0001:00009070       _vsnprintf_l               000000014000a070 f i pjmedia-codec-x86_64-x64-vc14-debug-dynamic:ilbc.obj
 0001:000091b0       pjmedia_codec_l16_init     000000014000a1b0 f   pjmedia-codec-x86_64-x64-vc14-debug-dynamic:l16.obj
 0001:000092f0       pjmedia_codec_l16_deinit   000000014000a2f0 f   pjmedia-codec-x86_64-x64-vc14-debug-dynamic:l16.obj
 0001:0000a600       pjmedia_codec_opus_init    000000014000b600 f   pjmedia-codec-x86_64-x64-vc14-debug-dynamic:opus.obj
 0001:0000a790       pjmedia_codec_opus_deinit  000000014000b790 f   pjmedia-codec-x86_64-x64-vc14-debug-dynamic:opus.obj
 0001:0000a870       pjmedia_codec_opus_get_config 000000014000b870 f   pjmedia-codec-x86_64-x64-vc14-debug-dynamic:opus.obj
 0001:0000a8e0       pjmedia_codec_opus_set_default_param 000000014000b8e0 f   pjmedia-codec-x86_64-x64-vc14-debug-dynamic:opus.obj
 0001:0000dcb0       pjmedia_codec_speex_init   000000014000ecb0 f   pjmedia-codec-x86_64-x64-vc14-debug-dynamic:speex_codec.obj
 0001:0000e130       pjmedia_codec_speex_init_default 000000014000f130 f   pjmedia-codec-x86_64-x64-vc14-debug-dynamic:speex_codec.obj
 0001:0000e160       pjmedia_codec_speex_set_param 000000014000f160 f   pjmedia-codec-x86_64-x64-vc14-debug-dynamic:speex_codec.obj
 0001:0000e320       pjmedia_codec_speex_deinit 000000014000f320 f   pjmedia-codec-x86_64-x64-vc14-debug-dynamic:speex_codec.obj
 0001:000100d0       g722_enc_init              00000001400110d0 f   pjmedia-codec-x86_64-x64-vc14-debug-dynamic:g722_enc.obj
 0001:00010150       g722_enc_encode            0000000140011150 f   pjmedia-codec-x86_64-x64-vc14-debug-dynamic:g722_enc.obj
 0001:00010450       g722_enc_deinit            0000000140011450 f   pjmedia-codec-x86_64-x64-vc14-debug-dynamic:g722_enc.obj
 0001:000126c0       g722_dec_init              00000001400136c0 f   pjmedia-codec-x86_64-x64-vc14-debug-dynamic:g722_dec.obj
 0001:00012740       g722_dec_decode            0000000140013740 f   pjmedia-codec-x86_64-x64-vc14-debug-dynamic:g722_dec.obj
 0001:00012a00       g722_dec_deinit            0000000140013a00 f   pjmedia-codec-x86_64-x64-vc14-debug-dynamic:g722_dec.obj
 0001:00014bf0       pjmedia_aud_subsys_init    0000000140015bf0 f   pjmedia-audiodev-x86_64-x64-vc14-debug-dynamic:audiodev.obj
 0001:00014d40       pjmedia_aud_subsys_get_pool_factory 0000000140015d40 f   pjmedia-audiodev-x86_64-x64-vc14-debug-dynamic:audiodev.obj
 0001:00014d70       pjmedia_aud_subsys_shutdown 0000000140015d70 f   pjmedia-audiodev-x86_64-x64-vc14-debug-dynamic:audiodev.obj
 0001:00014df0       pjmedia_aud_register_factory 0000000140015df0 f   pjmedia-audiodev-x86_64-x64-vc14-debug-dynamic:audiodev.obj
 0001:00014e80       pjmedia_aud_unregister_factory 0000000140015e80 f   pjmedia-audiodev-x86_64-x64-vc14-debug-dynamic:audiodev.obj
 0001:00015030       pjmedia_audiodev_strerror  0000000140016030 f   pjmedia-audiodev-x86_64-x64-vc14-debug-dynamic:errno.obj
 0001:00016d40       pjmedia_wmme_factory       0000000140017d40 f   pjmedia-audiodev-x86_64-x64-vc14-debug-dynamic:wmme_dev.obj
 0001:000192e0       pjmedia_port_info_init     000000014001a2e0 f   pjmedia-x86_64-x64-vc14-debug-dynamic:port.obj
 0001:00019430       pjmedia_port_info_init2    000000014001a430 f   pjmedia-x86_64-x64-vc14-debug-dynamic:port.obj
 0001:000194b0       pjmedia_port_get_clock_src 000000014001a4b0 f   pjmedia-x86_64-x64-vc14-debug-dynamic:port.obj
 0001:00019500       pjmedia_port_get_frame     000000014001a500 f   pjmedia-x86_64-x64-vc14-debug-dynamic:port.obj
 0001:000195a0       pjmedia_port_put_frame     000000014001a5a0 f   pjmedia-x86_64-x64-vc14-debug-dynamic:port.obj
 0001:00019630       pjmedia_port_destroy       000000014001a630 f   pjmedia-x86_64-x64-vc14-debug-dynamic:port.obj
 0001:000198d0       pjmedia_codec_param_clone  000000014001a8d0 f   pjmedia-x86_64-x64-vc14-debug-dynamic:codec.obj
 0001:00019a90       pjmedia_codec_mgr_init     000000014001aa90 f   pjmedia-x86_64-x64-vc14-debug-dynamic:codec.obj
 0001:00019ba0       pjmedia_codec_mgr_destroy  000000014001aba0 f   pjmedia-x86_64-x64-vc14-debug-dynamic:codec.obj
 0001:00019d10       pjmedia_codec_mgr_register_factory 000000014001ad10 f   pjmedia-x86_64-x64-vc14-debug-dynamic:codec.obj
 0001:00019fd0       pjmedia_codec_mgr_unregister_factory 000000014001afd0 f   pjmedia-x86_64-x64-vc14-debug-dynamic:codec.obj
 0001:0001a180       pjmedia_codec_mgr_enum_codecs 000000014001b180 f   pjmedia-x86_64-x64-vc14-debug-dynamic:codec.obj
 0001:0001a2e0       pjmedia_codec_mgr_get_codec_info 000000014001b2e0 f   pjmedia-x86_64-x64-vc14-debug-dynamic:codec.obj
 0001:0001a3f0       pjmedia_codec_info_to_id   000000014001b3f0 f   pjmedia-x86_64-x64-vc14-debug-dynamic:codec.obj
 0001:0001a4e0       pjmedia_codec_mgr_find_codecs_by_id 000000014001b4e0 f   pjmedia-x86_64-x64-vc14-debug-dynamic:codec.obj
 0001:0001a690       pjmedia_codec_mgr_set_codec_priority 000000014001b690 f   pjmedia-x86_64-x64-vc14-debug-dynamic:codec.obj
 0001:0001a7d0       pjmedia_codec_mgr_get_default_param 000000014001b7d0 f   pjmedia-x86_64-x64-vc14-debug-dynamic:codec.obj
 0001:0001aa80       pjmedia_codec_mgr_set_default_param 000000014001ba80 f   pjmedia-x86_64-x64-vc14-debug-dynamic:codec.obj
 0001:0001ad40       pjmedia_codec_mgr_alloc_codec 000000014001bd40 f   pjmedia-x86_64-x64-vc14-debug-dynamic:codec.obj
 0001:0001ae70       pjmedia_codec_mgr_dealloc_codec 000000014001be70 f   pjmedia-x86_64-x64-vc14-debug-dynamic:codec.obj
 0001:0001b7f0       pjmedia_endpt_create2      000000014001c7f0 f   pjmedia-x86_64-x64-vc14-debug-dynamic:endpoint.obj
 0001:0001bb70       pjmedia_endpt_destroy2     000000014001cb70 f   pjmedia-x86_64-x64-vc14-debug-dynamic:endpoint.obj
 0001:0001bc40       pjmedia_endpt_set_flag     000000014001cc40 f   pjmedia-x86_64-x64-vc14-debug-dynamic:endpoint.obj
 0001:0001bcd0       pjmedia_endpt_get_flag     000000014001ccd0 f   pjmedia-x86_64-x64-vc14-debug-dynamic:endpoint.obj
 0001:0001bd60       pjmedia_endpt_get_ioqueue  000000014001cd60 f   pjmedia-x86_64-x64-vc14-debug-dynamic:endpoint.obj
 0001:0001bdc0       pjmedia_endpt_get_thread_count 000000014001cdc0 f   pjmedia-x86_64-x64-vc14-debug-dynamic:endpoint.obj
 0001:0001be20       pjmedia_endpt_get_thread   000000014001ce20 f   pjmedia-x86_64-x64-vc14-debug-dynamic:endpoint.obj
 0001:0001bed0       pjmedia_endpt_stop_threads 000000014001ced0 f   pjmedia-x86_64-x64-vc14-debug-dynamic:endpoint.obj
 0001:0001bfb0       pjmedia_endpt_create_pool  000000014001cfb0 f   pjmedia-x86_64-x64-vc14-debug-dynamic:endpoint.obj
 0001:0001c020       pjmedia_endpt_get_codec_mgr 000000014001d020 f   pjmedia-x86_64-x64-vc14-debug-dynamic:endpoint.obj
 0001:0001c040       pjmedia_endpt_create_sdp   000000014001d040 f   pjmedia-x86_64-x64-vc14-debug-dynamic:endpoint.obj
 0001:0001c1f0       pjmedia_endpt_create_base_sdp 000000014001d1f0 f   pjmedia-x86_64-x64-vc14-debug-dynamic:endpoint.obj
 0001:0001c480       pjmedia_endpt_create_audio_sdp 000000014001d480 f   pjmedia-x86_64-x64-vc14-debug-dynamic:endpoint.obj
 0001:0001d090       pjmedia_endpt_dump         000000014001e090 f   pjmedia-x86_64-x64-vc14-debug-dynamic:endpoint.obj
 0001:0001d4b0       pjmedia_endpt_atexit       000000014001e4b0 f   pjmedia-x86_64-x64-vc14-debug-dynamic:endpoint.obj
 0001:0001e210       _vsprintf_l                000000014001f210 f i pjmedia-x86_64-x64-vc14-debug-dynamic:endpoint.obj
 0001:0001e270       sprintf                    000000014001f270 f i pjmedia-x86_64-x64-vc14-debug-dynamic:endpoint.obj
 0001:0001e3b0       pjmedia_wav_player_port_create 000000014001f3b0 f   pjmedia-x86_64-x64-vc14-debug-dynamic:wav_player.obj
 0001:0001eba0       pjmedia_wav_player_get_info 000000014001fba0 f   pjmedia-x86_64-x64-vc14-debug-dynamic:wav_player.obj
 0001:0001ed50       pjmedia_wav_player_get_len 000000014001fd50 f   pjmedia-x86_64-x64-vc14-debug-dynamic:wav_player.obj
 0001:0001ee20       pjmedia_wav_player_port_set_pos 000000014001fe20 f   pjmedia-x86_64-x64-vc14-debug-dynamic:wav_player.obj
 0001:0001efc0       pjmedia_wav_player_port_get_pos 000000014001ffc0 f   pjmedia-x86_64-x64-vc14-debug-dynamic:wav_player.obj
 0001:0001f110       pjmedia_wav_player_set_eof_cb 0000000140020110 f   pjmedia-x86_64-x64-vc14-debug-dynamic:wav_player.obj
 0001:0001f200       pjmedia_wav_player_set_eof_cb2 0000000140020200 f   pjmedia-x86_64-x64-vc14-debug-dynamic:wav_player.obj
 0001:00020770       pjmedia_wav_writer_port_create 0000000140021770 f   pjmedia-x86_64-x64-vc14-debug-dynamic:wav_writer.obj
 0001:00020db0       pjmedia_wav_writer_port_get_pos 0000000140021db0 f   pjmedia-x86_64-x64-vc14-debug-dynamic:wav_writer.obj
 0001:00020e60       pjmedia_wav_writer_port_set_cb 0000000140021e60 f   pjmedia-x86_64-x64-vc14-debug-dynamic:wav_writer.obj
 0001:00020f80       pjmedia_wav_writer_port_set_cb2 0000000140021f80 f   pjmedia-x86_64-x64-vc14-debug-dynamic:wav_writer.obj
 0001:00021e00       pjmedia_codec_g711_init    0000000140022e00 f   pjmedia-x86_64-x64-vc14-debug-dynamic:g711.obj
 0001:00021f40       pjmedia_codec_g711_deinit  0000000140022f40 f   pjmedia-x86_64-x64-vc14-debug-dynamic:g711.obj
 0001:00023290       pjmedia_plc_create         0000000140024290 f   pjmedia-x86_64-x64-vc14-debug-dynamic:plc_common.obj
 0001:000233b0       pjmedia_plc_save           00000001400243b0 f   pjmedia-x86_64-x64-vc14-debug-dynamic:plc_common.obj
 0001:00023430       pjmedia_plc_generate       0000000140024430 f   pjmedia-x86_64-x64-vc14-debug-dynamic:plc_common.obj
 0001:000236e0       pjmedia_silence_det_create 00000001400246e0 f   pjmedia-x86_64-x64-vc14-debug-dynamic:silencedet.obj
 0001:000237f0       pjmedia_silence_det_set_name 00000001400247f0 f   pjmedia-x86_64-x64-vc14-debug-dynamic:silencedet.obj
 0001:00023890       pjmedia_silence_det_set_fixed 0000000140024890 f   pjmedia-x86_64-x64-vc14-debug-dynamic:silencedet.obj
 0001:00023910       pjmedia_silence_det_set_adaptive 0000000140024910 f   pjmedia-x86_64-x64-vc14-debug-dynamic:silencedet.obj
 0001:00023990       pjmedia_silence_det_set_params 0000000140024990 f   pjmedia-x86_64-x64-vc14-debug-dynamic:silencedet.obj
 0001:00023a40       pjmedia_silence_det_disable 0000000140024a40 f   pjmedia-x86_64-x64-vc14-debug-dynamic:silencedet.obj
 0001:00023aa0       pjmedia_silence_det_detect 0000000140024aa0 f   pjmedia-x86_64-x64-vc14-debug-dynamic:silencedet.obj
 0001:00023b00       pjmedia_calc_avg_signal    0000000140024b00 f   pjmedia-x86_64-x64-vc14-debug-dynamic:silencedet.obj
 0001:00023bb0       pjmedia_silence_det_apply  0000000140024bb0 f   pjmedia-x86_64-x64-vc14-debug-dynamic:silencedet.obj
 0001:00024210       pjmedia_get_aud_subsys     0000000140025210 f   pjmedia-x86_64-x64-vc14-debug-dynamic:audiodev.obj
 0001:00024220       pjmedia_aud_driver_init    0000000140025220 f   pjmedia-x86_64-x64-vc14-debug-dynamic:audiodev.obj
 0001:00024580       pjmedia_aud_driver_deinit  0000000140025580 f   pjmedia-x86_64-x64-vc14-debug-dynamic:audiodev.obj
 0001:00024620       pjmedia_aud_dev_cap_name   0000000140025620 f   pjmedia-x86_64-x64-vc14-debug-dynamic:audiodev.obj
 0001:000246e0       pjmedia_aud_param_set_cap  00000001400256e0 f   pjmedia-x86_64-x64-vc14-debug-dynamic:audiodev.obj
 0001:00024760       pjmedia_aud_param_get_cap  0000000140025760 f   pjmedia-x86_64-x64-vc14-debug-dynamic:audiodev.obj
 0001:000247f0       pjmedia_aud_dev_refresh    00000001400257f0 f   pjmedia-x86_64-x64-vc14-debug-dynamic:audiodev.obj
 0001:000248d0       pjmedia_aud_dev_count      00000001400258d0 f   pjmedia-x86_64-x64-vc14-debug-dynamic:audiodev.obj
 0001:000248e0       pjmedia_aud_dev_get_info   00000001400258e0 f   pjmedia-x86_64-x64-vc14-debug-dynamic:audiodev.obj
 0001:000249c0       pjmedia_aud_dev_lookup     00000001400259c0 f   pjmedia-x86_64-x64-vc14-debug-dynamic:audiodev.obj
 0001:00024bf0       pjmedia_aud_dev_default_param 0000000140025bf0 f   pjmedia-x86_64-x64-vc14-debug-dynamic:audiodev.obj
 0001:00024d20       pjmedia_aud_stream_create  0000000140025d20 f   pjmedia-x86_64-x64-vc14-debug-dynamic:audiodev.obj
 0001:00025070       pjmedia_aud_stream_get_param 0000000140026070 f   pjmedia-x86_64-x64-vc14-debug-dynamic:audiodev.obj
 0001:00025170       pjmedia_aud_stream_get_cap 0000000140026170 f   pjmedia-x86_64-x64-vc14-debug-dynamic:audiodev.obj
 0001:000251b0       pjmedia_aud_stream_set_cap 00000001400261b0 f   pjmedia-x86_64-x64-vc14-debug-dynamic:audiodev.obj
 0001:000251f0       pjmedia_aud_stream_start   00000001400261f0 f   pjmedia-x86_64-x64-vc14-debug-dynamic:audiodev.obj
 0001:00025220       pjmedia_aud_stream_stop    0000000140026220 f   pjmedia-x86_64-x64-vc14-debug-dynamic:audiodev.obj
 0001:00025250       pjmedia_aud_stream_destroy 0000000140026250 f   pjmedia-x86_64-x64-vc14-debug-dynamic:audiodev.obj
 0001:00025de0       pjmedia_event_mgr_create   0000000140026de0 f   pjmedia-x86_64-x64-vc14-debug-dynamic:event.obj
 0001:00025f80       pjmedia_event_mgr_instance 0000000140026f80 f   pjmedia-x86_64-x64-vc14-debug-dynamic:event.obj
 0001:00025f90       pjmedia_event_mgr_set_instance 0000000140026f90 f   pjmedia-x86_64-x64-vc14-debug-dynamic:event.obj
 0001:00025fb0       pjmedia_event_mgr_destroy  0000000140026fb0 f   pjmedia-x86_64-x64-vc14-debug-dynamic:event.obj
 0001:000260c0       pjmedia_event_init         00000001400270c0 f   pjmedia-x86_64-x64-vc14-debug-dynamic:event.obj
 0001:00026140       pjmedia_event_subscribe    0000000140027140 f   pjmedia-x86_64-x64-vc14-debug-dynamic:event.obj
 0001:00026320       pjmedia_event_unsubscribe  0000000140027320 f   pjmedia-x86_64-x64-vc14-debug-dynamic:event.obj
 0001:00026500       pjmedia_event_publish      0000000140027500 f   pjmedia-x86_64-x64-vc14-debug-dynamic:event.obj
 0001:00026e30       pjmedia_format_copy        0000000140027e30 f   pjmedia-x86_64-x64-vc14-debug-dynamic:format.obj
 0001:00026e60       pjmedia_format_get_audio_format_detail 0000000140027e60 f   pjmedia-x86_64-x64-vc14-debug-dynamic:format.obj
 0001:00026f30       pjmedia_sdp_attr_create    0000000140027f30 f   pjmedia-x86_64-x64-vc14-debug-dynamic:sdp.obj
 0001:00027010       pjmedia_sdp_attr_clone     0000000140028010 f   pjmedia-x86_64-x64-vc14-debug-dynamic:sdp.obj
 0001:000270d0       pjmedia_sdp_attr_find      00000001400280d0 f   pjmedia-x86_64-x64-vc14-debug-dynamic:sdp.obj
 0001:000271e0       pjmedia_sdp_attr_find2     00000001400281e0 f   pjmedia-x86_64-x64-vc14-debug-dynamic:sdp.obj
 0001:00027240       pjmedia_sdp_attr_add       0000000140028240 f   pjmedia-x86_64-x64-vc14-debug-dynamic:sdp.obj
 0001:00027320       pjmedia_sdp_attr_remove_all 0000000140028320 f   pjmedia-x86_64-x64-vc14-debug-dynamic:sdp.obj
 0001:00027480       pjmedia_sdp_attr_remove    0000000140028480 f   pjmedia-x86_64-x64-vc14-debug-dynamic:sdp.obj
 0001:000275d0       pjmedia_sdp_attr_to_rtpmap 00000001400285d0 f   pjmedia-x86_64-x64-vc14-debug-dynamic:sdp.obj
 0001:000276b0       pjmedia_sdp_attr_get_rtpmap 00000001400286b0 f   pjmedia-x86_64-x64-vc14-debug-dynamic:sdp.obj
 0001:00027a30       pjmedia_sdp_rtpmap_to_attr 0000000140028a30 f   pjmedia-x86_64-x64-vc14-debug-dynamic:sdp.obj
 0001:00027d00       pjmedia_sdp_attr_get_fmtp  0000000140028d00 f   pjmedia-x86_64-x64-vc14-debug-dynamic:sdp.obj
 0001:00027e70       pjmedia_sdp_attr_get_rtcp  0000000140028e70 f   pjmedia-x86_64-x64-vc14-debug-dynamic:sdp.obj
 0001:000280a0       pjmedia_sdp_attr_create_rtcp 00000001400290a0 f   pjmedia-x86_64-x64-vc14-debug-dynamic:sdp.obj
 0001:00028260       pjmedia_sdp_attr_get_ssrc  0000000140029260 f   pjmedia-x86_64-x64-vc14-debug-dynamic:sdp.obj
 0001:00028480       pjmedia_sdp_attr_create_ssrc 0000000140029480 f   pjmedia-x86_64-x64-vc14-debug-dynamic:sdp.obj
 0001:00028570       pjmedia_sdp_conn_clone     0000000140029570 f   pjmedia-x86_64-x64-vc14-debug-dynamic:sdp.obj
 0001:00028630       pjmedia_sdp_bandw_clone    0000000140029630 f   pjmedia-x86_64-x64-vc14-debug-dynamic:sdp.obj
 0001:000286b0       pjmedia_sdp_media_clone    00000001400296b0 f   pjmedia-x86_64-x64-vc14-debug-dynamic:sdp.obj
 0001:000289f0       pjmedia_sdp_media_find_attr 00000001400299f0 f   pjmedia-x86_64-x64-vc14-debug-dynamic:sdp.obj
 0001:00028a80       pjmedia_sdp_media_find_attr2 0000000140029a80 f   pjmedia-x86_64-x64-vc14-debug-dynamic:sdp.obj
 0001:00028b10       pjmedia_sdp_media_add_attr 0000000140029b10 f   pjmedia-x86_64-x64-vc14-debug-dynamic:sdp.obj
 0001:00028b50       pjmedia_sdp_media_remove_all_attr 0000000140029b50 f   pjmedia-x86_64-x64-vc14-debug-dynamic:sdp.obj
 0001:00028b90       pjmedia_sdp_media_remove_attr 0000000140029b90 f   pjmedia-x86_64-x64-vc14-debug-dynamic:sdp.obj
 0001:00028bd0       pjmedia_sdp_transport_cmp  0000000140029bd0 f   pjmedia-x86_64-x64-vc14-debug-dynamic:sdp.obj
 0001:00028c50       pjmedia_sdp_transport_get_proto 0000000140029c50 f   pjmedia-x86_64-x64-vc14-debug-dynamic:sdp.obj
 0001:00028e10       pjmedia_sdp_media_deactivate 0000000140029e10 f   pjmedia-x86_64-x64-vc14-debug-dynamic:sdp.obj
 0001:00028e80       pjmedia_sdp_media_clone_deactivate 0000000140029e80 f   pjmedia-x86_64-x64-vc14-debug-dynamic:sdp.obj
 0001:000290f0       pjmedia_sdp_parse          000000014002a0f0 f   pjmedia-x86_64-x64-vc14-debug-dynamic:sdp.obj
 0001:00029760       pjmedia_sdp_print          000000014002a760 f   pjmedia-x86_64-x64-vc14-debug-dynamic:sdp.obj
 0001:000297a0       pjmedia_sdp_validate       000000014002a7a0 f   pjmedia-x86_64-x64-vc14-debug-dynamic:sdp.obj
 0001:000297d0       pjmedia_sdp_validate2      000000014002a7d0 f   pjmedia-x86_64-x64-vc14-debug-dynamic:sdp.obj
 0001:00029b10       pjmedia_sdp_session_clone  000000014002ab10 f   pjmedia-x86_64-x64-vc14-debug-dynamic:sdp.obj
 0001:00029e50       pjmedia_sdp_session_add_attr 000000014002ae50 f   pjmedia-x86_64-x64-vc14-debug-dynamic:sdp.obj
 0001:0002cb50       pjmedia_strerror           000000014002db50 f   pjmedia-x86_64-x64-vc14-debug-dynamic:errno.obj
 0001:0002cec0       pjmedia_wave_hdr_file_to_host 000000014002dec0 f   pjmedia-x86_64-x64-vc14-debug-dynamic:wave.obj
 0001:0002cee0       pjmedia_wave_hdr_host_to_file 000000014002dee0 f   pjmedia-x86_64-x64-vc14-debug-dynamic:wave.obj
 0001:0002cf20       pjmedia_wsola_create       000000014002df20 f   pjmedia-x86_64-x64-vc14-debug-dynamic:wsola.obj
 0001:0002d330       pjmedia_wsola_set_max_expand 000000014002e330 f   pjmedia-x86_64-x64-vc14-debug-dynamic:wsola.obj
 0001:0002d3b0       pjmedia_wsola_destroy      000000014002e3b0 f   pjmedia-x86_64-x64-vc14-debug-dynamic:wsola.obj
 0001:0002d3c0       pjmedia_wsola_reset        000000014002e3c0 f   pjmedia-x86_64-x64-vc14-debug-dynamic:wsola.obj
 0001:0002d490       pjmedia_wsola_save         000000014002e490 f   pjmedia-x86_64-x64-vc14-debug-dynamic:wsola.obj
 0001:0002dac0       pjmedia_wsola_generate     000000014002eac0 f   pjmedia-x86_64-x64-vc14-debug-dynamic:wsola.obj
 0001:0002dbe0       pjmedia_wsola_discard      000000014002ebe0 f   pjmedia-x86_64-x64-vc14-debug-dynamic:wsola.obj
 0001:00030470       pjmedia_srtp_init_lib      0000000140031470 f   pjmedia-x86_64-x64-vc14-debug-dynamic:transport_srtp.obj
 0001:00030540       pjmedia_srtp_setting_default 0000000140031540 f   pjmedia-x86_64-x64-vc14-debug-dynamic:transport_srtp.obj
 0001:000305a0       pjmedia_srtp_enum_crypto   00000001400315a0 f   pjmedia-x86_64-x64-vc14-debug-dynamic:transport_srtp.obj
 0001:000306b0       pjmedia_srtp_enum_keying   00000001400316b0 f   pjmedia-x86_64-x64-vc14-debug-dynamic:transport_srtp.obj
 0001:00030760       pjmedia_transport_srtp_create 0000000140031760 f   pjmedia-x86_64-x64-vc14-debug-dynamic:transport_srtp.obj
 0001:00030cc0       pjmedia_transport_srtp_dtls_get_fingerprint 0000000140031cc0 f   pjmedia-x86_64-x64-vc14-debug-dynamic:transport_srtp.obj
 0001:00030ce0       pjmedia_transport_srtp_dtls_start_nego 0000000140031ce0 f   pjmedia-x86_64-x64-vc14-debug-dynamic:transport_srtp.obj
 0001:00030d00       pjmedia_transport_srtp_start 0000000140031d00 f   pjmedia-x86_64-x64-vc14-debug-dynamic:transport_srtp.obj
 0001:000316d0       pjmedia_transport_srtp_stop 00000001400326d0 f   pjmedia-x86_64-x64-vc14-debug-dynamic:transport_srtp.obj
 0001:00031850       pjmedia_transport_srtp_decrypt_pkt 0000000140032850 f   pjmedia-x86_64-x64-vc14-debug-dynamic:transport_srtp.obj
 0001:00031a70       pjmedia_transport_srtp_get_member 0000000140032a70 f   pjmedia-x86_64-x64-vc14-debug-dynamic:transport_srtp.obj
 0001:00033930       get_libsrtp_errstr         0000000140034930 f   pjmedia-x86_64-x64-vc14-debug-dynamic:transport_srtp.obj
 0001:000365d0       pj_cis_buf_init            00000001400375d0 f   pjlib-util-x86_64-x64-vc14-debug-dynamic:scanner.obj
 0001:00036610       pj_cis_init                0000000140037610 f   pjlib-util-x86_64-x64-vc14-debug-dynamic:scanner.obj
 0001:000366d0       pj_cis_dup                 00000001400376d0 f   pjlib-util-x86_64-x64-vc14-debug-dynamic:scanner.obj
 0001:00036800       pj_cis_add_range           0000000140037800 f   pjlib-util-x86_64-x64-vc14-debug-dynamic:scanner.obj
 0001:000368a0       pj_cis_add_alpha           00000001400378a0 f   pjlib-util-x86_64-x64-vc14-debug-dynamic:scanner.obj
 0001:000368e0       pj_cis_add_num             00000001400378e0 f   pjlib-util-x86_64-x64-vc14-debug-dynamic:scanner.obj
 0001:00036910       pj_cis_add_str             0000000140037910 f   pjlib-util-x86_64-x64-vc14-debug-dynamic:scanner.obj
 0001:00036990       pj_cis_add_cis             0000000140037990 f   pjlib-util-x86_64-x64-vc14-debug-dynamic:scanner.obj
 0001:00036a50       pj_cis_del_range           0000000140037a50 f   pjlib-util-x86_64-x64-vc14-debug-dynamic:scanner.obj
 0001:00036ad0       pj_cis_del_str             0000000140037ad0 f   pjlib-util-x86_64-x64-vc14-debug-dynamic:scanner.obj
 0001:00036b50       pj_cis_invert              0000000140037b50 f   pjlib-util-x86_64-x64-vc14-debug-dynamic:scanner.obj
 0001:00036c50       pj_scan_init               0000000140037c50 f   pjlib-util-x86_64-x64-vc14-debug-dynamic:scanner.obj
 0001:00036d10       pj_scan_fini               0000000140037d10 f   pjlib-util-x86_64-x64-vc14-debug-dynamic:scanner.obj
 0001:00036d40       pj_scan_peek               0000000140037d40 f   pjlib-util-x86_64-x64-vc14-debug-dynamic:scanner.obj
 0001:00036de0       pj_scan_peek_n             0000000140037de0 f   pjlib-util-x86_64-x64-vc14-debug-dynamic:scanner.obj
 0001:00036e60       pj_scan_peek_until         0000000140037e60 f   pjlib-util-x86_64-x64-vc14-debug-dynamic:scanner.obj
 0001:00036f10       pj_scan_get                0000000140037f10 f   pjlib-util-x86_64-x64-vc14-debug-dynamic:scanner.obj
 0001:00037000       pj_scan_get_unescape       0000000140038000 f   pjlib-util-x86_64-x64-vc14-debug-dynamic:scanner.obj
 0001:000372b0       pj_scan_get_quote          00000001400382b0 f   pjlib-util-x86_64-x64-vc14-debug-dynamic:scanner.obj
 0001:00037310       pj_scan_get_quotes         0000000140038310 f   pjlib-util-x86_64-x64-vc14-debug-dynamic:scanner.obj
 0001:00037550       pj_scan_get_n              0000000140038550 f   pjlib-util-x86_64-x64-vc14-debug-dynamic:scanner.obj
 0001:000375f0       pj_scan_get_char           00000001400385f0 f   pjlib-util-x86_64-x64-vc14-debug-dynamic:scanner.obj
 0001:00037670       pj_scan_get_until          0000000140038670 f   pjlib-util-x86_64-x64-vc14-debug-dynamic:scanner.obj
 0001:00037740       pj_scan_get_until_ch       0000000140038740 f   pjlib-util-x86_64-x64-vc14-debug-dynamic:scanner.obj
 0001:00037800       pj_scan_get_until_chr      0000000140038800 f   pjlib-util-x86_64-x64-vc14-debug-dynamic:scanner.obj
 0001:000378e0       pj_scan_advance_n          00000001400388e0 f   pjlib-util-x86_64-x64-vc14-debug-dynamic:scanner.obj
 0001:00037960       pj_scan_strcmp             0000000140038960 f   pjlib-util-x86_64-x64-vc14-debug-dynamic:scanner.obj
 0001:000379d0       pj_scan_stricmp            00000001400389d0 f   pjlib-util-x86_64-x64-vc14-debug-dynamic:scanner.obj
 0001:00037a40       pj_scan_stricmp_alnum      0000000140038a40 f   pjlib-util-x86_64-x64-vc14-debug-dynamic:scanner.obj
 0001:00037ab0       pj_scan_get_newline        0000000140038ab0 f   pjlib-util-x86_64-x64-vc14-debug-dynamic:scanner.obj
 0001:00037b70       pj_scan_skip_whitespace    0000000140038b70 f   pjlib-util-x86_64-x64-vc14-debug-dynamic:scanner.obj
 0001:00037dc0       pj_scan_skip_line          0000000140038dc0 f   pjlib-util-x86_64-x64-vc14-debug-dynamic:scanner.obj
 0001:00037e50       pj_scan_save_state         0000000140038e50 f   pjlib-util-x86_64-x64-vc14-debug-dynamic:scanner.obj
 0001:00037ea0       pj_scan_restore_state      0000000140038ea0 f   pjlib-util-x86_64-x64-vc14-debug-dynamic:scanner.obj
 0001:00038790       pj_base64_encode           0000000140039790 f   pjlib-util-x86_64-x64-vc14-debug-dynamic:base64.obj
 0001:000389d0       pj_base64_decode           00000001400399d0 f   pjlib-util-x86_64-x64-vc14-debug-dynamic:base64.obj
 0001:00039110       pj_init                    000000014003a110 f   pjlib-x86_64-x64-vc14-debug-dynamic:os_core_win32.obj
 0001:000392e0       pj_shutdown                000000014003a2e0 f   pjlib-x86_64-x64-vc14-debug-dynamic:os_core_win32.obj
 0001:00039420       pj_atexit                  000000014003a420 f   pjlib-x86_64-x64-vc14-debug-dynamic:os_core_win32.obj
 0001:00039470       pj_getpid                  000000014003a470 f   pjlib-x86_64-x64-vc14-debug-dynamic:os_core_win32.obj
 0001:000394a0       pj_thread_create           000000014003a4a0 f   pjlib-x86_64-x64-vc14-debug-dynamic:os_core_win32.obj
 0001:00039700       pj_thread_register         000000014003a700 f   pjlib-x86_64-x64-vc14-debug-dynamic:os_core_win32.obj
 0001:00039870       pj_thread_is_registered    000000014003a870 f   pjlib-x86_64-x64-vc14-debug-dynamic:os_core_win32.obj
 0001:000398b0       pj_thread_get_prio         000000014003a8b0 f   pjlib-x86_64-x64-vc14-debug-dynamic:os_core_win32.obj
 0001:000398e0       pj_thread_set_prio         000000014003a8e0 f   pjlib-x86_64-x64-vc14-debug-dynamic:os_core_win32.obj
 0001:000399e0       pj_thread_get_prio_min     000000014003a9e0 f   pjlib-x86_64-x64-vc14-debug-dynamic:os_core_win32.obj
 0001:00039a00       pj_thread_get_prio_max     000000014003aa00 f   pjlib-x86_64-x64-vc14-debug-dynamic:os_core_win32.obj
 0001:00039a20       pj_thread_get_os_handle    000000014003aa20 f   pjlib-x86_64-x64-vc14-debug-dynamic:os_core_win32.obj
 0001:00039a80       pj_thread_get_name         000000014003aa80 f   pjlib-x86_64-x64-vc14-debug-dynamic:os_core_win32.obj
 0001:00039af0       pj_thread_resume           000000014003aaf0 f   pjlib-x86_64-x64-vc14-debug-dynamic:os_core_win32.obj
 0001:00039bc0       pj_thread_this             000000014003abc0 f   pjlib-x86_64-x64-vc14-debug-dynamic:os_core_win32.obj
 0001:00039c20       pj_thread_join             000000014003ac20 f   pjlib-x86_64-x64-vc14-debug-dynamic:os_core_win32.obj
 0001:00039d30       pj_thread_destroy          000000014003ad30 f   pjlib-x86_64-x64-vc14-debug-dynamic:os_core_win32.obj
 0001:00039e00       pj_thread_sleep            000000014003ae00 f   pjlib-x86_64-x64-vc14-debug-dynamic:os_core_win32.obj
 0001:00039e30       pj_thread_check_stack      000000014003ae30 f   pjlib-x86_64-x64-vc14-debug-dynamic:os_core_win32.obj
 0001:00039f30       pj_thread_get_stack_max_usage 000000014003af30 f   pjlib-x86_64-x64-vc14-debug-dynamic:os_core_win32.obj
 0001:00039f50       pj_thread_get_stack_info   000000014003af50 f   pjlib-x86_64-x64-vc14-debug-dynamic:os_core_win32.obj
 0001:00039fc0       pj_thread_local_alloc      000000014003afc0 f   pjlib-x86_64-x64-vc14-debug-dynamic:os_core_win32.obj
 0001:0003a070       pj_thread_local_free       000000014003b070 f   pjlib-x86_64-x64-vc14-debug-dynamic:os_core_win32.obj
 0001:0003a0a0       pj_thread_local_set        000000014003b0a0 f   pjlib-x86_64-x64-vc14-debug-dynamic:os_core_win32.obj
 0001:0003a130       pj_thread_local_get        000000014003b130 f   pjlib-x86_64-x64-vc14-debug-dynamic:os_core_win32.obj
 0001:0003a150       pj_atomic_create           000000014003b150 f   pjlib-x86_64-x64-vc14-debug-dynamic:os_core_win32.obj
 0001:0003a1b0       pj_atomic_destroy          000000014003b1b0 f   pjlib-x86_64-x64-vc14-debug-dynamic:os_core_win32.obj
 0001:0003a200       pj_atomic_set              000000014003b200 f   pjlib-x86_64-x64-vc14-debug-dynamic:os_core_win32.obj
 0001:0003a270       pj_atomic_get              000000014003b270 f   pjlib-x86_64-x64-vc14-debug-dynamic:os_core_win32.obj
 0001:0003a2e0       pj_atomic_inc              000000014003b2e0 f   pjlib-x86_64-x64-vc14-debug-dynamic:os_core_win32.obj
 0001:0003a340       pj_atomic_inc_and_get      000000014003b340 f   pjlib-x86_64-x64-vc14-debug-dynamic:os_core_win32.obj
 0001:0003a380       pj_atomic_dec              000000014003b380 f   pjlib-x86_64-x64-vc14-debug-dynamic:os_core_win32.obj
 0001:0003a3e0       pj_atomic_dec_and_get      000000014003b3e0 f   pjlib-x86_64-x64-vc14-debug-dynamic:os_core_win32.obj
 0001:0003a420       pj_atomic_add              000000014003b420 f   pjlib-x86_64-x64-vc14-debug-dynamic:os_core_win32.obj
 0001:0003a480       pj_atomic_add_and_get      000000014003b480 f   pjlib-x86_64-x64-vc14-debug-dynamic:os_core_win32.obj
 0001:0003a4c0       pj_mutex_create            000000014003b4c0 f   pjlib-x86_64-x64-vc14-debug-dynamic:os_core_win32.obj
 0001:0003a580       pj_mutex_create_simple     000000014003b580 f   pjlib-x86_64-x64-vc14-debug-dynamic:os_core_win32.obj
 0001:0003a5c0       pj_mutex_create_recursive  000000014003b5c0 f   pjlib-x86_64-x64-vc14-debug-dynamic:os_core_win32.obj
 0001:0003a600       pj_mutex_lock              000000014003b600 f   pjlib-x86_64-x64-vc14-debug-dynamic:os_core_win32.obj
 0001:0003a6c0       pj_mutex_unlock            000000014003b6c0 f   pjlib-x86_64-x64-vc14-debug-dynamic:os_core_win32.obj
 0001:0003a7a0       pj_mutex_trylock           000000014003b7a0 f   pjlib-x86_64-x64-vc14-debug-dynamic:os_core_win32.obj
 0001:0003a880       pj_mutex_destroy           000000014003b880 f   pjlib-x86_64-x64-vc14-debug-dynamic:os_core_win32.obj
 0001:0003a900       pj_mutex_is_locked         000000014003b900 f   pjlib-x86_64-x64-vc14-debug-dynamic:os_core_win32.obj
 0001:0003a940       pj_rwmutex_create          000000014003b940 f   pjlib-x86_64-x64-vc14-debug-dynamic:os_core_win32.obj
 0001:0003aa60       pj_rwmutex_lock_read       000000014003ba60 f   pjlib-x86_64-x64-vc14-debug-dynamic:os_core_win32.obj
 0001:0003ab60       pj_rwmutex_lock_write      000000014003bb60 f   pjlib-x86_64-x64-vc14-debug-dynamic:os_core_win32.obj
 0001:0003abc0       pj_rwmutex_unlock_read     000000014003bbc0 f   pjlib-x86_64-x64-vc14-debug-dynamic:os_core_win32.obj
 0001:0003acc0       pj_rwmutex_unlock_write    000000014003bcc0 f   pjlib-x86_64-x64-vc14-debug-dynamic:os_core_win32.obj
 0001:0003ad50       pj_rwmutex_destroy         000000014003bd50 f   pjlib-x86_64-x64-vc14-debug-dynamic:os_core_win32.obj
 0001:0003adc0       pj_enter_critical_section  000000014003bdc0 f   pjlib-x86_64-x64-vc14-debug-dynamic:os_core_win32.obj
 0001:0003ade0       pj_leave_critical_section  000000014003bde0 f   pjlib-x86_64-x64-vc14-debug-dynamic:os_core_win32.obj
 0001:0003ae00       pj_sem_create              000000014003be00 f   pjlib-x86_64-x64-vc14-debug-dynamic:os_core_win32.obj
 0001:0003afa0       pj_sem_wait                000000014003bfa0 f   pjlib-x86_64-x64-vc14-debug-dynamic:os_core_win32.obj
 0001:0003b010       pj_sem_trywait             000000014003c010 f   pjlib-x86_64-x64-vc14-debug-dynamic:os_core_win32.obj
 0001:0003b080       pj_sem_post                000000014003c080 f   pjlib-x86_64-x64-vc14-debug-dynamic:os_core_win32.obj
 0001:0003b150       pj_sem_destroy             000000014003c150 f   pjlib-x86_64-x64-vc14-debug-dynamic:os_core_win32.obj
 0001:0003b220       pj_event_create            000000014003c220 f   pjlib-x86_64-x64-vc14-debug-dynamic:os_core_win32.obj
 0001:0003b400       pj_event_wait              000000014003c400 f   pjlib-x86_64-x64-vc14-debug-dynamic:os_core_win32.obj
 0001:0003b460       pj_event_trywait           000000014003c460 f   pjlib-x86_64-x64-vc14-debug-dynamic:os_core_win32.obj
 0001:0003b4c0       pj_event_set               000000014003c4c0 f   pjlib-x86_64-x64-vc14-debug-dynamic:os_core_win32.obj
 0001:0003b590       pj_event_pulse             000000014003c590 f   pjlib-x86_64-x64-vc14-debug-dynamic:os_core_win32.obj
 0001:0003b660       pj_event_reset             000000014003c660 f   pjlib-x86_64-x64-vc14-debug-dynamic:os_core_win32.obj
 0001:0003b730       pj_event_destroy           000000014003c730 f   pjlib-x86_64-x64-vc14-debug-dynamic:os_core_win32.obj
 0001:0003b800       pj_term_set_color          000000014003c800 f   pjlib-x86_64-x64-vc14-debug-dynamic:os_core_win32.obj
 0001:0003b8c0       pj_term_get_color          000000014003c8c0 f   pjlib-x86_64-x64-vc14-debug-dynamic:os_core_win32.obj
 0001:0003b920       pj_run_app                 000000014003c920 f   pjlib-x86_64-x64-vc14-debug-dynamic:os_core_win32.obj
 0001:0003b950       pj_thread_init             000000014003c950 f   pjlib-x86_64-x64-vc14-debug-dynamic:os_core_win32.obj
 0001:0003ca30       pj_time_val_normalize      000000014003da30 f   pjlib-x86_64-x64-vc14-debug-dynamic:types.obj
 0001:0003cba0       pj_strerror                000000014003dba0 f   pjlib-x86_64-x64-vc14-debug-dynamic:errno.obj
 0001:0003ce40       pj_perror                  000000014003de40 f   pjlib-x86_64-x64-vc14-debug-dynamic:errno.obj
 0001:0003cea0       pj_register_strerror       000000014003dea0 f   pjlib-x86_64-x64-vc14-debug-dynamic:errno.obj
 0001:0003d100       pj_errno_clear_handlers    000000014003e100 f   pjlib-x86_64-x64-vc14-debug-dynamic:errno.obj
 0001:0003d130       pj_perror_1                000000014003e130 f   pjlib-x86_64-x64-vc14-debug-dynamic:errno.obj
 0001:0003d190       pj_perror_2                000000014003e190 f   pjlib-x86_64-x64-vc14-debug-dynamic:errno.obj
 0001:0003d1f0       pj_perror_3                000000014003e1f0 f   pjlib-x86_64-x64-vc14-debug-dynamic:errno.obj
 0001:0003d250       pj_perror_4                000000014003e250 f   pjlib-x86_64-x64-vc14-debug-dynamic:errno.obj
 0001:0003d2b0       pj_perror_5                000000014003e2b0 f   pjlib-x86_64-x64-vc14-debug-dynamic:errno.obj
 0001:0003d840       pj_log                     000000014003e840 f   pjlib-x86_64-x64-vc14-debug-dynamic:log.obj
 0001:0003e0b0       pj_log_set_log_func        000000014003f0b0 f   pjlib-x86_64-x64-vc14-debug-dynamic:log.obj
 0001:0003e0d0       pj_log_get_log_func        000000014003f0d0 f   pjlib-x86_64-x64-vc14-debug-dynamic:log.obj
 0001:0003e0e0       pj_log_set_level           000000014003f0e0 f   pjlib-x86_64-x64-vc14-debug-dynamic:log.obj
 0001:0003e100       pj_log_get_level           000000014003f100 f   pjlib-x86_64-x64-vc14-debug-dynamic:log.obj
 0001:0003e110       pj_log_set_decor           000000014003f110 f   pjlib-x86_64-x64-vc14-debug-dynamic:log.obj
 0001:0003e130       pj_log_get_decor           000000014003f130 f   pjlib-x86_64-x64-vc14-debug-dynamic:log.obj
 0001:0003e140       pj_log_add_indent          000000014003f140 f   pjlib-x86_64-x64-vc14-debug-dynamic:log.obj
 0001:0003e170       pj_log_push_indent         000000014003f170 f   pjlib-x86_64-x64-vc14-debug-dynamic:log.obj
 0001:0003e190       pj_log_pop_indent          000000014003f190 f   pjlib-x86_64-x64-vc14-debug-dynamic:log.obj
 0001:0003e1b0       pj_log_set_color           000000014003f1b0 f   pjlib-x86_64-x64-vc14-debug-dynamic:log.obj
 0001:0003e2d0       pj_log_get_color           000000014003f2d0 f   pjlib-x86_64-x64-vc14-debug-dynamic:log.obj
 0001:0003e370       pj_log_init                000000014003f370 f   pjlib-x86_64-x64-vc14-debug-dynamic:log.obj
 0001:0003e3f0       pj_log_1                   000000014003f3f0 f   pjlib-x86_64-x64-vc14-debug-dynamic:log.obj
 0001:0003e440       pj_log_2                   000000014003f440 f   pjlib-x86_64-x64-vc14-debug-dynamic:log.obj
 0001:0003e490       pj_log_3                   000000014003f490 f   pjlib-x86_64-x64-vc14-debug-dynamic:log.obj
 0001:0003e4e0       pj_log_4                   000000014003f4e0 f   pjlib-x86_64-x64-vc14-debug-dynamic:log.obj
 0001:0003e530       pj_log_5                   000000014003f530 f   pjlib-x86_64-x64-vc14-debug-dynamic:log.obj
 0001:0003eb80       pj_gettimeofday            000000014003fb80 f   pjlib-x86_64-x64-vc14-debug-dynamic:os_time_win32.obj
 0001:0003ec40       pj_time_decode             000000014003fc40 f   pjlib-x86_64-x64-vc14-debug-dynamic:os_time_win32.obj
 0001:0003ed40       pj_time_encode             000000014003fd40 f   pjlib-x86_64-x64-vc14-debug-dynamic:os_time_win32.obj
 0001:0003f010       pj_pool_create             0000000140040010 f   pjlib-x86_64-x64-vc14-debug-dynamic:pool.obj
 0001:0003f060       pj_pool_release            0000000140040060 f   pjlib-x86_64-x64-vc14-debug-dynamic:pool.obj
 0001:0003f0a0       pj_pool_safe_release       00000001400400a0 f   pjlib-x86_64-x64-vc14-debug-dynamic:pool.obj
 0001:0003f0e0       pj_pool_secure_release     00000001400400e0 f   pjlib-x86_64-x64-vc14-debug-dynamic:pool.obj
 0001:0003f190       pj_pool_getobjname         0000000140040190 f   pjlib-x86_64-x64-vc14-debug-dynamic:pool.obj
 0001:0003f1b0       pj_pool_reset              00000001400401b0 f   pjlib-x86_64-x64-vc14-debug-dynamic:pool.obj
 0001:0003f1e0       pj_pool_get_capacity       00000001400401e0 f   pjlib-x86_64-x64-vc14-debug-dynamic:pool.obj
 0001:0003f200       pj_pool_get_used_size      0000000140040200 f   pjlib-x86_64-x64-vc14-debug-dynamic:pool.obj
 0001:0003f270       pj_pool_alloc              0000000140040270 f   pjlib-x86_64-x64-vc14-debug-dynamic:pool.obj
 0001:0003f2d0       pj_pool_calloc             00000001400402d0 f   pjlib-x86_64-x64-vc14-debug-dynamic:pool.obj
 0001:0003f330       pj_pool_alloc_from_block   0000000140040330 f   pjlib-x86_64-x64-vc14-debug-dynamic:pool.obj
 0001:0003f3c0       pj_pool_allocate_find      00000001400403c0 f   pjlib-x86_64-x64-vc14-debug-dynamic:pool.obj
 0001:0003f540       pj_NO_MEMORY_EXCEPTION     0000000140040540 f   pjlib-x86_64-x64-vc14-debug-dynamic:pool.obj
 0001:0003f550       pj_pool_create_int         0000000140040550 f   pjlib-x86_64-x64-vc14-debug-dynamic:pool.obj
 0001:0003f6e0       pj_pool_init_int           00000001400406e0 f   pjlib-x86_64-x64-vc14-debug-dynamic:pool.obj
 0001:0003f7c0       pj_pool_destroy_int        00000001400407c0 f   pjlib-x86_64-x64-vc14-debug-dynamic:pool.obj
 0001:0003fdc0       pj_caching_pool_init       0000000140040dc0 f   pjlib-x86_64-x64-vc14-debug-dynamic:pool_caching.obj
 0001:0003ff20       pj_caching_pool_destroy    0000000140040f20 f   pjlib-x86_64-x64-vc14-debug-dynamic:pool_caching.obj
 0001:00040ad0       pj_srand                   0000000140041ad0 f   pjlib-x86_64-x64-vc14-debug-dynamic:rand.obj
 0001:00040b00       pj_rand                    0000000140041b00 f   pjlib-x86_64-x64-vc14-debug-dynamic:rand.obj
 0001:00040bc0       pj_list_insert_before      0000000140041bc0 f   pjlib-x86_64-x64-vc14-debug-dynamic:list.obj
 0001:00040bf0       pj_list_insert_nodes_before 0000000140041bf0 f   pjlib-x86_64-x64-vc14-debug-dynamic:list.obj
 0001:00040c20       pj_list_insert_after       0000000140041c20 f   pjlib-x86_64-x64-vc14-debug-dynamic:list.obj
 0001:00040c70       pj_list_insert_nodes_after 0000000140041c70 f   pjlib-x86_64-x64-vc14-debug-dynamic:list.obj
 0001:00040cd0       pj_list_merge_first        0000000140041cd0 f   pjlib-x86_64-x64-vc14-debug-dynamic:list.obj
 0001:00040d30       pj_list_merge_last         0000000140041d30 f   pjlib-x86_64-x64-vc14-debug-dynamic:list.obj
 0001:00040d90       pj_list_erase              0000000140041d90 f   pjlib-x86_64-x64-vc14-debug-dynamic:list.obj
 0001:00040dd0       pj_list_find_node          0000000140041dd0 f   pjlib-x86_64-x64-vc14-debug-dynamic:list.obj
 0001:00040e40       pj_list_search             0000000140041e40 f   pjlib-x86_64-x64-vc14-debug-dynamic:list.obj
 0001:00040ec0       pj_list_size               0000000140041ec0 f   pjlib-x86_64-x64-vc14-debug-dynamic:list.obj
 0001:00041070       pj_str                     0000000140042070 f   pjlib-x86_64-x64-vc14-debug-dynamic:string.obj
 0001:000410e0       pj_strassign               00000001400420e0 f   pjlib-x86_64-x64-vc14-debug-dynamic:string.obj
 0001:00041120       pj_strcpy                  0000000140042120 f   pjlib-x86_64-x64-vc14-debug-dynamic:string.obj
 0001:00041180       pj_strcpy2                 0000000140042180 f   pjlib-x86_64-x64-vc14-debug-dynamic:string.obj
 0001:00041200       pj_strncpy                 0000000140042200 f   pjlib-x86_64-x64-vc14-debug-dynamic:string.obj
 0001:000412a0       pj_strncpy_with_null       00000001400422a0 f   pjlib-x86_64-x64-vc14-debug-dynamic:string.obj
 0001:00041350       pj_strdup                  0000000140042350 f   pjlib-x86_64-x64-vc14-debug-dynamic:string.obj
 0001:000413e0       pj_strdup_with_null        00000001400423e0 f   pjlib-x86_64-x64-vc14-debug-dynamic:string.obj
 0001:00041480       pj_strdup2                 0000000140042480 f   pjlib-x86_64-x64-vc14-debug-dynamic:string.obj
 0001:00041530       pj_strdup2_with_null       0000000140042530 f   pjlib-x86_64-x64-vc14-debug-dynamic:string.obj
 0001:000415e0       pj_strdup3                 00000001400425e0 f   pjlib-x86_64-x64-vc14-debug-dynamic:string.obj
 0001:00041630       pj_strcmp                  0000000140042630 f   pjlib-x86_64-x64-vc14-debug-dynamic:string.obj
 0001:00041760       pj_strcmp2                 0000000140042760 f   pjlib-x86_64-x64-vc14-debug-dynamic:string.obj
 0001:000417c0       pj_strncmp                 00000001400427c0 f   pjlib-x86_64-x64-vc14-debug-dynamic:string.obj
 0001:00041850       pj_strncmp2                0000000140042850 f   pjlib-x86_64-x64-vc14-debug-dynamic:string.obj
 0001:000418b0       pj_stricmp                 00000001400428b0 f   pjlib-x86_64-x64-vc14-debug-dynamic:string.obj
 0001:000419e0       pj_stricmp2                00000001400429e0 f   pjlib-x86_64-x64-vc14-debug-dynamic:string.obj
 0001:00041a40       pj_strnicmp                0000000140042a40 f   pjlib-x86_64-x64-vc14-debug-dynamic:string.obj
 0001:00041ad0       pj_strnicmp2               0000000140042ad0 f   pjlib-x86_64-x64-vc14-debug-dynamic:string.obj
 0001:00041b30       pj_strcat                  0000000140042b30 f   pjlib-x86_64-x64-vc14-debug-dynamic:string.obj
 0001:00041ba0       pj_strcat2                 0000000140042ba0 f   pjlib-x86_64-x64-vc14-debug-dynamic:string.obj
 0001:00041c30       pj_strspn                  0000000140042c30 f   pjlib-x86_64-x64-vc14-debug-dynamic:string.obj
 0001:00041cf0       pj_strspn2                 0000000140042cf0 f   pjlib-x86_64-x64-vc14-debug-dynamic:string.obj
 0001:00041dc0       pj_strcspn                 0000000140042dc0 f   pjlib-x86_64-x64-vc14-debug-dynamic:string.obj
 0001:00041e60       pj_strcspn2                0000000140042e60 f   pjlib-x86_64-x64-vc14-debug-dynamic:string.obj
 0001:00041f10       pj_strtok                  0000000140042f10 f   pjlib-x86_64-x64-vc14-debug-dynamic:string.obj
 0001:00042030       pj_strtok2                 0000000140043030 f   pjlib-x86_64-x64-vc14-debug-dynamic:string.obj
 0001:00042150       pj_strstr                  0000000140043150 f   pjlib-x86_64-x64-vc14-debug-dynamic:string.obj
 0001:00042200       pj_stristr                 0000000140043200 f   pjlib-x86_64-x64-vc14-debug-dynamic:string.obj
 0001:000422b0       pj_strltrim                00000001400432b0 f   pjlib-x86_64-x64-vc14-debug-dynamic:string.obj
 0001:00042350       pj_strrtrim                0000000140043350 f   pjlib-x86_64-x64-vc14-debug-dynamic:string.obj
 0001:000423f0       pj_strtrim                 00000001400433f0 f   pjlib-x86_64-x64-vc14-debug-dynamic:string.obj
 0001:00042420       pj_create_random_string    0000000140043420 f   pjlib-x86_64-x64-vc14-debug-dynamic:string.obj
 0001:00042570       pj_strtol                  0000000140043570 f   pjlib-x86_64-x64-vc14-debug-dynamic:string.obj
 0001:00042650       pj_strtol2                 0000000140043650 f   pjlib-x86_64-x64-vc14-debug-dynamic:string.obj
 0001:00042840       pj_strtoul                 0000000140043840 f   pjlib-x86_64-x64-vc14-debug-dynamic:string.obj
 0001:000428d0       pj_strtoul2                00000001400438d0 f   pjlib-x86_64-x64-vc14-debug-dynamic:string.obj
 0001:00042a60       pj_strtoul3                0000000140043a60 f   pjlib-x86_64-x64-vc14-debug-dynamic:string.obj
 0001:00042d40       pj_strtof                  0000000140043d40 f   pjlib-x86_64-x64-vc14-debug-dynamic:string.obj
 0001:00042f10       pj_utoa                    0000000140043f10 f   pjlib-x86_64-x64-vc14-debug-dynamic:string.obj
 0001:00042f40       pj_utoa_pad                0000000140043f40 f   pjlib-x86_64-x64-vc14-debug-dynamic:string.obj
 0001:00043ab0       pj_ntohs                   0000000140044ab0 f   pjlib-x86_64-x64-vc14-debug-dynamic:sock_bsd.obj
 0001:00043ad0       pj_htons                   0000000140044ad0 f   pjlib-x86_64-x64-vc14-debug-dynamic:sock_bsd.obj
 0001:00043af0       pj_ntohl                   0000000140044af0 f   pjlib-x86_64-x64-vc14-debug-dynamic:sock_bsd.obj
 0001:00043b10       pj_htonl                   0000000140044b10 f   pjlib-x86_64-x64-vc14-debug-dynamic:sock_bsd.obj
 0001:00043b30       pj_inet_ntoa               0000000140044b30 f   pjlib-x86_64-x64-vc14-debug-dynamic:sock_bsd.obj
 0001:00043b70       pj_inet_aton               0000000140044b70 f   pjlib-x86_64-x64-vc14-debug-dynamic:sock_bsd.obj
 0001:00043ca0       pj_inet_pton               0000000140044ca0 f   pjlib-x86_64-x64-vc14-debug-dynamic:sock_bsd.obj
 0001:00043f40       pj_inet_ntop               0000000140044f40 f   pjlib-x86_64-x64-vc14-debug-dynamic:sock_bsd.obj
 0001:000441a0       pj_gethostname             00000001400451a0 f   pjlib-x86_64-x64-vc14-debug-dynamic:sock_bsd.obj
 0001:00044230       pj_sock_socket             0000000140045230 f   pjlib-x86_64-x64-vc14-debug-dynamic:sock_bsd.obj
 0001:000443d0       pj_sock_close              00000001400453d0 f   pjlib-x86_64-x64-vc14-debug-dynamic:sock_bsd.obj
 0001:00044460       pj_sock_bind               0000000140045460 f   pjlib-x86_64-x64-vc14-debug-dynamic:sock_bsd.obj
 0001:00044540       pj_sock_bind_in            0000000140045540 f   pjlib-x86_64-x64-vc14-debug-dynamic:sock_bsd.obj
 0001:000445e0       pj_sock_listen             00000001400455e0 f   pjlib-x86_64-x64-vc14-debug-dynamic:sock_bsd.obj
 0001:00044670       pj_sock_accept             0000000140045670 f   pjlib-x86_64-x64-vc14-debug-dynamic:sock_bsd.obj
 0001:00044750       pj_sock_connect            0000000140045750 f   pjlib-x86_64-x64-vc14-debug-dynamic:sock_bsd.obj
 0001:000447f0       pj_sock_getpeername        00000001400457f0 f   pjlib-x86_64-x64-vc14-debug-dynamic:sock_bsd.obj
 0001:00044890       pj_sock_getsockname        0000000140045890 f   pjlib-x86_64-x64-vc14-debug-dynamic:sock_bsd.obj
 0001:00044930       pj_sock_getsockopt         0000000140045930 f   pjlib-x86_64-x64-vc14-debug-dynamic:sock_bsd.obj
 0001:00044a30       pj_sock_setsockopt         0000000140045a30 f   pjlib-x86_64-x64-vc14-debug-dynamic:sock_bsd.obj
 0001:00044b10       pj_sock_setsockopt_params  0000000140045b10 f   pjlib-x86_64-x64-vc14-debug-dynamic:sock_bsd.obj
 0001:00044c60       pj_sock_recv               0000000140045c60 f   pjlib-x86_64-x64-vc14-debug-dynamic:sock_bsd.obj
 0001:00044d60       pj_sock_recvfrom           0000000140045d60 f   pjlib-x86_64-x64-vc14-debug-dynamic:sock_bsd.obj
 0001:00044e70       pj_sock_send               0000000140045e70 f   pjlib-x86_64-x64-vc14-debug-dynamic:sock_bsd.obj
 0001:00044f60       pj_sock_sendto             0000000140045f60 f   pjlib-x86_64-x64-vc14-debug-dynamic:sock_bsd.obj
 0001:00045060       pj_sock_shutdown           0000000140046060 f   pjlib-x86_64-x64-vc14-debug-dynamic:sock_bsd.obj
 0001:00045700       pj_get_os_error            0000000140046700 f   pjlib-x86_64-x64-vc14-debug-dynamic:os_error_win32.obj
 0001:00045740       pj_set_os_error            0000000140046740 f   pjlib-x86_64-x64-vc14-debug-dynamic:os_error_win32.obj
 0001:00045780       pj_get_netos_error         0000000140046780 f   pjlib-x86_64-x64-vc14-debug-dynamic:os_error_win32.obj
 0001:000457c0       pj_set_netos_error         00000001400467c0 f   pjlib-x86_64-x64-vc14-debug-dynamic:os_error_win32.obj
 0001:00045840       platform_strerror          0000000140046840 f   pjlib-x86_64-x64-vc14-debug-dynamic:os_error_win32.obj
 0001:00045b80       pj_array_insert            0000000140046b80 f   pjlib-x86_64-x64-vc14-debug-dynamic:array.obj
 0001:00045c40       pj_array_erase             0000000140046c40 f   pjlib-x86_64-x64-vc14-debug-dynamic:array.obj
 0001:00045cf0       pj_array_find              0000000140046cf0 f   pjlib-x86_64-x64-vc14-debug-dynamic:array.obj
 0001:00045e40       pj_inet_ntop2              0000000140046e40 f   pjlib-x86_64-x64-vc14-debug-dynamic:sock_common.obj
 0001:00045ea0       pj_sockaddr_print          0000000140046ea0 f   pjlib-x86_64-x64-vc14-debug-dynamic:sock_common.obj
 0001:00046040       pj_inet_addr               0000000140047040 f   pjlib-x86_64-x64-vc14-debug-dynamic:sock_common.obj
 0001:00046070       pj_inet_addr2              0000000140047070 f   pjlib-x86_64-x64-vc14-debug-dynamic:sock_common.obj
 0001:000460c0       pj_sockaddr_in_init        00000001400470c0 f   pjlib-x86_64-x64-vc14-debug-dynamic:sock_common.obj
 0001:00046170       pj_sockaddr_init           0000000140047170 f   pjlib-x86_64-x64-vc14-debug-dynamic:sock_common.obj
 0001:00046260       pj_sockaddr_cmp            0000000140047260 f   pjlib-x86_64-x64-vc14-debug-dynamic:sock_common.obj
 0001:00046370       pj_sockaddr_get_addr       0000000140047370 f   pjlib-x86_64-x64-vc14-debug-dynamic:sock_common.obj
 0001:00046430       pj_sockaddr_has_addr       0000000140047430 f   pjlib-x86_64-x64-vc14-debug-dynamic:sock_common.obj
 0001:00046520       pj_sockaddr_get_addr_len   0000000140047520 f   pjlib-x86_64-x64-vc14-debug-dynamic:sock_common.obj
 0001:000465e0       pj_sockaddr_get_len        00000001400475e0 f   pjlib-x86_64-x64-vc14-debug-dynamic:sock_common.obj
 0001:000466a0       pj_sockaddr_copy_addr      00000001400476a0 f   pjlib-x86_64-x64-vc14-debug-dynamic:sock_common.obj
 0001:00046710       pj_sockaddr_cp             0000000140047710 f   pjlib-x86_64-x64-vc14-debug-dynamic:sock_common.obj
 0001:00046750       pj_sockaddr_synthesize     0000000140047750 f   pjlib-x86_64-x64-vc14-debug-dynamic:sock_common.obj
 0001:000468e0       pj_sockaddr_in_get_addr    00000001400478e0 f   pjlib-x86_64-x64-vc14-debug-dynamic:sock_common.obj
 0001:00046910       pj_sockaddr_in_set_addr    0000000140047910 f   pjlib-x86_64-x64-vc14-debug-dynamic:sock_common.obj
 0001:00046940       pj_sockaddr_in_set_str_addr 0000000140047940 f   pjlib-x86_64-x64-vc14-debug-dynamic:sock_common.obj
 0001:00046af0       pj_sockaddr_set_str_addr   0000000140047af0 f   pjlib-x86_64-x64-vc14-debug-dynamic:sock_common.obj
 0001:00046c90       pj_sockaddr_get_port       0000000140047c90 f   pjlib-x86_64-x64-vc14-debug-dynamic:sock_common.obj
 0001:00046d60       pj_sockaddr_in_get_port    0000000140047d60 f   pjlib-x86_64-x64-vc14-debug-dynamic:sock_common.obj
 0001:00046d90       pj_sockaddr_set_port       0000000140047d90 f   pjlib-x86_64-x64-vc14-debug-dynamic:sock_common.obj
 0001:00046e50       pj_sockaddr_in_set_port    0000000140047e50 f   pjlib-x86_64-x64-vc14-debug-dynamic:sock_common.obj
 0001:00046e80       pj_sockaddr_parse          0000000140047e80 f   pjlib-x86_64-x64-vc14-debug-dynamic:sock_common.obj
 0001:00047000       pj_sockaddr_parse2         0000000140048000 f   pjlib-x86_64-x64-vc14-debug-dynamic:sock_common.obj
 0001:00047550       pj_gethostaddr             0000000140048550 f   pjlib-x86_64-x64-vc14-debug-dynamic:sock_common.obj
 0001:000475a0       pj_sock_bind_random        00000001400485a0 f   pjlib-x86_64-x64-vc14-debug-dynamic:sock_common.obj
 0001:00047720       pj_sock_setsockopt_sobuf   0000000140048720 f   pjlib-x86_64-x64-vc14-debug-dynamic:sock_common.obj
 0001:00047940       pj_addr_str_print          0000000140048940 f   pjlib-x86_64-x64-vc14-debug-dynamic:sock_common.obj
 0001:00047bd0       pj_gethostip               0000000140048bd0 f   pjlib-x86_64-x64-vc14-debug-dynamic:sock_common.obj
 0001:00048720       pj_getipinterface          0000000140049720 f   pjlib-x86_64-x64-vc14-debug-dynamic:sock_common.obj
 0001:000489a0       pj_getdefaultipinterface   00000001400499a0 f   pjlib-x86_64-x64-vc14-debug-dynamic:sock_common.obj
 0001:00049530       pj_ioqueue_name            000000014004a530 f   pjlib-x86_64-x64-vc14-debug-dynamic:ioqueue_select.obj
 0001:00049540       pj_ioqueue_create          000000014004a540 f   pjlib-x86_64-x64-vc14-debug-dynamic:ioqueue_select.obj
 0001:00049830       pj_ioqueue_destroy         000000014004a830 f   pjlib-x86_64-x64-vc14-debug-dynamic:ioqueue_select.obj
 0001:00049970       pj_ioqueue_set_lock        000000014004a970 f   pjlib-x86_64-x64-vc14-debug-dynamic:ioqueue_select.obj
 0001:00049a20       pj_ioqueue_set_default_concurrency 000000014004aa20 f   pjlib-x86_64-x64-vc14-debug-dynamic:ioqueue_select.obj
 0001:00049a80       pj_ioqueue_register_sock   000000014004aa80 f   pjlib-x86_64-x64-vc14-debug-dynamic:ioqueue_select.obj
 0001:00049ae0       pj_ioqueue_register_sock2  000000014004aae0 f   pjlib-x86_64-x64-vc14-debug-dynamic:ioqueue_select.obj
 0001:00049d90       pj_ioqueue_unregister      000000014004ad90 f   pjlib-x86_64-x64-vc14-debug-dynamic:ioqueue_select.obj
 0001:00049fa0       pj_ioqueue_get_user_data   000000014004afa0 f   pjlib-x86_64-x64-vc14-debug-dynamic:ioqueue_select.obj
 0001:0004a000       pj_ioqueue_set_user_data   000000014004b000 f   pjlib-x86_64-x64-vc14-debug-dynamic:ioqueue_select.obj
 0001:0004a080       pj_ioqueue_set_concurrency 000000014004b080 f   pjlib-x86_64-x64-vc14-debug-dynamic:ioqueue_select.obj
 0001:0004a130       pj_ioqueue_lock_key        000000014004b130 f   pjlib-x86_64-x64-vc14-debug-dynamic:ioqueue_select.obj
 0001:0004a170       pj_ioqueue_trylock_key     000000014004b170 f   pjlib-x86_64-x64-vc14-debug-dynamic:ioqueue_select.obj
 0001:0004a1b0       pj_ioqueue_unlock_key      000000014004b1b0 f   pjlib-x86_64-x64-vc14-debug-dynamic:ioqueue_select.obj
 0001:0004a1f0       pj_ioqueue_op_key_init     000000014004b1f0 f   pjlib-x86_64-x64-vc14-debug-dynamic:ioqueue_select.obj
 0001:0004a220       pj_ioqueue_is_pending      000000014004b220 f   pjlib-x86_64-x64-vc14-debug-dynamic:ioqueue_select.obj
 0001:0004a270       pj_ioqueue_post_completion 000000014004b270 f   pjlib-x86_64-x64-vc14-debug-dynamic:ioqueue_select.obj
 0001:0004a450       pj_ioqueue_accept          000000014004b450 f   pjlib-x86_64-x64-vc14-debug-dynamic:ioqueue_select.obj
 0001:0004a6a0       pj_ioqueue_connect         000000014004b6a0 f   pjlib-x86_64-x64-vc14-debug-dynamic:ioqueue_select.obj
 0001:0004a800       pj_ioqueue_poll            000000014004b800 f   pjlib-x86_64-x64-vc14-debug-dynamic:ioqueue_select.obj
 0001:0004ade0       pj_ioqueue_recv            000000014004bde0 f   pjlib-x86_64-x64-vc14-debug-dynamic:ioqueue_select.obj
 0001:0004b010       pj_ioqueue_recvfrom        000000014004c010 f   pjlib-x86_64-x64-vc14-debug-dynamic:ioqueue_select.obj
 0001:0004b280       pj_ioqueue_send            000000014004c280 f   pjlib-x86_64-x64-vc14-debug-dynamic:ioqueue_select.obj
 0001:0004b4c0       pj_ioqueue_sendto          000000014004c4c0 f   pjlib-x86_64-x64-vc14-debug-dynamic:ioqueue_select.obj
 0001:0004bd30       ioqueue_dispatch_write_event 000000014004cd30 f   pjlib-x86_64-x64-vc14-debug-dynamic:ioqueue_select.obj
 0001:0004c200       ioqueue_dispatch_read_event 000000014004d200 f   pjlib-x86_64-x64-vc14-debug-dynamic:ioqueue_select.obj
 0001:0004c5a0       ioqueue_dispatch_exception_event 000000014004d5a0 f   pjlib-x86_64-x64-vc14-debug-dynamic:ioqueue_select.obj
 0001:0004d760       pj_file_exists             000000014004e760 f   pjlib-x86_64-x64-vc14-debug-dynamic:file_access_win32.obj
 0001:0004d800       pj_file_size               000000014004e800 f   pjlib-x86_64-x64-vc14-debug-dynamic:file_access_win32.obj
 0001:0004d8c0       pj_file_delete             000000014004e8c0 f   pjlib-x86_64-x64-vc14-debug-dynamic:file_access_win32.obj
 0001:0004d970       pj_file_move               000000014004e970 f   pjlib-x86_64-x64-vc14-debug-dynamic:file_access_win32.obj
 0001:0004da40       pj_file_getstat            000000014004ea40 f   pjlib-x86_64-x64-vc14-debug-dynamic:file_access_win32.obj
 0001:0004e180       pj_file_open               000000014004f180 f   pjlib-x86_64-x64-vc14-debug-dynamic:file_io_win32.obj
 0001:0004e3d0       pj_file_close              000000014004f3d0 f   pjlib-x86_64-x64-vc14-debug-dynamic:file_io_win32.obj
 0001:0004e440       pj_file_write              000000014004f440 f   pjlib-x86_64-x64-vc14-debug-dynamic:file_io_win32.obj
 0001:0004e4f0       pj_file_read               000000014004f4f0 f   pjlib-x86_64-x64-vc14-debug-dynamic:file_io_win32.obj
 0001:0004e5a0       pj_file_setpos             000000014004f5a0 f   pjlib-x86_64-x64-vc14-debug-dynamic:file_io_win32.obj
 0001:0004e690       pj_file_getpos             000000014004f690 f   pjlib-x86_64-x64-vc14-debug-dynamic:file_io_win32.obj
 0001:0004e710       pj_file_flush              000000014004f710 f   pjlib-x86_64-x64-vc14-debug-dynamic:file_io_win32.obj
 0001:0004ea10       pj_exception_id_alloc      000000014004fa10 f   pjlib-x86_64-x64-vc14-debug-dynamic:except.obj
 0001:0004ea90       pj_exception_id_free       000000014004fa90 f   pjlib-x86_64-x64-vc14-debug-dynamic:except.obj
 0001:0004eb10       pj_exception_id_name       000000014004fb10 f   pjlib-x86_64-x64-vc14-debug-dynamic:except.obj
 0001:0004ebc0       pj_throw_exception_        000000014004fbc0 f   pjlib-x86_64-x64-vc14-debug-dynamic:except.obj
 0001:0004ec60       pj_push_exception_handler_ 000000014004fc60 f   pjlib-x86_64-x64-vc14-debug-dynamic:except.obj
 0001:0004ed00       pj_pop_exception_handler_  000000014004fd00 f   pjlib-x86_64-x64-vc14-debug-dynamic:except.obj
 0001:0004ee90       pj_get_timestamp           000000014004fe90 f   pjlib-x86_64-x64-vc14-debug-dynamic:os_timestamp_win32.obj
 0001:0004ef10       pj_get_timestamp_freq      000000014004ff10 f   pjlib-x86_64-x64-vc14-debug-dynamic:os_timestamp_win32.obj
 0001:0004efc0       pj_lock_create_simple_mutex 000000014004ffc0 f   pjlib-x86_64-x64-vc14-debug-dynamic:lock.obj
 0001:0004f000       pj_lock_create_recursive_mutex 0000000140050000 f   pjlib-x86_64-x64-vc14-debug-dynamic:lock.obj
 0001:0004f040       pj_lock_create_null_mutex  0000000140050040 f   pjlib-x86_64-x64-vc14-debug-dynamic:lock.obj
 0001:0004f0b0       pj_lock_create_semaphore   00000001400500b0 f   pjlib-x86_64-x64-vc14-debug-dynamic:lock.obj
 0001:0004f1c0       pj_lock_acquire            00000001400501c0 f   pjlib-x86_64-x64-vc14-debug-dynamic:lock.obj
 0001:0004f220       pj_lock_tryacquire         0000000140050220 f   pjlib-x86_64-x64-vc14-debug-dynamic:lock.obj
 0001:0004f280       pj_lock_release            0000000140050280 f   pjlib-x86_64-x64-vc14-debug-dynamic:lock.obj
 0001:0004f2e0       pj_lock_destroy            00000001400502e0 f   pjlib-x86_64-x64-vc14-debug-dynamic:lock.obj
 0001:0004f340       pj_grp_lock_config_default 0000000140050340 f   pjlib-x86_64-x64-vc14-debug-dynamic:lock.obj
 0001:0004f370       pj_grp_lock_create         0000000140050370 f   pjlib-x86_64-x64-vc14-debug-dynamic:lock.obj
 0001:0004f560       pj_grp_lock_create_w_handler 0000000140050560 f   pjlib-x86_64-x64-vc14-debug-dynamic:lock.obj
 0001:0004f5d0       pj_grp_lock_destroy        00000001400505d0 f   pjlib-x86_64-x64-vc14-debug-dynamic:lock.obj
 0001:0004f5f0       pj_grp_lock_replace        00000001400505f0 f   pjlib-x86_64-x64-vc14-debug-dynamic:lock.obj
 0001:0004f6b0       pj_grp_lock_acquire        00000001400506b0 f   pjlib-x86_64-x64-vc14-debug-dynamic:lock.obj
 0001:0004f6d0       pj_grp_lock_tryacquire     00000001400506d0 f   pjlib-x86_64-x64-vc14-debug-dynamic:lock.obj
 0001:0004f6f0       pj_grp_lock_release        00000001400506f0 f   pjlib-x86_64-x64-vc14-debug-dynamic:lock.obj
 0001:0004f710       pj_grp_lock_add_handler    0000000140050710 f   pjlib-x86_64-x64-vc14-debug-dynamic:lock.obj
 0001:0004f760       pj_grp_lock_del_handler    0000000140050760 f   pjlib-x86_64-x64-vc14-debug-dynamic:lock.obj
 0001:0004f800       pj_grp_lock_add_ref        0000000140050800 f   pjlib-x86_64-x64-vc14-debug-dynamic:lock.obj
 0001:0004f820       pj_grp_lock_dec_ref        0000000140050820 f   pjlib-x86_64-x64-vc14-debug-dynamic:lock.obj
 0001:0004f840       pj_grp_lock_get_ref        0000000140050840 f   pjlib-x86_64-x64-vc14-debug-dynamic:lock.obj
 0001:0004f870       pj_grp_lock_dump           0000000140050870 f   pjlib-x86_64-x64-vc14-debug-dynamic:lock.obj
 0001:0004f8c0       pj_grp_lock_chain_lock     00000001400508c0 f   pjlib-x86_64-x64-vc14-debug-dynamic:lock.obj
 0001:0004f9b0       pj_grp_lock_unchain_lock   00000001400509b0 f   pjlib-x86_64-x64-vc14-debug-dynamic:lock.obj
 0001:000506b0       pj_GUID_STRING_LENGTH      00000001400516b0 f   pjlib-x86_64-x64-vc14-debug-dynamic:guid_win32.obj
 0001:000506c0       pj_generate_unique_string  00000001400516c0 f   pjlib-x86_64-x64-vc14-debug-dynamic:guid_win32.obj
 0001:000508c0       pj_get_version             00000001400518c0 f   pjlib-x86_64-x64-vc14-debug-dynamic:config.obj
 0001:000508d0       pj_dump_config             00000001400518d0 f   pjlib-x86_64-x64-vc14-debug-dynamic:config.obj
 0001:00050fb0       pj_log_write               0000000140051fb0 f   pjlib-x86_64-x64-vc14-debug-dynamic:log_writer_stdout.obj
 0001:000510a0       pj_pool_create_on_buf      00000001400520a0 f   pjlib-x86_64-x64-vc14-debug-dynamic:pool_buf.obj
 0001:00051390       pj_pool_factory_get_default_policy 0000000140052390 f   pjlib-x86_64-x64-vc14-debug-dynamic:pool_policy_malloc.obj
 0001:000515c0       pj_enum_ip_interface       00000001400525c0 f   pjlib-x86_64-x64-vc14-debug-dynamic:ip_helper_win32.obj
 0001:00051700       pj_enum_ip_interface2      0000000140052700 f   pjlib-x86_64-x64-vc14-debug-dynamic:ip_helper_win32.obj
 0001:00051770       pj_enum_ip_route           0000000140052770 f   pjlib-x86_64-x64-vc14-debug-dynamic:ip_helper_win32.obj
 0001:00052690       pj_gethostbyname           0000000140053690 f   pjlib-x86_64-x64-vc14-debug-dynamic:addr_resolv_sock.obj
 0001:00052800       pj_getaddrinfo             0000000140053800 f   pjlib-x86_64-x64-vc14-debug-dynamic:addr_resolv_sock.obj
 0001:00052be0       pj_gettickcount            0000000140053be0 f   pjlib-x86_64-x64-vc14-debug-dynamic:os_timestamp_common.obj
 0001:00052c40       pj_elapsed_time            0000000140053c40 f   pjlib-x86_64-x64-vc14-debug-dynamic:os_timestamp_common.obj
 0001:00052d00       pj_elapsed_msec            0000000140053d00 f   pjlib-x86_64-x64-vc14-debug-dynamic:os_timestamp_common.obj
 0001:00052d30       pj_elapsed_msec64          0000000140053d30 f   pjlib-x86_64-x64-vc14-debug-dynamic:os_timestamp_common.obj
 0001:00052d90       pj_elapsed_usec            0000000140053d90 f   pjlib-x86_64-x64-vc14-debug-dynamic:os_timestamp_common.obj
 0001:00052dc0       pj_elapsed_nanosec         0000000140053dc0 f   pjlib-x86_64-x64-vc14-debug-dynamic:os_timestamp_common.obj
 0001:00052e60       pj_elapsed_cycle           0000000140053e60 f   pjlib-x86_64-x64-vc14-debug-dynamic:os_timestamp_common.obj
 0001:00053130       PJ_FD_ZERO                 0000000140054130 f   pjlib-x86_64-x64-vc14-debug-dynamic:sock_select.obj
 0001:00053180       PJ_FD_COUNT                0000000140054180 f   pjlib-x86_64-x64-vc14-debug-dynamic:sock_select.obj
 0001:000531a0       PJ_FD_SET                  00000001400541a0 f   pjlib-x86_64-x64-vc14-debug-dynamic:sock_select.obj
 0001:000532e0       PJ_FD_CLR                  00000001400542e0 f   pjlib-x86_64-x64-vc14-debug-dynamic:sock_select.obj
 0001:00053440       PJ_FD_ISSET                0000000140054440 f   pjlib-x86_64-x64-vc14-debug-dynamic:sock_select.obj
 0001:000534a0       pj_sock_select             00000001400544a0 f   pjlib-x86_64-x64-vc14-debug-dynamic:sock_select.obj
 0001:00053700       gsm_create                 0000000140054700 f   libgsmcodec-x86_64-x64-vc14-debug-dynamic:gsm_create.obj
 0001:00053770       gsm_destroy                0000000140054770 f   libgsmcodec-x86_64-x64-vc14-debug-dynamic:gsm_destroy.obj
 0001:000537a0       gsm_encode                 00000001400547a0 f   libgsmcodec-x86_64-x64-vc14-debug-dynamic:gsm_encode.obj
 0001:00054710       gsm_decode                 0000000140055710 f   libgsmcodec-x86_64-x64-vc14-debug-dynamic:gsm_decode.obj
 0001:00055b90       Gsm_Coder                  0000000140056b90 f   libgsmcodec-x86_64-x64-vc14-debug-dynamic:code.obj
 0001:00055f30       Gsm_Decoder                0000000140056f30 f   libgsmcodec-x86_64-x64-vc14-debug-dynamic:decode.obj
 0001:00056340       Gsm_Long_Term_Predictor    0000000140057340 f   libgsmcodec-x86_64-x64-vc14-debug-dynamic:long_term.obj
 0001:00056490       Gsm_Long_Term_Synthesis_Filtering 0000000140057490 f   libgsmcodec-x86_64-x64-vc14-debug-dynamic:long_term.obj
 0001:00057ee0       Gsm_LPC_Analysis           0000000140058ee0 f   libgsmcodec-x86_64-x64-vc14-debug-dynamic:lpc.obj
 0001:0005b1e0       Gsm_Preprocess             000000014005c1e0 f   libgsmcodec-x86_64-x64-vc14-debug-dynamic:preprocess.obj
 0001:0005b790       Gsm_Short_Term_Analysis_Filter 000000014005c790 f   libgsmcodec-x86_64-x64-vc14-debug-dynamic:short_term.obj
 0001:0005b930       Gsm_Short_Term_Synthesis_Filter 000000014005c930 f   libgsmcodec-x86_64-x64-vc14-debug-dynamic:short_term.obj
 0001:0005da50       Gsm_RPE_Decoding           000000014005ea50 f   libgsmcodec-x86_64-x64-vc14-debug-dynamic:rpe.obj
 0001:0005dae0       Gsm_RPE_Encoding           000000014005eae0 f   libgsmcodec-x86_64-x64-vc14-debug-dynamic:rpe.obj
 0001:00060250       gsm_mult                   0000000140061250 f   libgsmcodec-x86_64-x64-vc14-debug-dynamic:add.obj
 0001:000602d0       gsm_L_mult                 00000001400612d0 f   libgsmcodec-x86_64-x64-vc14-debug-dynamic:add.obj
 0001:00060330       gsm_mult_r                 0000000140061330 f   libgsmcodec-x86_64-x64-vc14-debug-dynamic:add.obj
 0001:00060390       gsm_div                    0000000140061390 f   libgsmcodec-x86_64-x64-vc14-debug-dynamic:add.obj
 0001:00060470       gsm_add                    0000000140061470 f   libgsmcodec-x86_64-x64-vc14-debug-dynamic:add.obj
 0001:000604e0       gsm_L_add                  00000001400614e0 f   libgsmcodec-x86_64-x64-vc14-debug-dynamic:add.obj
 0001:000605a0       gsm_sub                    00000001400615a0 f   libgsmcodec-x86_64-x64-vc14-debug-dynamic:add.obj
 0001:00060610       gsm_L_sub                  0000000140061610 f   libgsmcodec-x86_64-x64-vc14-debug-dynamic:add.obj
 0001:000606d0       gsm_abs                    00000001400616d0 f   libgsmcodec-x86_64-x64-vc14-debug-dynamic:add.obj
 0001:00060730       gsm_norm                   0000000140061730 f   libgsmcodec-x86_64-x64-vc14-debug-dynamic:add.obj
 0001:00060850       gsm_L_asl                  0000000140061850 f   libgsmcodec-x86_64-x64-vc14-debug-dynamic:add.obj
 0001:000608d0       gsm_asl                    00000001400618d0 f   libgsmcodec-x86_64-x64-vc14-debug-dynamic:add.obj
 0001:00060950       gsm_L_asr                  0000000140061950 f   libgsmcodec-x86_64-x64-vc14-debug-dynamic:add.obj
 0001:000609c0       gsm_asr                    00000001400619c0 f   libgsmcodec-x86_64-x64-vc14-debug-dynamic:add.obj
 0001:00060c20       initEncode                 0000000140061c20 f   libilbccodec-x86_64-x64-vc14-debug-dynamic:iLBC_encode.obj
 0001:00060dc0       iLBC_encode                0000000140061dc0 f   libilbccodec-x86_64-x64-vc14-debug-dynamic:iLBC_encode.obj
 0001:00062d00       initDecode                 0000000140063d00 f   libilbccodec-x86_64-x64-vc14-debug-dynamic:iLBC_decode.obj
 0001:00062fe0       Decode                     0000000140063fe0 f   libilbccodec-x86_64-x64-vc14-debug-dynamic:iLBC_decode.obj
 0001:000636f0       iLBC_decode                00000001400646f0 f   libilbccodec-x86_64-x64-vc14-debug-dynamic:iLBC_decode.obj
 0001:00064ce0       SimpleAnalysis             0000000140065ce0 f   libilbccodec-x86_64-x64-vc14-debug-dynamic:LPCencode.obj
 0001:00064f20       LSFinterpolate2a_enc       0000000140065f20 f   libilbccodec-x86_64-x64-vc14-debug-dynamic:LPCencode.obj
 0001:00064fa0       SimpleInterpolateLSF       0000000140065fa0 f   libilbccodec-x86_64-x64-vc14-debug-dynamic:LPCencode.obj
 0001:00065390       SimplelsfQ                 0000000140066390 f   libilbccodec-x86_64-x64-vc14-debug-dynamic:LPCencode.obj
 0001:00065450       LPCencode                  0000000140066450 f   libilbccodec-x86_64-x64-vc14-debug-dynamic:LPCencode.obj
 0001:00065770       FrameClassify              0000000140066770 f   libilbccodec-x86_64-x64-vc14-debug-dynamic:FrameClassify.obj
 0001:00065ea0       AbsQuantW                  0000000140066ea0 f   libilbccodec-x86_64-x64-vc14-debug-dynamic:StateSearchW.obj
 0001:00066180       StateSearchW               0000000140067180 f   libilbccodec-x86_64-x64-vc14-debug-dynamic:StateSearchW.obj
 0001:000666d0       StateConstructW            00000001400676d0 f   libilbccodec-x86_64-x64-vc14-debug-dynamic:StateConstructW.obj
 0001:000669e0       packsplit                  00000001400679e0 f   libilbccodec-x86_64-x64-vc14-debug-dynamic:packing.obj
 0001:00066a60       packcombine                0000000140067a60 f   libilbccodec-x86_64-x64-vc14-debug-dynamic:packing.obj
 0001:00066ab0       dopack                     0000000140067ab0 f   libilbccodec-x86_64-x64-vc14-debug-dynamic:packing.obj
 0001:00066c10       unpack                     0000000140067c10 f   libilbccodec-x86_64-x64-vc14-debug-dynamic:packing.obj
 0001:00066e60       iCBSearch                  0000000140067e60 f   libilbccodec-x86_64-x64-vc14-debug-dynamic:iCBSearch.obj
 0001:00068960       index_conv_enc             0000000140069960 f   libilbccodec-x86_64-x64-vc14-debug-dynamic:iCBConstruct.obj
 0001:00068a00       index_conv_dec             0000000140069a00 f   libilbccodec-x86_64-x64-vc14-debug-dynamic:iCBConstruct.obj
 0001:00068ab0       iCBConstruct               0000000140069ab0 f   libilbccodec-x86_64-x64-vc14-debug-dynamic:iCBConstruct.obj
 0001:00068e20       hpInput                    0000000140069e20 f   libilbccodec-x86_64-x64-vc14-debug-dynamic:hpInput.obj
 0001:00069150       anaFilter                  000000014006a150 f   libilbccodec-x86_64-x64-vc14-debug-dynamic:anaFilter.obj
 0001:00069440       LSFinterpolate2a_dec       000000014006a440 f   libilbccodec-x86_64-x64-vc14-debug-dynamic:LPCdecode.obj
 0001:000694c0       SimplelsfDEQ               000000014006a4c0 f   libilbccodec-x86_64-x64-vc14-debug-dynamic:LPCdecode.obj
 0001:000696d0       DecoderInterpolateLSF      000000014006a6d0 f   libilbccodec-x86_64-x64-vc14-debug-dynamic:LPCdecode.obj
 0001:00069b20       compCorr                   000000014006ab20 f   libilbccodec-x86_64-x64-vc14-debug-dynamic:doCPLC.obj
 0001:00069d90       doThePLC                   000000014006ad90 f   libilbccodec-x86_64-x64-vc14-debug-dynamic:doCPLC.obj
 0001:0006a760       autocorr                   000000014006b760 f   libilbccodec-x86_64-x64-vc14-debug-dynamic:helpfun.obj
 0001:0006a830       window                     000000014006b830 f   libilbccodec-x86_64-x64-vc14-debug-dynamic:helpfun.obj
 0001:0006a8a0       levdurb                    000000014006b8a0 f   libilbccodec-x86_64-x64-vc14-debug-dynamic:helpfun.obj
 0001:0006abe0       interpolate                000000014006bbe0 f   libilbccodec-x86_64-x64-vc14-debug-dynamic:helpfun.obj
 0001:0006ac70       bwexpand                   000000014006bc70 f   libilbccodec-x86_64-x64-vc14-debug-dynamic:helpfun.obj
 0001:0006ad20       vq                         000000014006bd20 f   libilbccodec-x86_64-x64-vc14-debug-dynamic:helpfun.obj
 0001:0006aeb0       SplitVQ                    000000014006beb0 f   libilbccodec-x86_64-x64-vc14-debug-dynamic:helpfun.obj
 0001:0006afd0       sort_sq                    000000014006bfd0 f   libilbccodec-x86_64-x64-vc14-debug-dynamic:helpfun.obj
 0001:0006b0f0       LSF_check                  000000014006c0f0 f   libilbccodec-x86_64-x64-vc14-debug-dynamic:helpfun.obj
 0001:0006b5f0       NearestNeighbor            000000014006c5f0 f   libilbccodec-x86_64-x64-vc14-debug-dynamic:enhancer.obj
 0001:0006b6c0       mycorr1                    000000014006c6c0 f   libilbccodec-x86_64-x64-vc14-debug-dynamic:enhancer.obj
 0001:0006b790       enh_upsample               000000014006c790 f   libilbccodec-x86_64-x64-vc14-debug-dynamic:enhancer.obj
 0001:0006bb80       refiner                    000000014006cb80 f   libilbccodec-x86_64-x64-vc14-debug-dynamic:enhancer.obj
 0001:0006bee0       smath                      000000014006cee0 f   libilbccodec-x86_64-x64-vc14-debug-dynamic:enhancer.obj
 0001:0006c4d0       getsseq                    000000014006d4d0 f   libilbccodec-x86_64-x64-vc14-debug-dynamic:enhancer.obj
 0001:0006c930       enhancer                   000000014006d930 f   libilbccodec-x86_64-x64-vc14-debug-dynamic:enhancer.obj
 0001:0006c9f0       xCorrCoef                  000000014006d9f0 f   libilbccodec-x86_64-x64-vc14-debug-dynamic:enhancer.obj
 0001:0006cad0       enhancerInterface          000000014006dad0 f   libilbccodec-x86_64-x64-vc14-debug-dynamic:enhancer.obj
 0001:0006dbc0       hpOutput                   000000014006ebc0 f   libilbccodec-x86_64-x64-vc14-debug-dynamic:hpOutput.obj
 0001:0006def0       syntFilter                 000000014006eef0 f   libilbccodec-x86_64-x64-vc14-debug-dynamic:syntFilter.obj
 0001:0006e1f0       a2lsf                      000000014006f1f0 f   libilbccodec-x86_64-x64-vc14-debug-dynamic:lsf.obj
 0001:0006e8f0       lsf2a                      000000014006f8f0 f   libilbccodec-x86_64-x64-vc14-debug-dynamic:lsf.obj
 0001:0006f250       AllPoleFilter              0000000140070250 f   libilbccodec-x86_64-x64-vc14-debug-dynamic:filter.obj
 0001:0006f300       AllZeroFilter              0000000140070300 f   libilbccodec-x86_64-x64-vc14-debug-dynamic:filter.obj
 0001:0006f3f0       ZeroPoleFilter             00000001400703f0 f   libilbccodec-x86_64-x64-vc14-debug-dynamic:filter.obj
 0001:0006f450       DownSample                 0000000140070450 f   libilbccodec-x86_64-x64-vc14-debug-dynamic:filter.obj
 0001:0006f8c0       gainquant                  00000001400708c0 f   libilbccodec-x86_64-x64-vc14-debug-dynamic:gainquant.obj
 0001:0006fa10       gaindequant                0000000140070a10 f   libilbccodec-x86_64-x64-vc14-debug-dynamic:gainquant.obj
 0001:0006fb50       filteredCBvecs             0000000140070b50 f   libilbccodec-x86_64-x64-vc14-debug-dynamic:createCB.obj
 0001:0006fcf0       searchAugmentedCB          0000000140070cf0 f   libilbccodec-x86_64-x64-vc14-debug-dynamic:createCB.obj
 0001:00070210       createAugmentedVec         0000000140071210 f   libilbccodec-x86_64-x64-vc14-debug-dynamic:createCB.obj
[...]
 0003:00034a40       __scrt_native_startup_lock 0000000140159a40     MSVCRTD:utility.obj
 0003:00034a90       ?__type_info_root_node@@3U__type_info_node@@A 0000000140159a90     MSVCRTD:tncleanup.obj
 0003:00034aa8       ?_OptionsStorage@?1??__local_stdio_printf_options@@9@4_KA 0000000140159aa8     MSVCRTD:default_local_stdio_options.obj
 0003:00034ab8       ?_OptionsStorage@?1??__local_stdio_scanf_options@@9@4_KA 0000000140159ab8     MSVCRTD:default_local_stdio_options.obj
 0003:00034ac4       __scrt_debugger_hook_flag  0000000140159ac4     MSVCRTD:utility_desktop.obj
 0003:00034ac8       __favor                    0000000140159ac8     MSVCRTD:_cpu_disp_.obj
 0003:00034acc       __isa_available_default    0000000140159acc     opus:celt_encoder.obj
 0003:00034ad0       ?_OptionsStorage@?1??__local_stdio_printf_options@@9@9 0000000140159ad0     <common>
 0003:00034ae4       PJ_NO_MEMORY_EXCEPTION     0000000140159ae4     <common>
 0003:00034b00       bit_string                 0000000140159b00     <common>
 0003:00034fd8       ?_OptionsStorage@?1??__local_stdio_scanf_options@@9@9 0000000140159fd8     <common>
 0003:00034ff0       __dyn_tls_dtor_callback    0000000140159ff0     <common>
 0003:00035008       __dyn_tls_init_callback    000000014015a008     <common>
 0005:00000000       __imp_GetFileSize          0000000140162000     kernel32:KERNEL32.dll
 0005:00000008       __imp_GetModuleHandleW     0000000140162008     kernel32:KERNEL32.dll
 0005:00000010       __imp_GetStartupInfoW      0000000140162010     kernel32:KERNEL32.dll
 0005:00000018       __imp_IsDebuggerPresent    0000000140162018     kernel32:KERNEL32.dll
 0005:00000020       __imp_InitializeSListHead  0000000140162020     kernel32:KERNEL32.dll
 0005:00000028       __imp_GetSystemTimeAsFileTime 0000000140162028     kernel32:KERNEL32.dll
 0005:00000030       __imp_IsProcessorFeaturePresent 0000000140162030     kernel32:KERNEL32.dll
 0005:00000038       __imp_TerminateProcess     0000000140162038     kernel32:KERNEL32.dll
 0005:00000040       __imp_GetCurrentProcess    0000000140162040     kernel32:KERNEL32.dll
 0005:00000048       __imp_SetUnhandledExceptionFilter 0000000140162048     kernel32:KERNEL32.dll
 0005:00000050       __imp_UnhandledExceptionFilter 0000000140162050     kernel32:KERNEL32.dll
 0005:00000058       __imp_RtlVirtualUnwind     0000000140162058     kernel32:KERNEL32.dll
 0005:00000060       __imp_RtlLookupFunctionEntry 0000000140162060     kernel32:KERNEL32.dll
 0005:00000068       __imp_RtlCaptureContext    0000000140162068     kernel32:KERNEL32.dll
 0005:00000070       __imp_LoadLibraryA         0000000140162070     kernel32:KERNEL32.dll
 0005:00000078       __imp_GetProcAddress       0000000140162078     kernel32:KERNEL32.dll
 0005:00000080       __imp_FreeLibrary          0000000140162080     kernel32:KERNEL32.dll
 0005:00000088       __imp_QueryPerformanceFrequency 0000000140162088     kernel32:KERNEL32.dll
 0005:00000090       __imp_QueryPerformanceCounter 0000000140162090     kernel32:KERNEL32.dll
 0005:00000098       __imp_WriteFile            0000000140162098     kernel32:KERNEL32.dll
 0005:000000a0       __imp_SetFilePointer       00000001401620a0     kernel32:KERNEL32.dll
 0005:000000a8       __imp_ReadFile             00000001401620a8     kernel32:KERNEL32.dll
 0005:000000b0       __imp_FlushFileBuffers     00000001401620b0     kernel32:KERNEL32.dll
 0005:000000b8       __imp_MoveFileExA          00000001401620b8     kernel32:KERNEL32.dll
 0005:000000c0       __imp_GetFileTime          00000001401620c0     kernel32:KERNEL32.dll
 0005:000000c8       __imp_FileTimeToLocalFileTime 00000001401620c8     kernel32:KERNEL32.dll
 0005:000000d0       __imp_DeleteFileA          00000001401620d0     kernel32:KERNEL32.dll
 0005:000000d8       __imp_CreateFileA          00000001401620d8     kernel32:KERNEL32.dll
 0005:000000e0       __imp_FormatMessageA       00000001401620e0     kernel32:KERNEL32.dll
 0005:000000e8       __imp_SetLastError         00000001401620e8     kernel32:KERNEL32.dll
 0005:000000f0       __imp_SystemTimeToFileTime 00000001401620f0     kernel32:KERNEL32.dll
 0005:000000f8       __imp_FileTimeToSystemTime 00000001401620f8     kernel32:KERNEL32.dll
 0005:00000100       __imp_GetLocalTime         0000000140162100     kernel32:KERNEL32.dll
 0005:00000108       __imp_SetConsoleTextAttribute 0000000140162108     kernel32:KERNEL32.dll
 0005:00000110       __imp_GetConsoleScreenBufferInfo 0000000140162110     kernel32:KERNEL32.dll
 0005:00000118       __imp_CreateSemaphoreA     0000000140162118     kernel32:KERNEL32.dll
 0005:00000120       __imp_PulseEvent           0000000140162120     kernel32:KERNEL32.dll
 0005:00000128       __imp_TlsFree              0000000140162128     kernel32:KERNEL32.dll
 0005:00000130       __imp_TlsSetValue          0000000140162130     kernel32:KERNEL32.dll
 0005:00000138       __imp_TlsGetValue          0000000140162138     kernel32:KERNEL32.dll
 0005:00000140       __imp_TlsAlloc             0000000140162140     kernel32:KERNEL32.dll
 0005:00000148       __imp_ResumeThread         0000000140162148     kernel32:KERNEL32.dll
 0005:00000150       __imp_GetThreadPriority    0000000140162150     kernel32:KERNEL32.dll
 0005:00000158       __imp_GetCurrentThreadId   0000000140162158     kernel32:KERNEL32.dll
 0005:00000160       __imp_CreateThread         0000000140162160     kernel32:KERNEL32.dll
 0005:00000168       __imp_GetCurrentProcessId  0000000140162168     kernel32:KERNEL32.dll
 0005:00000170       __imp_Sleep                0000000140162170     kernel32:KERNEL32.dll
 0005:00000178       __imp_WaitForSingleObject  0000000140162178     kernel32:KERNEL32.dll
 0005:00000180       __imp_ReleaseSemaphore     0000000140162180     kernel32:KERNEL32.dll
 0005:00000188       __imp_ResetEvent           0000000140162188     kernel32:KERNEL32.dll
 0005:00000190       __imp_DeleteCriticalSection 0000000140162190     kernel32:KERNEL32.dll
 0005:00000198       __imp_TryEnterCriticalSection 0000000140162198     kernel32:KERNEL32.dll
 0005:000001a0       __imp_LeaveCriticalSection 00000001401621a0     kernel32:KERNEL32.dll
 0005:000001a8       __imp_EnterCriticalSection 00000001401621a8     kernel32:KERNEL32.dll
 0005:000001b0       __imp_InitializeCriticalSection 00000001401621b0     kernel32:KERNEL32.dll
 0005:000001b8       __imp_GetLastError         00000001401621b8     kernel32:KERNEL32.dll
 0005:000001c0       __imp_GetStdHandle         00000001401621c0     kernel32:KERNEL32.dll
 0005:000001c8       __imp_WaitForMultipleObjects 00000001401621c8     kernel32:KERNEL32.dll
 0005:000001d0       __imp_SetThreadPriority    00000001401621d0     kernel32:KERNEL32.dll
 0005:000001d8       __imp_GetCurrentThread     00000001401621d8     kernel32:KERNEL32.dll
 0005:000001e0       __imp_CloseHandle          00000001401621e0     kernel32:KERNEL32.dll
 0005:000001e8       __imp_SetEvent             00000001401621e8     kernel32:KERNEL32.dll
 0005:000001f0       __imp_CreateEventA         00000001401621f0     kernel32:KERNEL32.dll
 0005:000001f8       \177KERNEL32_NULL_THUNK_DATA 00000001401621f8     kernel32:KERNEL32.dll
 0005:000002b0       __imp_memcpy               00000001401622b0     vcruntimed:VCRUNTIME140D.dll
 0005:000002b8       __imp_memmove              00000001401622b8     vcruntimed:VCRUNTIME140D.dll
 0005:000002c0       __imp_memchr               00000001401622c0     vcruntimed:VCRUNTIME140D.dll
 0005:000002c8       __imp_strchr               00000001401622c8     vcruntimed:VCRUNTIME140D.dll
 0005:000002d0       __imp_memcmp               00000001401622d0     vcruntimed:VCRUNTIME140D.dll
 0005:000002d8       __imp_longjmp              00000001401622d8     vcruntimed:VCRUNTIME140D.dll
 0005:000002e0       __imp___C_specific_handler 00000001401622e0     vcruntimed:VCRUNTIME140D.dll
 0005:000002e8       __imp___intrinsic_setjmp   00000001401622e8     vcruntimed:VCRUNTIME140D.dll
 0005:000002f0       __imp___std_type_info_destroy_list 00000001401622f0     vcruntimed:VCRUNTIME140D.dll
 0005:000002f8       __imp_memset               00000001401622f8     vcruntimed:VCRUNTIME140D.dll
 0005:00000300       \177VCRUNTIME140D_NULL_THUNK_DATA 0000000140162300     vcruntimed:VCRUNTIME140D.dll
 0005:00000368       __imp_waveOutReset         0000000140162368     winmm:WINMM.dll
 0005:00000370       __imp_waveOutRestart       0000000140162370     winmm:WINMM.dll
 0005:00000378       __imp_waveOutPause         0000000140162378     winmm:WINMM.dll
 0005:00000380       __imp_waveOutWrite         0000000140162380     winmm:WINMM.dll
 0005:00000388       __imp_waveOutUnprepareHeader 0000000140162388     winmm:WINMM.dll
 0005:00000390       __imp_waveOutPrepareHeader 0000000140162390     winmm:WINMM.dll
 0005:00000398       __imp_waveInGetNumDevs     0000000140162398     winmm:WINMM.dll
 0005:000003a0       __imp_waveOutOpen          00000001401623a0     winmm:WINMM.dll
 0005:000003a8       __imp_waveOutSetVolume     00000001401623a8     winmm:WINMM.dll
 0005:000003b0       __imp_waveOutGetVolume     00000001401623b0     winmm:WINMM.dll
 0005:000003b8       __imp_waveOutGetDevCapsA   00000001401623b8     winmm:WINMM.dll
 0005:000003c0       __imp_waveOutGetNumDevs    00000001401623c0     winmm:WINMM.dll
 0005:000003c8       __imp_waveInGetErrorTextA  00000001401623c8     winmm:WINMM.dll
 0005:000003d0       __imp_waveOutGetErrorTextA 00000001401623d0     winmm:WINMM.dll
 0005:000003d8       __imp_waveInGetDevCapsA    00000001401623d8     winmm:WINMM.dll
 0005:000003e0       __imp_waveInOpen           00000001401623e0     winmm:WINMM.dll
 0005:000003e8       __imp_waveInClose          00000001401623e8     winmm:WINMM.dll
 0005:000003f0       __imp_waveInPrepareHeader  00000001401623f0     winmm:WINMM.dll
 0005:000003f8       __imp_waveInUnprepareHeader 00000001401623f8     winmm:WINMM.dll
 0005:00000400       __imp_waveInAddBuffer      0000000140162400     winmm:WINMM.dll
 0005:00000408       __imp_waveInStart          0000000140162408     winmm:WINMM.dll
 0005:00000410       __imp_waveInStop           0000000140162410     winmm:WINMM.dll
 0005:00000418       __imp_waveInReset          0000000140162418     winmm:WINMM.dll
 0005:00000420       __imp_waveOutClose         0000000140162420     winmm:WINMM.dll
 0005:00000428       \177WINMM_NULL_THUNK_DATA  0000000140162428     winmm:WINMM.dll
 0005:000004a0       __imp_closesocket          00000001401624a0     ws2_32:WS2_32.dll
 0005:000004a8       __imp_shutdown             00000001401624a8     ws2_32:WS2_32.dll
 0005:000004b0       __imp_setsockopt           00000001401624b0     ws2_32:WS2_32.dll
 0005:000004b8       __imp_sendto               00000001401624b8     ws2_32:WS2_32.dll
 0005:000004c0       __imp_send                 00000001401624c0     ws2_32:WS2_32.dll
 0005:000004c8       __imp_recvfrom             00000001401624c8     ws2_32:WS2_32.dll
 0005:000004d0       __imp_recv                 00000001401624d0     ws2_32:WS2_32.dll
 0005:000004d8       __imp_ntohs                00000001401624d8     ws2_32:WS2_32.dll
 0005:000004e0       __imp_ntohl                00000001401624e0     ws2_32:WS2_32.dll
 0005:000004e8       __imp_listen               00000001401624e8     ws2_32:WS2_32.dll
 0005:000004f0       __imp_inet_ntoa            00000001401624f0     ws2_32:WS2_32.dll
 0005:000004f8       __imp_inet_addr            00000001401624f8     ws2_32:WS2_32.dll
 0005:00000500       __imp_htons                0000000140162500     ws2_32:WS2_32.dll
 0005:00000508       __imp_htonl                0000000140162508     ws2_32:WS2_32.dll
 0005:00000510       __imp_getsockopt           0000000140162510     ws2_32:WS2_32.dll
 0005:00000518       __imp_getsockname          0000000140162518     ws2_32:WS2_32.dll
 0005:00000520       __imp_getpeername          0000000140162520     ws2_32:WS2_32.dll
 0005:00000528       __imp_connect              0000000140162528     ws2_32:WS2_32.dll
 0005:00000530       __imp_gethostname          0000000140162530     ws2_32:WS2_32.dll
 0005:00000538       __imp_bind                 0000000140162538     ws2_32:WS2_32.dll
 0005:00000540       __imp_accept               0000000140162540     ws2_32:WS2_32.dll
 0005:00000548       __imp_WSAGetLastError      0000000140162548     ws2_32:WS2_32.dll
 0005:00000550       __imp_WSACleanup           0000000140162550     ws2_32:WS2_32.dll
 0005:00000558       __imp_WSAStartup           0000000140162558     ws2_32:WS2_32.dll
 0005:00000560       __imp_WSAIoctl             0000000140162560     ws2_32:WS2_32.dll
 0005:00000568       __imp_WSASocketA           0000000140162568     ws2_32:WS2_32.dll
 0005:00000570       __imp_WSAAddressToStringA  0000000140162570     ws2_32:WS2_32.dll
 0005:00000578       __imp_WSAStringToAddressA  0000000140162578     ws2_32:WS2_32.dll
 0005:00000580       __imp_WSASetLastError      0000000140162580     ws2_32:WS2_32.dll
 0005:00000588       __imp_ioctlsocket          0000000140162588     ws2_32:WS2_32.dll
 0005:00000590       __imp_gethostbyname        0000000140162590     ws2_32:WS2_32.dll
 0005:00000598       __imp___WSAFDIsSet         0000000140162598     ws2_32:WS2_32.dll
 0005:000005a0       __imp_select               00000001401625a0     ws2_32:WS2_32.dll
 0005:000005a8       \177WS2_32_NULL_THUNK_DATA 00000001401625a8     ws2_32:WS2_32.dll
 0005:00000630       __imp_CoCreateGuid         0000000140162630     ole32:ole32.dll
 0005:00000638       \177ole32_NULL_THUNK_DATA  0000000140162638     ole32:ole32.dll
 0005:00000690       __imp_strlen               0000000140162690     ucrtd:ucrtbased.dll
 0005:00000698       __imp___acrt_iob_func      0000000140162698     ucrtd:ucrtbased.dll
 0005:000006a0       __imp_puts                 00000001401626a0     ucrtd:ucrtbased.dll
 0005:000006a8       __imp___stdio_common_vfprintf 00000001401626a8     ucrtd:ucrtbased.dll
 0005:000006b0       __imp__wassert             00000001401626b0     ucrtd:ucrtbased.dll
 0005:000006b8       __imp___stdio_common_vsprintf 00000001401626b8     ucrtd:ucrtbased.dll
 0005:000006c0       __imp_strcpy               00000001401626c0     ucrtd:ucrtbased.dll
 0005:000006c8       __imp_strncpy              00000001401626c8     ucrtd:ucrtbased.dll
 0005:000006d0       __imp__stricmp             00000001401626d0     ucrtd:ucrtbased.dll
 0005:000006d8       __imp_isdigit              00000001401626d8     ucrtd:ucrtbased.dll
 0005:000006e0       __imp_cos                  00000001401626e0     ucrtd:ucrtbased.dll
 0005:000006e8       __imp_isxdigit             00000001401626e8     ucrtd:ucrtbased.dll
 0005:000006f0       __imp_strncmp              00000001401626f0     ucrtd:ucrtbased.dll
 0005:000006f8       __imp__strnicmp            00000001401626f8     ucrtd:ucrtbased.dll
 0005:00000700       __imp_srand                0000000140162700     ucrtd:ucrtbased.dll
 0005:00000708       __imp_rand                 0000000140162708     ucrtd:ucrtbased.dll
 0005:00000710       __imp_isspace              0000000140162710     ucrtd:ucrtbased.dll
 0005:00000718       __imp_free                 0000000140162718     ucrtd:ucrtbased.dll
 0005:00000720       __imp_malloc               0000000140162720     ucrtd:ucrtbased.dll
 0005:00000728       __imp_fmod                 0000000140162728     ucrtd:ucrtbased.dll
 0005:00000730       __imp_exit                 0000000140162730     ucrtd:ucrtbased.dll
 0005:00000738       __imp_fabs                 0000000140162738     ucrtd:ucrtbased.dll
 0005:00000740       __imp_log10                0000000140162740     ucrtd:ucrtbased.dll
 0005:00000748       __imp_pow                  0000000140162748     ucrtd:ucrtbased.dll
 0005:00000750       __imp_sqrt                 0000000140162750     ucrtd:ucrtbased.dll
 0005:00000758       __imp_calloc               0000000140162758     ucrtd:ucrtbased.dll
 0005:00000760       __imp_realloc              0000000140162760     ucrtd:ucrtbased.dll
 0005:00000768       __imp_floor                0000000140162768     ucrtd:ucrtbased.dll
 0005:00000770       __imp_exp                  0000000140162770     ucrtd:ucrtbased.dll
 0005:00000778       __imp_log                  0000000140162778     ucrtd:ucrtbased.dll
 0005:00000780       __imp_acos                 0000000140162780     ucrtd:ucrtbased.dll
 0005:00000788       __imp___stdio_common_vsscanf 0000000140162788     ucrtd:ucrtbased.dll
 0005:00000790       __imp_clock                0000000140162790     ucrtd:ucrtbased.dll
 0005:00000798       __imp__seh_filter_exe      0000000140162798     ucrtd:ucrtbased.dll
 0005:000007a0       __imp__set_app_type        00000001401627a0     ucrtd:ucrtbased.dll
 0005:000007a8       __imp___setusermatherr     00000001401627a8     ucrtd:ucrtbased.dll
 0005:000007b0       __imp__configure_narrow_argv 00000001401627b0     ucrtd:ucrtbased.dll
 0005:000007b8       __imp__initialize_narrow_environment 00000001401627b8     ucrtd:ucrtbased.dll
 0005:000007c0       __imp__get_initial_narrow_environment 00000001401627c0     ucrtd:ucrtbased.dll
 0005:000007c8       __imp__initterm            00000001401627c8     ucrtd:ucrtbased.dll
 0005:000007d0       __imp__initterm_e          00000001401627d0     ucrtd:ucrtbased.dll
 0005:000007d8       __imp__exit                00000001401627d8     ucrtd:ucrtbased.dll
 0005:000007e0       __imp__set_fmode           00000001401627e0     ucrtd:ucrtbased.dll
 0005:000007e8       __imp___p___argc           00000001401627e8     ucrtd:ucrtbased.dll
 0005:000007f0       __imp___p___argv           00000001401627f0     ucrtd:ucrtbased.dll
 0005:000007f8       __imp__cexit               00000001401627f8     ucrtd:ucrtbased.dll
 0005:00000800       __imp__c_exit              0000000140162800     ucrtd:ucrtbased.dll
 0005:00000808       __imp__register_thread_local_exe_atexit_callback 0000000140162808     ucrtd:ucrtbased.dll
 0005:00000810       __imp__configthreadlocale  0000000140162810     ucrtd:ucrtbased.dll
 0005:00000818       __imp__set_new_mode        0000000140162818     ucrtd:ucrtbased.dll
 0005:00000820       __imp___p__commode         0000000140162820     ucrtd:ucrtbased.dll
 0005:00000828       __imp__seh_filter_dll      0000000140162828     ucrtd:ucrtbased.dll
 0005:00000830       __imp__initialize_onexit_table 0000000140162830     ucrtd:ucrtbased.dll
 0005:00000838       __imp__register_onexit_function 0000000140162838     ucrtd:ucrtbased.dll
 0005:00000840       __imp__execute_onexit_table 0000000140162840     ucrtd:ucrtbased.dll
 0005:00000848       __imp__crt_atexit          0000000140162848     ucrtd:ucrtbased.dll
 0005:00000850       __imp__crt_at_quick_exit   0000000140162850     ucrtd:ucrtbased.dll
 0005:00000858       __imp_terminate            0000000140162858     ucrtd:ucrtbased.dll
 0005:00000860       __imp_log10f               0000000140162860     ucrtd:ucrtbased.dll
 0005:00000868       __imp_logf                 0000000140162868     ucrtd:ucrtbased.dll
 0005:00000870       __imp_cosf                 0000000140162870     ucrtd:ucrtbased.dll
 0005:00000878       \177ucrtbased_NULL_THUNK_DATA 0000000140162878     ucrtd:ucrtbased.dll
 0005:00000930       __IMPORT_DESCRIPTOR_ole32  0000000140162930     ole32:ole32.dll
 0005:00000944       __IMPORT_DESCRIPTOR_WS2_32 0000000140162944     ws2_32:WS2_32.dll
 0005:00000958       __IMPORT_DESCRIPTOR_WINMM  0000000140162958     winmm:WINMM.dll
 0005:0000096c       __IMPORT_DESCRIPTOR_KERNEL32 000000014016296c     kernel32:KERNEL32.dll
 0005:00000980       __IMPORT_DESCRIPTOR_VCRUNTIME140D 0000000140162980     vcruntimed:VCRUNTIME140D.dll
 0005:00000994       __IMPORT_DESCRIPTOR_ucrtbased 0000000140162994     ucrtd:ucrtbased.dll
 0005:000009a8       __NULL_IMPORT_DESCRIPTOR   00000001401629a8     ole32:ole32.dll
 0007:00000000       __guard_check_icall_fptr   0000000140166000     MSVCRTD:guard_support.obj
 0007:00000010       __guard_dispatch_icall_fptr 0000000140166010     MSVCRTD:guard_support.obj
