 encdec

 Timestamp is 60aeb744 (Wed May 26 23:01:56 2021)

 Preferred load address is 0000000140000000

 Start         Length     Name                   Class
 0001:00000000 000fe700H .text$mn                CODE
 0001:000fe700 00001040H .text$mn$00             CODE
 0001:000ff740 0000108dH .text$x                 CODE
 0002:00000000 00000110H .CRT$XCA                DATA
 0002:00000110 00000110H .CRT$XCAA               DATA
 0002:00000220 00000110H .CRT$XCZ                DATA
 0002:00000330 00000110H .CRT$XIA                DATA
 0002:00000440 00000110H .CRT$XIAA               DATA
 0002:00000550 00000110H .CRT$XIAC               DATA
 0002:00000660 00000110H .CRT$XIZ                DATA
 0002:00000770 00000110H .CRT$XPA                DATA
 0002:00000880 00000110H .CRT$XPZ                DATA
 0002:00000990 00000110H .CRT$XTA                DATA
 0002:00000aa0 00000110H .CRT$XTZ                DATA
 0002:00000bb0 0001ed50H .rdata                  DATA
 0002:0001f900 00000110H .rdata$CastGuardVftablesA DATA
 0002:0001fa10 0000010cH .rdata$CastGuardVftablesC DATA
 0002:0001fb1c 000001fcH .rdata$zzzdbg           DATA
 0002:0001fd18 00000110H .rtc$IAA                DATA
 0002:0001fe28 00000110H .rtc$IZZ                DATA
 0002:0001ff38 00000110H .rtc$TAA                DATA
 0002:00020048 00000110H .rtc$TZZ                DATA
 0002:00020158 00007ccbH .xdata                  DATA
 0002:00027e23 00000000H .edata                  DATA
 0003:00000000 0003ff00H .data                   DATA
 0003:0003ff00 00002bd9H .bss                    DATA
 0004:00000000 00006930H .pdata                  DATA
 0005:00000000 00000940H .idata$5                DATA
 0005:00000940 00000078H .idata$2                DATA
 0005:000009b8 00000018H .idata$3                DATA
 0005:000009d0 00000940H .idata$4                DATA
 0005:00001310 00000d7aH .idata$6                DATA
 0006:00000000 00000151H .00cfg                  DATA
 0007:00000000 00000953H _RDATA                  DATA

  Address         Publics by Value              Rva+Base               Lib:Object

 0000:00000000       __guard_iat_table          0000000000000000     <absolute>
 0000:00000000       __guard_fids_table         0000000000000000     <absolute>
 0000:00000000       __volatile_metadata        0000000000000000     <absolute>
 0000:00000000       __guard_check_icall_a64n_fptr 0000000000000000     <absolute>
 0000:00000000       __AbsoluteZero             0000000000000000     <absolute>
 0000:00000000       __arm64x_extra_rfe_table   0000000000000000     <absolute>
 0000:00000000       __hybrid_auxiliary_iat_copy 0000000000000000     <absolute>
 0000:00000000       __hybrid_auxiliary_iat     0000000000000000     <absolute>
 0000:00000000       __dynamic_value_reloc_table 0000000000000000     <absolute>
 0000:00000000       __guard_longjmp_count      0000000000000000     <absolute>
 0000:00000000       __guard_iat_count          0000000000000000     <absolute>
 0000:00000000       __guard_fids_count         0000000000000000     <absolute>
 0000:00000000       __arm64x_redirection_metadata_count 0000000000000000     <absolute>
 0000:00000000       __enclave_config           0000000000000000     <absolute>
 0000:00000000       __guard_eh_cont_count      0000000000000000     <absolute>
 0000:00000000       __arm64x_extra_rfe_table_size 0000000000000000     <absolute>
 0000:00000000       __hybrid_code_map_count    0000000000000000     <absolute>
 0000:00000000       __hybrid_code_map          0000000000000000     <absolute>
 0000:00000000       ___safe_se_handler_table   0000000000000000     <absolute>
 0000:00000000       __arm64x_redirection_metadata 0000000000000000     <absolute>
 0000:00000000       __guard_eh_cont_table      0000000000000000     <absolute>
 0000:00000000       __guard_longjmp_table      0000000000000000     <absolute>
 0000:00000000       __x64_code_ranges_to_entry_points 0000000000000000     <absolute>
 0000:00000000       __arm64x_native_entrypoint 0000000000000000     <absolute>
 0000:00000000       ___safe_se_handler_count   0000000000000000     <absolute>
 0000:00000000       __x64_code_ranges_to_entry_points_count 0000000000000000     <absolute>
 0000:00000100       __guard_flags              0000000000000100     <absolute>
 0000:00000000       __ImageBase                0000000140000000     <linker-defined>
 0001:00003b60       main                       0000000140004b60 f   encdec.obj
 0001:000040c0       __local_stdio_printf_options 00000001400050c0 f i encdec.obj
 0001:000040d0       _vfprintf_l                00000001400050d0 f i encdec.obj
 0001:00004130       printf                     0000000140005130 f i encdec.obj
 0001:000041d0       pjmedia_audio_codec_config_default 00000001400051d0 f   pjmedia-codec-x86_64-x64-vc14-debug-dynamic:audio_codecs.obj
 0001:00004240       pjmedia_codec_register_audio_codecs 0000000140005240 f   pjmedia-codec-x86_64-x64-vc14-debug-dynamic:audio_codecs.obj
 0001:00004650       pjmedia_codec_g722_init    0000000140005650 f   pjmedia-codec-x86_64-x64-vc14-debug-dynamic:g722.obj
 0001:00004770       pjmedia_codec_g722_deinit  0000000140005770 f   pjmedia-codec-x86_64-x64-vc14-debug-dynamic:g722.obj
 0001:00004800       pjmedia_codec_g722_set_pcm_shift 0000000140005800 f   pjmedia-codec-x86_64-x64-vc14-debug-dynamic:g722.obj
 0001:00005f50       pjmedia_codec_gsm_init     0000000140006f50 f   pjmedia-codec-x86_64-x64-vc14-debug-dynamic:gsm.obj
 0001:00006070       pjmedia_codec_gsm_deinit   0000000140007070 f   pjmedia-codec-x86_64-x64-vc14-debug-dynamic:gsm.obj
 0001:000074c0       pjmedia_codec_ilbc_init    00000001400084c0 f   pjmedia-codec-x86_64-x64-vc14-debug-dynamic:ilbc.obj
 0001:00007630       pjmedia_codec_ilbc_deinit  0000000140008630 f   pjmedia-codec-x86_64-x64-vc14-debug-dynamic:ilbc.obj
 0001:00009040       _snprintf                  000000014000a040 f i pjmedia-codec-x86_64-x64-vc14-debug-dynamic:ilbc.obj
 0001:000090b0       _vsnprintf                 000000014000a0b0 f i pjmedia-codec-x86_64-x64-vc14-debug-dynamic:ilbc.obj
 0001:00009100       _vsnprintf_l               000000014000a100 f i pjmedia-codec-x86_64-x64-vc14-debug-dynamic:ilbc.obj
 0001:00009240       pjmedia_codec_l16_init     000000014000a240 f   pjmedia-codec-x86_64-x64-vc14-debug-dynamic:l16.obj
 0001:00009380       pjmedia_codec_l16_deinit   000000014000a380 f   pjmedia-codec-x86_64-x64-vc14-debug-dynamic:l16.obj
 0001:0000abd0       pjmedia_codec_opus_init    000000014000bbd0 f   pjmedia-codec-x86_64-x64-vc14-debug-dynamic:opus.obj
 0001:0000ad60       pjmedia_codec_opus_deinit  000000014000bd60 f   pjmedia-codec-x86_64-x64-vc14-debug-dynamic:opus.obj
 0001:0000ae40       pjmedia_codec_opus_get_config 000000014000be40 f   pjmedia-codec-x86_64-x64-vc14-debug-dynamic:opus.obj
 0001:0000aeb0       pjmedia_codec_opus_set_default_param 000000014000beb0 f   pjmedia-codec-x86_64-x64-vc14-debug-dynamic:opus.obj
 0001:0000e280       pjmedia_codec_speex_init   000000014000f280 f   pjmedia-codec-x86_64-x64-vc14-debug-dynamic:speex_codec.obj
 0001:0000e700       pjmedia_codec_speex_init_default 000000014000f700 f   pjmedia-codec-x86_64-x64-vc14-debug-dynamic:speex_codec.obj
 0001:0000e730       pjmedia_codec_speex_set_param 000000014000f730 f   pjmedia-codec-x86_64-x64-vc14-debug-dynamic:speex_codec.obj
 0001:0000e8f0       pjmedia_codec_speex_deinit 000000014000f8f0 f   pjmedia-codec-x86_64-x64-vc14-debug-dynamic:speex_codec.obj
 0001:000106a0       g722_enc_init              00000001400116a0 f   pjmedia-codec-x86_64-x64-vc14-debug-dynamic:g722_enc.obj
 0001:00010720       g722_enc_encode            0000000140011720 f   pjmedia-codec-x86_64-x64-vc14-debug-dynamic:g722_enc.obj
 0001:00010a20       g722_enc_deinit            0000000140011a20 f   pjmedia-codec-x86_64-x64-vc14-debug-dynamic:g722_enc.obj
 0001:00012c90       g722_dec_init              0000000140013c90 f   pjmedia-codec-x86_64-x64-vc14-debug-dynamic:g722_dec.obj
 0001:00012d10       g722_dec_decode            0000000140013d10 f   pjmedia-codec-x86_64-x64-vc14-debug-dynamic:g722_dec.obj
 0001:00012fd0       g722_dec_deinit            0000000140013fd0 f   pjmedia-codec-x86_64-x64-vc14-debug-dynamic:g722_dec.obj
 0001:000151c0       pjmedia_aud_subsys_init    00000001400161c0 f   pjmedia-audiodev-x86_64-x64-vc14-debug-dynamic:audiodev.obj
 0001:00015310       pjmedia_aud_subsys_get_pool_factory 0000000140016310 f   pjmedia-audiodev-x86_64-x64-vc14-debug-dynamic:audiodev.obj
 0001:00015340       pjmedia_aud_subsys_shutdown 0000000140016340 f   pjmedia-audiodev-x86_64-x64-vc14-debug-dynamic:audiodev.obj
 0001:000153c0       pjmedia_aud_register_factory 00000001400163c0 f   pjmedia-audiodev-x86_64-x64-vc14-debug-dynamic:audiodev.obj
 0001:00015450       pjmedia_aud_unregister_factory 0000000140016450 f   pjmedia-audiodev-x86_64-x64-vc14-debug-dynamic:audiodev.obj
 0001:00015600       pjmedia_audiodev_strerror  0000000140016600 f   pjmedia-audiodev-x86_64-x64-vc14-debug-dynamic:errno.obj
 0001:00017310       pjmedia_wmme_factory       0000000140018310 f   pjmedia-audiodev-x86_64-x64-vc14-debug-dynamic:wmme_dev.obj
 0001:000198b0       pjmedia_port_info_init     000000014001a8b0 f   pjmedia-x86_64-x64-vc14-debug-dynamic:port.obj
 0001:00019a00       pjmedia_port_info_init2    000000014001aa00 f   pjmedia-x86_64-x64-vc14-debug-dynamic:port.obj
 0001:00019a80       pjmedia_port_get_clock_src 000000014001aa80 f   pjmedia-x86_64-x64-vc14-debug-dynamic:port.obj
 0001:00019ad0       pjmedia_port_get_frame     000000014001aad0 f   pjmedia-x86_64-x64-vc14-debug-dynamic:port.obj
 0001:00019b70       pjmedia_port_put_frame     000000014001ab70 f   pjmedia-x86_64-x64-vc14-debug-dynamic:port.obj
 0001:00019c00       pjmedia_port_destroy       000000014001ac00 f   pjmedia-x86_64-x64-vc14-debug-dynamic:port.obj
 0001:00019ea0       pjmedia_codec_param_clone  000000014001aea0 f   pjmedia-x86_64-x64-vc14-debug-dynamic:codec.obj
 0001:0001a060       pjmedia_codec_mgr_init     000000014001b060 f   pjmedia-x86_64-x64-vc14-debug-dynamic:codec.obj
 0001:0001a170       pjmedia_codec_mgr_destroy  000000014001b170 f   pjmedia-x86_64-x64-vc14-debug-dynamic:codec.obj
 0001:0001a2e0       pjmedia_codec_mgr_register_factory 000000014001b2e0 f   pjmedia-x86_64-x64-vc14-debug-dynamic:codec.obj
 0001:0001a5a0       pjmedia_codec_mgr_unregister_factory 000000014001b5a0 f   pjmedia-x86_64-x64-vc14-debug-dynamic:codec.obj
 0001:0001a750       pjmedia_codec_mgr_enum_codecs 000000014001b750 f   pjmedia-x86_64-x64-vc14-debug-dynamic:codec.obj
 0001:0001a8b0       pjmedia_codec_mgr_get_codec_info 000000014001b8b0 f   pjmedia-x86_64-x64-vc14-debug-dynamic:codec.obj
 0001:0001a9c0       pjmedia_codec_info_to_id   000000014001b9c0 f   pjmedia-x86_64-x64-vc14-debug-dynamic:codec.obj
 0001:0001aab0       pjmedia_codec_mgr_find_codecs_by_id 000000014001bab0 f   pjmedia-x86_64-x64-vc14-debug-dynamic:codec.obj
 0001:0001ac60       pjmedia_codec_mgr_set_codec_priority 000000014001bc60 f   pjmedia-x86_64-x64-vc14-debug-dynamic:codec.obj
 0001:0001ada0       pjmedia_codec_mgr_get_default_param 000000014001bda0 f   pjmedia-x86_64-x64-vc14-debug-dynamic:codec.obj
 0001:0001b050       pjmedia_codec_mgr_set_default_param 000000014001c050 f   pjmedia-x86_64-x64-vc14-debug-dynamic:codec.obj
 0001:0001b310       pjmedia_codec_mgr_alloc_codec 000000014001c310 f   pjmedia-x86_64-x64-vc14-debug-dynamic:codec.obj
 0001:0001b440       pjmedia_codec_mgr_dealloc_codec 000000014001c440 f   pjmedia-x86_64-x64-vc14-debug-dynamic:codec.obj
 0001:0001bdc0       pjmedia_endpt_create2      000000014001cdc0 f   pjmedia-x86_64-x64-vc14-debug-dynamic:endpoint.obj
 0001:0001c140       pjmedia_endpt_destroy2     000000014001d140 f   pjmedia-x86_64-x64-vc14-debug-dynamic:endpoint.obj
 0001:0001c210       pjmedia_endpt_set_flag     000000014001d210 f   pjmedia-x86_64-x64-vc14-debug-dynamic:endpoint.obj
 0001:0001c2a0       pjmedia_endpt_get_flag     000000014001d2a0 f   pjmedia-x86_64-x64-vc14-debug-dynamic:endpoint.obj
 0001:0001c330       pjmedia_endpt_get_ioqueue  000000014001d330 f   pjmedia-x86_64-x64-vc14-debug-dynamic:endpoint.obj
 0001:0001c390       pjmedia_endpt_get_thread_count 000000014001d390 f   pjmedia-x86_64-x64-vc14-debug-dynamic:endpoint.obj
 0001:0001c3f0       pjmedia_endpt_get_thread   000000014001d3f0 f   pjmedia-x86_64-x64-vc14-debug-dynamic:endpoint.obj
 0001:0001c4a0       pjmedia_endpt_stop_threads 000000014001d4a0 f   pjmedia-x86_64-x64-vc14-debug-dynamic:endpoint.obj
 0001:0001c580       pjmedia_endpt_create_pool  000000014001d580 f   pjmedia-x86_64-x64-vc14-debug-dynamic:endpoint.obj
 0001:0001c5f0       pjmedia_endpt_get_codec_mgr 000000014001d5f0 f   pjmedia-x86_64-x64-vc14-debug-dynamic:endpoint.obj
 0001:0001c610       pjmedia_endpt_create_sdp   000000014001d610 f   pjmedia-x86_64-x64-vc14-debug-dynamic:endpoint.obj
 0001:0001c7c0       pjmedia_endpt_create_base_sdp 000000014001d7c0 f   pjmedia-x86_64-x64-vc14-debug-dynamic:endpoint.obj
 0001:0001ca50       pjmedia_endpt_create_audio_sdp 000000014001da50 f   pjmedia-x86_64-x64-vc14-debug-dynamic:endpoint.obj
 0001:0001d660       pjmedia_endpt_dump         000000014001e660 f   pjmedia-x86_64-x64-vc14-debug-dynamic:endpoint.obj
 0001:0001da80       pjmedia_endpt_atexit       000000014001ea80 f   pjmedia-x86_64-x64-vc14-debug-dynamic:endpoint.obj
 0001:0001e7e0       _vsprintf_l                000000014001f7e0 f i pjmedia-x86_64-x64-vc14-debug-dynamic:endpoint.obj
 0001:0001e840       sprintf                    000000014001f840 f i pjmedia-x86_64-x64-vc14-debug-dynamic:endpoint.obj
 0001:0001e980       pjmedia_wav_player_port_create 000000014001f980 f   pjmedia-x86_64-x64-vc14-debug-dynamic:wav_player.obj
 0001:0001f170       pjmedia_wav_player_get_info 0000000140020170 f   pjmedia-x86_64-x64-vc14-debug-dynamic:wav_player.obj
 0001:0001f320       pjmedia_wav_player_get_len 0000000140020320 f   pjmedia-x86_64-x64-vc14-debug-dynamic:wav_player.obj
 0001:0001f3f0       pjmedia_wav_player_port_set_pos 00000001400203f0 f   pjmedia-x86_64-x64-vc14-debug-dynamic:wav_player.obj
 0001:0001f590       pjmedia_wav_player_port_get_pos 0000000140020590 f   pjmedia-x86_64-x64-vc14-debug-dynamic:wav_player.obj
 0001:0001f6e0       pjmedia_wav_player_set_eof_cb 00000001400206e0 f   pjmedia-x86_64-x64-vc14-debug-dynamic:wav_player.obj
 0001:0001f7d0       pjmedia_wav_player_set_eof_cb2 00000001400207d0 f   pjmedia-x86_64-x64-vc14-debug-dynamic:wav_player.obj
 0001:00020d40       pjmedia_wav_writer_port_create 0000000140021d40 f   pjmedia-x86_64-x64-vc14-debug-dynamic:wav_writer.obj
 0001:00021380       pjmedia_wav_writer_port_get_pos 0000000140022380 f   pjmedia-x86_64-x64-vc14-debug-dynamic:wav_writer.obj
 0001:00021430       pjmedia_wav_writer_port_set_cb 0000000140022430 f   pjmedia-x86_64-x64-vc14-debug-dynamic:wav_writer.obj
 0001:00021550       pjmedia_wav_writer_port_set_cb2 0000000140022550 f   pjmedia-x86_64-x64-vc14-debug-dynamic:wav_writer.obj
 0001:000223d0       pjmedia_codec_g711_init    00000001400233d0 f   pjmedia-x86_64-x64-vc14-debug-dynamic:g711.obj
 0001:00022510       pjmedia_codec_g711_deinit  0000000140023510 f   pjmedia-x86_64-x64-vc14-debug-dynamic:g711.obj
 0001:00023860       pjmedia_plc_create         0000000140024860 f   pjmedia-x86_64-x64-vc14-debug-dynamic:plc_common.obj
 0001:00023980       pjmedia_plc_save           0000000140024980 f   pjmedia-x86_64-x64-vc14-debug-dynamic:plc_common.obj
 0001:00023a00       pjmedia_plc_generate       0000000140024a00 f   pjmedia-x86_64-x64-vc14-debug-dynamic:plc_common.obj
 0001:00023cb0       pjmedia_silence_det_create 0000000140024cb0 f   pjmedia-x86_64-x64-vc14-debug-dynamic:silencedet.obj
 0001:00023dc0       pjmedia_silence_det_set_name 0000000140024dc0 f   pjmedia-x86_64-x64-vc14-debug-dynamic:silencedet.obj
 0001:00023e60       pjmedia_silence_det_set_fixed 0000000140024e60 f   pjmedia-x86_64-x64-vc14-debug-dynamic:silencedet.obj
 0001:00023ee0       pjmedia_silence_det_set_adaptive 0000000140024ee0 f   pjmedia-x86_64-x64-vc14-debug-dynamic:silencedet.obj
 0001:00023f60       pjmedia_silence_det_set_params 0000000140024f60 f   pjmedia-x86_64-x64-vc14-debug-dynamic:silencedet.obj
 0001:00024010       pjmedia_silence_det_disable 0000000140025010 f   pjmedia-x86_64-x64-vc14-debug-dynamic:silencedet.obj
 0001:00024070       pjmedia_silence_det_detect 0000000140025070 f   pjmedia-x86_64-x64-vc14-debug-dynamic:silencedet.obj
 0001:000240d0       pjmedia_calc_avg_signal    00000001400250d0 f   pjmedia-x86_64-x64-vc14-debug-dynamic:silencedet.obj
 0001:00024180       pjmedia_silence_det_apply  0000000140025180 f   pjmedia-x86_64-x64-vc14-debug-dynamic:silencedet.obj
 0001:000247e0       pjmedia_get_aud_subsys     00000001400257e0 f   pjmedia-x86_64-x64-vc14-debug-dynamic:audiodev.obj
 0001:000247f0       pjmedia_aud_driver_init    00000001400257f0 f   pjmedia-x86_64-x64-vc14-debug-dynamic:audiodev.obj
 0001:00024b50       pjmedia_aud_driver_deinit  0000000140025b50 f   pjmedia-x86_64-x64-vc14-debug-dynamic:audiodev.obj
 0001:00024bf0       pjmedia_aud_dev_cap_name   0000000140025bf0 f   pjmedia-x86_64-x64-vc14-debug-dynamic:audiodev.obj
 0001:00024cb0       pjmedia_aud_param_set_cap  0000000140025cb0 f   pjmedia-x86_64-x64-vc14-debug-dynamic:audiodev.obj
 0001:00024d30       pjmedia_aud_param_get_cap  0000000140025d30 f   pjmedia-x86_64-x64-vc14-debug-dynamic:audiodev.obj
 0001:00024dc0       pjmedia_aud_dev_refresh    0000000140025dc0 f   pjmedia-x86_64-x64-vc14-debug-dynamic:audiodev.obj
 0001:00024ea0       pjmedia_aud_dev_count      0000000140025ea0 f   pjmedia-x86_64-x64-vc14-debug-dynamic:audiodev.obj
 0001:00024eb0       pjmedia_aud_dev_get_info   0000000140025eb0 f   pjmedia-x86_64-x64-vc14-debug-dynamic:audiodev.obj
 0001:00024f90       pjmedia_aud_dev_lookup     0000000140025f90 f   pjmedia-x86_64-x64-vc14-debug-dynamic:audiodev.obj
 0001:000251c0       pjmedia_aud_dev_default_param 00000001400261c0 f   pjmedia-x86_64-x64-vc14-debug-dynamic:audiodev.obj
 0001:000252f0       pjmedia_aud_stream_create  00000001400262f0 f   pjmedia-x86_64-x64-vc14-debug-dynamic:audiodev.obj
 0001:00025640       pjmedia_aud_stream_get_param 0000000140026640 f   pjmedia-x86_64-x64-vc14-debug-dynamic:audiodev.obj
 0001:00025740       pjmedia_aud_stream_get_cap 0000000140026740 f   pjmedia-x86_64-x64-vc14-debug-dynamic:audiodev.obj
 0001:00025780       pjmedia_aud_stream_set_cap 0000000140026780 f   pjmedia-x86_64-x64-vc14-debug-dynamic:audiodev.obj
 0001:000257c0       pjmedia_aud_stream_start   00000001400267c0 f   pjmedia-x86_64-x64-vc14-debug-dynamic:audiodev.obj
 0001:000257f0       pjmedia_aud_stream_stop    00000001400267f0 f   pjmedia-x86_64-x64-vc14-debug-dynamic:audiodev.obj
 0001:00025820       pjmedia_aud_stream_destroy 0000000140026820 f   pjmedia-x86_64-x64-vc14-debug-dynamic:audiodev.obj
 0001:000263b0       pjmedia_event_mgr_create   00000001400273b0 f   pjmedia-x86_64-x64-vc14-debug-dynamic:event.obj
 0001:00026550       pjmedia_event_mgr_instance 0000000140027550 f   pjmedia-x86_64-x64-vc14-debug-dynamic:event.obj
 0001:00026560       pjmedia_event_mgr_set_instance 0000000140027560 f   pjmedia-x86_64-x64-vc14-debug-dynamic:event.obj
 0001:00026580       pjmedia_event_mgr_destroy  0000000140027580 f   pjmedia-x86_64-x64-vc14-debug-dynamic:event.obj
 0001:00026690       pjmedia_event_init         0000000140027690 f   pjmedia-x86_64-x64-vc14-debug-dynamic:event.obj
 0001:00026710       pjmedia_event_subscribe    0000000140027710 f   pjmedia-x86_64-x64-vc14-debug-dynamic:event.obj
 0001:000268f0       pjmedia_event_unsubscribe  00000001400278f0 f   pjmedia-x86_64-x64-vc14-debug-dynamic:event.obj
 0001:00026ad0       pjmedia_event_publish      0000000140027ad0 f   pjmedia-x86_64-x64-vc14-debug-dynamic:event.obj
 0001:00027400       pjmedia_format_copy        0000000140028400 f   pjmedia-x86_64-x64-vc14-debug-dynamic:format.obj
 0001:00027430       pjmedia_format_get_audio_format_detail 0000000140028430 f   pjmedia-x86_64-x64-vc14-debug-dynamic:format.obj
 0001:00027500       pjmedia_sdp_attr_create    0000000140028500 f   pjmedia-x86_64-x64-vc14-debug-dynamic:sdp.obj
 0001:000275e0       pjmedia_sdp_attr_clone     00000001400285e0 f   pjmedia-x86_64-x64-vc14-debug-dynamic:sdp.obj
 0001:000276a0       pjmedia_sdp_attr_find      00000001400286a0 f   pjmedia-x86_64-x64-vc14-debug-dynamic:sdp.obj
 0001:000277b0       pjmedia_sdp_attr_find2     00000001400287b0 f   pjmedia-x86_64-x64-vc14-debug-dynamic:sdp.obj
 0001:00027810       pjmedia_sdp_attr_add       0000000140028810 f   pjmedia-x86_64-x64-vc14-debug-dynamic:sdp.obj
 0001:000278f0       pjmedia_sdp_attr_remove_all 00000001400288f0 f   pjmedia-x86_64-x64-vc14-debug-dynamic:sdp.obj
 0001:00027a50       pjmedia_sdp_attr_remove    0000000140028a50 f   pjmedia-x86_64-x64-vc14-debug-dynamic:sdp.obj
 0001:00027ba0       pjmedia_sdp_attr_to_rtpmap 0000000140028ba0 f   pjmedia-x86_64-x64-vc14-debug-dynamic:sdp.obj
 0001:00027c80       pjmedia_sdp_attr_get_rtpmap 0000000140028c80 f   pjmedia-x86_64-x64-vc14-debug-dynamic:sdp.obj
 0001:00028000       pjmedia_sdp_rtpmap_to_attr 0000000140029000 f   pjmedia-x86_64-x64-vc14-debug-dynamic:sdp.obj
 0001:000282d0       pjmedia_sdp_attr_get_fmtp  00000001400292d0 f   pjmedia-x86_64-x64-vc14-debug-dynamic:sdp.obj
 0001:00028440       pjmedia_sdp_attr_get_rtcp  0000000140029440 f   pjmedia-x86_64-x64-vc14-debug-dynamic:sdp.obj
 0001:00028670       pjmedia_sdp_attr_create_rtcp 0000000140029670 f   pjmedia-x86_64-x64-vc14-debug-dynamic:sdp.obj
 0001:00028830       pjmedia_sdp_attr_get_ssrc  0000000140029830 f   pjmedia-x86_64-x64-vc14-debug-dynamic:sdp.obj
 0001:00028a50       pjmedia_sdp_attr_create_ssrc 0000000140029a50 f   pjmedia-x86_64-x64-vc14-debug-dynamic:sdp.obj
 0001:00028b40       pjmedia_sdp_conn_clone     0000000140029b40 f   pjmedia-x86_64-x64-vc14-debug-dynamic:sdp.obj
 0001:00028c00       pjmedia_sdp_bandw_clone    0000000140029c00 f   pjmedia-x86_64-x64-vc14-debug-dynamic:sdp.obj
 0001:00028c80       pjmedia_sdp_media_clone    0000000140029c80 f   pjmedia-x86_64-x64-vc14-debug-dynamic:sdp.obj
 0001:00028fc0       pjmedia_sdp_media_find_attr 0000000140029fc0 f   pjmedia-x86_64-x64-vc14-debug-dynamic:sdp.obj
 0001:00029050       pjmedia_sdp_media_find_attr2 000000014002a050 f   pjmedia-x86_64-x64-vc14-debug-dynamic:sdp.obj
 0001:000290e0       pjmedia_sdp_media_add_attr 000000014002a0e0 f   pjmedia-x86_64-x64-vc14-debug-dynamic:sdp.obj
 0001:00029120       pjmedia_sdp_media_remove_all_attr 000000014002a120 f   pjmedia-x86_64-x64-vc14-debug-dynamic:sdp.obj
 0001:00029160       pjmedia_sdp_media_remove_attr 000000014002a160 f   pjmedia-x86_64-x64-vc14-debug-dynamic:sdp.obj
 0001:000291a0       pjmedia_sdp_transport_cmp  000000014002a1a0 f   pjmedia-x86_64-x64-vc14-debug-dynamic:sdp.obj
 0001:00029220       pjmedia_sdp_transport_get_proto 000000014002a220 f   pjmedia-x86_64-x64-vc14-debug-dynamic:sdp.obj
 0001:000293e0       pjmedia_sdp_media_deactivate 000000014002a3e0 f   pjmedia-x86_64-x64-vc14-debug-dynamic:sdp.obj
 0001:00029450       pjmedia_sdp_media_clone_deactivate 000000014002a450 f   pjmedia-x86_64-x64-vc14-debug-dynamic:sdp.obj
 0001:000296c0       pjmedia_sdp_parse          000000014002a6c0 f   pjmedia-x86_64-x64-vc14-debug-dynamic:sdp.obj
 0001:00029d40       pjmedia_sdp_print          000000014002ad40 f   pjmedia-x86_64-x64-vc14-debug-dynamic:sdp.obj
 0001:00029d80       pjmedia_sdp_validate       000000014002ad80 f   pjmedia-x86_64-x64-vc14-debug-dynamic:sdp.obj
 0001:00029db0       pjmedia_sdp_validate2      000000014002adb0 f   pjmedia-x86_64-x64-vc14-debug-dynamic:sdp.obj
 0001:0002a0f0       pjmedia_sdp_session_clone  000000014002b0f0 f   pjmedia-x86_64-x64-vc14-debug-dynamic:sdp.obj
 0001:0002a430       pjmedia_sdp_session_add_attr 000000014002b430 f   pjmedia-x86_64-x64-vc14-debug-dynamic:sdp.obj
 0001:0002d130       pjmedia_strerror           000000014002e130 f   pjmedia-x86_64-x64-vc14-debug-dynamic:errno.obj
 0001:0002d4a0       pjmedia_wave_hdr_file_to_host 000000014002e4a0 f   pjmedia-x86_64-x64-vc14-debug-dynamic:wave.obj
 0001:0002d4c0       pjmedia_wave_hdr_host_to_file 000000014002e4c0 f   pjmedia-x86_64-x64-vc14-debug-dynamic:wave.obj
 0001:0002d500       pjmedia_wsola_create       000000014002e500 f   pjmedia-x86_64-x64-vc14-debug-dynamic:wsola.obj
 0001:0002d910       pjmedia_wsola_set_max_expand 000000014002e910 f   pjmedia-x86_64-x64-vc14-debug-dynamic:wsola.obj
 0001:0002d990       pjmedia_wsola_destroy      000000014002e990 f   pjmedia-x86_64-x64-vc14-debug-dynamic:wsola.obj
 0001:0002d9a0       pjmedia_wsola_reset        000000014002e9a0 f   pjmedia-x86_64-x64-vc14-debug-dynamic:wsola.obj
 0001:0002da70       pjmedia_wsola_save         000000014002ea70 f   pjmedia-x86_64-x64-vc14-debug-dynamic:wsola.obj
 0001:0002e0a0       pjmedia_wsola_generate     000000014002f0a0 f   pjmedia-x86_64-x64-vc14-debug-dynamic:wsola.obj
 0001:0002e1c0       pjmedia_wsola_discard      000000014002f1c0 f   pjmedia-x86_64-x64-vc14-debug-dynamic:wsola.obj
 0001:00030a50       pjmedia_srtp_init_lib      0000000140031a50 f   pjmedia-x86_64-x64-vc14-debug-dynamic:transport_srtp.obj
 0001:00030b20       pjmedia_srtp_setting_default 0000000140031b20 f   pjmedia-x86_64-x64-vc14-debug-dynamic:transport_srtp.obj
 0001:00030b80       pjmedia_srtp_enum_crypto   0000000140031b80 f   pjmedia-x86_64-x64-vc14-debug-dynamic:transport_srtp.obj
 0001:00030c90       pjmedia_srtp_enum_keying   0000000140031c90 f   pjmedia-x86_64-x64-vc14-debug-dynamic:transport_srtp.obj
 0001:00030d40       pjmedia_transport_srtp_create 0000000140031d40 f   pjmedia-x86_64-x64-vc14-debug-dynamic:transport_srtp.obj
 0001:000312a0       pjmedia_transport_srtp_dtls_get_fingerprint 00000001400322a0 f   pjmedia-x86_64-x64-vc14-debug-dynamic:transport_srtp.obj
 0001:000312c0       pjmedia_transport_srtp_dtls_start_nego 00000001400322c0 f   pjmedia-x86_64-x64-vc14-debug-dynamic:transport_srtp.obj
 0001:000312e0       pjmedia_transport_srtp_start 00000001400322e0 f   pjmedia-x86_64-x64-vc14-debug-dynamic:transport_srtp.obj
 0001:00031cb0       pjmedia_transport_srtp_stop 0000000140032cb0 f   pjmedia-x86_64-x64-vc14-debug-dynamic:transport_srtp.obj
 0001:00031e30       pjmedia_transport_srtp_decrypt_pkt 0000000140032e30 f   pjmedia-x86_64-x64-vc14-debug-dynamic:transport_srtp.obj
 0001:00032050       pjmedia_transport_srtp_get_member 0000000140033050 f   pjmedia-x86_64-x64-vc14-debug-dynamic:transport_srtp.obj
 0001:00033f10       get_libsrtp_errstr         0000000140034f10 f   pjmedia-x86_64-x64-vc14-debug-dynamic:transport_srtp.obj
 0001:00036bb0       pj_cis_buf_init            0000000140037bb0 f   pjlib-util-x86_64-x64-vc14-debug-dynamic:scanner.obj
 0001:00036bf0       pj_cis_init                0000000140037bf0 f   pjlib-util-x86_64-x64-vc14-debug-dynamic:scanner.obj
 0001:00036cb0       pj_cis_dup                 0000000140037cb0 f   pjlib-util-x86_64-x64-vc14-debug-dynamic:scanner.obj
 0001:00036de0       pj_cis_add_range           0000000140037de0 f   pjlib-util-x86_64-x64-vc14-debug-dynamic:scanner.obj
 0001:00036e80       pj_cis_add_alpha           0000000140037e80 f   pjlib-util-x86_64-x64-vc14-debug-dynamic:scanner.obj
 0001:00036ec0       pj_cis_add_num             0000000140037ec0 f   pjlib-util-x86_64-x64-vc14-debug-dynamic:scanner.obj
 0001:00036ef0       pj_cis_add_str             0000000140037ef0 f   pjlib-util-x86_64-x64-vc14-debug-dynamic:scanner.obj
 0001:00036f70       pj_cis_add_cis             0000000140037f70 f   pjlib-util-x86_64-x64-vc14-debug-dynamic:scanner.obj
 0001:00037030       pj_cis_del_range           0000000140038030 f   pjlib-util-x86_64-x64-vc14-debug-dynamic:scanner.obj
 0001:000370b0       pj_cis_del_str             00000001400380b0 f   pjlib-util-x86_64-x64-vc14-debug-dynamic:scanner.obj
 0001:00037130       pj_cis_invert              0000000140038130 f   pjlib-util-x86_64-x64-vc14-debug-dynamic:scanner.obj
 0001:00037230       pj_scan_init               0000000140038230 f   pjlib-util-x86_64-x64-vc14-debug-dynamic:scanner.obj
 0001:000372f0       pj_scan_fini               00000001400382f0 f   pjlib-util-x86_64-x64-vc14-debug-dynamic:scanner.obj
 0001:00037320       pj_scan_peek               0000000140038320 f   pjlib-util-x86_64-x64-vc14-debug-dynamic:scanner.obj
 0001:000373c0       pj_scan_peek_n             00000001400383c0 f   pjlib-util-x86_64-x64-vc14-debug-dynamic:scanner.obj
 0001:00037440       pj_scan_peek_until         0000000140038440 f   pjlib-util-x86_64-x64-vc14-debug-dynamic:scanner.obj
 0001:000374f0       pj_scan_get                00000001400384f0 f   pjlib-util-x86_64-x64-vc14-debug-dynamic:scanner.obj
 0001:000375e0       pj_scan_get_unescape       00000001400385e0 f   pjlib-util-x86_64-x64-vc14-debug-dynamic:scanner.obj
 0001:00037890       pj_scan_get_quote          0000000140038890 f   pjlib-util-x86_64-x64-vc14-debug-dynamic:scanner.obj
 0001:000378f0       pj_scan_get_quotes         00000001400388f0 f   pjlib-util-x86_64-x64-vc14-debug-dynamic:scanner.obj
 0001:00037b30       pj_scan_get_n              0000000140038b30 f   pjlib-util-x86_64-x64-vc14-debug-dynamic:scanner.obj
 0001:00037bd0       pj_scan_get_char           0000000140038bd0 f   pjlib-util-x86_64-x64-vc14-debug-dynamic:scanner.obj
 0001:00037c50       pj_scan_get_until          0000000140038c50 f   pjlib-util-x86_64-x64-vc14-debug-dynamic:scanner.obj
 0001:00037d20       pj_scan_get_until_ch       0000000140038d20 f   pjlib-util-x86_64-x64-vc14-debug-dynamic:scanner.obj
 0001:00037de0       pj_scan_get_until_chr      0000000140038de0 f   pjlib-util-x86_64-x64-vc14-debug-dynamic:scanner.obj
 0001:00037ec0       pj_scan_advance_n          0000000140038ec0 f   pjlib-util-x86_64-x64-vc14-debug-dynamic:scanner.obj
 0001:00037f40       pj_scan_strcmp             0000000140038f40 f   pjlib-util-x86_64-x64-vc14-debug-dynamic:scanner.obj
 0001:00037fb0       pj_scan_stricmp            0000000140038fb0 f   pjlib-util-x86_64-x64-vc14-debug-dynamic:scanner.obj
 0001:00038020       pj_scan_stricmp_alnum      0000000140039020 f   pjlib-util-x86_64-x64-vc14-debug-dynamic:scanner.obj
 0001:00038090       pj_scan_get_newline        0000000140039090 f   pjlib-util-x86_64-x64-vc14-debug-dynamic:scanner.obj
 0001:00038150       pj_scan_skip_whitespace    0000000140039150 f   pjlib-util-x86_64-x64-vc14-debug-dynamic:scanner.obj
 0001:000383a0       pj_scan_skip_line          00000001400393a0 f   pjlib-util-x86_64-x64-vc14-debug-dynamic:scanner.obj
 0001:00038430       pj_scan_save_state         0000000140039430 f   pjlib-util-x86_64-x64-vc14-debug-dynamic:scanner.obj
 0001:00038480       pj_scan_restore_state      0000000140039480 f   pjlib-util-x86_64-x64-vc14-debug-dynamic:scanner.obj
 0001:00038d70       pj_base64_encode           0000000140039d70 f   pjlib-util-x86_64-x64-vc14-debug-dynamic:base64.obj
 0001:00038fb0       pj_base64_decode           0000000140039fb0 f   pjlib-util-x86_64-x64-vc14-debug-dynamic:base64.obj
 0001:000396f0       pj_init                    000000014003a6f0 f   pjlib-x86_64-x64-vc14-debug-dynamic:os_core_win32.obj
 0001:000398c0       pj_shutdown                000000014003a8c0 f   pjlib-x86_64-x64-vc14-debug-dynamic:os_core_win32.obj
 0001:00039a00       pj_atexit                  000000014003aa00 f   pjlib-x86_64-x64-vc14-debug-dynamic:os_core_win32.obj
 0001:00039a50       pj_getpid                  000000014003aa50 f   pjlib-x86_64-x64-vc14-debug-dynamic:os_core_win32.obj
 0001:00039a80       pj_thread_create           000000014003aa80 f   pjlib-x86_64-x64-vc14-debug-dynamic:os_core_win32.obj
 0001:00039ce0       pj_thread_register         000000014003ace0 f   pjlib-x86_64-x64-vc14-debug-dynamic:os_core_win32.obj
 0001:00039e50       pj_thread_is_registered    000000014003ae50 f   pjlib-x86_64-x64-vc14-debug-dynamic:os_core_win32.obj
 0001:00039e90       pj_thread_get_prio         000000014003ae90 f   pjlib-x86_64-x64-vc14-debug-dynamic:os_core_win32.obj
 0001:00039ec0       pj_thread_set_prio         000000014003aec0 f   pjlib-x86_64-x64-vc14-debug-dynamic:os_core_win32.obj
 0001:00039fc0       pj_thread_get_prio_min     000000014003afc0 f   pjlib-x86_64-x64-vc14-debug-dynamic:os_core_win32.obj
 0001:00039fe0       pj_thread_get_prio_max     000000014003afe0 f   pjlib-x86_64-x64-vc14-debug-dynamic:os_core_win32.obj
 0001:0003a000       pj_thread_get_os_handle    000000014003b000 f   pjlib-x86_64-x64-vc14-debug-dynamic:os_core_win32.obj
 0001:0003a060       pj_thread_get_name         000000014003b060 f   pjlib-x86_64-x64-vc14-debug-dynamic:os_core_win32.obj
 0001:0003a0d0       pj_thread_resume           000000014003b0d0 f   pjlib-x86_64-x64-vc14-debug-dynamic:os_core_win32.obj
 0001:0003a1a0       pj_thread_this             000000014003b1a0 f   pjlib-x86_64-x64-vc14-debug-dynamic:os_core_win32.obj
 0001:0003a200       pj_thread_join             000000014003b200 f   pjlib-x86_64-x64-vc14-debug-dynamic:os_core_win32.obj
 0001:0003a310       pj_thread_destroy          000000014003b310 f   pjlib-x86_64-x64-vc14-debug-dynamic:os_core_win32.obj
 0001:0003a3e0       pj_thread_sleep            000000014003b3e0 f   pjlib-x86_64-x64-vc14-debug-dynamic:os_core_win32.obj
 0001:0003a410       pj_thread_check_stack      000000014003b410 f   pjlib-x86_64-x64-vc14-debug-dynamic:os_core_win32.obj
 0001:0003a510       pj_thread_get_stack_max_usage 000000014003b510 f   pjlib-x86_64-x64-vc14-debug-dynamic:os_core_win32.obj
 0001:0003a530       pj_thread_get_stack_info   000000014003b530 f   pjlib-x86_64-x64-vc14-debug-dynamic:os_core_win32.obj
 0001:0003a5a0       pj_thread_local_alloc      000000014003b5a0 f   pjlib-x86_64-x64-vc14-debug-dynamic:os_core_win32.obj
 0001:0003a650       pj_thread_local_free       000000014003b650 f   pjlib-x86_64-x64-vc14-debug-dynamic:os_core_win32.obj
 0001:0003a680       pj_thread_local_set        000000014003b680 f   pjlib-x86_64-x64-vc14-debug-dynamic:os_core_win32.obj
 0001:0003a710       pj_thread_local_get        000000014003b710 f   pjlib-x86_64-x64-vc14-debug-dynamic:os_core_win32.obj
 0001:0003a730       pj_atomic_create           000000014003b730 f   pjlib-x86_64-x64-vc14-debug-dynamic:os_core_win32.obj
 0001:0003a790       pj_atomic_destroy          000000014003b790 f   pjlib-x86_64-x64-vc14-debug-dynamic:os_core_win32.obj
 0001:0003a7e0       pj_atomic_set              000000014003b7e0 f   pjlib-x86_64-x64-vc14-debug-dynamic:os_core_win32.obj
 0001:0003a850       pj_atomic_get              000000014003b850 f   pjlib-x86_64-x64-vc14-debug-dynamic:os_core_win32.obj
 0001:0003a8c0       pj_atomic_inc              000000014003b8c0 f   pjlib-x86_64-x64-vc14-debug-dynamic:os_core_win32.obj
 0001:0003a920       pj_atomic_inc_and_get      000000014003b920 f   pjlib-x86_64-x64-vc14-debug-dynamic:os_core_win32.obj
 0001:0003a960       pj_atomic_dec              000000014003b960 f   pjlib-x86_64-x64-vc14-debug-dynamic:os_core_win32.obj
 0001:0003a9c0       pj_atomic_dec_and_get      000000014003b9c0 f   pjlib-x86_64-x64-vc14-debug-dynamic:os_core_win32.obj
 0001:0003aa00       pj_atomic_add              000000014003ba00 f   pjlib-x86_64-x64-vc14-debug-dynamic:os_core_win32.obj
 0001:0003aa60       pj_atomic_add_and_get      000000014003ba60 f   pjlib-x86_64-x64-vc14-debug-dynamic:os_core_win32.obj
 0001:0003aaa0       pj_mutex_create            000000014003baa0 f   pjlib-x86_64-x64-vc14-debug-dynamic:os_core_win32.obj
 0001:0003ab60       pj_mutex_create_simple     000000014003bb60 f   pjlib-x86_64-x64-vc14-debug-dynamic:os_core_win32.obj
 0001:0003aba0       pj_mutex_create_recursive  000000014003bba0 f   pjlib-x86_64-x64-vc14-debug-dynamic:os_core_win32.obj
 0001:0003abe0       pj_mutex_lock              000000014003bbe0 f   pjlib-x86_64-x64-vc14-debug-dynamic:os_core_win32.obj
 0001:0003aca0       pj_mutex_unlock            000000014003bca0 f   pjlib-x86_64-x64-vc14-debug-dynamic:os_core_win32.obj
 0001:0003ad80       pj_mutex_trylock           000000014003bd80 f   pjlib-x86_64-x64-vc14-debug-dynamic:os_core_win32.obj
 0001:0003ae60       pj_mutex_destroy           000000014003be60 f   pjlib-x86_64-x64-vc14-debug-dynamic:os_core_win32.obj
 0001:0003aee0       pj_mutex_is_locked         000000014003bee0 f   pjlib-x86_64-x64-vc14-debug-dynamic:os_core_win32.obj
 0001:0003af20       pj_rwmutex_create          000000014003bf20 f   pjlib-x86_64-x64-vc14-debug-dynamic:os_core_win32.obj
 0001:0003b040       pj_rwmutex_lock_read       000000014003c040 f   pjlib-x86_64-x64-vc14-debug-dynamic:os_core_win32.obj
 0001:0003b140       pj_rwmutex_lock_write      000000014003c140 f   pjlib-x86_64-x64-vc14-debug-dynamic:os_core_win32.obj
 0001:0003b1a0       pj_rwmutex_unlock_read     000000014003c1a0 f   pjlib-x86_64-x64-vc14-debug-dynamic:os_core_win32.obj
 0001:0003b2a0       pj_rwmutex_unlock_write    000000014003c2a0 f   pjlib-x86_64-x64-vc14-debug-dynamic:os_core_win32.obj
 0001:0003b330       pj_rwmutex_destroy         000000014003c330 f   pjlib-x86_64-x64-vc14-debug-dynamic:os_core_win32.obj
 0001:0003b3a0       pj_enter_critical_section  000000014003c3a0 f   pjlib-x86_64-x64-vc14-debug-dynamic:os_core_win32.obj
 0001:0003b3c0       pj_leave_critical_section  000000014003c3c0 f   pjlib-x86_64-x64-vc14-debug-dynamic:os_core_win32.obj
 0001:0003b3e0       pj_sem_create              000000014003c3e0 f   pjlib-x86_64-x64-vc14-debug-dynamic:os_core_win32.obj
 0001:0003b580       pj_sem_wait                000000014003c580 f   pjlib-x86_64-x64-vc14-debug-dynamic:os_core_win32.obj
 0001:0003b5f0       pj_sem_trywait             000000014003c5f0 f   pjlib-x86_64-x64-vc14-debug-dynamic:os_core_win32.obj
 0001:0003b660       pj_sem_post                000000014003c660 f   pjlib-x86_64-x64-vc14-debug-dynamic:os_core_win32.obj
 0001:0003b730       pj_sem_destroy             000000014003c730 f   pjlib-x86_64-x64-vc14-debug-dynamic:os_core_win32.obj
 0001:0003b800       pj_event_create            000000014003c800 f   pjlib-x86_64-x64-vc14-debug-dynamic:os_core_win32.obj
 0001:0003b9e0       pj_event_wait              000000014003c9e0 f   pjlib-x86_64-x64-vc14-debug-dynamic:os_core_win32.obj
 0001:0003ba40       pj_event_trywait           000000014003ca40 f   pjlib-x86_64-x64-vc14-debug-dynamic:os_core_win32.obj
 0001:0003baa0       pj_event_set               000000014003caa0 f   pjlib-x86_64-x64-vc14-debug-dynamic:os_core_win32.obj
 0001:0003bb70       pj_event_pulse             000000014003cb70 f   pjlib-x86_64-x64-vc14-debug-dynamic:os_core_win32.obj
 0001:0003bc40       pj_event_reset             000000014003cc40 f   pjlib-x86_64-x64-vc14-debug-dynamic:os_core_win32.obj
 0001:0003bd10       pj_event_destroy           000000014003cd10 f   pjlib-x86_64-x64-vc14-debug-dynamic:os_core_win32.obj
 0001:0003bde0       pj_term_set_color          000000014003cde0 f   pjlib-x86_64-x64-vc14-debug-dynamic:os_core_win32.obj
 0001:0003bea0       pj_term_get_color          000000014003cea0 f   pjlib-x86_64-x64-vc14-debug-dynamic:os_core_win32.obj
 0001:0003bf00       pj_run_app                 000000014003cf00 f   pjlib-x86_64-x64-vc14-debug-dynamic:os_core_win32.obj
 0001:0003bf30       pj_thread_init             000000014003cf30 f   pjlib-x86_64-x64-vc14-debug-dynamic:os_core_win32.obj
 0001:0003d010       pj_time_val_normalize      000000014003e010 f   pjlib-x86_64-x64-vc14-debug-dynamic:types.obj
 0001:0003d180       pj_strerror                000000014003e180 f   pjlib-x86_64-x64-vc14-debug-dynamic:errno.obj
 0001:0003d420       pj_perror                  000000014003e420 f   pjlib-x86_64-x64-vc14-debug-dynamic:errno.obj
 0001:0003d480       pj_register_strerror       000000014003e480 f   pjlib-x86_64-x64-vc14-debug-dynamic:errno.obj
 0001:0003d6e0       pj_errno_clear_handlers    000000014003e6e0 f   pjlib-x86_64-x64-vc14-debug-dynamic:errno.obj
 0001:0003d710       pj_perror_1                000000014003e710 f   pjlib-x86_64-x64-vc14-debug-dynamic:errno.obj
 0001:0003d770       pj_perror_2                000000014003e770 f   pjlib-x86_64-x64-vc14-debug-dynamic:errno.obj
 0001:0003d7d0       pj_perror_3                000000014003e7d0 f   pjlib-x86_64-x64-vc14-debug-dynamic:errno.obj
 0001:0003d830       pj_perror_4                000000014003e830 f   pjlib-x86_64-x64-vc14-debug-dynamic:errno.obj
 0001:0003d890       pj_perror_5                000000014003e890 f   pjlib-x86_64-x64-vc14-debug-dynamic:errno.obj
 0001:0003de20       pj_log                     000000014003ee20 f   pjlib-x86_64-x64-vc14-debug-dynamic:log.obj
 0001:0003e690       pj_log_set_log_func        000000014003f690 f   pjlib-x86_64-x64-vc14-debug-dynamic:log.obj
 0001:0003e6b0       pj_log_get_log_func        000000014003f6b0 f   pjlib-x86_64-x64-vc14-debug-dynamic:log.obj
 0001:0003e6c0       pj_log_set_level           000000014003f6c0 f   pjlib-x86_64-x64-vc14-debug-dynamic:log.obj
 0001:0003e6e0       pj_log_get_level           000000014003f6e0 f   pjlib-x86_64-x64-vc14-debug-dynamic:log.obj
 0001:0003e6f0       pj_log_set_decor           000000014003f6f0 f   pjlib-x86_64-x64-vc14-debug-dynamic:log.obj
 0001:0003e710       pj_log_get_decor           000000014003f710 f   pjlib-x86_64-x64-vc14-debug-dynamic:log.obj
 0001:0003e720       pj_log_add_indent          000000014003f720 f   pjlib-x86_64-x64-vc14-debug-dynamic:log.obj
 0001:0003e750       pj_log_push_indent         000000014003f750 f   pjlib-x86_64-x64-vc14-debug-dynamic:log.obj
 0001:0003e770       pj_log_pop_indent          000000014003f770 f   pjlib-x86_64-x64-vc14-debug-dynamic:log.obj
 0001:0003e790       pj_log_set_color           000000014003f790 f   pjlib-x86_64-x64-vc14-debug-dynamic:log.obj
 0001:0003e8b0       pj_log_get_color           000000014003f8b0 f   pjlib-x86_64-x64-vc14-debug-dynamic:log.obj
 0001:0003e950       pj_log_init                000000014003f950 f   pjlib-x86_64-x64-vc14-debug-dynamic:log.obj
 0001:0003e9d0       pj_log_1                   000000014003f9d0 f   pjlib-x86_64-x64-vc14-debug-dynamic:log.obj
 0001:0003ea20       pj_log_2                   000000014003fa20 f   pjlib-x86_64-x64-vc14-debug-dynamic:log.obj
 0001:0003ea70       pj_log_3                   000000014003fa70 f   pjlib-x86_64-x64-vc14-debug-dynamic:log.obj
 0001:0003eac0       pj_log_4                   000000014003fac0 f   pjlib-x86_64-x64-vc14-debug-dynamic:log.obj
 0001:0003eb10       pj_log_5                   000000014003fb10 f   pjlib-x86_64-x64-vc14-debug-dynamic:log.obj
 0001:0003f160       pj_gettimeofday            0000000140040160 f   pjlib-x86_64-x64-vc14-debug-dynamic:os_time_win32.obj
 0001:0003f220       pj_time_decode             0000000140040220 f   pjlib-x86_64-x64-vc14-debug-dynamic:os_time_win32.obj
 0001:0003f320       pj_time_encode             0000000140040320 f   pjlib-x86_64-x64-vc14-debug-dynamic:os_time_win32.obj
 0001:0003f5f0       pj_pool_create             00000001400405f0 f   pjlib-x86_64-x64-vc14-debug-dynamic:pool.obj
 0001:0003f640       pj_pool_release            0000000140040640 f   pjlib-x86_64-x64-vc14-debug-dynamic:pool.obj
 0001:0003f680       pj_pool_safe_release       0000000140040680 f   pjlib-x86_64-x64-vc14-debug-dynamic:pool.obj
 0001:0003f6c0       pj_pool_secure_release     00000001400406c0 f   pjlib-x86_64-x64-vc14-debug-dynamic:pool.obj
 0001:0003f770       pj_pool_getobjname         0000000140040770 f   pjlib-x86_64-x64-vc14-debug-dynamic:pool.obj
 0001:0003f790       pj_pool_reset              0000000140040790 f   pjlib-x86_64-x64-vc14-debug-dynamic:pool.obj
 0001:0003f7c0       pj_pool_get_capacity       00000001400407c0 f   pjlib-x86_64-x64-vc14-debug-dynamic:pool.obj
 0001:0003f7e0       pj_pool_get_used_size      00000001400407e0 f   pjlib-x86_64-x64-vc14-debug-dynamic:pool.obj
 0001:0003f850       pj_pool_alloc              0000000140040850 f   pjlib-x86_64-x64-vc14-debug-dynamic:pool.obj
 0001:0003f8b0       pj_pool_calloc             00000001400408b0 f   pjlib-x86_64-x64-vc14-debug-dynamic:pool.obj
 0001:0003f910       pj_pool_alloc_from_block   0000000140040910 f   pjlib-x86_64-x64-vc14-debug-dynamic:pool.obj
 0001:0003f9a0       pj_pool_allocate_find      00000001400409a0 f   pjlib-x86_64-x64-vc14-debug-dynamic:pool.obj
 0001:0003fb20       pj_NO_MEMORY_EXCEPTION     0000000140040b20 f   pjlib-x86_64-x64-vc14-debug-dynamic:pool.obj
 0001:0003fb30       pj_pool_create_int         0000000140040b30 f   pjlib-x86_64-x64-vc14-debug-dynamic:pool.obj
 0001:0003fcc0       pj_pool_init_int           0000000140040cc0 f   pjlib-x86_64-x64-vc14-debug-dynamic:pool.obj
 0001:0003fda0       pj_pool_destroy_int        0000000140040da0 f   pjlib-x86_64-x64-vc14-debug-dynamic:pool.obj
 0001:000403a0       pj_caching_pool_init       00000001400413a0 f   pjlib-x86_64-x64-vc14-debug-dynamic:pool_caching.obj
 0001:00040500       pj_caching_pool_destroy    0000000140041500 f   pjlib-x86_64-x64-vc14-debug-dynamic:pool_caching.obj
 0001:000410b0       pj_srand                   00000001400420b0 f   pjlib-x86_64-x64-vc14-debug-dynamic:rand.obj
 0001:000410e0       pj_rand                    00000001400420e0 f   pjlib-x86_64-x64-vc14-debug-dynamic:rand.obj
 0001:000411a0       pj_list_insert_before      00000001400421a0 f   pjlib-x86_64-x64-vc14-debug-dynamic:list.obj
 0001:000411d0       pj_list_insert_nodes_before 00000001400421d0 f   pjlib-x86_64-x64-vc14-debug-dynamic:list.obj
 0001:00041200       pj_list_insert_after       0000000140042200 f   pjlib-x86_64-x64-vc14-debug-dynamic:list.obj
 0001:00041250       pj_list_insert_nodes_after 0000000140042250 f   pjlib-x86_64-x64-vc14-debug-dynamic:list.obj
 0001:000412b0       pj_list_merge_first        00000001400422b0 f   pjlib-x86_64-x64-vc14-debug-dynamic:list.obj
 0001:00041310       pj_list_merge_last         0000000140042310 f   pjlib-x86_64-x64-vc14-debug-dynamic:list.obj
 0001:00041370       pj_list_erase              0000000140042370 f   pjlib-x86_64-x64-vc14-debug-dynamic:list.obj
 0001:000413b0       pj_list_find_node          00000001400423b0 f   pjlib-x86_64-x64-vc14-debug-dynamic:list.obj
 0001:00041420       pj_list_search             0000000140042420 f   pjlib-x86_64-x64-vc14-debug-dynamic:list.obj
 0001:000414a0       pj_list_size               00000001400424a0 f   pjlib-x86_64-x64-vc14-debug-dynamic:list.obj
 0001:00041650       pj_str                     0000000140042650 f   pjlib-x86_64-x64-vc14-debug-dynamic:string.obj
 0001:000416c0       pj_strassign               00000001400426c0 f   pjlib-x86_64-x64-vc14-debug-dynamic:string.obj
 0001:00041700       pj_strcpy                  0000000140042700 f   pjlib-x86_64-x64-vc14-debug-dynamic:string.obj
 0001:00041760       pj_strcpy2                 0000000140042760 f   pjlib-x86_64-x64-vc14-debug-dynamic:string.obj
 0001:000417e0       pj_strncpy                 00000001400427e0 f   pjlib-x86_64-x64-vc14-debug-dynamic:string.obj
 0001:00041880       pj_strncpy_with_null       0000000140042880 f   pjlib-x86_64-x64-vc14-debug-dynamic:string.obj
 0001:00041930       pj_strdup                  0000000140042930 f   pjlib-x86_64-x64-vc14-debug-dynamic:string.obj
 0001:000419c0       pj_strdup_with_null        00000001400429c0 f   pjlib-x86_64-x64-vc14-debug-dynamic:string.obj
 0001:00041a60       pj_strdup2                 0000000140042a60 f   pjlib-x86_64-x64-vc14-debug-dynamic:string.obj
 0001:00041b10       pj_strdup2_with_null       0000000140042b10 f   pjlib-x86_64-x64-vc14-debug-dynamic:string.obj
 0001:00041bc0       pj_strdup3                 0000000140042bc0 f   pjlib-x86_64-x64-vc14-debug-dynamic:string.obj
 0001:00041c10       pj_strcmp                  0000000140042c10 f   pjlib-x86_64-x64-vc14-debug-dynamic:string.obj
 0001:00041d40       pj_strcmp2                 0000000140042d40 f   pjlib-x86_64-x64-vc14-debug-dynamic:string.obj
 0001:00041da0       pj_strncmp                 0000000140042da0 f   pjlib-x86_64-x64-vc14-debug-dynamic:string.obj
 0001:00041e30       pj_strncmp2                0000000140042e30 f   pjlib-x86_64-x64-vc14-debug-dynamic:string.obj
 0001:00041e90       pj_stricmp                 0000000140042e90 f   pjlib-x86_64-x64-vc14-debug-dynamic:string.obj
 0001:00041fc0       pj_stricmp2                0000000140042fc0 f   pjlib-x86_64-x64-vc14-debug-dynamic:string.obj
 0001:00042020       pj_strnicmp                0000000140043020 f   pjlib-x86_64-x64-vc14-debug-dynamic:string.obj
 0001:000420b0       pj_strnicmp2               00000001400430b0 f   pjlib-x86_64-x64-vc14-debug-dynamic:string.obj
 0001:00042110       pj_strcat                  0000000140043110 f   pjlib-x86_64-x64-vc14-debug-dynamic:string.obj
 0001:00042180       pj_strcat2                 0000000140043180 f   pjlib-x86_64-x64-vc14-debug-dynamic:string.obj
 0001:00042210       pj_strspn                  0000000140043210 f   pjlib-x86_64-x64-vc14-debug-dynamic:string.obj
 0001:000422d0       pj_strspn2                 00000001400432d0 f   pjlib-x86_64-x64-vc14-debug-dynamic:string.obj
 0001:000423a0       pj_strcspn                 00000001400433a0 f   pjlib-x86_64-x64-vc14-debug-dynamic:string.obj
 0001:00042440       pj_strcspn2                0000000140043440 f   pjlib-x86_64-x64-vc14-debug-dynamic:string.obj
 0001:000424f0       pj_strtok                  00000001400434f0 f   pjlib-x86_64-x64-vc14-debug-dynamic:string.obj
 0001:00042610       pj_strtok2                 0000000140043610 f   pjlib-x86_64-x64-vc14-debug-dynamic:string.obj
 0001:00042730       pj_strstr                  0000000140043730 f   pjlib-x86_64-x64-vc14-debug-dynamic:string.obj
 0001:000427e0       pj_stristr                 00000001400437e0 f   pjlib-x86_64-x64-vc14-debug-dynamic:string.obj
 0001:00042890       pj_strltrim                0000000140043890 f   pjlib-x86_64-x64-vc14-debug-dynamic:string.obj
 0001:00042930       pj_strrtrim                0000000140043930 f   pjlib-x86_64-x64-vc14-debug-dynamic:string.obj
 0001:000429d0       pj_strtrim                 00000001400439d0 f   pjlib-x86_64-x64-vc14-debug-dynamic:string.obj
 0001:00042a00       pj_create_random_string    0000000140043a00 f   pjlib-x86_64-x64-vc14-debug-dynamic:string.obj
 0001:00042b50       pj_strtol                  0000000140043b50 f   pjlib-x86_64-x64-vc14-debug-dynamic:string.obj
 0001:00042c30       pj_strtol2                 0000000140043c30 f   pjlib-x86_64-x64-vc14-debug-dynamic:string.obj
 0001:00042e20       pj_strtoul                 0000000140043e20 f   pjlib-x86_64-x64-vc14-debug-dynamic:string.obj
 0001:00042eb0       pj_strtoul2                0000000140043eb0 f   pjlib-x86_64-x64-vc14-debug-dynamic:string.obj
 0001:00043040       pj_strtoul3                0000000140044040 f   pjlib-x86_64-x64-vc14-debug-dynamic:string.obj
 0001:00043320       pj_strtof                  0000000140044320 f   pjlib-x86_64-x64-vc14-debug-dynamic:string.obj
 0001:000434f0       pj_utoa                    00000001400444f0 f   pjlib-x86_64-x64-vc14-debug-dynamic:string.obj
 0001:00043520       pj_utoa_pad                0000000140044520 f   pjlib-x86_64-x64-vc14-debug-dynamic:string.obj
 0001:00044070       pj_ntohs                   0000000140045070 f   pjlib-x86_64-x64-vc14-debug-dynamic:sock_bsd.obj
 0001:00044090       pj_htons                   0000000140045090 f   pjlib-x86_64-x64-vc14-debug-dynamic:sock_bsd.obj
 0001:000440b0       pj_ntohl                   00000001400450b0 f   pjlib-x86_64-x64-vc14-debug-dynamic:sock_bsd.obj
 0001:000440d0       pj_htonl                   00000001400450d0 f   pjlib-x86_64-x64-vc14-debug-dynamic:sock_bsd.obj
 0001:000440f0       pj_inet_ntoa               00000001400450f0 f   pjlib-x86_64-x64-vc14-debug-dynamic:sock_bsd.obj
 0001:00044130       pj_inet_aton               0000000140045130 f   pjlib-x86_64-x64-vc14-debug-dynamic:sock_bsd.obj
 0001:00044260       pj_inet_pton               0000000140045260 f   pjlib-x86_64-x64-vc14-debug-dynamic:sock_bsd.obj
 0001:00044500       pj_inet_ntop               0000000140045500 f   pjlib-x86_64-x64-vc14-debug-dynamic:sock_bsd.obj
 0001:00044760       pj_gethostname             0000000140045760 f   pjlib-x86_64-x64-vc14-debug-dynamic:sock_bsd.obj
 0001:000447f0       pj_sock_socket             00000001400457f0 f   pjlib-x86_64-x64-vc14-debug-dynamic:sock_bsd.obj
 0001:00044990       pj_sock_close              0000000140045990 f   pjlib-x86_64-x64-vc14-debug-dynamic:sock_bsd.obj
 0001:00044a20       pj_sock_bind               0000000140045a20 f   pjlib-x86_64-x64-vc14-debug-dynamic:sock_bsd.obj
 0001:00044b00       pj_sock_bind_in            0000000140045b00 f   pjlib-x86_64-x64-vc14-debug-dynamic:sock_bsd.obj
 0001:00044ba0       pj_sock_listen             0000000140045ba0 f   pjlib-x86_64-x64-vc14-debug-dynamic:sock_bsd.obj
 0001:00044c30       pj_sock_accept             0000000140045c30 f   pjlib-x86_64-x64-vc14-debug-dynamic:sock_bsd.obj
 0001:00044d10       pj_sock_connect            0000000140045d10 f   pjlib-x86_64-x64-vc14-debug-dynamic:sock_bsd.obj
 0001:00044db0       pj_sock_getpeername        0000000140045db0 f   pjlib-x86_64-x64-vc14-debug-dynamic:sock_bsd.obj
 0001:00044e50       pj_sock_getsockname        0000000140045e50 f   pjlib-x86_64-x64-vc14-debug-dynamic:sock_bsd.obj
 0001:00044ef0       pj_sock_getsockopt         0000000140045ef0 f   pjlib-x86_64-x64-vc14-debug-dynamic:sock_bsd.obj
 0001:00044ff0       pj_sock_setsockopt         0000000140045ff0 f   pjlib-x86_64-x64-vc14-debug-dynamic:sock_bsd.obj
 0001:000450d0       pj_sock_setsockopt_params  00000001400460d0 f   pjlib-x86_64-x64-vc14-debug-dynamic:sock_bsd.obj
 0001:00045220       pj_sock_recv               0000000140046220 f   pjlib-x86_64-x64-vc14-debug-dynamic:sock_bsd.obj
 0001:00045320       pj_sock_recvfrom           0000000140046320 f   pjlib-x86_64-x64-vc14-debug-dynamic:sock_bsd.obj
 0001:00045430       pj_sock_send               0000000140046430 f   pjlib-x86_64-x64-vc14-debug-dynamic:sock_bsd.obj
 0001:00045520       pj_sock_sendto             0000000140046520 f   pjlib-x86_64-x64-vc14-debug-dynamic:sock_bsd.obj
 0001:00045620       pj_sock_shutdown           0000000140046620 f   pjlib-x86_64-x64-vc14-debug-dynamic:sock_bsd.obj
 0001:00045cc0       pj_get_os_error            0000000140046cc0 f   pjlib-x86_64-x64-vc14-debug-dynamic:os_error_win32.obj
 0001:00045d00       pj_set_os_error            0000000140046d00 f   pjlib-x86_64-x64-vc14-debug-dynamic:os_error_win32.obj
 0001:00045d40       pj_get_netos_error         0000000140046d40 f   pjlib-x86_64-x64-vc14-debug-dynamic:os_error_win32.obj
 0001:00045d80       pj_set_netos_error         0000000140046d80 f   pjlib-x86_64-x64-vc14-debug-dynamic:os_error_win32.obj
 0001:00045e00       platform_strerror          0000000140046e00 f   pjlib-x86_64-x64-vc14-debug-dynamic:os_error_win32.obj
 0001:00046140       pj_array_insert            0000000140047140 f   pjlib-x86_64-x64-vc14-debug-dynamic:array.obj
 0001:00046200       pj_array_erase             0000000140047200 f   pjlib-x86_64-x64-vc14-debug-dynamic:array.obj
 0001:000462b0       pj_array_find              00000001400472b0 f   pjlib-x86_64-x64-vc14-debug-dynamic:array.obj
 0001:00046400       pj_inet_ntop2              0000000140047400 f   pjlib-x86_64-x64-vc14-debug-dynamic:sock_common.obj
 0001:00046460       pj_sockaddr_print          0000000140047460 f   pjlib-x86_64-x64-vc14-debug-dynamic:sock_common.obj
 0001:00046600       pj_inet_addr               0000000140047600 f   pjlib-x86_64-x64-vc14-debug-dynamic:sock_common.obj
 0001:00046630       pj_inet_addr2              0000000140047630 f   pjlib-x86_64-x64-vc14-debug-dynamic:sock_common.obj
 0001:00046680       pj_sockaddr_in_init        0000000140047680 f   pjlib-x86_64-x64-vc14-debug-dynamic:sock_common.obj
 0001:00046730       pj_sockaddr_init           0000000140047730 f   pjlib-x86_64-x64-vc14-debug-dynamic:sock_common.obj
 0001:00046820       pj_sockaddr_cmp            0000000140047820 f   pjlib-x86_64-x64-vc14-debug-dynamic:sock_common.obj
 0001:00046930       pj_sockaddr_get_addr       0000000140047930 f   pjlib-x86_64-x64-vc14-debug-dynamic:sock_common.obj
 0001:000469f0       pj_sockaddr_has_addr       00000001400479f0 f   pjlib-x86_64-x64-vc14-debug-dynamic:sock_common.obj
 0001:00046ae0       pj_sockaddr_get_addr_len   0000000140047ae0 f   pjlib-x86_64-x64-vc14-debug-dynamic:sock_common.obj
 0001:00046ba0       pj_sockaddr_get_len        0000000140047ba0 f   pjlib-x86_64-x64-vc14-debug-dynamic:sock_common.obj
 0001:00046c60       pj_sockaddr_copy_addr      0000000140047c60 f   pjlib-x86_64-x64-vc14-debug-dynamic:sock_common.obj
 0001:00046cd0       pj_sockaddr_cp             0000000140047cd0 f   pjlib-x86_64-x64-vc14-debug-dynamic:sock_common.obj
 0001:00046d10       pj_sockaddr_synthesize     0000000140047d10 f   pjlib-x86_64-x64-vc14-debug-dynamic:sock_common.obj
 0001:00046ea0       pj_sockaddr_in_get_addr    0000000140047ea0 f   pjlib-x86_64-x64-vc14-debug-dynamic:sock_common.obj
 0001:00046ed0       pj_sockaddr_in_set_addr    0000000140047ed0 f   pjlib-x86_64-x64-vc14-debug-dynamic:sock_common.obj
 0001:00046f00       pj_sockaddr_in_set_str_addr 0000000140047f00 f   pjlib-x86_64-x64-vc14-debug-dynamic:sock_common.obj
 0001:000470b0       pj_sockaddr_set_str_addr   00000001400480b0 f   pjlib-x86_64-x64-vc14-debug-dynamic:sock_common.obj
 0001:00047250       pj_sockaddr_get_port       0000000140048250 f   pjlib-x86_64-x64-vc14-debug-dynamic:sock_common.obj
 0001:00047320       pj_sockaddr_in_get_port    0000000140048320 f   pjlib-x86_64-x64-vc14-debug-dynamic:sock_common.obj
 0001:00047350       pj_sockaddr_set_port       0000000140048350 f   pjlib-x86_64-x64-vc14-debug-dynamic:sock_common.obj
 0001:00047410       pj_sockaddr_in_set_port    0000000140048410 f   pjlib-x86_64-x64-vc14-debug-dynamic:sock_common.obj
 0001:00047440       pj_sockaddr_parse          0000000140048440 f   pjlib-x86_64-x64-vc14-debug-dynamic:sock_common.obj
 0001:000475c0       pj_sockaddr_parse2         00000001400485c0 f   pjlib-x86_64-x64-vc14-debug-dynamic:sock_common.obj
 0001:00047b10       pj_gethostaddr             0000000140048b10 f   pjlib-x86_64-x64-vc14-debug-dynamic:sock_common.obj
 0001:00047b60       pj_sock_bind_random        0000000140048b60 f   pjlib-x86_64-x64-vc14-debug-dynamic:sock_common.obj
 0001:00047ce0       pj_sock_setsockopt_sobuf   0000000140048ce0 f   pjlib-x86_64-x64-vc14-debug-dynamic:sock_common.obj
 0001:00047f00       pj_addr_str_print          0000000140048f00 f   pjlib-x86_64-x64-vc14-debug-dynamic:sock_common.obj
 0001:00048190       pj_gethostip               0000000140049190 f   pjlib-x86_64-x64-vc14-debug-dynamic:sock_common.obj
 0001:00048ce0       pj_getipinterface          0000000140049ce0 f   pjlib-x86_64-x64-vc14-debug-dynamic:sock_common.obj
 0001:00048f60       pj_getdefaultipinterface   0000000140049f60 f   pjlib-x86_64-x64-vc14-debug-dynamic:sock_common.obj
 0001:00049af0       pj_ioqueue_name            000000014004aaf0 f   pjlib-x86_64-x64-vc14-debug-dynamic:ioqueue_select.obj
 0001:00049b00       pj_ioqueue_create          000000014004ab00 f   pjlib-x86_64-x64-vc14-debug-dynamic:ioqueue_select.obj
 0001:00049df0       pj_ioqueue_destroy         000000014004adf0 f   pjlib-x86_64-x64-vc14-debug-dynamic:ioqueue_select.obj
 0001:00049f30       pj_ioqueue_set_lock        000000014004af30 f   pjlib-x86_64-x64-vc14-debug-dynamic:ioqueue_select.obj
 0001:00049fe0       pj_ioqueue_set_default_concurrency 000000014004afe0 f   pjlib-x86_64-x64-vc14-debug-dynamic:ioqueue_select.obj
 0001:0004a040       pj_ioqueue_register_sock   000000014004b040 f   pjlib-x86_64-x64-vc14-debug-dynamic:ioqueue_select.obj
 0001:0004a0a0       pj_ioqueue_register_sock2  000000014004b0a0 f   pjlib-x86_64-x64-vc14-debug-dynamic:ioqueue_select.obj
 0001:0004a350       pj_ioqueue_unregister      000000014004b350 f   pjlib-x86_64-x64-vc14-debug-dynamic:ioqueue_select.obj
 0001:0004a560       pj_ioqueue_get_user_data   000000014004b560 f   pjlib-x86_64-x64-vc14-debug-dynamic:ioqueue_select.obj
 0001:0004a5c0       pj_ioqueue_set_user_data   000000014004b5c0 f   pjlib-x86_64-x64-vc14-debug-dynamic:ioqueue_select.obj
 0001:0004a640       pj_ioqueue_set_concurrency 000000014004b640 f   pjlib-x86_64-x64-vc14-debug-dynamic:ioqueue_select.obj
 0001:0004a6f0       pj_ioqueue_lock_key        000000014004b6f0 f   pjlib-x86_64-x64-vc14-debug-dynamic:ioqueue_select.obj
 0001:0004a730       pj_ioqueue_trylock_key     000000014004b730 f   pjlib-x86_64-x64-vc14-debug-dynamic:ioqueue_select.obj
 0001:0004a770       pj_ioqueue_unlock_key      000000014004b770 f   pjlib-x86_64-x64-vc14-debug-dynamic:ioqueue_select.obj
 0001:0004a7b0       pj_ioqueue_op_key_init     000000014004b7b0 f   pjlib-x86_64-x64-vc14-debug-dynamic:ioqueue_select.obj
 0001:0004a7e0       pj_ioqueue_is_pending      000000014004b7e0 f   pjlib-x86_64-x64-vc14-debug-dynamic:ioqueue_select.obj
 0001:0004a830       pj_ioqueue_post_completion 000000014004b830 f   pjlib-x86_64-x64-vc14-debug-dynamic:ioqueue_select.obj
 0001:0004aa10       pj_ioqueue_accept          000000014004ba10 f   pjlib-x86_64-x64-vc14-debug-dynamic:ioqueue_select.obj
 0001:0004ac60       pj_ioqueue_connect         000000014004bc60 f   pjlib-x86_64-x64-vc14-debug-dynamic:ioqueue_select.obj
 0001:0004adc0       pj_ioqueue_poll            000000014004bdc0 f   pjlib-x86_64-x64-vc14-debug-dynamic:ioqueue_select.obj
 0001:0004b3a0       pj_ioqueue_recv            000000014004c3a0 f   pjlib-x86_64-x64-vc14-debug-dynamic:ioqueue_select.obj
 0001:0004b5d0       pj_ioqueue_recvfrom        000000014004c5d0 f   pjlib-x86_64-x64-vc14-debug-dynamic:ioqueue_select.obj
 0001:0004b840       pj_ioqueue_send            000000014004c840 f   pjlib-x86_64-x64-vc14-debug-dynamic:ioqueue_select.obj
 0001:0004ba80       pj_ioqueue_sendto          000000014004ca80 f   pjlib-x86_64-x64-vc14-debug-dynamic:ioqueue_select.obj
 0001:0004c2f0       ioqueue_dispatch_write_event 000000014004d2f0 f   pjlib-x86_64-x64-vc14-debug-dynamic:ioqueue_select.obj
 0001:0004c7c0       ioqueue_dispatch_read_event 000000014004d7c0 f   pjlib-x86_64-x64-vc14-debug-dynamic:ioqueue_select.obj
 0001:0004cb60       ioqueue_dispatch_exception_event 000000014004db60 f   pjlib-x86_64-x64-vc14-debug-dynamic:ioqueue_select.obj
 0001:0004dd20       pj_file_exists             000000014004ed20 f   pjlib-x86_64-x64-vc14-debug-dynamic:file_access_win32.obj
 0001:0004ddc0       pj_file_size               000000014004edc0 f   pjlib-x86_64-x64-vc14-debug-dynamic:file_access_win32.obj
 0001:0004de80       pj_file_delete             000000014004ee80 f   pjlib-x86_64-x64-vc14-debug-dynamic:file_access_win32.obj
 0001:0004df30       pj_file_move               000000014004ef30 f   pjlib-x86_64-x64-vc14-debug-dynamic:file_access_win32.obj
 0001:0004e000       pj_file_getstat            000000014004f000 f   pjlib-x86_64-x64-vc14-debug-dynamic:file_access_win32.obj
 0001:0004e740       pj_file_open               000000014004f740 f   pjlib-x86_64-x64-vc14-debug-dynamic:file_io_win32.obj
 0001:0004e990       pj_file_close              000000014004f990 f   pjlib-x86_64-x64-vc14-debug-dynamic:file_io_win32.obj
 0001:0004ea00       pj_file_write              000000014004fa00 f   pjlib-x86_64-x64-vc14-debug-dynamic:file_io_win32.obj
 0001:0004eab0       pj_file_read               000000014004fab0 f   pjlib-x86_64-x64-vc14-debug-dynamic:file_io_win32.obj
 0001:0004eb60       pj_file_setpos             000000014004fb60 f   pjlib-x86_64-x64-vc14-debug-dynamic:file_io_win32.obj
 0001:0004ec50       pj_file_getpos             000000014004fc50 f   pjlib-x86_64-x64-vc14-debug-dynamic:file_io_win32.obj
 0001:0004ecd0       pj_file_flush              000000014004fcd0 f   pjlib-x86_64-x64-vc14-debug-dynamic:file_io_win32.obj
 0001:0004efd0       pj_exception_id_alloc      000000014004ffd0 f   pjlib-x86_64-x64-vc14-debug-dynamic:except.obj
 0001:0004f050       pj_exception_id_free       0000000140050050 f   pjlib-x86_64-x64-vc14-debug-dynamic:except.obj
 0001:0004f0d0       pj_exception_id_name       00000001400500d0 f   pjlib-x86_64-x64-vc14-debug-dynamic:except.obj
 0001:0004f180       pj_throw_exception_        0000000140050180 f   pjlib-x86_64-x64-vc14-debug-dynamic:except.obj
 0001:0004f220       pj_push_exception_handler_ 0000000140050220 f   pjlib-x86_64-x64-vc14-debug-dynamic:except.obj
 0001:0004f2c0       pj_pop_exception_handler_  00000001400502c0 f   pjlib-x86_64-x64-vc14-debug-dynamic:except.obj
 0001:0004f450       pj_get_timestamp           0000000140050450 f   pjlib-x86_64-x64-vc14-debug-dynamic:os_timestamp_win32.obj
 0001:0004f4d0       pj_get_timestamp_freq      00000001400504d0 f   pjlib-x86_64-x64-vc14-debug-dynamic:os_timestamp_win32.obj
 0001:0004f580       pj_lock_create_simple_mutex 0000000140050580 f   pjlib-x86_64-x64-vc14-debug-dynamic:lock.obj
 0001:0004f5c0       pj_lock_create_recursive_mutex 00000001400505c0 f   pjlib-x86_64-x64-vc14-debug-dynamic:lock.obj
 0001:0004f600       pj_lock_create_null_mutex  0000000140050600 f   pjlib-x86_64-x64-vc14-debug-dynamic:lock.obj
 0001:0004f670       pj_lock_create_semaphore   0000000140050670 f   pjlib-x86_64-x64-vc14-debug-dynamic:lock.obj
 0001:0004f780       pj_lock_acquire            0000000140050780 f   pjlib-x86_64-x64-vc14-debug-dynamic:lock.obj
 0001:0004f7e0       pj_lock_tryacquire         00000001400507e0 f   pjlib-x86_64-x64-vc14-debug-dynamic:lock.obj
 0001:0004f840       pj_lock_release            0000000140050840 f   pjlib-x86_64-x64-vc14-debug-dynamic:lock.obj
 0001:0004f8a0       pj_lock_destroy            00000001400508a0 f   pjlib-x86_64-x64-vc14-debug-dynamic:lock.obj
 0001:0004f900       pj_grp_lock_config_default 0000000140050900 f   pjlib-x86_64-x64-vc14-debug-dynamic:lock.obj
 0001:0004f930       pj_grp_lock_create         0000000140050930 f   pjlib-x86_64-x64-vc14-debug-dynamic:lock.obj
 0001:0004fb20       pj_grp_lock_create_w_handler 0000000140050b20 f   pjlib-x86_64-x64-vc14-debug-dynamic:lock.obj
 0001:0004fb90       pj_grp_lock_destroy        0000000140050b90 f   pjlib-x86_64-x64-vc14-debug-dynamic:lock.obj
 0001:0004fbb0       pj_grp_lock_replace        0000000140050bb0 f   pjlib-x86_64-x64-vc14-debug-dynamic:lock.obj
 0001:0004fc70       pj_grp_lock_acquire        0000000140050c70 f   pjlib-x86_64-x64-vc14-debug-dynamic:lock.obj
 0001:0004fc90       pj_grp_lock_tryacquire     0000000140050c90 f   pjlib-x86_64-x64-vc14-debug-dynamic:lock.obj
 0001:0004fcb0       pj_grp_lock_release        0000000140050cb0 f   pjlib-x86_64-x64-vc14-debug-dynamic:lock.obj
 0001:0004fcd0       pj_grp_lock_add_handler    0000000140050cd0 f   pjlib-x86_64-x64-vc14-debug-dynamic:lock.obj
 0001:0004fd20       pj_grp_lock_del_handler    0000000140050d20 f   pjlib-x86_64-x64-vc14-debug-dynamic:lock.obj
 0001:0004fdc0       pj_grp_lock_add_ref        0000000140050dc0 f   pjlib-x86_64-x64-vc14-debug-dynamic:lock.obj
 0001:0004fde0       pj_grp_lock_dec_ref        0000000140050de0 f   pjlib-x86_64-x64-vc14-debug-dynamic:lock.obj
 0001:0004fe00       pj_grp_lock_get_ref        0000000140050e00 f   pjlib-x86_64-x64-vc14-debug-dynamic:lock.obj
 0001:0004fe30       pj_grp_lock_dump           0000000140050e30 f   pjlib-x86_64-x64-vc14-debug-dynamic:lock.obj
 0001:0004fe80       pj_grp_lock_chain_lock     0000000140050e80 f   pjlib-x86_64-x64-vc14-debug-dynamic:lock.obj
 0001:0004ff70       pj_grp_lock_unchain_lock   0000000140050f70 f   pjlib-x86_64-x64-vc14-debug-dynamic:lock.obj
 0001:00050c70       pj_GUID_STRING_LENGTH      0000000140051c70 f   pjlib-x86_64-x64-vc14-debug-dynamic:guid_win32.obj
 0001:00050c80       pj_generate_unique_string  0000000140051c80 f   pjlib-x86_64-x64-vc14-debug-dynamic:guid_win32.obj
 0001:00050e80       pj_get_version             0000000140051e80 f   pjlib-x86_64-x64-vc14-debug-dynamic:config.obj
 0001:00050e90       pj_dump_config             0000000140051e90 f   pjlib-x86_64-x64-vc14-debug-dynamic:config.obj
 0001:00051570       pj_log_write               0000000140052570 f   pjlib-x86_64-x64-vc14-debug-dynamic:log_writer_stdout.obj
 0001:00051660       pj_pool_create_on_buf      0000000140052660 f   pjlib-x86_64-x64-vc14-debug-dynamic:pool_buf.obj
 0001:00051950       pj_pool_factory_get_default_policy 0000000140052950 f   pjlib-x86_64-x64-vc14-debug-dynamic:pool_policy_malloc.obj
 0001:00051b80       pj_enum_ip_interface       0000000140052b80 f   pjlib-x86_64-x64-vc14-debug-dynamic:ip_helper_win32.obj
 0001:00051cc0       pj_enum_ip_interface2      0000000140052cc0 f   pjlib-x86_64-x64-vc14-debug-dynamic:ip_helper_win32.obj
 0001:00051d30       pj_enum_ip_route           0000000140052d30 f   pjlib-x86_64-x64-vc14-debug-dynamic:ip_helper_win32.obj
 0001:00052c50       pj_gethostbyname           0000000140053c50 f   pjlib-x86_64-x64-vc14-debug-dynamic:addr_resolv_sock.obj
 0001:00052dc0       pj_getaddrinfo             0000000140053dc0 f   pjlib-x86_64-x64-vc14-debug-dynamic:addr_resolv_sock.obj
 0001:000531a0       pj_gettickcount            00000001400541a0 f   pjlib-x86_64-x64-vc14-debug-dynamic:os_timestamp_common.obj
 0001:00053200       pj_elapsed_time            0000000140054200 f   pjlib-x86_64-x64-vc14-debug-dynamic:os_timestamp_common.obj
 0001:000532c0       pj_elapsed_msec            00000001400542c0 f   pjlib-x86_64-x64-vc14-debug-dynamic:os_timestamp_common.obj
 0001:000532f0       pj_elapsed_msec64          00000001400542f0 f   pjlib-x86_64-x64-vc14-debug-dynamic:os_timestamp_common.obj
 0001:00053350       pj_elapsed_usec            0000000140054350 f   pjlib-x86_64-x64-vc14-debug-dynamic:os_timestamp_common.obj
 0001:00053380       pj_elapsed_nanosec         0000000140054380 f   pjlib-x86_64-x64-vc14-debug-dynamic:os_timestamp_common.obj
 0001:00053420       pj_elapsed_cycle           0000000140054420 f   pjlib-x86_64-x64-vc14-debug-dynamic:os_timestamp_common.obj
 0001:000536f0       PJ_FD_ZERO                 00000001400546f0 f   pjlib-x86_64-x64-vc14-debug-dynamic:sock_select.obj
 0001:00053740       PJ_FD_COUNT                0000000140054740 f   pjlib-x86_64-x64-vc14-debug-dynamic:sock_select.obj
 0001:00053760       PJ_FD_SET                  0000000140054760 f   pjlib-x86_64-x64-vc14-debug-dynamic:sock_select.obj
 0001:000538a0       PJ_FD_CLR                  00000001400548a0 f   pjlib-x86_64-x64-vc14-debug-dynamic:sock_select.obj
 0001:00053a00       PJ_FD_ISSET                0000000140054a00 f   pjlib-x86_64-x64-vc14-debug-dynamic:sock_select.obj
 0001:00053a60       pj_sock_select             0000000140054a60 f   pjlib-x86_64-x64-vc14-debug-dynamic:sock_select.obj
 0001:00053cc0       gsm_create                 0000000140054cc0 f   libgsmcodec-x86_64-x64-vc14-debug-dynamic:gsm_create.obj
 0001:00053d30       gsm_destroy                0000000140054d30 f   libgsmcodec-x86_64-x64-vc14-debug-dynamic:gsm_destroy.obj
 0001:00053d60       gsm_encode                 0000000140054d60 f   libgsmcodec-x86_64-x64-vc14-debug-dynamic:gsm_encode.obj
 0001:00054cd0       gsm_decode                 0000000140055cd0 f   libgsmcodec-x86_64-x64-vc14-debug-dynamic:gsm_decode.obj
 0001:00056150       Gsm_Coder                  0000000140057150 f   libgsmcodec-x86_64-x64-vc14-debug-dynamic:code.obj
 0001:000564f0       Gsm_Decoder                00000001400574f0 f   libgsmcodec-x86_64-x64-vc14-debug-dynamic:decode.obj
 0001:00056900       Gsm_Long_Term_Predictor    0000000140057900 f   libgsmcodec-x86_64-x64-vc14-debug-dynamic:long_term.obj
 0001:00056a50       Gsm_Long_Term_Synthesis_Filtering 0000000140057a50 f   libgsmcodec-x86_64-x64-vc14-debug-dynamic:long_term.obj
 0001:000584a0       Gsm_LPC_Analysis           00000001400594a0 f   libgsmcodec-x86_64-x64-vc14-debug-dynamic:lpc.obj
 0001:0005b7a0       Gsm_Preprocess             000000014005c7a0 f   libgsmcodec-x86_64-x64-vc14-debug-dynamic:preprocess.obj
 0001:0005bd50       Gsm_Short_Term_Analysis_Filter 000000014005cd50 f   libgsmcodec-x86_64-x64-vc14-debug-dynamic:short_term.obj
 0001:0005bef0       Gsm_Short_Term_Synthesis_Filter 000000014005cef0 f   libgsmcodec-x86_64-x64-vc14-debug-dynamic:short_term.obj
 0001:0005e010       Gsm_RPE_Decoding           000000014005f010 f   libgsmcodec-x86_64-x64-vc14-debug-dynamic:rpe.obj
 0001:0005e0a0       Gsm_RPE_Encoding           000000014005f0a0 f   libgsmcodec-x86_64-x64-vc14-debug-dynamic:rpe.obj
 0001:00060810       gsm_mult                   0000000140061810 f   libgsmcodec-x86_64-x64-vc14-debug-dynamic:add.obj
 0001:00060890       gsm_L_mult                 0000000140061890 f   libgsmcodec-x86_64-x64-vc14-debug-dynamic:add.obj
 0001:000608f0       gsm_mult_r                 00000001400618f0 f   libgsmcodec-x86_64-x64-vc14-debug-dynamic:add.obj
 0001:00060950       gsm_div                    0000000140061950 f   libgsmcodec-x86_64-x64-vc14-debug-dynamic:add.obj
 0001:00060a30       gsm_add                    0000000140061a30 f   libgsmcodec-x86_64-x64-vc14-debug-dynamic:add.obj
 0001:00060aa0       gsm_L_add                  0000000140061aa0 f   libgsmcodec-x86_64-x64-vc14-debug-dynamic:add.obj
 0001:00060b60       gsm_sub                    0000000140061b60 f   libgsmcodec-x86_64-x64-vc14-debug-dynamic:add.obj
 0001:00060bd0       gsm_L_sub                  0000000140061bd0 f   libgsmcodec-x86_64-x64-vc14-debug-dynamic:add.obj
 0001:00060c90       gsm_abs                    0000000140061c90 f   libgsmcodec-x86_64-x64-vc14-debug-dynamic:add.obj
 0001:00060cf0       gsm_norm                   0000000140061cf0 f   libgsmcodec-x86_64-x64-vc14-debug-dynamic:add.obj
 0001:00060e10       gsm_L_asl                  0000000140061e10 f   libgsmcodec-x86_64-x64-vc14-debug-dynamic:add.obj
 0001:00060e90       gsm_asl                    0000000140061e90 f   libgsmcodec-x86_64-x64-vc14-debug-dynamic:add.obj
 0001:00060f10       gsm_L_asr                  0000000140061f10 f   libgsmcodec-x86_64-x64-vc14-debug-dynamic:add.obj
 0001:00060f80       gsm_asr                    0000000140061f80 f   libgsmcodec-x86_64-x64-vc14-debug-dynamic:add.obj
 0001:000611e0       initEncode                 00000001400621e0 f   libilbccodec-x86_64-x64-vc14-debug-dynamic:iLBC_encode.obj
 0001:00061380       iLBC_encode                0000000140062380 f   libilbccodec-x86_64-x64-vc14-debug-dynamic:iLBC_encode.obj
 0001:000632c0       initDecode                 00000001400642c0 f   libilbccodec-x86_64-x64-vc14-debug-dynamic:iLBC_decode.obj
 0001:000635a0       Decode                     00000001400645a0 f   libilbccodec-x86_64-x64-vc14-debug-dynamic:iLBC_decode.obj
 0001:00063cb0       iLBC_decode                0000000140064cb0 f   libilbccodec-x86_64-x64-vc14-debug-dynamic:iLBC_decode.obj
 0001:000652a0       SimpleAnalysis             00000001400662a0 f   libilbccodec-x86_64-x64-vc14-debug-dynamic:LPCencode.obj
 0001:000654e0       LSFinterpolate2a_enc       00000001400664e0 f   libilbccodec-x86_64-x64-vc14-debug-dynamic:LPCencode.obj
 0001:00065560       SimpleInterpolateLSF       0000000140066560 f   libilbccodec-x86_64-x64-vc14-debug-dynamic:LPCencode.obj
 0001:00065950       SimplelsfQ                 0000000140066950 f   libilbccodec-x86_64-x64-vc14-debug-dynamic:LPCencode.obj
 0001:00065a10       LPCencode                  0000000140066a10 f   libilbccodec-x86_64-x64-vc14-debug-dynamic:LPCencode.obj
 0001:00065d30       FrameClassify              0000000140066d30 f   libilbccodec-x86_64-x64-vc14-debug-dynamic:FrameClassify.obj
 0001:00066460       AbsQuantW                  0000000140067460 f   libilbccodec-x86_64-x64-vc14-debug-dynamic:StateSearchW.obj
 0001:00066740       StateSearchW               0000000140067740 f   libilbccodec-x86_64-x64-vc14-debug-dynamic:StateSearchW.obj
 0001:00066c90       StateConstructW            0000000140067c90 f   libilbccodec-x86_64-x64-vc14-debug-dynamic:StateConstructW.obj
 0001:00066fa0       packsplit                  0000000140067fa0 f   libilbccodec-x86_64-x64-vc14-debug-dynamic:packing.obj
 0001:00067020       packcombine                0000000140068020 f   libilbccodec-x86_64-x64-vc14-debug-dynamic:packing.obj
 0001:00067070       dopack                     0000000140068070 f   libilbccodec-x86_64-x64-vc14-debug-dynamic:packing.obj
 0001:000671d0       unpack                     00000001400681d0 f   libilbccodec-x86_64-x64-vc14-debug-dynamic:packing.obj
 0001:00067420       iCBSearch                  0000000140068420 f   libilbccodec-x86_64-x64-vc14-debug-dynamic:iCBSearch.obj
 0001:00068f20       index_conv_enc             0000000140069f20 f   libilbccodec-x86_64-x64-vc14-debug-dynamic:iCBConstruct.obj
 0001:00068fc0       index_conv_dec             0000000140069fc0 f   libilbccodec-x86_64-x64-vc14-debug-dynamic:iCBConstruct.obj
 0001:00069070       iCBConstruct               000000014006a070 f   libilbccodec-x86_64-x64-vc14-debug-dynamic:iCBConstruct.obj
 0001:000693e0       hpInput                    000000014006a3e0 f   libilbccodec-x86_64-x64-vc14-debug-dynamic:hpInput.obj
 0001:00069710       anaFilter                  000000014006a710 f   libilbccodec-x86_64-x64-vc14-debug-dynamic:anaFilter.obj
 0001:00069a00       LSFinterpolate2a_dec       000000014006aa00 f   libilbccodec-x86_64-x64-vc14-debug-dynamic:LPCdecode.obj
 0001:00069a80       SimplelsfDEQ               000000014006aa80 f   libilbccodec-x86_64-x64-vc14-debug-dynamic:LPCdecode.obj
 0001:00069c90       DecoderInterpolateLSF      000000014006ac90 f   libilbccodec-x86_64-x64-vc14-debug-dynamic:LPCdecode.obj
 0001:0006a0e0       compCorr                   000000014006b0e0 f   libilbccodec-x86_64-x64-vc14-debug-dynamic:doCPLC.obj
 0001:0006a350       doThePLC                   000000014006b350 f   libilbccodec-x86_64-x64-vc14-debug-dynamic:doCPLC.obj
 0001:0006ad20       autocorr                   000000014006bd20 f   libilbccodec-x86_64-x64-vc14-debug-dynamic:helpfun.obj
 0001:0006adf0       window                     000000014006bdf0 f   libilbccodec-x86_64-x64-vc14-debug-dynamic:helpfun.obj
 0001:0006ae60       levdurb                    000000014006be60 f   libilbccodec-x86_64-x64-vc14-debug-dynamic:helpfun.obj
 0001:0006b1a0       interpolate                000000014006c1a0 f   libilbccodec-x86_64-x64-vc14-debug-dynamic:helpfun.obj
 0001:0006b230       bwexpand                   000000014006c230 f   libilbccodec-x86_64-x64-vc14-debug-dynamic:helpfun.obj
 0001:0006b2e0       vq                         000000014006c2e0 f   libilbccodec-x86_64-x64-vc14-debug-dynamic:helpfun.obj
 0001:0006b470       SplitVQ                    000000014006c470 f   libilbccodec-x86_64-x64-vc14-debug-dynamic:helpfun.obj
 0001:0006b590       sort_sq                    000000014006c590 f   libilbccodec-x86_64-x64-vc14-debug-dynamic:helpfun.obj
 0001:0006b6b0       LSF_check                  000000014006c6b0 f   libilbccodec-x86_64-x64-vc14-debug-dynamic:helpfun.obj
 0001:0006bbb0       NearestNeighbor            000000014006cbb0 f   libilbccodec-x86_64-x64-vc14-debug-dynamic:enhancer.obj
 0001:0006bc80       mycorr1                    000000014006cc80 f   libilbccodec-x86_64-x64-vc14-debug-dynamic:enhancer.obj
 0001:0006bd50       enh_upsample               000000014006cd50 f   libilbccodec-x86_64-x64-vc14-debug-dynamic:enhancer.obj
 0001:0006c140       refiner                    000000014006d140 f   libilbccodec-x86_64-x64-vc14-debug-dynamic:enhancer.obj
 0001:0006c4a0       smath                      000000014006d4a0 f   libilbccodec-x86_64-x64-vc14-debug-dynamic:enhancer.obj
 0001:0006ca90       getsseq                    000000014006da90 f   libilbccodec-x86_64-x64-vc14-debug-dynamic:enhancer.obj
 0001:0006cef0       enhancer                   000000014006def0 f   libilbccodec-x86_64-x64-vc14-debug-dynamic:enhancer.obj
 0001:0006cfb0       xCorrCoef                  000000014006dfb0 f   libilbccodec-x86_64-x64-vc14-debug-dynamic:enhancer.obj
 0001:0006d090       enhancerInterface          000000014006e090 f   libilbccodec-x86_64-x64-vc14-debug-dynamic:enhancer.obj
 0001:0006e180       hpOutput                   000000014006f180 f   libilbccodec-x86_64-x64-vc14-debug-dynamic:hpOutput.obj
[...]
 0003:0003f478       $SG59444                   0000000140169478     libsrtp-x86_64-x64-vc14-debug-dynamic:auth.obj
 0003:0003f490       $SG59446                   0000000140169490     libsrtp-x86_64-x64-vc14-debug-dynamic:auth.obj
 0003:0003f4a8       $SG59449                   00000001401694a8     libsrtp-x86_64-x64-vc14-debug-dynamic:auth.obj
 0003:0003f4c8       $SG59451                   00000001401694c8     libsrtp-x86_64-x64-vc14-debug-dynamic:auth.obj
 0003:0003f528       $SG59750                   0000000140169528     libsrtp-x86_64-x64-vc14-debug-dynamic:crypto_kernel.obj
 0003:0003f538       $SG59793                   0000000140169538     libsrtp-x86_64-x64-vc14-debug-dynamic:crypto_kernel.obj
 0003:0003f548       $SG59794                   0000000140169548     libsrtp-x86_64-x64-vc14-debug-dynamic:crypto_kernel.obj
 0003:0003f558       $SG59796                   0000000140169558     libsrtp-x86_64-x64-vc14-debug-dynamic:crypto_kernel.obj
 0003:0003f578       $SG59797                   0000000140169578     libsrtp-x86_64-x64-vc14-debug-dynamic:crypto_kernel.obj
 0003:0003f580       $SG59798                   0000000140169580     libsrtp-x86_64-x64-vc14-debug-dynamic:crypto_kernel.obj
 0003:0003f590       $SG59799                   0000000140169590     libsrtp-x86_64-x64-vc14-debug-dynamic:crypto_kernel.obj
 0003:0003f5a0       $SG59801                   00000001401695a0     libsrtp-x86_64-x64-vc14-debug-dynamic:crypto_kernel.obj
 0003:0003f5c0       $SG59802                   00000001401695c0     libsrtp-x86_64-x64-vc14-debug-dynamic:crypto_kernel.obj
 0003:0003f5c8       $SG59808                   00000001401695c8     libsrtp-x86_64-x64-vc14-debug-dynamic:crypto_kernel.obj
 0003:0003f5e0       $SG59809                   00000001401695e0     libsrtp-x86_64-x64-vc14-debug-dynamic:crypto_kernel.obj
 0003:0003f5e8       $SG59812                   00000001401695e8     libsrtp-x86_64-x64-vc14-debug-dynamic:crypto_kernel.obj
 0003:0003f5f0       $SG59813                   00000001401695f0     libsrtp-x86_64-x64-vc14-debug-dynamic:crypto_kernel.obj
 0003:0003f5f8       $SG59828                   00000001401695f8     libsrtp-x86_64-x64-vc14-debug-dynamic:crypto_kernel.obj
 0003:0003f620       $SG59830                   0000000140169620     libsrtp-x86_64-x64-vc14-debug-dynamic:crypto_kernel.obj
 0003:0003f650       $SG59832                   0000000140169650     libsrtp-x86_64-x64-vc14-debug-dynamic:crypto_kernel.obj
 0003:0003f6c0       $SG60087                   00000001401696c0     libsrtp-x86_64-x64-vc14-debug-dynamic:ekt.obj
 0003:0003f6d8       $SG60089                   00000001401696d8     libsrtp-x86_64-x64-vc14-debug-dynamic:ekt.obj
 0003:0003f6f8       $SG60091                   00000001401696f8     libsrtp-x86_64-x64-vc14-debug-dynamic:ekt.obj
 0003:0003f718       $SG60093                   0000000140169718     libsrtp-x86_64-x64-vc14-debug-dynamic:ekt.obj
 0003:0003f738       $SG60095                   0000000140169738     libsrtp-x86_64-x64-vc14-debug-dynamic:ekt.obj
 0003:0003f780       $SG59308                   0000000140169780     libsrtp-x86_64-x64-vc14-debug-dynamic:stat.obj
 0003:0003f790       $SG59318                   0000000140169790     libsrtp-x86_64-x64-vc14-debug-dynamic:stat.obj
 0003:0003f7a8       $SG59335                   00000001401697a8     libsrtp-x86_64-x64-vc14-debug-dynamic:stat.obj
 0003:0003f7c0       $SG59370                   00000001401697c0     libsrtp-x86_64-x64-vc14-debug-dynamic:stat.obj
 0003:0003f7d8       $SG59375                   00000001401697d8     libsrtp-x86_64-x64-vc14-debug-dynamic:stat.obj
 0003:0003f7f0       $SG59381                   00000001401697f0     libsrtp-x86_64-x64-vc14-debug-dynamic:stat.obj
 0003:0003f808       $SG59387                   0000000140169808     libsrtp-x86_64-x64-vc14-debug-dynamic:stat.obj
 0003:0003f820       $SG59390                   0000000140169820     libsrtp-x86_64-x64-vc14-debug-dynamic:stat.obj
 0003:0003f830       $SG59392                   0000000140169830     libsrtp-x86_64-x64-vc14-debug-dynamic:stat.obj
 0003:0003f848       $SG59394                   0000000140169848     libsrtp-x86_64-x64-vc14-debug-dynamic:stat.obj
 0003:0003f888       $SG59498                   0000000140169888     libsrtp-x86_64-x64-vc14-debug-dynamic:null_cipher.obj
 0003:0003f8b8       $SG59514                   00000001401698b8     libsrtp-x86_64-x64-vc14-debug-dynamic:null_cipher.obj
 0003:0003f8f8       $SG59519                   00000001401698f8     libsrtp-x86_64-x64-vc14-debug-dynamic:aes_icm.obj
 0003:0003f900       $SG59542                   0000000140169900     libsrtp-x86_64-x64-vc14-debug-dynamic:aes_icm.obj
 0003:0003f930       $SG59574                   0000000140169930     libsrtp-x86_64-x64-vc14-debug-dynamic:aes_icm.obj
 0003:0003f940       $SG59576                   0000000140169940     libsrtp-x86_64-x64-vc14-debug-dynamic:aes_icm.obj
 0003:0003f950       $SG59590                   0000000140169950     libsrtp-x86_64-x64-vc14-debug-dynamic:aes_icm.obj
 0003:0003f968       $SG59592                   0000000140169968     libsrtp-x86_64-x64-vc14-debug-dynamic:aes_icm.obj
 0003:0003f980       $SG59599                   0000000140169980     libsrtp-x86_64-x64-vc14-debug-dynamic:aes_icm.obj
 0003:0003f998       $SG59601                   0000000140169998     libsrtp-x86_64-x64-vc14-debug-dynamic:aes_icm.obj
 0003:0003f9b0       $SG59640                   00000001401699b0     libsrtp-x86_64-x64-vc14-debug-dynamic:aes_icm.obj
 0003:0003f9f8       $SG59425                   00000001401699f8     libsrtp-x86_64-x64-vc14-debug-dynamic:null_auth.obj
 0003:0003fa28       $SG59427                   0000000140169a28     libsrtp-x86_64-x64-vc14-debug-dynamic:null_auth.obj
 0003:0003fa78       $SG59438                   0000000140169a78     libsrtp-x86_64-x64-vc14-debug-dynamic:hmac.obj
 0003:0003fa88       $SG59456                   0000000140169a88     libsrtp-x86_64-x64-vc14-debug-dynamic:hmac.obj
 0003:0003fab8       $SG59458                   0000000140169ab8     libsrtp-x86_64-x64-vc14-debug-dynamic:hmac.obj
 0003:0003fae8       $SG59490                   0000000140169ae8     libsrtp-x86_64-x64-vc14-debug-dynamic:hmac.obj
 0003:0003faf8       $SG59509                   0000000140169af8     libsrtp-x86_64-x64-vc14-debug-dynamic:hmac.obj
 0003:0003fb08       $SG59537                   0000000140169b08     libsrtp-x86_64-x64-vc14-debug-dynamic:hmac.obj
 0003:0003fb28       $SG59539                   0000000140169b28     libsrtp-x86_64-x64-vc14-debug-dynamic:hmac.obj
 0003:0003fb78       $SG59324                   0000000140169b78     libsrtp-x86_64-x64-vc14-debug-dynamic:sha1.obj
 0003:0003fb90       $SG59404                   0000000140169b90     libsrtp-x86_64-x64-vc14-debug-dynamic:sha1.obj
 0003:0003fbb8       $SG59406                   0000000140169bb8     libsrtp-x86_64-x64-vc14-debug-dynamic:sha1.obj
 0003:0003fbe8       $SG59473                   0000000140169be8     libsrtp-x86_64-x64-vc14-debug-dynamic:sha1.obj
 0003:0003fc10       $SG59476                   0000000140169c10     libsrtp-x86_64-x64-vc14-debug-dynamic:sha1.obj
 0003:0003fcb0       ?rate_table@?1??compute_silk_rate_for_hybrid@@9@9 0000000140169cb0     opus:opus_encoder.obj
 0003:0003fd58       A_fb1_20                   0000000140169d58     opus:ana_filt_bank_1.obj
 0003:0003fd5c       A_fb1_21                   0000000140169d5c     opus:ana_filt_bank_1.obj
 0003:0003ff00       $SG25501                   0000000140169f00     encdec.obj
 0003:0003ff01       $SG25653                   0000000140169f01     encdec.obj
 0003:0003ff08       mept                       0000000140169f08     encdec.obj
 0003:0003ff10       file_msec_duration         0000000140169f10     encdec.obj
 0003:0003ff20       g722_codec_factory         0000000140169f20     pjmedia-codec-x86_64-x64-vc14-debug-dynamic:g722.obj
 0003:0003ffa0       gsm_codec_factory          0000000140169fa0     pjmedia-codec-x86_64-x64-vc14-debug-dynamic:gsm.obj
 0003:00040018       ilbc_factory               000000014016a018     pjmedia-codec-x86_64-x64-vc14-debug-dynamic:ilbc.obj
 0003:00040058       l16_factory                000000014016a058     pjmedia-codec-x86_64-x64-vc14-debug-dynamic:l16.obj
 0003:000400a0       opus_codec_factory         000000014016a0a0     pjmedia-codec-x86_64-x64-vc14-debug-dynamic:opus.obj
 0003:000400d0       ?bitrate_str@?1??generate_fmtp@@9@9 000000014016a0d0     pjmedia-codec-x86_64-x64-vc14-debug-dynamic:opus.obj
 0003:000400e0       ?clockrate_str@?1??generate_fmtp@@9@9 000000014016a0e0     pjmedia-codec-x86_64-x64-vc14-debug-dynamic:opus.obj
 0003:00040100       spx_factory                000000014016a100     pjmedia-codec-x86_64-x64-vc14-debug-dynamic:speex_codec.obj
 0003:00040220       $SG67816                   000000014016a220     pjmedia-audiodev-x86_64-x64-vc14-debug-dynamic:wmme_dev.obj
 0003:00040228       ?name@?1??get_fmt_name@@9@9 000000014016a228     pjmedia-audiodev-x86_64-x64-vc14-debug-dynamic:wmme_dev.obj
 0003:00040230       ?rec_cnt@?1??wmme_dev_thread@@9@9 000000014016a230     pjmedia-audiodev-x86_64-x64-vc14-debug-dynamic:wmme_dev.obj
 0003:00040234       ?play_cnt@?1??wmme_dev_thread@@9@9 000000014016a234     pjmedia-audiodev-x86_64-x64-vc14-debug-dynamic:wmme_dev.obj
 0003:0004023c       $SG20878                   000000014016a23c     pjmedia-x86_64-x64-vc14-debug-dynamic:endpoint.obj
 0003:0004023d       $SG21048                   000000014016a23d     pjmedia-x86_64-x64-vc14-debug-dynamic:endpoint.obj
 0003:0004023e       $SG21050                   000000014016a23e     pjmedia-x86_64-x64-vc14-debug-dynamic:endpoint.obj
 0003:0004023f       $SG21052                   000000014016a23f     pjmedia-x86_64-x64-vc14-debug-dynamic:endpoint.obj
 0003:00040240       $SG21054                   000000014016a240     pjmedia-x86_64-x64-vc14-debug-dynamic:endpoint.obj
 0003:00040241       $SG21056                   000000014016a241     pjmedia-x86_64-x64-vc14-debug-dynamic:endpoint.obj
 0003:00040250       g711_factory               000000014016a250     pjmedia-x86_64-x64-vc14-debug-dynamic:g711.obj
 0003:000402d0       aud_subsys                 000000014016a2d0     pjmedia-x86_64-x64-vc14-debug-dynamic:audiodev.obj
 0003:00040990       event_manager_instance     000000014016a990     pjmedia-x86_64-x64-vc14-debug-dynamic:event.obj
 0003:000409a0       ?ev_queue@?9??pjmedia_event_publish@@9@9 000000014016a9a0     pjmedia-x86_64-x64-vc14-debug-dynamic:event.obj
 0003:000412c0       is_initialized             000000014016b2c0     pjmedia-x86_64-x64-vc14-debug-dynamic:sdp.obj
 0003:000412c4       $SG17124                   000000014016b2c4     pjmedia-x86_64-x64-vc14-debug-dynamic:sdp.obj
 0003:000412d0       cis_buf                    000000014016b2d0     pjmedia-x86_64-x64-vc14-debug-dynamic:sdp.obj
 0003:000416d8       cs_digit                   000000014016b6d8     pjmedia-x86_64-x64-vc14-debug-dynamic:sdp.obj
 0003:000416e8       cs_token                   000000014016b6e8     pjmedia-x86_64-x64-vc14-debug-dynamic:sdp.obj
 0003:000417d0       ?msg@?3??get_libsrtp_errstr@@9@9 000000014016b7d0     pjmedia-x86_64-x64-vc14-debug-dynamic:transport_srtp.obj
 0003:000417f0       libsrtp_initialized        000000014016b7f0     pjmedia-x86_64-x64-vc14-debug-dynamic:transport_srtp.obj
 0003:000417f4       $SG23046                   000000014016b7f4     pjmedia-x86_64-x64-vc14-debug-dynamic:transport_srtp.obj
 0003:000417f5       $SG23048                   000000014016b7f5     pjmedia-x86_64-x64-vc14-debug-dynamic:transport_srtp.obj
 0003:000417f6       $SG23058                   000000014016b7f6     pjmedia-x86_64-x64-vc14-debug-dynamic:transport_srtp.obj
 0003:000417f7       $SG23060                   000000014016b7f7     pjmedia-x86_64-x64-vc14-debug-dynamic:transport_srtp.obj
 0003:00041800       initialized                000000014016b800     pjlib-x86_64-x64-vc14-debug-dynamic:os_core_win32.obj
 0003:00041804       atexit_count               000000014016b804     pjlib-x86_64-x64-vc14-debug-dynamic:os_core_win32.obj
 0003:00041808       $SG59961                   000000014016b808     pjlib-x86_64-x64-vc14-debug-dynamic:os_core_win32.obj
 0003:00041810       main_thread                000000014016b810     pjlib-x86_64-x64-vc14-debug-dynamic:os_core_win32.obj
 0003:00041910       critical_section_mutex     000000014016b910     pjlib-x86_64-x64-vc14-debug-dynamic:os_core_win32.obj
 0003:00041970       atexit_func                000000014016b970     pjlib-x86_64-x64-vc14-debug-dynamic:os_core_win32.obj
 0003:00041af0       err_msg_hnd_cnt            000000014016baf0     pjlib-x86_64-x64-vc14-debug-dynamic:errno.obj
 0003:00041b00       err_msg_hnd                000000014016bb00     pjlib-x86_64-x64-vc14-debug-dynamic:errno.obj
 0003:00041bc8       g_last_thread              000000014016bbc8     pjlib-x86_64-x64-vc14-debug-dynamic:log.obj
 0003:00041bd8       base_time                  000000014016bbd8     pjlib-x86_64-x64-vc14-debug-dynamic:os_time_win32.obj
 0003:00041bf0       ?buf@?1??pj_gethostname@@9@9 000000014016bbf0     pjlib-x86_64-x64-vc14-debug-dynamic:sock_bsd.obj
 0003:00041c70       ?hostname@?1??pj_gethostname@@9@9 000000014016bc70     pjlib-x86_64-x64-vc14-debug-dynamic:sock_bsd.obj
 0003:00041c9c       $SG60326                   000000014016bc9c     pjlib-x86_64-x64-vc14-debug-dynamic:sock_common.obj
 0003:00041c9d       $SG60330                   000000014016bc9d     pjlib-x86_64-x64-vc14-debug-dynamic:sock_common.obj
 0003:00041c9e       $SG60331                   000000014016bc9e     pjlib-x86_64-x64-vc14-debug-dynamic:sock_common.obj
 0003:00041c9f       $SG60980                   000000014016bc9f     pjlib-x86_64-x64-vc14-debug-dynamic:sock_common.obj
 0003:00041ca0       $SG60981                   000000014016bca0     pjlib-x86_64-x64-vc14-debug-dynamic:sock_common.obj
 0003:00041cb0       exception_id_names         000000014016bcb0     pjlib-x86_64-x64-vc14-debug-dynamic:except.obj
 0003:00041d30       ?unknown_name@?1??pj_exception_id_name@@9@9 000000014016bd30     pjlib-x86_64-x64-vc14-debug-dynamic:except.obj
 0003:00041d70       stack_based_factory        000000014016bd70     pjlib-x86_64-x64-vc14-debug-dynamic:pool_buf.obj
 0003:00041db8       is_initialized             000000014016bdb8     pjlib-x86_64-x64-vc14-debug-dynamic:pool_buf.obj
 0003:00041dd0       s_hDLL                     000000014016bdd0     pjlib-x86_64-x64-vc14-debug-dynamic:ip_helper_win32.obj
 0003:00041dd8       s_pfnGetIpAddrTable        000000014016bdd8     pjlib-x86_64-x64-vc14-debug-dynamic:ip_helper_win32.obj
 0003:00041de0       s_pfnGetAdapterAddresses   000000014016bde0     pjlib-x86_64-x64-vc14-debug-dynamic:ip_helper_win32.obj
 0003:00041de8       s_pfnGetIpForwardTable     000000014016bde8     pjlib-x86_64-x64-vc14-debug-dynamic:ip_helper_win32.obj
 0003:00041df0       s_pfnGetIfEntry            000000014016bdf0     pjlib-x86_64-x64-vc14-debug-dynamic:ip_helper_win32.obj
 0003:00041e00       $SG15320                   000000014016be00     libspeex-x86_64-x64-vc14-debug-dynamic:speex.obj
 0003:00041e08       srtp_log_handler           000000014016be08     libsrtp-x86_64-x64-vc14-debug-dynamic:srtp.obj
 0003:00041e10       srtp_log_handler_data      000000014016be10     libsrtp-x86_64-x64-vc14-debug-dynamic:srtp.obj
 0003:00041e48       srtp_aes_icm_128_test_case_0_nonce 000000014016be48     libsrtp-x86_64-x64-vc14-debug-dynamic:aes_icm.obj
 0003:00041e58       srtp_aes_icm_256_test_case_0_nonce 000000014016be58     libsrtp-x86_64-x64-vc14-debug-dynamic:aes_icm.obj
 0003:00041e70       GS_ExceptionRecord         000000014016be70     MSVCRTD:gs_report.obj
 0003:00041f10       GS_ContextRecord           000000014016bf10     MSVCRTD:gs_report.obj
 0003:00042508       ?is_initialized_as_dll@@3_NA 000000014016c508     MSVCRTD:utility.obj
 0003:00042509       ?module_local_atexit_table_initialized@@3_NA 000000014016c509     MSVCRTD:utility.obj
 0003:00042510       ?module_local_atexit_table@@3U_onexit_table_t@@A 000000014016c510     MSVCRTD:utility.obj
 0003:00042528       ?module_local_at_quick_exit_table@@3U_onexit_table_t@@A 000000014016c528     MSVCRTD:utility.obj
 0005:00001320       .idata$6                   0000000140175320     ole32:ole32.dll
 0005:00001370       .idata$6                   0000000140175370     ws2_32:WS2_32.dll
 0005:0000153c       .idata$6                   000000014017553c     winmm:WINMM.dll
 0005:00001a0c       .idata$6                   0000000140175a0c     kernel32:KERNEL32.dll
 0005:00001ae2       .idata$6                   0000000140175ae2     vcruntimed:VCRUNTIME140D.dll
 0005:00001e5a       .idata$6                   0000000140175e5a     ucrtd:ucrtbased.dll
 0007:00000000       s_dwExp2                   0000000140178000     libcmt:svml_dexp2_sse2.obj
 0007:00000240       s_dwInvLn                  0000000140178240     libcmt:svml_dexp2_sse2.obj
 0007:00000250       s_dwNegRS                  0000000140178250     libcmt:svml_dexp2_sse2.obj
 0007:00000260       s_dwLnHi                   0000000140178260     libcmt:svml_dexp2_sse2.obj
 0007:00000270       s_dwBias                   0000000140178270     libcmt:svml_dexp2_sse2.obj
 0007:00000280       s_dwLnLo                   0000000140178280     libcmt:svml_dexp2_sse2.obj
 0007:00000290       s_dwA4                     0000000140178290     libcmt:svml_dexp2_sse2.obj
 0007:000002a0       s_dwA5                     00000001401782a0     libcmt:svml_dexp2_sse2.obj
 0007:000002b0       s_dwA3                     00000001401782b0     libcmt:svml_dexp2_sse2.obj
 0007:000002c0       s_dwA2                     00000001401782c0     libcmt:svml_dexp2_sse2.obj
 0007:000002d0       s_dwOne                    00000001401782d0     libcmt:svml_dexp2_sse2.obj
 0007:000002e0       iAbsMask                   00000001401782e0     libcmt:svml_dexp2_sse2.obj
 0007:000002f0       dbB1                       00000001401782f0     libcmt:svml_dexp2_sse2.obj
 0007:00000300       dbB2                       0000000140178300     libcmt:svml_dexp2_sse2.obj
 0007:00000310       dbInf                      0000000140178310     libcmt:svml_dexp2_sse2.obj
 0007:00000400       s_dwExp2                   0000000140178400     libcmt:svml_dexp2_sse4.obj
 0007:00000640       s_dwInvLn                  0000000140178640     libcmt:svml_dexp2_sse4.obj
 0007:00000650       s_dwNegRS                  0000000140178650     libcmt:svml_dexp2_sse4.obj
 0007:00000660       s_dwLnHi                   0000000140178660     libcmt:svml_dexp2_sse4.obj
 0007:00000670       s_dwBias                   0000000140178670     libcmt:svml_dexp2_sse4.obj
 0007:00000680       s_dwLnLo                   0000000140178680     libcmt:svml_dexp2_sse4.obj
 0007:00000690       s_dwA4                     0000000140178690     libcmt:svml_dexp2_sse4.obj
 0007:000006a0       s_dwA5                     00000001401786a0     libcmt:svml_dexp2_sse4.obj
 0007:000006b0       s_dwA3                     00000001401786b0     libcmt:svml_dexp2_sse4.obj
 0007:000006c0       s_dwA2                     00000001401786c0     libcmt:svml_dexp2_sse4.obj
 0007:000006d0       s_dwOne                    00000001401786d0     libcmt:svml_dexp2_sse4.obj
 0007:000006e0       iAbsMask                   00000001401786e0     libcmt:svml_dexp2_sse4.obj
 0007:000006f0       dbB1                       00000001401786f0     libcmt:svml_dexp2_sse4.obj
 0007:00000700       dbB2                       0000000140178700     libcmt:svml_dexp2_sse4.obj
 0007:00000710       dbInf                      0000000140178710     libcmt:svml_dexp2_sse4.obj
 0007:00000800       _2il0floatpacket$0         0000000140178800     libcmt:svml_dfloor2_sse2.obj
 0007:00000810       _2il0floatpacket$1         0000000140178810     libcmt:svml_dfloor2_sse2.obj
 0007:00000820       _2il0floatpacket$2         0000000140178820     libcmt:svml_dfloor2_sse2.obj
