 latency

 Timestamp is 60aeb746 (Wed May 26 23:01:58 2021)

 Preferred load address is 0000000140000000

 Start         Length     Name                   Class
 0001:00000000 0004e870H .text$mn                CODE
 0001:0004e870 00001040H .text$mn$00             CODE
 0001:0004f8b0 0000108dH .text$x                 CODE
 0002:00000000 00000110H .CRT$XCA                DATA
 0002:00000110 00000110H .CRT$XCAA               DATA
 0002:00000220 00000110H .CRT$XCZ                DATA
 0002:00000330 00000110H .CRT$XIA                DATA
 0002:00000440 00000110H .CRT$XIAA               DATA
 0002:00000550 00000110H .CRT$XIAC               DATA
 0002:00000660 00000110H .CRT$XIZ                DATA
 0002:00000770 00000110H .CRT$XPA                DATA
 0002:00000880 00000110H .CRT$XPZ                DATA
 0002:00000990 00000110H .CRT$XTA                DATA
 0002:00000aa0 00000110H .CRT$XTZ                DATA
 0002:00000bb0 0000e050H .rdata                  DATA
 0002:0000ec00 00000110H .rdata$CastGuardVftablesA DATA
 0002:0000ed10 0000010cH .rdata$CastGuardVftablesC DATA
 0002:0000ee1c 000001fcH .rdata$zzzdbg           DATA
 0002:0000f018 00000110H .rtc$IAA                DATA
 0002:0000f128 00000110H .rtc$IZZ                DATA
 0002:0000f238 00000110H .rtc$TAA                DATA
 0002:0000f348 00000110H .rtc$TZZ                DATA
 0002:0000f458 000024e5H .xdata                  DATA
 0002:0001193d 00000000H .edata                  DATA
 0003:00000000 00026c20H .data                   DATA
 0003:00026c20 00002159H .bss                    DATA
 0004:00000000 00002f34H .pdata                  DATA
 0005:00000000 00000780H .idata$5                DATA
 0005:00000780 00000064H .idata$2                DATA
 0005:000007e4 00000014H .idata$3                DATA
 0005:000007f8 00000780H .idata$4                DATA
 0005:00000f78 00000af3H .idata$6                DATA
 0006:00000000 00000151H .00cfg                  DATA

  Address         Publics by Value              Rva+Base               Lib:Object

 0000:00000000       __guard_eh_cont_count      0000000000000000     <absolute>
 0000:00000000       __x64_code_ranges_to_entry_points_count 0000000000000000     <absolute>
 0000:00000000       __arm64x_extra_rfe_table   0000000000000000     <absolute>
 0000:00000000       __dynamic_value_reloc_table 0000000000000000     <absolute>
 0000:00000000       __guard_iat_table          0000000000000000     <absolute>
 0000:00000000       __guard_check_icall_a64n_fptr 0000000000000000     <absolute>
 0000:00000000       __guard_longjmp_count      0000000000000000     <absolute>
 0000:00000000       __enclave_config           0000000000000000     <absolute>
 0000:00000000       __arm64x_redirection_metadata_count 0000000000000000     <absolute>
 0000:00000000       __guard_eh_cont_table      0000000000000000     <absolute>
 0000:00000000       __guard_iat_count          0000000000000000     <absolute>
 0000:00000000       __hybrid_auxiliary_iat_copy 0000000000000000     <absolute>
 0000:00000000       __guard_longjmp_table      0000000000000000     <absolute>
 0000:00000000       __arm64x_native_entrypoint 0000000000000000     <absolute>
 0000:00000000       __guard_fids_table         0000000000000000     <absolute>
 0000:00000000       ___safe_se_handler_count   0000000000000000     <absolute>
 0000:00000000       __arm64x_extra_rfe_table_size 0000000000000000     <absolute>
 0000:00000000       __guard_fids_count         0000000000000000     <absolute>
 0000:00000000       __volatile_metadata        0000000000000000     <absolute>
 0000:00000000       __hybrid_code_map_count    0000000000000000     <absolute>
 0000:00000000       ___safe_se_handler_table   0000000000000000     <absolute>
 0000:00000000       __hybrid_code_map          0000000000000000     <absolute>
 0000:00000000       __AbsoluteZero             0000000000000000     <absolute>
 0000:00000000       __hybrid_auxiliary_iat     0000000000000000     <absolute>
 0000:00000000       __x64_code_ranges_to_entry_points 0000000000000000     <absolute>
 0000:00000000       __arm64x_redirection_metadata 0000000000000000     <absolute>
 0000:00000100       __guard_flags              0000000000000100     <absolute>
 0000:00000000       __ImageBase                0000000140000000     <linker-defined>
 0001:00002270       main                       0000000140003270 f   latency.obj
 0001:000026b0       __local_stdio_printf_options 00000001400036b0 f i latency.obj
 0001:000026c0       _vfprintf_l                00000001400036c0 f i latency.obj
 0001:00002720       printf                     0000000140003720 f i latency.obj
 0001:00002850       pjmedia_port_info_init     0000000140003850 f   pjmedia-x86_64-x64-vc14-debug-dynamic:port.obj
 0001:000029a0       pjmedia_port_info_init2    00000001400039a0 f   pjmedia-x86_64-x64-vc14-debug-dynamic:port.obj
 0001:00002a20       pjmedia_port_get_clock_src 0000000140003a20 f   pjmedia-x86_64-x64-vc14-debug-dynamic:port.obj
 0001:00002a70       pjmedia_port_get_frame     0000000140003a70 f   pjmedia-x86_64-x64-vc14-debug-dynamic:port.obj
 0001:00002b10       pjmedia_port_put_frame     0000000140003b10 f   pjmedia-x86_64-x64-vc14-debug-dynamic:port.obj
 0001:00002ba0       pjmedia_port_destroy       0000000140003ba0 f   pjmedia-x86_64-x64-vc14-debug-dynamic:port.obj
 0001:00002d40       pjmedia_strerror           0000000140003d40 f   pjmedia-x86_64-x64-vc14-debug-dynamic:errno.obj
 0001:000030b0       _snprintf                  00000001400040b0 f i pjmedia-x86_64-x64-vc14-debug-dynamic:errno.obj
 0001:00003120       _vsnprintf                 0000000140004120 f i pjmedia-x86_64-x64-vc14-debug-dynamic:errno.obj
 0001:00003170       _vsnprintf_l               0000000140004170 f i pjmedia-x86_64-x64-vc14-debug-dynamic:errno.obj
 0001:000032e0       pjmedia_wav_player_port_create 00000001400042e0 f   pjmedia-x86_64-x64-vc14-debug-dynamic:wav_player.obj
 0001:00003ad0       pjmedia_wav_player_get_info 0000000140004ad0 f   pjmedia-x86_64-x64-vc14-debug-dynamic:wav_player.obj
 0001:00003c80       pjmedia_wav_player_get_len 0000000140004c80 f   pjmedia-x86_64-x64-vc14-debug-dynamic:wav_player.obj
 0001:00003d50       pjmedia_wav_player_port_set_pos 0000000140004d50 f   pjmedia-x86_64-x64-vc14-debug-dynamic:wav_player.obj
 0001:00003ef0       pjmedia_wav_player_port_get_pos 0000000140004ef0 f   pjmedia-x86_64-x64-vc14-debug-dynamic:wav_player.obj
 0001:00004040       pjmedia_wav_player_set_eof_cb 0000000140005040 f   pjmedia-x86_64-x64-vc14-debug-dynamic:wav_player.obj
 0001:00004130       pjmedia_wav_player_set_eof_cb2 0000000140005130 f   pjmedia-x86_64-x64-vc14-debug-dynamic:wav_player.obj
 0001:000054f0       pjmedia_format_copy        00000001400064f0 f   pjmedia-x86_64-x64-vc14-debug-dynamic:format.obj
 0001:00005520       pjmedia_format_get_audio_format_detail 0000000140006520 f   pjmedia-x86_64-x64-vc14-debug-dynamic:format.obj
 0001:00005a50       pjmedia_srtp_init_lib      0000000140006a50 f   pjmedia-x86_64-x64-vc14-debug-dynamic:transport_srtp.obj
 0001:00005b20       pjmedia_srtp_setting_default 0000000140006b20 f   pjmedia-x86_64-x64-vc14-debug-dynamic:transport_srtp.obj
 0001:00005b80       pjmedia_srtp_enum_crypto   0000000140006b80 f   pjmedia-x86_64-x64-vc14-debug-dynamic:transport_srtp.obj
 0001:00005c90       pjmedia_srtp_enum_keying   0000000140006c90 f   pjmedia-x86_64-x64-vc14-debug-dynamic:transport_srtp.obj
 0001:00005d40       pjmedia_transport_srtp_create 0000000140006d40 f   pjmedia-x86_64-x64-vc14-debug-dynamic:transport_srtp.obj
 0001:000062a0       pjmedia_transport_srtp_dtls_get_fingerprint 00000001400072a0 f   pjmedia-x86_64-x64-vc14-debug-dynamic:transport_srtp.obj
 0001:000062c0       pjmedia_transport_srtp_dtls_start_nego 00000001400072c0 f   pjmedia-x86_64-x64-vc14-debug-dynamic:transport_srtp.obj
 0001:000062e0       pjmedia_transport_srtp_start 00000001400072e0 f   pjmedia-x86_64-x64-vc14-debug-dynamic:transport_srtp.obj
 0001:00006cb0       pjmedia_transport_srtp_stop 0000000140007cb0 f   pjmedia-x86_64-x64-vc14-debug-dynamic:transport_srtp.obj
 0001:00006e30       pjmedia_transport_srtp_decrypt_pkt 0000000140007e30 f   pjmedia-x86_64-x64-vc14-debug-dynamic:transport_srtp.obj
 0001:00007050       pjmedia_transport_srtp_get_member 0000000140008050 f   pjmedia-x86_64-x64-vc14-debug-dynamic:transport_srtp.obj
 0001:00008f10       get_libsrtp_errstr         0000000140009f10 f   pjmedia-x86_64-x64-vc14-debug-dynamic:transport_srtp.obj
 0001:0000bbb0       _vsprintf_l                000000014000cbb0 f i pjmedia-x86_64-x64-vc14-debug-dynamic:transport_srtp.obj
 0001:0000bc10       sprintf                    000000014000cc10 f i pjmedia-x86_64-x64-vc14-debug-dynamic:transport_srtp.obj
 0001:0000bd80       pjmedia_event_mgr_create   000000014000cd80 f   pjmedia-x86_64-x64-vc14-debug-dynamic:event.obj
 0001:0000bf20       pjmedia_event_mgr_instance 000000014000cf20 f   pjmedia-x86_64-x64-vc14-debug-dynamic:event.obj
 0001:0000bf30       pjmedia_event_mgr_set_instance 000000014000cf30 f   pjmedia-x86_64-x64-vc14-debug-dynamic:event.obj
 0001:0000bf50       pjmedia_event_mgr_destroy  000000014000cf50 f   pjmedia-x86_64-x64-vc14-debug-dynamic:event.obj
 0001:0000c060       pjmedia_event_init         000000014000d060 f   pjmedia-x86_64-x64-vc14-debug-dynamic:event.obj
 0001:0000c0e0       pjmedia_event_subscribe    000000014000d0e0 f   pjmedia-x86_64-x64-vc14-debug-dynamic:event.obj
 0001:0000c2c0       pjmedia_event_unsubscribe  000000014000d2c0 f   pjmedia-x86_64-x64-vc14-debug-dynamic:event.obj
 0001:0000c4a0       pjmedia_event_publish      000000014000d4a0 f   pjmedia-x86_64-x64-vc14-debug-dynamic:event.obj
 0001:0000cdd0       pjmedia_wave_hdr_file_to_host 000000014000ddd0 f   pjmedia-x86_64-x64-vc14-debug-dynamic:wave.obj
 0001:0000cdf0       pjmedia_wave_hdr_host_to_file 000000014000ddf0 f   pjmedia-x86_64-x64-vc14-debug-dynamic:wave.obj
 0001:0000ce30       pjmedia_sdp_attr_create    000000014000de30 f   pjmedia-x86_64-x64-vc14-debug-dynamic:sdp.obj
 0001:0000cf10       pjmedia_sdp_attr_clone     000000014000df10 f   pjmedia-x86_64-x64-vc14-debug-dynamic:sdp.obj
 0001:0000cfd0       pjmedia_sdp_attr_find      000000014000dfd0 f   pjmedia-x86_64-x64-vc14-debug-dynamic:sdp.obj
 0001:0000d0e0       pjmedia_sdp_attr_find2     000000014000e0e0 f   pjmedia-x86_64-x64-vc14-debug-dynamic:sdp.obj
 0001:0000d140       pjmedia_sdp_attr_add       000000014000e140 f   pjmedia-x86_64-x64-vc14-debug-dynamic:sdp.obj
 0001:0000d220       pjmedia_sdp_attr_remove_all 000000014000e220 f   pjmedia-x86_64-x64-vc14-debug-dynamic:sdp.obj
 0001:0000d380       pjmedia_sdp_attr_remove    000000014000e380 f   pjmedia-x86_64-x64-vc14-debug-dynamic:sdp.obj
 0001:0000d4d0       pjmedia_sdp_attr_to_rtpmap 000000014000e4d0 f   pjmedia-x86_64-x64-vc14-debug-dynamic:sdp.obj
 0001:0000d5b0       pjmedia_sdp_attr_get_rtpmap 000000014000e5b0 f   pjmedia-x86_64-x64-vc14-debug-dynamic:sdp.obj
 0001:0000d930       pjmedia_sdp_rtpmap_to_attr 000000014000e930 f   pjmedia-x86_64-x64-vc14-debug-dynamic:sdp.obj
 0001:0000dc00       pjmedia_sdp_attr_get_fmtp  000000014000ec00 f   pjmedia-x86_64-x64-vc14-debug-dynamic:sdp.obj
 0001:0000dd70       pjmedia_sdp_attr_get_rtcp  000000014000ed70 f   pjmedia-x86_64-x64-vc14-debug-dynamic:sdp.obj
 0001:0000dfa0       pjmedia_sdp_attr_create_rtcp 000000014000efa0 f   pjmedia-x86_64-x64-vc14-debug-dynamic:sdp.obj
 0001:0000e160       pjmedia_sdp_attr_get_ssrc  000000014000f160 f   pjmedia-x86_64-x64-vc14-debug-dynamic:sdp.obj
 0001:0000e380       pjmedia_sdp_attr_create_ssrc 000000014000f380 f   pjmedia-x86_64-x64-vc14-debug-dynamic:sdp.obj
 0001:0000e470       pjmedia_sdp_conn_clone     000000014000f470 f   pjmedia-x86_64-x64-vc14-debug-dynamic:sdp.obj
 0001:0000e530       pjmedia_sdp_bandw_clone    000000014000f530 f   pjmedia-x86_64-x64-vc14-debug-dynamic:sdp.obj
 0001:0000e5b0       pjmedia_sdp_media_clone    000000014000f5b0 f   pjmedia-x86_64-x64-vc14-debug-dynamic:sdp.obj
 0001:0000e8f0       pjmedia_sdp_media_find_attr 000000014000f8f0 f   pjmedia-x86_64-x64-vc14-debug-dynamic:sdp.obj
 0001:0000e980       pjmedia_sdp_media_find_attr2 000000014000f980 f   pjmedia-x86_64-x64-vc14-debug-dynamic:sdp.obj
 0001:0000ea10       pjmedia_sdp_media_add_attr 000000014000fa10 f   pjmedia-x86_64-x64-vc14-debug-dynamic:sdp.obj
 0001:0000ea50       pjmedia_sdp_media_remove_all_attr 000000014000fa50 f   pjmedia-x86_64-x64-vc14-debug-dynamic:sdp.obj
 0001:0000ea90       pjmedia_sdp_media_remove_attr 000000014000fa90 f   pjmedia-x86_64-x64-vc14-debug-dynamic:sdp.obj
 0001:0000ead0       pjmedia_sdp_transport_cmp  000000014000fad0 f   pjmedia-x86_64-x64-vc14-debug-dynamic:sdp.obj
 0001:0000eb50       pjmedia_sdp_transport_get_proto 000000014000fb50 f   pjmedia-x86_64-x64-vc14-debug-dynamic:sdp.obj
 0001:0000ed10       pjmedia_sdp_media_deactivate 000000014000fd10 f   pjmedia-x86_64-x64-vc14-debug-dynamic:sdp.obj
 0001:0000ed80       pjmedia_sdp_media_clone_deactivate 000000014000fd80 f   pjmedia-x86_64-x64-vc14-debug-dynamic:sdp.obj
 0001:0000eff0       pjmedia_sdp_parse          000000014000fff0 f   pjmedia-x86_64-x64-vc14-debug-dynamic:sdp.obj
 0001:0000f670       pjmedia_sdp_print          0000000140010670 f   pjmedia-x86_64-x64-vc14-debug-dynamic:sdp.obj
 0001:0000f6b0       pjmedia_sdp_validate       00000001400106b0 f   pjmedia-x86_64-x64-vc14-debug-dynamic:sdp.obj
 0001:0000f6e0       pjmedia_sdp_validate2      00000001400106e0 f   pjmedia-x86_64-x64-vc14-debug-dynamic:sdp.obj
 0001:0000fa20       pjmedia_sdp_session_clone  0000000140010a20 f   pjmedia-x86_64-x64-vc14-debug-dynamic:sdp.obj
 0001:0000fd60       pjmedia_sdp_session_add_attr 0000000140010d60 f   pjmedia-x86_64-x64-vc14-debug-dynamic:sdp.obj
 0001:00012b20       pjmedia_endpt_create2      0000000140013b20 f   pjmedia-x86_64-x64-vc14-debug-dynamic:endpoint.obj
 0001:00012ea0       pjmedia_endpt_destroy2     0000000140013ea0 f   pjmedia-x86_64-x64-vc14-debug-dynamic:endpoint.obj
 0001:00012f70       pjmedia_endpt_set_flag     0000000140013f70 f   pjmedia-x86_64-x64-vc14-debug-dynamic:endpoint.obj
 0001:00013000       pjmedia_endpt_get_flag     0000000140014000 f   pjmedia-x86_64-x64-vc14-debug-dynamic:endpoint.obj
 0001:00013090       pjmedia_endpt_get_ioqueue  0000000140014090 f   pjmedia-x86_64-x64-vc14-debug-dynamic:endpoint.obj
 0001:000130f0       pjmedia_endpt_get_thread_count 00000001400140f0 f   pjmedia-x86_64-x64-vc14-debug-dynamic:endpoint.obj
 0001:00013150       pjmedia_endpt_get_thread   0000000140014150 f   pjmedia-x86_64-x64-vc14-debug-dynamic:endpoint.obj
 0001:00013200       pjmedia_endpt_stop_threads 0000000140014200 f   pjmedia-x86_64-x64-vc14-debug-dynamic:endpoint.obj
 0001:000132e0       pjmedia_endpt_create_pool  00000001400142e0 f   pjmedia-x86_64-x64-vc14-debug-dynamic:endpoint.obj
 0001:00013350       pjmedia_endpt_get_codec_mgr 0000000140014350 f   pjmedia-x86_64-x64-vc14-debug-dynamic:endpoint.obj
 0001:00013370       pjmedia_endpt_create_sdp   0000000140014370 f   pjmedia-x86_64-x64-vc14-debug-dynamic:endpoint.obj
 0001:00013520       pjmedia_endpt_create_base_sdp 0000000140014520 f   pjmedia-x86_64-x64-vc14-debug-dynamic:endpoint.obj
 0001:000137b0       pjmedia_endpt_create_audio_sdp 00000001400147b0 f   pjmedia-x86_64-x64-vc14-debug-dynamic:endpoint.obj
 0001:000143c0       pjmedia_endpt_dump         00000001400153c0 f   pjmedia-x86_64-x64-vc14-debug-dynamic:endpoint.obj
 0001:000147e0       pjmedia_endpt_atexit       00000001400157e0 f   pjmedia-x86_64-x64-vc14-debug-dynamic:endpoint.obj
 0001:00015640       pjmedia_codec_param_clone  0000000140016640 f   pjmedia-x86_64-x64-vc14-debug-dynamic:codec.obj
 0001:00015800       pjmedia_codec_mgr_init     0000000140016800 f   pjmedia-x86_64-x64-vc14-debug-dynamic:codec.obj
 0001:00015910       pjmedia_codec_mgr_destroy  0000000140016910 f   pjmedia-x86_64-x64-vc14-debug-dynamic:codec.obj
 0001:00015a80       pjmedia_codec_mgr_register_factory 0000000140016a80 f   pjmedia-x86_64-x64-vc14-debug-dynamic:codec.obj
 0001:00015d40       pjmedia_codec_mgr_unregister_factory 0000000140016d40 f   pjmedia-x86_64-x64-vc14-debug-dynamic:codec.obj
 0001:00015ef0       pjmedia_codec_mgr_enum_codecs 0000000140016ef0 f   pjmedia-x86_64-x64-vc14-debug-dynamic:codec.obj
 0001:00016050       pjmedia_codec_mgr_get_codec_info 0000000140017050 f   pjmedia-x86_64-x64-vc14-debug-dynamic:codec.obj
 0001:00016160       pjmedia_codec_info_to_id   0000000140017160 f   pjmedia-x86_64-x64-vc14-debug-dynamic:codec.obj
 0001:00016250       pjmedia_codec_mgr_find_codecs_by_id 0000000140017250 f   pjmedia-x86_64-x64-vc14-debug-dynamic:codec.obj
 0001:00016400       pjmedia_codec_mgr_set_codec_priority 0000000140017400 f   pjmedia-x86_64-x64-vc14-debug-dynamic:codec.obj
 0001:00016540       pjmedia_codec_mgr_get_default_param 0000000140017540 f   pjmedia-x86_64-x64-vc14-debug-dynamic:codec.obj
 0001:000167f0       pjmedia_codec_mgr_set_default_param 00000001400177f0 f   pjmedia-x86_64-x64-vc14-debug-dynamic:codec.obj
 0001:00016ab0       pjmedia_codec_mgr_alloc_codec 0000000140017ab0 f   pjmedia-x86_64-x64-vc14-debug-dynamic:codec.obj
 0001:00016be0       pjmedia_codec_mgr_dealloc_codec 0000000140017be0 f   pjmedia-x86_64-x64-vc14-debug-dynamic:codec.obj
 0001:000174a0       pj_base64_encode           00000001400184a0 f   pjlib-util-x86_64-x64-vc14-debug-dynamic:base64.obj
 0001:000176e0       pj_base64_decode           00000001400186e0 f   pjlib-util-x86_64-x64-vc14-debug-dynamic:base64.obj
 0001:00017e20       pj_cis_buf_init            0000000140018e20 f   pjlib-util-x86_64-x64-vc14-debug-dynamic:scanner.obj
 0001:00017e60       pj_cis_init                0000000140018e60 f   pjlib-util-x86_64-x64-vc14-debug-dynamic:scanner.obj
 0001:00017f20       pj_cis_dup                 0000000140018f20 f   pjlib-util-x86_64-x64-vc14-debug-dynamic:scanner.obj
 0001:00018050       pj_cis_add_range           0000000140019050 f   pjlib-util-x86_64-x64-vc14-debug-dynamic:scanner.obj
 0001:000180f0       pj_cis_add_alpha           00000001400190f0 f   pjlib-util-x86_64-x64-vc14-debug-dynamic:scanner.obj
 0001:00018130       pj_cis_add_num             0000000140019130 f   pjlib-util-x86_64-x64-vc14-debug-dynamic:scanner.obj
 0001:00018160       pj_cis_add_str             0000000140019160 f   pjlib-util-x86_64-x64-vc14-debug-dynamic:scanner.obj
 0001:000181e0       pj_cis_add_cis             00000001400191e0 f   pjlib-util-x86_64-x64-vc14-debug-dynamic:scanner.obj
 0001:000182a0       pj_cis_del_range           00000001400192a0 f   pjlib-util-x86_64-x64-vc14-debug-dynamic:scanner.obj
 0001:00018320       pj_cis_del_str             0000000140019320 f   pjlib-util-x86_64-x64-vc14-debug-dynamic:scanner.obj
 0001:000183a0       pj_cis_invert              00000001400193a0 f   pjlib-util-x86_64-x64-vc14-debug-dynamic:scanner.obj
 0001:000184a0       pj_scan_init               00000001400194a0 f   pjlib-util-x86_64-x64-vc14-debug-dynamic:scanner.obj
 0001:00018560       pj_scan_fini               0000000140019560 f   pjlib-util-x86_64-x64-vc14-debug-dynamic:scanner.obj
 0001:00018590       pj_scan_peek               0000000140019590 f   pjlib-util-x86_64-x64-vc14-debug-dynamic:scanner.obj
 0001:00018630       pj_scan_peek_n             0000000140019630 f   pjlib-util-x86_64-x64-vc14-debug-dynamic:scanner.obj
 0001:000186b0       pj_scan_peek_until         00000001400196b0 f   pjlib-util-x86_64-x64-vc14-debug-dynamic:scanner.obj
 0001:00018760       pj_scan_get                0000000140019760 f   pjlib-util-x86_64-x64-vc14-debug-dynamic:scanner.obj
 0001:00018850       pj_scan_get_unescape       0000000140019850 f   pjlib-util-x86_64-x64-vc14-debug-dynamic:scanner.obj
 0001:00018b00       pj_scan_get_quote          0000000140019b00 f   pjlib-util-x86_64-x64-vc14-debug-dynamic:scanner.obj
 0001:00018b60       pj_scan_get_quotes         0000000140019b60 f   pjlib-util-x86_64-x64-vc14-debug-dynamic:scanner.obj
 0001:00018da0       pj_scan_get_n              0000000140019da0 f   pjlib-util-x86_64-x64-vc14-debug-dynamic:scanner.obj
 0001:00018e40       pj_scan_get_char           0000000140019e40 f   pjlib-util-x86_64-x64-vc14-debug-dynamic:scanner.obj
 0001:00018ec0       pj_scan_get_until          0000000140019ec0 f   pjlib-util-x86_64-x64-vc14-debug-dynamic:scanner.obj
 0001:00018f90       pj_scan_get_until_ch       0000000140019f90 f   pjlib-util-x86_64-x64-vc14-debug-dynamic:scanner.obj
 0001:00019050       pj_scan_get_until_chr      000000014001a050 f   pjlib-util-x86_64-x64-vc14-debug-dynamic:scanner.obj
 0001:00019130       pj_scan_advance_n          000000014001a130 f   pjlib-util-x86_64-x64-vc14-debug-dynamic:scanner.obj
 0001:000191b0       pj_scan_strcmp             000000014001a1b0 f   pjlib-util-x86_64-x64-vc14-debug-dynamic:scanner.obj
 0001:00019220       pj_scan_stricmp            000000014001a220 f   pjlib-util-x86_64-x64-vc14-debug-dynamic:scanner.obj
 0001:00019290       pj_scan_stricmp_alnum      000000014001a290 f   pjlib-util-x86_64-x64-vc14-debug-dynamic:scanner.obj
 0001:00019300       pj_scan_get_newline        000000014001a300 f   pjlib-util-x86_64-x64-vc14-debug-dynamic:scanner.obj
 0001:000193c0       pj_scan_skip_whitespace    000000014001a3c0 f   pjlib-util-x86_64-x64-vc14-debug-dynamic:scanner.obj
 0001:00019610       pj_scan_skip_line          000000014001a610 f   pjlib-util-x86_64-x64-vc14-debug-dynamic:scanner.obj
 0001:000196a0       pj_scan_save_state         000000014001a6a0 f   pjlib-util-x86_64-x64-vc14-debug-dynamic:scanner.obj
 0001:000196f0       pj_scan_restore_state      000000014001a6f0 f   pjlib-util-x86_64-x64-vc14-debug-dynamic:scanner.obj
 0001:00019fe0       pj_init                    000000014001afe0 f   pjlib-x86_64-x64-vc14-debug-dynamic:os_core_win32.obj
 0001:0001a1b0       pj_shutdown                000000014001b1b0 f   pjlib-x86_64-x64-vc14-debug-dynamic:os_core_win32.obj
 0001:0001a2f0       pj_atexit                  000000014001b2f0 f   pjlib-x86_64-x64-vc14-debug-dynamic:os_core_win32.obj
 0001:0001a340       pj_getpid                  000000014001b340 f   pjlib-x86_64-x64-vc14-debug-dynamic:os_core_win32.obj
 0001:0001a370       pj_thread_create           000000014001b370 f   pjlib-x86_64-x64-vc14-debug-dynamic:os_core_win32.obj
 0001:0001a5d0       pj_thread_register         000000014001b5d0 f   pjlib-x86_64-x64-vc14-debug-dynamic:os_core_win32.obj
 0001:0001a740       pj_thread_is_registered    000000014001b740 f   pjlib-x86_64-x64-vc14-debug-dynamic:os_core_win32.obj
 0001:0001a780       pj_thread_get_prio         000000014001b780 f   pjlib-x86_64-x64-vc14-debug-dynamic:os_core_win32.obj
 0001:0001a7b0       pj_thread_set_prio         000000014001b7b0 f   pjlib-x86_64-x64-vc14-debug-dynamic:os_core_win32.obj
 0001:0001a8b0       pj_thread_get_prio_min     000000014001b8b0 f   pjlib-x86_64-x64-vc14-debug-dynamic:os_core_win32.obj
 0001:0001a8d0       pj_thread_get_prio_max     000000014001b8d0 f   pjlib-x86_64-x64-vc14-debug-dynamic:os_core_win32.obj
 0001:0001a8f0       pj_thread_get_os_handle    000000014001b8f0 f   pjlib-x86_64-x64-vc14-debug-dynamic:os_core_win32.obj
 0001:0001a950       pj_thread_get_name         000000014001b950 f   pjlib-x86_64-x64-vc14-debug-dynamic:os_core_win32.obj
 0001:0001a9c0       pj_thread_resume           000000014001b9c0 f   pjlib-x86_64-x64-vc14-debug-dynamic:os_core_win32.obj
 0001:0001aa90       pj_thread_this             000000014001ba90 f   pjlib-x86_64-x64-vc14-debug-dynamic:os_core_win32.obj
 0001:0001aaf0       pj_thread_join             000000014001baf0 f   pjlib-x86_64-x64-vc14-debug-dynamic:os_core_win32.obj
 0001:0001ac00       pj_thread_destroy          000000014001bc00 f   pjlib-x86_64-x64-vc14-debug-dynamic:os_core_win32.obj
 0001:0001acd0       pj_thread_sleep            000000014001bcd0 f   pjlib-x86_64-x64-vc14-debug-dynamic:os_core_win32.obj
 0001:0001ad00       pj_thread_check_stack      000000014001bd00 f   pjlib-x86_64-x64-vc14-debug-dynamic:os_core_win32.obj
 0001:0001ae00       pj_thread_get_stack_max_usage 000000014001be00 f   pjlib-x86_64-x64-vc14-debug-dynamic:os_core_win32.obj
 0001:0001ae20       pj_thread_get_stack_info   000000014001be20 f   pjlib-x86_64-x64-vc14-debug-dynamic:os_core_win32.obj
 0001:0001ae90       pj_thread_local_alloc      000000014001be90 f   pjlib-x86_64-x64-vc14-debug-dynamic:os_core_win32.obj
 0001:0001af40       pj_thread_local_free       000000014001bf40 f   pjlib-x86_64-x64-vc14-debug-dynamic:os_core_win32.obj
 0001:0001af70       pj_thread_local_set        000000014001bf70 f   pjlib-x86_64-x64-vc14-debug-dynamic:os_core_win32.obj
 0001:0001b000       pj_thread_local_get        000000014001c000 f   pjlib-x86_64-x64-vc14-debug-dynamic:os_core_win32.obj
 0001:0001b020       pj_atomic_create           000000014001c020 f   pjlib-x86_64-x64-vc14-debug-dynamic:os_core_win32.obj
 0001:0001b080       pj_atomic_destroy          000000014001c080 f   pjlib-x86_64-x64-vc14-debug-dynamic:os_core_win32.obj
 0001:0001b0d0       pj_atomic_set              000000014001c0d0 f   pjlib-x86_64-x64-vc14-debug-dynamic:os_core_win32.obj
 0001:0001b140       pj_atomic_get              000000014001c140 f   pjlib-x86_64-x64-vc14-debug-dynamic:os_core_win32.obj
 0001:0001b1b0       pj_atomic_inc              000000014001c1b0 f   pjlib-x86_64-x64-vc14-debug-dynamic:os_core_win32.obj
 0001:0001b210       pj_atomic_inc_and_get      000000014001c210 f   pjlib-x86_64-x64-vc14-debug-dynamic:os_core_win32.obj
 0001:0001b250       pj_atomic_dec              000000014001c250 f   pjlib-x86_64-x64-vc14-debug-dynamic:os_core_win32.obj
 0001:0001b2b0       pj_atomic_dec_and_get      000000014001c2b0 f   pjlib-x86_64-x64-vc14-debug-dynamic:os_core_win32.obj
 0001:0001b2f0       pj_atomic_add              000000014001c2f0 f   pjlib-x86_64-x64-vc14-debug-dynamic:os_core_win32.obj
 0001:0001b350       pj_atomic_add_and_get      000000014001c350 f   pjlib-x86_64-x64-vc14-debug-dynamic:os_core_win32.obj
 0001:0001b390       pj_mutex_create            000000014001c390 f   pjlib-x86_64-x64-vc14-debug-dynamic:os_core_win32.obj
 0001:0001b450       pj_mutex_create_simple     000000014001c450 f   pjlib-x86_64-x64-vc14-debug-dynamic:os_core_win32.obj
 0001:0001b490       pj_mutex_create_recursive  000000014001c490 f   pjlib-x86_64-x64-vc14-debug-dynamic:os_core_win32.obj
 0001:0001b4d0       pj_mutex_lock              000000014001c4d0 f   pjlib-x86_64-x64-vc14-debug-dynamic:os_core_win32.obj
 0001:0001b590       pj_mutex_unlock            000000014001c590 f   pjlib-x86_64-x64-vc14-debug-dynamic:os_core_win32.obj
 0001:0001b670       pj_mutex_trylock           000000014001c670 f   pjlib-x86_64-x64-vc14-debug-dynamic:os_core_win32.obj
 0001:0001b750       pj_mutex_destroy           000000014001c750 f   pjlib-x86_64-x64-vc14-debug-dynamic:os_core_win32.obj
 0001:0001b7d0       pj_mutex_is_locked         000000014001c7d0 f   pjlib-x86_64-x64-vc14-debug-dynamic:os_core_win32.obj
 0001:0001b810       pj_rwmutex_create          000000014001c810 f   pjlib-x86_64-x64-vc14-debug-dynamic:os_core_win32.obj
 0001:0001b930       pj_rwmutex_lock_read       000000014001c930 f   pjlib-x86_64-x64-vc14-debug-dynamic:os_core_win32.obj
 0001:0001ba30       pj_rwmutex_lock_write      000000014001ca30 f   pjlib-x86_64-x64-vc14-debug-dynamic:os_core_win32.obj
 0001:0001ba90       pj_rwmutex_unlock_read     000000014001ca90 f   pjlib-x86_64-x64-vc14-debug-dynamic:os_core_win32.obj
 0001:0001bb90       pj_rwmutex_unlock_write    000000014001cb90 f   pjlib-x86_64-x64-vc14-debug-dynamic:os_core_win32.obj
 0001:0001bc20       pj_rwmutex_destroy         000000014001cc20 f   pjlib-x86_64-x64-vc14-debug-dynamic:os_core_win32.obj
 0001:0001bc90       pj_enter_critical_section  000000014001cc90 f   pjlib-x86_64-x64-vc14-debug-dynamic:os_core_win32.obj
 0001:0001bcb0       pj_leave_critical_section  000000014001ccb0 f   pjlib-x86_64-x64-vc14-debug-dynamic:os_core_win32.obj
 0001:0001bcd0       pj_sem_create              000000014001ccd0 f   pjlib-x86_64-x64-vc14-debug-dynamic:os_core_win32.obj
 0001:0001be70       pj_sem_wait                000000014001ce70 f   pjlib-x86_64-x64-vc14-debug-dynamic:os_core_win32.obj
 0001:0001bee0       pj_sem_trywait             000000014001cee0 f   pjlib-x86_64-x64-vc14-debug-dynamic:os_core_win32.obj
 0001:0001bf50       pj_sem_post                000000014001cf50 f   pjlib-x86_64-x64-vc14-debug-dynamic:os_core_win32.obj
 0001:0001c020       pj_sem_destroy             000000014001d020 f   pjlib-x86_64-x64-vc14-debug-dynamic:os_core_win32.obj
 0001:0001c0f0       pj_event_create            000000014001d0f0 f   pjlib-x86_64-x64-vc14-debug-dynamic:os_core_win32.obj
 0001:0001c2d0       pj_event_wait              000000014001d2d0 f   pjlib-x86_64-x64-vc14-debug-dynamic:os_core_win32.obj
 0001:0001c330       pj_event_trywait           000000014001d330 f   pjlib-x86_64-x64-vc14-debug-dynamic:os_core_win32.obj
 0001:0001c390       pj_event_set               000000014001d390 f   pjlib-x86_64-x64-vc14-debug-dynamic:os_core_win32.obj
 0001:0001c460       pj_event_pulse             000000014001d460 f   pjlib-x86_64-x64-vc14-debug-dynamic:os_core_win32.obj
 0001:0001c530       pj_event_reset             000000014001d530 f   pjlib-x86_64-x64-vc14-debug-dynamic:os_core_win32.obj
 0001:0001c600       pj_event_destroy           000000014001d600 f   pjlib-x86_64-x64-vc14-debug-dynamic:os_core_win32.obj
 0001:0001c6d0       pj_term_set_color          000000014001d6d0 f   pjlib-x86_64-x64-vc14-debug-dynamic:os_core_win32.obj
 0001:0001c790       pj_term_get_color          000000014001d790 f   pjlib-x86_64-x64-vc14-debug-dynamic:os_core_win32.obj
 0001:0001c7f0       pj_run_app                 000000014001d7f0 f   pjlib-x86_64-x64-vc14-debug-dynamic:os_core_win32.obj
 0001:0001c820       pj_thread_init             000000014001d820 f   pjlib-x86_64-x64-vc14-debug-dynamic:os_core_win32.obj
 0001:0001d900       pj_pool_create             000000014001e900 f   pjlib-x86_64-x64-vc14-debug-dynamic:pool.obj
 0001:0001d950       pj_pool_release            000000014001e950 f   pjlib-x86_64-x64-vc14-debug-dynamic:pool.obj
 0001:0001d990       pj_pool_safe_release       000000014001e990 f   pjlib-x86_64-x64-vc14-debug-dynamic:pool.obj
 0001:0001d9d0       pj_pool_secure_release     000000014001e9d0 f   pjlib-x86_64-x64-vc14-debug-dynamic:pool.obj
 0001:0001da80       pj_pool_getobjname         000000014001ea80 f   pjlib-x86_64-x64-vc14-debug-dynamic:pool.obj
 0001:0001daa0       pj_pool_reset              000000014001eaa0 f   pjlib-x86_64-x64-vc14-debug-dynamic:pool.obj
 0001:0001dad0       pj_pool_get_capacity       000000014001ead0 f   pjlib-x86_64-x64-vc14-debug-dynamic:pool.obj
 0001:0001daf0       pj_pool_get_used_size      000000014001eaf0 f   pjlib-x86_64-x64-vc14-debug-dynamic:pool.obj
 0001:0001db60       pj_pool_alloc              000000014001eb60 f   pjlib-x86_64-x64-vc14-debug-dynamic:pool.obj
 0001:0001dbc0       pj_pool_calloc             000000014001ebc0 f   pjlib-x86_64-x64-vc14-debug-dynamic:pool.obj
 0001:0001dc20       pj_pool_alloc_from_block   000000014001ec20 f   pjlib-x86_64-x64-vc14-debug-dynamic:pool.obj
 0001:0001dcb0       pj_pool_allocate_find      000000014001ecb0 f   pjlib-x86_64-x64-vc14-debug-dynamic:pool.obj
 0001:0001de30       pj_NO_MEMORY_EXCEPTION     000000014001ee30 f   pjlib-x86_64-x64-vc14-debug-dynamic:pool.obj
 0001:0001de40       pj_pool_create_int         000000014001ee40 f   pjlib-x86_64-x64-vc14-debug-dynamic:pool.obj
 0001:0001dfd0       pj_pool_init_int           000000014001efd0 f   pjlib-x86_64-x64-vc14-debug-dynamic:pool.obj
 0001:0001e0b0       pj_pool_destroy_int        000000014001f0b0 f   pjlib-x86_64-x64-vc14-debug-dynamic:pool.obj
 0001:0001e6b0       pj_caching_pool_init       000000014001f6b0 f   pjlib-x86_64-x64-vc14-debug-dynamic:pool_caching.obj
 0001:0001e810       pj_caching_pool_destroy    000000014001f810 f   pjlib-x86_64-x64-vc14-debug-dynamic:pool_caching.obj
 0001:0001f3c0       pj_strerror                00000001400203c0 f   pjlib-x86_64-x64-vc14-debug-dynamic:errno.obj
 0001:0001f660       pj_perror                  0000000140020660 f   pjlib-x86_64-x64-vc14-debug-dynamic:errno.obj
 0001:0001f6c0       pj_register_strerror       00000001400206c0 f   pjlib-x86_64-x64-vc14-debug-dynamic:errno.obj
 0001:0001f920       pj_errno_clear_handlers    0000000140020920 f   pjlib-x86_64-x64-vc14-debug-dynamic:errno.obj
 0001:0001f950       pj_perror_1                0000000140020950 f   pjlib-x86_64-x64-vc14-debug-dynamic:errno.obj
 0001:0001f9b0       pj_perror_2                00000001400209b0 f   pjlib-x86_64-x64-vc14-debug-dynamic:errno.obj
 0001:0001fa10       pj_perror_3                0000000140020a10 f   pjlib-x86_64-x64-vc14-debug-dynamic:errno.obj
 0001:0001fa70       pj_perror_4                0000000140020a70 f   pjlib-x86_64-x64-vc14-debug-dynamic:errno.obj
 0001:0001fad0       pj_perror_5                0000000140020ad0 f   pjlib-x86_64-x64-vc14-debug-dynamic:errno.obj
 0001:00020060       pj_log                     0000000140021060 f   pjlib-x86_64-x64-vc14-debug-dynamic:log.obj
 0001:000208d0       pj_log_set_log_func        00000001400218d0 f   pjlib-x86_64-x64-vc14-debug-dynamic:log.obj
 0001:000208f0       pj_log_get_log_func        00000001400218f0 f   pjlib-x86_64-x64-vc14-debug-dynamic:log.obj
 0001:00020900       pj_log_set_level           0000000140021900 f   pjlib-x86_64-x64-vc14-debug-dynamic:log.obj
 0001:00020920       pj_log_get_level           0000000140021920 f   pjlib-x86_64-x64-vc14-debug-dynamic:log.obj
 0001:00020930       pj_log_set_decor           0000000140021930 f   pjlib-x86_64-x64-vc14-debug-dynamic:log.obj
 0001:00020950       pj_log_get_decor           0000000140021950 f   pjlib-x86_64-x64-vc14-debug-dynamic:log.obj
 0001:00020960       pj_log_add_indent          0000000140021960 f   pjlib-x86_64-x64-vc14-debug-dynamic:log.obj
 0001:00020990       pj_log_push_indent         0000000140021990 f   pjlib-x86_64-x64-vc14-debug-dynamic:log.obj
 0001:000209b0       pj_log_pop_indent          00000001400219b0 f   pjlib-x86_64-x64-vc14-debug-dynamic:log.obj
 0001:000209d0       pj_log_set_color           00000001400219d0 f   pjlib-x86_64-x64-vc14-debug-dynamic:log.obj
 0001:00020af0       pj_log_get_color           0000000140021af0 f   pjlib-x86_64-x64-vc14-debug-dynamic:log.obj
 0001:00020b90       pj_log_init                0000000140021b90 f   pjlib-x86_64-x64-vc14-debug-dynamic:log.obj
 0001:00020c10       pj_log_1                   0000000140021c10 f   pjlib-x86_64-x64-vc14-debug-dynamic:log.obj
 0001:00020c60       pj_log_2                   0000000140021c60 f   pjlib-x86_64-x64-vc14-debug-dynamic:log.obj
 0001:00020cb0       pj_log_3                   0000000140021cb0 f   pjlib-x86_64-x64-vc14-debug-dynamic:log.obj
 0001:00020d00       pj_log_4                   0000000140021d00 f   pjlib-x86_64-x64-vc14-debug-dynamic:log.obj
 0001:00020d50       pj_log_5                   0000000140021d50 f   pjlib-x86_64-x64-vc14-debug-dynamic:log.obj
 0001:000213a0       pj_pool_factory_get_default_policy 00000001400223a0 f   pjlib-x86_64-x64-vc14-debug-dynamic:pool_policy_malloc.obj
 0001:00021530       pj_str                     0000000140022530 f   pjlib-x86_64-x64-vc14-debug-dynamic:string.obj
 0001:000215a0       pj_strassign               00000001400225a0 f   pjlib-x86_64-x64-vc14-debug-dynamic:string.obj
 0001:000215e0       pj_strcpy                  00000001400225e0 f   pjlib-x86_64-x64-vc14-debug-dynamic:string.obj
 0001:00021640       pj_strcpy2                 0000000140022640 f   pjlib-x86_64-x64-vc14-debug-dynamic:string.obj
 0001:000216c0       pj_strncpy                 00000001400226c0 f   pjlib-x86_64-x64-vc14-debug-dynamic:string.obj
 0001:00021760       pj_strncpy_with_null       0000000140022760 f   pjlib-x86_64-x64-vc14-debug-dynamic:string.obj
 0001:00021810       pj_strdup                  0000000140022810 f   pjlib-x86_64-x64-vc14-debug-dynamic:string.obj
 0001:000218a0       pj_strdup_with_null        00000001400228a0 f   pjlib-x86_64-x64-vc14-debug-dynamic:string.obj
 0001:00021940       pj_strdup2                 0000000140022940 f   pjlib-x86_64-x64-vc14-debug-dynamic:string.obj
 0001:000219f0       pj_strdup2_with_null       00000001400229f0 f   pjlib-x86_64-x64-vc14-debug-dynamic:string.obj
 0001:00021aa0       pj_strdup3                 0000000140022aa0 f   pjlib-x86_64-x64-vc14-debug-dynamic:string.obj
 0001:00021af0       pj_strcmp                  0000000140022af0 f   pjlib-x86_64-x64-vc14-debug-dynamic:string.obj
 0001:00021c20       pj_strcmp2                 0000000140022c20 f   pjlib-x86_64-x64-vc14-debug-dynamic:string.obj
 0001:00021c80       pj_strncmp                 0000000140022c80 f   pjlib-x86_64-x64-vc14-debug-dynamic:string.obj
 0001:00021d10       pj_strncmp2                0000000140022d10 f   pjlib-x86_64-x64-vc14-debug-dynamic:string.obj
 0001:00021d70       pj_stricmp                 0000000140022d70 f   pjlib-x86_64-x64-vc14-debug-dynamic:string.obj
 0001:00021ea0       pj_stricmp2                0000000140022ea0 f   pjlib-x86_64-x64-vc14-debug-dynamic:string.obj
 0001:00021f00       pj_strnicmp                0000000140022f00 f   pjlib-x86_64-x64-vc14-debug-dynamic:string.obj
 0001:00021f90       pj_strnicmp2               0000000140022f90 f   pjlib-x86_64-x64-vc14-debug-dynamic:string.obj
 0001:00021ff0       pj_strcat                  0000000140022ff0 f   pjlib-x86_64-x64-vc14-debug-dynamic:string.obj
 0001:00022060       pj_strcat2                 0000000140023060 f   pjlib-x86_64-x64-vc14-debug-dynamic:string.obj
 0001:000220f0       pj_strspn                  00000001400230f0 f   pjlib-x86_64-x64-vc14-debug-dynamic:string.obj
 0001:000221b0       pj_strspn2                 00000001400231b0 f   pjlib-x86_64-x64-vc14-debug-dynamic:string.obj
 0001:00022280       pj_strcspn                 0000000140023280 f   pjlib-x86_64-x64-vc14-debug-dynamic:string.obj
 0001:00022320       pj_strcspn2                0000000140023320 f   pjlib-x86_64-x64-vc14-debug-dynamic:string.obj
 0001:000223d0       pj_strtok                  00000001400233d0 f   pjlib-x86_64-x64-vc14-debug-dynamic:string.obj
 0001:000224f0       pj_strtok2                 00000001400234f0 f   pjlib-x86_64-x64-vc14-debug-dynamic:string.obj
 0001:00022610       pj_strstr                  0000000140023610 f   pjlib-x86_64-x64-vc14-debug-dynamic:string.obj
 0001:000226c0       pj_stristr                 00000001400236c0 f   pjlib-x86_64-x64-vc14-debug-dynamic:string.obj
 0001:00022770       pj_strltrim                0000000140023770 f   pjlib-x86_64-x64-vc14-debug-dynamic:string.obj
 0001:00022810       pj_strrtrim                0000000140023810 f   pjlib-x86_64-x64-vc14-debug-dynamic:string.obj
 0001:000228b0       pj_strtrim                 00000001400238b0 f   pjlib-x86_64-x64-vc14-debug-dynamic:string.obj
 0001:000228e0       pj_create_random_string    00000001400238e0 f   pjlib-x86_64-x64-vc14-debug-dynamic:string.obj
 0001:00022a30       pj_strtol                  0000000140023a30 f   pjlib-x86_64-x64-vc14-debug-dynamic:string.obj
 0001:00022b10       pj_strtol2                 0000000140023b10 f   pjlib-x86_64-x64-vc14-debug-dynamic:string.obj
 0001:00022d00       pj_strtoul                 0000000140023d00 f   pjlib-x86_64-x64-vc14-debug-dynamic:string.obj
 0001:00022d90       pj_strtoul2                0000000140023d90 f   pjlib-x86_64-x64-vc14-debug-dynamic:string.obj
 0001:00022f20       pj_strtoul3                0000000140023f20 f   pjlib-x86_64-x64-vc14-debug-dynamic:string.obj
 0001:00023200       pj_strtof                  0000000140024200 f   pjlib-x86_64-x64-vc14-debug-dynamic:string.obj
 0001:000233d0       pj_utoa                    00000001400243d0 f   pjlib-x86_64-x64-vc14-debug-dynamic:string.obj
 0001:00023400       pj_utoa_pad                0000000140024400 f   pjlib-x86_64-x64-vc14-debug-dynamic:string.obj
 0001:00023f50       pj_file_exists             0000000140024f50 f   pjlib-x86_64-x64-vc14-debug-dynamic:file_access_win32.obj
 0001:00023ff0       pj_file_size               0000000140024ff0 f   pjlib-x86_64-x64-vc14-debug-dynamic:file_access_win32.obj
 0001:000240b0       pj_file_delete             00000001400250b0 f   pjlib-x86_64-x64-vc14-debug-dynamic:file_access_win32.obj
 0001:00024160       pj_file_move               0000000140025160 f   pjlib-x86_64-x64-vc14-debug-dynamic:file_access_win32.obj
 0001:00024230       pj_file_getstat            0000000140025230 f   pjlib-x86_64-x64-vc14-debug-dynamic:file_access_win32.obj
 0001:00024970       pj_file_open               0000000140025970 f   pjlib-x86_64-x64-vc14-debug-dynamic:file_io_win32.obj
 0001:00024bc0       pj_file_close              0000000140025bc0 f   pjlib-x86_64-x64-vc14-debug-dynamic:file_io_win32.obj
 0001:00024c30       pj_file_write              0000000140025c30 f   pjlib-x86_64-x64-vc14-debug-dynamic:file_io_win32.obj
 0001:00024ce0       pj_file_read               0000000140025ce0 f   pjlib-x86_64-x64-vc14-debug-dynamic:file_io_win32.obj
 0001:00024d90       pj_file_setpos             0000000140025d90 f   pjlib-x86_64-x64-vc14-debug-dynamic:file_io_win32.obj
 0001:00024e80       pj_file_getpos             0000000140025e80 f   pjlib-x86_64-x64-vc14-debug-dynamic:file_io_win32.obj
 0001:00024f00       pj_file_flush              0000000140025f00 f   pjlib-x86_64-x64-vc14-debug-dynamic:file_io_win32.obj
 0001:00025200       pj_inet_ntop2              0000000140026200 f   pjlib-x86_64-x64-vc14-debug-dynamic:sock_common.obj
 0001:00025260       pj_sockaddr_print          0000000140026260 f   pjlib-x86_64-x64-vc14-debug-dynamic:sock_common.obj
 0001:00025400       pj_inet_addr               0000000140026400 f   pjlib-x86_64-x64-vc14-debug-dynamic:sock_common.obj
 0001:00025430       pj_inet_addr2              0000000140026430 f   pjlib-x86_64-x64-vc14-debug-dynamic:sock_common.obj
 0001:00025480       pj_sockaddr_in_init        0000000140026480 f   pjlib-x86_64-x64-vc14-debug-dynamic:sock_common.obj
 0001:00025530       pj_sockaddr_init           0000000140026530 f   pjlib-x86_64-x64-vc14-debug-dynamic:sock_common.obj
 0001:00025620       pj_sockaddr_cmp            0000000140026620 f   pjlib-x86_64-x64-vc14-debug-dynamic:sock_common.obj
 0001:00025730       pj_sockaddr_get_addr       0000000140026730 f   pjlib-x86_64-x64-vc14-debug-dynamic:sock_common.obj
 0001:000257f0       pj_sockaddr_has_addr       00000001400267f0 f   pjlib-x86_64-x64-vc14-debug-dynamic:sock_common.obj
 0001:000258e0       pj_sockaddr_get_addr_len   00000001400268e0 f   pjlib-x86_64-x64-vc14-debug-dynamic:sock_common.obj
 0001:000259a0       pj_sockaddr_get_len        00000001400269a0 f   pjlib-x86_64-x64-vc14-debug-dynamic:sock_common.obj
 0001:00025a60       pj_sockaddr_copy_addr      0000000140026a60 f   pjlib-x86_64-x64-vc14-debug-dynamic:sock_common.obj
 0001:00025ad0       pj_sockaddr_cp             0000000140026ad0 f   pjlib-x86_64-x64-vc14-debug-dynamic:sock_common.obj
 0001:00025b10       pj_sockaddr_synthesize     0000000140026b10 f   pjlib-x86_64-x64-vc14-debug-dynamic:sock_common.obj
 0001:00025ca0       pj_sockaddr_in_get_addr    0000000140026ca0 f   pjlib-x86_64-x64-vc14-debug-dynamic:sock_common.obj
 0001:00025cd0       pj_sockaddr_in_set_addr    0000000140026cd0 f   pjlib-x86_64-x64-vc14-debug-dynamic:sock_common.obj
 0001:00025d00       pj_sockaddr_in_set_str_addr 0000000140026d00 f   pjlib-x86_64-x64-vc14-debug-dynamic:sock_common.obj
 0001:00025eb0       pj_sockaddr_set_str_addr   0000000140026eb0 f   pjlib-x86_64-x64-vc14-debug-dynamic:sock_common.obj
 0001:00026050       pj_sockaddr_get_port       0000000140027050 f   pjlib-x86_64-x64-vc14-debug-dynamic:sock_common.obj
 0001:00026120       pj_sockaddr_in_get_port    0000000140027120 f   pjlib-x86_64-x64-vc14-debug-dynamic:sock_common.obj
 0001:00026150       pj_sockaddr_set_port       0000000140027150 f   pjlib-x86_64-x64-vc14-debug-dynamic:sock_common.obj
 0001:00026210       pj_sockaddr_in_set_port    0000000140027210 f   pjlib-x86_64-x64-vc14-debug-dynamic:sock_common.obj
 0001:00026240       pj_sockaddr_parse          0000000140027240 f   pjlib-x86_64-x64-vc14-debug-dynamic:sock_common.obj
 0001:000263c0       pj_sockaddr_parse2         00000001400273c0 f   pjlib-x86_64-x64-vc14-debug-dynamic:sock_common.obj
 0001:00026910       pj_gethostaddr             0000000140027910 f   pjlib-x86_64-x64-vc14-debug-dynamic:sock_common.obj
 0001:00026960       pj_sock_bind_random        0000000140027960 f   pjlib-x86_64-x64-vc14-debug-dynamic:sock_common.obj
 0001:00026ae0       pj_sock_setsockopt_sobuf   0000000140027ae0 f   pjlib-x86_64-x64-vc14-debug-dynamic:sock_common.obj
 0001:00026d00       pj_addr_str_print          0000000140027d00 f   pjlib-x86_64-x64-vc14-debug-dynamic:sock_common.obj
 0001:00026f90       pj_gethostip               0000000140027f90 f   pjlib-x86_64-x64-vc14-debug-dynamic:sock_common.obj
 0001:00027ae0       pj_getipinterface          0000000140028ae0 f   pjlib-x86_64-x64-vc14-debug-dynamic:sock_common.obj
 0001:00027d60       pj_getdefaultipinterface   0000000140028d60 f   pjlib-x86_64-x64-vc14-debug-dynamic:sock_common.obj
 0001:000288f0       pj_get_timestamp           00000001400298f0 f   pjlib-x86_64-x64-vc14-debug-dynamic:os_timestamp_win32.obj
 0001:00028970       pj_get_timestamp_freq      0000000140029970 f   pjlib-x86_64-x64-vc14-debug-dynamic:os_timestamp_win32.obj
 0001:00028a20       pj_array_insert            0000000140029a20 f   pjlib-x86_64-x64-vc14-debug-dynamic:array.obj
 0001:00028ae0       pj_array_erase             0000000140029ae0 f   pjlib-x86_64-x64-vc14-debug-dynamic:array.obj
 0001:00028b90       pj_array_find              0000000140029b90 f   pjlib-x86_64-x64-vc14-debug-dynamic:array.obj
 0001:00028ce0       pj_lock_create_simple_mutex 0000000140029ce0 f   pjlib-x86_64-x64-vc14-debug-dynamic:lock.obj
 0001:00028d20       pj_lock_create_recursive_mutex 0000000140029d20 f   pjlib-x86_64-x64-vc14-debug-dynamic:lock.obj
 0001:00028d60       pj_lock_create_null_mutex  0000000140029d60 f   pjlib-x86_64-x64-vc14-debug-dynamic:lock.obj
 0001:00028dd0       pj_lock_create_semaphore   0000000140029dd0 f   pjlib-x86_64-x64-vc14-debug-dynamic:lock.obj
 0001:00028ee0       pj_lock_acquire            0000000140029ee0 f   pjlib-x86_64-x64-vc14-debug-dynamic:lock.obj
 0001:00028f40       pj_lock_tryacquire         0000000140029f40 f   pjlib-x86_64-x64-vc14-debug-dynamic:lock.obj
 0001:00028fa0       pj_lock_release            0000000140029fa0 f   pjlib-x86_64-x64-vc14-debug-dynamic:lock.obj
 0001:00029000       pj_lock_destroy            000000014002a000 f   pjlib-x86_64-x64-vc14-debug-dynamic:lock.obj
 0001:00029060       pj_grp_lock_config_default 000000014002a060 f   pjlib-x86_64-x64-vc14-debug-dynamic:lock.obj
 0001:00029090       pj_grp_lock_create         000000014002a090 f   pjlib-x86_64-x64-vc14-debug-dynamic:lock.obj
 0001:00029280       pj_grp_lock_create_w_handler 000000014002a280 f   pjlib-x86_64-x64-vc14-debug-dynamic:lock.obj
 0001:000292f0       pj_grp_lock_destroy        000000014002a2f0 f   pjlib-x86_64-x64-vc14-debug-dynamic:lock.obj
 0001:00029310       pj_grp_lock_replace        000000014002a310 f   pjlib-x86_64-x64-vc14-debug-dynamic:lock.obj
 0001:000293d0       pj_grp_lock_acquire        000000014002a3d0 f   pjlib-x86_64-x64-vc14-debug-dynamic:lock.obj
 0001:000293f0       pj_grp_lock_tryacquire     000000014002a3f0 f   pjlib-x86_64-x64-vc14-debug-dynamic:lock.obj
 0001:00029410       pj_grp_lock_release        000000014002a410 f   pjlib-x86_64-x64-vc14-debug-dynamic:lock.obj
 0001:00029430       pj_grp_lock_add_handler    000000014002a430 f   pjlib-x86_64-x64-vc14-debug-dynamic:lock.obj
 0001:00029480       pj_grp_lock_del_handler    000000014002a480 f   pjlib-x86_64-x64-vc14-debug-dynamic:lock.obj
 0001:00029520       pj_grp_lock_add_ref        000000014002a520 f   pjlib-x86_64-x64-vc14-debug-dynamic:lock.obj
 0001:00029540       pj_grp_lock_dec_ref        000000014002a540 f   pjlib-x86_64-x64-vc14-debug-dynamic:lock.obj
 0001:00029560       pj_grp_lock_get_ref        000000014002a560 f   pjlib-x86_64-x64-vc14-debug-dynamic:lock.obj
 0001:00029590       pj_grp_lock_dump           000000014002a590 f   pjlib-x86_64-x64-vc14-debug-dynamic:lock.obj
 0001:000295e0       pj_grp_lock_chain_lock     000000014002a5e0 f   pjlib-x86_64-x64-vc14-debug-dynamic:lock.obj
 0001:000296d0       pj_grp_lock_unchain_lock   000000014002a6d0 f   pjlib-x86_64-x64-vc14-debug-dynamic:lock.obj
 0001:0002a3d0       pj_srand                   000000014002b3d0 f   pjlib-x86_64-x64-vc14-debug-dynamic:rand.obj
 0001:0002a400       pj_rand                    000000014002b400 f   pjlib-x86_64-x64-vc14-debug-dynamic:rand.obj
 0001:0002a4c0       pj_list_insert_before      000000014002b4c0 f   pjlib-x86_64-x64-vc14-debug-dynamic:list.obj
 0001:0002a4f0       pj_list_insert_nodes_before 000000014002b4f0 f   pjlib-x86_64-x64-vc14-debug-dynamic:list.obj
 0001:0002a520       pj_list_insert_after       000000014002b520 f   pjlib-x86_64-x64-vc14-debug-dynamic:list.obj
 0001:0002a570       pj_list_insert_nodes_after 000000014002b570 f   pjlib-x86_64-x64-vc14-debug-dynamic:list.obj
 0001:0002a5d0       pj_list_merge_first        000000014002b5d0 f   pjlib-x86_64-x64-vc14-debug-dynamic:list.obj
 0001:0002a630       pj_list_merge_last         000000014002b630 f   pjlib-x86_64-x64-vc14-debug-dynamic:list.obj
 0001:0002a690       pj_list_erase              000000014002b690 f   pjlib-x86_64-x64-vc14-debug-dynamic:list.obj
 0001:0002a6d0       pj_list_find_node          000000014002b6d0 f   pjlib-x86_64-x64-vc14-debug-dynamic:list.obj
 0001:0002a740       pj_list_search             000000014002b740 f   pjlib-x86_64-x64-vc14-debug-dynamic:list.obj
 0001:0002a7c0       pj_list_size               000000014002b7c0 f   pjlib-x86_64-x64-vc14-debug-dynamic:list.obj
 0001:0002a970       pj_exception_id_alloc      000000014002b970 f   pjlib-x86_64-x64-vc14-debug-dynamic:except.obj
 0001:0002a9f0       pj_exception_id_free       000000014002b9f0 f   pjlib-x86_64-x64-vc14-debug-dynamic:except.obj
 0001:0002aa70       pj_exception_id_name       000000014002ba70 f   pjlib-x86_64-x64-vc14-debug-dynamic:except.obj
 0001:0002ab20       pj_throw_exception_        000000014002bb20 f   pjlib-x86_64-x64-vc14-debug-dynamic:except.obj
 0001:0002abc0       pj_push_exception_handler_ 000000014002bbc0 f   pjlib-x86_64-x64-vc14-debug-dynamic:except.obj
 0001:0002ac60       pj_pop_exception_handler_  000000014002bc60 f   pjlib-x86_64-x64-vc14-debug-dynamic:except.obj
 0001:0002adf0       pj_ntohs                   000000014002bdf0 f   pjlib-x86_64-x64-vc14-debug-dynamic:sock_bsd.obj
 0001:0002ae10       pj_htons                   000000014002be10 f   pjlib-x86_64-x64-vc14-debug-dynamic:sock_bsd.obj
 0001:0002ae30       pj_ntohl                   000000014002be30 f   pjlib-x86_64-x64-vc14-debug-dynamic:sock_bsd.obj
 0001:0002ae50       pj_htonl                   000000014002be50 f   pjlib-x86_64-x64-vc14-debug-dynamic:sock_bsd.obj
 0001:0002ae70       pj_inet_ntoa               000000014002be70 f   pjlib-x86_64-x64-vc14-debug-dynamic:sock_bsd.obj
 0001:0002aeb0       pj_inet_aton               000000014002beb0 f   pjlib-x86_64-x64-vc14-debug-dynamic:sock_bsd.obj
 0001:0002afe0       pj_inet_pton               000000014002bfe0 f   pjlib-x86_64-x64-vc14-debug-dynamic:sock_bsd.obj
 0001:0002b280       pj_inet_ntop               000000014002c280 f   pjlib-x86_64-x64-vc14-debug-dynamic:sock_bsd.obj
 0001:0002b4e0       pj_gethostname             000000014002c4e0 f   pjlib-x86_64-x64-vc14-debug-dynamic:sock_bsd.obj
 0001:0002b570       pj_sock_socket             000000014002c570 f   pjlib-x86_64-x64-vc14-debug-dynamic:sock_bsd.obj
 0001:0002b710       pj_sock_close              000000014002c710 f   pjlib-x86_64-x64-vc14-debug-dynamic:sock_bsd.obj
 0001:0002b7a0       pj_sock_bind               000000014002c7a0 f   pjlib-x86_64-x64-vc14-debug-dynamic:sock_bsd.obj
 0001:0002b880       pj_sock_bind_in            000000014002c880 f   pjlib-x86_64-x64-vc14-debug-dynamic:sock_bsd.obj
 0001:0002b920       pj_sock_listen             000000014002c920 f   pjlib-x86_64-x64-vc14-debug-dynamic:sock_bsd.obj
 0001:0002b9b0       pj_sock_accept             000000014002c9b0 f   pjlib-x86_64-x64-vc14-debug-dynamic:sock_bsd.obj
 0001:0002ba90       pj_sock_connect            000000014002ca90 f   pjlib-x86_64-x64-vc14-debug-dynamic:sock_bsd.obj
 0001:0002bb30       pj_sock_getpeername        000000014002cb30 f   pjlib-x86_64-x64-vc14-debug-dynamic:sock_bsd.obj
 0001:0002bbd0       pj_sock_getsockname        000000014002cbd0 f   pjlib-x86_64-x64-vc14-debug-dynamic:sock_bsd.obj
 0001:0002bc70       pj_sock_getsockopt         000000014002cc70 f   pjlib-x86_64-x64-vc14-debug-dynamic:sock_bsd.obj
 0001:0002bd70       pj_sock_setsockopt         000000014002cd70 f   pjlib-x86_64-x64-vc14-debug-dynamic:sock_bsd.obj
 0001:0002be50       pj_sock_setsockopt_params  000000014002ce50 f   pjlib-x86_64-x64-vc14-debug-dynamic:sock_bsd.obj
 0001:0002bfa0       pj_sock_recv               000000014002cfa0 f   pjlib-x86_64-x64-vc14-debug-dynamic:sock_bsd.obj
 0001:0002c0a0       pj_sock_recvfrom           000000014002d0a0 f   pjlib-x86_64-x64-vc14-debug-dynamic:sock_bsd.obj
 0001:0002c1b0       pj_sock_send               000000014002d1b0 f   pjlib-x86_64-x64-vc14-debug-dynamic:sock_bsd.obj
 0001:0002c2a0       pj_sock_sendto             000000014002d2a0 f   pjlib-x86_64-x64-vc14-debug-dynamic:sock_bsd.obj
 0001:0002c3a0       pj_sock_shutdown           000000014002d3a0 f   pjlib-x86_64-x64-vc14-debug-dynamic:sock_bsd.obj
 0001:0002ca40       pj_gettimeofday            000000014002da40 f   pjlib-x86_64-x64-vc14-debug-dynamic:os_time_win32.obj
 0001:0002cb00       pj_time_decode             000000014002db00 f   pjlib-x86_64-x64-vc14-debug-dynamic:os_time_win32.obj
 0001:0002cc00       pj_time_encode             000000014002dc00 f   pjlib-x86_64-x64-vc14-debug-dynamic:os_time_win32.obj
 0001:0002ced0       pj_ioqueue_name            000000014002ded0 f   pjlib-x86_64-x64-vc14-debug-dynamic:ioqueue_select.obj
 0001:0002cee0       pj_ioqueue_create          000000014002dee0 f   pjlib-x86_64-x64-vc14-debug-dynamic:ioqueue_select.obj
 0001:0002d1d0       pj_ioqueue_destroy         000000014002e1d0 f   pjlib-x86_64-x64-vc14-debug-dynamic:ioqueue_select.obj
 0001:0002d310       pj_ioqueue_set_lock        000000014002e310 f   pjlib-x86_64-x64-vc14-debug-dynamic:ioqueue_select.obj
 0001:0002d3c0       pj_ioqueue_set_default_concurrency 000000014002e3c0 f   pjlib-x86_64-x64-vc14-debug-dynamic:ioqueue_select.obj
 0001:0002d420       pj_ioqueue_register_sock   000000014002e420 f   pjlib-x86_64-x64-vc14-debug-dynamic:ioqueue_select.obj
 0001:0002d480       pj_ioqueue_register_sock2  000000014002e480 f   pjlib-x86_64-x64-vc14-debug-dynamic:ioqueue_select.obj
 0001:0002d730       pj_ioqueue_unregister      000000014002e730 f   pjlib-x86_64-x64-vc14-debug-dynamic:ioqueue_select.obj
 0001:0002d940       pj_ioqueue_get_user_data   000000014002e940 f   pjlib-x86_64-x64-vc14-debug-dynamic:ioqueue_select.obj
 0001:0002d9a0       pj_ioqueue_set_user_data   000000014002e9a0 f   pjlib-x86_64-x64-vc14-debug-dynamic:ioqueue_select.obj
 0001:0002da20       pj_ioqueue_set_concurrency 000000014002ea20 f   pjlib-x86_64-x64-vc14-debug-dynamic:ioqueue_select.obj
 0001:0002dad0       pj_ioqueue_lock_key        000000014002ead0 f   pjlib-x86_64-x64-vc14-debug-dynamic:ioqueue_select.obj
 0001:0002db10       pj_ioqueue_trylock_key     000000014002eb10 f   pjlib-x86_64-x64-vc14-debug-dynamic:ioqueue_select.obj
 0001:0002db50       pj_ioqueue_unlock_key      000000014002eb50 f   pjlib-x86_64-x64-vc14-debug-dynamic:ioqueue_select.obj
 0001:0002db90       pj_ioqueue_op_key_init     000000014002eb90 f   pjlib-x86_64-x64-vc14-debug-dynamic:ioqueue_select.obj
 0001:0002dbc0       pj_ioqueue_is_pending      000000014002ebc0 f   pjlib-x86_64-x64-vc14-debug-dynamic:ioqueue_select.obj
 0001:0002dc10       pj_ioqueue_post_completion 000000014002ec10 f   pjlib-x86_64-x64-vc14-debug-dynamic:ioqueue_select.obj
 0001:0002ddf0       pj_ioqueue_accept          000000014002edf0 f   pjlib-x86_64-x64-vc14-debug-dynamic:ioqueue_select.obj
 0001:0002e040       pj_ioqueue_connect         000000014002f040 f   pjlib-x86_64-x64-vc14-debug-dynamic:ioqueue_select.obj
 0001:0002e1a0       pj_ioqueue_poll            000000014002f1a0 f   pjlib-x86_64-x64-vc14-debug-dynamic:ioqueue_select.obj
 0001:0002e780       pj_ioqueue_recv            000000014002f780 f   pjlib-x86_64-x64-vc14-debug-dynamic:ioqueue_select.obj
 0001:0002e9b0       pj_ioqueue_recvfrom        000000014002f9b0 f   pjlib-x86_64-x64-vc14-debug-dynamic:ioqueue_select.obj
 0001:0002ec20       pj_ioqueue_send            000000014002fc20 f   pjlib-x86_64-x64-vc14-debug-dynamic:ioqueue_select.obj
 0001:0002ee60       pj_ioqueue_sendto          000000014002fe60 f   pjlib-x86_64-x64-vc14-debug-dynamic:ioqueue_select.obj
 0001:0002f6d0       ioqueue_dispatch_write_event 00000001400306d0 f   pjlib-x86_64-x64-vc14-debug-dynamic:ioqueue_select.obj
 0001:0002fba0       ioqueue_dispatch_read_event 0000000140030ba0 f   pjlib-x86_64-x64-vc14-debug-dynamic:ioqueue_select.obj
 0001:0002ff40       ioqueue_dispatch_exception_event 0000000140030f40 f   pjlib-x86_64-x64-vc14-debug-dynamic:ioqueue_select.obj
 0001:00031100       pj_GUID_STRING_LENGTH      0000000140032100 f   pjlib-x86_64-x64-vc14-debug-dynamic:guid_win32.obj
 0001:00031110       pj_generate_unique_string  0000000140032110 f   pjlib-x86_64-x64-vc14-debug-dynamic:guid_win32.obj
 0001:00031310       pj_get_version             0000000140032310 f   pjlib-x86_64-x64-vc14-debug-dynamic:config.obj
 0001:00031320       pj_dump_config             0000000140032320 f   pjlib-x86_64-x64-vc14-debug-dynamic:config.obj
 0001:00031a00       pj_pool_create_on_buf      0000000140032a00 f   pjlib-x86_64-x64-vc14-debug-dynamic:pool_buf.obj
 0001:00031cf0       pj_get_os_error            0000000140032cf0 f   pjlib-x86_64-x64-vc14-debug-dynamic:os_error_win32.obj
 0001:00031d30       pj_set_os_error            0000000140032d30 f   pjlib-x86_64-x64-vc14-debug-dynamic:os_error_win32.obj
 0001:00031d70       pj_get_netos_error         0000000140032d70 f   pjlib-x86_64-x64-vc14-debug-dynamic:os_error_win32.obj
 0001:00031db0       pj_set_netos_error         0000000140032db0 f   pjlib-x86_64-x64-vc14-debug-dynamic:os_error_win32.obj
 0001:00031e30       platform_strerror          0000000140032e30 f   pjlib-x86_64-x64-vc14-debug-dynamic:os_error_win32.obj
 0001:00032170       pj_log_write               0000000140033170 f   pjlib-x86_64-x64-vc14-debug-dynamic:log_writer_stdout.obj
 0001:00032300       pj_enum_ip_interface       0000000140033300 f   pjlib-x86_64-x64-vc14-debug-dynamic:ip_helper_win32.obj
 0001:00032440       pj_enum_ip_interface2      0000000140033440 f   pjlib-x86_64-x64-vc14-debug-dynamic:ip_helper_win32.obj
 0001:000324b0       pj_enum_ip_route           00000001400334b0 f   pjlib-x86_64-x64-vc14-debug-dynamic:ip_helper_win32.obj
 0001:000333d0       pj_gethostbyname           00000001400343d0 f   pjlib-x86_64-x64-vc14-debug-dynamic:addr_resolv_sock.obj
 0001:00033540       pj_getaddrinfo             0000000140034540 f   pjlib-x86_64-x64-vc14-debug-dynamic:addr_resolv_sock.obj
 0001:00033920       pj_time_val_normalize      0000000140034920 f   pjlib-x86_64-x64-vc14-debug-dynamic:types.obj
 0001:00033a90       pj_gettickcount            0000000140034a90 f   pjlib-x86_64-x64-vc14-debug-dynamic:os_timestamp_common.obj
 0001:00033af0       pj_elapsed_time            0000000140034af0 f   pjlib-x86_64-x64-vc14-debug-dynamic:os_timestamp_common.obj
 0001:00033bb0       pj_elapsed_msec            0000000140034bb0 f   pjlib-x86_64-x64-vc14-debug-dynamic:os_timestamp_common.obj
 0001:00033be0       pj_elapsed_msec64          0000000140034be0 f   pjlib-x86_64-x64-vc14-debug-dynamic:os_timestamp_common.obj
 0001:00033c40       pj_elapsed_usec            0000000140034c40 f   pjlib-x86_64-x64-vc14-debug-dynamic:os_timestamp_common.obj
 0001:00033c70       pj_elapsed_nanosec         0000000140034c70 f   pjlib-x86_64-x64-vc14-debug-dynamic:os_timestamp_common.obj
 0001:00033d10       pj_elapsed_cycle           0000000140034d10 f   pjlib-x86_64-x64-vc14-debug-dynamic:os_timestamp_common.obj
 0001:00033fe0       PJ_FD_ZERO                 0000000140034fe0 f   pjlib-x86_64-x64-vc14-debug-dynamic:sock_select.obj
 0001:00034030       PJ_FD_COUNT                0000000140035030 f   pjlib-x86_64-x64-vc14-debug-dynamic:sock_select.obj
 0001:00034050       PJ_FD_SET                  0000000140035050 f   pjlib-x86_64-x64-vc14-debug-dynamic:sock_select.obj
 0001:00034190       PJ_FD_CLR                  0000000140035190 f   pjlib-x86_64-x64-vc14-debug-dynamic:sock_select.obj
 0001:000342f0       PJ_FD_ISSET                00000001400352f0 f   pjlib-x86_64-x64-vc14-debug-dynamic:sock_select.obj
 0001:00034350       pj_sock_select             0000000140035350 f   pjlib-x86_64-x64-vc14-debug-dynamic:sock_select.obj
 0001:000345b0       srtp_init                  00000001400355b0 f   libsrtp-x86_64-x64-vc14-debug-dynamic:srtp.obj
 0001:00034600       srtp_shutdown              0000000140035600 f   libsrtp-x86_64-x64-vc14-debug-dynamic:srtp.obj
 0001:00034630       srtp_protect               0000000140035630 f   libsrtp-x86_64-x64-vc14-debug-dynamic:srtp.obj
 0001:00034670       srtp_protect_mki           0000000140035670 f   libsrtp-x86_64-x64-vc14-debug-dynamic:srtp.obj
 0001:00035090       srtp_unprotect             0000000140036090 f   libsrtp-x86_64-x64-vc14-debug-dynamic:srtp.obj
 0001:000350d0       srtp_unprotect_mki         00000001400360d0 f   libsrtp-x86_64-x64-vc14-debug-dynamic:srtp.obj
 0001:00035be0       srtp_create                0000000140036be0 f   libsrtp-x86_64-x64-vc14-debug-dynamic:srtp.obj
 0001:00035cc0       srtp_add_stream            0000000140036cc0 f   libsrtp-x86_64-x64-vc14-debug-dynamic:srtp.obj
 0001:00035e20       srtp_remove_stream         0000000140036e20 f   libsrtp-x86_64-x64-vc14-debug-dynamic:srtp.obj
 0001:00035f00       srtp_update                0000000140036f00 f   libsrtp-x86_64-x64-vc14-debug-dynamic:srtp.obj
 0001:00035f80       srtp_update_stream         0000000140036f80 f   libsrtp-x86_64-x64-vc14-debug-dynamic:srtp.obj
 0001:00036020       srtp_crypto_policy_set_rtp_default 0000000140037020 f   libsrtp-x86_64-x64-vc14-debug-dynamic:srtp.obj
 0001:00036080       srtp_crypto_policy_set_rtcp_default 0000000140037080 f   libsrtp-x86_64-x64-vc14-debug-dynamic:srtp.obj
 0001:000360e0       srtp_crypto_policy_set_aes_cm_128_hmac_sha1_32 00000001400370e0 f   libsrtp-x86_64-x64-vc14-debug-dynamic:srtp.obj
 0001:00036140       srtp_crypto_policy_set_aes_cm_128_null_auth 0000000140037140 f   libsrtp-x86_64-x64-vc14-debug-dynamic:srtp.obj
 0001:000361a0       srtp_crypto_policy_set_null_cipher_hmac_sha1_80 00000001400371a0 f   libsrtp-x86_64-x64-vc14-debug-dynamic:srtp.obj
 0001:00036200       srtp_crypto_policy_set_null_cipher_hmac_null 0000000140037200 f   libsrtp-x86_64-x64-vc14-debug-dynamic:srtp.obj
 0001:00036260       srtp_crypto_policy_set_aes_cm_256_hmac_sha1_80 0000000140037260 f   libsrtp-x86_64-x64-vc14-debug-dynamic:srtp.obj
 0001:000362c0       srtp_crypto_policy_set_aes_cm_256_hmac_sha1_32 00000001400372c0 f   libsrtp-x86_64-x64-vc14-debug-dynamic:srtp.obj
 0001:00036320       srtp_crypto_policy_set_aes_cm_256_null_auth 0000000140037320 f   libsrtp-x86_64-x64-vc14-debug-dynamic:srtp.obj
 0001:00036380       srtp_dealloc               0000000140037380 f   libsrtp-x86_64-x64-vc14-debug-dynamic:srtp.obj
 0001:00036420       srtp_crypto_policy_set_from_profile_for_rtp 0000000140037420 f   libsrtp-x86_64-x64-vc14-debug-dynamic:srtp.obj
 0001:00036490       srtp_crypto_policy_set_from_profile_for_rtcp 0000000140037490 f   libsrtp-x86_64-x64-vc14-debug-dynamic:srtp.obj
 0001:00036500       srtp_profile_get_master_key_length 0000000140037500 f   libsrtp-x86_64-x64-vc14-debug-dynamic:srtp.obj
 0001:00036590       srtp_profile_get_master_salt_length 0000000140037590 f   libsrtp-x86_64-x64-vc14-debug-dynamic:srtp.obj
 0001:00036620       srtp_append_salt_to_key    0000000140037620 f   libsrtp-x86_64-x64-vc14-debug-dynamic:srtp.obj
 0001:00036670       srtp_protect_rtcp          0000000140037670 f   libsrtp-x86_64-x64-vc14-debug-dynamic:srtp.obj
 0001:000366b0       srtp_protect_rtcp_mki      00000001400376b0 f   libsrtp-x86_64-x64-vc14-debug-dynamic:srtp.obj
 0001:00036d80       srtp_unprotect_rtcp        0000000140037d80 f   libsrtp-x86_64-x64-vc14-debug-dynamic:srtp.obj
 0001:00036dc0       srtp_unprotect_rtcp_mki    0000000140037dc0 f   libsrtp-x86_64-x64-vc14-debug-dynamic:srtp.obj
 0001:000376a0       srtp_set_user_data         00000001400386a0 f   libsrtp-x86_64-x64-vc14-debug-dynamic:srtp.obj
 0001:000376c0       srtp_get_user_data         00000001400386c0 f   libsrtp-x86_64-x64-vc14-debug-dynamic:srtp.obj
 0001:000376e0       srtp_install_event_handler 00000001400386e0 f   libsrtp-x86_64-x64-vc14-debug-dynamic:srtp.obj
 0001:00037700       srtp_get_version_string    0000000140038700 f   libsrtp-x86_64-x64-vc14-debug-dynamic:srtp.obj
 0001:00037710       srtp_get_version           0000000140038710 f   libsrtp-x86_64-x64-vc14-debug-dynamic:srtp.obj
 0001:000377c0       srtp_set_debug_module      00000001400387c0 f   libsrtp-x86_64-x64-vc14-debug-dynamic:srtp.obj
 0001:000377f0       srtp_list_debug_modules    00000001400387f0 f   libsrtp-x86_64-x64-vc14-debug-dynamic:srtp.obj
 0001:00037810       srtp_install_log_handler   0000000140038810 f   libsrtp-x86_64-x64-vc14-debug-dynamic:srtp.obj
 0001:00037870       srtp_get_protect_trailer_length 0000000140038870 f   libsrtp-x86_64-x64-vc14-debug-dynamic:srtp.obj
 0001:00037980       srtp_get_protect_rtcp_trailer_length 0000000140038980 f   libsrtp-x86_64-x64-vc14-debug-dynamic:srtp.obj
 0001:00037ab0       srtp_set_stream_roc        0000000140038ab0 f   libsrtp-x86_64-x64-vc14-debug-dynamic:srtp.obj
 0001:00037b10       srtp_get_stream_roc        0000000140038b10 f   libsrtp-x86_64-x64-vc14-debug-dynamic:srtp.obj
 0001:00037be0       srtp_get_stream            0000000140038be0 f   libsrtp-x86_64-x64-vc14-debug-dynamic:srtp.obj
 0001:00037c30       srtp_stream_init_keys      0000000140038c30 f   libsrtp-x86_64-x64-vc14-debug-dynamic:srtp.obj
 0001:000387d0       srtp_stream_init           00000001400397d0 f   libsrtp-x86_64-x64-vc14-debug-dynamic:srtp.obj
 0001:00038c10       srtp_stream_alloc          0000000140039c10 f   libsrtp-x86_64-x64-vc14-debug-dynamic:srtp.obj
 0001:000390a0       srtp_stream_dealloc        000000014003a0a0 f   libsrtp-x86_64-x64-vc14-debug-dynamic:srtp.obj
 0001:000393d0       srtp_stream_clone          000000014003a3d0 f   libsrtp-x86_64-x64-vc14-debug-dynamic:srtp.obj
 0001:00039a00       srtp_validate_policy_master_keys 000000014003aa00 f   libsrtp-x86_64-x64-vc14-debug-dynamic:srtp.obj
 0001:00039ab0       srtp_get_session_keys_with_mki_index 000000014003aab0 f   libsrtp-x86_64-x64-vc14-debug-dynamic:srtp.obj
 0001:00039b00       srtp_inject_mki            000000014003ab00 f   libsrtp-x86_64-x64-vc14-debug-dynamic:srtp.obj
 0001:00039b60       srtp_stream_init_all_master_keys 000000014003ab60 f   libsrtp-x86_64-x64-vc14-debug-dynamic:srtp.obj
 0001:00039c50       srtp_event_reporter        000000014003ac50 f   libsrtp-x86_64-x64-vc14-debug-dynamic:srtp.obj
 0001:0003a320       srtp_get_session_keys      000000014003b320 f   libsrtp-x86_64-x64-vc14-debug-dynamic:srtp.obj
 0001:0003bf70       srtp_err_handler           000000014003cf70 f   libsrtp-x86_64-x64-vc14-debug-dynamic:srtp.obj
 0001:0003de90       __local_stdio_scanf_options 000000014003ee90 f i libsrtp-x86_64-x64-vc14-debug-dynamic:srtp.obj
 0001:0003dea0       _vsscanf_l                 000000014003eea0 f i libsrtp-x86_64-x64-vc14-debug-dynamic:srtp.obj
 0001:0003df10       sscanf                     000000014003ef10 f i libsrtp-x86_64-x64-vc14-debug-dynamic:srtp.obj
 0001:0003df80       srtp_crypto_alloc          000000014003ef80 f   libsrtp-x86_64-x64-vc14-debug-dynamic:alloc.obj
 0001:0003e000       srtp_crypto_free           000000014003f000 f   libsrtp-x86_64-x64-vc14-debug-dynamic:alloc.obj
 0001:0003e070       octet_get_weight           000000014003f070 f   libsrtp-x86_64-x64-vc14-debug-dynamic:datatypes.obj
 0001:0003e090       srtp_octet_string_hex_string 000000014003f090 f   libsrtp-x86_64-x64-vc14-debug-dynamic:datatypes.obj
 0001:0003e180       v128_bit_string            000000014003f180 f   libsrtp-x86_64-x64-vc14-debug-dynamic:datatypes.obj
 0001:0003e260       v128_hex_string            000000014003f260 f   libsrtp-x86_64-x64-vc14-debug-dynamic:datatypes.obj
 0001:0003e330       v128_copy_octet_string     000000014003f330 f   libsrtp-x86_64-x64-vc14-debug-dynamic:datatypes.obj
 0001:0003e590       v128_left_shift            000000014003f590 f   libsrtp-x86_64-x64-vc14-debug-dynamic:datatypes.obj
 0001:0003e750       v128_right_shift           000000014003f750 f   libsrtp-x86_64-x64-vc14-debug-dynamic:datatypes.obj
 0001:0003e900       octet_string_is_eq         000000014003f900 f   libsrtp-x86_64-x64-vc14-debug-dynamic:datatypes.obj
 0001:0003e9a0       srtp_cleanse               000000014003f9a0 f   libsrtp-x86_64-x64-vc14-debug-dynamic:datatypes.obj
 0001:0003ea00       octet_string_set_to_zero   000000014003fa00 f   libsrtp-x86_64-x64-vc14-debug-dynamic:datatypes.obj
 0001:0003ea30       bitvector_alloc            000000014003fa30 f   libsrtp-x86_64-x64-vc14-debug-dynamic:datatypes.obj
 0001:0003eae0       bitvector_dealloc          000000014003fae0 f   libsrtp-x86_64-x64-vc14-debug-dynamic:datatypes.obj
 0001:0003eb30       bitvector_set_to_zero      000000014003fb30 f   libsrtp-x86_64-x64-vc14-debug-dynamic:datatypes.obj
 0001:0003eb70       bitvector_left_shift       000000014003fb70 f   libsrtp-x86_64-x64-vc14-debug-dynamic:datatypes.obj
 0001:0003ed50       bitvector_bit_string       000000014003fd50 f   libsrtp-x86_64-x64-vc14-debug-dynamic:datatypes.obj
 0001:0003ee30       srtp_nibble_to_hex_char    000000014003fe30 f   libsrtp-x86_64-x64-vc14-debug-dynamic:datatypes.obj
 0001:0003f250       srtp_err_reporting_init    0000000140040250 f   libsrtp-x86_64-x64-vc14-debug-dynamic:srtp_err.obj
 0001:0003f260       srtp_install_err_report_handler 0000000140040260 f   libsrtp-x86_64-x64-vc14-debug-dynamic:srtp_err.obj
 0001:0003f270       srtp_err_report            0000000140040270 f   libsrtp-x86_64-x64-vc14-debug-dynamic:srtp_err.obj
 0001:0003f2d0       srtp_err_reporting_set_level 00000001400402d0 f   libsrtp-x86_64-x64-vc14-debug-dynamic:srtp_err.obj
 0001:0003f310       srtp_rdbx_init             0000000140040310 f   libsrtp-x86_64-x64-vc14-debug-dynamic:rdbx.obj
 0001:0003f370       srtp_rdbx_dealloc          0000000140040370 f   libsrtp-x86_64-x64-vc14-debug-dynamic:rdbx.obj
 0001:0003f3a0       srtp_rdbx_estimate_index   00000001400403a0 f   libsrtp-x86_64-x64-vc14-debug-dynamic:rdbx.obj
 0001:0003f410       srtp_rdbx_check            0000000140040410 f   libsrtp-x86_64-x64-vc14-debug-dynamic:rdbx.obj
 0001:0003f4b0       srtp_rdbx_add_index        00000001400404b0 f   libsrtp-x86_64-x64-vc14-debug-dynamic:rdbx.obj
 0001:0003f5d0       srtp_rdbx_set_roc          00000001400405d0 f   libsrtp-x86_64-x64-vc14-debug-dynamic:rdbx.obj
 0001:0003f650       srtp_rdbx_get_packet_index 0000000140040650 f   libsrtp-x86_64-x64-vc14-debug-dynamic:rdbx.obj
 0001:0003f670       srtp_rdbx_get_window_size  0000000140040670 f   libsrtp-x86_64-x64-vc14-debug-dynamic:rdbx.obj
 0001:0003f690       srtp_index_init            0000000140040690 f   libsrtp-x86_64-x64-vc14-debug-dynamic:rdbx.obj
 0001:0003f6b0       srtp_index_advance         00000001400406b0 f   libsrtp-x86_64-x64-vc14-debug-dynamic:rdbx.obj
 0001:0003f6e0       srtp_index_guess           00000001400406e0 f   libsrtp-x86_64-x64-vc14-debug-dynamic:rdbx.obj
 0001:0003f800       srtp_rdbx_get_roc          0000000140040800 f   libsrtp-x86_64-x64-vc14-debug-dynamic:rdbx.obj
 0001:0003f830       srtp_rdbx_set_roc_seq      0000000140040830 f   libsrtp-x86_64-x64-vc14-debug-dynamic:rdbx.obj
 0001:0003fa10       srtp_rdb_init              0000000140040a10 f   libsrtp-x86_64-x64-vc14-debug-dynamic:rdb.obj
 0001:0003fa90       srtp_rdb_check             0000000140040a90 f   libsrtp-x86_64-x64-vc14-debug-dynamic:rdb.obj
 0001:0003fb20       srtp_rdb_add_index         0000000140040b20 f   libsrtp-x86_64-x64-vc14-debug-dynamic:rdb.obj
 0001:0003fbf0       srtp_rdb_increment         0000000140040bf0 f   libsrtp-x86_64-x64-vc14-debug-dynamic:rdb.obj
 0001:0003fc30       srtp_rdb_get_value         0000000140040c30 f   libsrtp-x86_64-x64-vc14-debug-dynamic:rdb.obj
 0001:0003fcd0       srtp_cipher_get_key_length 0000000140040cd0 f   libsrtp-x86_64-x64-vc14-debug-dynamic:cipher.obj
 0001:0003fcf0       srtp_cipher_type_self_test 0000000140040cf0 f   libsrtp-x86_64-x64-vc14-debug-dynamic:cipher.obj
 0001:0003fd20       srtp_cipher_type_test      0000000140040d20 f   libsrtp-x86_64-x64-vc14-debug-dynamic:cipher.obj
 0001:00040b80       srtp_cipher_bits_per_second 0000000140041b80 f   libsrtp-x86_64-x64-vc14-debug-dynamic:cipher.obj
 0001:00040d00       srtp_cipher_type_alloc     0000000140041d00 f   libsrtp-x86_64-x64-vc14-debug-dynamic:cipher.obj
 0001:00040d60       srtp_cipher_dealloc        0000000140041d60 f   libsrtp-x86_64-x64-vc14-debug-dynamic:cipher.obj
 0001:00040da0       srtp_cipher_init           0000000140041da0 f   libsrtp-x86_64-x64-vc14-debug-dynamic:cipher.obj
 0001:00040e00       srtp_cipher_set_iv         0000000140041e00 f   libsrtp-x86_64-x64-vc14-debug-dynamic:cipher.obj
 0001:00040e70       srtp_cipher_output         0000000140041e70 f   libsrtp-x86_64-x64-vc14-debug-dynamic:cipher.obj
 0001:00040ec0       srtp_cipher_encrypt        0000000140041ec0 f   libsrtp-x86_64-x64-vc14-debug-dynamic:cipher.obj
 0001:00040f30       srtp_cipher_decrypt        0000000140041f30 f   libsrtp-x86_64-x64-vc14-debug-dynamic:cipher.obj
 0001:00040fa0       srtp_cipher_get_tag        0000000140041fa0 f   libsrtp-x86_64-x64-vc14-debug-dynamic:cipher.obj
 0001:00041020       srtp_cipher_set_aad        0000000140042020 f   libsrtp-x86_64-x64-vc14-debug-dynamic:cipher.obj
 0001:00041610       srtp_auth_get_key_length   0000000140042610 f   libsrtp-x86_64-x64-vc14-debug-dynamic:auth.obj
 0001:00041630       srtp_auth_get_tag_length   0000000140042630 f   libsrtp-x86_64-x64-vc14-debug-dynamic:auth.obj
 0001:00041650       srtp_auth_get_prefix_length 0000000140042650 f   libsrtp-x86_64-x64-vc14-debug-dynamic:auth.obj
 0001:00041670       srtp_auth_type_self_test   0000000140042670 f   libsrtp-x86_64-x64-vc14-debug-dynamic:auth.obj
 0001:000416a0       srtp_auth_type_test        00000001400426a0 f   libsrtp-x86_64-x64-vc14-debug-dynamic:auth.obj
 0001:00041b30       srtp_key_limit_set         0000000140042b30 f   libsrtp-x86_64-x64-vc14-debug-dynamic:key.obj
 0001:00041b70       srtp_key_limit_clone       0000000140042b70 f   libsrtp-x86_64-x64-vc14-debug-dynamic:key.obj
 0001:00041ba0       srtp_key_limit_check       0000000140042ba0 f   libsrtp-x86_64-x64-vc14-debug-dynamic:key.obj
 0001:00041bc0       srtp_key_limit_update      0000000140042bc0 f   libsrtp-x86_64-x64-vc14-debug-dynamic:key.obj
 0001:00041c70       srtp_replace_cipher_type   0000000140042c70 f   libsrtp-x86_64-x64-vc14-debug-dynamic:crypto_kernel.obj
 0001:00041ca0       srtp_replace_auth_type     0000000140042ca0 f   libsrtp-x86_64-x64-vc14-debug-dynamic:crypto_kernel.obj
 0001:00041cd0       srtp_crypto_kernel_init    0000000140042cd0 f   libsrtp-x86_64-x64-vc14-debug-dynamic:crypto_kernel.obj
 0001:00041ea0       srtp_crypto_kernel_shutdown 0000000140042ea0 f   libsrtp-x86_64-x64-vc14-debug-dynamic:crypto_kernel.obj
 0001:00041fe0       srtp_crypto_kernel_status  0000000140042fe0 f   libsrtp-x86_64-x64-vc14-debug-dynamic:crypto_kernel.obj
 0001:00042140       srtp_crypto_kernel_list_debug_modules 0000000140043140 f   libsrtp-x86_64-x64-vc14-debug-dynamic:crypto_kernel.obj
 0001:000421e0       srtp_crypto_kernel_load_cipher_type 00000001400431e0 f   libsrtp-x86_64-x64-vc14-debug-dynamic:crypto_kernel.obj
 0001:00042210       srtp_crypto_kernel_load_auth_type 0000000140043210 f   libsrtp-x86_64-x64-vc14-debug-dynamic:crypto_kernel.obj
 0001:00042240       srtp_crypto_kernel_load_debug_module 0000000140043240 f   libsrtp-x86_64-x64-vc14-debug-dynamic:crypto_kernel.obj
 0001:00042300       srtp_crypto_kernel_alloc_cipher 0000000140043300 f   libsrtp-x86_64-x64-vc14-debug-dynamic:crypto_kernel.obj
 0001:00042370       srtp_crypto_kernel_alloc_auth 0000000140043370 f   libsrtp-x86_64-x64-vc14-debug-dynamic:crypto_kernel.obj
 0001:000423e0       srtp_crypto_kernel_set_debug_module 00000001400433e0 f   libsrtp-x86_64-x64-vc14-debug-dynamic:crypto_kernel.obj
 0001:000425c0       srtp_crypto_kernel_do_load_auth_type 00000001400435c0 f   libsrtp-x86_64-x64-vc14-debug-dynamic:crypto_kernel.obj
 0001:00042720       srtp_crypto_kernel_get_cipher_type 0000000140043720 f   libsrtp-x86_64-x64-vc14-debug-dynamic:crypto_kernel.obj
 0001:00042770       srtp_crypto_kernel_get_auth_type 0000000140043770 f   libsrtp-x86_64-x64-vc14-debug-dynamic:crypto_kernel.obj
 0001:00042a90       srtp_ekt_octets_after_base_tag 0000000140043a90 f   libsrtp-x86_64-x64-vc14-debug-dynamic:ekt.obj
 0001:00042ad0       srtp_ekt_alloc             0000000140043ad0 f   libsrtp-x86_64-x64-vc14-debug-dynamic:ekt.obj
 0001:00042b10       srtp_ekt_stream_init_from_policy 0000000140043b10 f   libsrtp-x86_64-x64-vc14-debug-dynamic:ekt.obj
 0001:00042b30       srtp_stream_init_from_ekt  0000000140043b30 f   libsrtp-x86_64-x64-vc14-debug-dynamic:ekt.obj
 0001:00042c80       srtp_ekt_write_data        0000000140043c80 f   libsrtp-x86_64-x64-vc14-debug-dynamic:ekt.obj
 0001:00042f50       aes_decrypt_with_raw_key   0000000140043f50 f   libsrtp-x86_64-x64-vc14-debug-dynamic:ekt.obj
 0001:00042fd0       srtcp_ekt_trailer          0000000140043fd0 f   libsrtp-x86_64-x64-vc14-debug-dynamic:ekt.obj
 0001:00043140       stat_test_monobit          0000000140044140 f   libsrtp-x86_64-x64-vc14-debug-dynamic:stat.obj
 0001:000431f0       stat_test_poker            00000001400441f0 f   libsrtp-x86_64-x64-vc14-debug-dynamic:stat.obj
 0001:000433f0       stat_test_runs             00000001400443f0 f   libsrtp-x86_64-x64-vc14-debug-dynamic:stat.obj
 0001:000456b0       srtp_aes_expand_encryption_key 00000001400466b0 f   libsrtp-x86_64-x64-vc14-debug-dynamic:aes.obj
 0001:00045720       srtp_aes_expand_decryption_key 0000000140046720 f   libsrtp-x86_64-x64-vc14-debug-dynamic:aes.obj
 0001:00045f40       srtp_aes_encrypt           0000000140046f40 f   libsrtp-x86_64-x64-vc14-debug-dynamic:aes.obj
 0001:00046280       srtp_aes_decrypt           0000000140047280 f   libsrtp-x86_64-x64-vc14-debug-dynamic:aes.obj
 0001:000483e0       srtp_sha1_init             00000001400493e0 f   libsrtp-x86_64-x64-vc14-debug-dynamic:sha1.obj
 0001:00048470       srtp_sha1_update           0000000140049470 f   libsrtp-x86_64-x64-vc14-debug-dynamic:sha1.obj
 0001:00048620       srtp_sha1_final            0000000140049620 f   libsrtp-x86_64-x64-vc14-debug-dynamic:sha1.obj
 0001:00049220       srtp_sha1_core             000000014004a220 f   libsrtp-x86_64-x64-vc14-debug-dynamic:sha1.obj
 0001:00049e50       srtp_sha1                  000000014004ae50 f   libsrtp-x86_64-x64-vc14-debug-dynamic:sha1.obj
 0001:0004a57e       CoCreateGuid               000000014004b57e f   ole32:ole32.dll
 0001:0004a584       WSAStartup                 000000014004b584 f   ws2_32:WS2_32.dll
 0001:0004a58a       WSACleanup                 000000014004b58a f   ws2_32:WS2_32.dll
 0001:0004a590       WSAGetLastError            000000014004b590 f   ws2_32:WS2_32.dll
 0001:0004a596       accept                     000000014004b596 f   ws2_32:WS2_32.dll
[...]
 0003:00025638       $SG60993                   0000000140089638     libsrtp-x86_64-x64-vc14-debug-dynamic:srtp.obj
 0003:00025658       $SG61240                   0000000140089658     libsrtp-x86_64-x64-vc14-debug-dynamic:srtp.obj
 0003:00025678       $SG61242                   0000000140089678     libsrtp-x86_64-x64-vc14-debug-dynamic:srtp.obj
 0003:00025690       $SG61292                   0000000140089690     libsrtp-x86_64-x64-vc14-debug-dynamic:srtp.obj
 0003:000256a8       $SG61358                   00000001400896a8     libsrtp-x86_64-x64-vc14-debug-dynamic:srtp.obj
 0003:000256c0       $SG61448                   00000001400896c0     libsrtp-x86_64-x64-vc14-debug-dynamic:srtp.obj
 0003:000256d8       $SG61455                   00000001400896d8     libsrtp-x86_64-x64-vc14-debug-dynamic:srtp.obj
 0003:000256f8       $SG61460                   00000001400896f8     libsrtp-x86_64-x64-vc14-debug-dynamic:srtp.obj
 0003:00025718       $SG61534                   0000000140089718     libsrtp-x86_64-x64-vc14-debug-dynamic:srtp.obj
 0003:00025750       $SG61546                   0000000140089750     libsrtp-x86_64-x64-vc14-debug-dynamic:srtp.obj
 0003:00025768       $SG61553                   0000000140089768     libsrtp-x86_64-x64-vc14-debug-dynamic:srtp.obj
 0003:00025790       $SG61556                   0000000140089790     libsrtp-x86_64-x64-vc14-debug-dynamic:srtp.obj
 0003:000257b8       $SG61560                   00000001400897b8     libsrtp-x86_64-x64-vc14-debug-dynamic:srtp.obj
 0003:00025960       $SG59750                   0000000140089960     libsrtp-x86_64-x64-vc14-debug-dynamic:alloc.obj
 0003:00025968       $SG59758                   0000000140089968     libsrtp-x86_64-x64-vc14-debug-dynamic:alloc.obj
 0003:00025988       $SG59760                   0000000140089988     libsrtp-x86_64-x64-vc14-debug-dynamic:alloc.obj
 0003:000259b8       $SG59765                   00000001400899b8     libsrtp-x86_64-x64-vc14-debug-dynamic:alloc.obj
 0003:00025ec0       $SG11357                   0000000140089ec0     libsrtp-x86_64-x64-vc14-debug-dynamic:srtp_err.obj
 0003:00025ee0       $SG59478                   0000000140089ee0     libsrtp-x86_64-x64-vc14-debug-dynamic:cipher.obj
 0003:00025ee8       $SG59625                   0000000140089ee8     libsrtp-x86_64-x64-vc14-debug-dynamic:cipher.obj
 0003:00025f10       $SG59629                   0000000140089f10     libsrtp-x86_64-x64-vc14-debug-dynamic:cipher.obj
 0003:00025f28       $SG59633                   0000000140089f28     libsrtp-x86_64-x64-vc14-debug-dynamic:cipher.obj
 0003:00025f40       $SG59638                   0000000140089f40     libsrtp-x86_64-x64-vc14-debug-dynamic:cipher.obj
 0003:00025f50       $SG59641                   0000000140089f50     libsrtp-x86_64-x64-vc14-debug-dynamic:cipher.obj
 0003:00025f60       $SG59647                   0000000140089f60     libsrtp-x86_64-x64-vc14-debug-dynamic:cipher.obj
 0003:00025f78       $SG59651                   0000000140089f78     libsrtp-x86_64-x64-vc14-debug-dynamic:cipher.obj
 0003:00025f98       $SG59653                   0000000140089f98     libsrtp-x86_64-x64-vc14-debug-dynamic:cipher.obj
 0003:00025fb8       $SG59656                   0000000140089fb8     libsrtp-x86_64-x64-vc14-debug-dynamic:cipher.obj
 0003:00025fd0       $SG59658                   0000000140089fd0     libsrtp-x86_64-x64-vc14-debug-dynamic:cipher.obj
 0003:00025fe8       $SG59660                   0000000140089fe8     libsrtp-x86_64-x64-vc14-debug-dynamic:cipher.obj
 0003:00026000       $SG59664                   000000014008a000     libsrtp-x86_64-x64-vc14-debug-dynamic:cipher.obj
 0003:00026018       $SG59670                   000000014008a018     libsrtp-x86_64-x64-vc14-debug-dynamic:cipher.obj
 0003:00026028       $SG59673                   000000014008a028     libsrtp-x86_64-x64-vc14-debug-dynamic:cipher.obj
 0003:00026040       $SG59677                   000000014008a040     libsrtp-x86_64-x64-vc14-debug-dynamic:cipher.obj
 0003:00026060       $SG59679                   000000014008a060     libsrtp-x86_64-x64-vc14-debug-dynamic:cipher.obj
 0003:00026080       $SG59682                   000000014008a080     libsrtp-x86_64-x64-vc14-debug-dynamic:cipher.obj
 0003:00026098       $SG59684                   000000014008a098     libsrtp-x86_64-x64-vc14-debug-dynamic:cipher.obj
 0003:000260b0       $SG59688                   000000014008a0b0     libsrtp-x86_64-x64-vc14-debug-dynamic:cipher.obj
 0003:000260d8       $SG59691                   000000014008a0d8     libsrtp-x86_64-x64-vc14-debug-dynamic:cipher.obj
 0003:000260f0       $SG59701                   000000014008a0f0     libsrtp-x86_64-x64-vc14-debug-dynamic:cipher.obj
 0003:00026100       $SG59707                   000000014008a100     libsrtp-x86_64-x64-vc14-debug-dynamic:cipher.obj
 0003:00026118       $SG59714                   000000014008a118     libsrtp-x86_64-x64-vc14-debug-dynamic:cipher.obj
 0003:00026128       $SG59717                   000000014008a128     libsrtp-x86_64-x64-vc14-debug-dynamic:cipher.obj
 0003:00026140       $SG59721                   000000014008a140     libsrtp-x86_64-x64-vc14-debug-dynamic:cipher.obj
 0003:00026160       $SG59723                   000000014008a160     libsrtp-x86_64-x64-vc14-debug-dynamic:cipher.obj
 0003:00026218       $SG59403                   000000014008a218     libsrtp-x86_64-x64-vc14-debug-dynamic:auth.obj
 0003:00026228       $SG59433                   000000014008a228     libsrtp-x86_64-x64-vc14-debug-dynamic:auth.obj
 0003:00026258       $SG59440                   000000014008a258     libsrtp-x86_64-x64-vc14-debug-dynamic:auth.obj
 0003:00026268       $SG59442                   000000014008a268     libsrtp-x86_64-x64-vc14-debug-dynamic:auth.obj
 0003:00026278       $SG59444                   000000014008a278     libsrtp-x86_64-x64-vc14-debug-dynamic:auth.obj
 0003:00026290       $SG59446                   000000014008a290     libsrtp-x86_64-x64-vc14-debug-dynamic:auth.obj
 0003:000262a8       $SG59449                   000000014008a2a8     libsrtp-x86_64-x64-vc14-debug-dynamic:auth.obj
 0003:000262c8       $SG59451                   000000014008a2c8     libsrtp-x86_64-x64-vc14-debug-dynamic:auth.obj
 0003:00026328       $SG59750                   000000014008a328     libsrtp-x86_64-x64-vc14-debug-dynamic:crypto_kernel.obj
 0003:00026338       $SG59793                   000000014008a338     libsrtp-x86_64-x64-vc14-debug-dynamic:crypto_kernel.obj
 0003:00026348       $SG59794                   000000014008a348     libsrtp-x86_64-x64-vc14-debug-dynamic:crypto_kernel.obj
 0003:00026358       $SG59796                   000000014008a358     libsrtp-x86_64-x64-vc14-debug-dynamic:crypto_kernel.obj
 0003:00026378       $SG59797                   000000014008a378     libsrtp-x86_64-x64-vc14-debug-dynamic:crypto_kernel.obj
 0003:00026380       $SG59798                   000000014008a380     libsrtp-x86_64-x64-vc14-debug-dynamic:crypto_kernel.obj
 0003:00026390       $SG59799                   000000014008a390     libsrtp-x86_64-x64-vc14-debug-dynamic:crypto_kernel.obj
 0003:000263a0       $SG59801                   000000014008a3a0     libsrtp-x86_64-x64-vc14-debug-dynamic:crypto_kernel.obj
 0003:000263c0       $SG59802                   000000014008a3c0     libsrtp-x86_64-x64-vc14-debug-dynamic:crypto_kernel.obj
 0003:000263c8       $SG59808                   000000014008a3c8     libsrtp-x86_64-x64-vc14-debug-dynamic:crypto_kernel.obj
 0003:000263e0       $SG59809                   000000014008a3e0     libsrtp-x86_64-x64-vc14-debug-dynamic:crypto_kernel.obj
 0003:000263e8       $SG59812                   000000014008a3e8     libsrtp-x86_64-x64-vc14-debug-dynamic:crypto_kernel.obj
 0003:000263f0       $SG59813                   000000014008a3f0     libsrtp-x86_64-x64-vc14-debug-dynamic:crypto_kernel.obj
 0003:000263f8       $SG59828                   000000014008a3f8     libsrtp-x86_64-x64-vc14-debug-dynamic:crypto_kernel.obj
 0003:00026420       $SG59830                   000000014008a420     libsrtp-x86_64-x64-vc14-debug-dynamic:crypto_kernel.obj
 0003:00026450       $SG59832                   000000014008a450     libsrtp-x86_64-x64-vc14-debug-dynamic:crypto_kernel.obj
 0003:000264c0       $SG60087                   000000014008a4c0     libsrtp-x86_64-x64-vc14-debug-dynamic:ekt.obj
 0003:000264d8       $SG60089                   000000014008a4d8     libsrtp-x86_64-x64-vc14-debug-dynamic:ekt.obj
 0003:000264f8       $SG60091                   000000014008a4f8     libsrtp-x86_64-x64-vc14-debug-dynamic:ekt.obj
 0003:00026518       $SG60093                   000000014008a518     libsrtp-x86_64-x64-vc14-debug-dynamic:ekt.obj
 0003:00026538       $SG60095                   000000014008a538     libsrtp-x86_64-x64-vc14-debug-dynamic:ekt.obj
 0003:00026580       $SG59308                   000000014008a580     libsrtp-x86_64-x64-vc14-debug-dynamic:stat.obj
 0003:00026590       $SG59318                   000000014008a590     libsrtp-x86_64-x64-vc14-debug-dynamic:stat.obj
 0003:000265a8       $SG59335                   000000014008a5a8     libsrtp-x86_64-x64-vc14-debug-dynamic:stat.obj
 0003:000265c0       $SG59370                   000000014008a5c0     libsrtp-x86_64-x64-vc14-debug-dynamic:stat.obj
 0003:000265d8       $SG59375                   000000014008a5d8     libsrtp-x86_64-x64-vc14-debug-dynamic:stat.obj
 0003:000265f0       $SG59381                   000000014008a5f0     libsrtp-x86_64-x64-vc14-debug-dynamic:stat.obj
 0003:00026608       $SG59387                   000000014008a608     libsrtp-x86_64-x64-vc14-debug-dynamic:stat.obj
 0003:00026620       $SG59390                   000000014008a620     libsrtp-x86_64-x64-vc14-debug-dynamic:stat.obj
 0003:00026630       $SG59392                   000000014008a630     libsrtp-x86_64-x64-vc14-debug-dynamic:stat.obj
 0003:00026648       $SG59394                   000000014008a648     libsrtp-x86_64-x64-vc14-debug-dynamic:stat.obj
 0003:00026688       $SG59498                   000000014008a688     libsrtp-x86_64-x64-vc14-debug-dynamic:null_cipher.obj
 0003:000266b8       $SG59514                   000000014008a6b8     libsrtp-x86_64-x64-vc14-debug-dynamic:null_cipher.obj
 0003:000266f8       $SG59519                   000000014008a6f8     libsrtp-x86_64-x64-vc14-debug-dynamic:aes_icm.obj
 0003:00026700       $SG59542                   000000014008a700     libsrtp-x86_64-x64-vc14-debug-dynamic:aes_icm.obj
 0003:00026730       $SG59574                   000000014008a730     libsrtp-x86_64-x64-vc14-debug-dynamic:aes_icm.obj
 0003:00026740       $SG59576                   000000014008a740     libsrtp-x86_64-x64-vc14-debug-dynamic:aes_icm.obj
 0003:00026750       $SG59590                   000000014008a750     libsrtp-x86_64-x64-vc14-debug-dynamic:aes_icm.obj
 0003:00026768       $SG59592                   000000014008a768     libsrtp-x86_64-x64-vc14-debug-dynamic:aes_icm.obj
 0003:00026780       $SG59599                   000000014008a780     libsrtp-x86_64-x64-vc14-debug-dynamic:aes_icm.obj
 0003:00026798       $SG59601                   000000014008a798     libsrtp-x86_64-x64-vc14-debug-dynamic:aes_icm.obj
 0003:000267b0       $SG59640                   000000014008a7b0     libsrtp-x86_64-x64-vc14-debug-dynamic:aes_icm.obj
 0003:000267f8       $SG59425                   000000014008a7f8     libsrtp-x86_64-x64-vc14-debug-dynamic:null_auth.obj
 0003:00026828       $SG59427                   000000014008a828     libsrtp-x86_64-x64-vc14-debug-dynamic:null_auth.obj
 0003:00026878       $SG59438                   000000014008a878     libsrtp-x86_64-x64-vc14-debug-dynamic:hmac.obj
 0003:00026888       $SG59456                   000000014008a888     libsrtp-x86_64-x64-vc14-debug-dynamic:hmac.obj
 0003:000268b8       $SG59458                   000000014008a8b8     libsrtp-x86_64-x64-vc14-debug-dynamic:hmac.obj
 0003:000268e8       $SG59490                   000000014008a8e8     libsrtp-x86_64-x64-vc14-debug-dynamic:hmac.obj
 0003:000268f8       $SG59509                   000000014008a8f8     libsrtp-x86_64-x64-vc14-debug-dynamic:hmac.obj
 0003:00026908       $SG59537                   000000014008a908     libsrtp-x86_64-x64-vc14-debug-dynamic:hmac.obj
 0003:00026928       $SG59539                   000000014008a928     libsrtp-x86_64-x64-vc14-debug-dynamic:hmac.obj
 0003:00026978       $SG59324                   000000014008a978     libsrtp-x86_64-x64-vc14-debug-dynamic:sha1.obj
 0003:00026990       $SG59404                   000000014008a990     libsrtp-x86_64-x64-vc14-debug-dynamic:sha1.obj
 0003:000269b8       $SG59406                   000000014008a9b8     libsrtp-x86_64-x64-vc14-debug-dynamic:sha1.obj
 0003:000269e8       $SG59473                   000000014008a9e8     libsrtp-x86_64-x64-vc14-debug-dynamic:sha1.obj
 0003:00026a10       $SG59476                   000000014008aa10     libsrtp-x86_64-x64-vc14-debug-dynamic:sha1.obj
 0003:00026c20       ?msg@?3??get_libsrtp_errstr@@9@9 000000014008ac20     pjmedia-x86_64-x64-vc14-debug-dynamic:transport_srtp.obj
 0003:00026c40       libsrtp_initialized        000000014008ac40     pjmedia-x86_64-x64-vc14-debug-dynamic:transport_srtp.obj
 0003:00026c44       $SG23046                   000000014008ac44     pjmedia-x86_64-x64-vc14-debug-dynamic:transport_srtp.obj
 0003:00026c45       $SG23048                   000000014008ac45     pjmedia-x86_64-x64-vc14-debug-dynamic:transport_srtp.obj
 0003:00026c46       $SG23058                   000000014008ac46     pjmedia-x86_64-x64-vc14-debug-dynamic:transport_srtp.obj
 0003:00026c47       $SG23060                   000000014008ac47     pjmedia-x86_64-x64-vc14-debug-dynamic:transport_srtp.obj
 0003:00026c50       event_manager_instance     000000014008ac50     pjmedia-x86_64-x64-vc14-debug-dynamic:event.obj
 0003:00026c60       ?ev_queue@?9??pjmedia_event_publish@@9@9 000000014008ac60     pjmedia-x86_64-x64-vc14-debug-dynamic:event.obj
 0003:00027580       is_initialized             000000014008b580     pjmedia-x86_64-x64-vc14-debug-dynamic:sdp.obj
 0003:00027584       $SG17124                   000000014008b584     pjmedia-x86_64-x64-vc14-debug-dynamic:sdp.obj
 0003:00027590       cis_buf                    000000014008b590     pjmedia-x86_64-x64-vc14-debug-dynamic:sdp.obj
 0003:00027998       cs_digit                   000000014008b998     pjmedia-x86_64-x64-vc14-debug-dynamic:sdp.obj
 0003:000279a8       cs_token                   000000014008b9a8     pjmedia-x86_64-x64-vc14-debug-dynamic:sdp.obj
 0003:00027a90       $SG20878                   000000014008ba90     pjmedia-x86_64-x64-vc14-debug-dynamic:endpoint.obj
 0003:00027a91       $SG21048                   000000014008ba91     pjmedia-x86_64-x64-vc14-debug-dynamic:endpoint.obj
 0003:00027a92       $SG21050                   000000014008ba92     pjmedia-x86_64-x64-vc14-debug-dynamic:endpoint.obj
 0003:00027a93       $SG21052                   000000014008ba93     pjmedia-x86_64-x64-vc14-debug-dynamic:endpoint.obj
 0003:00027a94       $SG21054                   000000014008ba94     pjmedia-x86_64-x64-vc14-debug-dynamic:endpoint.obj
 0003:00027a95       $SG21056                   000000014008ba95     pjmedia-x86_64-x64-vc14-debug-dynamic:endpoint.obj
 0003:00027aa0       initialized                000000014008baa0     pjlib-x86_64-x64-vc14-debug-dynamic:os_core_win32.obj
 0003:00027aa4       atexit_count               000000014008baa4     pjlib-x86_64-x64-vc14-debug-dynamic:os_core_win32.obj
 0003:00027aa8       $SG59961                   000000014008baa8     pjlib-x86_64-x64-vc14-debug-dynamic:os_core_win32.obj
 0003:00027ab0       main_thread                000000014008bab0     pjlib-x86_64-x64-vc14-debug-dynamic:os_core_win32.obj
 0003:00027bb0       critical_section_mutex     000000014008bbb0     pjlib-x86_64-x64-vc14-debug-dynamic:os_core_win32.obj
 0003:00027c10       atexit_func                000000014008bc10     pjlib-x86_64-x64-vc14-debug-dynamic:os_core_win32.obj
 0003:00027d90       err_msg_hnd_cnt            000000014008bd90     pjlib-x86_64-x64-vc14-debug-dynamic:errno.obj
 0003:00027da0       err_msg_hnd                000000014008bda0     pjlib-x86_64-x64-vc14-debug-dynamic:errno.obj
 0003:00027e68       g_last_thread              000000014008be68     pjlib-x86_64-x64-vc14-debug-dynamic:log.obj
 0003:00027e71       $SG60326                   000000014008be71     pjlib-x86_64-x64-vc14-debug-dynamic:sock_common.obj
 0003:00027e72       $SG60330                   000000014008be72     pjlib-x86_64-x64-vc14-debug-dynamic:sock_common.obj
 0003:00027e73       $SG60331                   000000014008be73     pjlib-x86_64-x64-vc14-debug-dynamic:sock_common.obj
 0003:00027e74       $SG60980                   000000014008be74     pjlib-x86_64-x64-vc14-debug-dynamic:sock_common.obj
 0003:00027e75       $SG60981                   000000014008be75     pjlib-x86_64-x64-vc14-debug-dynamic:sock_common.obj
 0003:00027e80       exception_id_names         000000014008be80     pjlib-x86_64-x64-vc14-debug-dynamic:except.obj
 0003:00027f00       ?unknown_name@?1??pj_exception_id_name@@9@9 000000014008bf00     pjlib-x86_64-x64-vc14-debug-dynamic:except.obj
 0003:00027f40       ?buf@?1??pj_gethostname@@9@9 000000014008bf40     pjlib-x86_64-x64-vc14-debug-dynamic:sock_bsd.obj
 0003:00027fc0       ?hostname@?1??pj_gethostname@@9@9 000000014008bfc0     pjlib-x86_64-x64-vc14-debug-dynamic:sock_bsd.obj
 0003:00027ff0       base_time                  000000014008bff0     pjlib-x86_64-x64-vc14-debug-dynamic:os_time_win32.obj
 0003:00028000       stack_based_factory        000000014008c000     pjlib-x86_64-x64-vc14-debug-dynamic:pool_buf.obj
 0003:00028048       is_initialized             000000014008c048     pjlib-x86_64-x64-vc14-debug-dynamic:pool_buf.obj
 0003:00028060       s_hDLL                     000000014008c060     pjlib-x86_64-x64-vc14-debug-dynamic:ip_helper_win32.obj
 0003:00028068       s_pfnGetIpAddrTable        000000014008c068     pjlib-x86_64-x64-vc14-debug-dynamic:ip_helper_win32.obj
 0003:00028070       s_pfnGetAdapterAddresses   000000014008c070     pjlib-x86_64-x64-vc14-debug-dynamic:ip_helper_win32.obj
 0003:00028078       s_pfnGetIpForwardTable     000000014008c078     pjlib-x86_64-x64-vc14-debug-dynamic:ip_helper_win32.obj
 0003:00028080       s_pfnGetIfEntry            000000014008c080     pjlib-x86_64-x64-vc14-debug-dynamic:ip_helper_win32.obj
 0003:00028090       srtp_log_handler           000000014008c090     libsrtp-x86_64-x64-vc14-debug-dynamic:srtp.obj
 0003:00028098       srtp_log_handler_data      000000014008c098     libsrtp-x86_64-x64-vc14-debug-dynamic:srtp.obj
 0003:000280d0       srtp_aes_icm_128_test_case_0_nonce 000000014008c0d0     libsrtp-x86_64-x64-vc14-debug-dynamic:aes_icm.obj
 0003:000280e0       srtp_aes_icm_256_test_case_0_nonce 000000014008c0e0     libsrtp-x86_64-x64-vc14-debug-dynamic:aes_icm.obj
 0003:00028100       GS_ExceptionRecord         000000014008c100     MSVCRTD:gs_report.obj
 0003:000281a0       GS_ContextRecord           000000014008c1a0     MSVCRTD:gs_report.obj
 0003:00028798       ?is_initialized_as_dll@@3_NA 000000014008c798     MSVCRTD:utility.obj
 0003:00028799       ?module_local_atexit_table_initialized@@3_NA 000000014008c799     MSVCRTD:utility.obj
 0003:000287a0       ?module_local_atexit_table@@3U_onexit_table_t@@A 000000014008c7a0     MSVCRTD:utility.obj
 0003:000287b8       ?module_local_at_quick_exit_table@@3U_onexit_table_t@@A 000000014008c7b8     MSVCRTD:utility.obj
 0005:00000f88       .idata$6                   0000000140090f88     ole32:ole32.dll
 0005:00000fd8       .idata$6                   0000000140090fd8     ws2_32:WS2_32.dll
 0005:00001490       .idata$6                   0000000140091490     kernel32:KERNEL32.dll
 0005:00001566       .idata$6                   0000000140091566     vcruntimed:VCRUNTIME140D.dll
 0005:00001876       .idata$6                   0000000140091876     ucrtd:ucrtbased.dll
