 sipecho

 Timestamp is 60aeb74b (Wed May 26 23:02:03 2021)

 Preferred load address is 0000000140000000

 Start         Length     Name                   Class
 0001:00000000 0009dec0H .text$mn                CODE
 0001:0009dec0 00001040H .text$mn$00             CODE
 0001:0009ef00 0000108dH .text$x                 CODE
 0002:00000000 00000110H .CRT$XCA                DATA
 0002:00000110 00000110H .CRT$XCAA               DATA
 0002:00000220 00000110H .CRT$XCZ                DATA
 0002:00000330 00000110H .CRT$XIA                DATA
 0002:00000440 00000110H .CRT$XIAA               DATA
 0002:00000550 00000110H .CRT$XIAC               DATA
 0002:00000660 00000110H .CRT$XIZ                DATA
 0002:00000770 00000110H .CRT$XPA                DATA
 0002:00000880 00000110H .CRT$XPZ                DATA
 0002:00000990 00000110H .CRT$XTA                DATA
 0002:00000aa0 00000110H .CRT$XTZ                DATA
 0002:00000bb0 00001d50H .rdata                  DATA
 0002:00002900 00000110H .rdata$CastGuardVftablesA DATA
 0002:00002a10 0000010cH .rdata$CastGuardVftablesC DATA
 0002:00002b1c 000001fcH .rdata$zzzdbg           DATA
 0002:00002d18 00000110H .rtc$IAA                DATA
 0002:00002e28 00000110H .rtc$IZZ                DATA
 0002:00002f38 00000110H .rtc$TAA                DATA
 0002:00003048 00000110H .rtc$TZZ                DATA
 0002:00003158 00003fa5H .xdata                  DATA
 0002:000070fd 00000000H .edata                  DATA
 0003:00000000 0005ee10H .data                   DATA
 0003:0005ee10 00007961H .bss                    DATA
 0004:00000000 00005328H .pdata                  DATA
 0005:00000000 00000740H .idata$5                DATA
 0005:00000740 00000064H .idata$2                DATA
 0005:000007a4 00000014H .idata$3                DATA
 0005:000007b8 00000740H .idata$4                DATA
 0005:00000ef8 00000a55H .idata$6                DATA
 0006:00000000 00000151H .00cfg                  DATA

  Address         Publics by Value              Rva+Base               Lib:Object

 0000:00000000       __guard_longjmp_count      0000000000000000     <absolute>
 0000:00000000       __arm64x_extra_rfe_table_size 0000000000000000     <absolute>
 0000:00000000       __guard_eh_cont_table      0000000000000000     <absolute>
 0000:00000000       __volatile_metadata        0000000000000000     <absolute>
 0000:00000000       __arm64x_native_entrypoint 0000000000000000     <absolute>
 0000:00000000       __arm64x_redirection_metadata 0000000000000000     <absolute>
 0000:00000000       ___safe_se_handler_table   0000000000000000     <absolute>
 0000:00000000       __guard_check_icall_a64n_fptr 0000000000000000     <absolute>
 0000:00000000       __enclave_config           0000000000000000     <absolute>
 0000:00000000       __hybrid_code_map          0000000000000000     <absolute>
 0000:00000000       __x64_code_ranges_to_entry_points_count 0000000000000000     <absolute>
 0000:00000000       __hybrid_auxiliary_iat_copy 0000000000000000     <absolute>
 0000:00000000       __arm64x_redirection_metadata_count 0000000000000000     <absolute>
 0000:00000000       __guard_iat_table          0000000000000000     <absolute>
 0000:00000000       __guard_longjmp_table      0000000000000000     <absolute>
 0000:00000000       __hybrid_code_map_count    0000000000000000     <absolute>
 0000:00000000       __hybrid_auxiliary_iat     0000000000000000     <absolute>
 0000:00000000       __x64_code_ranges_to_entry_points 0000000000000000     <absolute>
 0000:00000000       ___safe_se_handler_count   0000000000000000     <absolute>
 0000:00000000       __guard_fids_table         0000000000000000     <absolute>
 0000:00000000       __guard_fids_count         0000000000000000     <absolute>
 0000:00000000       __guard_iat_count          0000000000000000     <absolute>
 0000:00000000       __guard_eh_cont_count      0000000000000000     <absolute>
 0000:00000000       __AbsoluteZero             0000000000000000     <absolute>
 0000:00000000       __arm64x_extra_rfe_table   0000000000000000     <absolute>
 0000:00000000       __dynamic_value_reloc_table 0000000000000000     <absolute>
 0000:00000100       __guard_flags              0000000000000100     <absolute>
 0000:00000000       __ImageBase                0000000140000000     <linker-defined>
 0001:00002810       get_snd_options            0000000140003810 f   sipecho.obj
 0001:00002c80       dump_pool_usage            0000000140003c80 f   sipecho.obj
 0001:00004290       main                       0000000140005290 f   sipecho.obj
 0001:00005000       __local_stdio_printf_options 0000000140006000 f i sipecho.obj
 0001:00005010       _vfprintf_l                0000000140006010 f i sipecho.obj
 0001:00005070       _vsnprintf_l               0000000140006070 f i sipecho.obj
 0001:00005110       _vsprintf_l                0000000140006110 f i sipecho.obj
 0001:00005170       printf                     0000000140006170 f i sipecho.obj
 0001:000051e0       sprintf                    00000001400061e0 f i sipecho.obj
 0001:000053f0       pjsip_inv_usage_init       00000001400063f0 f   pjsip-ua-x86_64-x64-vc14-debug-dynamic:sip_inv.obj
 0001:00005540       pjsip_inv_usage_instance   0000000140006540 f   pjsip-ua-x86_64-x64-vc14-debug-dynamic:sip_inv.obj
 0001:00005550       pjsip_inv_create_uac       0000000140006550 f   pjsip-ua-x86_64-x64-vc14-debug-dynamic:sip_inv.obj
 0001:00005850       pjsip_inv_verify_request   0000000140006850 f   pjsip-ua-x86_64-x64-vc14-debug-dynamic:sip_inv.obj
 0001:000058c0       pjsip_inv_verify_request2  00000001400068c0 f   pjsip-ua-x86_64-x64-vc14-debug-dynamic:sip_inv.obj
 0001:00005930       pjsip_inv_verify_request3  0000000140006930 f   pjsip-ua-x86_64-x64-vc14-debug-dynamic:sip_inv.obj
 0001:00006d20       pjsip_inv_create_uas       0000000140007d20 f   pjsip-ua-x86_64-x64-vc14-debug-dynamic:sip_inv.obj
 0001:000071f0       pjsip_inv_add_ref          00000001400081f0 f   pjsip-ua-x86_64-x64-vc14-debug-dynamic:sip_inv.obj
 0001:00007270       pjsip_inv_dec_ref          0000000140008270 f   pjsip-ua-x86_64-x64-vc14-debug-dynamic:sip_inv.obj
 0001:00007330       pjsip_inv_terminate        0000000140008330 f   pjsip-ua-x86_64-x64-vc14-debug-dynamic:sip_inv.obj
 0001:00007460       pjsip_inv_uac_restart      0000000140008460 f   pjsip-ua-x86_64-x64-vc14-debug-dynamic:sip_inv.obj
 0001:00007550       pjsip_inv_process_redirect 0000000140008550 f   pjsip-ua-x86_64-x64-vc14-debug-dynamic:sip_inv.obj
 0001:00007a60       pjsip_inv_invite           0000000140008a60 f   pjsip-ua-x86_64-x64-vc14-debug-dynamic:sip_inv.obj
 0001:00007f00       pjsip_inv_initial_answer   0000000140008f00 f   pjsip-ua-x86_64-x64-vc14-debug-dynamic:sip_inv.obj
 0001:00008180       pjsip_inv_answer           0000000140009180 f   pjsip-ua-x86_64-x64-vc14-debug-dynamic:sip_inv.obj
 0001:000083b0       pjsip_inv_set_local_sdp    00000001400093b0 f   pjsip-ua-x86_64-x64-vc14-debug-dynamic:sip_inv.obj
 0001:000084f0       pjsip_inv_set_sdp_answer   00000001400094f0 f   pjsip-ua-x86_64-x64-vc14-debug-dynamic:sip_inv.obj
 0001:000085a0       pjsip_inv_end_session      00000001400095a0 f   pjsip-ua-x86_64-x64-vc14-debug-dynamic:sip_inv.obj
 0001:000088c0       pjsip_inv_cancel_reinvite  00000001400098c0 f   pjsip-ua-x86_64-x64-vc14-debug-dynamic:sip_inv.obj
 0001:00008a60       pjsip_inv_reinvite         0000000140009a60 f   pjsip-ua-x86_64-x64-vc14-debug-dynamic:sip_inv.obj
 0001:00008d60       pjsip_inv_update           0000000140009d60 f   pjsip-ua-x86_64-x64-vc14-debug-dynamic:sip_inv.obj
 0001:00009190       pjsip_inv_create_ack       000000014000a190 f   pjsip-ua-x86_64-x64-vc14-debug-dynamic:sip_inv.obj
 0001:00009330       pjsip_inv_send_msg         000000014000a330 f   pjsip-ua-x86_64-x64-vc14-debug-dynamic:sip_inv.obj
 0001:00009670       pjsip_dlg_get_inv_session  000000014000a670 f   pjsip-ua-x86_64-x64-vc14-debug-dynamic:sip_inv.obj
 0001:00009690       pjsip_inv_state_name       000000014000a690 f   pjsip-ua-x86_64-x64-vc14-debug-dynamic:sip_inv.obj
 0001:00009700       pjsip_create_sdp_body      000000014000a700 f   pjsip-ua-x86_64-x64-vc14-debug-dynamic:sip_inv.obj
 0001:00009800       pjsip_rdata_get_sdp_info   000000014000a800 f   pjsip-ua-x86_64-x64-vc14-debug-dynamic:sip_inv.obj
 0001:000120d0       _snprintf                  00000001400130d0 f i pjsip-ua-x86_64-x64-vc14-debug-dynamic:sip_inv.obj
 0001:00012140       _vsnprintf                 0000000140013140 f i pjsip-ua-x86_64-x64-vc14-debug-dynamic:sip_inv.obj
 0001:000122a0       pjsip_get_prack_method     00000001400132a0 f   pjsip-ua-x86_64-x64-vc14-debug-dynamic:sip_100rel.obj
 0001:000122b0       pjsip_100rel_init_module   00000001400132b0 f   pjsip-ua-x86_64-x64-vc14-debug-dynamic:sip_100rel.obj
 0001:000122f0       pjsip_100rel_attach        00000001400132f0 f   pjsip-ua-x86_64-x64-vc14-debug-dynamic:sip_100rel.obj
 0001:000123c0       pjsip_100rel_is_reliable   00000001400133c0 f   pjsip-ua-x86_64-x64-vc14-debug-dynamic:sip_100rel.obj
 0001:00012470       pjsip_100rel_create_prack  0000000140013470 f   pjsip-ua-x86_64-x64-vc14-debug-dynamic:sip_100rel.obj
 0001:000129a0       pjsip_100rel_send_prack    00000001400139a0 f   pjsip-ua-x86_64-x64-vc14-debug-dynamic:sip_100rel.obj
 0001:00012a40       pjsip_100rel_on_rx_prack   0000000140013a40 f   pjsip-ua-x86_64-x64-vc14-debug-dynamic:sip_100rel.obj
 0001:00012dc0       pjsip_100rel_tx_response   0000000140013dc0 f   pjsip-ua-x86_64-x64-vc14-debug-dynamic:sip_100rel.obj
 0001:000135a0       pjsip_100rel_end_session   00000001400145a0 f   pjsip-ua-x86_64-x64-vc14-debug-dynamic:sip_100rel.obj
 0001:00014430       pjsip_timer_init_module    0000000140015430 f   pjsip-ua-x86_64-x64-vc14-debug-dynamic:sip_timer.obj
 0001:00014590       pjsip_timer_setting_default 0000000140015590 f   pjsip-ua-x86_64-x64-vc14-debug-dynamic:sip_timer.obj
 0001:000145d0       pjsip_timer_init_session   00000001400155d0 f   pjsip-ua-x86_64-x64-vc14-debug-dynamic:sip_timer.obj
 0001:00014760       pjsip_sess_expires_hdr_create 0000000140015760 f   pjsip-ua-x86_64-x64-vc14-debug-dynamic:sip_timer.obj
 0001:00014830       pjsip_min_se_hdr_create    0000000140015830 f   pjsip-ua-x86_64-x64-vc14-debug-dynamic:sip_timer.obj
 0001:000148e0       pjsip_timer_update_req     00000001400158e0 f   pjsip-ua-x86_64-x64-vc14-debug-dynamic:sip_timer.obj
 0001:00014a70       pjsip_timer_process_resp   0000000140015a70 f   pjsip-ua-x86_64-x64-vc14-debug-dynamic:sip_timer.obj
 0001:000151d0       pjsip_timer_handle_refresh_error 00000001400161d0 f   pjsip-ua-x86_64-x64-vc14-debug-dynamic:sip_timer.obj
 0001:000154e0       pjsip_timer_process_req    00000001400164e0 f   pjsip-ua-x86_64-x64-vc14-debug-dynamic:sip_timer.obj
 0001:000159a0       pjsip_timer_update_resp    00000001400169a0 f   pjsip-ua-x86_64-x64-vc14-debug-dynamic:sip_timer.obj
 0001:00015c20       pjsip_timer_end_session    0000000140016c20 f   pjsip-ua-x86_64-x64-vc14-debug-dynamic:sip_timer.obj
 0001:00017d00       pjsip_get_invite_method    0000000140018d00 f   pjsip-core-x86_64-x64-vc14-debug-dynamic:sip_msg.obj
 0001:00017d10       pjsip_get_cancel_method    0000000140018d10 f   pjsip-core-x86_64-x64-vc14-debug-dynamic:sip_msg.obj
 0001:00017d20       pjsip_get_ack_method       0000000140018d20 f   pjsip-core-x86_64-x64-vc14-debug-dynamic:sip_msg.obj
 0001:00017d30       pjsip_get_bye_method       0000000140018d30 f   pjsip-core-x86_64-x64-vc14-debug-dynamic:sip_msg.obj
 0001:00017d40       pjsip_get_register_method  0000000140018d40 f   pjsip-core-x86_64-x64-vc14-debug-dynamic:sip_msg.obj
 0001:00017d50       pjsip_get_options_method   0000000140018d50 f   pjsip-core-x86_64-x64-vc14-debug-dynamic:sip_msg.obj
 0001:00017d60       pjsip_method_init          0000000140018d60 f   pjsip-core-x86_64-x64-vc14-debug-dynamic:sip_msg.obj
 0001:00017da0       pjsip_method_init_np       0000000140018da0 f   pjsip-core-x86_64-x64-vc14-debug-dynamic:sip_msg.obj
 0001:00017e70       pjsip_method_set           0000000140018e70 f   pjsip-core-x86_64-x64-vc14-debug-dynamic:sip_msg.obj
 0001:00017ee0       pjsip_method_copy          0000000140018ee0 f   pjsip-core-x86_64-x64-vc14-debug-dynamic:sip_msg.obj
 0001:00017f60       pjsip_method_cmp           0000000140018f60 f   pjsip-core-x86_64-x64-vc14-debug-dynamic:sip_msg.obj
 0001:00017fe0       pjsip_hdr_clone            0000000140018fe0 f   pjsip-core-x86_64-x64-vc14-debug-dynamic:sip_msg.obj
 0001:00018020       pjsip_hdr_shallow_clone    0000000140019020 f   pjsip-core-x86_64-x64-vc14-debug-dynamic:sip_msg.obj
 0001:00018060       pjsip_hdr_print_on         0000000140019060 f   pjsip-core-x86_64-x64-vc14-debug-dynamic:sip_msg.obj
 0001:000180f0       pjsip_get_status_text      00000001400190f0 f   pjsip-core-x86_64-x64-vc14-debug-dynamic:sip_msg.obj
 0001:00018170       pjsip_media_type_init      0000000140019170 f   pjsip-core-x86_64-x64-vc14-debug-dynamic:sip_msg.obj
 0001:000181f0       pjsip_media_type_init2     00000001400191f0 f   pjsip-core-x86_64-x64-vc14-debug-dynamic:sip_msg.obj
 0001:000182b0       pjsip_media_type_cmp       00000001400192b0 f   pjsip-core-x86_64-x64-vc14-debug-dynamic:sip_msg.obj
 0001:000183b0       pjsip_media_type_cp        00000001400193b0 f   pjsip-core-x86_64-x64-vc14-debug-dynamic:sip_msg.obj
 0001:00018480       pjsip_media_type_print     0000000140019480 f   pjsip-core-x86_64-x64-vc14-debug-dynamic:sip_msg.obj
 0001:000184b0       pjsip_print_text_body      00000001400194b0 f   pjsip-core-x86_64-x64-vc14-debug-dynamic:sip_msg.obj
 0001:00018510       pjsip_clone_text_data      0000000140019510 f   pjsip-core-x86_64-x64-vc14-debug-dynamic:sip_msg.obj
 0001:00018580       pjsip_msg_body_copy        0000000140019580 f   pjsip-core-x86_64-x64-vc14-debug-dynamic:sip_msg.obj
 0001:00018660       pjsip_msg_body_clone       0000000140019660 f   pjsip-core-x86_64-x64-vc14-debug-dynamic:sip_msg.obj
 0001:00018700       pjsip_msg_body_create      0000000140019700 f   pjsip-core-x86_64-x64-vc14-debug-dynamic:sip_msg.obj
 0001:00018890       pjsip_msg_create           0000000140019890 f   pjsip-core-x86_64-x64-vc14-debug-dynamic:sip_msg.obj
 0001:000188f0       pjsip_msg_clone            00000001400198f0 f   pjsip-core-x86_64-x64-vc14-debug-dynamic:sip_msg.obj
 0001:00018a20       pjsip_msg_find_hdr         0000000140019a20 f   pjsip-core-x86_64-x64-vc14-debug-dynamic:sip_msg.obj
 0001:00018aa0       pjsip_msg_find_hdr_by_name 0000000140019aa0 f   pjsip-core-x86_64-x64-vc14-debug-dynamic:sip_msg.obj
 0001:00018b30       pjsip_msg_find_hdr_by_names 0000000140019b30 f   pjsip-core-x86_64-x64-vc14-debug-dynamic:sip_msg.obj
 0001:00018bf0       pjsip_msg_find_remove_hdr  0000000140019bf0 f   pjsip-core-x86_64-x64-vc14-debug-dynamic:sip_msg.obj
 0001:00018c70       pjsip_msg_print            0000000140019c70 f   pjsip-core-x86_64-x64-vc14-debug-dynamic:sip_msg.obj
 0001:00019410       pjsip_generic_string_hdr_create 000000014001a410 f   pjsip-core-x86_64-x64-vc14-debug-dynamic:sip_msg.obj
 0001:00019460       pjsip_generic_string_hdr_init 000000014001a460 f   pjsip-core-x86_64-x64-vc14-debug-dynamic:sip_msg.obj
 0001:00019500       pjsip_generic_string_hdr_init2 000000014001a500 f   pjsip-core-x86_64-x64-vc14-debug-dynamic:sip_msg.obj
 0001:000195b0       pjsip_generic_int_hdr_create 000000014001a5b0 f   pjsip-core-x86_64-x64-vc14-debug-dynamic:sip_msg.obj
 0001:00019600       pjsip_generic_int_hdr_init 000000014001a600 f   pjsip-core-x86_64-x64-vc14-debug-dynamic:sip_msg.obj
 0001:000196a0       pjsip_generic_array_hdr_create 000000014001a6a0 f   pjsip-core-x86_64-x64-vc14-debug-dynamic:sip_msg.obj
 0001:000196f0       pjsip_generic_array_hdr_init 000000014001a6f0 f   pjsip-core-x86_64-x64-vc14-debug-dynamic:sip_msg.obj
 0001:00019780       pjsip_accept_hdr_create    000000014001a780 f   pjsip-core-x86_64-x64-vc14-debug-dynamic:sip_msg.obj
 0001:000197c0       pjsip_accept_hdr_init      000000014001a7c0 f   pjsip-core-x86_64-x64-vc14-debug-dynamic:sip_msg.obj
 0001:00019810       pjsip_allow_hdr_create     000000014001a810 f   pjsip-core-x86_64-x64-vc14-debug-dynamic:sip_msg.obj
 0001:00019850       pjsip_allow_hdr_init       000000014001a850 f   pjsip-core-x86_64-x64-vc14-debug-dynamic:sip_msg.obj
 0001:000198a0       pjsip_cid_hdr_create       000000014001a8a0 f   pjsip-core-x86_64-x64-vc14-debug-dynamic:sip_msg.obj
 0001:000198e0       pjsip_cid_hdr_init         000000014001a8e0 f   pjsip-core-x86_64-x64-vc14-debug-dynamic:sip_msg.obj
 0001:00019920       pjsip_clen_hdr_create      000000014001a920 f   pjsip-core-x86_64-x64-vc14-debug-dynamic:sip_msg.obj
 0001:00019960       pjsip_clen_hdr_init        000000014001a960 f   pjsip-core-x86_64-x64-vc14-debug-dynamic:sip_msg.obj
 0001:000199b0       pjsip_cseq_hdr_create      000000014001a9b0 f   pjsip-core-x86_64-x64-vc14-debug-dynamic:sip_msg.obj
 0001:000199f0       pjsip_cseq_hdr_init        000000014001a9f0 f   pjsip-core-x86_64-x64-vc14-debug-dynamic:sip_msg.obj
 0001:00019a60       pjsip_contact_hdr_create   000000014001aa60 f   pjsip-core-x86_64-x64-vc14-debug-dynamic:sip_msg.obj
 0001:00019aa0       pjsip_contact_hdr_init     000000014001aaa0 f   pjsip-core-x86_64-x64-vc14-debug-dynamic:sip_msg.obj
 0001:00019b10       pjsip_ctype_hdr_create     000000014001ab10 f   pjsip-core-x86_64-x64-vc14-debug-dynamic:sip_msg.obj
 0001:00019b50       pjsip_ctype_hdr_init       000000014001ab50 f   pjsip-core-x86_64-x64-vc14-debug-dynamic:sip_msg.obj
 0001:00019bb0       pjsip_expires_hdr_create   000000014001abb0 f   pjsip-core-x86_64-x64-vc14-debug-dynamic:sip_msg.obj
 0001:00019bf0       pjsip_expires_hdr_init     000000014001abf0 f   pjsip-core-x86_64-x64-vc14-debug-dynamic:sip_msg.obj
 0001:00019c40       pjsip_from_hdr_create      000000014001ac40 f   pjsip-core-x86_64-x64-vc14-debug-dynamic:sip_msg.obj
 0001:00019c80       pjsip_from_hdr_init        000000014001ac80 f   pjsip-core-x86_64-x64-vc14-debug-dynamic:sip_msg.obj
 0001:00019ce0       pjsip_to_hdr_create        000000014001ace0 f   pjsip-core-x86_64-x64-vc14-debug-dynamic:sip_msg.obj
 0001:00019d20       pjsip_to_hdr_init          000000014001ad20 f   pjsip-core-x86_64-x64-vc14-debug-dynamic:sip_msg.obj
 0001:00019d80       pjsip_fromto_hdr_set_from  000000014001ad80 f   pjsip-core-x86_64-x64-vc14-debug-dynamic:sip_msg.obj
 0001:00019e10       pjsip_fromto_hdr_set_to    000000014001ae10 f   pjsip-core-x86_64-x64-vc14-debug-dynamic:sip_msg.obj
 0001:00019ea0       pjsip_max_fwd_hdr_create   000000014001aea0 f   pjsip-core-x86_64-x64-vc14-debug-dynamic:sip_msg.obj
 0001:00019ee0       pjsip_max_fwd_hdr_init     000000014001aee0 f   pjsip-core-x86_64-x64-vc14-debug-dynamic:sip_msg.obj
 0001:00019f30       pjsip_min_expires_hdr_create 000000014001af30 f   pjsip-core-x86_64-x64-vc14-debug-dynamic:sip_msg.obj
 0001:00019f70       pjsip_min_expires_hdr_init 000000014001af70 f   pjsip-core-x86_64-x64-vc14-debug-dynamic:sip_msg.obj
 0001:00019fc0       pjsip_rr_hdr_create        000000014001afc0 f   pjsip-core-x86_64-x64-vc14-debug-dynamic:sip_msg.obj
 0001:0001a000       pjsip_rr_hdr_init          000000014001b000 f   pjsip-core-x86_64-x64-vc14-debug-dynamic:sip_msg.obj
 0001:0001a060       pjsip_route_hdr_create     000000014001b060 f   pjsip-core-x86_64-x64-vc14-debug-dynamic:sip_msg.obj
 0001:0001a0a0       pjsip_route_hdr_init       000000014001b0a0 f   pjsip-core-x86_64-x64-vc14-debug-dynamic:sip_msg.obj
 0001:0001a100       pjsip_routing_hdr_set_rr   000000014001b100 f   pjsip-core-x86_64-x64-vc14-debug-dynamic:sip_msg.obj
 0001:0001a180       pjsip_routing_hdr_set_route 000000014001b180 f   pjsip-core-x86_64-x64-vc14-debug-dynamic:sip_msg.obj
 0001:0001a200       pjsip_require_hdr_create   000000014001b200 f   pjsip-core-x86_64-x64-vc14-debug-dynamic:sip_msg.obj
 0001:0001a240       pjsip_require_hdr_init     000000014001b240 f   pjsip-core-x86_64-x64-vc14-debug-dynamic:sip_msg.obj
 0001:0001a290       pjsip_retry_after_hdr_create 000000014001b290 f   pjsip-core-x86_64-x64-vc14-debug-dynamic:sip_msg.obj
 0001:0001a2d0       pjsip_retry_after_hdr_init 000000014001b2d0 f   pjsip-core-x86_64-x64-vc14-debug-dynamic:sip_msg.obj
 0001:0001a340       pjsip_supported_hdr_create 000000014001b340 f   pjsip-core-x86_64-x64-vc14-debug-dynamic:sip_msg.obj
 0001:0001a380       pjsip_supported_hdr_init   000000014001b380 f   pjsip-core-x86_64-x64-vc14-debug-dynamic:sip_msg.obj
 0001:0001a3d0       pjsip_unsupported_hdr_create 000000014001b3d0 f   pjsip-core-x86_64-x64-vc14-debug-dynamic:sip_msg.obj
 0001:0001a410       pjsip_unsupported_hdr_init 000000014001b410 f   pjsip-core-x86_64-x64-vc14-debug-dynamic:sip_msg.obj
 0001:0001a460       pjsip_via_hdr_create       000000014001b460 f   pjsip-core-x86_64-x64-vc14-debug-dynamic:sip_msg.obj
 0001:0001a4a0       pjsip_via_hdr_init         000000014001b4a0 f   pjsip-core-x86_64-x64-vc14-debug-dynamic:sip_msg.obj
 0001:0001a520       pjsip_warning_hdr_create   000000014001b520 f   pjsip-core-x86_64-x64-vc14-debug-dynamic:sip_msg.obj
 0001:0001a600       pjsip_warning_hdr_create_from_status 000000014001b600 f   pjsip-core-x86_64-x64-vc14-debug-dynamic:sip_msg.obj
 0001:0001fba0       pjsip_transport_register_type 0000000140020ba0 f   pjsip-core-x86_64-x64-vc14-debug-dynamic:sip_transport.obj
 0001:0001fe00       pjsip_transport_get_type_from_name 0000000140020e00 f   pjsip-core-x86_64-x64-vc14-debug-dynamic:sip_transport.obj
 0001:0001feb0       pjsip_transport_get_type_from_flag 0000000140020eb0 f   pjsip-core-x86_64-x64-vc14-debug-dynamic:sip_transport.obj
 0001:0001ff40       pjsip_transport_type_get_af 0000000140020f40 f   pjsip-core-x86_64-x64-vc14-debug-dynamic:sip_transport.obj
 0001:0001ff70       pjsip_transport_get_flag_from_type 0000000140020f70 f   pjsip-core-x86_64-x64-vc14-debug-dynamic:sip_transport.obj
 0001:0001ff90       pjsip_transport_get_default_port_for_type 0000000140020f90 f   pjsip-core-x86_64-x64-vc14-debug-dynamic:sip_transport.obj
 0001:0001ffb0       pjsip_transport_get_type_name 0000000140020fb0 f   pjsip-core-x86_64-x64-vc14-debug-dynamic:sip_transport.obj
 0001:0001ffd0       pjsip_transport_get_type_desc 0000000140020fd0 f   pjsip-core-x86_64-x64-vc14-debug-dynamic:sip_transport.obj
 0001:0001fff0       pjsip_tpselector_add_ref   0000000140020ff0 f   pjsip-core-x86_64-x64-vc14-debug-dynamic:sip_transport.obj
 0001:00020040       pjsip_tpselector_dec_ref   0000000140021040 f   pjsip-core-x86_64-x64-vc14-debug-dynamic:sip_transport.obj
 0001:00020090       pjsip_rx_data_get_info     0000000140021090 f   pjsip-core-x86_64-x64-vc14-debug-dynamic:sip_transport.obj
 0001:00020190       pjsip_rx_data_clone        0000000140021190 f   pjsip-core-x86_64-x64-vc14-debug-dynamic:sip_transport.obj
 0001:000205d0       pjsip_rx_data_free_cloned  00000001400215d0 f   pjsip-core-x86_64-x64-vc14-debug-dynamic:sip_transport.obj
 0001:00020640       pjsip_tx_data_create       0000000140021640 f   pjsip-core-x86_64-x64-vc14-debug-dynamic:sip_transport.obj
 0001:00020830       pjsip_tx_data_add_ref      0000000140021830 f   pjsip-core-x86_64-x64-vc14-debug-dynamic:sip_transport.obj
 0001:00020860       pjsip_tx_data_dec_ref      0000000140021860 f   pjsip-core-x86_64-x64-vc14-debug-dynamic:sip_transport.obj
 0001:00020920       pjsip_tx_data_encode       0000000140021920 f   pjsip-core-x86_64-x64-vc14-debug-dynamic:sip_transport.obj
 0001:00020af0       pjsip_tx_data_is_valid     0000000140021af0 f   pjsip-core-x86_64-x64-vc14-debug-dynamic:sip_transport.obj
 0001:00020b40       pjsip_tx_data_invalidate_msg 0000000140021b40 f   pjsip-core-x86_64-x64-vc14-debug-dynamic:sip_transport.obj
 0001:00020b80       pjsip_tx_data_get_info     0000000140021b80 f   pjsip-core-x86_64-x64-vc14-debug-dynamic:sip_transport.obj
 0001:00020c60       pjsip_tx_data_set_transport 0000000140021c60 f   pjsip-core-x86_64-x64-vc14-debug-dynamic:sip_transport.obj
 0001:00020d30       pjsip_tx_data_clone        0000000140021d30 f   pjsip-core-x86_64-x64-vc14-debug-dynamic:sip_transport.obj
 0001:00020ee0       pjsip_transport_register   0000000140021ee0 f   pjsip-core-x86_64-x64-vc14-debug-dynamic:sip_transport.obj
 0001:000210e0       pjsip_transport_shutdown   00000001400220e0 f   pjsip-core-x86_64-x64-vc14-debug-dynamic:sip_transport.obj
 0001:00021100       pjsip_transport_shutdown2  0000000140022100 f   pjsip-core-x86_64-x64-vc14-debug-dynamic:sip_transport.obj
 0001:00021290       pjsip_transport_destroy    0000000140022290 f   pjsip-core-x86_64-x64-vc14-debug-dynamic:sip_transport.obj
 0001:00021350       pjsip_transport_add_ref    0000000140022350 f   pjsip-core-x86_64-x64-vc14-debug-dynamic:sip_transport.obj
 0001:000214c0       pjsip_transport_dec_ref    00000001400224c0 f   pjsip-core-x86_64-x64-vc14-debug-dynamic:sip_transport.obj
 0001:00021750       pjsip_tpmgr_receive_packet 0000000140022750 f   pjsip-core-x86_64-x64-vc14-debug-dynamic:sip_transport.obj
 0001:00022160       pjsip_tpmgr_register_tpfactory 0000000140023160 f   pjsip-core-x86_64-x64-vc14-debug-dynamic:sip_transport.obj
 0001:00022220       pjsip_tpmgr_unregister_tpfactory 0000000140023220 f   pjsip-core-x86_64-x64-vc14-debug-dynamic:sip_transport.obj
 0001:000222a0       pjsip_tpmgr_create         00000001400232a0 f   pjsip-core-x86_64-x64-vc14-debug-dynamic:sip_transport.obj
 0001:00022580       pjsip_tpmgr_find_local_addr 0000000140023580 f   pjsip-core-x86_64-x64-vc14-debug-dynamic:sip_transport.obj
 0001:00022630       pjsip_tpmgr_fla2_param_default 0000000140023630 f   pjsip-core-x86_64-x64-vc14-debug-dynamic:sip_transport.obj
 0001:00022660       pjsip_tpmgr_find_local_addr2 0000000140023660 f   pjsip-core-x86_64-x64-vc14-debug-dynamic:sip_transport.obj
 0001:00022cd0       pjsip_tpmgr_get_transport_count 0000000140023cd0 f   pjsip-core-x86_64-x64-vc14-debug-dynamic:sip_transport.obj
 0001:00022d80       pjsip_tpmgr_destroy        0000000140023d80 f   pjsip-core-x86_64-x64-vc14-debug-dynamic:sip_transport.obj
 0001:00023000       pjsip_tpmgr_dump_transports 0000000140024000 f   pjsip-core-x86_64-x64-vc14-debug-dynamic:sip_transport.obj
 0001:00023350       pjsip_tpmgr_acquire_transport 0000000140024350 f   pjsip-core-x86_64-x64-vc14-debug-dynamic:sip_transport.obj
 0001:000233b0       pjsip_tpmgr_acquire_transport2 00000001400243b0 f   pjsip-core-x86_64-x64-vc14-debug-dynamic:sip_transport.obj
 0001:00023aa0       pjsip_transport_send       0000000140024aa0 f   pjsip-core-x86_64-x64-vc14-debug-dynamic:sip_transport.obj
 0001:00023d30       pjsip_tpmgr_send_raw       0000000140024d30 f   pjsip-core-x86_64-x64-vc14-debug-dynamic:sip_transport.obj
 0001:00023f50       pjsip_tpmgr_set_state_cb   0000000140024f50 f   pjsip-core-x86_64-x64-vc14-debug-dynamic:sip_transport.obj
 0001:00023fc0       pjsip_tpmgr_get_state_cb   0000000140024fc0 f   pjsip-core-x86_64-x64-vc14-debug-dynamic:sip_transport.obj
 0001:00024020       pjsip_transport_add_state_listener 0000000140025020 f   pjsip-core-x86_64-x64-vc14-debug-dynamic:sip_transport.obj
 0001:00024190       pjsip_transport_remove_state_listener 0000000140025190 f   pjsip-core-x86_64-x64-vc14-debug-dynamic:sip_transport.obj
 0001:000242f0       pjsip_tpmgr_set_drop_data_cb 00000001400252f0 f   pjsip-core-x86_64-x64-vc14-debug-dynamic:sip_transport.obj
 0001:000264a0       pjsip_endpt_create         00000001400274a0 f   pjsip-core-x86_64-x64-vc14-debug-dynamic:sip_endpoint.obj
 0001:00026950       pjsip_endpt_destroy        0000000140027950 f   pjsip-core-x86_64-x64-vc14-debug-dynamic:sip_endpoint.obj
 0001:00026b00       pjsip_endpt_name           0000000140027b00 f   pjsip-core-x86_64-x64-vc14-debug-dynamic:sip_endpoint.obj
 0001:00026b20       pjsip_endpt_handle_events  0000000140027b20 f   pjsip-core-x86_64-x64-vc14-debug-dynamic:sip_endpoint.obj
 0001:00026b50       pjsip_endpt_handle_events2 0000000140027b50 f   pjsip-core-x86_64-x64-vc14-debug-dynamic:sip_endpoint.obj
 0001:00026d30       pjsip_endpt_schedule_timer_dbg 0000000140027d30 f   pjsip-core-x86_64-x64-vc14-debug-dynamic:sip_endpoint.obj
 0001:00026d90       pjsip_endpt_schedule_timer_w_grp_lock_dbg 0000000140027d90 f   pjsip-core-x86_64-x64-vc14-debug-dynamic:sip_endpoint.obj
 0001:00026e00       pjsip_endpt_cancel_timer   0000000140027e00 f   pjsip-core-x86_64-x64-vc14-debug-dynamic:sip_endpoint.obj
 0001:00026e40       pjsip_endpt_get_timer_heap 0000000140027e40 f   pjsip-core-x86_64-x64-vc14-debug-dynamic:sip_endpoint.obj
 0001:00026e60       pjsip_endpt_register_module 0000000140027e60 f   pjsip-core-x86_64-x64-vc14-debug-dynamic:sip_endpoint.obj
 0001:00027100       pjsip_endpt_unregister_module 0000000140028100 f   pjsip-core-x86_64-x64-vc14-debug-dynamic:sip_endpoint.obj
 0001:00027340       pjsip_process_rdata_param_default 0000000140028340 f   pjsip-core-x86_64-x64-vc14-debug-dynamic:sip_endpoint.obj
 0001:00027370       pjsip_endpt_process_rx_data 0000000140028370 f   pjsip-core-x86_64-x64-vc14-debug-dynamic:sip_endpoint.obj
 0001:00027660       pjsip_endpt_create_pool    0000000140028660 f   pjsip-core-x86_64-x64-vc14-debug-dynamic:sip_endpoint.obj
 0001:000276f0       pjsip_endpt_release_pool   00000001400286f0 f   pjsip-core-x86_64-x64-vc14-debug-dynamic:sip_endpoint.obj
 0001:00027720       pjsip_endpt_create_tdata   0000000140028720 f   pjsip-core-x86_64-x64-vc14-debug-dynamic:sip_endpoint.obj
 0001:00027750       pjsip_endpt_create_resolver 0000000140028750 f   pjsip-core-x86_64-x64-vc14-debug-dynamic:sip_endpoint.obj
 0001:000277f0       pjsip_endpt_set_resolver   00000001400287f0 f   pjsip-core-x86_64-x64-vc14-debug-dynamic:sip_endpoint.obj
 0001:00027820       pjsip_endpt_set_ext_resolver 0000000140028820 f   pjsip-core-x86_64-x64-vc14-debug-dynamic:sip_endpoint.obj
 0001:00027850       pjsip_endpt_get_resolver   0000000140028850 f   pjsip-core-x86_64-x64-vc14-debug-dynamic:sip_endpoint.obj
 0001:000278b0       pjsip_endpt_resolve        00000001400288b0 f   pjsip-core-x86_64-x64-vc14-debug-dynamic:sip_endpoint.obj
 0001:00027900       pjsip_endpt_get_tpmgr      0000000140028900 f   pjsip-core-x86_64-x64-vc14-debug-dynamic:sip_endpoint.obj
 0001:00027920       pjsip_endpt_get_ioqueue    0000000140028920 f   pjsip-core-x86_64-x64-vc14-debug-dynamic:sip_endpoint.obj
 0001:00027940       pjsip_endpt_acquire_transport 0000000140028940 f   pjsip-core-x86_64-x64-vc14-debug-dynamic:sip_endpoint.obj
 0001:000279a0       pjsip_endpt_acquire_transport2 00000001400289a0 f   pjsip-core-x86_64-x64-vc14-debug-dynamic:sip_endpoint.obj
 0001:00027a00       pjsip_endpt_get_capability 0000000140028a00 f   pjsip-core-x86_64-x64-vc14-debug-dynamic:sip_endpoint.obj
 0001:00027af0       pjsip_endpt_has_capability 0000000140028af0 f   pjsip-core-x86_64-x64-vc14-debug-dynamic:sip_endpoint.obj
 0001:00027bc0       pjsip_endpt_add_capability 0000000140028bc0 f   pjsip-core-x86_64-x64-vc14-debug-dynamic:sip_endpoint.obj
 0001:00027df0       pjsip_endpt_get_request_headers 0000000140028df0 f   pjsip-core-x86_64-x64-vc14-debug-dynamic:sip_endpoint.obj
 0001:00027e10       pjsip_endpt_dump           0000000140028e10 f   pjsip-core-x86_64-x64-vc14-debug-dynamic:sip_endpoint.obj
 0001:00027f30       pjsip_endpt_atexit         0000000140028f30 f   pjsip-core-x86_64-x64-vc14-debug-dynamic:sip_endpoint.obj
 0001:00027ff0       pjsip_endpt_log_error      0000000140028ff0 f   pjsip-core-x86_64-x64-vc14-debug-dynamic:sip_endpoint.obj
 0001:00029270       pjsip_target_set_add_uri   000000014002a270 f   pjsip-core-x86_64-x64-vc14-debug-dynamic:sip_util.obj
 0001:00029400       pjsip_target_set_add_from_msg 000000014002a400 f   pjsip-core-x86_64-x64-vc14-debug-dynamic:sip_util.obj
 0001:00029530       pjsip_target_set_get_next  000000014002a530 f   pjsip-core-x86_64-x64-vc14-debug-dynamic:sip_util.obj
 0001:000295d0       pjsip_target_set_set_current 000000014002a5d0 f   pjsip-core-x86_64-x64-vc14-debug-dynamic:sip_util.obj
 0001:000296a0       pjsip_target_assign_status 000000014002a6a0 f   pjsip-core-x86_64-x64-vc14-debug-dynamic:sip_util.obj
 0001:00029760       pjsip_endpt_create_request 000000014002a760 f   pjsip-core-x86_64-x64-vc14-debug-dynamic:sip_util.obj
 0001:00029b90       pjsip_endpt_create_request_from_hdr 000000014002ab90 f   pjsip-core-x86_64-x64-vc14-debug-dynamic:sip_util.obj
 0001:00029f30       pjsip_endpt_create_response 000000014002af30 f   pjsip-core-x86_64-x64-vc14-debug-dynamic:sip_util.obj
 0001:0002a3d0       pjsip_endpt_create_ack     000000014002b3d0 f   pjsip-core-x86_64-x64-vc14-debug-dynamic:sip_util.obj
 0001:0002a7c0       pjsip_endpt_create_cancel  000000014002b7c0 f   pjsip-core-x86_64-x64-vc14-debug-dynamic:sip_util.obj
 0001:0002ac50       pjsip_get_dest_info        000000014002bc50 f   pjsip-core-x86_64-x64-vc14-debug-dynamic:sip_util.obj
 0001:0002af30       pjsip_get_request_dest     000000014002bf30 f   pjsip-core-x86_64-x64-vc14-debug-dynamic:sip_util.obj
 0001:0002b050       pjsip_process_route_set    000000014002c050 f   pjsip-core-x86_64-x64-vc14-debug-dynamic:sip_util.obj
 0001:0002b480       pjsip_restore_strict_route_set 000000014002c480 f   pjsip-core-x86_64-x64-vc14-debug-dynamic:sip_util.obj
 0001:0002b5c0       pjsip_endpt_send_request_stateless 000000014002c5c0 f   pjsip-core-x86_64-x64-vc14-debug-dynamic:sip_util.obj
 0001:0002b750       pjsip_endpt_send_raw       000000014002c750 f   pjsip-core-x86_64-x64-vc14-debug-dynamic:sip_util.obj
 0001:0002b7e0       pjsip_endpt_send_raw_to_uri 000000014002c7e0 f   pjsip-core-x86_64-x64-vc14-debug-dynamic:sip_util.obj
 0001:0002ba60       pjsip_get_response_addr    000000014002ca60 f   pjsip-core-x86_64-x64-vc14-debug-dynamic:sip_util.obj
 0001:0002be90       pjsip_endpt_send_response  000000014002ce90 f   pjsip-core-x86_64-x64-vc14-debug-dynamic:sip_util.obj
 0001:0002c040       pjsip_endpt_send_response2 000000014002d040 f   pjsip-core-x86_64-x64-vc14-debug-dynamic:sip_util.obj
 0001:0002c100       pjsip_endpt_respond_stateless 000000014002d100 f   pjsip-core-x86_64-x64-vc14-debug-dynamic:sip_util.obj
 0001:0002c3c0       pjsip_event_str            000000014002d3c0 f   pjsip-core-x86_64-x64-vc14-debug-dynamic:sip_util.obj
 0001:0002e8c0       pjsip_endpt_respond        000000014002f8c0 f   pjsip-core-x86_64-x64-vc14-debug-dynamic:sip_util_statefull.obj
 0001:0002eac0       pjsip_endpt_send_request   000000014002fac0 f   pjsip-core-x86_64-x64-vc14-debug-dynamic:sip_util_statefull.obj
 0001:0002ee00       pjsip_udp_transport_cfg_default 000000014002fe00 f   pjsip-core-x86_64-x64-vc14-debug-dynamic:sip_transport_udp.obj
 0001:0002ee60       pjsip_udp_transport_start2 000000014002fe60 f   pjsip-core-x86_64-x64-vc14-debug-dynamic:sip_transport_udp.obj
 0001:0002f0b0       pjsip_udp_transport_start  00000001400300b0 f   pjsip-core-x86_64-x64-vc14-debug-dynamic:sip_transport_udp.obj
 0001:0002f180       pjsip_udp_transport_start6 0000000140030180 f   pjsip-core-x86_64-x64-vc14-debug-dynamic:sip_transport_udp.obj
 0001:0002f250       pjsip_udp_transport_attach 0000000140030250 f   pjsip-core-x86_64-x64-vc14-debug-dynamic:sip_transport_udp.obj
 0001:0002f2a0       pjsip_udp_transport_attach2 00000001400302a0 f   pjsip-core-x86_64-x64-vc14-debug-dynamic:sip_transport_udp.obj
 0001:0002f2f0       pjsip_udp_transport_get_socket 00000001400302f0 f   pjsip-core-x86_64-x64-vc14-debug-dynamic:sip_transport_udp.obj
 0001:0002f360       pjsip_udp_transport_pause  0000000140030360 f   pjsip-core-x86_64-x64-vc14-debug-dynamic:sip_transport_udp.obj
 0001:0002f570       pjsip_udp_transport_restart 0000000140030570 f   pjsip-core-x86_64-x64-vc14-debug-dynamic:sip_transport_udp.obj
 0001:0002f5c0       pjsip_udp_transport_restart2 00000001400305c0 f   pjsip-core-x86_64-x64-vc14-debug-dynamic:sip_transport_udp.obj
 0001:00031f30       pjsip_tcp_transport_cfg_default 0000000140032f30 f   pjsip-core-x86_64-x64-vc14-debug-dynamic:sip_transport_tcp.obj
 0001:00031fb0       pjsip_tcp_transport_start  0000000140032fb0 f   pjsip-core-x86_64-x64-vc14-debug-dynamic:sip_transport_tcp.obj
 0001:00032000       pjsip_tcp_transport_start2 0000000140033000 f   pjsip-core-x86_64-x64-vc14-debug-dynamic:sip_transport_tcp.obj
 0001:000320f0       pjsip_tcp_transport_start3 00000001400330f0 f   pjsip-core-x86_64-x64-vc14-debug-dynamic:sip_transport_tcp.obj
 0001:000324a0       pjsip_tcp_transport_get_socket 00000001400334a0 f   pjsip-core-x86_64-x64-vc14-debug-dynamic:sip_transport_tcp.obj
 0001:00032510       pjsip_tcp_transport_lis_start 0000000140033510 f   pjsip-core-x86_64-x64-vc14-debug-dynamic:sip_transport_tcp.obj
 0001:00032870       pjsip_tcp_transport_restart 0000000140033870 f   pjsip-core-x86_64-x64-vc14-debug-dynamic:sip_transport_tcp.obj
 0001:000364f0       pjsip_tsx_layer_init_module 00000001400374f0 f   pjsip-core-x86_64-x64-vc14-debug-dynamic:sip_transaction.obj
 0001:00036740       pjsip_tsx_layer_instance   0000000140037740 f   pjsip-core-x86_64-x64-vc14-debug-dynamic:sip_transaction.obj
 0001:00036750       pjsip_tsx_layer_destroy    0000000140037750 f   pjsip-core-x86_64-x64-vc14-debug-dynamic:sip_transaction.obj
 0001:000367b0       pjsip_tsx_layer_get_tsx_count 00000001400377b0 f   pjsip-core-x86_64-x64-vc14-debug-dynamic:sip_transaction.obj
 0001:00036830       pjsip_tsx_layer_find_tsx   0000000140037830 f   pjsip-core-x86_64-x64-vc14-debug-dynamic:sip_transaction.obj
 0001:00036860       pjsip_tsx_layer_find_tsx2  0000000140037860 f   pjsip-core-x86_64-x64-vc14-debug-dynamic:sip_transaction.obj
 0001:00036890       pjsip_tsx_create_uac       0000000140037890 f   pjsip-core-x86_64-x64-vc14-debug-dynamic:sip_transaction.obj
 0001:000368d0       pjsip_tsx_create_uac2      00000001400378d0 f   pjsip-core-x86_64-x64-vc14-debug-dynamic:sip_transaction.obj
 0001:00036df0       pjsip_tsx_create_uas       0000000140037df0 f   pjsip-core-x86_64-x64-vc14-debug-dynamic:sip_transaction.obj
 0001:00036e30       pjsip_tsx_create_uas2      0000000140037e30 f   pjsip-core-x86_64-x64-vc14-debug-dynamic:sip_transaction.obj
 0001:000372f0       pjsip_tsx_set_transport    00000001400382f0 f   pjsip-core-x86_64-x64-vc14-debug-dynamic:sip_transaction.obj
 0001:000373c0       pjsip_tsx_recv_msg         00000001400383c0 f   pjsip-core-x86_64-x64-vc14-debug-dynamic:sip_transaction.obj
 0001:000374c0       pjsip_tsx_send_msg         00000001400384c0 f   pjsip-core-x86_64-x64-vc14-debug-dynamic:sip_transaction.obj
 0001:00037640       pjsip_tsx_retransmit_no_state 0000000140038640 f   pjsip-core-x86_64-x64-vc14-debug-dynamic:sip_transaction.obj
 0001:000376c0       pjsip_tsx_create_key       00000001400386c0 f   pjsip-core-x86_64-x64-vc14-debug-dynamic:sip_transaction.obj
 0001:00037780       pjsip_tsx_terminate        0000000140038780 f   pjsip-core-x86_64-x64-vc14-debug-dynamic:sip_transaction.obj
 0001:000378a0       pjsip_tsx_stop_retransmit  00000001400388a0 f   pjsip-core-x86_64-x64-vc14-debug-dynamic:sip_transaction.obj
 0001:000379b0       pjsip_tsx_set_timeout      00000001400389b0 f   pjsip-core-x86_64-x64-vc14-debug-dynamic:sip_transaction.obj
 0001:00037b00       pjsip_rdata_get_tsx        0000000140038b00 f   pjsip-core-x86_64-x64-vc14-debug-dynamic:sip_transaction.obj
 0001:00037b20       pjsip_tsx_layer_dump       0000000140038b20 f   pjsip-core-x86_64-x64-vc14-debug-dynamic:sip_transaction.obj
 0001:00037cc0       pjsip_tsx_state_str        0000000140038cc0 f   pjsip-core-x86_64-x64-vc14-debug-dynamic:sip_transaction.obj
 0001:00037ce0       pjsip_role_name            0000000140038ce0 f   pjsip-core-x86_64-x64-vc14-debug-dynamic:sip_transaction.obj
 0001:0003ddb0       pjsip_ua_init_module       000000014003edb0 f   pjsip-core-x86_64-x64-vc14-debug-dynamic:sip_ua_layer.obj
 0001:0003de40       pjsip_ua_instance          000000014003ee40 f   pjsip-core-x86_64-x64-vc14-debug-dynamic:sip_ua_layer.obj
 0001:0003de50       pjsip_ua_get_dlg_set_count 000000014003ee50 f   pjsip-core-x86_64-x64-vc14-debug-dynamic:sip_ua_layer.obj
 0001:0003ded0       pjsip_ua_find_dialog       000000014003eed0 f   pjsip-core-x86_64-x64-vc14-debug-dynamic:sip_ua_layer.obj
 0001:0003e0a0       pjsip_ua_destroy           000000014003f0a0 f   pjsip-core-x86_64-x64-vc14-debug-dynamic:sip_ua_layer.obj
 0001:0003e100       pjsip_ua_dump              000000014003f100 f   pjsip-core-x86_64-x64-vc14-debug-dynamic:sip_ua_layer.obj
 0001:0003e300       pjsip_ua_get_endpt         000000014003f300 f   pjsip-core-x86_64-x64-vc14-debug-dynamic:sip_ua_layer.obj
 0001:0003e350       pjsip_ua_register_dlg      000000014003f350 f   pjsip-core-x86_64-x64-vc14-debug-dynamic:sip_ua_layer.obj
 0001:0003e640       pjsip_ua_unregister_dlg    000000014003f640 f   pjsip-core-x86_64-x64-vc14-debug-dynamic:sip_ua_layer.obj
 0001:0003e880       pjsip_rdata_get_dlg        000000014003f880 f   pjsip-core-x86_64-x64-vc14-debug-dynamic:sip_ua_layer.obj
 0001:0003e8a0       pjsip_tdata_get_dlg        000000014003f8a0 f   pjsip-core-x86_64-x64-vc14-debug-dynamic:sip_ua_layer.obj
 0001:0003e8c0       pjsip_tsx_get_dlg          000000014003f8c0 f   pjsip-core-x86_64-x64-vc14-debug-dynamic:sip_ua_layer.obj
 0001:0003fd70       pjsip_method_creates_dialog 0000000140040d70 f   pjsip-core-x86_64-x64-vc14-debug-dynamic:sip_dialog.obj
 0001:0003fe80       pjsip_dlg_create_uac       0000000140040e80 f   pjsip-core-x86_64-x64-vc14-debug-dynamic:sip_dialog.obj
 0001:0003ffd0       pjsip_dlg_create_uac2      0000000140040fd0 f   pjsip-core-x86_64-x64-vc14-debug-dynamic:sip_dialog.obj
 0001:00040780       pjsip_dlg_create_uas_and_inc_lock 0000000140041780 f   pjsip-core-x86_64-x64-vc14-debug-dynamic:sip_dialog.obj
 0001:000407d0       pjsip_dlg_set_transport    00000001400417d0 f   pjsip-core-x86_64-x64-vc14-debug-dynamic:sip_dialog.obj
 0001:00040890       pjsip_dlg_set_via_sent_by  0000000140041890 f   pjsip-core-x86_64-x64-vc14-debug-dynamic:sip_dialog.obj
 0001:00040980       pjsip_dlg_fork             0000000140041980 f   pjsip-core-x86_64-x64-vc14-debug-dynamic:sip_dialog.obj
 0001:00040f00       pjsip_dlg_terminate        0000000140041f00 f   pjsip-core-x86_64-x64-vc14-debug-dynamic:sip_dialog.obj
 0001:00040fb0       pjsip_dlg_set_route_set    0000000140041fb0 f   pjsip-core-x86_64-x64-vc14-debug-dynamic:sip_dialog.obj
 0001:000410a0       pjsip_dlg_inc_session      00000001400420a0 f   pjsip-core-x86_64-x64-vc14-debug-dynamic:sip_dialog.obj
 0001:00041190       pjsip_dlg_dec_session      0000000140042190 f   pjsip-core-x86_64-x64-vc14-debug-dynamic:sip_dialog.obj
 0001:00041270       pjsip_dlg_add_usage        0000000140042270 f   pjsip-core-x86_64-x64-vc14-debug-dynamic:sip_dialog.obj
 0001:00041510       pjsip_dlg_has_usage        0000000140042510 f   pjsip-core-x86_64-x64-vc14-debug-dynamic:sip_dialog.obj
 0001:000415a0       pjsip_dlg_set_mod_data     00000001400425a0 f   pjsip-core-x86_64-x64-vc14-debug-dynamic:sip_dialog.obj
 0001:00041660       pjsip_dlg_get_mod_data     0000000140042660 f   pjsip-core-x86_64-x64-vc14-debug-dynamic:sip_dialog.obj
 0001:00041710       pjsip_dlg_inc_lock         0000000140042710 f   pjsip-core-x86_64-x64-vc14-debug-dynamic:sip_dialog.obj
 0001:00041760       pjsip_dlg_try_inc_lock     0000000140042760 f   pjsip-core-x86_64-x64-vc14-debug-dynamic:sip_dialog.obj
 0001:000417d0       pjsip_dlg_dec_lock         00000001400427d0 f   pjsip-core-x86_64-x64-vc14-debug-dynamic:sip_dialog.obj
 0001:000418d0       pjsip_dlg_get_lock         00000001400428d0 f   pjsip-core-x86_64-x64-vc14-debug-dynamic:sip_dialog.obj
 0001:00041930       pjsip_dlg_create_request   0000000140042930 f   pjsip-core-x86_64-x64-vc14-debug-dynamic:sip_dialog.obj
 0001:00041ad0       pjsip_dlg_send_request     0000000140042ad0 f   pjsip-core-x86_64-x64-vc14-debug-dynamic:sip_dialog.obj
 0001:00041eb0       pjsip_dlg_create_response  0000000140042eb0 f   pjsip-core-x86_64-x64-vc14-debug-dynamic:sip_dialog.obj
 0001:00041f70       pjsip_dlg_modify_response  0000000140042f70 f   pjsip-core-x86_64-x64-vc14-debug-dynamic:sip_dialog.obj
 0001:000421a0       pjsip_dlg_send_response    00000001400431a0 f   pjsip-core-x86_64-x64-vc14-debug-dynamic:sip_dialog.obj
 0001:00042500       pjsip_dlg_respond          0000000140043500 f   pjsip-core-x86_64-x64-vc14-debug-dynamic:sip_dialog.obj
 0001:00042760       pjsip_dlg_remote_has_cap   0000000140043760 f   pjsip-core-x86_64-x64-vc14-debug-dynamic:sip_dialog.obj
 0001:00042870       pjsip_dlg_get_remote_cap_hdr 0000000140043870 f   pjsip-core-x86_64-x64-vc14-debug-dynamic:sip_dialog.obj
 0001:000429c0       pjsip_dlg_set_remote_cap_hdr 00000001400439c0 f   pjsip-core-x86_64-x64-vc14-debug-dynamic:sip_dialog.obj
 0001:00042b70       pjsip_dlg_remove_remote_cap_hdr 0000000140043b70 f   pjsip-core-x86_64-x64-vc14-debug-dynamic:sip_dialog.obj
 0001:00042c80       pjsip_dlg_update_remote_cap 0000000140043c80 f   pjsip-core-x86_64-x64-vc14-debug-dynamic:sip_dialog.obj
 0001:00042ee0       pjsip_dlg_on_tsx_state     0000000140043ee0 f   pjsip-core-x86_64-x64-vc14-debug-dynamic:sip_dialog.obj
 0001:00043060       pjsip_dlg_on_rx_request    0000000140044060 f   pjsip-core-x86_64-x64-vc14-debug-dynamic:sip_dialog.obj
 0001:000435c0       pjsip_dlg_on_rx_response   00000001400445c0 f   pjsip-core-x86_64-x64-vc14-debug-dynamic:sip_dialog.obj
 0001:00043f20       create_uas_dialog          0000000140044f20 f   pjsip-core-x86_64-x64-vc14-debug-dynamic:sip_dialog.obj
 0001:00046710       pjsip_auth_clt_pref_dup    0000000140047710 f   pjsip-core-x86_64-x64-vc14-debug-dynamic:sip_auth_client.obj
 0001:00046770       pjsip_cred_info_dup        0000000140047770 f   pjsip-core-x86_64-x64-vc14-debug-dynamic:sip_auth_client.obj
 0001:000468a0       pjsip_cred_info_cmp        00000001400478a0 f   pjsip-core-x86_64-x64-vc14-debug-dynamic:sip_auth_client.obj
 0001:00046a10       pjsip_auth_clt_init        0000000140047a10 f   pjsip-core-x86_64-x64-vc14-debug-dynamic:sip_auth_client.obj
 0001:00046af0       pjsip_auth_clt_deinit      0000000140047af0 f   pjsip-core-x86_64-x64-vc14-debug-dynamic:sip_auth_client.obj
 0001:00046ba0       pjsip_auth_clt_clone       0000000140047ba0 f   pjsip-core-x86_64-x64-vc14-debug-dynamic:sip_auth_client.obj
 0001:00046de0       pjsip_auth_clt_set_credentials 0000000140047de0 f   pjsip-core-x86_64-x64-vc14-debug-dynamic:sip_auth_client.obj
 0001:000472d0       pjsip_auth_clt_set_prefs   00000001400482d0 f   pjsip-core-x86_64-x64-vc14-debug-dynamic:sip_auth_client.obj
 0001:00047380       pjsip_auth_clt_get_prefs   0000000140048380 f   pjsip-core-x86_64-x64-vc14-debug-dynamic:sip_auth_client.obj
 0001:00047400       pjsip_auth_clt_init_req    0000000140048400 f   pjsip-core-x86_64-x64-vc14-debug-dynamic:sip_auth_client.obj
 0001:00047870       pjsip_auth_clt_reinit_req  0000000140048870 f   pjsip-core-x86_64-x64-vc14-debug-dynamic:sip_auth_client.obj
 0001:00047d80       pjsip_auth_create_digest   0000000140048d80 f   pjsip-core-x86_64-x64-vc14-debug-dynamic:sip_auth_client.obj
 0001:0004a320       pjsip_register_hdr_parser  000000014004b320 f   pjsip-core-x86_64-x64-vc14-debug-dynamic:sip_parser.obj
 0001:0004a4a0       pjsip_register_uri_parser  000000014004b4a0 f   pjsip-core-x86_64-x64-vc14-debug-dynamic:sip_parser.obj
 0001:0004a530       pjsip_parse_uri            000000014004b530 f   pjsip-core-x86_64-x64-vc14-debug-dynamic:sip_parser.obj
 0001:0004a660       pjsip_parse_status_line    000000014004b660 f   pjsip-core-x86_64-x64-vc14-debug-dynamic:sip_parser.obj
 0001:0004a770       pjsip_parse_msg            000000014004b770 f   pjsip-core-x86_64-x64-vc14-debug-dynamic:sip_parser.obj
 0001:0004a820       pjsip_parse_rdata          000000014004b820 f   pjsip-core-x86_64-x64-vc14-debug-dynamic:sip_parser.obj
 0001:0004a8e0       pjsip_find_msg             000000014004b8e0 f   pjsip-core-x86_64-x64-vc14-debug-dynamic:sip_parser.obj
 0001:0004acc0       pjsip_parse_hdr            000000014004bcc0 f   pjsip-core-x86_64-x64-vc14-debug-dynamic:sip_parser.obj
 0001:0004ae70       pjsip_parse_headers        000000014004be70 f   pjsip-core-x86_64-x64-vc14-debug-dynamic:sip_parser.obj
 0001:0004b160       pjsip_parser_const         000000014004c160 f   pjsip-core-x86_64-x64-vc14-debug-dynamic:sip_parser.obj
 0001:0004b170       pjsip_parse_param_imp      000000014004c170 f   pjsip-core-x86_64-x64-vc14-debug-dynamic:sip_parser.obj
 0001:0004b1d0       pjsip_parse_uri_param_imp  000000014004c1d0 f   pjsip-core-x86_64-x64-vc14-debug-dynamic:sip_parser.obj
 0001:0004b230       pjsip_concat_param_imp     000000014004c230 f   pjsip-core-x86_64-x64-vc14-debug-dynamic:sip_parser.obj
 0001:0004b3b0       pjsip_parse_end_hdr_imp    000000014004c3b0 f   pjsip-core-x86_64-x64-vc14-debug-dynamic:sip_parser.obj
 0001:0004b3d0       pjsip_parse_generic_array_hdr_imp 000000014004c3d0 f   pjsip-core-x86_64-x64-vc14-debug-dynamic:sip_parser.obj
 0001:0004eab0       init_sip_parser            000000014004fab0 f   pjsip-core-x86_64-x64-vc14-debug-dynamic:sip_parser.obj
 0001:0004eaf0       deinit_sip_parser          000000014004faf0 f   pjsip-core-x86_64-x64-vc14-debug-dynamic:sip_parser.obj
 0001:000516f0       pjsip_multipart_create     00000001400526f0 f   pjsip-core-x86_64-x64-vc14-debug-dynamic:sip_multipart.obj
 0001:00051910       pjsip_multipart_create_part 0000000140052910 f   pjsip-core-x86_64-x64-vc14-debug-dynamic:sip_multipart.obj
 0001:00051950       pjsip_multipart_clone_part 0000000140052950 f   pjsip-core-x86_64-x64-vc14-debug-dynamic:sip_multipart.obj
 0001:000519f0       pjsip_multipart_add_part   00000001400529f0 f   pjsip-core-x86_64-x64-vc14-debug-dynamic:sip_multipart.obj
 0001:00051b50       pjsip_multipart_get_first_part 0000000140052b50 f   pjsip-core-x86_64-x64-vc14-debug-dynamic:sip_multipart.obj
 0001:00051c20       pjsip_multipart_get_next_part 0000000140052c20 f   pjsip-core-x86_64-x64-vc14-debug-dynamic:sip_multipart.obj
 0001:00051d60       pjsip_multipart_find_part  0000000140052d60 f   pjsip-core-x86_64-x64-vc14-debug-dynamic:sip_multipart.obj
 0001:00051e90       pjsip_multipart_parse      0000000140052e90 f   pjsip-core-x86_64-x64-vc14-debug-dynamic:sip_multipart.obj
 0001:00052480       pjsip_multipart_get_raw    0000000140053480 f   pjsip-core-x86_64-x64-vc14-debug-dynamic:sip_multipart.obj
 0001:00053ac0       pjsip_param_find           0000000140054ac0 f   pjsip-core-x86_64-x64-vc14-debug-dynamic:sip_uri.obj
 0001:00053b30       pjsip_param_cmp            0000000140054b30 f   pjsip-core-x86_64-x64-vc14-debug-dynamic:sip_uri.obj
 0001:00053c20       pjsip_param_clone          0000000140054c20 f   pjsip-core-x86_64-x64-vc14-debug-dynamic:sip_uri.obj
 0001:00053cf0       pjsip_param_shallow_clone  0000000140054cf0 f   pjsip-core-x86_64-x64-vc14-debug-dynamic:sip_uri.obj
 0001:00053da0       pjsip_param_print_on       0000000140054da0 f   pjsip-core-x86_64-x64-vc14-debug-dynamic:sip_uri.obj
 0001:00054130       pjsip_sip_uri_create       0000000140055130 f   pjsip-core-x86_64-x64-vc14-debug-dynamic:sip_uri.obj
 0001:00054170       pjsip_sip_uri_set_secure   0000000140055170 f   pjsip-core-x86_64-x64-vc14-debug-dynamic:sip_uri.obj
 0001:000541c0       pjsip_sip_uri_init         00000001400551c0 f   pjsip-core-x86_64-x64-vc14-debug-dynamic:sip_uri.obj
 0001:00054230       pjsip_sip_uri_assign       0000000140055230 f   pjsip-core-x86_64-x64-vc14-debug-dynamic:sip_uri.obj
 0001:000543c0       pjsip_name_addr_create     00000001400553c0 f   pjsip-core-x86_64-x64-vc14-debug-dynamic:sip_uri.obj
 0001:00054400       pjsip_name_addr_init       0000000140055400 f   pjsip-core-x86_64-x64-vc14-debug-dynamic:sip_uri.obj
 0001:00054450       pjsip_name_addr_assign     0000000140055450 f   pjsip-core-x86_64-x64-vc14-debug-dynamic:sip_uri.obj
 0001:000544b0       pjsip_other_uri_create     00000001400554b0 f   pjsip-core-x86_64-x64-vc14-debug-dynamic:sip_uri.obj
 0001:00056920       pjsip_resolver_create      0000000140057920 f   pjsip-core-x86_64-x64-vc14-debug-dynamic:sip_resolve.obj
 0001:000569b0       pjsip_resolver_set_resolver 00000001400579b0 f   pjsip-core-x86_64-x64-vc14-debug-dynamic:sip_resolve.obj
 0001:000569d0       pjsip_resolver_set_ext_resolver 00000001400579d0 f   pjsip-core-x86_64-x64-vc14-debug-dynamic:sip_resolve.obj
 0001:00056a50       pjsip_resolver_get_resolver 0000000140057a50 f   pjsip-core-x86_64-x64-vc14-debug-dynamic:sip_resolve.obj
 0001:00056a70       pjsip_resolver_destroy     0000000140057a70 f   pjsip-core-x86_64-x64-vc14-debug-dynamic:sip_resolve.obj
 0001:00056ab0       pjsip_resolve              0000000140057ab0 f   pjsip-core-x86_64-x64-vc14-debug-dynamic:sip_resolve.obj
 0001:000585a0       pjsip_strerror             00000001400595a0 f   pjsip-core-x86_64-x64-vc14-debug-dynamic:sip_errno.obj
 0001:00058990       pjsip_tel_uri_create       0000000140059990 f   pjsip-core-x86_64-x64-vc14-debug-dynamic:sip_tel_uri.obj
 0001:000589e0       pjsip_tel_nb_cmp           00000001400599e0 f   pjsip-core-x86_64-x64-vc14-debug-dynamic:sip_tel_uri.obj
 0001:000597d0       pjsip_tel_uri_subsys_init  000000014005a7d0 f   pjsip-core-x86_64-x64-vc14-debug-dynamic:sip_tel_uri.obj
 0001:0005a110       pjsip_authorization_hdr_create 000000014005b110 f   pjsip-core-x86_64-x64-vc14-debug-dynamic:sip_auth_msg.obj
 0001:0005a170       pjsip_proxy_authorization_hdr_create 000000014005b170 f   pjsip-core-x86_64-x64-vc14-debug-dynamic:sip_auth_msg.obj
 0001:0005a1d0       pjsip_www_authenticate_hdr_create 000000014005b1d0 f   pjsip-core-x86_64-x64-vc14-debug-dynamic:sip_auth_msg.obj
 0001:0005a230       pjsip_proxy_authenticate_hdr_create 000000014005b230 f   pjsip-core-x86_64-x64-vc14-debug-dynamic:sip_auth_msg.obj
 0001:0005d7a0       pjsip_auth_init_parser     000000014005e7a0 f   pjsip-core-x86_64-x64-vc14-debug-dynamic:sip_auth_parser.obj
 0001:0005d900       pjsip_auth_deinit_parser   000000014005e900 f   pjsip-core-x86_64-x64-vc14-debug-dynamic:sip_auth_parser.obj
 0001:0005e680       pjmedia_sdp_attr_create    000000014005f680 f   pjmedia-x86_64-x64-vc14-debug-dynamic:sdp.obj
 0001:0005e760       pjmedia_sdp_attr_clone     000000014005f760 f   pjmedia-x86_64-x64-vc14-debug-dynamic:sdp.obj
 0001:0005e820       pjmedia_sdp_attr_find      000000014005f820 f   pjmedia-x86_64-x64-vc14-debug-dynamic:sdp.obj
 0001:0005e930       pjmedia_sdp_attr_find2     000000014005f930 f   pjmedia-x86_64-x64-vc14-debug-dynamic:sdp.obj
 0001:0005e990       pjmedia_sdp_attr_add       000000014005f990 f   pjmedia-x86_64-x64-vc14-debug-dynamic:sdp.obj
 0001:0005ea70       pjmedia_sdp_attr_remove_all 000000014005fa70 f   pjmedia-x86_64-x64-vc14-debug-dynamic:sdp.obj
 0001:0005ebd0       pjmedia_sdp_attr_remove    000000014005fbd0 f   pjmedia-x86_64-x64-vc14-debug-dynamic:sdp.obj
 0001:0005ed20       pjmedia_sdp_attr_to_rtpmap 000000014005fd20 f   pjmedia-x86_64-x64-vc14-debug-dynamic:sdp.obj
 0001:0005ee00       pjmedia_sdp_attr_get_rtpmap 000000014005fe00 f   pjmedia-x86_64-x64-vc14-debug-dynamic:sdp.obj
 0001:0005f180       pjmedia_sdp_rtpmap_to_attr 0000000140060180 f   pjmedia-x86_64-x64-vc14-debug-dynamic:sdp.obj
 0001:0005f450       pjmedia_sdp_attr_get_fmtp  0000000140060450 f   pjmedia-x86_64-x64-vc14-debug-dynamic:sdp.obj
 0001:0005f5c0       pjmedia_sdp_attr_get_rtcp  00000001400605c0 f   pjmedia-x86_64-x64-vc14-debug-dynamic:sdp.obj
 0001:0005f7f0       pjmedia_sdp_attr_create_rtcp 00000001400607f0 f   pjmedia-x86_64-x64-vc14-debug-dynamic:sdp.obj
 0001:0005f9b0       pjmedia_sdp_attr_get_ssrc  00000001400609b0 f   pjmedia-x86_64-x64-vc14-debug-dynamic:sdp.obj
 0001:0005fbd0       pjmedia_sdp_attr_create_ssrc 0000000140060bd0 f   pjmedia-x86_64-x64-vc14-debug-dynamic:sdp.obj
 0001:0005fcc0       pjmedia_sdp_conn_clone     0000000140060cc0 f   pjmedia-x86_64-x64-vc14-debug-dynamic:sdp.obj
 0001:0005fd80       pjmedia_sdp_bandw_clone    0000000140060d80 f   pjmedia-x86_64-x64-vc14-debug-dynamic:sdp.obj
 0001:0005fe00       pjmedia_sdp_media_clone    0000000140060e00 f   pjmedia-x86_64-x64-vc14-debug-dynamic:sdp.obj
 0001:00060140       pjmedia_sdp_media_find_attr 0000000140061140 f   pjmedia-x86_64-x64-vc14-debug-dynamic:sdp.obj
 0001:000601d0       pjmedia_sdp_media_find_attr2 00000001400611d0 f   pjmedia-x86_64-x64-vc14-debug-dynamic:sdp.obj
 0001:00060260       pjmedia_sdp_media_add_attr 0000000140061260 f   pjmedia-x86_64-x64-vc14-debug-dynamic:sdp.obj
 0001:000602a0       pjmedia_sdp_media_remove_all_attr 00000001400612a0 f   pjmedia-x86_64-x64-vc14-debug-dynamic:sdp.obj
 0001:000602e0       pjmedia_sdp_media_remove_attr 00000001400612e0 f   pjmedia-x86_64-x64-vc14-debug-dynamic:sdp.obj
 0001:00060320       pjmedia_sdp_transport_cmp  0000000140061320 f   pjmedia-x86_64-x64-vc14-debug-dynamic:sdp.obj
 0001:000603a0       pjmedia_sdp_transport_get_proto 00000001400613a0 f   pjmedia-x86_64-x64-vc14-debug-dynamic:sdp.obj
 0001:00060560       pjmedia_sdp_media_deactivate 0000000140061560 f   pjmedia-x86_64-x64-vc14-debug-dynamic:sdp.obj
 0001:000605d0       pjmedia_sdp_media_clone_deactivate 00000001400615d0 f   pjmedia-x86_64-x64-vc14-debug-dynamic:sdp.obj
 0001:00060840       pjmedia_sdp_parse          0000000140061840 f   pjmedia-x86_64-x64-vc14-debug-dynamic:sdp.obj
 0001:00060ec0       pjmedia_sdp_print          0000000140061ec0 f   pjmedia-x86_64-x64-vc14-debug-dynamic:sdp.obj
 0001:00060f00       pjmedia_sdp_validate       0000000140061f00 f   pjmedia-x86_64-x64-vc14-debug-dynamic:sdp.obj
 0001:00060f30       pjmedia_sdp_validate2      0000000140061f30 f   pjmedia-x86_64-x64-vc14-debug-dynamic:sdp.obj
 0001:00061270       pjmedia_sdp_session_clone  0000000140062270 f   pjmedia-x86_64-x64-vc14-debug-dynamic:sdp.obj
 0001:000615b0       pjmedia_sdp_session_add_attr 00000001400625b0 f   pjmedia-x86_64-x64-vc14-debug-dynamic:sdp.obj
 0001:000642b0       pjmedia_sdp_neg_state_str  00000001400652b0 f   pjmedia-x86_64-x64-vc14-debug-dynamic:sdp_neg.obj
 0001:000642f0       pjmedia_sdp_neg_create_w_local_offer 00000001400652f0 f   pjmedia-x86_64-x64-vc14-debug-dynamic:sdp_neg.obj
 0001:00064480       pjmedia_sdp_neg_create_w_remote_offer 0000000140065480 f   pjmedia-x86_64-x64-vc14-debug-dynamic:sdp_neg.obj
 0001:00064660       pjmedia_sdp_neg_set_prefer_remote_codec_order 0000000140065660 f   pjmedia-x86_64-x64-vc14-debug-dynamic:sdp_neg.obj
 0001:000646c0       pjmedia_sdp_neg_set_answer_multiple_codecs 00000001400656c0 f   pjmedia-x86_64-x64-vc14-debug-dynamic:sdp_neg.obj
 0001:00064720       pjmedia_sdp_neg_get_state  0000000140065720 f   pjmedia-x86_64-x64-vc14-debug-dynamic:sdp_neg.obj
 0001:00064780       pjmedia_sdp_neg_get_active_local 0000000140065780 f   pjmedia-x86_64-x64-vc14-debug-dynamic:sdp_neg.obj
 0001:00064840       pjmedia_sdp_neg_get_active_remote 0000000140065840 f   pjmedia-x86_64-x64-vc14-debug-dynamic:sdp_neg.obj
 0001:00064900       pjmedia_sdp_neg_was_answer_remote 0000000140065900 f   pjmedia-x86_64-x64-vc14-debug-dynamic:sdp_neg.obj
 0001:00064960       pjmedia_sdp_neg_get_neg_remote 0000000140065960 f   pjmedia-x86_64-x64-vc14-debug-dynamic:sdp_neg.obj
 0001:00064a20       pjmedia_sdp_neg_get_neg_local 0000000140065a20 f   pjmedia-x86_64-x64-vc14-debug-dynamic:sdp_neg.obj
 0001:00064ae0       pjmedia_sdp_neg_modify_local_offer 0000000140065ae0 f   pjmedia-x86_64-x64-vc14-debug-dynamic:sdp_neg.obj
 0001:00064b20       pjmedia_sdp_neg_modify_local_offer2 0000000140065b20 f   pjmedia-x86_64-x64-vc14-debug-dynamic:sdp_neg.obj
 0001:00064fc0       pjmedia_sdp_neg_send_local_offer 0000000140065fc0 f   pjmedia-x86_64-x64-vc14-debug-dynamic:sdp_neg.obj
 0001:00065170       pjmedia_sdp_neg_set_remote_answer 0000000140066170 f   pjmedia-x86_64-x64-vc14-debug-dynamic:sdp_neg.obj
 0001:00065260       pjmedia_sdp_neg_set_remote_offer 0000000140066260 f   pjmedia-x86_64-x64-vc14-debug-dynamic:sdp_neg.obj
 0001:00065340       pjmedia_sdp_neg_set_local_answer 0000000140066340 f   pjmedia-x86_64-x64-vc14-debug-dynamic:sdp_neg.obj
 0001:00065540       pjmedia_sdp_neg_has_local_answer 0000000140066540 f   pjmedia-x86_64-x64-vc14-debug-dynamic:sdp_neg.obj
 0001:000655b0       pjmedia_sdp_neg_cancel_offer 00000001400665b0 f   pjmedia-x86_64-x64-vc14-debug-dynamic:sdp_neg.obj
 0001:000656e0       pjmedia_sdp_neg_negotiate  00000001400666e0 f   pjmedia-x86_64-x64-vc14-debug-dynamic:sdp_neg.obj
 0001:00065950       pjmedia_sdp_neg_register_fmt_match_cb 0000000140066950 f   pjmedia-x86_64-x64-vc14-debug-dynamic:sdp_neg.obj
 0001:00065ae0       pjmedia_sdp_neg_fmt_match  0000000140066ae0 f   pjmedia-x86_64-x64-vc14-debug-dynamic:sdp_neg.obj
 0001:00069150       pjlib_util_init            000000014006a150 f   pjlib-util-x86_64-x64-vc14-debug-dynamic:errno.obj
 0001:000691a0       pjlib_util_strerror        000000014006a1a0 f   pjlib-util-x86_64-x64-vc14-debug-dynamic:errno.obj
 0001:00069420       pj_getopt                  000000014006a420 f   pjlib-util-x86_64-x64-vc14-debug-dynamic:getopt.obj
 0001:00069470       pj_getopt_long             000000014006a470 f   pjlib-util-x86_64-x64-vc14-debug-dynamic:getopt.obj
 0001:0006a990       pj_cis_buf_init            000000014006b990 f   pjlib-util-x86_64-x64-vc14-debug-dynamic:scanner.obj
 0001:0006a9d0       pj_cis_init                000000014006b9d0 f   pjlib-util-x86_64-x64-vc14-debug-dynamic:scanner.obj
 0001:0006aa90       pj_cis_dup                 000000014006ba90 f   pjlib-util-x86_64-x64-vc14-debug-dynamic:scanner.obj
 0001:0006abc0       pj_cis_add_range           000000014006bbc0 f   pjlib-util-x86_64-x64-vc14-debug-dynamic:scanner.obj
 0001:0006ac60       pj_cis_add_alpha           000000014006bc60 f   pjlib-util-x86_64-x64-vc14-debug-dynamic:scanner.obj
 0001:0006aca0       pj_cis_add_num             000000014006bca0 f   pjlib-util-x86_64-x64-vc14-debug-dynamic:scanner.obj
 0001:0006acd0       pj_cis_add_str             000000014006bcd0 f   pjlib-util-x86_64-x64-vc14-debug-dynamic:scanner.obj
 0001:0006ad50       pj_cis_add_cis             000000014006bd50 f   pjlib-util-x86_64-x64-vc14-debug-dynamic:scanner.obj
 0001:0006ae10       pj_cis_del_range           000000014006be10 f   pjlib-util-x86_64-x64-vc14-debug-dynamic:scanner.obj
 0001:0006ae90       pj_cis_del_str             000000014006be90 f   pjlib-util-x86_64-x64-vc14-debug-dynamic:scanner.obj
 0001:0006af10       pj_cis_invert              000000014006bf10 f   pjlib-util-x86_64-x64-vc14-debug-dynamic:scanner.obj
 0001:0006b010       pj_scan_init               000000014006c010 f   pjlib-util-x86_64-x64-vc14-debug-dynamic:scanner.obj
 0001:0006b0d0       pj_scan_fini               000000014006c0d0 f   pjlib-util-x86_64-x64-vc14-debug-dynamic:scanner.obj
 0001:0006b100       pj_scan_peek               000000014006c100 f   pjlib-util-x86_64-x64-vc14-debug-dynamic:scanner.obj
 0001:0006b1a0       pj_scan_peek_n             000000014006c1a0 f   pjlib-util-x86_64-x64-vc14-debug-dynamic:scanner.obj
 0001:0006b220       pj_scan_peek_until         000000014006c220 f   pjlib-util-x86_64-x64-vc14-debug-dynamic:scanner.obj
 0001:0006b2d0       pj_scan_get                000000014006c2d0 f   pjlib-util-x86_64-x64-vc14-debug-dynamic:scanner.obj
 0001:0006b3c0       pj_scan_get_unescape       000000014006c3c0 f   pjlib-util-x86_64-x64-vc14-debug-dynamic:scanner.obj
 0001:0006b670       pj_scan_get_quote          000000014006c670 f   pjlib-util-x86_64-x64-vc14-debug-dynamic:scanner.obj
 0001:0006b6d0       pj_scan_get_quotes         000000014006c6d0 f   pjlib-util-x86_64-x64-vc14-debug-dynamic:scanner.obj
 0001:0006b910       pj_scan_get_n              000000014006c910 f   pjlib-util-x86_64-x64-vc14-debug-dynamic:scanner.obj
 0001:0006b9b0       pj_scan_get_char           000000014006c9b0 f   pjlib-util-x86_64-x64-vc14-debug-dynamic:scanner.obj
 0001:0006ba30       pj_scan_get_until          000000014006ca30 f   pjlib-util-x86_64-x64-vc14-debug-dynamic:scanner.obj
 0001:0006bb00       pj_scan_get_until_ch       000000014006cb00 f   pjlib-util-x86_64-x64-vc14-debug-dynamic:scanner.obj
 0001:0006bbc0       pj_scan_get_until_chr      000000014006cbc0 f   pjlib-util-x86_64-x64-vc14-debug-dynamic:scanner.obj
 0001:0006bca0       pj_scan_advance_n          000000014006cca0 f   pjlib-util-x86_64-x64-vc14-debug-dynamic:scanner.obj
 0001:0006bd20       pj_scan_strcmp             000000014006cd20 f   pjlib-util-x86_64-x64-vc14-debug-dynamic:scanner.obj
 0001:0006bd90       pj_scan_stricmp            000000014006cd90 f   pjlib-util-x86_64-x64-vc14-debug-dynamic:scanner.obj
 0001:0006be00       pj_scan_stricmp_alnum      000000014006ce00 f   pjlib-util-x86_64-x64-vc14-debug-dynamic:scanner.obj
 0001:0006be70       pj_scan_get_newline        000000014006ce70 f   pjlib-util-x86_64-x64-vc14-debug-dynamic:scanner.obj
 0001:0006bf30       pj_scan_skip_whitespace    000000014006cf30 f   pjlib-util-x86_64-x64-vc14-debug-dynamic:scanner.obj
 0001:0006c180       pj_scan_skip_line          000000014006d180 f   pjlib-util-x86_64-x64-vc14-debug-dynamic:scanner.obj
 0001:0006c210       pj_scan_save_state         000000014006d210 f   pjlib-util-x86_64-x64-vc14-debug-dynamic:scanner.obj
 0001:0006c260       pj_scan_restore_state      000000014006d260 f   pjlib-util-x86_64-x64-vc14-debug-dynamic:scanner.obj
 0001:0006cb50       pj_str_unescape            000000014006db50 f   pjlib-util-x86_64-x64-vc14-debug-dynamic:string.obj
 0001:0006cd00       pj_strcpy_unescape         000000014006dd00 f   pjlib-util-x86_64-x64-vc14-debug-dynamic:string.obj
 0001:0006ce20       pj_strncpy_escape          000000014006de20 f   pjlib-util-x86_64-x64-vc14-debug-dynamic:string.obj
 0001:0006ce90       pj_strncpy2_escape         000000014006de90 f   pjlib-util-x86_64-x64-vc14-debug-dynamic:string.obj
 0001:0006d2f0       pj_dns_settings_default    000000014006e2f0 f   pjlib-util-x86_64-x64-vc14-debug-dynamic:resolver.obj
 0001:0006d350       pj_dns_resolver_create     000000014006e350 f   pjlib-util-x86_64-x64-vc14-debug-dynamic:resolver.obj
 0001:0006d620       pj_dns_resolver_set_ns     000000014006e620 f   pjlib-util-x86_64-x64-vc14-debug-dynamic:resolver.obj
 0001:0006d890       pj_dns_resolver_get_settings 000000014006e890 f   pjlib-util-x86_64-x64-vc14-debug-dynamic:resolver.obj
 0001:0006d930       pj_dns_resolver_set_settings 000000014006e930 f   pjlib-util-x86_64-x64-vc14-debug-dynamic:resolver.obj
 0001:0006d9d0       pj_dns_resolver_handle_events 000000014006e9d0 f   pjlib-util-x86_64-x64-vc14-debug-dynamic:resolver.obj
 0001:0006da60       pj_dns_resolver_destroy    000000014006ea60 f   pjlib-util-x86_64-x64-vc14-debug-dynamic:resolver.obj
 0001:0006dcd0       pj_dns_resolver_start_query 000000014006ecd0 f   pjlib-util-x86_64-x64-vc14-debug-dynamic:resolver.obj
 0001:0006e310       pj_dns_resolver_cancel_query 000000014006f310 f   pjlib-util-x86_64-x64-vc14-debug-dynamic:resolver.obj
 0001:0006e400       pj_dns_parse_a_response    000000014006f400 f   pjlib-util-x86_64-x64-vc14-debug-dynamic:resolver.obj
 0001:0006e930       pj_dns_parse_addr_response 000000014006f930 f   pjlib-util-x86_64-x64-vc14-debug-dynamic:resolver.obj
 0001:0006ef30       pj_dns_resolver_add_entry  000000014006ff30 f   pjlib-util-x86_64-x64-vc14-debug-dynamic:resolver.obj
 0001:0006f2c0       pj_dns_resolver_get_cached_count 00000001400702c0 f   pjlib-util-x86_64-x64-vc14-debug-dynamic:resolver.obj
 0001:0006f340       pj_dns_resolver_dump       0000000140070340 f   pjlib-util-x86_64-x64-vc14-debug-dynamic:resolver.obj
 0001:00072a00       pj_md5_init                0000000140073a00 f   pjlib-util-x86_64-x64-vc14-debug-dynamic:md5.obj
 0001:00072a90       pj_md5_update              0000000140073a90 f   pjlib-util-x86_64-x64-vc14-debug-dynamic:md5.obj
 0001:00072c70       pj_md5_final               0000000140073c70 f   pjlib-util-x86_64-x64-vc14-debug-dynamic:md5.obj
 0001:00074d00       pj_dns_make_query          0000000140075d00 f   pjlib-util-x86_64-x64-vc14-debug-dynamic:dns.obj
 0001:00074fd0       pj_dns_parse_packet        0000000140075fd0 f   pjlib-util-x86_64-x64-vc14-debug-dynamic:dns.obj
 0001:000754c0       pj_dns_packet_dup          00000001400764c0 f   pjlib-util-x86_64-x64-vc14-debug-dynamic:dns.obj
 0001:00075940       pj_dns_get_type_name       0000000140076940 f   pjlib-util-x86_64-x64-vc14-debug-dynamic:dns.obj
 0001:00075a30       pj_dns_init_srv_rr         0000000140076a30 f   pjlib-util-x86_64-x64-vc14-debug-dynamic:dns.obj
 0001:00075ae0       pj_dns_init_cname_rr       0000000140076ae0 f   pjlib-util-x86_64-x64-vc14-debug-dynamic:dns.obj
 0001:00075b70       pj_dns_init_a_rr           0000000140076b70 f   pjlib-util-x86_64-x64-vc14-debug-dynamic:dns.obj
 0001:00075bf0       pj_dns_init_aaaa_rr        0000000140076bf0 f   pjlib-util-x86_64-x64-vc14-debug-dynamic:dns.obj
 0001:000774b0       pj_dns_srv_resolve         00000001400784b0 f   pjlib-util-x86_64-x64-vc14-debug-dynamic:srv_resolver.obj
 0001:00077820       pj_dns_srv_cancel_query    0000000140078820 f   pjlib-util-x86_64-x64-vc14-debug-dynamic:srv_resolver.obj
 0001:0007a2d0       pj_init                    000000014007b2d0 f   pjlib-x86_64-x64-vc14-debug-dynamic:os_core_win32.obj
 0001:0007a4a0       pj_shutdown                000000014007b4a0 f   pjlib-x86_64-x64-vc14-debug-dynamic:os_core_win32.obj
 0001:0007a5e0       pj_atexit                  000000014007b5e0 f   pjlib-x86_64-x64-vc14-debug-dynamic:os_core_win32.obj
 0001:0007a630       pj_getpid                  000000014007b630 f   pjlib-x86_64-x64-vc14-debug-dynamic:os_core_win32.obj
 0001:0007a660       pj_thread_create           000000014007b660 f   pjlib-x86_64-x64-vc14-debug-dynamic:os_core_win32.obj
 0001:0007a8c0       pj_thread_register         000000014007b8c0 f   pjlib-x86_64-x64-vc14-debug-dynamic:os_core_win32.obj
 0001:0007aa30       pj_thread_is_registered    000000014007ba30 f   pjlib-x86_64-x64-vc14-debug-dynamic:os_core_win32.obj
 0001:0007aa70       pj_thread_get_prio         000000014007ba70 f   pjlib-x86_64-x64-vc14-debug-dynamic:os_core_win32.obj
 0001:0007aaa0       pj_thread_set_prio         000000014007baa0 f   pjlib-x86_64-x64-vc14-debug-dynamic:os_core_win32.obj
 0001:0007aba0       pj_thread_get_prio_min     000000014007bba0 f   pjlib-x86_64-x64-vc14-debug-dynamic:os_core_win32.obj
 0001:0007abc0       pj_thread_get_prio_max     000000014007bbc0 f   pjlib-x86_64-x64-vc14-debug-dynamic:os_core_win32.obj
 0001:0007abe0       pj_thread_get_os_handle    000000014007bbe0 f   pjlib-x86_64-x64-vc14-debug-dynamic:os_core_win32.obj
 0001:0007ac40       pj_thread_get_name         000000014007bc40 f   pjlib-x86_64-x64-vc14-debug-dynamic:os_core_win32.obj
 0001:0007acb0       pj_thread_resume           000000014007bcb0 f   pjlib-x86_64-x64-vc14-debug-dynamic:os_core_win32.obj
 0001:0007ad80       pj_thread_this             000000014007bd80 f   pjlib-x86_64-x64-vc14-debug-dynamic:os_core_win32.obj
 0001:0007ade0       pj_thread_join             000000014007bde0 f   pjlib-x86_64-x64-vc14-debug-dynamic:os_core_win32.obj
 0001:0007aef0       pj_thread_destroy          000000014007bef0 f   pjlib-x86_64-x64-vc14-debug-dynamic:os_core_win32.obj
 0001:0007afc0       pj_thread_sleep            000000014007bfc0 f   pjlib-x86_64-x64-vc14-debug-dynamic:os_core_win32.obj
 0001:0007aff0       pj_thread_check_stack      000000014007bff0 f   pjlib-x86_64-x64-vc14-debug-dynamic:os_core_win32.obj
 0001:0007b0f0       pj_thread_get_stack_max_usage 000000014007c0f0 f   pjlib-x86_64-x64-vc14-debug-dynamic:os_core_win32.obj
 0001:0007b110       pj_thread_get_stack_info   000000014007c110 f   pjlib-x86_64-x64-vc14-debug-dynamic:os_core_win32.obj
 0001:0007b180       pj_thread_local_alloc      000000014007c180 f   pjlib-x86_64-x64-vc14-debug-dynamic:os_core_win32.obj
 0001:0007b230       pj_thread_local_free       000000014007c230 f   pjlib-x86_64-x64-vc14-debug-dynamic:os_core_win32.obj
 0001:0007b260       pj_thread_local_set        000000014007c260 f   pjlib-x86_64-x64-vc14-debug-dynamic:os_core_win32.obj
 0001:0007b2f0       pj_thread_local_get        000000014007c2f0 f   pjlib-x86_64-x64-vc14-debug-dynamic:os_core_win32.obj
 0001:0007b310       pj_atomic_create           000000014007c310 f   pjlib-x86_64-x64-vc14-debug-dynamic:os_core_win32.obj
 0001:0007b370       pj_atomic_destroy          000000014007c370 f   pjlib-x86_64-x64-vc14-debug-dynamic:os_core_win32.obj
 0001:0007b3c0       pj_atomic_set              000000014007c3c0 f   pjlib-x86_64-x64-vc14-debug-dynamic:os_core_win32.obj
 0001:0007b430       pj_atomic_get              000000014007c430 f   pjlib-x86_64-x64-vc14-debug-dynamic:os_core_win32.obj
 0001:0007b4a0       pj_atomic_inc              000000014007c4a0 f   pjlib-x86_64-x64-vc14-debug-dynamic:os_core_win32.obj
 0001:0007b500       pj_atomic_inc_and_get      000000014007c500 f   pjlib-x86_64-x64-vc14-debug-dynamic:os_core_win32.obj
 0001:0007b540       pj_atomic_dec              000000014007c540 f   pjlib-x86_64-x64-vc14-debug-dynamic:os_core_win32.obj
 0001:0007b5a0       pj_atomic_dec_and_get      000000014007c5a0 f   pjlib-x86_64-x64-vc14-debug-dynamic:os_core_win32.obj
 0001:0007b5e0       pj_atomic_add              000000014007c5e0 f   pjlib-x86_64-x64-vc14-debug-dynamic:os_core_win32.obj
 0001:0007b640       pj_atomic_add_and_get      000000014007c640 f   pjlib-x86_64-x64-vc14-debug-dynamic:os_core_win32.obj
 0001:0007b680       pj_mutex_create            000000014007c680 f   pjlib-x86_64-x64-vc14-debug-dynamic:os_core_win32.obj
 0001:0007b740       pj_mutex_create_simple     000000014007c740 f   pjlib-x86_64-x64-vc14-debug-dynamic:os_core_win32.obj
 0001:0007b780       pj_mutex_create_recursive  000000014007c780 f   pjlib-x86_64-x64-vc14-debug-dynamic:os_core_win32.obj
 0001:0007b7c0       pj_mutex_lock              000000014007c7c0 f   pjlib-x86_64-x64-vc14-debug-dynamic:os_core_win32.obj
 0001:0007b880       pj_mutex_unlock            000000014007c880 f   pjlib-x86_64-x64-vc14-debug-dynamic:os_core_win32.obj
 0001:0007b960       pj_mutex_trylock           000000014007c960 f   pjlib-x86_64-x64-vc14-debug-dynamic:os_core_win32.obj
 0001:0007ba40       pj_mutex_destroy           000000014007ca40 f   pjlib-x86_64-x64-vc14-debug-dynamic:os_core_win32.obj
 0001:0007bac0       pj_mutex_is_locked         000000014007cac0 f   pjlib-x86_64-x64-vc14-debug-dynamic:os_core_win32.obj
 0001:0007bb00       pj_rwmutex_create          000000014007cb00 f   pjlib-x86_64-x64-vc14-debug-dynamic:os_core_win32.obj
 0001:0007bc20       pj_rwmutex_lock_read       000000014007cc20 f   pjlib-x86_64-x64-vc14-debug-dynamic:os_core_win32.obj
 0001:0007bd20       pj_rwmutex_lock_write      000000014007cd20 f   pjlib-x86_64-x64-vc14-debug-dynamic:os_core_win32.obj
 0001:0007bd80       pj_rwmutex_unlock_read     000000014007cd80 f   pjlib-x86_64-x64-vc14-debug-dynamic:os_core_win32.obj
 0001:0007be80       pj_rwmutex_unlock_write    000000014007ce80 f   pjlib-x86_64-x64-vc14-debug-dynamic:os_core_win32.obj
 0001:0007bf10       pj_rwmutex_destroy         000000014007cf10 f   pjlib-x86_64-x64-vc14-debug-dynamic:os_core_win32.obj
 0001:0007bf80       pj_enter_critical_section  000000014007cf80 f   pjlib-x86_64-x64-vc14-debug-dynamic:os_core_win32.obj
 0001:0007bfa0       pj_leave_critical_section  000000014007cfa0 f   pjlib-x86_64-x64-vc14-debug-dynamic:os_core_win32.obj
 0001:0007bfc0       pj_sem_create              000000014007cfc0 f   pjlib-x86_64-x64-vc14-debug-dynamic:os_core_win32.obj
 0001:0007c160       pj_sem_wait                000000014007d160 f   pjlib-x86_64-x64-vc14-debug-dynamic:os_core_win32.obj
 0001:0007c1d0       pj_sem_trywait             000000014007d1d0 f   pjlib-x86_64-x64-vc14-debug-dynamic:os_core_win32.obj
 0001:0007c240       pj_sem_post                000000014007d240 f   pjlib-x86_64-x64-vc14-debug-dynamic:os_core_win32.obj
 0001:0007c310       pj_sem_destroy             000000014007d310 f   pjlib-x86_64-x64-vc14-debug-dynamic:os_core_win32.obj
 0001:0007c3e0       pj_event_create            000000014007d3e0 f   pjlib-x86_64-x64-vc14-debug-dynamic:os_core_win32.obj
 0001:0007c5c0       pj_event_wait              000000014007d5c0 f   pjlib-x86_64-x64-vc14-debug-dynamic:os_core_win32.obj
 0001:0007c620       pj_event_trywait           000000014007d620 f   pjlib-x86_64-x64-vc14-debug-dynamic:os_core_win32.obj
 0001:0007c680       pj_event_set               000000014007d680 f   pjlib-x86_64-x64-vc14-debug-dynamic:os_core_win32.obj
 0001:0007c750       pj_event_pulse             000000014007d750 f   pjlib-x86_64-x64-vc14-debug-dynamic:os_core_win32.obj
 0001:0007c820       pj_event_reset             000000014007d820 f   pjlib-x86_64-x64-vc14-debug-dynamic:os_core_win32.obj
 0001:0007c8f0       pj_event_destroy           000000014007d8f0 f   pjlib-x86_64-x64-vc14-debug-dynamic:os_core_win32.obj
 0001:0007c9c0       pj_term_set_color          000000014007d9c0 f   pjlib-x86_64-x64-vc14-debug-dynamic:os_core_win32.obj
 0001:0007ca80       pj_term_get_color          000000014007da80 f   pjlib-x86_64-x64-vc14-debug-dynamic:os_core_win32.obj
 0001:0007cae0       pj_run_app                 000000014007dae0 f   pjlib-x86_64-x64-vc14-debug-dynamic:os_core_win32.obj
 0001:0007cb10       pj_thread_init             000000014007db10 f   pjlib-x86_64-x64-vc14-debug-dynamic:os_core_win32.obj
 0001:0007dbf0       pj_strerror                000000014007ebf0 f   pjlib-x86_64-x64-vc14-debug-dynamic:errno.obj
 0001:0007de90       pj_perror                  000000014007ee90 f   pjlib-x86_64-x64-vc14-debug-dynamic:errno.obj
 0001:0007def0       pj_register_strerror       000000014007eef0 f   pjlib-x86_64-x64-vc14-debug-dynamic:errno.obj
 0001:0007e150       pj_errno_clear_handlers    000000014007f150 f   pjlib-x86_64-x64-vc14-debug-dynamic:errno.obj
 0001:0007e180       pj_perror_1                000000014007f180 f   pjlib-x86_64-x64-vc14-debug-dynamic:errno.obj
 0001:0007e1e0       pj_perror_2                000000014007f1e0 f   pjlib-x86_64-x64-vc14-debug-dynamic:errno.obj
 0001:0007e240       pj_perror_3                000000014007f240 f   pjlib-x86_64-x64-vc14-debug-dynamic:errno.obj
 0001:0007e2a0       pj_perror_4                000000014007f2a0 f   pjlib-x86_64-x64-vc14-debug-dynamic:errno.obj
 0001:0007e300       pj_perror_5                000000014007f300 f   pjlib-x86_64-x64-vc14-debug-dynamic:errno.obj
 0001:0007e8d0       pj_list_insert_before      000000014007f8d0 f   pjlib-x86_64-x64-vc14-debug-dynamic:list.obj
 0001:0007e900       pj_list_insert_nodes_before 000000014007f900 f   pjlib-x86_64-x64-vc14-debug-dynamic:list.obj
 0001:0007e930       pj_list_insert_after       000000014007f930 f   pjlib-x86_64-x64-vc14-debug-dynamic:list.obj
 0001:0007e980       pj_list_insert_nodes_after 000000014007f980 f   pjlib-x86_64-x64-vc14-debug-dynamic:list.obj
 0001:0007e9e0       pj_list_merge_first        000000014007f9e0 f   pjlib-x86_64-x64-vc14-debug-dynamic:list.obj
 0001:0007ea40       pj_list_merge_last         000000014007fa40 f   pjlib-x86_64-x64-vc14-debug-dynamic:list.obj
 0001:0007eaa0       pj_list_erase              000000014007faa0 f   pjlib-x86_64-x64-vc14-debug-dynamic:list.obj
 0001:0007eae0       pj_list_find_node          000000014007fae0 f   pjlib-x86_64-x64-vc14-debug-dynamic:list.obj
 0001:0007eb50       pj_list_search             000000014007fb50 f   pjlib-x86_64-x64-vc14-debug-dynamic:list.obj
 0001:0007ebd0       pj_list_size               000000014007fbd0 f   pjlib-x86_64-x64-vc14-debug-dynamic:list.obj
 0001:0007ed80       pj_inet_ntop2              000000014007fd80 f   pjlib-x86_64-x64-vc14-debug-dynamic:sock_common.obj
 0001:0007ede0       pj_sockaddr_print          000000014007fde0 f   pjlib-x86_64-x64-vc14-debug-dynamic:sock_common.obj
 0001:0007ef80       pj_inet_addr               000000014007ff80 f   pjlib-x86_64-x64-vc14-debug-dynamic:sock_common.obj
 0001:0007efb0       pj_inet_addr2              000000014007ffb0 f   pjlib-x86_64-x64-vc14-debug-dynamic:sock_common.obj
 0001:0007f000       pj_sockaddr_in_init        0000000140080000 f   pjlib-x86_64-x64-vc14-debug-dynamic:sock_common.obj
 0001:0007f0b0       pj_sockaddr_init           00000001400800b0 f   pjlib-x86_64-x64-vc14-debug-dynamic:sock_common.obj
[...]
 0003:0005cbe0       $SG60989                   0000000140105be0     pjlib-x86_64-x64-vc14-debug-dynamic:activesock.obj
 0003:0005cce0       $SG60990                   0000000140105ce0     pjlib-x86_64-x64-vc14-debug-dynamic:activesock.obj
 0003:0005cd50       $SG61047                   0000000140105d50     pjlib-x86_64-x64-vc14-debug-dynamic:activesock.obj
 0003:0005ce50       $SG61050                   0000000140105e50     pjlib-x86_64-x64-vc14-debug-dynamic:activesock.obj
 0003:0005cf48       $SG61051                   0000000140105f48     pjlib-x86_64-x64-vc14-debug-dynamic:activesock.obj
 0003:0005cf90       $SG61082                   0000000140105f90     pjlib-x86_64-x64-vc14-debug-dynamic:activesock.obj
 0003:0005d4e0       $SG59800                   00000001401064e0     pjlib-x86_64-x64-vc14-debug-dynamic:addr_resolv_sock.obj
 0003:0005d5f0       $SG59801                   00000001401065f0     pjlib-x86_64-x64-vc14-debug-dynamic:addr_resolv_sock.obj
 0003:0005d640       $SG59830                   0000000140106640     pjlib-x86_64-x64-vc14-debug-dynamic:addr_resolv_sock.obj
 0003:0005d748       $SG59831                   0000000140106748     pjlib-x86_64-x64-vc14-debug-dynamic:addr_resolv_sock.obj
 0003:0005d7f0       tls                        00000001401067f0     pjlib-x86_64-x64-vc14-debug-dynamic:pool_buf.obj
 0003:0005d800       $SG8543                    0000000140106800     pjlib-x86_64-x64-vc14-debug-dynamic:pool_buf.obj
 0003:0005d8f8       $SG8544                    00000001401068f8     pjlib-x86_64-x64-vc14-debug-dynamic:pool_buf.obj
 0003:0005d920       $SG8566                    0000000140106920     pjlib-x86_64-x64-vc14-debug-dynamic:pool_buf.obj
 0003:0005da18       $SG8567                    0000000140106a18     pjlib-x86_64-x64-vc14-debug-dynamic:pool_buf.obj
 0003:0005dab0       $SG8120                    0000000140106ab0     pjlib-x86_64-x64-vc14-debug-dynamic:config.obj
 0003:0005dabc       $SG8125                    0000000140106abc     pjlib-x86_64-x64-vc14-debug-dynamic:config.obj
 0003:0005dac8       id                         0000000140106ac8     pjlib-x86_64-x64-vc14-debug-dynamic:config.obj
 0003:0005dad0       $SG8233                    0000000140106ad0     pjlib-x86_64-x64-vc14-debug-dynamic:config.obj
 0003:0005daf0       $SG8235                    0000000140106af0     pjlib-x86_64-x64-vc14-debug-dynamic:config.obj
 0003:0005db08       $SG8237                    0000000140106b08     pjlib-x86_64-x64-vc14-debug-dynamic:config.obj
 0003:0005db28       $SG8239                    0000000140106b28     pjlib-x86_64-x64-vc14-debug-dynamic:config.obj
 0003:0005db30       $SG8240                    0000000140106b30     pjlib-x86_64-x64-vc14-debug-dynamic:config.obj
 0003:0005db50       $SG8242                    0000000140106b50     pjlib-x86_64-x64-vc14-debug-dynamic:config.obj
 0003:0005db70       $SG8244                    0000000140106b70     pjlib-x86_64-x64-vc14-debug-dynamic:config.obj
 0003:0005db78       $SG8245                    0000000140106b78     pjlib-x86_64-x64-vc14-debug-dynamic:config.obj
 0003:0005db98       $SG8247                    0000000140106b98     pjlib-x86_64-x64-vc14-debug-dynamic:config.obj
 0003:0005dba0       $SG8248                    0000000140106ba0     pjlib-x86_64-x64-vc14-debug-dynamic:config.obj
 0003:0005dbd0       $SG8250                    0000000140106bd0     pjlib-x86_64-x64-vc14-debug-dynamic:config.obj
 0003:0005dbe0       $SG8251                    0000000140106be0     pjlib-x86_64-x64-vc14-debug-dynamic:config.obj
 0003:0005dc00       $SG8253                    0000000140106c00     pjlib-x86_64-x64-vc14-debug-dynamic:config.obj
 0003:0005dc20       $SG8255                    0000000140106c20     pjlib-x86_64-x64-vc14-debug-dynamic:config.obj
 0003:0005dc40       $SG8257                    0000000140106c40     pjlib-x86_64-x64-vc14-debug-dynamic:config.obj
 0003:0005dc60       $SG8259                    0000000140106c60     pjlib-x86_64-x64-vc14-debug-dynamic:config.obj
 0003:0005dc80       $SG8261                    0000000140106c80     pjlib-x86_64-x64-vc14-debug-dynamic:config.obj
 0003:0005dca0       $SG8263                    0000000140106ca0     pjlib-x86_64-x64-vc14-debug-dynamic:config.obj
 0003:0005dcc0       $SG8265                    0000000140106cc0     pjlib-x86_64-x64-vc14-debug-dynamic:config.obj
 0003:0005dce0       $SG8267                    0000000140106ce0     pjlib-x86_64-x64-vc14-debug-dynamic:config.obj
 0003:0005dd00       $SG8269                    0000000140106d00     pjlib-x86_64-x64-vc14-debug-dynamic:config.obj
 0003:0005dd20       $SG8271                    0000000140106d20     pjlib-x86_64-x64-vc14-debug-dynamic:config.obj
 0003:0005dd40       $SG8273                    0000000140106d40     pjlib-x86_64-x64-vc14-debug-dynamic:config.obj
 0003:0005dd60       $SG8275                    0000000140106d60     pjlib-x86_64-x64-vc14-debug-dynamic:config.obj
 0003:0005dd80       $SG8277                    0000000140106d80     pjlib-x86_64-x64-vc14-debug-dynamic:config.obj
 0003:0005dda0       $SG8279                    0000000140106da0     pjlib-x86_64-x64-vc14-debug-dynamic:config.obj
 0003:0005ddc0       $SG8281                    0000000140106dc0     pjlib-x86_64-x64-vc14-debug-dynamic:config.obj
 0003:0005dde0       $SG8283                    0000000140106de0     pjlib-x86_64-x64-vc14-debug-dynamic:config.obj
 0003:0005de00       $SG8285                    0000000140106e00     pjlib-x86_64-x64-vc14-debug-dynamic:config.obj
 0003:0005de20       $SG8287                    0000000140106e20     pjlib-x86_64-x64-vc14-debug-dynamic:config.obj
 0003:0005de40       $SG8289                    0000000140106e40     pjlib-x86_64-x64-vc14-debug-dynamic:config.obj
 0003:0005de60       $SG8291                    0000000140106e60     pjlib-x86_64-x64-vc14-debug-dynamic:config.obj
 0003:0005de80       $SG8293                    0000000140106e80     pjlib-x86_64-x64-vc14-debug-dynamic:config.obj
 0003:0005dea0       $SG8295                    0000000140106ea0     pjlib-x86_64-x64-vc14-debug-dynamic:config.obj
 0003:0005dec0       $SG8297                    0000000140106ec0     pjlib-x86_64-x64-vc14-debug-dynamic:config.obj
 0003:0005dee0       $SG8299                    0000000140106ee0     pjlib-x86_64-x64-vc14-debug-dynamic:config.obj
 0003:0005df00       $SG8301                    0000000140106f00     pjlib-x86_64-x64-vc14-debug-dynamic:config.obj
 0003:0005df20       $SG8303                    0000000140106f20     pjlib-x86_64-x64-vc14-debug-dynamic:config.obj
 0003:0005e030       $SG62196                   0000000140107030     pjlib-x86_64-x64-vc14-debug-dynamic:ip_helper_win32.obj
 0003:0005e040       $SG62211                   0000000140107040     pjlib-x86_64-x64-vc14-debug-dynamic:ip_helper_win32.obj
 0003:0005e050       $SG62229                   0000000140107050     pjlib-x86_64-x64-vc14-debug-dynamic:ip_helper_win32.obj
 0003:0005e068       $SG62239                   0000000140107068     pjlib-x86_64-x64-vc14-debug-dynamic:ip_helper_win32.obj
 0003:0005e078       $SG62253                   0000000140107078     pjlib-x86_64-x64-vc14-debug-dynamic:ip_helper_win32.obj
 0003:0005e090       $SG62282                   0000000140107090     pjlib-x86_64-x64-vc14-debug-dynamic:ip_helper_win32.obj
 0003:0005e190       $SG62283                   0000000140107190     pjlib-x86_64-x64-vc14-debug-dynamic:ip_helper_win32.obj
 0003:0005e1b0       $SG62354                   00000001401071b0     pjlib-x86_64-x64-vc14-debug-dynamic:ip_helper_win32.obj
 0003:0005e2b0       $SG62355                   00000001401072b0     pjlib-x86_64-x64-vc14-debug-dynamic:ip_helper_win32.obj
 0003:0005e2d0       $SG62357                   00000001401072d0     pjlib-x86_64-x64-vc14-debug-dynamic:ip_helper_win32.obj
 0003:0005e3d0       $SG62358                   00000001401073d0     pjlib-x86_64-x64-vc14-debug-dynamic:ip_helper_win32.obj
 0003:0005e440       $SG62401                   0000000140107440     pjlib-x86_64-x64-vc14-debug-dynamic:ip_helper_win32.obj
 0003:0005e540       $SG62402                   0000000140107540     pjlib-x86_64-x64-vc14-debug-dynamic:ip_helper_win32.obj
 0003:0005e690       $SG14661                   0000000140107690     pjlib-x86_64-x64-vc14-debug-dynamic:pool_policy_malloc.obj
 0003:0005e720       $SG14675                   0000000140107720     pjlib-x86_64-x64-vc14-debug-dynamic:pool_policy_malloc.obj
 0003:0005e7b0       $SG14685                   00000001401077b0     pjlib-x86_64-x64-vc14-debug-dynamic:pool_policy_malloc.obj
 0003:0005e890       $SG11287                   0000000140107890     pjlib-x86_64-x64-vc14-debug-dynamic:log_writer_stdout.obj
 0003:0005e914       $SG11290                   0000000140107914     pjlib-x86_64-x64-vc14-debug-dynamic:log_writer_stdout.obj
 0003:0005e918       $SG11291                   0000000140107918     pjlib-x86_64-x64-vc14-debug-dynamic:log_writer_stdout.obj
 0003:0005e940       $SG54821                   0000000140107940     pjlib-x86_64-x64-vc14-debug-dynamic:sock_select.obj
 0003:0005e9c0       $SG54851                   00000001401079c0     pjlib-x86_64-x64-vc14-debug-dynamic:sock_select.obj
 0003:0005ea40       $SG54887                   0000000140107a40     pjlib-x86_64-x64-vc14-debug-dynamic:sock_select.obj
 0003:0005eac0       $SG54909                   0000000140107ac0     pjlib-x86_64-x64-vc14-debug-dynamic:sock_select.obj
 0003:0005eb40       $SG54945                   0000000140107b40     pjlib-x86_64-x64-vc14-debug-dynamic:sock_select.obj
 0003:0005ee10       app                        0000000140107e10     sipecho.obj
 0003:0005f200       sip_af                     0000000140108200     sipecho.obj
 0003:0005f204       sip_tcp                    0000000140108204     sipecho.obj
 0003:0005f2d4       is_initialized             00000001401082d4     pjsip-ua-x86_64-x64-vc14-debug-dynamic:sip_timer.obj
 0003:0005f2e0       status_phrase              00000001401082e0     pjsip-core-x86_64-x64-vc14-debug-dynamic:sip_msg.obj
 0003:00061f40       ?is_initialized@?1??pjsip_get_status_text@@9@9 000000014010af40     pjsip-core-x86_64-x64-vc14-debug-dynamic:sip_msg.obj
 0003:00061f44       $SG18157                   000000014010af44     pjsip-core-x86_64-x64-vc14-debug-dynamic:sip_msg.obj
 0003:00061f45       $SG18160                   000000014010af45     pjsip-core-x86_64-x64-vc14-debug-dynamic:sip_msg.obj
 0003:00061f46       $SG18249                   000000014010af46     pjsip-core-x86_64-x64-vc14-debug-dynamic:sip_msg.obj
 0003:00062828       $SG20094                   000000014010b828     pjsip-core-x86_64-x64-vc14-debug-dynamic:sip_transport.obj
 0003:00062829       $SG20096                   000000014010b829     pjsip-core-x86_64-x64-vc14-debug-dynamic:sip_transport.obj
 0003:0006282a       $SG20097                   000000014010b82a     pjsip-core-x86_64-x64-vc14-debug-dynamic:sip_transport.obj
 0003:0006282b       $SG20099                   000000014010b82b     pjsip-core-x86_64-x64-vc14-debug-dynamic:sip_transport.obj
 0003:0006282c       $SG64599                   000000014010b82c     pjsip-core-x86_64-x64-vc14-debug-dynamic:sip_transport_udp.obj
 0003:0006282d       $SG64600                   000000014010b82d     pjsip-core-x86_64-x64-vc14-debug-dynamic:sip_transport_udp.obj
 0003:00062830       handler                    000000014010b830     pjsip-core-x86_64-x64-vc14-debug-dynamic:sip_parser.obj
 0003:00064330       handler_count              000000014010d330     pjsip-core-x86_64-x64-vc14-debug-dynamic:sip_parser.obj
 0003:00064334       parser_is_initialized      000000014010d334     pjsip-core-x86_64-x64-vc14-debug-dynamic:sip_parser.obj
 0003:00064338       uri_handler_count          000000014010d338     pjsip-core-x86_64-x64-vc14-debug-dynamic:sip_parser.obj
 0003:00064340       uri_handler                000000014010d340     pjsip-core-x86_64-x64-vc14-debug-dynamic:sip_parser.obj
 0003:000643a0       cis_buf                    000000014010d3a0     pjsip-core-x86_64-x64-vc14-debug-dynamic:sip_parser.obj
 0003:00064dee       $SG16967                   000000014010ddee     pjsip-core-x86_64-x64-vc14-debug-dynamic:sip_multipart.obj
 0003:00064def       $SG16334                   000000014010ddef     pjsip-core-x86_64-x64-vc14-debug-dynamic:sip_uri.obj
 0003:00064df0       $SG16337                   000000014010ddf0     pjsip-core-x86_64-x64-vc14-debug-dynamic:sip_uri.obj
 0003:00064e00       cis_buf                    000000014010de00     pjsip-core-x86_64-x64-vc14-debug-dynamic:sip_tel_uri.obj
 0003:00065208       pjsip_TEL_NUMBER_SPEC      000000014010e208     pjsip-core-x86_64-x64-vc14-debug-dynamic:sip_tel_uri.obj
 0003:00065218       pjsip_TEL_EXT_VALUE_SPEC   000000014010e218     pjsip-core-x86_64-x64-vc14-debug-dynamic:sip_tel_uri.obj
 0003:00065228       pjsip_TEL_PHONE_CONTEXT_SPEC 000000014010e228     pjsip-core-x86_64-x64-vc14-debug-dynamic:sip_tel_uri.obj
 0003:00065238       pjsip_TEL_URIC_SPEC        000000014010e238     pjsip-core-x86_64-x64-vc14-debug-dynamic:sip_tel_uri.obj
 0003:00065248       pjsip_TEL_VISUAL_SEP_SPEC  000000014010e248     pjsip-core-x86_64-x64-vc14-debug-dynamic:sip_tel_uri.obj
 0003:00065258       pjsip_TEL_PNAME_SPEC       000000014010e258     pjsip-core-x86_64-x64-vc14-debug-dynamic:sip_tel_uri.obj
 0003:00065268       pjsip_TEL_PVALUE_SPEC      000000014010e268     pjsip-core-x86_64-x64-vc14-debug-dynamic:sip_tel_uri.obj
 0003:00065278       pjsip_TEL_PVALUE_SPEC_ESC  000000014010e278     pjsip-core-x86_64-x64-vc14-debug-dynamic:sip_tel_uri.obj
 0003:00065288       pjsip_TEL_PARSING_PVALUE_SPEC 000000014010e288     pjsip-core-x86_64-x64-vc14-debug-dynamic:sip_tel_uri.obj
 0003:00065298       pjsip_TEL_PARSING_PVALUE_SPEC_ESC 000000014010e298     pjsip-core-x86_64-x64-vc14-debug-dynamic:sip_tel_uri.obj
 0003:000653a0       is_initialized             000000014010e3a0     pjmedia-x86_64-x64-vc14-debug-dynamic:sdp.obj
 0003:000653a4       $SG17124                   000000014010e3a4     pjmedia-x86_64-x64-vc14-debug-dynamic:sdp.obj
 0003:000653b0       cis_buf                    000000014010e3b0     pjmedia-x86_64-x64-vc14-debug-dynamic:sdp.obj
 0003:000657b8       cs_digit                   000000014010e7b8     pjmedia-x86_64-x64-vc14-debug-dynamic:sdp.obj
 0003:000657c8       cs_token                   000000014010e7c8     pjmedia-x86_64-x64-vc14-debug-dynamic:sdp.obj
 0003:000658b0       fmt_match_cb_cnt           000000014010e8b0     pjmedia-x86_64-x64-vc14-debug-dynamic:sdp_neg.obj
 0003:000658c0       fmt_match_cb               000000014010e8c0     pjmedia-x86_64-x64-vc14-debug-dynamic:sdp_neg.obj
 0003:000659b8       __getopt_initialized       000000014010e9b8     pjlib-util-x86_64-x64-vc14-debug-dynamic:getopt.obj
 0003:000659bc       ordering                   000000014010e9bc     pjlib-util-x86_64-x64-vc14-debug-dynamic:getopt.obj
 0003:000659c0       nextchar                   000000014010e9c0     pjlib-util-x86_64-x64-vc14-debug-dynamic:getopt.obj
 0003:000659c8       posixly_correct            000000014010e9c8     pjlib-util-x86_64-x64-vc14-debug-dynamic:getopt.obj
 0003:000659d0       first_nonopt               000000014010e9d0     pjlib-util-x86_64-x64-vc14-debug-dynamic:getopt.obj
 0003:000659d4       last_nonopt                000000014010e9d4     pjlib-util-x86_64-x64-vc14-debug-dynamic:getopt.obj
 0003:000659d8       $SG13933                   000000014010e9d8     pjlib-util-x86_64-x64-vc14-debug-dynamic:getopt.obj
 0003:000659e1       $SG62050                   000000014010e9e1     pjlib-util-x86_64-x64-vc14-debug-dynamic:resolver.obj
 0003:000659f0       initialized                000000014010e9f0     pjlib-x86_64-x64-vc14-debug-dynamic:os_core_win32.obj
 0003:000659f4       atexit_count               000000014010e9f4     pjlib-x86_64-x64-vc14-debug-dynamic:os_core_win32.obj
 0003:000659f8       $SG59961                   000000014010e9f8     pjlib-x86_64-x64-vc14-debug-dynamic:os_core_win32.obj
 0003:00065a00       main_thread                000000014010ea00     pjlib-x86_64-x64-vc14-debug-dynamic:os_core_win32.obj
 0003:00065b00       critical_section_mutex     000000014010eb00     pjlib-x86_64-x64-vc14-debug-dynamic:os_core_win32.obj
 0003:00065b60       atexit_func                000000014010eb60     pjlib-x86_64-x64-vc14-debug-dynamic:os_core_win32.obj
 0003:00065ce0       err_msg_hnd_cnt            000000014010ece0     pjlib-x86_64-x64-vc14-debug-dynamic:errno.obj
 0003:00065cf0       err_msg_hnd                000000014010ecf0     pjlib-x86_64-x64-vc14-debug-dynamic:errno.obj
 0003:00065db3       $SG60326                   000000014010edb3     pjlib-x86_64-x64-vc14-debug-dynamic:sock_common.obj
 0003:00065db4       $SG60330                   000000014010edb4     pjlib-x86_64-x64-vc14-debug-dynamic:sock_common.obj
 0003:00065db5       $SG60331                   000000014010edb5     pjlib-x86_64-x64-vc14-debug-dynamic:sock_common.obj
 0003:00065db6       $SG60980                   000000014010edb6     pjlib-x86_64-x64-vc14-debug-dynamic:sock_common.obj
 0003:00065db7       $SG60981                   000000014010edb7     pjlib-x86_64-x64-vc14-debug-dynamic:sock_common.obj
 0003:00065dc0       g_last_thread              000000014010edc0     pjlib-x86_64-x64-vc14-debug-dynamic:log.obj
 0003:00065dd0       ?buf@?1??pj_gethostname@@9@9 000000014010edd0     pjlib-x86_64-x64-vc14-debug-dynamic:sock_bsd.obj
 0003:00065e50       ?hostname@?1??pj_gethostname@@9@9 000000014010ee50     pjlib-x86_64-x64-vc14-debug-dynamic:sock_bsd.obj
 0003:00065e80       base_time                  000000014010ee80     pjlib-x86_64-x64-vc14-debug-dynamic:os_time_win32.obj
 0003:00065e90       exception_id_names         000000014010ee90     pjlib-x86_64-x64-vc14-debug-dynamic:except.obj
 0003:00065f10       ?unknown_name@?1??pj_exception_id_name@@9@9 000000014010ef10     pjlib-x86_64-x64-vc14-debug-dynamic:except.obj
 0003:00065f50       $SG61083                   000000014010ef50     pjlib-x86_64-x64-vc14-debug-dynamic:activesock.obj
 0003:00065f60       stack_based_factory        000000014010ef60     pjlib-x86_64-x64-vc14-debug-dynamic:pool_buf.obj
 0003:00065fa8       is_initialized             000000014010efa8     pjlib-x86_64-x64-vc14-debug-dynamic:pool_buf.obj
 0003:00065fc0       s_hDLL                     000000014010efc0     pjlib-x86_64-x64-vc14-debug-dynamic:ip_helper_win32.obj
 0003:00065fc8       s_pfnGetIpAddrTable        000000014010efc8     pjlib-x86_64-x64-vc14-debug-dynamic:ip_helper_win32.obj
 0003:00065fd0       s_pfnGetAdapterAddresses   000000014010efd0     pjlib-x86_64-x64-vc14-debug-dynamic:ip_helper_win32.obj
 0003:00065fd8       s_pfnGetIpForwardTable     000000014010efd8     pjlib-x86_64-x64-vc14-debug-dynamic:ip_helper_win32.obj
 0003:00065fe0       s_pfnGetIfEntry            000000014010efe0     pjlib-x86_64-x64-vc14-debug-dynamic:ip_helper_win32.obj
 0003:00065ff0       GS_ExceptionRecord         000000014010eff0     MSVCRTD:gs_report.obj
 0003:00066090       GS_ContextRecord           000000014010f090     MSVCRTD:gs_report.obj
 0003:00066688       ?is_initialized_as_dll@@3_NA 000000014010f688     MSVCRTD:utility.obj
 0003:00066689       ?module_local_atexit_table_initialized@@3_NA 000000014010f689     MSVCRTD:utility.obj
 0003:00066690       ?module_local_atexit_table@@3U_onexit_table_t@@A 000000014010f690     MSVCRTD:utility.obj
 0003:000666a8       ?module_local_at_quick_exit_table@@3U_onexit_table_t@@A 000000014010f6a8     MSVCRTD:utility.obj
 0005:00000f08       .idata$6                   0000000140116f08     ole32:ole32.dll
 0005:00000f58       .idata$6                   0000000140116f58     ws2_32:WS2_32.dll
 0005:00001372       .idata$6                   0000000140117372     kernel32:KERNEL32.dll
 0005:00001448       .idata$6                   0000000140117448     vcruntimed:VCRUNTIME140D.dll
 0005:00001766       .idata$6                   0000000140117766     ucrtd:ucrtbased.dll
