 sipecho

 Timestamp is 5f97473b (Mon Oct 26 23:01:31 2020)

 Preferred load address is 0000000140000000

 Start         Length     Name                   Class
 0001:00000000 0009c290H .text$mn                CODE
 0001:0009c290 00001020H .text$mn$00             CODE
 0001:0009d2b0 0000108dH .text$x                 CODE
 0002:00000000 00000110H .CRT$XCA                DATA
 0002:00000110 00000110H .CRT$XCAA               DATA
 0002:00000220 00000110H .CRT$XCZ                DATA
 0002:00000330 00000110H .CRT$XIA                DATA
 0002:00000440 00000110H .CRT$XIAA               DATA
 0002:00000550 00000110H .CRT$XIAC               DATA
 0002:00000660 00000110H .CRT$XIZ                DATA
 0002:00000770 00000110H .CRT$XPA                DATA
 0002:00000880 00000110H .CRT$XPZ                DATA
 0002:00000990 00000110H .CRT$XTA                DATA
 0002:00000aa0 00000110H .CRT$XTZ                DATA
 0002:00000bb0 00001c60H .rdata                  DATA
 0002:00002810 000001f0H .rdata$zzzdbg           DATA
 0002:00002a00 00000110H .rtc$IAA                DATA
 0002:00002b10 00000110H .rtc$IZZ                DATA
 0002:00002c20 00000110H .rtc$TAA                DATA
 0002:00002d30 00000110H .rtc$TZZ                DATA
 0002:00002e40 00003f8dH .xdata                  DATA
 0002:00006dcd 00000000H .edata                  DATA
 0003:00000000 0002ba10H .data                   DATA
 0003:0002ba10 00007969H .bss                    DATA
 0004:00000000 000052b0H .pdata                  DATA
 0005:00000000 00000730H .idata$5                DATA
 0005:00000730 00000064H .idata$2                DATA
 0005:00000794 00000014H .idata$3                DATA
 0005:000007a8 00000730H .idata$4                DATA
 0005:00000ed8 00000a1cH .idata$6                DATA
 0006:00000000 0000012cH .gfids$y                DATA
 0007:00000000 0000011bH .00cfg                  DATA

  Address         Publics by Value              Rva+Base               Lib:Object

 0000:00000000       ___safe_se_handler_count   0000000000000000     <absolute>
 0000:00000000       __dynamic_value_reloc_table 0000000000000000     <absolute>
 0000:00000000       ___safe_se_handler_table   0000000000000000     <absolute>
 0000:00000000       __guard_iat_count          0000000000000000     <absolute>
 0000:00000000       __guard_fids_table         0000000000000000     <absolute>
 0000:00000000       __guard_longjmp_count      0000000000000000     <absolute>
 0000:00000000       __guard_fids_count         0000000000000000     <absolute>
 0000:00000000       __guard_longjmp_table      0000000000000000     <absolute>
 0000:00000000       __guard_iat_table          0000000000000000     <absolute>
 0000:00000100       __guard_flags              0000000000000100     <absolute>
 0000:00000000       __ImageBase                0000000140000000     <linker-defined>
 0001:00002780       get_snd_options            0000000140003780 f   sipecho.obj
 0001:00002bf0       dump_pool_usage            0000000140003bf0 f   sipecho.obj
 0001:00004200       main                       0000000140005200 f   sipecho.obj
 0001:00004f70       __local_stdio_printf_options 0000000140005f70 f i sipecho.obj
 0001:00004f80       _vfprintf_l                0000000140005f80 f i sipecho.obj
 0001:00004fe0       _vsnprintf_l               0000000140005fe0 f i sipecho.obj
 0001:00005080       _vsprintf_l                0000000140006080 f i sipecho.obj
 0001:000050e0       printf                     00000001400060e0 f i sipecho.obj
 0001:00005150       sprintf                    0000000140006150 f i sipecho.obj
 0001:00005360       pjsip_inv_usage_init       0000000140006360 f   pjsip-ua-x86_64-x64-vc14-debug-dynamic:sip_inv.obj
 0001:000054b0       pjsip_inv_usage_instance   00000001400064b0 f   pjsip-ua-x86_64-x64-vc14-debug-dynamic:sip_inv.obj
 0001:000054c0       pjsip_inv_create_uac       00000001400064c0 f   pjsip-ua-x86_64-x64-vc14-debug-dynamic:sip_inv.obj
 0001:000057c0       pjsip_inv_verify_request   00000001400067c0 f   pjsip-ua-x86_64-x64-vc14-debug-dynamic:sip_inv.obj
 0001:00005830       pjsip_inv_verify_request2  0000000140006830 f   pjsip-ua-x86_64-x64-vc14-debug-dynamic:sip_inv.obj
 0001:000058a0       pjsip_inv_verify_request3  00000001400068a0 f   pjsip-ua-x86_64-x64-vc14-debug-dynamic:sip_inv.obj
 0001:00006c90       pjsip_inv_create_uas       0000000140007c90 f   pjsip-ua-x86_64-x64-vc14-debug-dynamic:sip_inv.obj
 0001:00007160       pjsip_inv_add_ref          0000000140008160 f   pjsip-ua-x86_64-x64-vc14-debug-dynamic:sip_inv.obj
 0001:000071e0       pjsip_inv_dec_ref          00000001400081e0 f   pjsip-ua-x86_64-x64-vc14-debug-dynamic:sip_inv.obj
 0001:000072a0       pjsip_inv_terminate        00000001400082a0 f   pjsip-ua-x86_64-x64-vc14-debug-dynamic:sip_inv.obj
 0001:000073d0       pjsip_inv_uac_restart      00000001400083d0 f   pjsip-ua-x86_64-x64-vc14-debug-dynamic:sip_inv.obj
 0001:000074c0       pjsip_inv_process_redirect 00000001400084c0 f   pjsip-ua-x86_64-x64-vc14-debug-dynamic:sip_inv.obj
 0001:000079d0       pjsip_inv_invite           00000001400089d0 f   pjsip-ua-x86_64-x64-vc14-debug-dynamic:sip_inv.obj
 0001:00007e70       pjsip_inv_initial_answer   0000000140008e70 f   pjsip-ua-x86_64-x64-vc14-debug-dynamic:sip_inv.obj
 0001:000080f0       pjsip_inv_answer           00000001400090f0 f   pjsip-ua-x86_64-x64-vc14-debug-dynamic:sip_inv.obj
 0001:00008320       pjsip_inv_set_local_sdp    0000000140009320 f   pjsip-ua-x86_64-x64-vc14-debug-dynamic:sip_inv.obj
 0001:00008460       pjsip_inv_set_sdp_answer   0000000140009460 f   pjsip-ua-x86_64-x64-vc14-debug-dynamic:sip_inv.obj
 0001:00008510       pjsip_inv_end_session      0000000140009510 f   pjsip-ua-x86_64-x64-vc14-debug-dynamic:sip_inv.obj
 0001:00008820       pjsip_inv_cancel_reinvite  0000000140009820 f   pjsip-ua-x86_64-x64-vc14-debug-dynamic:sip_inv.obj
 0001:000089c0       pjsip_inv_reinvite         00000001400099c0 f   pjsip-ua-x86_64-x64-vc14-debug-dynamic:sip_inv.obj
 0001:00008cc0       pjsip_inv_update           0000000140009cc0 f   pjsip-ua-x86_64-x64-vc14-debug-dynamic:sip_inv.obj
 0001:000090f0       pjsip_inv_create_ack       000000014000a0f0 f   pjsip-ua-x86_64-x64-vc14-debug-dynamic:sip_inv.obj
 0001:00009290       pjsip_inv_send_msg         000000014000a290 f   pjsip-ua-x86_64-x64-vc14-debug-dynamic:sip_inv.obj
 0001:000095d0       pjsip_dlg_get_inv_session  000000014000a5d0 f   pjsip-ua-x86_64-x64-vc14-debug-dynamic:sip_inv.obj
 0001:000095f0       pjsip_inv_state_name       000000014000a5f0 f   pjsip-ua-x86_64-x64-vc14-debug-dynamic:sip_inv.obj
 0001:00009660       pjsip_create_sdp_body      000000014000a660 f   pjsip-ua-x86_64-x64-vc14-debug-dynamic:sip_inv.obj
 0001:00009760       pjsip_rdata_get_sdp_info   000000014000a760 f   pjsip-ua-x86_64-x64-vc14-debug-dynamic:sip_inv.obj
 0001:00012030       _snprintf                  0000000140013030 f i pjsip-ua-x86_64-x64-vc14-debug-dynamic:sip_inv.obj
 0001:000120a0       _vsnprintf                 00000001400130a0 f i pjsip-ua-x86_64-x64-vc14-debug-dynamic:sip_inv.obj
 0001:00012200       pjsip_get_prack_method     0000000140013200 f   pjsip-ua-x86_64-x64-vc14-debug-dynamic:sip_100rel.obj
 0001:00012210       pjsip_100rel_init_module   0000000140013210 f   pjsip-ua-x86_64-x64-vc14-debug-dynamic:sip_100rel.obj
 0001:00012250       pjsip_100rel_attach        0000000140013250 f   pjsip-ua-x86_64-x64-vc14-debug-dynamic:sip_100rel.obj
 0001:00012320       pjsip_100rel_is_reliable   0000000140013320 f   pjsip-ua-x86_64-x64-vc14-debug-dynamic:sip_100rel.obj
 0001:000123d0       pjsip_100rel_create_prack  00000001400133d0 f   pjsip-ua-x86_64-x64-vc14-debug-dynamic:sip_100rel.obj
 0001:00012900       pjsip_100rel_send_prack    0000000140013900 f   pjsip-ua-x86_64-x64-vc14-debug-dynamic:sip_100rel.obj
 0001:000129a0       pjsip_100rel_on_rx_prack   00000001400139a0 f   pjsip-ua-x86_64-x64-vc14-debug-dynamic:sip_100rel.obj
 0001:00012d20       pjsip_100rel_tx_response   0000000140013d20 f   pjsip-ua-x86_64-x64-vc14-debug-dynamic:sip_100rel.obj
 0001:00013500       pjsip_100rel_end_session   0000000140014500 f   pjsip-ua-x86_64-x64-vc14-debug-dynamic:sip_100rel.obj
 0001:00014390       pjsip_timer_init_module    0000000140015390 f   pjsip-ua-x86_64-x64-vc14-debug-dynamic:sip_timer.obj
 0001:000144f0       pjsip_timer_setting_default 00000001400154f0 f   pjsip-ua-x86_64-x64-vc14-debug-dynamic:sip_timer.obj
 0001:00014530       pjsip_timer_init_session   0000000140015530 f   pjsip-ua-x86_64-x64-vc14-debug-dynamic:sip_timer.obj
 0001:000146c0       pjsip_sess_expires_hdr_create 00000001400156c0 f   pjsip-ua-x86_64-x64-vc14-debug-dynamic:sip_timer.obj
 0001:00014790       pjsip_min_se_hdr_create    0000000140015790 f   pjsip-ua-x86_64-x64-vc14-debug-dynamic:sip_timer.obj
 0001:00014840       pjsip_timer_update_req     0000000140015840 f   pjsip-ua-x86_64-x64-vc14-debug-dynamic:sip_timer.obj
 0001:000149d0       pjsip_timer_process_resp   00000001400159d0 f   pjsip-ua-x86_64-x64-vc14-debug-dynamic:sip_timer.obj
 0001:00015130       pjsip_timer_handle_refresh_error 0000000140016130 f   pjsip-ua-x86_64-x64-vc14-debug-dynamic:sip_timer.obj
 0001:00015440       pjsip_timer_process_req    0000000140016440 f   pjsip-ua-x86_64-x64-vc14-debug-dynamic:sip_timer.obj
 0001:00015900       pjsip_timer_update_resp    0000000140016900 f   pjsip-ua-x86_64-x64-vc14-debug-dynamic:sip_timer.obj
 0001:00015b80       pjsip_timer_end_session    0000000140016b80 f   pjsip-ua-x86_64-x64-vc14-debug-dynamic:sip_timer.obj
 0001:00017c70       pjsip_get_invite_method    0000000140018c70 f   pjsip-core-x86_64-x64-vc14-debug-dynamic:sip_msg.obj
 0001:00017c80       pjsip_get_cancel_method    0000000140018c80 f   pjsip-core-x86_64-x64-vc14-debug-dynamic:sip_msg.obj
 0001:00017c90       pjsip_get_ack_method       0000000140018c90 f   pjsip-core-x86_64-x64-vc14-debug-dynamic:sip_msg.obj
 0001:00017ca0       pjsip_get_bye_method       0000000140018ca0 f   pjsip-core-x86_64-x64-vc14-debug-dynamic:sip_msg.obj
 0001:00017cb0       pjsip_get_register_method  0000000140018cb0 f   pjsip-core-x86_64-x64-vc14-debug-dynamic:sip_msg.obj
 0001:00017cc0       pjsip_get_options_method   0000000140018cc0 f   pjsip-core-x86_64-x64-vc14-debug-dynamic:sip_msg.obj
 0001:00017cd0       pjsip_method_init          0000000140018cd0 f   pjsip-core-x86_64-x64-vc14-debug-dynamic:sip_msg.obj
 0001:00017d10       pjsip_method_init_np       0000000140018d10 f   pjsip-core-x86_64-x64-vc14-debug-dynamic:sip_msg.obj
 0001:00017de0       pjsip_method_set           0000000140018de0 f   pjsip-core-x86_64-x64-vc14-debug-dynamic:sip_msg.obj
 0001:00017e50       pjsip_method_copy          0000000140018e50 f   pjsip-core-x86_64-x64-vc14-debug-dynamic:sip_msg.obj
 0001:00017ed0       pjsip_method_cmp           0000000140018ed0 f   pjsip-core-x86_64-x64-vc14-debug-dynamic:sip_msg.obj
 0001:00017f50       pjsip_hdr_clone            0000000140018f50 f   pjsip-core-x86_64-x64-vc14-debug-dynamic:sip_msg.obj
 0001:00017f90       pjsip_hdr_shallow_clone    0000000140018f90 f   pjsip-core-x86_64-x64-vc14-debug-dynamic:sip_msg.obj
 0001:00017fd0       pjsip_hdr_print_on         0000000140018fd0 f   pjsip-core-x86_64-x64-vc14-debug-dynamic:sip_msg.obj
 0001:00018060       pjsip_get_status_text      0000000140019060 f   pjsip-core-x86_64-x64-vc14-debug-dynamic:sip_msg.obj
 0001:000180e0       pjsip_media_type_init      00000001400190e0 f   pjsip-core-x86_64-x64-vc14-debug-dynamic:sip_msg.obj
 0001:00018160       pjsip_media_type_init2     0000000140019160 f   pjsip-core-x86_64-x64-vc14-debug-dynamic:sip_msg.obj
 0001:00018220       pjsip_media_type_cmp       0000000140019220 f   pjsip-core-x86_64-x64-vc14-debug-dynamic:sip_msg.obj
 0001:00018320       pjsip_media_type_cp        0000000140019320 f   pjsip-core-x86_64-x64-vc14-debug-dynamic:sip_msg.obj
 0001:000183f0       pjsip_media_type_print     00000001400193f0 f   pjsip-core-x86_64-x64-vc14-debug-dynamic:sip_msg.obj
 0001:00018420       pjsip_print_text_body      0000000140019420 f   pjsip-core-x86_64-x64-vc14-debug-dynamic:sip_msg.obj
 0001:00018480       pjsip_clone_text_data      0000000140019480 f   pjsip-core-x86_64-x64-vc14-debug-dynamic:sip_msg.obj
 0001:000184f0       pjsip_msg_body_copy        00000001400194f0 f   pjsip-core-x86_64-x64-vc14-debug-dynamic:sip_msg.obj
 0001:000185d0       pjsip_msg_body_clone       00000001400195d0 f   pjsip-core-x86_64-x64-vc14-debug-dynamic:sip_msg.obj
 0001:00018670       pjsip_msg_body_create      0000000140019670 f   pjsip-core-x86_64-x64-vc14-debug-dynamic:sip_msg.obj
 0001:00018800       pjsip_msg_create           0000000140019800 f   pjsip-core-x86_64-x64-vc14-debug-dynamic:sip_msg.obj
 0001:00018860       pjsip_msg_clone            0000000140019860 f   pjsip-core-x86_64-x64-vc14-debug-dynamic:sip_msg.obj
 0001:00018990       pjsip_msg_find_hdr         0000000140019990 f   pjsip-core-x86_64-x64-vc14-debug-dynamic:sip_msg.obj
 0001:00018a10       pjsip_msg_find_hdr_by_name 0000000140019a10 f   pjsip-core-x86_64-x64-vc14-debug-dynamic:sip_msg.obj
 0001:00018aa0       pjsip_msg_find_hdr_by_names 0000000140019aa0 f   pjsip-core-x86_64-x64-vc14-debug-dynamic:sip_msg.obj
 0001:00018b60       pjsip_msg_find_remove_hdr  0000000140019b60 f   pjsip-core-x86_64-x64-vc14-debug-dynamic:sip_msg.obj
 0001:00018be0       pjsip_msg_print            0000000140019be0 f   pjsip-core-x86_64-x64-vc14-debug-dynamic:sip_msg.obj
 0001:00019380       pjsip_generic_string_hdr_create 000000014001a380 f   pjsip-core-x86_64-x64-vc14-debug-dynamic:sip_msg.obj
 0001:000193d0       pjsip_generic_string_hdr_init 000000014001a3d0 f   pjsip-core-x86_64-x64-vc14-debug-dynamic:sip_msg.obj
 0001:00019470       pjsip_generic_string_hdr_init2 000000014001a470 f   pjsip-core-x86_64-x64-vc14-debug-dynamic:sip_msg.obj
 0001:00019520       pjsip_generic_int_hdr_create 000000014001a520 f   pjsip-core-x86_64-x64-vc14-debug-dynamic:sip_msg.obj
 0001:00019570       pjsip_generic_int_hdr_init 000000014001a570 f   pjsip-core-x86_64-x64-vc14-debug-dynamic:sip_msg.obj
 0001:00019610       pjsip_generic_array_hdr_create 000000014001a610 f   pjsip-core-x86_64-x64-vc14-debug-dynamic:sip_msg.obj
 0001:00019660       pjsip_generic_array_hdr_init 000000014001a660 f   pjsip-core-x86_64-x64-vc14-debug-dynamic:sip_msg.obj
 0001:000196f0       pjsip_accept_hdr_create    000000014001a6f0 f   pjsip-core-x86_64-x64-vc14-debug-dynamic:sip_msg.obj
 0001:00019730       pjsip_accept_hdr_init      000000014001a730 f   pjsip-core-x86_64-x64-vc14-debug-dynamic:sip_msg.obj
 0001:00019780       pjsip_allow_hdr_create     000000014001a780 f   pjsip-core-x86_64-x64-vc14-debug-dynamic:sip_msg.obj
 0001:000197c0       pjsip_allow_hdr_init       000000014001a7c0 f   pjsip-core-x86_64-x64-vc14-debug-dynamic:sip_msg.obj
 0001:00019810       pjsip_cid_hdr_create       000000014001a810 f   pjsip-core-x86_64-x64-vc14-debug-dynamic:sip_msg.obj
 0001:00019850       pjsip_cid_hdr_init         000000014001a850 f   pjsip-core-x86_64-x64-vc14-debug-dynamic:sip_msg.obj
 0001:00019890       pjsip_clen_hdr_create      000000014001a890 f   pjsip-core-x86_64-x64-vc14-debug-dynamic:sip_msg.obj
 0001:000198d0       pjsip_clen_hdr_init        000000014001a8d0 f   pjsip-core-x86_64-x64-vc14-debug-dynamic:sip_msg.obj
 0001:00019920       pjsip_cseq_hdr_create      000000014001a920 f   pjsip-core-x86_64-x64-vc14-debug-dynamic:sip_msg.obj
 0001:00019960       pjsip_cseq_hdr_init        000000014001a960 f   pjsip-core-x86_64-x64-vc14-debug-dynamic:sip_msg.obj
 0001:000199d0       pjsip_contact_hdr_create   000000014001a9d0 f   pjsip-core-x86_64-x64-vc14-debug-dynamic:sip_msg.obj
 0001:00019a10       pjsip_contact_hdr_init     000000014001aa10 f   pjsip-core-x86_64-x64-vc14-debug-dynamic:sip_msg.obj
 0001:00019a80       pjsip_ctype_hdr_create     000000014001aa80 f   pjsip-core-x86_64-x64-vc14-debug-dynamic:sip_msg.obj
 0001:00019ac0       pjsip_ctype_hdr_init       000000014001aac0 f   pjsip-core-x86_64-x64-vc14-debug-dynamic:sip_msg.obj
 0001:00019b20       pjsip_expires_hdr_create   000000014001ab20 f   pjsip-core-x86_64-x64-vc14-debug-dynamic:sip_msg.obj
 0001:00019b60       pjsip_expires_hdr_init     000000014001ab60 f   pjsip-core-x86_64-x64-vc14-debug-dynamic:sip_msg.obj
 0001:00019bb0       pjsip_from_hdr_create      000000014001abb0 f   pjsip-core-x86_64-x64-vc14-debug-dynamic:sip_msg.obj
 0001:00019bf0       pjsip_from_hdr_init        000000014001abf0 f   pjsip-core-x86_64-x64-vc14-debug-dynamic:sip_msg.obj
 0001:00019c50       pjsip_to_hdr_create        000000014001ac50 f   pjsip-core-x86_64-x64-vc14-debug-dynamic:sip_msg.obj
 0001:00019c90       pjsip_to_hdr_init          000000014001ac90 f   pjsip-core-x86_64-x64-vc14-debug-dynamic:sip_msg.obj
 0001:00019cf0       pjsip_fromto_hdr_set_from  000000014001acf0 f   pjsip-core-x86_64-x64-vc14-debug-dynamic:sip_msg.obj
 0001:00019d80       pjsip_fromto_hdr_set_to    000000014001ad80 f   pjsip-core-x86_64-x64-vc14-debug-dynamic:sip_msg.obj
 0001:00019e10       pjsip_max_fwd_hdr_create   000000014001ae10 f   pjsip-core-x86_64-x64-vc14-debug-dynamic:sip_msg.obj
 0001:00019e50       pjsip_max_fwd_hdr_init     000000014001ae50 f   pjsip-core-x86_64-x64-vc14-debug-dynamic:sip_msg.obj
 0001:00019ea0       pjsip_min_expires_hdr_create 000000014001aea0 f   pjsip-core-x86_64-x64-vc14-debug-dynamic:sip_msg.obj
 0001:00019ee0       pjsip_min_expires_hdr_init 000000014001aee0 f   pjsip-core-x86_64-x64-vc14-debug-dynamic:sip_msg.obj
 0001:00019f30       pjsip_rr_hdr_create        000000014001af30 f   pjsip-core-x86_64-x64-vc14-debug-dynamic:sip_msg.obj
 0001:00019f70       pjsip_rr_hdr_init          000000014001af70 f   pjsip-core-x86_64-x64-vc14-debug-dynamic:sip_msg.obj
 0001:00019fd0       pjsip_route_hdr_create     000000014001afd0 f   pjsip-core-x86_64-x64-vc14-debug-dynamic:sip_msg.obj
 0001:0001a010       pjsip_route_hdr_init       000000014001b010 f   pjsip-core-x86_64-x64-vc14-debug-dynamic:sip_msg.obj
 0001:0001a070       pjsip_routing_hdr_set_rr   000000014001b070 f   pjsip-core-x86_64-x64-vc14-debug-dynamic:sip_msg.obj
 0001:0001a0f0       pjsip_routing_hdr_set_route 000000014001b0f0 f   pjsip-core-x86_64-x64-vc14-debug-dynamic:sip_msg.obj
 0001:0001a170       pjsip_require_hdr_create   000000014001b170 f   pjsip-core-x86_64-x64-vc14-debug-dynamic:sip_msg.obj
 0001:0001a1b0       pjsip_require_hdr_init     000000014001b1b0 f   pjsip-core-x86_64-x64-vc14-debug-dynamic:sip_msg.obj
 0001:0001a200       pjsip_retry_after_hdr_create 000000014001b200 f   pjsip-core-x86_64-x64-vc14-debug-dynamic:sip_msg.obj
 0001:0001a240       pjsip_retry_after_hdr_init 000000014001b240 f   pjsip-core-x86_64-x64-vc14-debug-dynamic:sip_msg.obj
 0001:0001a2b0       pjsip_supported_hdr_create 000000014001b2b0 f   pjsip-core-x86_64-x64-vc14-debug-dynamic:sip_msg.obj
 0001:0001a2f0       pjsip_supported_hdr_init   000000014001b2f0 f   pjsip-core-x86_64-x64-vc14-debug-dynamic:sip_msg.obj
 0001:0001a340       pjsip_unsupported_hdr_create 000000014001b340 f   pjsip-core-x86_64-x64-vc14-debug-dynamic:sip_msg.obj
 0001:0001a380       pjsip_unsupported_hdr_init 000000014001b380 f   pjsip-core-x86_64-x64-vc14-debug-dynamic:sip_msg.obj
 0001:0001a3d0       pjsip_via_hdr_create       000000014001b3d0 f   pjsip-core-x86_64-x64-vc14-debug-dynamic:sip_msg.obj
 0001:0001a410       pjsip_via_hdr_init         000000014001b410 f   pjsip-core-x86_64-x64-vc14-debug-dynamic:sip_msg.obj
 0001:0001a490       pjsip_warning_hdr_create   000000014001b490 f   pjsip-core-x86_64-x64-vc14-debug-dynamic:sip_msg.obj
 0001:0001a570       pjsip_warning_hdr_create_from_status 000000014001b570 f   pjsip-core-x86_64-x64-vc14-debug-dynamic:sip_msg.obj
 0001:0001fb30       pjsip_transport_register_type 0000000140020b30 f   pjsip-core-x86_64-x64-vc14-debug-dynamic:sip_transport.obj
 0001:0001fd90       pjsip_transport_get_type_from_name 0000000140020d90 f   pjsip-core-x86_64-x64-vc14-debug-dynamic:sip_transport.obj
 0001:0001fe40       pjsip_transport_get_type_from_flag 0000000140020e40 f   pjsip-core-x86_64-x64-vc14-debug-dynamic:sip_transport.obj
 0001:0001fed0       pjsip_transport_type_get_af 0000000140020ed0 f   pjsip-core-x86_64-x64-vc14-debug-dynamic:sip_transport.obj
 0001:0001ff00       pjsip_transport_get_flag_from_type 0000000140020f00 f   pjsip-core-x86_64-x64-vc14-debug-dynamic:sip_transport.obj
 0001:0001ff20       pjsip_transport_get_default_port_for_type 0000000140020f20 f   pjsip-core-x86_64-x64-vc14-debug-dynamic:sip_transport.obj
 0001:0001ff40       pjsip_transport_get_type_name 0000000140020f40 f   pjsip-core-x86_64-x64-vc14-debug-dynamic:sip_transport.obj
 0001:0001ff60       pjsip_transport_get_type_desc 0000000140020f60 f   pjsip-core-x86_64-x64-vc14-debug-dynamic:sip_transport.obj
 0001:0001ff80       pjsip_tpselector_add_ref   0000000140020f80 f   pjsip-core-x86_64-x64-vc14-debug-dynamic:sip_transport.obj
 0001:0001ffd0       pjsip_tpselector_dec_ref   0000000140020fd0 f   pjsip-core-x86_64-x64-vc14-debug-dynamic:sip_transport.obj
 0001:00020020       pjsip_rx_data_get_info     0000000140021020 f   pjsip-core-x86_64-x64-vc14-debug-dynamic:sip_transport.obj
 0001:00020120       pjsip_rx_data_clone        0000000140021120 f   pjsip-core-x86_64-x64-vc14-debug-dynamic:sip_transport.obj
 0001:00020560       pjsip_rx_data_free_cloned  0000000140021560 f   pjsip-core-x86_64-x64-vc14-debug-dynamic:sip_transport.obj
 0001:000205d0       pjsip_tx_data_create       00000001400215d0 f   pjsip-core-x86_64-x64-vc14-debug-dynamic:sip_transport.obj
 0001:000207c0       pjsip_tx_data_add_ref      00000001400217c0 f   pjsip-core-x86_64-x64-vc14-debug-dynamic:sip_transport.obj
 0001:000207f0       pjsip_tx_data_dec_ref      00000001400217f0 f   pjsip-core-x86_64-x64-vc14-debug-dynamic:sip_transport.obj
 0001:000208b0       pjsip_tx_data_encode       00000001400218b0 f   pjsip-core-x86_64-x64-vc14-debug-dynamic:sip_transport.obj
 0001:00020a80       pjsip_tx_data_is_valid     0000000140021a80 f   pjsip-core-x86_64-x64-vc14-debug-dynamic:sip_transport.obj
 0001:00020ad0       pjsip_tx_data_invalidate_msg 0000000140021ad0 f   pjsip-core-x86_64-x64-vc14-debug-dynamic:sip_transport.obj
 0001:00020b10       pjsip_tx_data_get_info     0000000140021b10 f   pjsip-core-x86_64-x64-vc14-debug-dynamic:sip_transport.obj
 0001:00020bf0       pjsip_tx_data_set_transport 0000000140021bf0 f   pjsip-core-x86_64-x64-vc14-debug-dynamic:sip_transport.obj
 0001:00020cc0       pjsip_tx_data_clone        0000000140021cc0 f   pjsip-core-x86_64-x64-vc14-debug-dynamic:sip_transport.obj
 0001:00020e70       pjsip_transport_register   0000000140021e70 f   pjsip-core-x86_64-x64-vc14-debug-dynamic:sip_transport.obj
 0001:00021070       pjsip_transport_shutdown   0000000140022070 f   pjsip-core-x86_64-x64-vc14-debug-dynamic:sip_transport.obj
 0001:00021090       pjsip_transport_shutdown2  0000000140022090 f   pjsip-core-x86_64-x64-vc14-debug-dynamic:sip_transport.obj
 0001:00021220       pjsip_transport_destroy    0000000140022220 f   pjsip-core-x86_64-x64-vc14-debug-dynamic:sip_transport.obj
 0001:000212e0       pjsip_transport_add_ref    00000001400222e0 f   pjsip-core-x86_64-x64-vc14-debug-dynamic:sip_transport.obj
 0001:00021450       pjsip_transport_dec_ref    0000000140022450 f   pjsip-core-x86_64-x64-vc14-debug-dynamic:sip_transport.obj
 0001:000216e0       pjsip_tpmgr_receive_packet 00000001400226e0 f   pjsip-core-x86_64-x64-vc14-debug-dynamic:sip_transport.obj
 0001:000220f0       pjsip_tpmgr_register_tpfactory 00000001400230f0 f   pjsip-core-x86_64-x64-vc14-debug-dynamic:sip_transport.obj
 0001:000221b0       pjsip_tpmgr_unregister_tpfactory 00000001400231b0 f   pjsip-core-x86_64-x64-vc14-debug-dynamic:sip_transport.obj
 0001:00022230       pjsip_tpmgr_create         0000000140023230 f   pjsip-core-x86_64-x64-vc14-debug-dynamic:sip_transport.obj
 0001:00022510       pjsip_tpmgr_find_local_addr 0000000140023510 f   pjsip-core-x86_64-x64-vc14-debug-dynamic:sip_transport.obj
 0001:000225c0       pjsip_tpmgr_fla2_param_default 00000001400235c0 f   pjsip-core-x86_64-x64-vc14-debug-dynamic:sip_transport.obj
 0001:000225f0       pjsip_tpmgr_find_local_addr2 00000001400235f0 f   pjsip-core-x86_64-x64-vc14-debug-dynamic:sip_transport.obj
 0001:00022c60       pjsip_tpmgr_get_transport_count 0000000140023c60 f   pjsip-core-x86_64-x64-vc14-debug-dynamic:sip_transport.obj
 0001:00022d10       pjsip_tpmgr_destroy        0000000140023d10 f   pjsip-core-x86_64-x64-vc14-debug-dynamic:sip_transport.obj
 0001:00022f90       pjsip_tpmgr_dump_transports 0000000140023f90 f   pjsip-core-x86_64-x64-vc14-debug-dynamic:sip_transport.obj
 0001:000232e0       pjsip_tpmgr_acquire_transport 00000001400242e0 f   pjsip-core-x86_64-x64-vc14-debug-dynamic:sip_transport.obj
 0001:00023340       pjsip_tpmgr_acquire_transport2 0000000140024340 f   pjsip-core-x86_64-x64-vc14-debug-dynamic:sip_transport.obj
 0001:00023a30       pjsip_transport_send       0000000140024a30 f   pjsip-core-x86_64-x64-vc14-debug-dynamic:sip_transport.obj
 0001:00023cc0       pjsip_tpmgr_send_raw       0000000140024cc0 f   pjsip-core-x86_64-x64-vc14-debug-dynamic:sip_transport.obj
 0001:00023ee0       pjsip_tpmgr_set_state_cb   0000000140024ee0 f   pjsip-core-x86_64-x64-vc14-debug-dynamic:sip_transport.obj
 0001:00023f50       pjsip_tpmgr_get_state_cb   0000000140024f50 f   pjsip-core-x86_64-x64-vc14-debug-dynamic:sip_transport.obj
 0001:00023fb0       pjsip_transport_add_state_listener 0000000140024fb0 f   pjsip-core-x86_64-x64-vc14-debug-dynamic:sip_transport.obj
 0001:00024120       pjsip_transport_remove_state_listener 0000000140025120 f   pjsip-core-x86_64-x64-vc14-debug-dynamic:sip_transport.obj
 0001:00024280       pjsip_tpmgr_set_drop_data_cb 0000000140025280 f   pjsip-core-x86_64-x64-vc14-debug-dynamic:sip_transport.obj
 0001:00026430       pjsip_endpt_create         0000000140027430 f   pjsip-core-x86_64-x64-vc14-debug-dynamic:sip_endpoint.obj
 0001:000268e0       pjsip_endpt_destroy        00000001400278e0 f   pjsip-core-x86_64-x64-vc14-debug-dynamic:sip_endpoint.obj
 0001:00026a90       pjsip_endpt_name           0000000140027a90 f   pjsip-core-x86_64-x64-vc14-debug-dynamic:sip_endpoint.obj
 0001:00026ab0       pjsip_endpt_handle_events  0000000140027ab0 f   pjsip-core-x86_64-x64-vc14-debug-dynamic:sip_endpoint.obj
 0001:00026ae0       pjsip_endpt_handle_events2 0000000140027ae0 f   pjsip-core-x86_64-x64-vc14-debug-dynamic:sip_endpoint.obj
 0001:00026cc0       pjsip_endpt_schedule_timer_dbg 0000000140027cc0 f   pjsip-core-x86_64-x64-vc14-debug-dynamic:sip_endpoint.obj
 0001:00026d20       pjsip_endpt_schedule_timer_w_grp_lock_dbg 0000000140027d20 f   pjsip-core-x86_64-x64-vc14-debug-dynamic:sip_endpoint.obj
 0001:00026d90       pjsip_endpt_cancel_timer   0000000140027d90 f   pjsip-core-x86_64-x64-vc14-debug-dynamic:sip_endpoint.obj
 0001:00026dd0       pjsip_endpt_get_timer_heap 0000000140027dd0 f   pjsip-core-x86_64-x64-vc14-debug-dynamic:sip_endpoint.obj
 0001:00026df0       pjsip_endpt_register_module 0000000140027df0 f   pjsip-core-x86_64-x64-vc14-debug-dynamic:sip_endpoint.obj
 0001:00027090       pjsip_endpt_unregister_module 0000000140028090 f   pjsip-core-x86_64-x64-vc14-debug-dynamic:sip_endpoint.obj
 0001:000272d0       pjsip_process_rdata_param_default 00000001400282d0 f   pjsip-core-x86_64-x64-vc14-debug-dynamic:sip_endpoint.obj
 0001:00027300       pjsip_endpt_process_rx_data 0000000140028300 f   pjsip-core-x86_64-x64-vc14-debug-dynamic:sip_endpoint.obj
 0001:000275f0       pjsip_endpt_create_pool    00000001400285f0 f   pjsip-core-x86_64-x64-vc14-debug-dynamic:sip_endpoint.obj
 0001:00027680       pjsip_endpt_release_pool   0000000140028680 f   pjsip-core-x86_64-x64-vc14-debug-dynamic:sip_endpoint.obj
 0001:000276b0       pjsip_endpt_create_tdata   00000001400286b0 f   pjsip-core-x86_64-x64-vc14-debug-dynamic:sip_endpoint.obj
 0001:000276e0       pjsip_endpt_create_resolver 00000001400286e0 f   pjsip-core-x86_64-x64-vc14-debug-dynamic:sip_endpoint.obj
 0001:00027780       pjsip_endpt_set_resolver   0000000140028780 f   pjsip-core-x86_64-x64-vc14-debug-dynamic:sip_endpoint.obj
 0001:000277b0       pjsip_endpt_set_ext_resolver 00000001400287b0 f   pjsip-core-x86_64-x64-vc14-debug-dynamic:sip_endpoint.obj
 0001:000277e0       pjsip_endpt_get_resolver   00000001400287e0 f   pjsip-core-x86_64-x64-vc14-debug-dynamic:sip_endpoint.obj
 0001:00027840       pjsip_endpt_resolve        0000000140028840 f   pjsip-core-x86_64-x64-vc14-debug-dynamic:sip_endpoint.obj
 0001:00027890       pjsip_endpt_get_tpmgr      0000000140028890 f   pjsip-core-x86_64-x64-vc14-debug-dynamic:sip_endpoint.obj
 0001:000278b0       pjsip_endpt_get_ioqueue    00000001400288b0 f   pjsip-core-x86_64-x64-vc14-debug-dynamic:sip_endpoint.obj
 0001:000278d0       pjsip_endpt_acquire_transport 00000001400288d0 f   pjsip-core-x86_64-x64-vc14-debug-dynamic:sip_endpoint.obj
 0001:00027930       pjsip_endpt_acquire_transport2 0000000140028930 f   pjsip-core-x86_64-x64-vc14-debug-dynamic:sip_endpoint.obj
 0001:00027990       pjsip_endpt_get_capability 0000000140028990 f   pjsip-core-x86_64-x64-vc14-debug-dynamic:sip_endpoint.obj
 0001:00027a80       pjsip_endpt_has_capability 0000000140028a80 f   pjsip-core-x86_64-x64-vc14-debug-dynamic:sip_endpoint.obj
 0001:00027b50       pjsip_endpt_add_capability 0000000140028b50 f   pjsip-core-x86_64-x64-vc14-debug-dynamic:sip_endpoint.obj
 0001:00027d80       pjsip_endpt_get_request_headers 0000000140028d80 f   pjsip-core-x86_64-x64-vc14-debug-dynamic:sip_endpoint.obj
 0001:00027da0       pjsip_endpt_dump           0000000140028da0 f   pjsip-core-x86_64-x64-vc14-debug-dynamic:sip_endpoint.obj
 0001:00027ec0       pjsip_endpt_atexit         0000000140028ec0 f   pjsip-core-x86_64-x64-vc14-debug-dynamic:sip_endpoint.obj
 0001:00027f80       pjsip_endpt_log_error      0000000140028f80 f   pjsip-core-x86_64-x64-vc14-debug-dynamic:sip_endpoint.obj
 0001:00029200       pjsip_target_set_add_uri   000000014002a200 f   pjsip-core-x86_64-x64-vc14-debug-dynamic:sip_util.obj
 0001:00029390       pjsip_target_set_add_from_msg 000000014002a390 f   pjsip-core-x86_64-x64-vc14-debug-dynamic:sip_util.obj
 0001:000294c0       pjsip_target_set_get_next  000000014002a4c0 f   pjsip-core-x86_64-x64-vc14-debug-dynamic:sip_util.obj
 0001:00029560       pjsip_target_set_set_current 000000014002a560 f   pjsip-core-x86_64-x64-vc14-debug-dynamic:sip_util.obj
 0001:00029630       pjsip_target_assign_status 000000014002a630 f   pjsip-core-x86_64-x64-vc14-debug-dynamic:sip_util.obj
 0001:000296f0       pjsip_endpt_create_request 000000014002a6f0 f   pjsip-core-x86_64-x64-vc14-debug-dynamic:sip_util.obj
 0001:00029b20       pjsip_endpt_create_request_from_hdr 000000014002ab20 f   pjsip-core-x86_64-x64-vc14-debug-dynamic:sip_util.obj
 0001:00029ec0       pjsip_endpt_create_response 000000014002aec0 f   pjsip-core-x86_64-x64-vc14-debug-dynamic:sip_util.obj
 0001:0002a360       pjsip_endpt_create_ack     000000014002b360 f   pjsip-core-x86_64-x64-vc14-debug-dynamic:sip_util.obj
 0001:0002a750       pjsip_endpt_create_cancel  000000014002b750 f   pjsip-core-x86_64-x64-vc14-debug-dynamic:sip_util.obj
 0001:0002abe0       pjsip_get_dest_info        000000014002bbe0 f   pjsip-core-x86_64-x64-vc14-debug-dynamic:sip_util.obj
 0001:0002aec0       pjsip_get_request_dest     000000014002bec0 f   pjsip-core-x86_64-x64-vc14-debug-dynamic:sip_util.obj
 0001:0002afe0       pjsip_process_route_set    000000014002bfe0 f   pjsip-core-x86_64-x64-vc14-debug-dynamic:sip_util.obj
 0001:0002b410       pjsip_restore_strict_route_set 000000014002c410 f   pjsip-core-x86_64-x64-vc14-debug-dynamic:sip_util.obj
 0001:0002b550       pjsip_endpt_send_request_stateless 000000014002c550 f   pjsip-core-x86_64-x64-vc14-debug-dynamic:sip_util.obj
 0001:0002b6e0       pjsip_endpt_send_raw       000000014002c6e0 f   pjsip-core-x86_64-x64-vc14-debug-dynamic:sip_util.obj
 0001:0002b770       pjsip_endpt_send_raw_to_uri 000000014002c770 f   pjsip-core-x86_64-x64-vc14-debug-dynamic:sip_util.obj
 0001:0002b9f0       pjsip_get_response_addr    000000014002c9f0 f   pjsip-core-x86_64-x64-vc14-debug-dynamic:sip_util.obj
 0001:0002be20       pjsip_endpt_send_response  000000014002ce20 f   pjsip-core-x86_64-x64-vc14-debug-dynamic:sip_util.obj
 0001:0002bfd0       pjsip_endpt_send_response2 000000014002cfd0 f   pjsip-core-x86_64-x64-vc14-debug-dynamic:sip_util.obj
 0001:0002c090       pjsip_endpt_respond_stateless 000000014002d090 f   pjsip-core-x86_64-x64-vc14-debug-dynamic:sip_util.obj
 0001:0002c350       pjsip_event_str            000000014002d350 f   pjsip-core-x86_64-x64-vc14-debug-dynamic:sip_util.obj
 0001:0002e850       pjsip_endpt_respond        000000014002f850 f   pjsip-core-x86_64-x64-vc14-debug-dynamic:sip_util_statefull.obj
 0001:0002ea50       pjsip_endpt_send_request   000000014002fa50 f   pjsip-core-x86_64-x64-vc14-debug-dynamic:sip_util_statefull.obj
 0001:0002ed90       pjsip_udp_transport_cfg_default 000000014002fd90 f   pjsip-core-x86_64-x64-vc14-debug-dynamic:sip_transport_udp.obj
 0001:0002edf0       pjsip_udp_transport_start2 000000014002fdf0 f   pjsip-core-x86_64-x64-vc14-debug-dynamic:sip_transport_udp.obj
 0001:0002f040       pjsip_udp_transport_start  0000000140030040 f   pjsip-core-x86_64-x64-vc14-debug-dynamic:sip_transport_udp.obj
 0001:0002f110       pjsip_udp_transport_start6 0000000140030110 f   pjsip-core-x86_64-x64-vc14-debug-dynamic:sip_transport_udp.obj
 0001:0002f1e0       pjsip_udp_transport_attach 00000001400301e0 f   pjsip-core-x86_64-x64-vc14-debug-dynamic:sip_transport_udp.obj
 0001:0002f230       pjsip_udp_transport_attach2 0000000140030230 f   pjsip-core-x86_64-x64-vc14-debug-dynamic:sip_transport_udp.obj
 0001:0002f280       pjsip_udp_transport_get_socket 0000000140030280 f   pjsip-core-x86_64-x64-vc14-debug-dynamic:sip_transport_udp.obj
 0001:0002f2f0       pjsip_udp_transport_pause  00000001400302f0 f   pjsip-core-x86_64-x64-vc14-debug-dynamic:sip_transport_udp.obj
 0001:0002f500       pjsip_udp_transport_restart 0000000140030500 f   pjsip-core-x86_64-x64-vc14-debug-dynamic:sip_transport_udp.obj
 0001:0002f550       pjsip_udp_transport_restart2 0000000140030550 f   pjsip-core-x86_64-x64-vc14-debug-dynamic:sip_transport_udp.obj
 0001:00031ec0       pjsip_tcp_transport_cfg_default 0000000140032ec0 f   pjsip-core-x86_64-x64-vc14-debug-dynamic:sip_transport_tcp.obj
 0001:00031f40       pjsip_tcp_transport_start  0000000140032f40 f   pjsip-core-x86_64-x64-vc14-debug-dynamic:sip_transport_tcp.obj
 0001:00031f90       pjsip_tcp_transport_start2 0000000140032f90 f   pjsip-core-x86_64-x64-vc14-debug-dynamic:sip_transport_tcp.obj
 0001:00032080       pjsip_tcp_transport_start3 0000000140033080 f   pjsip-core-x86_64-x64-vc14-debug-dynamic:sip_transport_tcp.obj
 0001:00032430       pjsip_tcp_transport_get_socket 0000000140033430 f   pjsip-core-x86_64-x64-vc14-debug-dynamic:sip_transport_tcp.obj
 0001:000324a0       pjsip_tcp_transport_lis_start 00000001400334a0 f   pjsip-core-x86_64-x64-vc14-debug-dynamic:sip_transport_tcp.obj
 0001:00032800       pjsip_tcp_transport_restart 0000000140033800 f   pjsip-core-x86_64-x64-vc14-debug-dynamic:sip_transport_tcp.obj
 0001:00036480       pjsip_tsx_layer_init_module 0000000140037480 f   pjsip-core-x86_64-x64-vc14-debug-dynamic:sip_transaction.obj
 0001:000366d0       pjsip_tsx_layer_instance   00000001400376d0 f   pjsip-core-x86_64-x64-vc14-debug-dynamic:sip_transaction.obj
 0001:000366e0       pjsip_tsx_layer_destroy    00000001400376e0 f   pjsip-core-x86_64-x64-vc14-debug-dynamic:sip_transaction.obj
 0001:00036740       pjsip_tsx_layer_get_tsx_count 0000000140037740 f   pjsip-core-x86_64-x64-vc14-debug-dynamic:sip_transaction.obj
 0001:000367c0       pjsip_tsx_layer_find_tsx   00000001400377c0 f   pjsip-core-x86_64-x64-vc14-debug-dynamic:sip_transaction.obj
 0001:000367f0       pjsip_tsx_layer_find_tsx2  00000001400377f0 f   pjsip-core-x86_64-x64-vc14-debug-dynamic:sip_transaction.obj
 0001:00036820       pjsip_tsx_create_uac       0000000140037820 f   pjsip-core-x86_64-x64-vc14-debug-dynamic:sip_transaction.obj
 0001:00036860       pjsip_tsx_create_uac2      0000000140037860 f   pjsip-core-x86_64-x64-vc14-debug-dynamic:sip_transaction.obj
 0001:00036d80       pjsip_tsx_create_uas       0000000140037d80 f   pjsip-core-x86_64-x64-vc14-debug-dynamic:sip_transaction.obj
 0001:00036dc0       pjsip_tsx_create_uas2      0000000140037dc0 f   pjsip-core-x86_64-x64-vc14-debug-dynamic:sip_transaction.obj
 0001:00037280       pjsip_tsx_set_transport    0000000140038280 f   pjsip-core-x86_64-x64-vc14-debug-dynamic:sip_transaction.obj
 0001:00037350       pjsip_tsx_recv_msg         0000000140038350 f   pjsip-core-x86_64-x64-vc14-debug-dynamic:sip_transaction.obj
 0001:00037450       pjsip_tsx_send_msg         0000000140038450 f   pjsip-core-x86_64-x64-vc14-debug-dynamic:sip_transaction.obj
 0001:000375d0       pjsip_tsx_retransmit_no_state 00000001400385d0 f   pjsip-core-x86_64-x64-vc14-debug-dynamic:sip_transaction.obj
 0001:00037650       pjsip_tsx_create_key       0000000140038650 f   pjsip-core-x86_64-x64-vc14-debug-dynamic:sip_transaction.obj
 0001:00037710       pjsip_tsx_terminate        0000000140038710 f   pjsip-core-x86_64-x64-vc14-debug-dynamic:sip_transaction.obj
 0001:00037830       pjsip_tsx_stop_retransmit  0000000140038830 f   pjsip-core-x86_64-x64-vc14-debug-dynamic:sip_transaction.obj
 0001:00037940       pjsip_tsx_set_timeout      0000000140038940 f   pjsip-core-x86_64-x64-vc14-debug-dynamic:sip_transaction.obj
 0001:00037a90       pjsip_rdata_get_tsx        0000000140038a90 f   pjsip-core-x86_64-x64-vc14-debug-dynamic:sip_transaction.obj
 0001:00037ab0       pjsip_tsx_layer_dump       0000000140038ab0 f   pjsip-core-x86_64-x64-vc14-debug-dynamic:sip_transaction.obj
 0001:00037c50       pjsip_tsx_state_str        0000000140038c50 f   pjsip-core-x86_64-x64-vc14-debug-dynamic:sip_transaction.obj
 0001:00037c70       pjsip_role_name            0000000140038c70 f   pjsip-core-x86_64-x64-vc14-debug-dynamic:sip_transaction.obj
 0001:0003dd40       pjsip_ua_init_module       000000014003ed40 f   pjsip-core-x86_64-x64-vc14-debug-dynamic:sip_ua_layer.obj
 0001:0003ddd0       pjsip_ua_instance          000000014003edd0 f   pjsip-core-x86_64-x64-vc14-debug-dynamic:sip_ua_layer.obj
 0001:0003dde0       pjsip_ua_get_dlg_set_count 000000014003ede0 f   pjsip-core-x86_64-x64-vc14-debug-dynamic:sip_ua_layer.obj
 0001:0003de60       pjsip_ua_find_dialog       000000014003ee60 f   pjsip-core-x86_64-x64-vc14-debug-dynamic:sip_ua_layer.obj
 0001:0003e030       pjsip_ua_destroy           000000014003f030 f   pjsip-core-x86_64-x64-vc14-debug-dynamic:sip_ua_layer.obj
 0001:0003e090       pjsip_ua_dump              000000014003f090 f   pjsip-core-x86_64-x64-vc14-debug-dynamic:sip_ua_layer.obj
 0001:0003e290       pjsip_ua_get_endpt         000000014003f290 f   pjsip-core-x86_64-x64-vc14-debug-dynamic:sip_ua_layer.obj
 0001:0003e2e0       pjsip_ua_register_dlg      000000014003f2e0 f   pjsip-core-x86_64-x64-vc14-debug-dynamic:sip_ua_layer.obj
 0001:0003e5d0       pjsip_ua_unregister_dlg    000000014003f5d0 f   pjsip-core-x86_64-x64-vc14-debug-dynamic:sip_ua_layer.obj
 0001:0003e810       pjsip_rdata_get_dlg        000000014003f810 f   pjsip-core-x86_64-x64-vc14-debug-dynamic:sip_ua_layer.obj
 0001:0003e830       pjsip_tdata_get_dlg        000000014003f830 f   pjsip-core-x86_64-x64-vc14-debug-dynamic:sip_ua_layer.obj
 0001:0003e850       pjsip_tsx_get_dlg          000000014003f850 f   pjsip-core-x86_64-x64-vc14-debug-dynamic:sip_ua_layer.obj
 0001:0003fd00       pjsip_method_creates_dialog 0000000140040d00 f   pjsip-core-x86_64-x64-vc14-debug-dynamic:sip_dialog.obj
 0001:0003fe10       pjsip_dlg_create_uac       0000000140040e10 f   pjsip-core-x86_64-x64-vc14-debug-dynamic:sip_dialog.obj
 0001:0003ff60       pjsip_dlg_create_uac2      0000000140040f60 f   pjsip-core-x86_64-x64-vc14-debug-dynamic:sip_dialog.obj
 0001:00040710       pjsip_dlg_create_uas_and_inc_lock 0000000140041710 f   pjsip-core-x86_64-x64-vc14-debug-dynamic:sip_dialog.obj
 0001:00040760       pjsip_dlg_set_transport    0000000140041760 f   pjsip-core-x86_64-x64-vc14-debug-dynamic:sip_dialog.obj
 0001:00040820       pjsip_dlg_set_via_sent_by  0000000140041820 f   pjsip-core-x86_64-x64-vc14-debug-dynamic:sip_dialog.obj
 0001:00040910       pjsip_dlg_fork             0000000140041910 f   pjsip-core-x86_64-x64-vc14-debug-dynamic:sip_dialog.obj
 0001:00040e90       pjsip_dlg_terminate        0000000140041e90 f   pjsip-core-x86_64-x64-vc14-debug-dynamic:sip_dialog.obj
 0001:00040f40       pjsip_dlg_set_route_set    0000000140041f40 f   pjsip-core-x86_64-x64-vc14-debug-dynamic:sip_dialog.obj
 0001:00041030       pjsip_dlg_inc_session      0000000140042030 f   pjsip-core-x86_64-x64-vc14-debug-dynamic:sip_dialog.obj
 0001:00041120       pjsip_dlg_dec_session      0000000140042120 f   pjsip-core-x86_64-x64-vc14-debug-dynamic:sip_dialog.obj
 0001:00041200       pjsip_dlg_add_usage        0000000140042200 f   pjsip-core-x86_64-x64-vc14-debug-dynamic:sip_dialog.obj
 0001:000414a0       pjsip_dlg_has_usage        00000001400424a0 f   pjsip-core-x86_64-x64-vc14-debug-dynamic:sip_dialog.obj
 0001:00041530       pjsip_dlg_set_mod_data     0000000140042530 f   pjsip-core-x86_64-x64-vc14-debug-dynamic:sip_dialog.obj
 0001:000415f0       pjsip_dlg_get_mod_data     00000001400425f0 f   pjsip-core-x86_64-x64-vc14-debug-dynamic:sip_dialog.obj
 0001:000416a0       pjsip_dlg_inc_lock         00000001400426a0 f   pjsip-core-x86_64-x64-vc14-debug-dynamic:sip_dialog.obj
 0001:000416f0       pjsip_dlg_try_inc_lock     00000001400426f0 f   pjsip-core-x86_64-x64-vc14-debug-dynamic:sip_dialog.obj
 0001:00041760       pjsip_dlg_dec_lock         0000000140042760 f   pjsip-core-x86_64-x64-vc14-debug-dynamic:sip_dialog.obj
 0001:00041860       pjsip_dlg_get_lock         0000000140042860 f   pjsip-core-x86_64-x64-vc14-debug-dynamic:sip_dialog.obj
 0001:000418c0       pjsip_dlg_create_request   00000001400428c0 f   pjsip-core-x86_64-x64-vc14-debug-dynamic:sip_dialog.obj
 0001:00041a60       pjsip_dlg_send_request     0000000140042a60 f   pjsip-core-x86_64-x64-vc14-debug-dynamic:sip_dialog.obj
 0001:00041e40       pjsip_dlg_create_response  0000000140042e40 f   pjsip-core-x86_64-x64-vc14-debug-dynamic:sip_dialog.obj
 0001:00041f00       pjsip_dlg_modify_response  0000000140042f00 f   pjsip-core-x86_64-x64-vc14-debug-dynamic:sip_dialog.obj
 0001:00042130       pjsip_dlg_send_response    0000000140043130 f   pjsip-core-x86_64-x64-vc14-debug-dynamic:sip_dialog.obj
 0001:00042490       pjsip_dlg_respond          0000000140043490 f   pjsip-core-x86_64-x64-vc14-debug-dynamic:sip_dialog.obj
 0001:000426f0       pjsip_dlg_remote_has_cap   00000001400436f0 f   pjsip-core-x86_64-x64-vc14-debug-dynamic:sip_dialog.obj
 0001:00042800       pjsip_dlg_get_remote_cap_hdr 0000000140043800 f   pjsip-core-x86_64-x64-vc14-debug-dynamic:sip_dialog.obj
 0001:00042950       pjsip_dlg_set_remote_cap_hdr 0000000140043950 f   pjsip-core-x86_64-x64-vc14-debug-dynamic:sip_dialog.obj
 0001:00042b00       pjsip_dlg_remove_remote_cap_hdr 0000000140043b00 f   pjsip-core-x86_64-x64-vc14-debug-dynamic:sip_dialog.obj
 0001:00042c10       pjsip_dlg_update_remote_cap 0000000140043c10 f   pjsip-core-x86_64-x64-vc14-debug-dynamic:sip_dialog.obj
 0001:00042e70       pjsip_dlg_on_tsx_state     0000000140043e70 f   pjsip-core-x86_64-x64-vc14-debug-dynamic:sip_dialog.obj
 0001:00042ff0       pjsip_dlg_on_rx_request    0000000140043ff0 f   pjsip-core-x86_64-x64-vc14-debug-dynamic:sip_dialog.obj
 0001:00043550       pjsip_dlg_on_rx_response   0000000140044550 f   pjsip-core-x86_64-x64-vc14-debug-dynamic:sip_dialog.obj
 0001:00043eb0       create_uas_dialog          0000000140044eb0 f   pjsip-core-x86_64-x64-vc14-debug-dynamic:sip_dialog.obj
 0001:000466a0       pjsip_auth_clt_pref_dup    00000001400476a0 f   pjsip-core-x86_64-x64-vc14-debug-dynamic:sip_auth_client.obj
 0001:00046700       pjsip_cred_info_dup        0000000140047700 f   pjsip-core-x86_64-x64-vc14-debug-dynamic:sip_auth_client.obj
 0001:00046830       pjsip_cred_info_cmp        0000000140047830 f   pjsip-core-x86_64-x64-vc14-debug-dynamic:sip_auth_client.obj
 0001:000469a0       pjsip_auth_clt_init        00000001400479a0 f   pjsip-core-x86_64-x64-vc14-debug-dynamic:sip_auth_client.obj
 0001:00046a80       pjsip_auth_clt_deinit      0000000140047a80 f   pjsip-core-x86_64-x64-vc14-debug-dynamic:sip_auth_client.obj
 0001:00046b30       pjsip_auth_clt_clone       0000000140047b30 f   pjsip-core-x86_64-x64-vc14-debug-dynamic:sip_auth_client.obj
 0001:00046d70       pjsip_auth_clt_set_credentials 0000000140047d70 f   pjsip-core-x86_64-x64-vc14-debug-dynamic:sip_auth_client.obj
 0001:00047260       pjsip_auth_clt_set_prefs   0000000140048260 f   pjsip-core-x86_64-x64-vc14-debug-dynamic:sip_auth_client.obj
 0001:00047310       pjsip_auth_clt_get_prefs   0000000140048310 f   pjsip-core-x86_64-x64-vc14-debug-dynamic:sip_auth_client.obj
 0001:00047390       pjsip_auth_clt_init_req    0000000140048390 f   pjsip-core-x86_64-x64-vc14-debug-dynamic:sip_auth_client.obj
 0001:00047800       pjsip_auth_clt_reinit_req  0000000140048800 f   pjsip-core-x86_64-x64-vc14-debug-dynamic:sip_auth_client.obj
 0001:00047d10       pjsip_auth_create_digest   0000000140048d10 f   pjsip-core-x86_64-x64-vc14-debug-dynamic:sip_auth_client.obj
 0001:0004a2b0       pjsip_register_hdr_parser  000000014004b2b0 f   pjsip-core-x86_64-x64-vc14-debug-dynamic:sip_parser.obj
 0001:0004a430       pjsip_register_uri_parser  000000014004b430 f   pjsip-core-x86_64-x64-vc14-debug-dynamic:sip_parser.obj
 0001:0004a4c0       pjsip_parse_uri            000000014004b4c0 f   pjsip-core-x86_64-x64-vc14-debug-dynamic:sip_parser.obj
 0001:0004a5f0       pjsip_parse_status_line    000000014004b5f0 f   pjsip-core-x86_64-x64-vc14-debug-dynamic:sip_parser.obj
 0001:0004a700       pjsip_parse_msg            000000014004b700 f   pjsip-core-x86_64-x64-vc14-debug-dynamic:sip_parser.obj
 0001:0004a7b0       pjsip_parse_rdata          000000014004b7b0 f   pjsip-core-x86_64-x64-vc14-debug-dynamic:sip_parser.obj
 0001:0004a870       pjsip_find_msg             000000014004b870 f   pjsip-core-x86_64-x64-vc14-debug-dynamic:sip_parser.obj
 0001:0004ac50       pjsip_parse_hdr            000000014004bc50 f   pjsip-core-x86_64-x64-vc14-debug-dynamic:sip_parser.obj
 0001:0004ae00       pjsip_parse_headers        000000014004be00 f   pjsip-core-x86_64-x64-vc14-debug-dynamic:sip_parser.obj
 0001:0004b0f0       pjsip_parser_const         000000014004c0f0 f   pjsip-core-x86_64-x64-vc14-debug-dynamic:sip_parser.obj
 0001:0004b100       pjsip_parse_param_imp      000000014004c100 f   pjsip-core-x86_64-x64-vc14-debug-dynamic:sip_parser.obj
 0001:0004b160       pjsip_parse_uri_param_imp  000000014004c160 f   pjsip-core-x86_64-x64-vc14-debug-dynamic:sip_parser.obj
 0001:0004b1c0       pjsip_concat_param_imp     000000014004c1c0 f   pjsip-core-x86_64-x64-vc14-debug-dynamic:sip_parser.obj
 0001:0004b340       pjsip_parse_end_hdr_imp    000000014004c340 f   pjsip-core-x86_64-x64-vc14-debug-dynamic:sip_parser.obj
 0001:0004b360       pjsip_parse_generic_array_hdr_imp 000000014004c360 f   pjsip-core-x86_64-x64-vc14-debug-dynamic:sip_parser.obj
 0001:0004ea50       init_sip_parser            000000014004fa50 f   pjsip-core-x86_64-x64-vc14-debug-dynamic:sip_parser.obj
 0001:0004ea90       deinit_sip_parser          000000014004fa90 f   pjsip-core-x86_64-x64-vc14-debug-dynamic:sip_parser.obj
 0001:00051690       pjsip_multipart_create     0000000140052690 f   pjsip-core-x86_64-x64-vc14-debug-dynamic:sip_multipart.obj
 0001:000518b0       pjsip_multipart_create_part 00000001400528b0 f   pjsip-core-x86_64-x64-vc14-debug-dynamic:sip_multipart.obj
 0001:000518f0       pjsip_multipart_clone_part 00000001400528f0 f   pjsip-core-x86_64-x64-vc14-debug-dynamic:sip_multipart.obj
 0001:00051990       pjsip_multipart_add_part   0000000140052990 f   pjsip-core-x86_64-x64-vc14-debug-dynamic:sip_multipart.obj
 0001:00051af0       pjsip_multipart_get_first_part 0000000140052af0 f   pjsip-core-x86_64-x64-vc14-debug-dynamic:sip_multipart.obj
 0001:00051bc0       pjsip_multipart_get_next_part 0000000140052bc0 f   pjsip-core-x86_64-x64-vc14-debug-dynamic:sip_multipart.obj
 0001:00051d00       pjsip_multipart_find_part  0000000140052d00 f   pjsip-core-x86_64-x64-vc14-debug-dynamic:sip_multipart.obj
 0001:00051e30       pjsip_multipart_parse      0000000140052e30 f   pjsip-core-x86_64-x64-vc14-debug-dynamic:sip_multipart.obj
 0001:00052420       pjsip_multipart_get_raw    0000000140053420 f   pjsip-core-x86_64-x64-vc14-debug-dynamic:sip_multipart.obj
 0001:00053a60       pjsip_param_find           0000000140054a60 f   pjsip-core-x86_64-x64-vc14-debug-dynamic:sip_uri.obj
 0001:00053ad0       pjsip_param_cmp            0000000140054ad0 f   pjsip-core-x86_64-x64-vc14-debug-dynamic:sip_uri.obj
 0001:00053bc0       pjsip_param_clone          0000000140054bc0 f   pjsip-core-x86_64-x64-vc14-debug-dynamic:sip_uri.obj
 0001:00053c90       pjsip_param_shallow_clone  0000000140054c90 f   pjsip-core-x86_64-x64-vc14-debug-dynamic:sip_uri.obj
 0001:00053d40       pjsip_param_print_on       0000000140054d40 f   pjsip-core-x86_64-x64-vc14-debug-dynamic:sip_uri.obj
 0001:000540d0       pjsip_sip_uri_create       00000001400550d0 f   pjsip-core-x86_64-x64-vc14-debug-dynamic:sip_uri.obj
 0001:00054110       pjsip_sip_uri_set_secure   0000000140055110 f   pjsip-core-x86_64-x64-vc14-debug-dynamic:sip_uri.obj
 0001:00054160       pjsip_sip_uri_init         0000000140055160 f   pjsip-core-x86_64-x64-vc14-debug-dynamic:sip_uri.obj
 0001:000541d0       pjsip_sip_uri_assign       00000001400551d0 f   pjsip-core-x86_64-x64-vc14-debug-dynamic:sip_uri.obj
 0001:00054360       pjsip_name_addr_create     0000000140055360 f   pjsip-core-x86_64-x64-vc14-debug-dynamic:sip_uri.obj
 0001:000543a0       pjsip_name_addr_init       00000001400553a0 f   pjsip-core-x86_64-x64-vc14-debug-dynamic:sip_uri.obj
 0001:000543f0       pjsip_name_addr_assign     00000001400553f0 f   pjsip-core-x86_64-x64-vc14-debug-dynamic:sip_uri.obj
 0001:00054450       pjsip_other_uri_create     0000000140055450 f   pjsip-core-x86_64-x64-vc14-debug-dynamic:sip_uri.obj
 0001:000568d0       pjsip_resolver_create      00000001400578d0 f   pjsip-core-x86_64-x64-vc14-debug-dynamic:sip_resolve.obj
 0001:00056960       pjsip_resolver_set_resolver 0000000140057960 f   pjsip-core-x86_64-x64-vc14-debug-dynamic:sip_resolve.obj
 0001:00056980       pjsip_resolver_set_ext_resolver 0000000140057980 f   pjsip-core-x86_64-x64-vc14-debug-dynamic:sip_resolve.obj
 0001:00056a00       pjsip_resolver_get_resolver 0000000140057a00 f   pjsip-core-x86_64-x64-vc14-debug-dynamic:sip_resolve.obj
 0001:00056a20       pjsip_resolver_destroy     0000000140057a20 f   pjsip-core-x86_64-x64-vc14-debug-dynamic:sip_resolve.obj
 0001:00056a60       pjsip_resolve              0000000140057a60 f   pjsip-core-x86_64-x64-vc14-debug-dynamic:sip_resolve.obj
 0001:00058550       pjsip_strerror             0000000140059550 f   pjsip-core-x86_64-x64-vc14-debug-dynamic:sip_errno.obj
 0001:00058940       pjsip_tel_uri_create       0000000140059940 f   pjsip-core-x86_64-x64-vc14-debug-dynamic:sip_tel_uri.obj
 0001:00058990       pjsip_tel_nb_cmp           0000000140059990 f   pjsip-core-x86_64-x64-vc14-debug-dynamic:sip_tel_uri.obj
 0001:00059780       pjsip_tel_uri_subsys_init  000000014005a780 f   pjsip-core-x86_64-x64-vc14-debug-dynamic:sip_tel_uri.obj
 0001:0005a0c0       pjsip_authorization_hdr_create 000000014005b0c0 f   pjsip-core-x86_64-x64-vc14-debug-dynamic:sip_auth_msg.obj
 0001:0005a120       pjsip_proxy_authorization_hdr_create 000000014005b120 f   pjsip-core-x86_64-x64-vc14-debug-dynamic:sip_auth_msg.obj
 0001:0005a180       pjsip_www_authenticate_hdr_create 000000014005b180 f   pjsip-core-x86_64-x64-vc14-debug-dynamic:sip_auth_msg.obj
 0001:0005a1e0       pjsip_proxy_authenticate_hdr_create 000000014005b1e0 f   pjsip-core-x86_64-x64-vc14-debug-dynamic:sip_auth_msg.obj
 0001:0005d750       pjsip_auth_init_parser     000000014005e750 f   pjsip-core-x86_64-x64-vc14-debug-dynamic:sip_auth_parser.obj
 0001:0005d8b0       pjsip_auth_deinit_parser   000000014005e8b0 f   pjsip-core-x86_64-x64-vc14-debug-dynamic:sip_auth_parser.obj
 0001:0005e630       pjmedia_sdp_attr_create    000000014005f630 f   pjmedia-x86_64-x64-vc14-debug-dynamic:sdp.obj
 0001:0005e710       pjmedia_sdp_attr_clone     000000014005f710 f   pjmedia-x86_64-x64-vc14-debug-dynamic:sdp.obj
 0001:0005e7d0       pjmedia_sdp_attr_find      000000014005f7d0 f   pjmedia-x86_64-x64-vc14-debug-dynamic:sdp.obj
 0001:0005e8e0       pjmedia_sdp_attr_find2     000000014005f8e0 f   pjmedia-x86_64-x64-vc14-debug-dynamic:sdp.obj
 0001:0005e940       pjmedia_sdp_attr_add       000000014005f940 f   pjmedia-x86_64-x64-vc14-debug-dynamic:sdp.obj
 0001:0005ea20       pjmedia_sdp_attr_remove_all 000000014005fa20 f   pjmedia-x86_64-x64-vc14-debug-dynamic:sdp.obj
 0001:0005eb80       pjmedia_sdp_attr_remove    000000014005fb80 f   pjmedia-x86_64-x64-vc14-debug-dynamic:sdp.obj
 0001:0005ecd0       pjmedia_sdp_attr_to_rtpmap 000000014005fcd0 f   pjmedia-x86_64-x64-vc14-debug-dynamic:sdp.obj
 0001:0005edb0       pjmedia_sdp_attr_get_rtpmap 000000014005fdb0 f   pjmedia-x86_64-x64-vc14-debug-dynamic:sdp.obj
 0001:0005f130       pjmedia_sdp_rtpmap_to_attr 0000000140060130 f   pjmedia-x86_64-x64-vc14-debug-dynamic:sdp.obj
 0001:0005f400       pjmedia_sdp_attr_get_fmtp  0000000140060400 f   pjmedia-x86_64-x64-vc14-debug-dynamic:sdp.obj
 0001:0005f570       pjmedia_sdp_attr_get_rtcp  0000000140060570 f   pjmedia-x86_64-x64-vc14-debug-dynamic:sdp.obj
 0001:0005f7a0       pjmedia_sdp_attr_create_rtcp 00000001400607a0 f   pjmedia-x86_64-x64-vc14-debug-dynamic:sdp.obj
 0001:0005f960       pjmedia_sdp_attr_get_ssrc  0000000140060960 f   pjmedia-x86_64-x64-vc14-debug-dynamic:sdp.obj
 0001:0005fb80       pjmedia_sdp_attr_create_ssrc 0000000140060b80 f   pjmedia-x86_64-x64-vc14-debug-dynamic:sdp.obj
 0001:0005fc70       pjmedia_sdp_conn_clone     0000000140060c70 f   pjmedia-x86_64-x64-vc14-debug-dynamic:sdp.obj
 0001:0005fd30       pjmedia_sdp_bandw_clone    0000000140060d30 f   pjmedia-x86_64-x64-vc14-debug-dynamic:sdp.obj
 0001:0005fdb0       pjmedia_sdp_media_clone    0000000140060db0 f   pjmedia-x86_64-x64-vc14-debug-dynamic:sdp.obj
 0001:000600f0       pjmedia_sdp_media_find_attr 00000001400610f0 f   pjmedia-x86_64-x64-vc14-debug-dynamic:sdp.obj
 0001:00060180       pjmedia_sdp_media_find_attr2 0000000140061180 f   pjmedia-x86_64-x64-vc14-debug-dynamic:sdp.obj
 0001:00060210       pjmedia_sdp_media_add_attr 0000000140061210 f   pjmedia-x86_64-x64-vc14-debug-dynamic:sdp.obj
 0001:00060250       pjmedia_sdp_media_remove_all_attr 0000000140061250 f   pjmedia-x86_64-x64-vc14-debug-dynamic:sdp.obj
 0001:00060290       pjmedia_sdp_media_remove_attr 0000000140061290 f   pjmedia-x86_64-x64-vc14-debug-dynamic:sdp.obj
 0001:000602d0       pjmedia_sdp_transport_cmp  00000001400612d0 f   pjmedia-x86_64-x64-vc14-debug-dynamic:sdp.obj
 0001:00060350       pjmedia_sdp_transport_get_proto 0000000140061350 f   pjmedia-x86_64-x64-vc14-debug-dynamic:sdp.obj
 0001:00060510       pjmedia_sdp_media_deactivate 0000000140061510 f   pjmedia-x86_64-x64-vc14-debug-dynamic:sdp.obj
 0001:00060580       pjmedia_sdp_media_clone_deactivate 0000000140061580 f   pjmedia-x86_64-x64-vc14-debug-dynamic:sdp.obj
 0001:000607f0       pjmedia_sdp_parse          00000001400617f0 f   pjmedia-x86_64-x64-vc14-debug-dynamic:sdp.obj
 0001:00060e60       pjmedia_sdp_print          0000000140061e60 f   pjmedia-x86_64-x64-vc14-debug-dynamic:sdp.obj
 0001:00060ea0       pjmedia_sdp_validate       0000000140061ea0 f   pjmedia-x86_64-x64-vc14-debug-dynamic:sdp.obj
 0001:00060ed0       pjmedia_sdp_validate2      0000000140061ed0 f   pjmedia-x86_64-x64-vc14-debug-dynamic:sdp.obj
 0001:00061210       pjmedia_sdp_session_clone  0000000140062210 f   pjmedia-x86_64-x64-vc14-debug-dynamic:sdp.obj
 0001:00061550       pjmedia_sdp_session_add_attr 0000000140062550 f   pjmedia-x86_64-x64-vc14-debug-dynamic:sdp.obj
 0001:00064250       pjmedia_sdp_neg_state_str  0000000140065250 f   pjmedia-x86_64-x64-vc14-debug-dynamic:sdp_neg.obj
 0001:00064290       pjmedia_sdp_neg_create_w_local_offer 0000000140065290 f   pjmedia-x86_64-x64-vc14-debug-dynamic:sdp_neg.obj
 0001:00064420       pjmedia_sdp_neg_create_w_remote_offer 0000000140065420 f   pjmedia-x86_64-x64-vc14-debug-dynamic:sdp_neg.obj
 0001:00064600       pjmedia_sdp_neg_set_prefer_remote_codec_order 0000000140065600 f   pjmedia-x86_64-x64-vc14-debug-dynamic:sdp_neg.obj
 0001:00064660       pjmedia_sdp_neg_set_answer_multiple_codecs 0000000140065660 f   pjmedia-x86_64-x64-vc14-debug-dynamic:sdp_neg.obj
 0001:000646c0       pjmedia_sdp_neg_get_state  00000001400656c0 f   pjmedia-x86_64-x64-vc14-debug-dynamic:sdp_neg.obj
 0001:00064720       pjmedia_sdp_neg_get_active_local 0000000140065720 f   pjmedia-x86_64-x64-vc14-debug-dynamic:sdp_neg.obj
 0001:000647e0       pjmedia_sdp_neg_get_active_remote 00000001400657e0 f   pjmedia-x86_64-x64-vc14-debug-dynamic:sdp_neg.obj
 0001:000648a0       pjmedia_sdp_neg_was_answer_remote 00000001400658a0 f   pjmedia-x86_64-x64-vc14-debug-dynamic:sdp_neg.obj
 0001:00064900       pjmedia_sdp_neg_get_neg_remote 0000000140065900 f   pjmedia-x86_64-x64-vc14-debug-dynamic:sdp_neg.obj
 0001:000649c0       pjmedia_sdp_neg_get_neg_local 00000001400659c0 f   pjmedia-x86_64-x64-vc14-debug-dynamic:sdp_neg.obj
 0001:00064a80       pjmedia_sdp_neg_modify_local_offer 0000000140065a80 f   pjmedia-x86_64-x64-vc14-debug-dynamic:sdp_neg.obj
 0001:00064ac0       pjmedia_sdp_neg_modify_local_offer2 0000000140065ac0 f   pjmedia-x86_64-x64-vc14-debug-dynamic:sdp_neg.obj
 0001:00064f60       pjmedia_sdp_neg_send_local_offer 0000000140065f60 f   pjmedia-x86_64-x64-vc14-debug-dynamic:sdp_neg.obj
 0001:00065110       pjmedia_sdp_neg_set_remote_answer 0000000140066110 f   pjmedia-x86_64-x64-vc14-debug-dynamic:sdp_neg.obj
 0001:00065200       pjmedia_sdp_neg_set_remote_offer 0000000140066200 f   pjmedia-x86_64-x64-vc14-debug-dynamic:sdp_neg.obj
 0001:000652e0       pjmedia_sdp_neg_set_local_answer 00000001400662e0 f   pjmedia-x86_64-x64-vc14-debug-dynamic:sdp_neg.obj
 0001:000654e0       pjmedia_sdp_neg_has_local_answer 00000001400664e0 f   pjmedia-x86_64-x64-vc14-debug-dynamic:sdp_neg.obj
 0001:00065550       pjmedia_sdp_neg_cancel_offer 0000000140066550 f   pjmedia-x86_64-x64-vc14-debug-dynamic:sdp_neg.obj
 0001:00065680       pjmedia_sdp_neg_negotiate  0000000140066680 f   pjmedia-x86_64-x64-vc14-debug-dynamic:sdp_neg.obj
 0001:000658f0       pjmedia_sdp_neg_register_fmt_match_cb 00000001400668f0 f   pjmedia-x86_64-x64-vc14-debug-dynamic:sdp_neg.obj
 0001:00065a80       pjmedia_sdp_neg_fmt_match  0000000140066a80 f   pjmedia-x86_64-x64-vc14-debug-dynamic:sdp_neg.obj
 0001:00069100       pjlib_util_init            000000014006a100 f   pjlib-util-x86_64-x64-vc14-debug-dynamic:errno.obj
 0001:00069150       pjlib_util_strerror        000000014006a150 f   pjlib-util-x86_64-x64-vc14-debug-dynamic:errno.obj
 0001:000693d0       pj_getopt                  000000014006a3d0 f   pjlib-util-x86_64-x64-vc14-debug-dynamic:getopt.obj
 0001:00069420       pj_getopt_long             000000014006a420 f   pjlib-util-x86_64-x64-vc14-debug-dynamic:getopt.obj
 0001:0006a940       pj_cis_buf_init            000000014006b940 f   pjlib-util-x86_64-x64-vc14-debug-dynamic:scanner.obj
 0001:0006a980       pj_cis_init                000000014006b980 f   pjlib-util-x86_64-x64-vc14-debug-dynamic:scanner.obj
 0001:0006aa40       pj_cis_dup                 000000014006ba40 f   pjlib-util-x86_64-x64-vc14-debug-dynamic:scanner.obj
 0001:0006ab70       pj_cis_add_range           000000014006bb70 f   pjlib-util-x86_64-x64-vc14-debug-dynamic:scanner.obj
 0001:0006ac10       pj_cis_add_alpha           000000014006bc10 f   pjlib-util-x86_64-x64-vc14-debug-dynamic:scanner.obj
 0001:0006ac50       pj_cis_add_num             000000014006bc50 f   pjlib-util-x86_64-x64-vc14-debug-dynamic:scanner.obj
 0001:0006ac80       pj_cis_add_str             000000014006bc80 f   pjlib-util-x86_64-x64-vc14-debug-dynamic:scanner.obj
 0001:0006ad00       pj_cis_add_cis             000000014006bd00 f   pjlib-util-x86_64-x64-vc14-debug-dynamic:scanner.obj
 0001:0006adc0       pj_cis_del_range           000000014006bdc0 f   pjlib-util-x86_64-x64-vc14-debug-dynamic:scanner.obj
 0001:0006ae40       pj_cis_del_str             000000014006be40 f   pjlib-util-x86_64-x64-vc14-debug-dynamic:scanner.obj
 0001:0006aec0       pj_cis_invert              000000014006bec0 f   pjlib-util-x86_64-x64-vc14-debug-dynamic:scanner.obj
 0001:0006afc0       pj_scan_init               000000014006bfc0 f   pjlib-util-x86_64-x64-vc14-debug-dynamic:scanner.obj
 0001:0006b080       pj_scan_fini               000000014006c080 f   pjlib-util-x86_64-x64-vc14-debug-dynamic:scanner.obj
 0001:0006b0b0       pj_scan_peek               000000014006c0b0 f   pjlib-util-x86_64-x64-vc14-debug-dynamic:scanner.obj
 0001:0006b150       pj_scan_peek_n             000000014006c150 f   pjlib-util-x86_64-x64-vc14-debug-dynamic:scanner.obj
 0001:0006b1d0       pj_scan_peek_until         000000014006c1d0 f   pjlib-util-x86_64-x64-vc14-debug-dynamic:scanner.obj
 0001:0006b280       pj_scan_get                000000014006c280 f   pjlib-util-x86_64-x64-vc14-debug-dynamic:scanner.obj
 0001:0006b370       pj_scan_get_unescape       000000014006c370 f   pjlib-util-x86_64-x64-vc14-debug-dynamic:scanner.obj
 0001:0006b620       pj_scan_get_quote          000000014006c620 f   pjlib-util-x86_64-x64-vc14-debug-dynamic:scanner.obj
 0001:0006b680       pj_scan_get_quotes         000000014006c680 f   pjlib-util-x86_64-x64-vc14-debug-dynamic:scanner.obj
 0001:0006b8c0       pj_scan_get_n              000000014006c8c0 f   pjlib-util-x86_64-x64-vc14-debug-dynamic:scanner.obj
 0001:0006b960       pj_scan_get_char           000000014006c960 f   pjlib-util-x86_64-x64-vc14-debug-dynamic:scanner.obj
 0001:0006b9e0       pj_scan_get_until          000000014006c9e0 f   pjlib-util-x86_64-x64-vc14-debug-dynamic:scanner.obj
 0001:0006bab0       pj_scan_get_until_ch       000000014006cab0 f   pjlib-util-x86_64-x64-vc14-debug-dynamic:scanner.obj
 0001:0006bb70       pj_scan_get_until_chr      000000014006cb70 f   pjlib-util-x86_64-x64-vc14-debug-dynamic:scanner.obj
 0001:0006bc50       pj_scan_advance_n          000000014006cc50 f   pjlib-util-x86_64-x64-vc14-debug-dynamic:scanner.obj
 0001:0006bcd0       pj_scan_strcmp             000000014006ccd0 f   pjlib-util-x86_64-x64-vc14-debug-dynamic:scanner.obj
 0001:0006bd40       pj_scan_stricmp            000000014006cd40 f   pjlib-util-x86_64-x64-vc14-debug-dynamic:scanner.obj
 0001:0006bdb0       pj_scan_stricmp_alnum      000000014006cdb0 f   pjlib-util-x86_64-x64-vc14-debug-dynamic:scanner.obj
 0001:0006be20       pj_scan_get_newline        000000014006ce20 f   pjlib-util-x86_64-x64-vc14-debug-dynamic:scanner.obj
 0001:0006bee0       pj_scan_skip_whitespace    000000014006cee0 f   pjlib-util-x86_64-x64-vc14-debug-dynamic:scanner.obj
 0001:0006c130       pj_scan_skip_line          000000014006d130 f   pjlib-util-x86_64-x64-vc14-debug-dynamic:scanner.obj
 0001:0006c1c0       pj_scan_save_state         000000014006d1c0 f   pjlib-util-x86_64-x64-vc14-debug-dynamic:scanner.obj
 0001:0006c210       pj_scan_restore_state      000000014006d210 f   pjlib-util-x86_64-x64-vc14-debug-dynamic:scanner.obj
 0001:0006cb00       pj_str_unescape            000000014006db00 f   pjlib-util-x86_64-x64-vc14-debug-dynamic:string.obj
 0001:0006ccb0       pj_strcpy_unescape         000000014006dcb0 f   pjlib-util-x86_64-x64-vc14-debug-dynamic:string.obj
 0001:0006cdd0       pj_strncpy_escape          000000014006ddd0 f   pjlib-util-x86_64-x64-vc14-debug-dynamic:string.obj
 0001:0006ce40       pj_strncpy2_escape         000000014006de40 f   pjlib-util-x86_64-x64-vc14-debug-dynamic:string.obj
 0001:0006d2a0       pj_dns_settings_default    000000014006e2a0 f   pjlib-util-x86_64-x64-vc14-debug-dynamic:resolver.obj
 0001:0006d300       pj_dns_resolver_create     000000014006e300 f   pjlib-util-x86_64-x64-vc14-debug-dynamic:resolver.obj
 0001:0006d5d0       pj_dns_resolver_set_ns     000000014006e5d0 f   pjlib-util-x86_64-x64-vc14-debug-dynamic:resolver.obj
 0001:0006d840       pj_dns_resolver_get_settings 000000014006e840 f   pjlib-util-x86_64-x64-vc14-debug-dynamic:resolver.obj
 0001:0006d8e0       pj_dns_resolver_set_settings 000000014006e8e0 f   pjlib-util-x86_64-x64-vc14-debug-dynamic:resolver.obj
 0001:0006d980       pj_dns_resolver_handle_events 000000014006e980 f   pjlib-util-x86_64-x64-vc14-debug-dynamic:resolver.obj
 0001:0006da10       pj_dns_resolver_destroy    000000014006ea10 f   pjlib-util-x86_64-x64-vc14-debug-dynamic:resolver.obj
 0001:0006dc80       pj_dns_resolver_start_query 000000014006ec80 f   pjlib-util-x86_64-x64-vc14-debug-dynamic:resolver.obj
 0001:0006e2c0       pj_dns_resolver_cancel_query 000000014006f2c0 f   pjlib-util-x86_64-x64-vc14-debug-dynamic:resolver.obj
 0001:0006e3b0       pj_dns_parse_a_response    000000014006f3b0 f   pjlib-util-x86_64-x64-vc14-debug-dynamic:resolver.obj
 0001:0006e8e0       pj_dns_parse_addr_response 000000014006f8e0 f   pjlib-util-x86_64-x64-vc14-debug-dynamic:resolver.obj
 0001:0006eee0       pj_dns_resolver_add_entry  000000014006fee0 f   pjlib-util-x86_64-x64-vc14-debug-dynamic:resolver.obj
 0001:0006f270       pj_dns_resolver_get_cached_count 0000000140070270 f   pjlib-util-x86_64-x64-vc14-debug-dynamic:resolver.obj
 0001:0006f2f0       pj_dns_resolver_dump       00000001400702f0 f   pjlib-util-x86_64-x64-vc14-debug-dynamic:resolver.obj
 0001:000729b0       pj_md5_init                00000001400739b0 f   pjlib-util-x86_64-x64-vc14-debug-dynamic:md5.obj
 0001:00072a40       pj_md5_update              0000000140073a40 f   pjlib-util-x86_64-x64-vc14-debug-dynamic:md5.obj
 0001:00072c20       pj_md5_final               0000000140073c20 f   pjlib-util-x86_64-x64-vc14-debug-dynamic:md5.obj
 0001:00074cb0       pj_dns_make_query          0000000140075cb0 f   pjlib-util-x86_64-x64-vc14-debug-dynamic:dns.obj
 0001:00074f80       pj_dns_parse_packet        0000000140075f80 f   pjlib-util-x86_64-x64-vc14-debug-dynamic:dns.obj
 0001:00075470       pj_dns_packet_dup          0000000140076470 f   pjlib-util-x86_64-x64-vc14-debug-dynamic:dns.obj
 0001:000758f0       pj_dns_get_type_name       00000001400768f0 f   pjlib-util-x86_64-x64-vc14-debug-dynamic:dns.obj
 0001:000759e0       pj_dns_init_srv_rr         00000001400769e0 f   pjlib-util-x86_64-x64-vc14-debug-dynamic:dns.obj
 0001:00075a90       pj_dns_init_cname_rr       0000000140076a90 f   pjlib-util-x86_64-x64-vc14-debug-dynamic:dns.obj
 0001:00075b20       pj_dns_init_a_rr           0000000140076b20 f   pjlib-util-x86_64-x64-vc14-debug-dynamic:dns.obj
 0001:00075ba0       pj_dns_init_aaaa_rr        0000000140076ba0 f   pjlib-util-x86_64-x64-vc14-debug-dynamic:dns.obj
 0001:00077460       pj_dns_srv_resolve         0000000140078460 f   pjlib-util-x86_64-x64-vc14-debug-dynamic:srv_resolver.obj
 0001:000777d0       pj_dns_srv_cancel_query    00000001400787d0 f   pjlib-util-x86_64-x64-vc14-debug-dynamic:srv_resolver.obj
 0001:0007a280       pj_init                    000000014007b280 f   pjlib-x86_64-x64-vc14-debug-dynamic:os_core_win32.obj
 0001:0007a450       pj_shutdown                000000014007b450 f   pjlib-x86_64-x64-vc14-debug-dynamic:os_core_win32.obj
 0001:0007a590       pj_atexit                  000000014007b590 f   pjlib-x86_64-x64-vc14-debug-dynamic:os_core_win32.obj
 0001:0007a5e0       pj_getpid                  000000014007b5e0 f   pjlib-x86_64-x64-vc14-debug-dynamic:os_core_win32.obj
 0001:0007a610       pj_thread_create           000000014007b610 f   pjlib-x86_64-x64-vc14-debug-dynamic:os_core_win32.obj
 0001:0007a870       pj_thread_register         000000014007b870 f   pjlib-x86_64-x64-vc14-debug-dynamic:os_core_win32.obj
 0001:0007a9e0       pj_thread_is_registered    000000014007b9e0 f   pjlib-x86_64-x64-vc14-debug-dynamic:os_core_win32.obj
 0001:0007aa20       pj_thread_get_prio         000000014007ba20 f   pjlib-x86_64-x64-vc14-debug-dynamic:os_core_win32.obj
 0001:0007aa50       pj_thread_set_prio         000000014007ba50 f   pjlib-x86_64-x64-vc14-debug-dynamic:os_core_win32.obj
 0001:0007ab50       pj_thread_get_prio_min     000000014007bb50 f   pjlib-x86_64-x64-vc14-debug-dynamic:os_core_win32.obj
 0001:0007ab70       pj_thread_get_prio_max     000000014007bb70 f   pjlib-x86_64-x64-vc14-debug-dynamic:os_core_win32.obj
 0001:0007ab90       pj_thread_get_os_handle    000000014007bb90 f   pjlib-x86_64-x64-vc14-debug-dynamic:os_core_win32.obj
 0001:0007abf0       pj_thread_get_name         000000014007bbf0 f   pjlib-x86_64-x64-vc14-debug-dynamic:os_core_win32.obj
 0001:0007ac60       pj_thread_resume           000000014007bc60 f   pjlib-x86_64-x64-vc14-debug-dynamic:os_core_win32.obj
 0001:0007ad30       pj_thread_this             000000014007bd30 f   pjlib-x86_64-x64-vc14-debug-dynamic:os_core_win32.obj
 0001:0007ad90       pj_thread_join             000000014007bd90 f   pjlib-x86_64-x64-vc14-debug-dynamic:os_core_win32.obj
 0001:0007aea0       pj_thread_destroy          000000014007bea0 f   pjlib-x86_64-x64-vc14-debug-dynamic:os_core_win32.obj
 0001:0007af70       pj_thread_sleep            000000014007bf70 f   pjlib-x86_64-x64-vc14-debug-dynamic:os_core_win32.obj
 0001:0007afa0       pj_thread_check_stack      000000014007bfa0 f   pjlib-x86_64-x64-vc14-debug-dynamic:os_core_win32.obj
 0001:0007b0a0       pj_thread_get_stack_max_usage 000000014007c0a0 f   pjlib-x86_64-x64-vc14-debug-dynamic:os_core_win32.obj
 0001:0007b0c0       pj_thread_get_stack_info   000000014007c0c0 f   pjlib-x86_64-x64-vc14-debug-dynamic:os_core_win32.obj
 0001:0007b130       pj_thread_local_alloc      000000014007c130 f   pjlib-x86_64-x64-vc14-debug-dynamic:os_core_win32.obj
 0001:0007b1e0       pj_thread_local_free       000000014007c1e0 f   pjlib-x86_64-x64-vc14-debug-dynamic:os_core_win32.obj
 0001:0007b210       pj_thread_local_set        000000014007c210 f   pjlib-x86_64-x64-vc14-debug-dynamic:os_core_win32.obj
 0001:0007b2a0       pj_thread_local_get        000000014007c2a0 f   pjlib-x86_64-x64-vc14-debug-dynamic:os_core_win32.obj
 0001:0007b2c0       pj_atomic_create           000000014007c2c0 f   pjlib-x86_64-x64-vc14-debug-dynamic:os_core_win32.obj
 0001:0007b320       pj_atomic_destroy          000000014007c320 f   pjlib-x86_64-x64-vc14-debug-dynamic:os_core_win32.obj
 0001:0007b370       pj_atomic_set              000000014007c370 f   pjlib-x86_64-x64-vc14-debug-dynamic:os_core_win32.obj
 0001:0007b3e0       pj_atomic_get              000000014007c3e0 f   pjlib-x86_64-x64-vc14-debug-dynamic:os_core_win32.obj
 0001:0007b450       pj_atomic_inc              000000014007c450 f   pjlib-x86_64-x64-vc14-debug-dynamic:os_core_win32.obj
 0001:0007b4b0       pj_atomic_inc_and_get      000000014007c4b0 f   pjlib-x86_64-x64-vc14-debug-dynamic:os_core_win32.obj
 0001:0007b4f0       pj_atomic_dec              000000014007c4f0 f   pjlib-x86_64-x64-vc14-debug-dynamic:os_core_win32.obj
 0001:0007b550       pj_atomic_dec_and_get      000000014007c550 f   pjlib-x86_64-x64-vc14-debug-dynamic:os_core_win32.obj
 0001:0007b590       pj_atomic_add              000000014007c590 f   pjlib-x86_64-x64-vc14-debug-dynamic:os_core_win32.obj
 0001:0007b5f0       pj_atomic_add_and_get      000000014007c5f0 f   pjlib-x86_64-x64-vc14-debug-dynamic:os_core_win32.obj
 0001:0007b630       pj_mutex_create            000000014007c630 f   pjlib-x86_64-x64-vc14-debug-dynamic:os_core_win32.obj
 0001:0007b6f0       pj_mutex_create_simple     000000014007c6f0 f   pjlib-x86_64-x64-vc14-debug-dynamic:os_core_win32.obj
 0001:0007b730       pj_mutex_create_recursive  000000014007c730 f   pjlib-x86_64-x64-vc14-debug-dynamic:os_core_win32.obj
 0001:0007b770       pj_mutex_lock              000000014007c770 f   pjlib-x86_64-x64-vc14-debug-dynamic:os_core_win32.obj
 0001:0007b830       pj_mutex_unlock            000000014007c830 f   pjlib-x86_64-x64-vc14-debug-dynamic:os_core_win32.obj
 0001:0007b910       pj_mutex_trylock           000000014007c910 f   pjlib-x86_64-x64-vc14-debug-dynamic:os_core_win32.obj
 0001:0007b9f0       pj_mutex_destroy           000000014007c9f0 f   pjlib-x86_64-x64-vc14-debug-dynamic:os_core_win32.obj
 0001:0007ba70       pj_mutex_is_locked         000000014007ca70 f   pjlib-x86_64-x64-vc14-debug-dynamic:os_core_win32.obj
 0001:0007bab0       pj_rwmutex_create          000000014007cab0 f   pjlib-x86_64-x64-vc14-debug-dynamic:os_core_win32.obj
 0001:0007bbd0       pj_rwmutex_lock_read       000000014007cbd0 f   pjlib-x86_64-x64-vc14-debug-dynamic:os_core_win32.obj
 0001:0007bcd0       pj_rwmutex_lock_write      000000014007ccd0 f   pjlib-x86_64-x64-vc14-debug-dynamic:os_core_win32.obj
 0001:0007bd30       pj_rwmutex_unlock_read     000000014007cd30 f   pjlib-x86_64-x64-vc14-debug-dynamic:os_core_win32.obj
 0001:0007be30       pj_rwmutex_unlock_write    000000014007ce30 f   pjlib-x86_64-x64-vc14-debug-dynamic:os_core_win32.obj
 0001:0007bec0       pj_rwmutex_destroy         000000014007cec0 f   pjlib-x86_64-x64-vc14-debug-dynamic:os_core_win32.obj
 0001:0007bf30       pj_enter_critical_section  000000014007cf30 f   pjlib-x86_64-x64-vc14-debug-dynamic:os_core_win32.obj
 0001:0007bf50       pj_leave_critical_section  000000014007cf50 f   pjlib-x86_64-x64-vc14-debug-dynamic:os_core_win32.obj
 0001:0007bf70       pj_sem_create              000000014007cf70 f   pjlib-x86_64-x64-vc14-debug-dynamic:os_core_win32.obj
 0001:0007c110       pj_sem_wait                000000014007d110 f   pjlib-x86_64-x64-vc14-debug-dynamic:os_core_win32.obj
 0001:0007c180       pj_sem_trywait             000000014007d180 f   pjlib-x86_64-x64-vc14-debug-dynamic:os_core_win32.obj
 0001:0007c1f0       pj_sem_post                000000014007d1f0 f   pjlib-x86_64-x64-vc14-debug-dynamic:os_core_win32.obj
 0001:0007c2c0       pj_sem_destroy             000000014007d2c0 f   pjlib-x86_64-x64-vc14-debug-dynamic:os_core_win32.obj
 0001:0007c390       pj_event_create            000000014007d390 f   pjlib-x86_64-x64-vc14-debug-dynamic:os_core_win32.obj
 0001:0007c570       pj_event_wait              000000014007d570 f   pjlib-x86_64-x64-vc14-debug-dynamic:os_core_win32.obj
 0001:0007c5d0       pj_event_trywait           000000014007d5d0 f   pjlib-x86_64-x64-vc14-debug-dynamic:os_core_win32.obj
 0001:0007c630       pj_event_set               000000014007d630 f   pjlib-x86_64-x64-vc14-debug-dynamic:os_core_win32.obj
 0001:0007c700       pj_event_pulse             000000014007d700 f   pjlib-x86_64-x64-vc14-debug-dynamic:os_core_win32.obj
 0001:0007c7d0       pj_event_reset             000000014007d7d0 f   pjlib-x86_64-x64-vc14-debug-dynamic:os_core_win32.obj
 0001:0007c8a0       pj_event_destroy           000000014007d8a0 f   pjlib-x86_64-x64-vc14-debug-dynamic:os_core_win32.obj
 0001:0007c970       pj_term_set_color          000000014007d970 f   pjlib-x86_64-x64-vc14-debug-dynamic:os_core_win32.obj
 0001:0007ca30       pj_term_get_color          000000014007da30 f   pjlib-x86_64-x64-vc14-debug-dynamic:os_core_win32.obj
 0001:0007ca90       pj_run_app                 000000014007da90 f   pjlib-x86_64-x64-vc14-debug-dynamic:os_core_win32.obj
 0001:0007cac0       pj_thread_init             000000014007dac0 f   pjlib-x86_64-x64-vc14-debug-dynamic:os_core_win32.obj
 0001:0007dba0       pj_strerror                000000014007eba0 f   pjlib-x86_64-x64-vc14-debug-dynamic:errno.obj
 0001:0007de40       pj_perror                  000000014007ee40 f   pjlib-x86_64-x64-vc14-debug-dynamic:errno.obj
 0001:0007dea0       pj_register_strerror       000000014007eea0 f   pjlib-x86_64-x64-vc14-debug-dynamic:errno.obj
 0001:0007e100       pj_errno_clear_handlers    000000014007f100 f   pjlib-x86_64-x64-vc14-debug-dynamic:errno.obj
 0001:0007e130       pj_perror_1                000000014007f130 f   pjlib-x86_64-x64-vc14-debug-dynamic:errno.obj
 0001:0007e190       pj_perror_2                000000014007f190 f   pjlib-x86_64-x64-vc14-debug-dynamic:errno.obj
 0001:0007e1f0       pj_perror_3                000000014007f1f0 f   pjlib-x86_64-x64-vc14-debug-dynamic:errno.obj
 0001:0007e250       pj_perror_4                000000014007f250 f   pjlib-x86_64-x64-vc14-debug-dynamic:errno.obj
 0001:0007e2b0       pj_perror_5                000000014007f2b0 f   pjlib-x86_64-x64-vc14-debug-dynamic:errno.obj
 0001:0007e880       pj_list_insert_before      000000014007f880 f   pjlib-x86_64-x64-vc14-debug-dynamic:list.obj
 0001:0007e8b0       pj_list_insert_nodes_before 000000014007f8b0 f   pjlib-x86_64-x64-vc14-debug-dynamic:list.obj
 0001:0007e8e0       pj_list_insert_after       000000014007f8e0 f   pjlib-x86_64-x64-vc14-debug-dynamic:list.obj
 0001:0007e930       pj_list_insert_nodes_after 000000014007f930 f   pjlib-x86_64-x64-vc14-debug-dynamic:list.obj
 0001:0007e990       pj_list_merge_first        000000014007f990 f   pjlib-x86_64-x64-vc14-debug-dynamic:list.obj
 0001:0007e9f0       pj_list_merge_last         000000014007f9f0 f   pjlib-x86_64-x64-vc14-debug-dynamic:list.obj
 0001:0007ea50       pj_list_erase              000000014007fa50 f   pjlib-x86_64-x64-vc14-debug-dynamic:list.obj
 0001:0007ea90       pj_list_find_node          000000014007fa90 f   pjlib-x86_64-x64-vc14-debug-dynamic:list.obj
 0001:0007eb00       pj_list_search             000000014007fb00 f   pjlib-x86_64-x64-vc14-debug-dynamic:list.obj
 0001:0007eb80       pj_list_size               000000014007fb80 f   pjlib-x86_64-x64-vc14-debug-dynamic:list.obj
 0001:0007ed30       pj_inet_ntop2              000000014007fd30 f   pjlib-x86_64-x64-vc14-debug-dynamic:sock_common.obj
 0001:0007ed90       pj_sockaddr_print          000000014007fd90 f   pjlib-x86_64-x64-vc14-debug-dynamic:sock_common.obj
 0001:0007ef30       pj_inet_addr               000000014007ff30 f   pjlib-x86_64-x64-vc14-debug-dynamic:sock_common.obj
 0001:0007ef60       pj_inet_addr2              000000014007ff60 f   pjlib-x86_64-x64-vc14-debug-dynamic:sock_common.obj
 0001:0007efb0       pj_sockaddr_in_init        000000014007ffb0 f   pjlib-x86_64-x64-vc14-debug-dynamic:sock_common.obj
 0001:0007f060       pj_sockaddr_init           0000000140080060 f   pjlib-x86_64-x64-vc14-debug-dynamic:sock_common.obj
 0001:0007f150       pj_sockaddr_cmp            0000000140080150 f   pjlib-x86_64-x64-vc14-debug-dynamic:sock_common.obj
 0001:0007f260       pj_sockaddr_get_addr       0000000140080260 f   pjlib-x86_64-x64-vc14-debug-dynamic:sock_common.obj
 0001:0007f320       pj_sockaddr_has_addr       0000000140080320 f   pjlib-x86_64-x64-vc14-debug-dynamic:sock_common.obj
 0001:0007f410       pj_sockaddr_get_addr_len   0000000140080410 f   pjlib-x86_64-x64-vc14-debug-dynamic:sock_common.obj
 0001:0007f4d0       pj_sockaddr_get_len        00000001400804d0 f   pjlib-x86_64-x64-vc14-debug-dynamic:sock_common.obj
 0001:0007f590       pj_sockaddr_copy_addr      0000000140080590 f   pjlib-x86_64-x64-vc14-debug-dynamic:sock_common.obj
 0001:0007f600       pj_sockaddr_cp             0000000140080600 f   pjlib-x86_64-x64-vc14-debug-dynamic:sock_common.obj
 0001:0007f640       pj_sockaddr_synthesize     0000000140080640 f   pjlib-x86_64-x64-vc14-debug-dynamic:sock_common.obj
 0001:0007f7d0       pj_sockaddr_in_get_addr    00000001400807d0 f   pjlib-x86_64-x64-vc14-debug-dynamic:sock_common.obj
 0001:0007f800       pj_sockaddr_in_set_addr    0000000140080800 f   pjlib-x86_64-x64-vc14-debug-dynamic:sock_common.obj
 0001:0007f830       pj_sockaddr_in_set_str_addr 0000000140080830 f   pjlib-x86_64-x64-vc14-debug-dynamic:sock_common.obj
 0001:0007f9e0       pj_sockaddr_set_str_addr   00000001400809e0 f   pjlib-x86_64-x64-vc14-debug-dynamic:sock_common.obj
[...]
 0002:0000212c       PJ_IP_MULTICAST_TTL        00000001400a212c     pjlib-x86_64-x64-vc14-debug-dynamic:sock_bsd.obj
 0002:00002130       PJ_IP_MULTICAST_LOOP       00000001400a2130     pjlib-x86_64-x64-vc14-debug-dynamic:sock_bsd.obj
 0002:00002134       PJ_IP_ADD_MEMBERSHIP       00000001400a2134     pjlib-x86_64-x64-vc14-debug-dynamic:sock_bsd.obj
 0002:00002138       PJ_IP_DROP_MEMBERSHIP      00000001400a2138     pjlib-x86_64-x64-vc14-debug-dynamic:sock_bsd.obj
 0002:0000213c       PJ_MSG_OOB                 00000001400a213c     pjlib-x86_64-x64-vc14-debug-dynamic:sock_bsd.obj
 0002:00002140       PJ_MSG_PEEK                00000001400a2140     pjlib-x86_64-x64-vc14-debug-dynamic:sock_bsd.obj
 0002:00002144       PJ_MSG_DONTROUTE           00000001400a2144     pjlib-x86_64-x64-vc14-debug-dynamic:sock_bsd.obj
 0002:00002530       PJ_GUID_STRING_LENGTH      00000001400a2530     pjlib-x86_64-x64-vc14-debug-dynamic:guid_win32.obj
 0002:00002578       __real@0000000000000000    00000001400a2578     pjlib-x86_64-x64-vc14-debug-dynamic:os_timestamp_common.obj
 0002:00002588       __real@3ff0000000000000    00000001400a2588     pjlib-x86_64-x64-vc14-debug-dynamic:os_timestamp_common.obj
 0002:00002598       __real@408f400000000000    00000001400a2598     pjlib-x86_64-x64-vc14-debug-dynamic:os_timestamp_common.obj
 0002:000025a8       __real@412e848000000000    00000001400a25a8     pjlib-x86_64-x64-vc14-debug-dynamic:os_timestamp_common.obj
 0002:000025b8       __real@41cdcd6500000000    00000001400a25b8     pjlib-x86_64-x64-vc14-debug-dynamic:os_timestamp_common.obj
 0002:000025c8       __real@43e0000000000000    00000001400a25c8     pjlib-x86_64-x64-vc14-debug-dynamic:os_timestamp_common.obj
 0002:00002630       _load_config_used          00000001400a2630     MSVCRTD:loadcfg.obj
 0002:00002a00       __rtc_iaa                  00000001400a2a00     MSVCRTD:_initsect_.obj
 0002:00002b10       __rtc_izz                  00000001400a2b10     MSVCRTD:_initsect_.obj
 0002:00002c20       __rtc_taa                  00000001400a2c20     MSVCRTD:_initsect_.obj
 0002:00002d30       __rtc_tzz                  00000001400a2d30     MSVCRTD:_initsect_.obj
 0003:0000baa0       mod_stateful_util          00000001400b2aa0     pjsip-core-x86_64-x64-vc14-debug-dynamic:sip_util_statefull.obj
 0003:0001200c       pjsip_include_allow_hdr_in_dlg 00000001400b900c     pjsip-core-x86_64-x64-vc14-debug-dynamic:sip_dialog.obj
 0003:00015b8c       PJSIP_SYN_ERR_EXCEPTION    00000001400bcb8c     pjsip-core-x86_64-x64-vc14-debug-dynamic:sip_parser.obj
 0003:00015c6c       PJSIP_EINVAL_ERR_EXCEPTION 00000001400bcc6c     pjsip-core-x86_64-x64-vc14-debug-dynamic:sip_parser.obj
 0003:00018680       pjsip_sip_cfg_var          00000001400bf680     pjsip-core-x86_64-x64-vc14-debug-dynamic:sip_config.obj
 0003:0001f31c       pj_optind                  00000001400c631c     pjlib-util-x86_64-x64-vc14-debug-dynamic:getopt.obj
 0003:0001f320       pj_optopt                  00000001400c6320     pjlib-util-x86_64-x64-vc14-debug-dynamic:getopt.obj
 0003:0002b388       PJ_VERSION                 00000001400d2388     pjlib-x86_64-x64-vc14-debug-dynamic:config.obj
 0003:0002b708       pj_pool_factory_default_policy 00000001400d2708     pjlib-x86_64-x64-vc14-debug-dynamic:pool_policy_malloc.obj
 0003:0002b860       __security_cookie          00000001400d2860     MSVCRTD:gs_cookie.obj
 0003:0002b868       __security_cookie_complement 00000001400d2868     MSVCRTD:gs_cookie.obj
 0003:0002b874       _fltused                   00000001400d2874     MSVCRTD:dllsupp.obj
 0003:0002b880       __scrt_native_dllmain_reason 00000001400d2880     MSVCRTD:utility.obj
 0003:0002b884       __scrt_default_matherr     00000001400d2884     MSVCRTD:matherr.obj
 0003:0002b888       __isa_available            00000001400d2888     MSVCRTD:_cpu_disp_.obj
 0003:0002b88c       __isa_enabled              00000001400d288c     MSVCRTD:_cpu_disp_.obj
 0003:0002b890       __memcpy_nt_iters          00000001400d2890     MSVCRTD:_cpu_disp_.obj
 0003:0002b8a0       __scrt_ucrt_dll_is_in_use  00000001400d28a0     MSVCRTD:ucrt_stubs.obj
 0003:000325c0       pj_optarg                  00000001400d95c0     pjlib-util-x86_64-x64-vc14-debug-dynamic:getopt.obj
 0003:00033288       __scrt_current_native_startup_state 00000001400da288     MSVCRTD:utility.obj
 0003:00033290       __scrt_native_startup_lock 00000001400da290     MSVCRTD:utility.obj
 0003:000332e0       ?__type_info_root_node@@3U__type_info_node@@A 00000001400da2e0     MSVCRTD:tncleanup.obj
 0003:000332f8       ?_OptionsStorage@?1??__local_stdio_printf_options@@9@4_KA 00000001400da2f8     MSVCRTD:default_local_stdio_options.obj
 0003:00033308       ?_OptionsStorage@?1??__local_stdio_scanf_options@@9@4_KA 00000001400da308     MSVCRTD:default_local_stdio_options.obj
 0003:00033314       __scrt_debugger_hook_flag  00000001400da314     MSVCRTD:utility_desktop.obj
 0003:00033318       __favor                    00000001400da318     MSVCRTD:_cpu_disp_.obj
 0003:00033320       ?_OptionsStorage@?1??__local_stdio_printf_options@@9@9 00000001400da320     <common>
 0003:00033334       pjsip_dlg_lock_tls_id      00000001400da334     <common>
 0003:00033340       PJ_NO_MEMORY_EXCEPTION     00000001400da340     <common>
 0003:00033350       __dyn_tls_dtor_callback    00000001400da350     <common>
 0003:00033368       __dyn_tls_init_callback    00000001400da368     <common>
 0005:00000000       __imp_RtlLookupFunctionEntry 00000001400e1000     kernel32:KERNEL32.dll
 0005:00000008       __imp_GetModuleHandleW     00000001400e1008     kernel32:KERNEL32.dll
 0005:00000010       __imp_GetStartupInfoW      00000001400e1010     kernel32:KERNEL32.dll
 0005:00000018       __imp_IsDebuggerPresent    00000001400e1018     kernel32:KERNEL32.dll
 0005:00000020       __imp_InitializeSListHead  00000001400e1020     kernel32:KERNEL32.dll
 0005:00000028       __imp_GetSystemTimeAsFileTime 00000001400e1028     kernel32:KERNEL32.dll
 0005:00000030       __imp_IsProcessorFeaturePresent 00000001400e1030     kernel32:KERNEL32.dll
 0005:00000038       __imp_TerminateProcess     00000001400e1038     kernel32:KERNEL32.dll
 0005:00000040       __imp_GetCurrentProcess    00000001400e1040     kernel32:KERNEL32.dll
 0005:00000048       __imp_SetUnhandledExceptionFilter 00000001400e1048     kernel32:KERNEL32.dll
 0005:00000050       __imp_UnhandledExceptionFilter 00000001400e1050     kernel32:KERNEL32.dll
 0005:00000058       __imp_RtlVirtualUnwind     00000001400e1058     kernel32:KERNEL32.dll
 0005:00000060       __imp_RtlCaptureContext    00000001400e1060     kernel32:KERNEL32.dll
 0005:00000068       __imp_LoadLibraryA         00000001400e1068     kernel32:KERNEL32.dll
 0005:00000070       __imp_GetProcAddress       00000001400e1070     kernel32:KERNEL32.dll
 0005:00000078       __imp_FreeLibrary          00000001400e1078     kernel32:KERNEL32.dll
 0005:00000080       __imp_FormatMessageA       00000001400e1080     kernel32:KERNEL32.dll
 0005:00000088       __imp_SetLastError         00000001400e1088     kernel32:KERNEL32.dll
 0005:00000090       __imp_QueryPerformanceFrequency 00000001400e1090     kernel32:KERNEL32.dll
 0005:00000098       __imp_QueryPerformanceCounter 00000001400e1098     kernel32:KERNEL32.dll
 0005:000000a0       __imp_SystemTimeToFileTime 00000001400e10a0     kernel32:KERNEL32.dll
 0005:000000a8       __imp_FileTimeToSystemTime 00000001400e10a8     kernel32:KERNEL32.dll
 0005:000000b0       __imp_GetLocalTime         00000001400e10b0     kernel32:KERNEL32.dll
 0005:000000b8       __imp_SetConsoleTextAttribute 00000001400e10b8     kernel32:KERNEL32.dll
 0005:000000c0       __imp_GetConsoleScreenBufferInfo 00000001400e10c0     kernel32:KERNEL32.dll
 0005:000000c8       __imp_CreateSemaphoreA     00000001400e10c8     kernel32:KERNEL32.dll
 0005:000000d0       __imp_PulseEvent           00000001400e10d0     kernel32:KERNEL32.dll
 0005:000000d8       __imp_TlsFree              00000001400e10d8     kernel32:KERNEL32.dll
 0005:000000e0       __imp_TlsSetValue          00000001400e10e0     kernel32:KERNEL32.dll
 0005:000000e8       __imp_TlsGetValue          00000001400e10e8     kernel32:KERNEL32.dll
 0005:000000f0       __imp_TlsAlloc             00000001400e10f0     kernel32:KERNEL32.dll
 0005:000000f8       __imp_ResumeThread         00000001400e10f8     kernel32:KERNEL32.dll
 0005:00000100       __imp_GetThreadPriority    00000001400e1100     kernel32:KERNEL32.dll
 0005:00000108       __imp_SetThreadPriority    00000001400e1108     kernel32:KERNEL32.dll
 0005:00000110       __imp_GetCurrentThreadId   00000001400e1110     kernel32:KERNEL32.dll
 0005:00000118       __imp_GetStdHandle         00000001400e1118     kernel32:KERNEL32.dll
 0005:00000120       __imp_CloseHandle          00000001400e1120     kernel32:KERNEL32.dll
 0005:00000128       __imp_GetLastError         00000001400e1128     kernel32:KERNEL32.dll
 0005:00000130       __imp_InitializeCriticalSection 00000001400e1130     kernel32:KERNEL32.dll
 0005:00000138       __imp_EnterCriticalSection 00000001400e1138     kernel32:KERNEL32.dll
 0005:00000140       __imp_LeaveCriticalSection 00000001400e1140     kernel32:KERNEL32.dll
 0005:00000148       __imp_TryEnterCriticalSection 00000001400e1148     kernel32:KERNEL32.dll
 0005:00000150       __imp_DeleteCriticalSection 00000001400e1150     kernel32:KERNEL32.dll
 0005:00000158       __imp_SetEvent             00000001400e1158     kernel32:KERNEL32.dll
 0005:00000160       __imp_ResetEvent           00000001400e1160     kernel32:KERNEL32.dll
 0005:00000168       __imp_ReleaseSemaphore     00000001400e1168     kernel32:KERNEL32.dll
 0005:00000170       __imp_WaitForSingleObject  00000001400e1170     kernel32:KERNEL32.dll
 0005:00000178       __imp_CreateEventA         00000001400e1178     kernel32:KERNEL32.dll
 0005:00000180       __imp_Sleep                00000001400e1180     kernel32:KERNEL32.dll
 0005:00000188       __imp_GetCurrentProcessId  00000001400e1188     kernel32:KERNEL32.dll
 0005:00000190       __imp_CreateThread         00000001400e1190     kernel32:KERNEL32.dll
 0005:00000198       __imp_GetCurrentThread     00000001400e1198     kernel32:KERNEL32.dll
 0005:000001a0       \177KERNEL32_NULL_THUNK_DATA 00000001400e11a0     kernel32:KERNEL32.dll
 0005:00000248       __imp___C_specific_handler 00000001400e1248     vcruntimed:VCRUNTIME140D.dll
 0005:00000250       __imp_longjmp              00000001400e1250     vcruntimed:VCRUNTIME140D.dll
 0005:00000258       __imp_strchr               00000001400e1258     vcruntimed:VCRUNTIME140D.dll
 0005:00000260       __imp_memmove              00000001400e1260     vcruntimed:VCRUNTIME140D.dll
 0005:00000268       __imp_memcmp               00000001400e1268     vcruntimed:VCRUNTIME140D.dll
 0005:00000270       __imp_memchr               00000001400e1270     vcruntimed:VCRUNTIME140D.dll
 0005:00000278       __imp_memcpy               00000001400e1278     vcruntimed:VCRUNTIME140D.dll
 0005:00000280       __imp_memset               00000001400e1280     vcruntimed:VCRUNTIME140D.dll
 0005:00000288       __imp___std_type_info_destroy_list 00000001400e1288     vcruntimed:VCRUNTIME140D.dll
 0005:00000290       __imp___intrinsic_setjmp   00000001400e1290     vcruntimed:VCRUNTIME140D.dll
 0005:00000298       \177VCRUNTIME140D_NULL_THUNK_DATA 00000001400e1298     vcruntimed:VCRUNTIME140D.dll
 0005:00000300       __imp_shutdown             00000001400e1300     ws2_32:WS2_32.dll
 0005:00000308       __imp_setsockopt           00000001400e1308     ws2_32:WS2_32.dll
 0005:00000310       __imp_sendto               00000001400e1310     ws2_32:WS2_32.dll
 0005:00000318       __imp_send                 00000001400e1318     ws2_32:WS2_32.dll
 0005:00000320       __imp_recvfrom             00000001400e1320     ws2_32:WS2_32.dll
 0005:00000328       __imp_recv                 00000001400e1328     ws2_32:WS2_32.dll
 0005:00000330       __imp_ntohs                00000001400e1330     ws2_32:WS2_32.dll
 0005:00000338       __imp_ntohl                00000001400e1338     ws2_32:WS2_32.dll
 0005:00000340       __imp_listen               00000001400e1340     ws2_32:WS2_32.dll
 0005:00000348       __imp_inet_ntoa            00000001400e1348     ws2_32:WS2_32.dll
 0005:00000350       __imp_inet_addr            00000001400e1350     ws2_32:WS2_32.dll
 0005:00000358       __imp_gethostname          00000001400e1358     ws2_32:WS2_32.dll
 0005:00000360       __imp_htonl                00000001400e1360     ws2_32:WS2_32.dll
 0005:00000368       __imp_getsockopt           00000001400e1368     ws2_32:WS2_32.dll
 0005:00000370       __imp_getsockname          00000001400e1370     ws2_32:WS2_32.dll
 0005:00000378       __imp_getpeername          00000001400e1378     ws2_32:WS2_32.dll
 0005:00000380       __imp_connect              00000001400e1380     ws2_32:WS2_32.dll
 0005:00000388       __imp_closesocket          00000001400e1388     ws2_32:WS2_32.dll
 0005:00000390       __imp_bind                 00000001400e1390     ws2_32:WS2_32.dll
 0005:00000398       __imp_accept               00000001400e1398     ws2_32:WS2_32.dll
 0005:000003a0       __imp_WSAGetLastError      00000001400e13a0     ws2_32:WS2_32.dll
 0005:000003a8       __imp_WSACleanup           00000001400e13a8     ws2_32:WS2_32.dll
 0005:000003b0       __imp_WSAStartup           00000001400e13b0     ws2_32:WS2_32.dll
 0005:000003b8       __imp_WSAIoctl             00000001400e13b8     ws2_32:WS2_32.dll
 0005:000003c0       __imp_WSASocketA           00000001400e13c0     ws2_32:WS2_32.dll
 0005:000003c8       __imp_WSAAddressToStringA  00000001400e13c8     ws2_32:WS2_32.dll
 0005:000003d0       __imp_WSAStringToAddressA  00000001400e13d0     ws2_32:WS2_32.dll
 0005:000003d8       __imp_ioctlsocket          00000001400e13d8     ws2_32:WS2_32.dll
 0005:000003e0       __imp_WSASetLastError      00000001400e13e0     ws2_32:WS2_32.dll
 0005:000003e8       __imp_gethostbyname        00000001400e13e8     ws2_32:WS2_32.dll
 0005:000003f0       __imp___WSAFDIsSet         00000001400e13f0     ws2_32:WS2_32.dll
 0005:000003f8       __imp_select               00000001400e13f8     ws2_32:WS2_32.dll
 0005:00000400       __imp_htons                00000001400e1400     ws2_32:WS2_32.dll
 0005:00000408       \177WS2_32_NULL_THUNK_DATA 00000001400e1408     ws2_32:WS2_32.dll
 0005:00000490       __imp_CoCreateGuid         00000001400e1490     ole32:ole32.dll
 0005:00000498       \177ole32_NULL_THUNK_DATA  00000001400e1498     ole32:ole32.dll
 0005:000004f0       __imp___acrt_iob_func      00000001400e14f0     ucrtd:ucrtbased.dll
 0005:000004f8       __imp_fgets                00000001400e14f8     ucrtd:ucrtbased.dll
 0005:00000500       __imp_puts                 00000001400e1500     ucrtd:ucrtbased.dll
 0005:00000508       __imp___stdio_common_vfprintf 00000001400e1508     ucrtd:ucrtbased.dll
 0005:00000510       __imp___stdio_common_vsprintf 00000001400e1510     ucrtd:ucrtbased.dll
 0005:00000518       __imp_atoi                 00000001400e1518     ucrtd:ucrtbased.dll
 0005:00000520       __imp_strtol               00000001400e1520     ucrtd:ucrtbased.dll
 0005:00000528       __imp__wassert             00000001400e1528     ucrtd:ucrtbased.dll
 0005:00000530       __imp_strcpy               00000001400e1530     ucrtd:ucrtbased.dll
 0005:00000538       __imp_strlen               00000001400e1538     ucrtd:ucrtbased.dll
 0005:00000540       __imp_isdigit              00000001400e1540     ucrtd:ucrtbased.dll
 0005:00000548       __imp_strncpy              00000001400e1548     ucrtd:ucrtbased.dll
 0005:00000550       __imp_toupper              00000001400e1550     ucrtd:ucrtbased.dll
 0005:00000558       __imp_strcat               00000001400e1558     ucrtd:ucrtbased.dll
 0005:00000560       __imp_tolower              00000001400e1560     ucrtd:ucrtbased.dll
 0005:00000568       __imp__strnicmp            00000001400e1568     ucrtd:ucrtbased.dll
 0005:00000570       __imp_isspace              00000001400e1570     ucrtd:ucrtbased.dll
 0005:00000578       __imp_strcmp               00000001400e1578     ucrtd:ucrtbased.dll
 0005:00000580       __imp_strncmp              00000001400e1580     ucrtd:ucrtbased.dll
 0005:00000588       __imp_isxdigit             00000001400e1588     ucrtd:ucrtbased.dll
 0005:00000590       __imp_srand                00000001400e1590     ucrtd:ucrtbased.dll
 0005:00000598       __imp_rand                 00000001400e1598     ucrtd:ucrtbased.dll
 0005:000005a0       __imp_fmod                 00000001400e15a0     ucrtd:ucrtbased.dll
 0005:000005a8       __imp_free                 00000001400e15a8     ucrtd:ucrtbased.dll
 0005:000005b0       __imp_malloc               00000001400e15b0     ucrtd:ucrtbased.dll
 0005:000005b8       __imp__seh_filter_exe      00000001400e15b8     ucrtd:ucrtbased.dll
 0005:000005c0       __imp__set_app_type        00000001400e15c0     ucrtd:ucrtbased.dll
 0005:000005c8       __imp___setusermatherr     00000001400e15c8     ucrtd:ucrtbased.dll
 0005:000005d0       __imp__configure_narrow_argv 00000001400e15d0     ucrtd:ucrtbased.dll
 0005:000005d8       __imp__initialize_narrow_environment 00000001400e15d8     ucrtd:ucrtbased.dll
 0005:000005e0       __imp__get_initial_narrow_environment 00000001400e15e0     ucrtd:ucrtbased.dll
 0005:000005e8       __imp__initterm            00000001400e15e8     ucrtd:ucrtbased.dll
 0005:000005f0       __imp__initterm_e          00000001400e15f0     ucrtd:ucrtbased.dll
 0005:000005f8       __imp_exit                 00000001400e15f8     ucrtd:ucrtbased.dll
 0005:00000600       __imp__exit                00000001400e1600     ucrtd:ucrtbased.dll
 0005:00000608       __imp__set_fmode           00000001400e1608     ucrtd:ucrtbased.dll
 0005:00000610       __imp___p___argc           00000001400e1610     ucrtd:ucrtbased.dll
 0005:00000618       __imp___p___argv           00000001400e1618     ucrtd:ucrtbased.dll
 0005:00000620       __imp__cexit               00000001400e1620     ucrtd:ucrtbased.dll
 0005:00000628       __imp__c_exit              00000001400e1628     ucrtd:ucrtbased.dll
 0005:00000630       __imp__register_thread_local_exe_atexit_callback 00000001400e1630     ucrtd:ucrtbased.dll
 0005:00000638       __imp__configthreadlocale  00000001400e1638     ucrtd:ucrtbased.dll
 0005:00000640       __imp__set_new_mode        00000001400e1640     ucrtd:ucrtbased.dll
 0005:00000648       __imp___p__commode         00000001400e1648     ucrtd:ucrtbased.dll
 0005:00000650       __imp__seh_filter_dll      00000001400e1650     ucrtd:ucrtbased.dll
 0005:00000658       __imp__initialize_onexit_table 00000001400e1658     ucrtd:ucrtbased.dll
 0005:00000660       __imp__register_onexit_function 00000001400e1660     ucrtd:ucrtbased.dll
 0005:00000668       __imp__execute_onexit_table 00000001400e1668     ucrtd:ucrtbased.dll
 0005:00000670       __imp__crt_atexit          00000001400e1670     ucrtd:ucrtbased.dll
 0005:00000678       __imp__crt_at_quick_exit   00000001400e1678     ucrtd:ucrtbased.dll
 0005:00000680       __imp_terminate            00000001400e1680     ucrtd:ucrtbased.dll
 0005:00000688       \177ucrtbased_NULL_THUNK_DATA 00000001400e1688     ucrtd:ucrtbased.dll
 0005:00000730       __IMPORT_DESCRIPTOR_ole32  00000001400e1730     ole32:ole32.dll
 0005:00000744       __IMPORT_DESCRIPTOR_WS2_32 00000001400e1744     ws2_32:WS2_32.dll
 0005:00000758       __IMPORT_DESCRIPTOR_KERNEL32 00000001400e1758     kernel32:KERNEL32.dll
 0005:0000076c       __IMPORT_DESCRIPTOR_VCRUNTIME140D 00000001400e176c     vcruntimed:VCRUNTIME140D.dll
 0005:00000780       __IMPORT_DESCRIPTOR_ucrtbased 00000001400e1780     ucrtd:ucrtbased.dll
 0005:00000794       __NULL_IMPORT_DESCRIPTOR   00000001400e1794     ole32:ole32.dll
 0007:00000000       __guard_check_icall_fptr   00000001400e4000     MSVCRTD:guard_support.obj
 0007:00000010       __guard_dispatch_icall_fptr 00000001400e4010     MSVCRTD:guard_support.obj
