 sipstateless

 Timestamp is 60aeb74c (Wed May 26 23:02:04 2021)

 Preferred load address is 0000000140000000

 Start         Length     Name                   Class
 0001:00000000 0006f7b0H .text$mn                CODE
 0001:0006f7b0 00001040H .text$mn$00             CODE
 0001:000707f0 0000108dH .text$x                 CODE
 0002:00000000 00000110H .CRT$XCA                DATA
 0002:00000110 00000110H .CRT$XCAA               DATA
 0002:00000220 00000110H .CRT$XCZ                DATA
 0002:00000330 00000110H .CRT$XIA                DATA
 0002:00000440 00000110H .CRT$XIAA               DATA
 0002:00000550 00000110H .CRT$XIAC               DATA
 0002:00000660 00000110H .CRT$XIZ                DATA
 0002:00000770 00000110H .CRT$XPA                DATA
 0002:00000880 00000110H .CRT$XPZ                DATA
 0002:00000990 00000110H .CRT$XTA                DATA
 0002:00000aa0 00000110H .CRT$XTZ                DATA
 0002:00000bb0 00001c50H .rdata                  DATA
 0002:00002800 00000110H .rdata$CastGuardVftablesA DATA
 0002:00002910 0000010cH .rdata$CastGuardVftablesC DATA
 0002:00002a1c 00000204H .rdata$zzzdbg           DATA
 0002:00002c20 00000110H .rtc$IAA                DATA
 0002:00002d30 00000110H .rtc$IZZ                DATA
 0002:00002e40 00000110H .rtc$TAA                DATA
 0002:00002f50 00000110H .rtc$TZZ                DATA
 0002:00003060 00003245H .xdata                  DATA
 0002:000062a5 00000000H .edata                  DATA
 0003:00000000 0003f240H .data                   DATA
 0003:0003f240 00006ee1H .bss                    DATA
 0004:00000000 000041a0H .pdata                  DATA
 0005:00000000 00000738H .idata$5                DATA
 0005:00000738 00000064H .idata$2                DATA
 0005:0000079c 00000014H .idata$3                DATA
 0005:000007b0 00000738H .idata$4                DATA
 0005:00000ee8 00000a4cH .idata$6                DATA
 0006:00000000 00000151H .00cfg                  DATA

  Address         Publics by Value              Rva+Base               Lib:Object

 0000:00000000       __guard_eh_cont_table      0000000000000000     <absolute>
 0000:00000000       __hybrid_auxiliary_iat     0000000000000000     <absolute>
 0000:00000000       __hybrid_code_map_count    0000000000000000     <absolute>
 0000:00000000       __guard_fids_table         0000000000000000     <absolute>
 0000:00000000       __x64_code_ranges_to_entry_points_count 0000000000000000     <absolute>
 0000:00000000       __hybrid_code_map          0000000000000000     <absolute>
 0000:00000000       __arm64x_redirection_metadata_count 0000000000000000     <absolute>
 0000:00000000       __x64_code_ranges_to_entry_points 0000000000000000     <absolute>
 0000:00000000       __hybrid_auxiliary_iat_copy 0000000000000000     <absolute>
 0000:00000000       __guard_iat_count          0000000000000000     <absolute>
 0000:00000000       __guard_check_icall_a64n_fptr 0000000000000000     <absolute>
 0000:00000000       __guard_eh_cont_count      0000000000000000     <absolute>
 0000:00000000       __guard_fids_count         0000000000000000     <absolute>
 0000:00000000       __volatile_metadata        0000000000000000     <absolute>
 0000:00000000       __guard_iat_table          0000000000000000     <absolute>
 0000:00000000       __AbsoluteZero             0000000000000000     <absolute>
 0000:00000000       __arm64x_extra_rfe_table_size 0000000000000000     <absolute>
 0000:00000000       __enclave_config           0000000000000000     <absolute>
 0000:00000000       __arm64x_native_entrypoint 0000000000000000     <absolute>
 0000:00000000       __arm64x_extra_rfe_table   0000000000000000     <absolute>
 0000:00000000       ___safe_se_handler_count   0000000000000000     <absolute>
 0000:00000000       __arm64x_redirection_metadata 0000000000000000     <absolute>
 0000:00000000       ___safe_se_handler_table   0000000000000000     <absolute>
 0000:00000000       __guard_longjmp_table      0000000000000000     <absolute>
 0000:00000000       __dynamic_value_reloc_table 0000000000000000     <absolute>
 0000:00000000       __guard_longjmp_count      0000000000000000     <absolute>
 0000:00000100       __guard_flags              0000000000000100     <absolute>
 0000:00000000       __ImageBase                0000000140000000     <linker-defined>
 0001:00002160       main                       0000000140003160 f   sipstateless.obj
 0001:00002a10       pjsip_get_invite_method    0000000140003a10 f   pjsip-core-x86_64-x64-vc14-debug-dynamic:sip_msg.obj
 0001:00002a20       pjsip_get_cancel_method    0000000140003a20 f   pjsip-core-x86_64-x64-vc14-debug-dynamic:sip_msg.obj
 0001:00002a30       pjsip_get_ack_method       0000000140003a30 f   pjsip-core-x86_64-x64-vc14-debug-dynamic:sip_msg.obj
 0001:00002a40       pjsip_get_bye_method       0000000140003a40 f   pjsip-core-x86_64-x64-vc14-debug-dynamic:sip_msg.obj
 0001:00002a50       pjsip_get_register_method  0000000140003a50 f   pjsip-core-x86_64-x64-vc14-debug-dynamic:sip_msg.obj
 0001:00002a60       pjsip_get_options_method   0000000140003a60 f   pjsip-core-x86_64-x64-vc14-debug-dynamic:sip_msg.obj
 0001:00002a70       pjsip_method_init          0000000140003a70 f   pjsip-core-x86_64-x64-vc14-debug-dynamic:sip_msg.obj
 0001:00002ab0       pjsip_method_init_np       0000000140003ab0 f   pjsip-core-x86_64-x64-vc14-debug-dynamic:sip_msg.obj
 0001:00002b80       pjsip_method_set           0000000140003b80 f   pjsip-core-x86_64-x64-vc14-debug-dynamic:sip_msg.obj
 0001:00002bf0       pjsip_method_copy          0000000140003bf0 f   pjsip-core-x86_64-x64-vc14-debug-dynamic:sip_msg.obj
 0001:00002c70       pjsip_method_cmp           0000000140003c70 f   pjsip-core-x86_64-x64-vc14-debug-dynamic:sip_msg.obj
 0001:00002cf0       pjsip_hdr_clone            0000000140003cf0 f   pjsip-core-x86_64-x64-vc14-debug-dynamic:sip_msg.obj
 0001:00002d30       pjsip_hdr_shallow_clone    0000000140003d30 f   pjsip-core-x86_64-x64-vc14-debug-dynamic:sip_msg.obj
 0001:00002d70       pjsip_hdr_print_on         0000000140003d70 f   pjsip-core-x86_64-x64-vc14-debug-dynamic:sip_msg.obj
 0001:00002e00       pjsip_get_status_text      0000000140003e00 f   pjsip-core-x86_64-x64-vc14-debug-dynamic:sip_msg.obj
 0001:00002e80       pjsip_media_type_init      0000000140003e80 f   pjsip-core-x86_64-x64-vc14-debug-dynamic:sip_msg.obj
 0001:00002f00       pjsip_media_type_init2     0000000140003f00 f   pjsip-core-x86_64-x64-vc14-debug-dynamic:sip_msg.obj
 0001:00002fc0       pjsip_media_type_cmp       0000000140003fc0 f   pjsip-core-x86_64-x64-vc14-debug-dynamic:sip_msg.obj
 0001:000030c0       pjsip_media_type_cp        00000001400040c0 f   pjsip-core-x86_64-x64-vc14-debug-dynamic:sip_msg.obj
 0001:00003190       pjsip_media_type_print     0000000140004190 f   pjsip-core-x86_64-x64-vc14-debug-dynamic:sip_msg.obj
 0001:000031c0       pjsip_print_text_body      00000001400041c0 f   pjsip-core-x86_64-x64-vc14-debug-dynamic:sip_msg.obj
 0001:00003220       pjsip_clone_text_data      0000000140004220 f   pjsip-core-x86_64-x64-vc14-debug-dynamic:sip_msg.obj
 0001:00003290       pjsip_msg_body_copy        0000000140004290 f   pjsip-core-x86_64-x64-vc14-debug-dynamic:sip_msg.obj
 0001:00003370       pjsip_msg_body_clone       0000000140004370 f   pjsip-core-x86_64-x64-vc14-debug-dynamic:sip_msg.obj
 0001:00003410       pjsip_msg_body_create      0000000140004410 f   pjsip-core-x86_64-x64-vc14-debug-dynamic:sip_msg.obj
 0001:000035a0       pjsip_msg_create           00000001400045a0 f   pjsip-core-x86_64-x64-vc14-debug-dynamic:sip_msg.obj
 0001:00003600       pjsip_msg_clone            0000000140004600 f   pjsip-core-x86_64-x64-vc14-debug-dynamic:sip_msg.obj
 0001:00003730       pjsip_msg_find_hdr         0000000140004730 f   pjsip-core-x86_64-x64-vc14-debug-dynamic:sip_msg.obj
 0001:000037b0       pjsip_msg_find_hdr_by_name 00000001400047b0 f   pjsip-core-x86_64-x64-vc14-debug-dynamic:sip_msg.obj
 0001:00003840       pjsip_msg_find_hdr_by_names 0000000140004840 f   pjsip-core-x86_64-x64-vc14-debug-dynamic:sip_msg.obj
 0001:00003900       pjsip_msg_find_remove_hdr  0000000140004900 f   pjsip-core-x86_64-x64-vc14-debug-dynamic:sip_msg.obj
 0001:00003980       pjsip_msg_print            0000000140004980 f   pjsip-core-x86_64-x64-vc14-debug-dynamic:sip_msg.obj
 0001:00004120       pjsip_generic_string_hdr_create 0000000140005120 f   pjsip-core-x86_64-x64-vc14-debug-dynamic:sip_msg.obj
 0001:00004170       pjsip_generic_string_hdr_init 0000000140005170 f   pjsip-core-x86_64-x64-vc14-debug-dynamic:sip_msg.obj
 0001:00004210       pjsip_generic_string_hdr_init2 0000000140005210 f   pjsip-core-x86_64-x64-vc14-debug-dynamic:sip_msg.obj
 0001:000042c0       pjsip_generic_int_hdr_create 00000001400052c0 f   pjsip-core-x86_64-x64-vc14-debug-dynamic:sip_msg.obj
 0001:00004310       pjsip_generic_int_hdr_init 0000000140005310 f   pjsip-core-x86_64-x64-vc14-debug-dynamic:sip_msg.obj
 0001:000043b0       pjsip_generic_array_hdr_create 00000001400053b0 f   pjsip-core-x86_64-x64-vc14-debug-dynamic:sip_msg.obj
 0001:00004400       pjsip_generic_array_hdr_init 0000000140005400 f   pjsip-core-x86_64-x64-vc14-debug-dynamic:sip_msg.obj
 0001:00004490       pjsip_accept_hdr_create    0000000140005490 f   pjsip-core-x86_64-x64-vc14-debug-dynamic:sip_msg.obj
 0001:000044d0       pjsip_accept_hdr_init      00000001400054d0 f   pjsip-core-x86_64-x64-vc14-debug-dynamic:sip_msg.obj
 0001:00004520       pjsip_allow_hdr_create     0000000140005520 f   pjsip-core-x86_64-x64-vc14-debug-dynamic:sip_msg.obj
 0001:00004560       pjsip_allow_hdr_init       0000000140005560 f   pjsip-core-x86_64-x64-vc14-debug-dynamic:sip_msg.obj
 0001:000045b0       pjsip_cid_hdr_create       00000001400055b0 f   pjsip-core-x86_64-x64-vc14-debug-dynamic:sip_msg.obj
 0001:000045f0       pjsip_cid_hdr_init         00000001400055f0 f   pjsip-core-x86_64-x64-vc14-debug-dynamic:sip_msg.obj
 0001:00004630       pjsip_clen_hdr_create      0000000140005630 f   pjsip-core-x86_64-x64-vc14-debug-dynamic:sip_msg.obj
 0001:00004670       pjsip_clen_hdr_init        0000000140005670 f   pjsip-core-x86_64-x64-vc14-debug-dynamic:sip_msg.obj
 0001:000046c0       pjsip_cseq_hdr_create      00000001400056c0 f   pjsip-core-x86_64-x64-vc14-debug-dynamic:sip_msg.obj
 0001:00004700       pjsip_cseq_hdr_init        0000000140005700 f   pjsip-core-x86_64-x64-vc14-debug-dynamic:sip_msg.obj
 0001:00004770       pjsip_contact_hdr_create   0000000140005770 f   pjsip-core-x86_64-x64-vc14-debug-dynamic:sip_msg.obj
 0001:000047b0       pjsip_contact_hdr_init     00000001400057b0 f   pjsip-core-x86_64-x64-vc14-debug-dynamic:sip_msg.obj
 0001:00004820       pjsip_ctype_hdr_create     0000000140005820 f   pjsip-core-x86_64-x64-vc14-debug-dynamic:sip_msg.obj
 0001:00004860       pjsip_ctype_hdr_init       0000000140005860 f   pjsip-core-x86_64-x64-vc14-debug-dynamic:sip_msg.obj
 0001:000048c0       pjsip_expires_hdr_create   00000001400058c0 f   pjsip-core-x86_64-x64-vc14-debug-dynamic:sip_msg.obj
 0001:00004900       pjsip_expires_hdr_init     0000000140005900 f   pjsip-core-x86_64-x64-vc14-debug-dynamic:sip_msg.obj
 0001:00004950       pjsip_from_hdr_create      0000000140005950 f   pjsip-core-x86_64-x64-vc14-debug-dynamic:sip_msg.obj
 0001:00004990       pjsip_from_hdr_init        0000000140005990 f   pjsip-core-x86_64-x64-vc14-debug-dynamic:sip_msg.obj
 0001:000049f0       pjsip_to_hdr_create        00000001400059f0 f   pjsip-core-x86_64-x64-vc14-debug-dynamic:sip_msg.obj
 0001:00004a30       pjsip_to_hdr_init          0000000140005a30 f   pjsip-core-x86_64-x64-vc14-debug-dynamic:sip_msg.obj
 0001:00004a90       pjsip_fromto_hdr_set_from  0000000140005a90 f   pjsip-core-x86_64-x64-vc14-debug-dynamic:sip_msg.obj
 0001:00004b20       pjsip_fromto_hdr_set_to    0000000140005b20 f   pjsip-core-x86_64-x64-vc14-debug-dynamic:sip_msg.obj
 0001:00004bb0       pjsip_max_fwd_hdr_create   0000000140005bb0 f   pjsip-core-x86_64-x64-vc14-debug-dynamic:sip_msg.obj
 0001:00004bf0       pjsip_max_fwd_hdr_init     0000000140005bf0 f   pjsip-core-x86_64-x64-vc14-debug-dynamic:sip_msg.obj
 0001:00004c40       pjsip_min_expires_hdr_create 0000000140005c40 f   pjsip-core-x86_64-x64-vc14-debug-dynamic:sip_msg.obj
 0001:00004c80       pjsip_min_expires_hdr_init 0000000140005c80 f   pjsip-core-x86_64-x64-vc14-debug-dynamic:sip_msg.obj
 0001:00004cd0       pjsip_rr_hdr_create        0000000140005cd0 f   pjsip-core-x86_64-x64-vc14-debug-dynamic:sip_msg.obj
 0001:00004d10       pjsip_rr_hdr_init          0000000140005d10 f   pjsip-core-x86_64-x64-vc14-debug-dynamic:sip_msg.obj
 0001:00004d70       pjsip_route_hdr_create     0000000140005d70 f   pjsip-core-x86_64-x64-vc14-debug-dynamic:sip_msg.obj
 0001:00004db0       pjsip_route_hdr_init       0000000140005db0 f   pjsip-core-x86_64-x64-vc14-debug-dynamic:sip_msg.obj
 0001:00004e10       pjsip_routing_hdr_set_rr   0000000140005e10 f   pjsip-core-x86_64-x64-vc14-debug-dynamic:sip_msg.obj
 0001:00004e90       pjsip_routing_hdr_set_route 0000000140005e90 f   pjsip-core-x86_64-x64-vc14-debug-dynamic:sip_msg.obj
 0001:00004f10       pjsip_require_hdr_create   0000000140005f10 f   pjsip-core-x86_64-x64-vc14-debug-dynamic:sip_msg.obj
 0001:00004f50       pjsip_require_hdr_init     0000000140005f50 f   pjsip-core-x86_64-x64-vc14-debug-dynamic:sip_msg.obj
 0001:00004fa0       pjsip_retry_after_hdr_create 0000000140005fa0 f   pjsip-core-x86_64-x64-vc14-debug-dynamic:sip_msg.obj
 0001:00004fe0       pjsip_retry_after_hdr_init 0000000140005fe0 f   pjsip-core-x86_64-x64-vc14-debug-dynamic:sip_msg.obj
 0001:00005050       pjsip_supported_hdr_create 0000000140006050 f   pjsip-core-x86_64-x64-vc14-debug-dynamic:sip_msg.obj
 0001:00005090       pjsip_supported_hdr_init   0000000140006090 f   pjsip-core-x86_64-x64-vc14-debug-dynamic:sip_msg.obj
 0001:000050e0       pjsip_unsupported_hdr_create 00000001400060e0 f   pjsip-core-x86_64-x64-vc14-debug-dynamic:sip_msg.obj
 0001:00005120       pjsip_unsupported_hdr_init 0000000140006120 f   pjsip-core-x86_64-x64-vc14-debug-dynamic:sip_msg.obj
 0001:00005170       pjsip_via_hdr_create       0000000140006170 f   pjsip-core-x86_64-x64-vc14-debug-dynamic:sip_msg.obj
 0001:000051b0       pjsip_via_hdr_init         00000001400061b0 f   pjsip-core-x86_64-x64-vc14-debug-dynamic:sip_msg.obj
 0001:00005230       pjsip_warning_hdr_create   0000000140006230 f   pjsip-core-x86_64-x64-vc14-debug-dynamic:sip_msg.obj
 0001:00005310       pjsip_warning_hdr_create_from_status 0000000140006310 f   pjsip-core-x86_64-x64-vc14-debug-dynamic:sip_msg.obj
 0001:0000a7d0       __local_stdio_printf_options 000000014000b7d0 f i pjsip-core-x86_64-x64-vc14-debug-dynamic:sip_msg.obj
 0001:0000a7e0       _vsnprintf_l               000000014000b7e0 f i pjsip-core-x86_64-x64-vc14-debug-dynamic:sip_msg.obj
 0001:0000a880       _vsprintf_l                000000014000b880 f i pjsip-core-x86_64-x64-vc14-debug-dynamic:sip_msg.obj
 0001:0000a8f0       sprintf                    000000014000b8f0 f i pjsip-core-x86_64-x64-vc14-debug-dynamic:sip_msg.obj
 0001:0000a9c0       pjsip_endpt_create         000000014000b9c0 f   pjsip-core-x86_64-x64-vc14-debug-dynamic:sip_endpoint.obj
 0001:0000ae70       pjsip_endpt_destroy        000000014000be70 f   pjsip-core-x86_64-x64-vc14-debug-dynamic:sip_endpoint.obj
 0001:0000b020       pjsip_endpt_name           000000014000c020 f   pjsip-core-x86_64-x64-vc14-debug-dynamic:sip_endpoint.obj
 0001:0000b040       pjsip_endpt_handle_events  000000014000c040 f   pjsip-core-x86_64-x64-vc14-debug-dynamic:sip_endpoint.obj
 0001:0000b070       pjsip_endpt_handle_events2 000000014000c070 f   pjsip-core-x86_64-x64-vc14-debug-dynamic:sip_endpoint.obj
 0001:0000b250       pjsip_endpt_schedule_timer_dbg 000000014000c250 f   pjsip-core-x86_64-x64-vc14-debug-dynamic:sip_endpoint.obj
 0001:0000b2b0       pjsip_endpt_schedule_timer_w_grp_lock_dbg 000000014000c2b0 f   pjsip-core-x86_64-x64-vc14-debug-dynamic:sip_endpoint.obj
 0001:0000b320       pjsip_endpt_cancel_timer   000000014000c320 f   pjsip-core-x86_64-x64-vc14-debug-dynamic:sip_endpoint.obj
 0001:0000b360       pjsip_endpt_get_timer_heap 000000014000c360 f   pjsip-core-x86_64-x64-vc14-debug-dynamic:sip_endpoint.obj
 0001:0000b380       pjsip_endpt_register_module 000000014000c380 f   pjsip-core-x86_64-x64-vc14-debug-dynamic:sip_endpoint.obj
 0001:0000b620       pjsip_endpt_unregister_module 000000014000c620 f   pjsip-core-x86_64-x64-vc14-debug-dynamic:sip_endpoint.obj
 0001:0000b860       pjsip_process_rdata_param_default 000000014000c860 f   pjsip-core-x86_64-x64-vc14-debug-dynamic:sip_endpoint.obj
 0001:0000b890       pjsip_endpt_process_rx_data 000000014000c890 f   pjsip-core-x86_64-x64-vc14-debug-dynamic:sip_endpoint.obj
 0001:0000bb80       pjsip_endpt_create_pool    000000014000cb80 f   pjsip-core-x86_64-x64-vc14-debug-dynamic:sip_endpoint.obj
 0001:0000bc10       pjsip_endpt_release_pool   000000014000cc10 f   pjsip-core-x86_64-x64-vc14-debug-dynamic:sip_endpoint.obj
 0001:0000bc40       pjsip_endpt_create_tdata   000000014000cc40 f   pjsip-core-x86_64-x64-vc14-debug-dynamic:sip_endpoint.obj
 0001:0000bc70       pjsip_endpt_create_resolver 000000014000cc70 f   pjsip-core-x86_64-x64-vc14-debug-dynamic:sip_endpoint.obj
 0001:0000bd10       pjsip_endpt_set_resolver   000000014000cd10 f   pjsip-core-x86_64-x64-vc14-debug-dynamic:sip_endpoint.obj
 0001:0000bd40       pjsip_endpt_set_ext_resolver 000000014000cd40 f   pjsip-core-x86_64-x64-vc14-debug-dynamic:sip_endpoint.obj
 0001:0000bd70       pjsip_endpt_get_resolver   000000014000cd70 f   pjsip-core-x86_64-x64-vc14-debug-dynamic:sip_endpoint.obj
 0001:0000bdd0       pjsip_endpt_resolve        000000014000cdd0 f   pjsip-core-x86_64-x64-vc14-debug-dynamic:sip_endpoint.obj
 0001:0000be20       pjsip_endpt_get_tpmgr      000000014000ce20 f   pjsip-core-x86_64-x64-vc14-debug-dynamic:sip_endpoint.obj
 0001:0000be40       pjsip_endpt_get_ioqueue    000000014000ce40 f   pjsip-core-x86_64-x64-vc14-debug-dynamic:sip_endpoint.obj
 0001:0000be60       pjsip_endpt_acquire_transport 000000014000ce60 f   pjsip-core-x86_64-x64-vc14-debug-dynamic:sip_endpoint.obj
 0001:0000bec0       pjsip_endpt_acquire_transport2 000000014000cec0 f   pjsip-core-x86_64-x64-vc14-debug-dynamic:sip_endpoint.obj
 0001:0000bf20       pjsip_endpt_get_capability 000000014000cf20 f   pjsip-core-x86_64-x64-vc14-debug-dynamic:sip_endpoint.obj
 0001:0000c010       pjsip_endpt_has_capability 000000014000d010 f   pjsip-core-x86_64-x64-vc14-debug-dynamic:sip_endpoint.obj
 0001:0000c0e0       pjsip_endpt_add_capability 000000014000d0e0 f   pjsip-core-x86_64-x64-vc14-debug-dynamic:sip_endpoint.obj
 0001:0000c310       pjsip_endpt_get_request_headers 000000014000d310 f   pjsip-core-x86_64-x64-vc14-debug-dynamic:sip_endpoint.obj
 0001:0000c330       pjsip_endpt_dump           000000014000d330 f   pjsip-core-x86_64-x64-vc14-debug-dynamic:sip_endpoint.obj
 0001:0000c450       pjsip_endpt_atexit         000000014000d450 f   pjsip-core-x86_64-x64-vc14-debug-dynamic:sip_endpoint.obj
 0001:0000c510       pjsip_endpt_log_error      000000014000d510 f   pjsip-core-x86_64-x64-vc14-debug-dynamic:sip_endpoint.obj
 0001:0000d620       _snprintf                  000000014000e620 f i pjsip-core-x86_64-x64-vc14-debug-dynamic:sip_endpoint.obj
 0001:0000d690       _vsnprintf                 000000014000e690 f i pjsip-core-x86_64-x64-vc14-debug-dynamic:sip_endpoint.obj
 0001:0000d850       pjsip_target_set_add_uri   000000014000e850 f   pjsip-core-x86_64-x64-vc14-debug-dynamic:sip_util.obj
 0001:0000d9e0       pjsip_target_set_add_from_msg 000000014000e9e0 f   pjsip-core-x86_64-x64-vc14-debug-dynamic:sip_util.obj
 0001:0000db10       pjsip_target_set_get_next  000000014000eb10 f   pjsip-core-x86_64-x64-vc14-debug-dynamic:sip_util.obj
 0001:0000dbb0       pjsip_target_set_set_current 000000014000ebb0 f   pjsip-core-x86_64-x64-vc14-debug-dynamic:sip_util.obj
 0001:0000dc80       pjsip_target_assign_status 000000014000ec80 f   pjsip-core-x86_64-x64-vc14-debug-dynamic:sip_util.obj
 0001:0000dd40       pjsip_endpt_create_request 000000014000ed40 f   pjsip-core-x86_64-x64-vc14-debug-dynamic:sip_util.obj
 0001:0000e170       pjsip_endpt_create_request_from_hdr 000000014000f170 f   pjsip-core-x86_64-x64-vc14-debug-dynamic:sip_util.obj
 0001:0000e510       pjsip_endpt_create_response 000000014000f510 f   pjsip-core-x86_64-x64-vc14-debug-dynamic:sip_util.obj
 0001:0000e9b0       pjsip_endpt_create_ack     000000014000f9b0 f   pjsip-core-x86_64-x64-vc14-debug-dynamic:sip_util.obj
 0001:0000eda0       pjsip_endpt_create_cancel  000000014000fda0 f   pjsip-core-x86_64-x64-vc14-debug-dynamic:sip_util.obj
 0001:0000f230       pjsip_get_dest_info        0000000140010230 f   pjsip-core-x86_64-x64-vc14-debug-dynamic:sip_util.obj
 0001:0000f510       pjsip_get_request_dest     0000000140010510 f   pjsip-core-x86_64-x64-vc14-debug-dynamic:sip_util.obj
 0001:0000f630       pjsip_process_route_set    0000000140010630 f   pjsip-core-x86_64-x64-vc14-debug-dynamic:sip_util.obj
 0001:0000fa60       pjsip_restore_strict_route_set 0000000140010a60 f   pjsip-core-x86_64-x64-vc14-debug-dynamic:sip_util.obj
 0001:0000fba0       pjsip_endpt_send_request_stateless 0000000140010ba0 f   pjsip-core-x86_64-x64-vc14-debug-dynamic:sip_util.obj
 0001:0000fd30       pjsip_endpt_send_raw       0000000140010d30 f   pjsip-core-x86_64-x64-vc14-debug-dynamic:sip_util.obj
 0001:0000fdc0       pjsip_endpt_send_raw_to_uri 0000000140010dc0 f   pjsip-core-x86_64-x64-vc14-debug-dynamic:sip_util.obj
 0001:00010040       pjsip_get_response_addr    0000000140011040 f   pjsip-core-x86_64-x64-vc14-debug-dynamic:sip_util.obj
 0001:00010470       pjsip_endpt_send_response  0000000140011470 f   pjsip-core-x86_64-x64-vc14-debug-dynamic:sip_util.obj
 0001:00010620       pjsip_endpt_send_response2 0000000140011620 f   pjsip-core-x86_64-x64-vc14-debug-dynamic:sip_util.obj
 0001:000106e0       pjsip_endpt_respond_stateless 00000001400116e0 f   pjsip-core-x86_64-x64-vc14-debug-dynamic:sip_util.obj
 0001:000109a0       pjsip_event_str            00000001400119a0 f   pjsip-core-x86_64-x64-vc14-debug-dynamic:sip_util.obj
 0001:00012e70       pjsip_udp_transport_cfg_default 0000000140013e70 f   pjsip-core-x86_64-x64-vc14-debug-dynamic:sip_transport_udp.obj
 0001:00012ed0       pjsip_udp_transport_start2 0000000140013ed0 f   pjsip-core-x86_64-x64-vc14-debug-dynamic:sip_transport_udp.obj
 0001:00013120       pjsip_udp_transport_start  0000000140014120 f   pjsip-core-x86_64-x64-vc14-debug-dynamic:sip_transport_udp.obj
 0001:000131f0       pjsip_udp_transport_start6 00000001400141f0 f   pjsip-core-x86_64-x64-vc14-debug-dynamic:sip_transport_udp.obj
 0001:000132c0       pjsip_udp_transport_attach 00000001400142c0 f   pjsip-core-x86_64-x64-vc14-debug-dynamic:sip_transport_udp.obj
 0001:00013310       pjsip_udp_transport_attach2 0000000140014310 f   pjsip-core-x86_64-x64-vc14-debug-dynamic:sip_transport_udp.obj
 0001:00013360       pjsip_udp_transport_get_socket 0000000140014360 f   pjsip-core-x86_64-x64-vc14-debug-dynamic:sip_transport_udp.obj
 0001:000133d0       pjsip_udp_transport_pause  00000001400143d0 f   pjsip-core-x86_64-x64-vc14-debug-dynamic:sip_transport_udp.obj
 0001:000135e0       pjsip_udp_transport_restart 00000001400145e0 f   pjsip-core-x86_64-x64-vc14-debug-dynamic:sip_transport_udp.obj
 0001:00013630       pjsip_udp_transport_restart2 0000000140014630 f   pjsip-core-x86_64-x64-vc14-debug-dynamic:sip_transport_udp.obj
 0001:00015fa0       pjsip_tcp_transport_cfg_default 0000000140016fa0 f   pjsip-core-x86_64-x64-vc14-debug-dynamic:sip_transport_tcp.obj
 0001:00016020       pjsip_tcp_transport_start  0000000140017020 f   pjsip-core-x86_64-x64-vc14-debug-dynamic:sip_transport_tcp.obj
 0001:00016070       pjsip_tcp_transport_start2 0000000140017070 f   pjsip-core-x86_64-x64-vc14-debug-dynamic:sip_transport_tcp.obj
 0001:00016160       pjsip_tcp_transport_start3 0000000140017160 f   pjsip-core-x86_64-x64-vc14-debug-dynamic:sip_transport_tcp.obj
 0001:00016510       pjsip_tcp_transport_get_socket 0000000140017510 f   pjsip-core-x86_64-x64-vc14-debug-dynamic:sip_transport_tcp.obj
 0001:00016580       pjsip_tcp_transport_lis_start 0000000140017580 f   pjsip-core-x86_64-x64-vc14-debug-dynamic:sip_transport_tcp.obj
 0001:000168e0       pjsip_tcp_transport_restart 00000001400178e0 f   pjsip-core-x86_64-x64-vc14-debug-dynamic:sip_transport_tcp.obj
 0001:0001a560       pjsip_param_find           000000014001b560 f   pjsip-core-x86_64-x64-vc14-debug-dynamic:sip_uri.obj
 0001:0001a5d0       pjsip_param_cmp            000000014001b5d0 f   pjsip-core-x86_64-x64-vc14-debug-dynamic:sip_uri.obj
 0001:0001a6c0       pjsip_param_clone          000000014001b6c0 f   pjsip-core-x86_64-x64-vc14-debug-dynamic:sip_uri.obj
 0001:0001a790       pjsip_param_shallow_clone  000000014001b790 f   pjsip-core-x86_64-x64-vc14-debug-dynamic:sip_uri.obj
 0001:0001a840       pjsip_param_print_on       000000014001b840 f   pjsip-core-x86_64-x64-vc14-debug-dynamic:sip_uri.obj
 0001:0001abd0       pjsip_sip_uri_create       000000014001bbd0 f   pjsip-core-x86_64-x64-vc14-debug-dynamic:sip_uri.obj
 0001:0001ac10       pjsip_sip_uri_set_secure   000000014001bc10 f   pjsip-core-x86_64-x64-vc14-debug-dynamic:sip_uri.obj
 0001:0001ac60       pjsip_sip_uri_init         000000014001bc60 f   pjsip-core-x86_64-x64-vc14-debug-dynamic:sip_uri.obj
 0001:0001acd0       pjsip_sip_uri_assign       000000014001bcd0 f   pjsip-core-x86_64-x64-vc14-debug-dynamic:sip_uri.obj
 0001:0001ae60       pjsip_name_addr_create     000000014001be60 f   pjsip-core-x86_64-x64-vc14-debug-dynamic:sip_uri.obj
 0001:0001aea0       pjsip_name_addr_init       000000014001bea0 f   pjsip-core-x86_64-x64-vc14-debug-dynamic:sip_uri.obj
 0001:0001aef0       pjsip_name_addr_assign     000000014001bef0 f   pjsip-core-x86_64-x64-vc14-debug-dynamic:sip_uri.obj
 0001:0001af50       pjsip_other_uri_create     000000014001bf50 f   pjsip-core-x86_64-x64-vc14-debug-dynamic:sip_uri.obj
 0001:0001d480       pjsip_register_hdr_parser  000000014001e480 f   pjsip-core-x86_64-x64-vc14-debug-dynamic:sip_parser.obj
 0001:0001d600       pjsip_register_uri_parser  000000014001e600 f   pjsip-core-x86_64-x64-vc14-debug-dynamic:sip_parser.obj
 0001:0001d690       pjsip_parse_uri            000000014001e690 f   pjsip-core-x86_64-x64-vc14-debug-dynamic:sip_parser.obj
 0001:0001d7c0       pjsip_parse_status_line    000000014001e7c0 f   pjsip-core-x86_64-x64-vc14-debug-dynamic:sip_parser.obj
 0001:0001d8d0       pjsip_parse_msg            000000014001e8d0 f   pjsip-core-x86_64-x64-vc14-debug-dynamic:sip_parser.obj
 0001:0001d980       pjsip_parse_rdata          000000014001e980 f   pjsip-core-x86_64-x64-vc14-debug-dynamic:sip_parser.obj
 0001:0001da40       pjsip_find_msg             000000014001ea40 f   pjsip-core-x86_64-x64-vc14-debug-dynamic:sip_parser.obj
 0001:0001de20       pjsip_parse_hdr            000000014001ee20 f   pjsip-core-x86_64-x64-vc14-debug-dynamic:sip_parser.obj
 0001:0001dfd0       pjsip_parse_headers        000000014001efd0 f   pjsip-core-x86_64-x64-vc14-debug-dynamic:sip_parser.obj
 0001:0001e2c0       pjsip_parser_const         000000014001f2c0 f   pjsip-core-x86_64-x64-vc14-debug-dynamic:sip_parser.obj
 0001:0001e2d0       pjsip_parse_param_imp      000000014001f2d0 f   pjsip-core-x86_64-x64-vc14-debug-dynamic:sip_parser.obj
 0001:0001e330       pjsip_parse_uri_param_imp  000000014001f330 f   pjsip-core-x86_64-x64-vc14-debug-dynamic:sip_parser.obj
 0001:0001e390       pjsip_concat_param_imp     000000014001f390 f   pjsip-core-x86_64-x64-vc14-debug-dynamic:sip_parser.obj
 0001:0001e510       pjsip_parse_end_hdr_imp    000000014001f510 f   pjsip-core-x86_64-x64-vc14-debug-dynamic:sip_parser.obj
 0001:0001e530       pjsip_parse_generic_array_hdr_imp 000000014001f530 f   pjsip-core-x86_64-x64-vc14-debug-dynamic:sip_parser.obj
 0001:00021c10       init_sip_parser            0000000140022c10 f   pjsip-core-x86_64-x64-vc14-debug-dynamic:sip_parser.obj
 0001:00021c50       deinit_sip_parser          0000000140022c50 f   pjsip-core-x86_64-x64-vc14-debug-dynamic:sip_parser.obj
 0001:000247b0       pjsip_resolver_create      00000001400257b0 f   pjsip-core-x86_64-x64-vc14-debug-dynamic:sip_resolve.obj
 0001:00024840       pjsip_resolver_set_resolver 0000000140025840 f   pjsip-core-x86_64-x64-vc14-debug-dynamic:sip_resolve.obj
 0001:00024860       pjsip_resolver_set_ext_resolver 0000000140025860 f   pjsip-core-x86_64-x64-vc14-debug-dynamic:sip_resolve.obj
 0001:000248e0       pjsip_resolver_get_resolver 00000001400258e0 f   pjsip-core-x86_64-x64-vc14-debug-dynamic:sip_resolve.obj
 0001:00024900       pjsip_resolver_destroy     0000000140025900 f   pjsip-core-x86_64-x64-vc14-debug-dynamic:sip_resolve.obj
 0001:00024940       pjsip_resolve              0000000140025940 f   pjsip-core-x86_64-x64-vc14-debug-dynamic:sip_resolve.obj
 0001:00026500       pjsip_transport_register_type 0000000140027500 f   pjsip-core-x86_64-x64-vc14-debug-dynamic:sip_transport.obj
 0001:00026760       pjsip_transport_get_type_from_name 0000000140027760 f   pjsip-core-x86_64-x64-vc14-debug-dynamic:sip_transport.obj
 0001:00026810       pjsip_transport_get_type_from_flag 0000000140027810 f   pjsip-core-x86_64-x64-vc14-debug-dynamic:sip_transport.obj
 0001:000268a0       pjsip_transport_type_get_af 00000001400278a0 f   pjsip-core-x86_64-x64-vc14-debug-dynamic:sip_transport.obj
 0001:000268d0       pjsip_transport_get_flag_from_type 00000001400278d0 f   pjsip-core-x86_64-x64-vc14-debug-dynamic:sip_transport.obj
 0001:000268f0       pjsip_transport_get_default_port_for_type 00000001400278f0 f   pjsip-core-x86_64-x64-vc14-debug-dynamic:sip_transport.obj
 0001:00026910       pjsip_transport_get_type_name 0000000140027910 f   pjsip-core-x86_64-x64-vc14-debug-dynamic:sip_transport.obj
 0001:00026930       pjsip_transport_get_type_desc 0000000140027930 f   pjsip-core-x86_64-x64-vc14-debug-dynamic:sip_transport.obj
 0001:00026950       pjsip_tpselector_add_ref   0000000140027950 f   pjsip-core-x86_64-x64-vc14-debug-dynamic:sip_transport.obj
 0001:000269a0       pjsip_tpselector_dec_ref   00000001400279a0 f   pjsip-core-x86_64-x64-vc14-debug-dynamic:sip_transport.obj
 0001:000269f0       pjsip_rx_data_get_info     00000001400279f0 f   pjsip-core-x86_64-x64-vc14-debug-dynamic:sip_transport.obj
 0001:00026af0       pjsip_rx_data_clone        0000000140027af0 f   pjsip-core-x86_64-x64-vc14-debug-dynamic:sip_transport.obj
 0001:00026f30       pjsip_rx_data_free_cloned  0000000140027f30 f   pjsip-core-x86_64-x64-vc14-debug-dynamic:sip_transport.obj
 0001:00026fa0       pjsip_tx_data_create       0000000140027fa0 f   pjsip-core-x86_64-x64-vc14-debug-dynamic:sip_transport.obj
 0001:00027190       pjsip_tx_data_add_ref      0000000140028190 f   pjsip-core-x86_64-x64-vc14-debug-dynamic:sip_transport.obj
 0001:000271c0       pjsip_tx_data_dec_ref      00000001400281c0 f   pjsip-core-x86_64-x64-vc14-debug-dynamic:sip_transport.obj
 0001:00027280       pjsip_tx_data_encode       0000000140028280 f   pjsip-core-x86_64-x64-vc14-debug-dynamic:sip_transport.obj
 0001:00027450       pjsip_tx_data_is_valid     0000000140028450 f   pjsip-core-x86_64-x64-vc14-debug-dynamic:sip_transport.obj
 0001:000274a0       pjsip_tx_data_invalidate_msg 00000001400284a0 f   pjsip-core-x86_64-x64-vc14-debug-dynamic:sip_transport.obj
 0001:000274e0       pjsip_tx_data_get_info     00000001400284e0 f   pjsip-core-x86_64-x64-vc14-debug-dynamic:sip_transport.obj
 0001:000275c0       pjsip_tx_data_set_transport 00000001400285c0 f   pjsip-core-x86_64-x64-vc14-debug-dynamic:sip_transport.obj
 0001:00027690       pjsip_tx_data_clone        0000000140028690 f   pjsip-core-x86_64-x64-vc14-debug-dynamic:sip_transport.obj
 0001:00027840       pjsip_transport_register   0000000140028840 f   pjsip-core-x86_64-x64-vc14-debug-dynamic:sip_transport.obj
 0001:00027a40       pjsip_transport_shutdown   0000000140028a40 f   pjsip-core-x86_64-x64-vc14-debug-dynamic:sip_transport.obj
 0001:00027a60       pjsip_transport_shutdown2  0000000140028a60 f   pjsip-core-x86_64-x64-vc14-debug-dynamic:sip_transport.obj
 0001:00027bf0       pjsip_transport_destroy    0000000140028bf0 f   pjsip-core-x86_64-x64-vc14-debug-dynamic:sip_transport.obj
 0001:00027cb0       pjsip_transport_add_ref    0000000140028cb0 f   pjsip-core-x86_64-x64-vc14-debug-dynamic:sip_transport.obj
 0001:00027e20       pjsip_transport_dec_ref    0000000140028e20 f   pjsip-core-x86_64-x64-vc14-debug-dynamic:sip_transport.obj
 0001:000280b0       pjsip_tpmgr_receive_packet 00000001400290b0 f   pjsip-core-x86_64-x64-vc14-debug-dynamic:sip_transport.obj
 0001:00028ac0       pjsip_tpmgr_register_tpfactory 0000000140029ac0 f   pjsip-core-x86_64-x64-vc14-debug-dynamic:sip_transport.obj
 0001:00028b80       pjsip_tpmgr_unregister_tpfactory 0000000140029b80 f   pjsip-core-x86_64-x64-vc14-debug-dynamic:sip_transport.obj
 0001:00028c00       pjsip_tpmgr_create         0000000140029c00 f   pjsip-core-x86_64-x64-vc14-debug-dynamic:sip_transport.obj
 0001:00028ee0       pjsip_tpmgr_find_local_addr 0000000140029ee0 f   pjsip-core-x86_64-x64-vc14-debug-dynamic:sip_transport.obj
 0001:00028f90       pjsip_tpmgr_fla2_param_default 0000000140029f90 f   pjsip-core-x86_64-x64-vc14-debug-dynamic:sip_transport.obj
 0001:00028fc0       pjsip_tpmgr_find_local_addr2 0000000140029fc0 f   pjsip-core-x86_64-x64-vc14-debug-dynamic:sip_transport.obj
 0001:00029630       pjsip_tpmgr_get_transport_count 000000014002a630 f   pjsip-core-x86_64-x64-vc14-debug-dynamic:sip_transport.obj
 0001:000296e0       pjsip_tpmgr_destroy        000000014002a6e0 f   pjsip-core-x86_64-x64-vc14-debug-dynamic:sip_transport.obj
 0001:00029960       pjsip_tpmgr_dump_transports 000000014002a960 f   pjsip-core-x86_64-x64-vc14-debug-dynamic:sip_transport.obj
 0001:00029cb0       pjsip_tpmgr_acquire_transport 000000014002acb0 f   pjsip-core-x86_64-x64-vc14-debug-dynamic:sip_transport.obj
 0001:00029d10       pjsip_tpmgr_acquire_transport2 000000014002ad10 f   pjsip-core-x86_64-x64-vc14-debug-dynamic:sip_transport.obj
 0001:0002a400       pjsip_transport_send       000000014002b400 f   pjsip-core-x86_64-x64-vc14-debug-dynamic:sip_transport.obj
 0001:0002a690       pjsip_tpmgr_send_raw       000000014002b690 f   pjsip-core-x86_64-x64-vc14-debug-dynamic:sip_transport.obj
 0001:0002a8b0       pjsip_tpmgr_set_state_cb   000000014002b8b0 f   pjsip-core-x86_64-x64-vc14-debug-dynamic:sip_transport.obj
 0001:0002a920       pjsip_tpmgr_get_state_cb   000000014002b920 f   pjsip-core-x86_64-x64-vc14-debug-dynamic:sip_transport.obj
 0001:0002a980       pjsip_transport_add_state_listener 000000014002b980 f   pjsip-core-x86_64-x64-vc14-debug-dynamic:sip_transport.obj
 0001:0002aaf0       pjsip_transport_remove_state_listener 000000014002baf0 f   pjsip-core-x86_64-x64-vc14-debug-dynamic:sip_transport.obj
 0001:0002ac50       pjsip_tpmgr_set_drop_data_cb 000000014002bc50 f   pjsip-core-x86_64-x64-vc14-debug-dynamic:sip_transport.obj
 0001:0002cda0       pjsip_strerror             000000014002dda0 f   pjsip-core-x86_64-x64-vc14-debug-dynamic:sip_errno.obj
 0001:0002d190       pjsip_tel_uri_create       000000014002e190 f   pjsip-core-x86_64-x64-vc14-debug-dynamic:sip_tel_uri.obj
 0001:0002d1e0       pjsip_tel_nb_cmp           000000014002e1e0 f   pjsip-core-x86_64-x64-vc14-debug-dynamic:sip_tel_uri.obj
 0001:0002dfd0       pjsip_tel_uri_subsys_init  000000014002efd0 f   pjsip-core-x86_64-x64-vc14-debug-dynamic:sip_tel_uri.obj
 0001:0002e940       pjsip_tsx_layer_init_module 000000014002f940 f   pjsip-core-x86_64-x64-vc14-debug-dynamic:sip_transaction.obj
 0001:0002eb90       pjsip_tsx_layer_instance   000000014002fb90 f   pjsip-core-x86_64-x64-vc14-debug-dynamic:sip_transaction.obj
 0001:0002eba0       pjsip_tsx_layer_destroy    000000014002fba0 f   pjsip-core-x86_64-x64-vc14-debug-dynamic:sip_transaction.obj
 0001:0002ec00       pjsip_tsx_layer_get_tsx_count 000000014002fc00 f   pjsip-core-x86_64-x64-vc14-debug-dynamic:sip_transaction.obj
 0001:0002ec80       pjsip_tsx_layer_find_tsx   000000014002fc80 f   pjsip-core-x86_64-x64-vc14-debug-dynamic:sip_transaction.obj
 0001:0002ecb0       pjsip_tsx_layer_find_tsx2  000000014002fcb0 f   pjsip-core-x86_64-x64-vc14-debug-dynamic:sip_transaction.obj
 0001:0002ece0       pjsip_tsx_create_uac       000000014002fce0 f   pjsip-core-x86_64-x64-vc14-debug-dynamic:sip_transaction.obj
 0001:0002ed20       pjsip_tsx_create_uac2      000000014002fd20 f   pjsip-core-x86_64-x64-vc14-debug-dynamic:sip_transaction.obj
 0001:0002f240       pjsip_tsx_create_uas       0000000140030240 f   pjsip-core-x86_64-x64-vc14-debug-dynamic:sip_transaction.obj
 0001:0002f280       pjsip_tsx_create_uas2      0000000140030280 f   pjsip-core-x86_64-x64-vc14-debug-dynamic:sip_transaction.obj
 0001:0002f740       pjsip_tsx_set_transport    0000000140030740 f   pjsip-core-x86_64-x64-vc14-debug-dynamic:sip_transaction.obj
 0001:0002f810       pjsip_tsx_recv_msg         0000000140030810 f   pjsip-core-x86_64-x64-vc14-debug-dynamic:sip_transaction.obj
 0001:0002f910       pjsip_tsx_send_msg         0000000140030910 f   pjsip-core-x86_64-x64-vc14-debug-dynamic:sip_transaction.obj
 0001:0002fa90       pjsip_tsx_retransmit_no_state 0000000140030a90 f   pjsip-core-x86_64-x64-vc14-debug-dynamic:sip_transaction.obj
 0001:0002fb10       pjsip_tsx_create_key       0000000140030b10 f   pjsip-core-x86_64-x64-vc14-debug-dynamic:sip_transaction.obj
 0001:0002fbd0       pjsip_tsx_terminate        0000000140030bd0 f   pjsip-core-x86_64-x64-vc14-debug-dynamic:sip_transaction.obj
 0001:0002fcf0       pjsip_tsx_stop_retransmit  0000000140030cf0 f   pjsip-core-x86_64-x64-vc14-debug-dynamic:sip_transaction.obj
 0001:0002fe00       pjsip_tsx_set_timeout      0000000140030e00 f   pjsip-core-x86_64-x64-vc14-debug-dynamic:sip_transaction.obj
 0001:0002ff50       pjsip_rdata_get_tsx        0000000140030f50 f   pjsip-core-x86_64-x64-vc14-debug-dynamic:sip_transaction.obj
 0001:0002ff70       pjsip_tsx_layer_dump       0000000140030f70 f   pjsip-core-x86_64-x64-vc14-debug-dynamic:sip_transaction.obj
 0001:00030110       pjsip_tsx_state_str        0000000140031110 f   pjsip-core-x86_64-x64-vc14-debug-dynamic:sip_transaction.obj
 0001:00030130       pjsip_role_name            0000000140031130 f   pjsip-core-x86_64-x64-vc14-debug-dynamic:sip_transaction.obj
 0001:000362a0       pjsip_multipart_create     00000001400372a0 f   pjsip-core-x86_64-x64-vc14-debug-dynamic:sip_multipart.obj
 0001:000364c0       pjsip_multipart_create_part 00000001400374c0 f   pjsip-core-x86_64-x64-vc14-debug-dynamic:sip_multipart.obj
 0001:00036500       pjsip_multipart_clone_part 0000000140037500 f   pjsip-core-x86_64-x64-vc14-debug-dynamic:sip_multipart.obj
 0001:000365a0       pjsip_multipart_add_part   00000001400375a0 f   pjsip-core-x86_64-x64-vc14-debug-dynamic:sip_multipart.obj
 0001:00036700       pjsip_multipart_get_first_part 0000000140037700 f   pjsip-core-x86_64-x64-vc14-debug-dynamic:sip_multipart.obj
 0001:000367d0       pjsip_multipart_get_next_part 00000001400377d0 f   pjsip-core-x86_64-x64-vc14-debug-dynamic:sip_multipart.obj
 0001:00036910       pjsip_multipart_find_part  0000000140037910 f   pjsip-core-x86_64-x64-vc14-debug-dynamic:sip_multipart.obj
 0001:00036a40       pjsip_multipart_parse      0000000140037a40 f   pjsip-core-x86_64-x64-vc14-debug-dynamic:sip_multipart.obj
 0001:00037030       pjsip_multipart_get_raw    0000000140038030 f   pjsip-core-x86_64-x64-vc14-debug-dynamic:sip_multipart.obj
 0001:00038640       pjsip_auth_init_parser     0000000140039640 f   pjsip-core-x86_64-x64-vc14-debug-dynamic:sip_auth_parser.obj
 0001:000387a0       pjsip_auth_deinit_parser   00000001400397a0 f   pjsip-core-x86_64-x64-vc14-debug-dynamic:sip_auth_parser.obj
 0001:00039550       pjsip_endpt_respond        000000014003a550 f   pjsip-core-x86_64-x64-vc14-debug-dynamic:sip_util_statefull.obj
 0001:00039750       pjsip_endpt_send_request   000000014003a750 f   pjsip-core-x86_64-x64-vc14-debug-dynamic:sip_util_statefull.obj
 0001:00039a90       pjsip_authorization_hdr_create 000000014003aa90 f   pjsip-core-x86_64-x64-vc14-debug-dynamic:sip_auth_msg.obj
 0001:00039af0       pjsip_proxy_authorization_hdr_create 000000014003aaf0 f   pjsip-core-x86_64-x64-vc14-debug-dynamic:sip_auth_msg.obj
 0001:00039b50       pjsip_www_authenticate_hdr_create 000000014003ab50 f   pjsip-core-x86_64-x64-vc14-debug-dynamic:sip_auth_msg.obj
 0001:00039bb0       pjsip_proxy_authenticate_hdr_create 000000014003abb0 f   pjsip-core-x86_64-x64-vc14-debug-dynamic:sip_auth_msg.obj
 0001:0003d120       pjlib_util_init            000000014003e120 f   pjlib-util-x86_64-x64-vc14-debug-dynamic:errno.obj
 0001:0003d170       pjlib_util_strerror        000000014003e170 f   pjlib-util-x86_64-x64-vc14-debug-dynamic:errno.obj
 0001:0003d3f0       pj_getopt                  000000014003e3f0 f   pjlib-util-x86_64-x64-vc14-debug-dynamic:getopt.obj
 0001:0003d440       pj_getopt_long             000000014003e440 f   pjlib-util-x86_64-x64-vc14-debug-dynamic:getopt.obj
 0001:0003e960       pj_str_unescape            000000014003f960 f   pjlib-util-x86_64-x64-vc14-debug-dynamic:string.obj
 0001:0003eb10       pj_strcpy_unescape         000000014003fb10 f   pjlib-util-x86_64-x64-vc14-debug-dynamic:string.obj
 0001:0003ec30       pj_strncpy_escape          000000014003fc30 f   pjlib-util-x86_64-x64-vc14-debug-dynamic:string.obj
 0001:0003eca0       pj_strncpy2_escape         000000014003fca0 f   pjlib-util-x86_64-x64-vc14-debug-dynamic:string.obj
 0001:0003f100       pj_dns_settings_default    0000000140040100 f   pjlib-util-x86_64-x64-vc14-debug-dynamic:resolver.obj
 0001:0003f160       pj_dns_resolver_create     0000000140040160 f   pjlib-util-x86_64-x64-vc14-debug-dynamic:resolver.obj
 0001:0003f430       pj_dns_resolver_set_ns     0000000140040430 f   pjlib-util-x86_64-x64-vc14-debug-dynamic:resolver.obj
 0001:0003f6a0       pj_dns_resolver_get_settings 00000001400406a0 f   pjlib-util-x86_64-x64-vc14-debug-dynamic:resolver.obj
 0001:0003f740       pj_dns_resolver_set_settings 0000000140040740 f   pjlib-util-x86_64-x64-vc14-debug-dynamic:resolver.obj
 0001:0003f7e0       pj_dns_resolver_handle_events 00000001400407e0 f   pjlib-util-x86_64-x64-vc14-debug-dynamic:resolver.obj
 0001:0003f870       pj_dns_resolver_destroy    0000000140040870 f   pjlib-util-x86_64-x64-vc14-debug-dynamic:resolver.obj
 0001:0003fae0       pj_dns_resolver_start_query 0000000140040ae0 f   pjlib-util-x86_64-x64-vc14-debug-dynamic:resolver.obj
 0001:00040120       pj_dns_resolver_cancel_query 0000000140041120 f   pjlib-util-x86_64-x64-vc14-debug-dynamic:resolver.obj
 0001:00040210       pj_dns_parse_a_response    0000000140041210 f   pjlib-util-x86_64-x64-vc14-debug-dynamic:resolver.obj
 0001:00040740       pj_dns_parse_addr_response 0000000140041740 f   pjlib-util-x86_64-x64-vc14-debug-dynamic:resolver.obj
 0001:00040d40       pj_dns_resolver_add_entry  0000000140041d40 f   pjlib-util-x86_64-x64-vc14-debug-dynamic:resolver.obj
 0001:000410d0       pj_dns_resolver_get_cached_count 00000001400420d0 f   pjlib-util-x86_64-x64-vc14-debug-dynamic:resolver.obj
 0001:00041150       pj_dns_resolver_dump       0000000140042150 f   pjlib-util-x86_64-x64-vc14-debug-dynamic:resolver.obj
 0001:00044810       pj_cis_buf_init            0000000140045810 f   pjlib-util-x86_64-x64-vc14-debug-dynamic:scanner.obj
 0001:00044850       pj_cis_init                0000000140045850 f   pjlib-util-x86_64-x64-vc14-debug-dynamic:scanner.obj
 0001:00044910       pj_cis_dup                 0000000140045910 f   pjlib-util-x86_64-x64-vc14-debug-dynamic:scanner.obj
 0001:00044a40       pj_cis_add_range           0000000140045a40 f   pjlib-util-x86_64-x64-vc14-debug-dynamic:scanner.obj
 0001:00044ae0       pj_cis_add_alpha           0000000140045ae0 f   pjlib-util-x86_64-x64-vc14-debug-dynamic:scanner.obj
 0001:00044b20       pj_cis_add_num             0000000140045b20 f   pjlib-util-x86_64-x64-vc14-debug-dynamic:scanner.obj
 0001:00044b50       pj_cis_add_str             0000000140045b50 f   pjlib-util-x86_64-x64-vc14-debug-dynamic:scanner.obj
 0001:00044bd0       pj_cis_add_cis             0000000140045bd0 f   pjlib-util-x86_64-x64-vc14-debug-dynamic:scanner.obj
 0001:00044c90       pj_cis_del_range           0000000140045c90 f   pjlib-util-x86_64-x64-vc14-debug-dynamic:scanner.obj
 0001:00044d10       pj_cis_del_str             0000000140045d10 f   pjlib-util-x86_64-x64-vc14-debug-dynamic:scanner.obj
 0001:00044d90       pj_cis_invert              0000000140045d90 f   pjlib-util-x86_64-x64-vc14-debug-dynamic:scanner.obj
 0001:00044e90       pj_scan_init               0000000140045e90 f   pjlib-util-x86_64-x64-vc14-debug-dynamic:scanner.obj
 0001:00044f50       pj_scan_fini               0000000140045f50 f   pjlib-util-x86_64-x64-vc14-debug-dynamic:scanner.obj
 0001:00044f80       pj_scan_peek               0000000140045f80 f   pjlib-util-x86_64-x64-vc14-debug-dynamic:scanner.obj
 0001:00045020       pj_scan_peek_n             0000000140046020 f   pjlib-util-x86_64-x64-vc14-debug-dynamic:scanner.obj
 0001:000450a0       pj_scan_peek_until         00000001400460a0 f   pjlib-util-x86_64-x64-vc14-debug-dynamic:scanner.obj
 0001:00045150       pj_scan_get                0000000140046150 f   pjlib-util-x86_64-x64-vc14-debug-dynamic:scanner.obj
 0001:00045240       pj_scan_get_unescape       0000000140046240 f   pjlib-util-x86_64-x64-vc14-debug-dynamic:scanner.obj
 0001:000454f0       pj_scan_get_quote          00000001400464f0 f   pjlib-util-x86_64-x64-vc14-debug-dynamic:scanner.obj
 0001:00045550       pj_scan_get_quotes         0000000140046550 f   pjlib-util-x86_64-x64-vc14-debug-dynamic:scanner.obj
 0001:00045790       pj_scan_get_n              0000000140046790 f   pjlib-util-x86_64-x64-vc14-debug-dynamic:scanner.obj
 0001:00045830       pj_scan_get_char           0000000140046830 f   pjlib-util-x86_64-x64-vc14-debug-dynamic:scanner.obj
 0001:000458b0       pj_scan_get_until          00000001400468b0 f   pjlib-util-x86_64-x64-vc14-debug-dynamic:scanner.obj
 0001:00045980       pj_scan_get_until_ch       0000000140046980 f   pjlib-util-x86_64-x64-vc14-debug-dynamic:scanner.obj
 0001:00045a40       pj_scan_get_until_chr      0000000140046a40 f   pjlib-util-x86_64-x64-vc14-debug-dynamic:scanner.obj
 0001:00045b20       pj_scan_advance_n          0000000140046b20 f   pjlib-util-x86_64-x64-vc14-debug-dynamic:scanner.obj
 0001:00045ba0       pj_scan_strcmp             0000000140046ba0 f   pjlib-util-x86_64-x64-vc14-debug-dynamic:scanner.obj
 0001:00045c10       pj_scan_stricmp            0000000140046c10 f   pjlib-util-x86_64-x64-vc14-debug-dynamic:scanner.obj
 0001:00045c80       pj_scan_stricmp_alnum      0000000140046c80 f   pjlib-util-x86_64-x64-vc14-debug-dynamic:scanner.obj
 0001:00045cf0       pj_scan_get_newline        0000000140046cf0 f   pjlib-util-x86_64-x64-vc14-debug-dynamic:scanner.obj
 0001:00045db0       pj_scan_skip_whitespace    0000000140046db0 f   pjlib-util-x86_64-x64-vc14-debug-dynamic:scanner.obj
 0001:00046000       pj_scan_skip_line          0000000140047000 f   pjlib-util-x86_64-x64-vc14-debug-dynamic:scanner.obj
 0001:00046090       pj_scan_save_state         0000000140047090 f   pjlib-util-x86_64-x64-vc14-debug-dynamic:scanner.obj
 0001:000460e0       pj_scan_restore_state      00000001400470e0 f   pjlib-util-x86_64-x64-vc14-debug-dynamic:scanner.obj
 0001:000469d0       pj_dns_make_query          00000001400479d0 f   pjlib-util-x86_64-x64-vc14-debug-dynamic:dns.obj
 0001:00046ca0       pj_dns_parse_packet        0000000140047ca0 f   pjlib-util-x86_64-x64-vc14-debug-dynamic:dns.obj
 0001:00047190       pj_dns_packet_dup          0000000140048190 f   pjlib-util-x86_64-x64-vc14-debug-dynamic:dns.obj
 0001:00047610       pj_dns_get_type_name       0000000140048610 f   pjlib-util-x86_64-x64-vc14-debug-dynamic:dns.obj
 0001:00047700       pj_dns_init_srv_rr         0000000140048700 f   pjlib-util-x86_64-x64-vc14-debug-dynamic:dns.obj
 0001:000477b0       pj_dns_init_cname_rr       00000001400487b0 f   pjlib-util-x86_64-x64-vc14-debug-dynamic:dns.obj
 0001:00047840       pj_dns_init_a_rr           0000000140048840 f   pjlib-util-x86_64-x64-vc14-debug-dynamic:dns.obj
 0001:000478c0       pj_dns_init_aaaa_rr        00000001400488c0 f   pjlib-util-x86_64-x64-vc14-debug-dynamic:dns.obj
 0001:00049180       pj_dns_srv_resolve         000000014004a180 f   pjlib-util-x86_64-x64-vc14-debug-dynamic:srv_resolver.obj
 0001:000494f0       pj_dns_srv_cancel_query    000000014004a4f0 f   pjlib-util-x86_64-x64-vc14-debug-dynamic:srv_resolver.obj
 0001:0004bfa0       pj_init                    000000014004cfa0 f   pjlib-x86_64-x64-vc14-debug-dynamic:os_core_win32.obj
 0001:0004c170       pj_shutdown                000000014004d170 f   pjlib-x86_64-x64-vc14-debug-dynamic:os_core_win32.obj
 0001:0004c2b0       pj_atexit                  000000014004d2b0 f   pjlib-x86_64-x64-vc14-debug-dynamic:os_core_win32.obj
 0001:0004c300       pj_getpid                  000000014004d300 f   pjlib-x86_64-x64-vc14-debug-dynamic:os_core_win32.obj
 0001:0004c330       pj_thread_create           000000014004d330 f   pjlib-x86_64-x64-vc14-debug-dynamic:os_core_win32.obj
 0001:0004c590       pj_thread_register         000000014004d590 f   pjlib-x86_64-x64-vc14-debug-dynamic:os_core_win32.obj
 0001:0004c700       pj_thread_is_registered    000000014004d700 f   pjlib-x86_64-x64-vc14-debug-dynamic:os_core_win32.obj
 0001:0004c740       pj_thread_get_prio         000000014004d740 f   pjlib-x86_64-x64-vc14-debug-dynamic:os_core_win32.obj
 0001:0004c770       pj_thread_set_prio         000000014004d770 f   pjlib-x86_64-x64-vc14-debug-dynamic:os_core_win32.obj
 0001:0004c870       pj_thread_get_prio_min     000000014004d870 f   pjlib-x86_64-x64-vc14-debug-dynamic:os_core_win32.obj
 0001:0004c890       pj_thread_get_prio_max     000000014004d890 f   pjlib-x86_64-x64-vc14-debug-dynamic:os_core_win32.obj
 0001:0004c8b0       pj_thread_get_os_handle    000000014004d8b0 f   pjlib-x86_64-x64-vc14-debug-dynamic:os_core_win32.obj
 0001:0004c910       pj_thread_get_name         000000014004d910 f   pjlib-x86_64-x64-vc14-debug-dynamic:os_core_win32.obj
 0001:0004c980       pj_thread_resume           000000014004d980 f   pjlib-x86_64-x64-vc14-debug-dynamic:os_core_win32.obj
 0001:0004ca50       pj_thread_this             000000014004da50 f   pjlib-x86_64-x64-vc14-debug-dynamic:os_core_win32.obj
 0001:0004cab0       pj_thread_join             000000014004dab0 f   pjlib-x86_64-x64-vc14-debug-dynamic:os_core_win32.obj
 0001:0004cbc0       pj_thread_destroy          000000014004dbc0 f   pjlib-x86_64-x64-vc14-debug-dynamic:os_core_win32.obj
 0001:0004cc90       pj_thread_sleep            000000014004dc90 f   pjlib-x86_64-x64-vc14-debug-dynamic:os_core_win32.obj
 0001:0004ccc0       pj_thread_check_stack      000000014004dcc0 f   pjlib-x86_64-x64-vc14-debug-dynamic:os_core_win32.obj
 0001:0004cdc0       pj_thread_get_stack_max_usage 000000014004ddc0 f   pjlib-x86_64-x64-vc14-debug-dynamic:os_core_win32.obj
 0001:0004cde0       pj_thread_get_stack_info   000000014004dde0 f   pjlib-x86_64-x64-vc14-debug-dynamic:os_core_win32.obj
 0001:0004ce50       pj_thread_local_alloc      000000014004de50 f   pjlib-x86_64-x64-vc14-debug-dynamic:os_core_win32.obj
 0001:0004cf00       pj_thread_local_free       000000014004df00 f   pjlib-x86_64-x64-vc14-debug-dynamic:os_core_win32.obj
 0001:0004cf30       pj_thread_local_set        000000014004df30 f   pjlib-x86_64-x64-vc14-debug-dynamic:os_core_win32.obj
 0001:0004cfc0       pj_thread_local_get        000000014004dfc0 f   pjlib-x86_64-x64-vc14-debug-dynamic:os_core_win32.obj
 0001:0004cfe0       pj_atomic_create           000000014004dfe0 f   pjlib-x86_64-x64-vc14-debug-dynamic:os_core_win32.obj
 0001:0004d040       pj_atomic_destroy          000000014004e040 f   pjlib-x86_64-x64-vc14-debug-dynamic:os_core_win32.obj
 0001:0004d090       pj_atomic_set              000000014004e090 f   pjlib-x86_64-x64-vc14-debug-dynamic:os_core_win32.obj
 0001:0004d100       pj_atomic_get              000000014004e100 f   pjlib-x86_64-x64-vc14-debug-dynamic:os_core_win32.obj
 0001:0004d170       pj_atomic_inc              000000014004e170 f   pjlib-x86_64-x64-vc14-debug-dynamic:os_core_win32.obj
 0001:0004d1d0       pj_atomic_inc_and_get      000000014004e1d0 f   pjlib-x86_64-x64-vc14-debug-dynamic:os_core_win32.obj
 0001:0004d210       pj_atomic_dec              000000014004e210 f   pjlib-x86_64-x64-vc14-debug-dynamic:os_core_win32.obj
 0001:0004d270       pj_atomic_dec_and_get      000000014004e270 f   pjlib-x86_64-x64-vc14-debug-dynamic:os_core_win32.obj
 0001:0004d2b0       pj_atomic_add              000000014004e2b0 f   pjlib-x86_64-x64-vc14-debug-dynamic:os_core_win32.obj
 0001:0004d310       pj_atomic_add_and_get      000000014004e310 f   pjlib-x86_64-x64-vc14-debug-dynamic:os_core_win32.obj
 0001:0004d350       pj_mutex_create            000000014004e350 f   pjlib-x86_64-x64-vc14-debug-dynamic:os_core_win32.obj
 0001:0004d410       pj_mutex_create_simple     000000014004e410 f   pjlib-x86_64-x64-vc14-debug-dynamic:os_core_win32.obj
 0001:0004d450       pj_mutex_create_recursive  000000014004e450 f   pjlib-x86_64-x64-vc14-debug-dynamic:os_core_win32.obj
 0001:0004d490       pj_mutex_lock              000000014004e490 f   pjlib-x86_64-x64-vc14-debug-dynamic:os_core_win32.obj
 0001:0004d550       pj_mutex_unlock            000000014004e550 f   pjlib-x86_64-x64-vc14-debug-dynamic:os_core_win32.obj
 0001:0004d630       pj_mutex_trylock           000000014004e630 f   pjlib-x86_64-x64-vc14-debug-dynamic:os_core_win32.obj
 0001:0004d710       pj_mutex_destroy           000000014004e710 f   pjlib-x86_64-x64-vc14-debug-dynamic:os_core_win32.obj
 0001:0004d790       pj_mutex_is_locked         000000014004e790 f   pjlib-x86_64-x64-vc14-debug-dynamic:os_core_win32.obj
 0001:0004d7d0       pj_rwmutex_create          000000014004e7d0 f   pjlib-x86_64-x64-vc14-debug-dynamic:os_core_win32.obj
 0001:0004d8f0       pj_rwmutex_lock_read       000000014004e8f0 f   pjlib-x86_64-x64-vc14-debug-dynamic:os_core_win32.obj
 0001:0004d9f0       pj_rwmutex_lock_write      000000014004e9f0 f   pjlib-x86_64-x64-vc14-debug-dynamic:os_core_win32.obj
 0001:0004da50       pj_rwmutex_unlock_read     000000014004ea50 f   pjlib-x86_64-x64-vc14-debug-dynamic:os_core_win32.obj
 0001:0004db50       pj_rwmutex_unlock_write    000000014004eb50 f   pjlib-x86_64-x64-vc14-debug-dynamic:os_core_win32.obj
 0001:0004dbe0       pj_rwmutex_destroy         000000014004ebe0 f   pjlib-x86_64-x64-vc14-debug-dynamic:os_core_win32.obj
 0001:0004dc50       pj_enter_critical_section  000000014004ec50 f   pjlib-x86_64-x64-vc14-debug-dynamic:os_core_win32.obj
 0001:0004dc70       pj_leave_critical_section  000000014004ec70 f   pjlib-x86_64-x64-vc14-debug-dynamic:os_core_win32.obj
 0001:0004dc90       pj_sem_create              000000014004ec90 f   pjlib-x86_64-x64-vc14-debug-dynamic:os_core_win32.obj
 0001:0004de30       pj_sem_wait                000000014004ee30 f   pjlib-x86_64-x64-vc14-debug-dynamic:os_core_win32.obj
 0001:0004dea0       pj_sem_trywait             000000014004eea0 f   pjlib-x86_64-x64-vc14-debug-dynamic:os_core_win32.obj
 0001:0004df10       pj_sem_post                000000014004ef10 f   pjlib-x86_64-x64-vc14-debug-dynamic:os_core_win32.obj
 0001:0004dfe0       pj_sem_destroy             000000014004efe0 f   pjlib-x86_64-x64-vc14-debug-dynamic:os_core_win32.obj
 0001:0004e0b0       pj_event_create            000000014004f0b0 f   pjlib-x86_64-x64-vc14-debug-dynamic:os_core_win32.obj
 0001:0004e290       pj_event_wait              000000014004f290 f   pjlib-x86_64-x64-vc14-debug-dynamic:os_core_win32.obj
 0001:0004e2f0       pj_event_trywait           000000014004f2f0 f   pjlib-x86_64-x64-vc14-debug-dynamic:os_core_win32.obj
 0001:0004e350       pj_event_set               000000014004f350 f   pjlib-x86_64-x64-vc14-debug-dynamic:os_core_win32.obj
 0001:0004e420       pj_event_pulse             000000014004f420 f   pjlib-x86_64-x64-vc14-debug-dynamic:os_core_win32.obj
 0001:0004e4f0       pj_event_reset             000000014004f4f0 f   pjlib-x86_64-x64-vc14-debug-dynamic:os_core_win32.obj
 0001:0004e5c0       pj_event_destroy           000000014004f5c0 f   pjlib-x86_64-x64-vc14-debug-dynamic:os_core_win32.obj
 0001:0004e690       pj_term_set_color          000000014004f690 f   pjlib-x86_64-x64-vc14-debug-dynamic:os_core_win32.obj
 0001:0004e750       pj_term_get_color          000000014004f750 f   pjlib-x86_64-x64-vc14-debug-dynamic:os_core_win32.obj
 0001:0004e7b0       pj_run_app                 000000014004f7b0 f   pjlib-x86_64-x64-vc14-debug-dynamic:os_core_win32.obj
 0001:0004e7e0       pj_thread_init             000000014004f7e0 f   pjlib-x86_64-x64-vc14-debug-dynamic:os_core_win32.obj
 0001:0004f900       pj_list_insert_before      0000000140050900 f   pjlib-x86_64-x64-vc14-debug-dynamic:list.obj
 0001:0004f930       pj_list_insert_nodes_before 0000000140050930 f   pjlib-x86_64-x64-vc14-debug-dynamic:list.obj
 0001:0004f960       pj_list_insert_after       0000000140050960 f   pjlib-x86_64-x64-vc14-debug-dynamic:list.obj
 0001:0004f9b0       pj_list_insert_nodes_after 00000001400509b0 f   pjlib-x86_64-x64-vc14-debug-dynamic:list.obj
 0001:0004fa10       pj_list_merge_first        0000000140050a10 f   pjlib-x86_64-x64-vc14-debug-dynamic:list.obj
 0001:0004fa70       pj_list_merge_last         0000000140050a70 f   pjlib-x86_64-x64-vc14-debug-dynamic:list.obj
 0001:0004fad0       pj_list_erase              0000000140050ad0 f   pjlib-x86_64-x64-vc14-debug-dynamic:list.obj
 0001:0004fb10       pj_list_find_node          0000000140050b10 f   pjlib-x86_64-x64-vc14-debug-dynamic:list.obj
 0001:0004fb80       pj_list_search             0000000140050b80 f   pjlib-x86_64-x64-vc14-debug-dynamic:list.obj
 0001:0004fc00       pj_list_size               0000000140050c00 f   pjlib-x86_64-x64-vc14-debug-dynamic:list.obj
 0001:0004fdb0       pj_ntohs                   0000000140050db0 f   pjlib-x86_64-x64-vc14-debug-dynamic:sock_bsd.obj
 0001:0004fdd0       pj_htons                   0000000140050dd0 f   pjlib-x86_64-x64-vc14-debug-dynamic:sock_bsd.obj
 0001:0004fdf0       pj_ntohl                   0000000140050df0 f   pjlib-x86_64-x64-vc14-debug-dynamic:sock_bsd.obj
 0001:0004fe10       pj_htonl                   0000000140050e10 f   pjlib-x86_64-x64-vc14-debug-dynamic:sock_bsd.obj
 0001:0004fe30       pj_inet_ntoa               0000000140050e30 f   pjlib-x86_64-x64-vc14-debug-dynamic:sock_bsd.obj
 0001:0004fe70       pj_inet_aton               0000000140050e70 f   pjlib-x86_64-x64-vc14-debug-dynamic:sock_bsd.obj
 0001:0004ffa0       pj_inet_pton               0000000140050fa0 f   pjlib-x86_64-x64-vc14-debug-dynamic:sock_bsd.obj
 0001:00050240       pj_inet_ntop               0000000140051240 f   pjlib-x86_64-x64-vc14-debug-dynamic:sock_bsd.obj
 0001:000504a0       pj_gethostname             00000001400514a0 f   pjlib-x86_64-x64-vc14-debug-dynamic:sock_bsd.obj
 0001:00050530       pj_sock_socket             0000000140051530 f   pjlib-x86_64-x64-vc14-debug-dynamic:sock_bsd.obj
 0001:000506d0       pj_sock_close              00000001400516d0 f   pjlib-x86_64-x64-vc14-debug-dynamic:sock_bsd.obj
 0001:00050760       pj_sock_bind               0000000140051760 f   pjlib-x86_64-x64-vc14-debug-dynamic:sock_bsd.obj
 0001:00050840       pj_sock_bind_in            0000000140051840 f   pjlib-x86_64-x64-vc14-debug-dynamic:sock_bsd.obj
 0001:000508e0       pj_sock_listen             00000001400518e0 f   pjlib-x86_64-x64-vc14-debug-dynamic:sock_bsd.obj
 0001:00050970       pj_sock_accept             0000000140051970 f   pjlib-x86_64-x64-vc14-debug-dynamic:sock_bsd.obj
 0001:00050a50       pj_sock_connect            0000000140051a50 f   pjlib-x86_64-x64-vc14-debug-dynamic:sock_bsd.obj
 0001:00050af0       pj_sock_getpeername        0000000140051af0 f   pjlib-x86_64-x64-vc14-debug-dynamic:sock_bsd.obj
 0001:00050b90       pj_sock_getsockname        0000000140051b90 f   pjlib-x86_64-x64-vc14-debug-dynamic:sock_bsd.obj
 0001:00050c30       pj_sock_getsockopt         0000000140051c30 f   pjlib-x86_64-x64-vc14-debug-dynamic:sock_bsd.obj
 0001:00050d30       pj_sock_setsockopt         0000000140051d30 f   pjlib-x86_64-x64-vc14-debug-dynamic:sock_bsd.obj
 0001:00050e10       pj_sock_setsockopt_params  0000000140051e10 f   pjlib-x86_64-x64-vc14-debug-dynamic:sock_bsd.obj
 0001:00050f60       pj_sock_recv               0000000140051f60 f   pjlib-x86_64-x64-vc14-debug-dynamic:sock_bsd.obj
 0001:00051060       pj_sock_recvfrom           0000000140052060 f   pjlib-x86_64-x64-vc14-debug-dynamic:sock_bsd.obj
 0001:00051170       pj_sock_send               0000000140052170 f   pjlib-x86_64-x64-vc14-debug-dynamic:sock_bsd.obj
 0001:00051260       pj_sock_sendto             0000000140052260 f   pjlib-x86_64-x64-vc14-debug-dynamic:sock_bsd.obj
 0001:00051360       pj_sock_shutdown           0000000140052360 f   pjlib-x86_64-x64-vc14-debug-dynamic:sock_bsd.obj
 0001:00051a00       pj_pool_create             0000000140052a00 f   pjlib-x86_64-x64-vc14-debug-dynamic:pool.obj
 0001:00051a50       pj_pool_release            0000000140052a50 f   pjlib-x86_64-x64-vc14-debug-dynamic:pool.obj
 0001:00051a90       pj_pool_safe_release       0000000140052a90 f   pjlib-x86_64-x64-vc14-debug-dynamic:pool.obj
 0001:00051ad0       pj_pool_secure_release     0000000140052ad0 f   pjlib-x86_64-x64-vc14-debug-dynamic:pool.obj
 0001:00051b80       pj_pool_getobjname         0000000140052b80 f   pjlib-x86_64-x64-vc14-debug-dynamic:pool.obj
 0001:00051ba0       pj_pool_reset              0000000140052ba0 f   pjlib-x86_64-x64-vc14-debug-dynamic:pool.obj
 0001:00051bd0       pj_pool_get_capacity       0000000140052bd0 f   pjlib-x86_64-x64-vc14-debug-dynamic:pool.obj
 0001:00051bf0       pj_pool_get_used_size      0000000140052bf0 f   pjlib-x86_64-x64-vc14-debug-dynamic:pool.obj
 0001:00051c60       pj_pool_alloc              0000000140052c60 f   pjlib-x86_64-x64-vc14-debug-dynamic:pool.obj
 0001:00051cc0       pj_pool_calloc             0000000140052cc0 f   pjlib-x86_64-x64-vc14-debug-dynamic:pool.obj
 0001:00051d20       pj_pool_alloc_from_block   0000000140052d20 f   pjlib-x86_64-x64-vc14-debug-dynamic:pool.obj
 0001:00051db0       pj_pool_allocate_find      0000000140052db0 f   pjlib-x86_64-x64-vc14-debug-dynamic:pool.obj
 0001:00051f30       pj_NO_MEMORY_EXCEPTION     0000000140052f30 f   pjlib-x86_64-x64-vc14-debug-dynamic:pool.obj
 0001:00051f40       pj_pool_create_int         0000000140052f40 f   pjlib-x86_64-x64-vc14-debug-dynamic:pool.obj
 0001:000520d0       pj_pool_init_int           00000001400530d0 f   pjlib-x86_64-x64-vc14-debug-dynamic:pool.obj
 0001:000521b0       pj_pool_destroy_int        00000001400531b0 f   pjlib-x86_64-x64-vc14-debug-dynamic:pool.obj
 0001:000527b0       pj_caching_pool_init       00000001400537b0 f   pjlib-x86_64-x64-vc14-debug-dynamic:pool_caching.obj
 0001:00052910       pj_caching_pool_destroy    0000000140053910 f   pjlib-x86_64-x64-vc14-debug-dynamic:pool_caching.obj
 0001:000534c0       pj_str                     00000001400544c0 f   pjlib-x86_64-x64-vc14-debug-dynamic:string.obj
 0001:00053530       pj_strassign               0000000140054530 f   pjlib-x86_64-x64-vc14-debug-dynamic:string.obj
 0001:00053570       pj_strcpy                  0000000140054570 f   pjlib-x86_64-x64-vc14-debug-dynamic:string.obj
 0001:000535d0       pj_strcpy2                 00000001400545d0 f   pjlib-x86_64-x64-vc14-debug-dynamic:string.obj
 0001:00053650       pj_strncpy                 0000000140054650 f   pjlib-x86_64-x64-vc14-debug-dynamic:string.obj
 0001:000536f0       pj_strncpy_with_null       00000001400546f0 f   pjlib-x86_64-x64-vc14-debug-dynamic:string.obj
 0001:000537a0       pj_strdup                  00000001400547a0 f   pjlib-x86_64-x64-vc14-debug-dynamic:string.obj
 0001:00053830       pj_strdup_with_null        0000000140054830 f   pjlib-x86_64-x64-vc14-debug-dynamic:string.obj
 0001:000538d0       pj_strdup2                 00000001400548d0 f   pjlib-x86_64-x64-vc14-debug-dynamic:string.obj
 0001:00053980       pj_strdup2_with_null       0000000140054980 f   pjlib-x86_64-x64-vc14-debug-dynamic:string.obj
 0001:00053a30       pj_strdup3                 0000000140054a30 f   pjlib-x86_64-x64-vc14-debug-dynamic:string.obj
 0001:00053a80       pj_strcmp                  0000000140054a80 f   pjlib-x86_64-x64-vc14-debug-dynamic:string.obj
 0001:00053bb0       pj_strcmp2                 0000000140054bb0 f   pjlib-x86_64-x64-vc14-debug-dynamic:string.obj
 0001:00053c10       pj_strncmp                 0000000140054c10 f   pjlib-x86_64-x64-vc14-debug-dynamic:string.obj
 0001:00053ca0       pj_strncmp2                0000000140054ca0 f   pjlib-x86_64-x64-vc14-debug-dynamic:string.obj
 0001:00053d00       pj_stricmp                 0000000140054d00 f   pjlib-x86_64-x64-vc14-debug-dynamic:string.obj
 0001:00053e30       pj_stricmp2                0000000140054e30 f   pjlib-x86_64-x64-vc14-debug-dynamic:string.obj
 0001:00053e90       pj_strnicmp                0000000140054e90 f   pjlib-x86_64-x64-vc14-debug-dynamic:string.obj
 0001:00053f20       pj_strnicmp2               0000000140054f20 f   pjlib-x86_64-x64-vc14-debug-dynamic:string.obj
 0001:00053f80       pj_strcat                  0000000140054f80 f   pjlib-x86_64-x64-vc14-debug-dynamic:string.obj
 0001:00053ff0       pj_strcat2                 0000000140054ff0 f   pjlib-x86_64-x64-vc14-debug-dynamic:string.obj
 0001:00054080       pj_strspn                  0000000140055080 f   pjlib-x86_64-x64-vc14-debug-dynamic:string.obj
 0001:00054140       pj_strspn2                 0000000140055140 f   pjlib-x86_64-x64-vc14-debug-dynamic:string.obj
 0001:00054210       pj_strcspn                 0000000140055210 f   pjlib-x86_64-x64-vc14-debug-dynamic:string.obj
 0001:000542b0       pj_strcspn2                00000001400552b0 f   pjlib-x86_64-x64-vc14-debug-dynamic:string.obj
 0001:00054360       pj_strtok                  0000000140055360 f   pjlib-x86_64-x64-vc14-debug-dynamic:string.obj
 0001:00054480       pj_strtok2                 0000000140055480 f   pjlib-x86_64-x64-vc14-debug-dynamic:string.obj
 0001:000545a0       pj_strstr                  00000001400555a0 f   pjlib-x86_64-x64-vc14-debug-dynamic:string.obj
 0001:00054650       pj_stristr                 0000000140055650 f   pjlib-x86_64-x64-vc14-debug-dynamic:string.obj
 0001:00054700       pj_strltrim                0000000140055700 f   pjlib-x86_64-x64-vc14-debug-dynamic:string.obj
 0001:000547a0       pj_strrtrim                00000001400557a0 f   pjlib-x86_64-x64-vc14-debug-dynamic:string.obj
 0001:00054840       pj_strtrim                 0000000140055840 f   pjlib-x86_64-x64-vc14-debug-dynamic:string.obj
 0001:00054870       pj_create_random_string    0000000140055870 f   pjlib-x86_64-x64-vc14-debug-dynamic:string.obj
 0001:000549c0       pj_strtol                  00000001400559c0 f   pjlib-x86_64-x64-vc14-debug-dynamic:string.obj
 0001:00054aa0       pj_strtol2                 0000000140055aa0 f   pjlib-x86_64-x64-vc14-debug-dynamic:string.obj
 0001:00054c90       pj_strtoul                 0000000140055c90 f   pjlib-x86_64-x64-vc14-debug-dynamic:string.obj
 0001:00054d20       pj_strtoul2                0000000140055d20 f   pjlib-x86_64-x64-vc14-debug-dynamic:string.obj
 0001:00054eb0       pj_strtoul3                0000000140055eb0 f   pjlib-x86_64-x64-vc14-debug-dynamic:string.obj
 0001:00055190       pj_strtof                  0000000140056190 f   pjlib-x86_64-x64-vc14-debug-dynamic:string.obj
 0001:00055360       pj_utoa                    0000000140056360 f   pjlib-x86_64-x64-vc14-debug-dynamic:string.obj
 0001:00055390       pj_utoa_pad                0000000140056390 f   pjlib-x86_64-x64-vc14-debug-dynamic:string.obj
 0001:00055ee0       pj_log                     0000000140056ee0 f   pjlib-x86_64-x64-vc14-debug-dynamic:log.obj
 0001:00056750       pj_log_set_log_func        0000000140057750 f   pjlib-x86_64-x64-vc14-debug-dynamic:log.obj
 0001:00056770       pj_log_get_log_func        0000000140057770 f   pjlib-x86_64-x64-vc14-debug-dynamic:log.obj
 0001:00056780       pj_log_set_level           0000000140057780 f   pjlib-x86_64-x64-vc14-debug-dynamic:log.obj
 0001:000567a0       pj_log_get_level           00000001400577a0 f   pjlib-x86_64-x64-vc14-debug-dynamic:log.obj
 0001:000567b0       pj_log_set_decor           00000001400577b0 f   pjlib-x86_64-x64-vc14-debug-dynamic:log.obj
 0001:000567d0       pj_log_get_decor           00000001400577d0 f   pjlib-x86_64-x64-vc14-debug-dynamic:log.obj
 0001:000567e0       pj_log_add_indent          00000001400577e0 f   pjlib-x86_64-x64-vc14-debug-dynamic:log.obj
 0001:00056810       pj_log_push_indent         0000000140057810 f   pjlib-x86_64-x64-vc14-debug-dynamic:log.obj
 0001:00056830       pj_log_pop_indent          0000000140057830 f   pjlib-x86_64-x64-vc14-debug-dynamic:log.obj
 0001:00056850       pj_log_set_color           0000000140057850 f   pjlib-x86_64-x64-vc14-debug-dynamic:log.obj
 0001:00056970       pj_log_get_color           0000000140057970 f   pjlib-x86_64-x64-vc14-debug-dynamic:log.obj
 0001:00056a10       pj_log_init                0000000140057a10 f   pjlib-x86_64-x64-vc14-debug-dynamic:log.obj
 0001:00056a90       pj_log_1                   0000000140057a90 f   pjlib-x86_64-x64-vc14-debug-dynamic:log.obj
 0001:00056ae0       pj_log_2                   0000000140057ae0 f   pjlib-x86_64-x64-vc14-debug-dynamic:log.obj
 0001:00056b30       pj_log_3                   0000000140057b30 f   pjlib-x86_64-x64-vc14-debug-dynamic:log.obj
 0001:00056b80       pj_log_4                   0000000140057b80 f   pjlib-x86_64-x64-vc14-debug-dynamic:log.obj
 0001:00056bd0       pj_log_5                   0000000140057bd0 f   pjlib-x86_64-x64-vc14-debug-dynamic:log.obj
 0001:00057220       pj_pool_factory_get_default_policy 0000000140058220 f   pjlib-x86_64-x64-vc14-debug-dynamic:pool_policy_malloc.obj
 0001:000573b0       pj_strerror                00000001400583b0 f   pjlib-x86_64-x64-vc14-debug-dynamic:errno.obj
 0001:00057650       pj_perror                  0000000140058650 f   pjlib-x86_64-x64-vc14-debug-dynamic:errno.obj
 0001:000576b0       pj_register_strerror       00000001400586b0 f   pjlib-x86_64-x64-vc14-debug-dynamic:errno.obj
 0001:00057910       pj_errno_clear_handlers    0000000140058910 f   pjlib-x86_64-x64-vc14-debug-dynamic:errno.obj
 0001:00057940       pj_perror_1                0000000140058940 f   pjlib-x86_64-x64-vc14-debug-dynamic:errno.obj
 0001:000579a0       pj_perror_2                00000001400589a0 f   pjlib-x86_64-x64-vc14-debug-dynamic:errno.obj
 0001:00057a00       pj_perror_3                0000000140058a00 f   pjlib-x86_64-x64-vc14-debug-dynamic:errno.obj
 0001:00057a60       pj_perror_4                0000000140058a60 f   pjlib-x86_64-x64-vc14-debug-dynamic:errno.obj
 0001:00057ac0       pj_perror_5                0000000140058ac0 f   pjlib-x86_64-x64-vc14-debug-dynamic:errno.obj
 0001:00058050       pj_ioqueue_name            0000000140059050 f   pjlib-x86_64-x64-vc14-debug-dynamic:ioqueue_select.obj
 0001:00058060       pj_ioqueue_create          0000000140059060 f   pjlib-x86_64-x64-vc14-debug-dynamic:ioqueue_select.obj
 0001:00058350       pj_ioqueue_destroy         0000000140059350 f   pjlib-x86_64-x64-vc14-debug-dynamic:ioqueue_select.obj
 0001:00058490       pj_ioqueue_set_lock        0000000140059490 f   pjlib-x86_64-x64-vc14-debug-dynamic:ioqueue_select.obj
 0001:00058540       pj_ioqueue_set_default_concurrency 0000000140059540 f   pjlib-x86_64-x64-vc14-debug-dynamic:ioqueue_select.obj
 0001:000585a0       pj_ioqueue_register_sock   00000001400595a0 f   pjlib-x86_64-x64-vc14-debug-dynamic:ioqueue_select.obj
 0001:00058600       pj_ioqueue_register_sock2  0000000140059600 f   pjlib-x86_64-x64-vc14-debug-dynamic:ioqueue_select.obj
 0001:000588b0       pj_ioqueue_unregister      00000001400598b0 f   pjlib-x86_64-x64-vc14-debug-dynamic:ioqueue_select.obj
 0001:00058ac0       pj_ioqueue_get_user_data   0000000140059ac0 f   pjlib-x86_64-x64-vc14-debug-dynamic:ioqueue_select.obj
 0001:00058b20       pj_ioqueue_set_user_data   0000000140059b20 f   pjlib-x86_64-x64-vc14-debug-dynamic:ioqueue_select.obj
 0001:00058ba0       pj_ioqueue_set_concurrency 0000000140059ba0 f   pjlib-x86_64-x64-vc14-debug-dynamic:ioqueue_select.obj
 0001:00058c50       pj_ioqueue_lock_key        0000000140059c50 f   pjlib-x86_64-x64-vc14-debug-dynamic:ioqueue_select.obj
 0001:00058c90       pj_ioqueue_trylock_key     0000000140059c90 f   pjlib-x86_64-x64-vc14-debug-dynamic:ioqueue_select.obj
 0001:00058cd0       pj_ioqueue_unlock_key      0000000140059cd0 f   pjlib-x86_64-x64-vc14-debug-dynamic:ioqueue_select.obj
 0001:00058d10       pj_ioqueue_op_key_init     0000000140059d10 f   pjlib-x86_64-x64-vc14-debug-dynamic:ioqueue_select.obj
 0001:00058d40       pj_ioqueue_is_pending      0000000140059d40 f   pjlib-x86_64-x64-vc14-debug-dynamic:ioqueue_select.obj
 0001:00058d90       pj_ioqueue_post_completion 0000000140059d90 f   pjlib-x86_64-x64-vc14-debug-dynamic:ioqueue_select.obj
 0001:00058f70       pj_ioqueue_accept          0000000140059f70 f   pjlib-x86_64-x64-vc14-debug-dynamic:ioqueue_select.obj
 0001:000591c0       pj_ioqueue_connect         000000014005a1c0 f   pjlib-x86_64-x64-vc14-debug-dynamic:ioqueue_select.obj
 0001:00059320       pj_ioqueue_poll            000000014005a320 f   pjlib-x86_64-x64-vc14-debug-dynamic:ioqueue_select.obj
 0001:00059900       pj_ioqueue_recv            000000014005a900 f   pjlib-x86_64-x64-vc14-debug-dynamic:ioqueue_select.obj
 0001:00059b30       pj_ioqueue_recvfrom        000000014005ab30 f   pjlib-x86_64-x64-vc14-debug-dynamic:ioqueue_select.obj
 0001:00059da0       pj_ioqueue_send            000000014005ada0 f   pjlib-x86_64-x64-vc14-debug-dynamic:ioqueue_select.obj
 0001:00059fe0       pj_ioqueue_sendto          000000014005afe0 f   pjlib-x86_64-x64-vc14-debug-dynamic:ioqueue_select.obj
 0001:0005a850       ioqueue_dispatch_write_event 000000014005b850 f   pjlib-x86_64-x64-vc14-debug-dynamic:ioqueue_select.obj
 0001:0005ad20       ioqueue_dispatch_read_event 000000014005bd20 f   pjlib-x86_64-x64-vc14-debug-dynamic:ioqueue_select.obj
 0001:0005b0c0       ioqueue_dispatch_exception_event 000000014005c0c0 f   pjlib-x86_64-x64-vc14-debug-dynamic:ioqueue_select.obj
 0001:0005c280       pj_lock_create_simple_mutex 000000014005d280 f   pjlib-x86_64-x64-vc14-debug-dynamic:lock.obj
 0001:0005c2c0       pj_lock_create_recursive_mutex 000000014005d2c0 f   pjlib-x86_64-x64-vc14-debug-dynamic:lock.obj
 0001:0005c300       pj_lock_create_null_mutex  000000014005d300 f   pjlib-x86_64-x64-vc14-debug-dynamic:lock.obj
 0001:0005c370       pj_lock_create_semaphore   000000014005d370 f   pjlib-x86_64-x64-vc14-debug-dynamic:lock.obj
 0001:0005c480       pj_lock_acquire            000000014005d480 f   pjlib-x86_64-x64-vc14-debug-dynamic:lock.obj
 0001:0005c4e0       pj_lock_tryacquire         000000014005d4e0 f   pjlib-x86_64-x64-vc14-debug-dynamic:lock.obj
 0001:0005c540       pj_lock_release            000000014005d540 f   pjlib-x86_64-x64-vc14-debug-dynamic:lock.obj
 0001:0005c5a0       pj_lock_destroy            000000014005d5a0 f   pjlib-x86_64-x64-vc14-debug-dynamic:lock.obj
 0001:0005c600       pj_grp_lock_config_default 000000014005d600 f   pjlib-x86_64-x64-vc14-debug-dynamic:lock.obj
 0001:0005c630       pj_grp_lock_create         000000014005d630 f   pjlib-x86_64-x64-vc14-debug-dynamic:lock.obj
 0001:0005c820       pj_grp_lock_create_w_handler 000000014005d820 f   pjlib-x86_64-x64-vc14-debug-dynamic:lock.obj
 0001:0005c890       pj_grp_lock_destroy        000000014005d890 f   pjlib-x86_64-x64-vc14-debug-dynamic:lock.obj
 0001:0005c8b0       pj_grp_lock_replace        000000014005d8b0 f   pjlib-x86_64-x64-vc14-debug-dynamic:lock.obj
 0001:0005c970       pj_grp_lock_acquire        000000014005d970 f   pjlib-x86_64-x64-vc14-debug-dynamic:lock.obj
 0001:0005c990       pj_grp_lock_tryacquire     000000014005d990 f   pjlib-x86_64-x64-vc14-debug-dynamic:lock.obj
 0001:0005c9b0       pj_grp_lock_release        000000014005d9b0 f   pjlib-x86_64-x64-vc14-debug-dynamic:lock.obj
 0001:0005c9d0       pj_grp_lock_add_handler    000000014005d9d0 f   pjlib-x86_64-x64-vc14-debug-dynamic:lock.obj
 0001:0005ca20       pj_grp_lock_del_handler    000000014005da20 f   pjlib-x86_64-x64-vc14-debug-dynamic:lock.obj
 0001:0005cac0       pj_grp_lock_add_ref        000000014005dac0 f   pjlib-x86_64-x64-vc14-debug-dynamic:lock.obj
 0001:0005cae0       pj_grp_lock_dec_ref        000000014005dae0 f   pjlib-x86_64-x64-vc14-debug-dynamic:lock.obj
 0001:0005cb00       pj_grp_lock_get_ref        000000014005db00 f   pjlib-x86_64-x64-vc14-debug-dynamic:lock.obj
 0001:0005cb30       pj_grp_lock_dump           000000014005db30 f   pjlib-x86_64-x64-vc14-debug-dynamic:lock.obj
 0001:0005cb80       pj_grp_lock_chain_lock     000000014005db80 f   pjlib-x86_64-x64-vc14-debug-dynamic:lock.obj
 0001:0005cc70       pj_grp_lock_unchain_lock   000000014005dc70 f   pjlib-x86_64-x64-vc14-debug-dynamic:lock.obj
 0001:0005d970       pj_timer_heap_mem_size     000000014005e970 f   pjlib-x86_64-x64-vc14-debug-dynamic:timer.obj
 0001:0005d990       pj_timer_heap_create       000000014005e990 f   pjlib-x86_64-x64-vc14-debug-dynamic:timer.obj
 0001:0005db80       pj_timer_heap_destroy      000000014005eb80 f   pjlib-x86_64-x64-vc14-debug-dynamic:timer.obj
 0001:0005dbd0       pj_timer_heap_set_lock     000000014005ebd0 f   pjlib-x86_64-x64-vc14-debug-dynamic:timer.obj
 0001:0005dc30       pj_timer_heap_set_max_timed_out_per_poll 000000014005ec30 f   pjlib-x86_64-x64-vc14-debug-dynamic:timer.obj
 0001:0005dc70       pj_timer_entry_init        000000014005ec70 f   pjlib-x86_64-x64-vc14-debug-dynamic:timer.obj
 0001:0005dd00       pj_timer_entry_running     000000014005ed00 f   pjlib-x86_64-x64-vc14-debug-dynamic:timer.obj
 0001:0005dd40       pj_timer_heap_schedule_dbg 000000014005ed40 f   pjlib-x86_64-x64-vc14-debug-dynamic:timer.obj
 0001:0005dda0       pj_timer_heap_schedule_w_grp_lock_dbg 000000014005eda0 f   pjlib-x86_64-x64-vc14-debug-dynamic:timer.obj
 0001:0005de10       pj_timer_heap_cancel       000000014005ee10 f   pjlib-x86_64-x64-vc14-debug-dynamic:timer.obj
 0001:0005de40       pj_timer_heap_cancel_if_active 000000014005ee40 f   pjlib-x86_64-x64-vc14-debug-dynamic:timer.obj
 0001:0005de80       pj_timer_heap_count        000000014005ee80 f   pjlib-x86_64-x64-vc14-debug-dynamic:timer.obj
 0001:0005dee0       pj_timer_heap_earliest_time 000000014005eee0 f   pjlib-x86_64-x64-vc14-debug-dynamic:timer.obj
 0001:0005df70       pj_timer_heap_poll         000000014005ef70 f   pjlib-x86_64-x64-vc14-debug-dynamic:timer.obj
 0001:0005e320       pj_timer_heap_dump         000000014005f320 f   pjlib-x86_64-x64-vc14-debug-dynamic:timer.obj
 0001:0005fc30       pj_get_os_error            0000000140060c30 f   pjlib-x86_64-x64-vc14-debug-dynamic:os_error_win32.obj
 0001:0005fc70       pj_set_os_error            0000000140060c70 f   pjlib-x86_64-x64-vc14-debug-dynamic:os_error_win32.obj
 0001:0005fcb0       pj_get_netos_error         0000000140060cb0 f   pjlib-x86_64-x64-vc14-debug-dynamic:os_error_win32.obj
 0001:0005fcf0       pj_set_netos_error         0000000140060cf0 f   pjlib-x86_64-x64-vc14-debug-dynamic:os_error_win32.obj
 0001:0005fd70       platform_strerror          0000000140060d70 f   pjlib-x86_64-x64-vc14-debug-dynamic:os_error_win32.obj
 0001:000600b0       pj_exception_id_alloc      00000001400610b0 f   pjlib-x86_64-x64-vc14-debug-dynamic:except.obj
 0001:00060130       pj_exception_id_free       0000000140061130 f   pjlib-x86_64-x64-vc14-debug-dynamic:except.obj
 0001:000601b0       pj_exception_id_name       00000001400611b0 f   pjlib-x86_64-x64-vc14-debug-dynamic:except.obj
[...]
 0003:0003cbf0       $SG60860                   00000001400b6bf0     pjlib-x86_64-x64-vc14-debug-dynamic:activesock.obj
 0003:0003cce8       $SG60861                   00000001400b6ce8     pjlib-x86_64-x64-vc14-debug-dynamic:activesock.obj
 0003:0003cd30       $SG60863                   00000001400b6d30     pjlib-x86_64-x64-vc14-debug-dynamic:activesock.obj
 0003:0003ce28       $SG60864                   00000001400b6e28     pjlib-x86_64-x64-vc14-debug-dynamic:activesock.obj
 0003:0003ce58       $SG61048                   00000001400b6e58     pjlib-x86_64-x64-vc14-debug-dynamic:activesock.obj
 0003:0003ce70       $SG60959                   00000001400b6e70     pjlib-x86_64-x64-vc14-debug-dynamic:activesock.obj
 0003:0003cf70       $SG60960                   00000001400b6f70     pjlib-x86_64-x64-vc14-debug-dynamic:activesock.obj
 0003:0003cfc0       $SG60989                   00000001400b6fc0     pjlib-x86_64-x64-vc14-debug-dynamic:activesock.obj
 0003:0003d0c0       $SG60990                   00000001400b70c0     pjlib-x86_64-x64-vc14-debug-dynamic:activesock.obj
 0003:0003d130       $SG61047                   00000001400b7130     pjlib-x86_64-x64-vc14-debug-dynamic:activesock.obj
 0003:0003d230       $SG61050                   00000001400b7230     pjlib-x86_64-x64-vc14-debug-dynamic:activesock.obj
 0003:0003d328       $SG61051                   00000001400b7328     pjlib-x86_64-x64-vc14-debug-dynamic:activesock.obj
 0003:0003d370       $SG61082                   00000001400b7370     pjlib-x86_64-x64-vc14-debug-dynamic:activesock.obj
 0003:0003d8c0       $SG15162                   00000001400b78c0     pjlib-x86_64-x64-vc14-debug-dynamic:hash.obj
 0003:0003d940       $SG15288                   00000001400b7940     pjlib-x86_64-x64-vc14-debug-dynamic:hash.obj
 0003:0003da30       $SG15289                   00000001400b7a30     pjlib-x86_64-x64-vc14-debug-dynamic:hash.obj
 0003:0003da60       $SG15441                   00000001400b7a60     pjlib-x86_64-x64-vc14-debug-dynamic:hash.obj
 0003:0003db40       $SG59800                   00000001400b7b40     pjlib-x86_64-x64-vc14-debug-dynamic:addr_resolv_sock.obj
 0003:0003dc50       $SG59801                   00000001400b7c50     pjlib-x86_64-x64-vc14-debug-dynamic:addr_resolv_sock.obj
 0003:0003dca0       $SG59830                   00000001400b7ca0     pjlib-x86_64-x64-vc14-debug-dynamic:addr_resolv_sock.obj
 0003:0003dda8       $SG59831                   00000001400b7da8     pjlib-x86_64-x64-vc14-debug-dynamic:addr_resolv_sock.obj
 0003:0003de50       tls                        00000001400b7e50     pjlib-x86_64-x64-vc14-debug-dynamic:pool_buf.obj
 0003:0003de60       $SG8543                    00000001400b7e60     pjlib-x86_64-x64-vc14-debug-dynamic:pool_buf.obj
 0003:0003df58       $SG8544                    00000001400b7f58     pjlib-x86_64-x64-vc14-debug-dynamic:pool_buf.obj
 0003:0003df80       $SG8566                    00000001400b7f80     pjlib-x86_64-x64-vc14-debug-dynamic:pool_buf.obj
 0003:0003e078       $SG8567                    00000001400b8078     pjlib-x86_64-x64-vc14-debug-dynamic:pool_buf.obj
 0003:0003e110       $SG8120                    00000001400b8110     pjlib-x86_64-x64-vc14-debug-dynamic:config.obj
 0003:0003e11c       $SG8125                    00000001400b811c     pjlib-x86_64-x64-vc14-debug-dynamic:config.obj
 0003:0003e128       id                         00000001400b8128     pjlib-x86_64-x64-vc14-debug-dynamic:config.obj
 0003:0003e130       $SG8233                    00000001400b8130     pjlib-x86_64-x64-vc14-debug-dynamic:config.obj
 0003:0003e150       $SG8235                    00000001400b8150     pjlib-x86_64-x64-vc14-debug-dynamic:config.obj
 0003:0003e168       $SG8237                    00000001400b8168     pjlib-x86_64-x64-vc14-debug-dynamic:config.obj
 0003:0003e188       $SG8239                    00000001400b8188     pjlib-x86_64-x64-vc14-debug-dynamic:config.obj
 0003:0003e190       $SG8240                    00000001400b8190     pjlib-x86_64-x64-vc14-debug-dynamic:config.obj
 0003:0003e1b0       $SG8242                    00000001400b81b0     pjlib-x86_64-x64-vc14-debug-dynamic:config.obj
 0003:0003e1d0       $SG8244                    00000001400b81d0     pjlib-x86_64-x64-vc14-debug-dynamic:config.obj
 0003:0003e1d8       $SG8245                    00000001400b81d8     pjlib-x86_64-x64-vc14-debug-dynamic:config.obj
 0003:0003e1f8       $SG8247                    00000001400b81f8     pjlib-x86_64-x64-vc14-debug-dynamic:config.obj
 0003:0003e200       $SG8248                    00000001400b8200     pjlib-x86_64-x64-vc14-debug-dynamic:config.obj
 0003:0003e230       $SG8250                    00000001400b8230     pjlib-x86_64-x64-vc14-debug-dynamic:config.obj
 0003:0003e240       $SG8251                    00000001400b8240     pjlib-x86_64-x64-vc14-debug-dynamic:config.obj
 0003:0003e260       $SG8253                    00000001400b8260     pjlib-x86_64-x64-vc14-debug-dynamic:config.obj
 0003:0003e280       $SG8255                    00000001400b8280     pjlib-x86_64-x64-vc14-debug-dynamic:config.obj
 0003:0003e2a0       $SG8257                    00000001400b82a0     pjlib-x86_64-x64-vc14-debug-dynamic:config.obj
 0003:0003e2c0       $SG8259                    00000001400b82c0     pjlib-x86_64-x64-vc14-debug-dynamic:config.obj
 0003:0003e2e0       $SG8261                    00000001400b82e0     pjlib-x86_64-x64-vc14-debug-dynamic:config.obj
 0003:0003e300       $SG8263                    00000001400b8300     pjlib-x86_64-x64-vc14-debug-dynamic:config.obj
 0003:0003e320       $SG8265                    00000001400b8320     pjlib-x86_64-x64-vc14-debug-dynamic:config.obj
 0003:0003e340       $SG8267                    00000001400b8340     pjlib-x86_64-x64-vc14-debug-dynamic:config.obj
 0003:0003e360       $SG8269                    00000001400b8360     pjlib-x86_64-x64-vc14-debug-dynamic:config.obj
 0003:0003e380       $SG8271                    00000001400b8380     pjlib-x86_64-x64-vc14-debug-dynamic:config.obj
 0003:0003e3a0       $SG8273                    00000001400b83a0     pjlib-x86_64-x64-vc14-debug-dynamic:config.obj
 0003:0003e3c0       $SG8275                    00000001400b83c0     pjlib-x86_64-x64-vc14-debug-dynamic:config.obj
 0003:0003e3e0       $SG8277                    00000001400b83e0     pjlib-x86_64-x64-vc14-debug-dynamic:config.obj
 0003:0003e400       $SG8279                    00000001400b8400     pjlib-x86_64-x64-vc14-debug-dynamic:config.obj
 0003:0003e420       $SG8281                    00000001400b8420     pjlib-x86_64-x64-vc14-debug-dynamic:config.obj
 0003:0003e440       $SG8283                    00000001400b8440     pjlib-x86_64-x64-vc14-debug-dynamic:config.obj
 0003:0003e460       $SG8285                    00000001400b8460     pjlib-x86_64-x64-vc14-debug-dynamic:config.obj
 0003:0003e480       $SG8287                    00000001400b8480     pjlib-x86_64-x64-vc14-debug-dynamic:config.obj
 0003:0003e4a0       $SG8289                    00000001400b84a0     pjlib-x86_64-x64-vc14-debug-dynamic:config.obj
 0003:0003e4c0       $SG8291                    00000001400b84c0     pjlib-x86_64-x64-vc14-debug-dynamic:config.obj
 0003:0003e4e0       $SG8293                    00000001400b84e0     pjlib-x86_64-x64-vc14-debug-dynamic:config.obj
 0003:0003e500       $SG8295                    00000001400b8500     pjlib-x86_64-x64-vc14-debug-dynamic:config.obj
 0003:0003e520       $SG8297                    00000001400b8520     pjlib-x86_64-x64-vc14-debug-dynamic:config.obj
 0003:0003e540       $SG8299                    00000001400b8540     pjlib-x86_64-x64-vc14-debug-dynamic:config.obj
 0003:0003e560       $SG8301                    00000001400b8560     pjlib-x86_64-x64-vc14-debug-dynamic:config.obj
 0003:0003e580       $SG8303                    00000001400b8580     pjlib-x86_64-x64-vc14-debug-dynamic:config.obj
 0003:0003e690       $SG11287                   00000001400b8690     pjlib-x86_64-x64-vc14-debug-dynamic:log_writer_stdout.obj
 0003:0003e714       $SG11290                   00000001400b8714     pjlib-x86_64-x64-vc14-debug-dynamic:log_writer_stdout.obj
 0003:0003e718       $SG11291                   00000001400b8718     pjlib-x86_64-x64-vc14-debug-dynamic:log_writer_stdout.obj
 0003:0003e740       $SG54821                   00000001400b8740     pjlib-x86_64-x64-vc14-debug-dynamic:sock_select.obj
 0003:0003e7c0       $SG54851                   00000001400b87c0     pjlib-x86_64-x64-vc14-debug-dynamic:sock_select.obj
 0003:0003e840       $SG54887                   00000001400b8840     pjlib-x86_64-x64-vc14-debug-dynamic:sock_select.obj
 0003:0003e8c0       $SG54909                   00000001400b88c0     pjlib-x86_64-x64-vc14-debug-dynamic:sock_select.obj
 0003:0003e940       $SG54945                   00000001400b8940     pjlib-x86_64-x64-vc14-debug-dynamic:sock_select.obj
 0003:0003ea40       $SG62196                   00000001400b8a40     pjlib-x86_64-x64-vc14-debug-dynamic:ip_helper_win32.obj
 0003:0003ea50       $SG62211                   00000001400b8a50     pjlib-x86_64-x64-vc14-debug-dynamic:ip_helper_win32.obj
 0003:0003ea60       $SG62229                   00000001400b8a60     pjlib-x86_64-x64-vc14-debug-dynamic:ip_helper_win32.obj
 0003:0003ea78       $SG62239                   00000001400b8a78     pjlib-x86_64-x64-vc14-debug-dynamic:ip_helper_win32.obj
 0003:0003ea88       $SG62253                   00000001400b8a88     pjlib-x86_64-x64-vc14-debug-dynamic:ip_helper_win32.obj
 0003:0003eaa0       $SG62282                   00000001400b8aa0     pjlib-x86_64-x64-vc14-debug-dynamic:ip_helper_win32.obj
 0003:0003eba0       $SG62283                   00000001400b8ba0     pjlib-x86_64-x64-vc14-debug-dynamic:ip_helper_win32.obj
 0003:0003ebc0       $SG62354                   00000001400b8bc0     pjlib-x86_64-x64-vc14-debug-dynamic:ip_helper_win32.obj
 0003:0003ecc0       $SG62355                   00000001400b8cc0     pjlib-x86_64-x64-vc14-debug-dynamic:ip_helper_win32.obj
 0003:0003ece0       $SG62357                   00000001400b8ce0     pjlib-x86_64-x64-vc14-debug-dynamic:ip_helper_win32.obj
 0003:0003ede0       $SG62358                   00000001400b8de0     pjlib-x86_64-x64-vc14-debug-dynamic:ip_helper_win32.obj
 0003:0003ee50       $SG62401                   00000001400b8e50     pjlib-x86_64-x64-vc14-debug-dynamic:ip_helper_win32.obj
 0003:0003ef50       $SG62402                   00000001400b8f50     pjlib-x86_64-x64-vc14-debug-dynamic:ip_helper_win32.obj
 0003:0003f240       sip_endpt                  00000001400b9240     sipstateless.obj
 0003:0003f248       $SG21930                   00000001400b9248     sipstateless.obj
 0003:0003f250       status_phrase              00000001400b9250     pjsip-core-x86_64-x64-vc14-debug-dynamic:sip_msg.obj
 0003:00041eb0       ?is_initialized@?1??pjsip_get_status_text@@9@9 00000001400bbeb0     pjsip-core-x86_64-x64-vc14-debug-dynamic:sip_msg.obj
 0003:00041eb4       $SG18157                   00000001400bbeb4     pjsip-core-x86_64-x64-vc14-debug-dynamic:sip_msg.obj
 0003:00041eb5       $SG18160                   00000001400bbeb5     pjsip-core-x86_64-x64-vc14-debug-dynamic:sip_msg.obj
 0003:00041eb6       $SG18249                   00000001400bbeb6     pjsip-core-x86_64-x64-vc14-debug-dynamic:sip_msg.obj
 0003:00042798       $SG64599                   00000001400bc798     pjsip-core-x86_64-x64-vc14-debug-dynamic:sip_transport_udp.obj
 0003:00042799       $SG64600                   00000001400bc799     pjsip-core-x86_64-x64-vc14-debug-dynamic:sip_transport_udp.obj
 0003:0004279a       $SG16334                   00000001400bc79a     pjsip-core-x86_64-x64-vc14-debug-dynamic:sip_uri.obj
 0003:0004279b       $SG16337                   00000001400bc79b     pjsip-core-x86_64-x64-vc14-debug-dynamic:sip_uri.obj
 0003:000427a0       handler                    00000001400bc7a0     pjsip-core-x86_64-x64-vc14-debug-dynamic:sip_parser.obj
 0003:000442a0       handler_count              00000001400be2a0     pjsip-core-x86_64-x64-vc14-debug-dynamic:sip_parser.obj
 0003:000442a4       parser_is_initialized      00000001400be2a4     pjsip-core-x86_64-x64-vc14-debug-dynamic:sip_parser.obj
 0003:000442a8       uri_handler_count          00000001400be2a8     pjsip-core-x86_64-x64-vc14-debug-dynamic:sip_parser.obj
 0003:000442b0       uri_handler                00000001400be2b0     pjsip-core-x86_64-x64-vc14-debug-dynamic:sip_parser.obj
 0003:00044310       cis_buf                    00000001400be310     pjsip-core-x86_64-x64-vc14-debug-dynamic:sip_parser.obj
 0003:00044d5e       $SG20094                   00000001400bed5e     pjsip-core-x86_64-x64-vc14-debug-dynamic:sip_transport.obj
 0003:00044d5f       $SG20096                   00000001400bed5f     pjsip-core-x86_64-x64-vc14-debug-dynamic:sip_transport.obj
 0003:00044d60       $SG20097                   00000001400bed60     pjsip-core-x86_64-x64-vc14-debug-dynamic:sip_transport.obj
 0003:00044d61       $SG20099                   00000001400bed61     pjsip-core-x86_64-x64-vc14-debug-dynamic:sip_transport.obj
 0003:00044d70       cis_buf                    00000001400bed70     pjsip-core-x86_64-x64-vc14-debug-dynamic:sip_tel_uri.obj
 0003:00045178       pjsip_TEL_NUMBER_SPEC      00000001400bf178     pjsip-core-x86_64-x64-vc14-debug-dynamic:sip_tel_uri.obj
 0003:00045188       pjsip_TEL_EXT_VALUE_SPEC   00000001400bf188     pjsip-core-x86_64-x64-vc14-debug-dynamic:sip_tel_uri.obj
 0003:00045198       pjsip_TEL_PHONE_CONTEXT_SPEC 00000001400bf198     pjsip-core-x86_64-x64-vc14-debug-dynamic:sip_tel_uri.obj
 0003:000451a8       pjsip_TEL_URIC_SPEC        00000001400bf1a8     pjsip-core-x86_64-x64-vc14-debug-dynamic:sip_tel_uri.obj
 0003:000451b8       pjsip_TEL_VISUAL_SEP_SPEC  00000001400bf1b8     pjsip-core-x86_64-x64-vc14-debug-dynamic:sip_tel_uri.obj
 0003:000451c8       pjsip_TEL_PNAME_SPEC       00000001400bf1c8     pjsip-core-x86_64-x64-vc14-debug-dynamic:sip_tel_uri.obj
 0003:000451d8       pjsip_TEL_PVALUE_SPEC      00000001400bf1d8     pjsip-core-x86_64-x64-vc14-debug-dynamic:sip_tel_uri.obj
 0003:000451e8       pjsip_TEL_PVALUE_SPEC_ESC  00000001400bf1e8     pjsip-core-x86_64-x64-vc14-debug-dynamic:sip_tel_uri.obj
 0003:000451f8       pjsip_TEL_PARSING_PVALUE_SPEC 00000001400bf1f8     pjsip-core-x86_64-x64-vc14-debug-dynamic:sip_tel_uri.obj
 0003:00045208       pjsip_TEL_PARSING_PVALUE_SPEC_ESC 00000001400bf208     pjsip-core-x86_64-x64-vc14-debug-dynamic:sip_tel_uri.obj
 0003:00045306       $SG16967                   00000001400bf306     pjsip-core-x86_64-x64-vc14-debug-dynamic:sip_multipart.obj
 0003:00045310       __getopt_initialized       00000001400bf310     pjlib-util-x86_64-x64-vc14-debug-dynamic:getopt.obj
 0003:00045314       ordering                   00000001400bf314     pjlib-util-x86_64-x64-vc14-debug-dynamic:getopt.obj
 0003:00045318       nextchar                   00000001400bf318     pjlib-util-x86_64-x64-vc14-debug-dynamic:getopt.obj
 0003:00045320       posixly_correct            00000001400bf320     pjlib-util-x86_64-x64-vc14-debug-dynamic:getopt.obj
 0003:00045328       first_nonopt               00000001400bf328     pjlib-util-x86_64-x64-vc14-debug-dynamic:getopt.obj
 0003:0004532c       last_nonopt                00000001400bf32c     pjlib-util-x86_64-x64-vc14-debug-dynamic:getopt.obj
 0003:00045330       $SG13933                   00000001400bf330     pjlib-util-x86_64-x64-vc14-debug-dynamic:getopt.obj
 0003:00045339       $SG62050                   00000001400bf339     pjlib-util-x86_64-x64-vc14-debug-dynamic:resolver.obj
 0003:00045340       initialized                00000001400bf340     pjlib-x86_64-x64-vc14-debug-dynamic:os_core_win32.obj
 0003:00045344       atexit_count               00000001400bf344     pjlib-x86_64-x64-vc14-debug-dynamic:os_core_win32.obj
 0003:00045348       $SG59961                   00000001400bf348     pjlib-x86_64-x64-vc14-debug-dynamic:os_core_win32.obj
 0003:00045350       main_thread                00000001400bf350     pjlib-x86_64-x64-vc14-debug-dynamic:os_core_win32.obj
 0003:00045450       critical_section_mutex     00000001400bf450     pjlib-x86_64-x64-vc14-debug-dynamic:os_core_win32.obj
 0003:000454b0       atexit_func                00000001400bf4b0     pjlib-x86_64-x64-vc14-debug-dynamic:os_core_win32.obj
 0003:00045630       ?buf@?1??pj_gethostname@@9@9 00000001400bf630     pjlib-x86_64-x64-vc14-debug-dynamic:sock_bsd.obj
 0003:000456b0       ?hostname@?1??pj_gethostname@@9@9 00000001400bf6b0     pjlib-x86_64-x64-vc14-debug-dynamic:sock_bsd.obj
 0003:000456e0       g_last_thread              00000001400bf6e0     pjlib-x86_64-x64-vc14-debug-dynamic:log.obj
 0003:000456f0       err_msg_hnd_cnt            00000001400bf6f0     pjlib-x86_64-x64-vc14-debug-dynamic:errno.obj
 0003:00045700       err_msg_hnd                00000001400bf700     pjlib-x86_64-x64-vc14-debug-dynamic:errno.obj
 0003:000457d0       exception_id_names         00000001400bf7d0     pjlib-x86_64-x64-vc14-debug-dynamic:except.obj
 0003:00045850       ?unknown_name@?1??pj_exception_id_name@@9@9 00000001400bf850     pjlib-x86_64-x64-vc14-debug-dynamic:except.obj
 0003:00045890       $SG60326                   00000001400bf890     pjlib-x86_64-x64-vc14-debug-dynamic:sock_common.obj
 0003:00045891       $SG60330                   00000001400bf891     pjlib-x86_64-x64-vc14-debug-dynamic:sock_common.obj
 0003:00045892       $SG60331                   00000001400bf892     pjlib-x86_64-x64-vc14-debug-dynamic:sock_common.obj
 0003:00045893       $SG60980                   00000001400bf893     pjlib-x86_64-x64-vc14-debug-dynamic:sock_common.obj
 0003:00045894       $SG60981                   00000001400bf894     pjlib-x86_64-x64-vc14-debug-dynamic:sock_common.obj
 0003:00045898       base_time                  00000001400bf898     pjlib-x86_64-x64-vc14-debug-dynamic:os_time_win32.obj
 0003:000458a1       $SG61083                   00000001400bf8a1     pjlib-x86_64-x64-vc14-debug-dynamic:activesock.obj
 0003:000458b0       stack_based_factory        00000001400bf8b0     pjlib-x86_64-x64-vc14-debug-dynamic:pool_buf.obj
 0003:000458f8       is_initialized             00000001400bf8f8     pjlib-x86_64-x64-vc14-debug-dynamic:pool_buf.obj
 0003:00045910       s_hDLL                     00000001400bf910     pjlib-x86_64-x64-vc14-debug-dynamic:ip_helper_win32.obj
 0003:00045918       s_pfnGetIpAddrTable        00000001400bf918     pjlib-x86_64-x64-vc14-debug-dynamic:ip_helper_win32.obj
 0003:00045920       s_pfnGetAdapterAddresses   00000001400bf920     pjlib-x86_64-x64-vc14-debug-dynamic:ip_helper_win32.obj
 0003:00045928       s_pfnGetIpForwardTable     00000001400bf928     pjlib-x86_64-x64-vc14-debug-dynamic:ip_helper_win32.obj
 0003:00045930       s_pfnGetIfEntry            00000001400bf930     pjlib-x86_64-x64-vc14-debug-dynamic:ip_helper_win32.obj
 0003:00045940       GS_ExceptionRecord         00000001400bf940     MSVCRTD:gs_report.obj
 0003:000459e0       GS_ContextRecord           00000001400bf9e0     MSVCRTD:gs_report.obj
 0003:00045fd8       ?is_initialized_as_dll@@3_NA 00000001400bffd8     MSVCRTD:utility.obj
 0003:00045fd9       ?module_local_atexit_table_initialized@@3_NA 00000001400bffd9     MSVCRTD:utility.obj
 0003:00045fe0       ?module_local_atexit_table@@3U_onexit_table_t@@A 00000001400bffe0     MSVCRTD:utility.obj
 0003:00045ff8       ?module_local_at_quick_exit_table@@3U_onexit_table_t@@A 00000001400bfff8     MSVCRTD:utility.obj
 0005:00000ef8       .idata$6                   00000001400c6ef8     ole32:ole32.dll
 0005:00000f48       .idata$6                   00000001400c6f48     ws2_32:WS2_32.dll
 0005:00001362       .idata$6                   00000001400c7362     kernel32:KERNEL32.dll
 0005:00001438       .idata$6                   00000001400c7438     vcruntimed:VCRUNTIME140D.dll
 0005:0000174e       .idata$6                   00000001400c774e     ucrtd:ucrtbased.dll
