 stateless_proxy

 Timestamp is 5f974740 (Mon Oct 26 23:01:36 2020)

 Preferred load address is 0000000140000000

 Start         Length     Name                   Class
 0001:00000000 0006b760H .text$mn                CODE
 0001:0006b760 00001020H .text$mn$00             CODE
 0001:0006c780 0000108dH .text$x                 CODE
 0002:00000000 00000110H .CRT$XCA                DATA
 0002:00000110 00000110H .CRT$XCAA               DATA
 0002:00000220 00000110H .CRT$XCZ                DATA
 0002:00000330 00000110H .CRT$XIA                DATA
 0002:00000440 00000110H .CRT$XIAA               DATA
 0002:00000550 00000110H .CRT$XIAC               DATA
 0002:00000660 00000110H .CRT$XIZ                DATA
 0002:00000770 00000110H .CRT$XPA                DATA
 0002:00000880 00000110H .CRT$XPZ                DATA
 0002:00000990 00000110H .CRT$XTA                DATA
 0002:00000aa0 00000110H .CRT$XTZ                DATA
 0002:00000bb0 00001b1cH .rdata                  DATA
 0002:000026cc 000001f4H .rdata$zzzdbg           DATA
 0002:000028c0 00000110H .rtc$IAA                DATA
 0002:000029d0 00000110H .rtc$IZZ                DATA
 0002:00002ae0 00000110H .rtc$TAA                DATA
 0002:00002bf0 00000110H .rtc$TZZ                DATA
 0002:00002d00 00003125H .xdata                  DATA
 0002:00005e25 00000000H .edata                  DATA
 0003:00000000 0001d230H .data                   DATA
 0003:0001d230 000074a9H .bss                    DATA
 0004:00000000 00003fa8H .pdata                  DATA
 0005:00000000 00000718H .idata$5                DATA
 0005:00000718 00000064H .idata$2                DATA
 0005:0000077c 00000014H .idata$3                DATA
 0005:00000790 00000718H .idata$4                DATA
 0005:00000ea8 00000a06H .idata$6                DATA
 0006:00000000 0000012cH .gfids$y                DATA
 0007:00000000 0000011bH .00cfg                  DATA

  Address         Publics by Value              Rva+Base               Lib:Object

 0000:00000000       __guard_longjmp_count      0000000000000000     <absolute>
 0000:00000000       ___safe_se_handler_count   0000000000000000     <absolute>
 0000:00000000       __guard_fids_table         0000000000000000     <absolute>
 0000:00000000       __guard_fids_count         0000000000000000     <absolute>
 0000:00000000       __guard_iat_table          0000000000000000     <absolute>
 0000:00000000       __dynamic_value_reloc_table 0000000000000000     <absolute>
 0000:00000000       ___safe_se_handler_table   0000000000000000     <absolute>
 0000:00000000       __guard_longjmp_table      0000000000000000     <absolute>
 0000:00000000       __guard_iat_count          0000000000000000     <absolute>
 0000:00000100       __guard_flags              0000000000000100     <absolute>
 0000:00000000       __ImageBase                0000000140000000     <linker-defined>
 0001:00003360       main                       0000000140004360 f   stateless_proxy.obj
 0001:00003b30       __local_stdio_printf_options 0000000140004b30 f i stateless_proxy.obj
 0001:00003b40       _snprintf                  0000000140004b40 f i stateless_proxy.obj
 0001:00003bb0       _vfprintf_l                0000000140004bb0 f i stateless_proxy.obj
 0001:00003c10       _vsnprintf                 0000000140004c10 f i stateless_proxy.obj
 0001:00003c60       _vsnprintf_l               0000000140004c60 f i stateless_proxy.obj
 0001:00003d00       printf                     0000000140004d00 f i stateless_proxy.obj
 0001:00003eb0       pjsip_get_invite_method    0000000140004eb0 f   pjsip-core-x86_64-x64-vc14-debug-dynamic:sip_msg.obj
 0001:00003ec0       pjsip_get_cancel_method    0000000140004ec0 f   pjsip-core-x86_64-x64-vc14-debug-dynamic:sip_msg.obj
 0001:00003ed0       pjsip_get_ack_method       0000000140004ed0 f   pjsip-core-x86_64-x64-vc14-debug-dynamic:sip_msg.obj
 0001:00003ee0       pjsip_get_bye_method       0000000140004ee0 f   pjsip-core-x86_64-x64-vc14-debug-dynamic:sip_msg.obj
 0001:00003ef0       pjsip_get_register_method  0000000140004ef0 f   pjsip-core-x86_64-x64-vc14-debug-dynamic:sip_msg.obj
 0001:00003f00       pjsip_get_options_method   0000000140004f00 f   pjsip-core-x86_64-x64-vc14-debug-dynamic:sip_msg.obj
 0001:00003f10       pjsip_method_init          0000000140004f10 f   pjsip-core-x86_64-x64-vc14-debug-dynamic:sip_msg.obj
 0001:00003f50       pjsip_method_init_np       0000000140004f50 f   pjsip-core-x86_64-x64-vc14-debug-dynamic:sip_msg.obj
 0001:00004020       pjsip_method_set           0000000140005020 f   pjsip-core-x86_64-x64-vc14-debug-dynamic:sip_msg.obj
 0001:00004090       pjsip_method_copy          0000000140005090 f   pjsip-core-x86_64-x64-vc14-debug-dynamic:sip_msg.obj
 0001:00004110       pjsip_method_cmp           0000000140005110 f   pjsip-core-x86_64-x64-vc14-debug-dynamic:sip_msg.obj
 0001:00004190       pjsip_hdr_clone            0000000140005190 f   pjsip-core-x86_64-x64-vc14-debug-dynamic:sip_msg.obj
 0001:000041d0       pjsip_hdr_shallow_clone    00000001400051d0 f   pjsip-core-x86_64-x64-vc14-debug-dynamic:sip_msg.obj
 0001:00004210       pjsip_hdr_print_on         0000000140005210 f   pjsip-core-x86_64-x64-vc14-debug-dynamic:sip_msg.obj
 0001:000042a0       pjsip_get_status_text      00000001400052a0 f   pjsip-core-x86_64-x64-vc14-debug-dynamic:sip_msg.obj
 0001:00004320       pjsip_media_type_init      0000000140005320 f   pjsip-core-x86_64-x64-vc14-debug-dynamic:sip_msg.obj
 0001:000043a0       pjsip_media_type_init2     00000001400053a0 f   pjsip-core-x86_64-x64-vc14-debug-dynamic:sip_msg.obj
 0001:00004460       pjsip_media_type_cmp       0000000140005460 f   pjsip-core-x86_64-x64-vc14-debug-dynamic:sip_msg.obj
 0001:00004560       pjsip_media_type_cp        0000000140005560 f   pjsip-core-x86_64-x64-vc14-debug-dynamic:sip_msg.obj
 0001:00004630       pjsip_media_type_print     0000000140005630 f   pjsip-core-x86_64-x64-vc14-debug-dynamic:sip_msg.obj
 0001:00004660       pjsip_print_text_body      0000000140005660 f   pjsip-core-x86_64-x64-vc14-debug-dynamic:sip_msg.obj
 0001:000046c0       pjsip_clone_text_data      00000001400056c0 f   pjsip-core-x86_64-x64-vc14-debug-dynamic:sip_msg.obj
 0001:00004730       pjsip_msg_body_copy        0000000140005730 f   pjsip-core-x86_64-x64-vc14-debug-dynamic:sip_msg.obj
 0001:00004810       pjsip_msg_body_clone       0000000140005810 f   pjsip-core-x86_64-x64-vc14-debug-dynamic:sip_msg.obj
 0001:000048b0       pjsip_msg_body_create      00000001400058b0 f   pjsip-core-x86_64-x64-vc14-debug-dynamic:sip_msg.obj
 0001:00004a40       pjsip_msg_create           0000000140005a40 f   pjsip-core-x86_64-x64-vc14-debug-dynamic:sip_msg.obj
 0001:00004aa0       pjsip_msg_clone            0000000140005aa0 f   pjsip-core-x86_64-x64-vc14-debug-dynamic:sip_msg.obj
 0001:00004bd0       pjsip_msg_find_hdr         0000000140005bd0 f   pjsip-core-x86_64-x64-vc14-debug-dynamic:sip_msg.obj
 0001:00004c50       pjsip_msg_find_hdr_by_name 0000000140005c50 f   pjsip-core-x86_64-x64-vc14-debug-dynamic:sip_msg.obj
 0001:00004ce0       pjsip_msg_find_hdr_by_names 0000000140005ce0 f   pjsip-core-x86_64-x64-vc14-debug-dynamic:sip_msg.obj
 0001:00004da0       pjsip_msg_find_remove_hdr  0000000140005da0 f   pjsip-core-x86_64-x64-vc14-debug-dynamic:sip_msg.obj
 0001:00004e20       pjsip_msg_print            0000000140005e20 f   pjsip-core-x86_64-x64-vc14-debug-dynamic:sip_msg.obj
 0001:000055c0       pjsip_generic_string_hdr_create 00000001400065c0 f   pjsip-core-x86_64-x64-vc14-debug-dynamic:sip_msg.obj
 0001:00005610       pjsip_generic_string_hdr_init 0000000140006610 f   pjsip-core-x86_64-x64-vc14-debug-dynamic:sip_msg.obj
 0001:000056b0       pjsip_generic_string_hdr_init2 00000001400066b0 f   pjsip-core-x86_64-x64-vc14-debug-dynamic:sip_msg.obj
 0001:00005760       pjsip_generic_int_hdr_create 0000000140006760 f   pjsip-core-x86_64-x64-vc14-debug-dynamic:sip_msg.obj
 0001:000057b0       pjsip_generic_int_hdr_init 00000001400067b0 f   pjsip-core-x86_64-x64-vc14-debug-dynamic:sip_msg.obj
 0001:00005850       pjsip_generic_array_hdr_create 0000000140006850 f   pjsip-core-x86_64-x64-vc14-debug-dynamic:sip_msg.obj
 0001:000058a0       pjsip_generic_array_hdr_init 00000001400068a0 f   pjsip-core-x86_64-x64-vc14-debug-dynamic:sip_msg.obj
 0001:00005930       pjsip_accept_hdr_create    0000000140006930 f   pjsip-core-x86_64-x64-vc14-debug-dynamic:sip_msg.obj
 0001:00005970       pjsip_accept_hdr_init      0000000140006970 f   pjsip-core-x86_64-x64-vc14-debug-dynamic:sip_msg.obj
 0001:000059c0       pjsip_allow_hdr_create     00000001400069c0 f   pjsip-core-x86_64-x64-vc14-debug-dynamic:sip_msg.obj
 0001:00005a00       pjsip_allow_hdr_init       0000000140006a00 f   pjsip-core-x86_64-x64-vc14-debug-dynamic:sip_msg.obj
 0001:00005a50       pjsip_cid_hdr_create       0000000140006a50 f   pjsip-core-x86_64-x64-vc14-debug-dynamic:sip_msg.obj
 0001:00005a90       pjsip_cid_hdr_init         0000000140006a90 f   pjsip-core-x86_64-x64-vc14-debug-dynamic:sip_msg.obj
 0001:00005ad0       pjsip_clen_hdr_create      0000000140006ad0 f   pjsip-core-x86_64-x64-vc14-debug-dynamic:sip_msg.obj
 0001:00005b10       pjsip_clen_hdr_init        0000000140006b10 f   pjsip-core-x86_64-x64-vc14-debug-dynamic:sip_msg.obj
 0001:00005b60       pjsip_cseq_hdr_create      0000000140006b60 f   pjsip-core-x86_64-x64-vc14-debug-dynamic:sip_msg.obj
 0001:00005ba0       pjsip_cseq_hdr_init        0000000140006ba0 f   pjsip-core-x86_64-x64-vc14-debug-dynamic:sip_msg.obj
 0001:00005c10       pjsip_contact_hdr_create   0000000140006c10 f   pjsip-core-x86_64-x64-vc14-debug-dynamic:sip_msg.obj
 0001:00005c50       pjsip_contact_hdr_init     0000000140006c50 f   pjsip-core-x86_64-x64-vc14-debug-dynamic:sip_msg.obj
 0001:00005cc0       pjsip_ctype_hdr_create     0000000140006cc0 f   pjsip-core-x86_64-x64-vc14-debug-dynamic:sip_msg.obj
 0001:00005d00       pjsip_ctype_hdr_init       0000000140006d00 f   pjsip-core-x86_64-x64-vc14-debug-dynamic:sip_msg.obj
 0001:00005d60       pjsip_expires_hdr_create   0000000140006d60 f   pjsip-core-x86_64-x64-vc14-debug-dynamic:sip_msg.obj
 0001:00005da0       pjsip_expires_hdr_init     0000000140006da0 f   pjsip-core-x86_64-x64-vc14-debug-dynamic:sip_msg.obj
 0001:00005df0       pjsip_from_hdr_create      0000000140006df0 f   pjsip-core-x86_64-x64-vc14-debug-dynamic:sip_msg.obj
 0001:00005e30       pjsip_from_hdr_init        0000000140006e30 f   pjsip-core-x86_64-x64-vc14-debug-dynamic:sip_msg.obj
 0001:00005e90       pjsip_to_hdr_create        0000000140006e90 f   pjsip-core-x86_64-x64-vc14-debug-dynamic:sip_msg.obj
 0001:00005ed0       pjsip_to_hdr_init          0000000140006ed0 f   pjsip-core-x86_64-x64-vc14-debug-dynamic:sip_msg.obj
 0001:00005f30       pjsip_fromto_hdr_set_from  0000000140006f30 f   pjsip-core-x86_64-x64-vc14-debug-dynamic:sip_msg.obj
 0001:00005fc0       pjsip_fromto_hdr_set_to    0000000140006fc0 f   pjsip-core-x86_64-x64-vc14-debug-dynamic:sip_msg.obj
 0001:00006050       pjsip_max_fwd_hdr_create   0000000140007050 f   pjsip-core-x86_64-x64-vc14-debug-dynamic:sip_msg.obj
 0001:00006090       pjsip_max_fwd_hdr_init     0000000140007090 f   pjsip-core-x86_64-x64-vc14-debug-dynamic:sip_msg.obj
 0001:000060e0       pjsip_min_expires_hdr_create 00000001400070e0 f   pjsip-core-x86_64-x64-vc14-debug-dynamic:sip_msg.obj
 0001:00006120       pjsip_min_expires_hdr_init 0000000140007120 f   pjsip-core-x86_64-x64-vc14-debug-dynamic:sip_msg.obj
 0001:00006170       pjsip_rr_hdr_create        0000000140007170 f   pjsip-core-x86_64-x64-vc14-debug-dynamic:sip_msg.obj
 0001:000061b0       pjsip_rr_hdr_init          00000001400071b0 f   pjsip-core-x86_64-x64-vc14-debug-dynamic:sip_msg.obj
 0001:00006210       pjsip_route_hdr_create     0000000140007210 f   pjsip-core-x86_64-x64-vc14-debug-dynamic:sip_msg.obj
 0001:00006250       pjsip_route_hdr_init       0000000140007250 f   pjsip-core-x86_64-x64-vc14-debug-dynamic:sip_msg.obj
 0001:000062b0       pjsip_routing_hdr_set_rr   00000001400072b0 f   pjsip-core-x86_64-x64-vc14-debug-dynamic:sip_msg.obj
 0001:00006330       pjsip_routing_hdr_set_route 0000000140007330 f   pjsip-core-x86_64-x64-vc14-debug-dynamic:sip_msg.obj
 0001:000063b0       pjsip_require_hdr_create   00000001400073b0 f   pjsip-core-x86_64-x64-vc14-debug-dynamic:sip_msg.obj
 0001:000063f0       pjsip_require_hdr_init     00000001400073f0 f   pjsip-core-x86_64-x64-vc14-debug-dynamic:sip_msg.obj
 0001:00006440       pjsip_retry_after_hdr_create 0000000140007440 f   pjsip-core-x86_64-x64-vc14-debug-dynamic:sip_msg.obj
 0001:00006480       pjsip_retry_after_hdr_init 0000000140007480 f   pjsip-core-x86_64-x64-vc14-debug-dynamic:sip_msg.obj
 0001:000064f0       pjsip_supported_hdr_create 00000001400074f0 f   pjsip-core-x86_64-x64-vc14-debug-dynamic:sip_msg.obj
 0001:00006530       pjsip_supported_hdr_init   0000000140007530 f   pjsip-core-x86_64-x64-vc14-debug-dynamic:sip_msg.obj
 0001:00006580       pjsip_unsupported_hdr_create 0000000140007580 f   pjsip-core-x86_64-x64-vc14-debug-dynamic:sip_msg.obj
 0001:000065c0       pjsip_unsupported_hdr_init 00000001400075c0 f   pjsip-core-x86_64-x64-vc14-debug-dynamic:sip_msg.obj
 0001:00006610       pjsip_via_hdr_create       0000000140007610 f   pjsip-core-x86_64-x64-vc14-debug-dynamic:sip_msg.obj
 0001:00006650       pjsip_via_hdr_init         0000000140007650 f   pjsip-core-x86_64-x64-vc14-debug-dynamic:sip_msg.obj
 0001:000066d0       pjsip_warning_hdr_create   00000001400076d0 f   pjsip-core-x86_64-x64-vc14-debug-dynamic:sip_msg.obj
 0001:000067b0       pjsip_warning_hdr_create_from_status 00000001400077b0 f   pjsip-core-x86_64-x64-vc14-debug-dynamic:sip_msg.obj
 0001:0000bc90       _vsprintf_l                000000014000cc90 f i pjsip-core-x86_64-x64-vc14-debug-dynamic:sip_msg.obj
 0001:0000bd00       sprintf                    000000014000cd00 f i pjsip-core-x86_64-x64-vc14-debug-dynamic:sip_msg.obj
 0001:0000be40       pjsip_transport_register_type 000000014000ce40 f   pjsip-core-x86_64-x64-vc14-debug-dynamic:sip_transport.obj
 0001:0000c0a0       pjsip_transport_get_type_from_name 000000014000d0a0 f   pjsip-core-x86_64-x64-vc14-debug-dynamic:sip_transport.obj
 0001:0000c150       pjsip_transport_get_type_from_flag 000000014000d150 f   pjsip-core-x86_64-x64-vc14-debug-dynamic:sip_transport.obj
 0001:0000c1e0       pjsip_transport_type_get_af 000000014000d1e0 f   pjsip-core-x86_64-x64-vc14-debug-dynamic:sip_transport.obj
 0001:0000c210       pjsip_transport_get_flag_from_type 000000014000d210 f   pjsip-core-x86_64-x64-vc14-debug-dynamic:sip_transport.obj
 0001:0000c230       pjsip_transport_get_default_port_for_type 000000014000d230 f   pjsip-core-x86_64-x64-vc14-debug-dynamic:sip_transport.obj
 0001:0000c250       pjsip_transport_get_type_name 000000014000d250 f   pjsip-core-x86_64-x64-vc14-debug-dynamic:sip_transport.obj
 0001:0000c270       pjsip_transport_get_type_desc 000000014000d270 f   pjsip-core-x86_64-x64-vc14-debug-dynamic:sip_transport.obj
 0001:0000c290       pjsip_tpselector_add_ref   000000014000d290 f   pjsip-core-x86_64-x64-vc14-debug-dynamic:sip_transport.obj
 0001:0000c2e0       pjsip_tpselector_dec_ref   000000014000d2e0 f   pjsip-core-x86_64-x64-vc14-debug-dynamic:sip_transport.obj
 0001:0000c330       pjsip_rx_data_get_info     000000014000d330 f   pjsip-core-x86_64-x64-vc14-debug-dynamic:sip_transport.obj
 0001:0000c430       pjsip_rx_data_clone        000000014000d430 f   pjsip-core-x86_64-x64-vc14-debug-dynamic:sip_transport.obj
 0001:0000c870       pjsip_rx_data_free_cloned  000000014000d870 f   pjsip-core-x86_64-x64-vc14-debug-dynamic:sip_transport.obj
 0001:0000c8e0       pjsip_tx_data_create       000000014000d8e0 f   pjsip-core-x86_64-x64-vc14-debug-dynamic:sip_transport.obj
 0001:0000cad0       pjsip_tx_data_add_ref      000000014000dad0 f   pjsip-core-x86_64-x64-vc14-debug-dynamic:sip_transport.obj
 0001:0000cb00       pjsip_tx_data_dec_ref      000000014000db00 f   pjsip-core-x86_64-x64-vc14-debug-dynamic:sip_transport.obj
 0001:0000cbc0       pjsip_tx_data_encode       000000014000dbc0 f   pjsip-core-x86_64-x64-vc14-debug-dynamic:sip_transport.obj
 0001:0000cd90       pjsip_tx_data_is_valid     000000014000dd90 f   pjsip-core-x86_64-x64-vc14-debug-dynamic:sip_transport.obj
 0001:0000cde0       pjsip_tx_data_invalidate_msg 000000014000dde0 f   pjsip-core-x86_64-x64-vc14-debug-dynamic:sip_transport.obj
 0001:0000ce20       pjsip_tx_data_get_info     000000014000de20 f   pjsip-core-x86_64-x64-vc14-debug-dynamic:sip_transport.obj
 0001:0000cf00       pjsip_tx_data_set_transport 000000014000df00 f   pjsip-core-x86_64-x64-vc14-debug-dynamic:sip_transport.obj
 0001:0000cfd0       pjsip_tx_data_clone        000000014000dfd0 f   pjsip-core-x86_64-x64-vc14-debug-dynamic:sip_transport.obj
 0001:0000d180       pjsip_transport_register   000000014000e180 f   pjsip-core-x86_64-x64-vc14-debug-dynamic:sip_transport.obj
 0001:0000d380       pjsip_transport_shutdown   000000014000e380 f   pjsip-core-x86_64-x64-vc14-debug-dynamic:sip_transport.obj
 0001:0000d3a0       pjsip_transport_shutdown2  000000014000e3a0 f   pjsip-core-x86_64-x64-vc14-debug-dynamic:sip_transport.obj
 0001:0000d530       pjsip_transport_destroy    000000014000e530 f   pjsip-core-x86_64-x64-vc14-debug-dynamic:sip_transport.obj
 0001:0000d5f0       pjsip_transport_add_ref    000000014000e5f0 f   pjsip-core-x86_64-x64-vc14-debug-dynamic:sip_transport.obj
 0001:0000d760       pjsip_transport_dec_ref    000000014000e760 f   pjsip-core-x86_64-x64-vc14-debug-dynamic:sip_transport.obj
 0001:0000d9f0       pjsip_tpmgr_receive_packet 000000014000e9f0 f   pjsip-core-x86_64-x64-vc14-debug-dynamic:sip_transport.obj
 0001:0000e400       pjsip_tpmgr_register_tpfactory 000000014000f400 f   pjsip-core-x86_64-x64-vc14-debug-dynamic:sip_transport.obj
 0001:0000e4c0       pjsip_tpmgr_unregister_tpfactory 000000014000f4c0 f   pjsip-core-x86_64-x64-vc14-debug-dynamic:sip_transport.obj
 0001:0000e540       pjsip_tpmgr_create         000000014000f540 f   pjsip-core-x86_64-x64-vc14-debug-dynamic:sip_transport.obj
 0001:0000e820       pjsip_tpmgr_find_local_addr 000000014000f820 f   pjsip-core-x86_64-x64-vc14-debug-dynamic:sip_transport.obj
 0001:0000e8d0       pjsip_tpmgr_fla2_param_default 000000014000f8d0 f   pjsip-core-x86_64-x64-vc14-debug-dynamic:sip_transport.obj
 0001:0000e900       pjsip_tpmgr_find_local_addr2 000000014000f900 f   pjsip-core-x86_64-x64-vc14-debug-dynamic:sip_transport.obj
 0001:0000ef70       pjsip_tpmgr_get_transport_count 000000014000ff70 f   pjsip-core-x86_64-x64-vc14-debug-dynamic:sip_transport.obj
 0001:0000f020       pjsip_tpmgr_destroy        0000000140010020 f   pjsip-core-x86_64-x64-vc14-debug-dynamic:sip_transport.obj
 0001:0000f2a0       pjsip_tpmgr_dump_transports 00000001400102a0 f   pjsip-core-x86_64-x64-vc14-debug-dynamic:sip_transport.obj
 0001:0000f5f0       pjsip_tpmgr_acquire_transport 00000001400105f0 f   pjsip-core-x86_64-x64-vc14-debug-dynamic:sip_transport.obj
 0001:0000f650       pjsip_tpmgr_acquire_transport2 0000000140010650 f   pjsip-core-x86_64-x64-vc14-debug-dynamic:sip_transport.obj
 0001:0000fd40       pjsip_transport_send       0000000140010d40 f   pjsip-core-x86_64-x64-vc14-debug-dynamic:sip_transport.obj
 0001:0000ffd0       pjsip_tpmgr_send_raw       0000000140010fd0 f   pjsip-core-x86_64-x64-vc14-debug-dynamic:sip_transport.obj
 0001:000101f0       pjsip_tpmgr_set_state_cb   00000001400111f0 f   pjsip-core-x86_64-x64-vc14-debug-dynamic:sip_transport.obj
 0001:00010260       pjsip_tpmgr_get_state_cb   0000000140011260 f   pjsip-core-x86_64-x64-vc14-debug-dynamic:sip_transport.obj
 0001:000102c0       pjsip_transport_add_state_listener 00000001400112c0 f   pjsip-core-x86_64-x64-vc14-debug-dynamic:sip_transport.obj
 0001:00010430       pjsip_transport_remove_state_listener 0000000140011430 f   pjsip-core-x86_64-x64-vc14-debug-dynamic:sip_transport.obj
 0001:00010590       pjsip_tpmgr_set_drop_data_cb 0000000140011590 f   pjsip-core-x86_64-x64-vc14-debug-dynamic:sip_transport.obj
 0001:00012740       pjsip_endpt_create         0000000140013740 f   pjsip-core-x86_64-x64-vc14-debug-dynamic:sip_endpoint.obj
 0001:00012bf0       pjsip_endpt_destroy        0000000140013bf0 f   pjsip-core-x86_64-x64-vc14-debug-dynamic:sip_endpoint.obj
 0001:00012da0       pjsip_endpt_name           0000000140013da0 f   pjsip-core-x86_64-x64-vc14-debug-dynamic:sip_endpoint.obj
 0001:00012dc0       pjsip_endpt_handle_events  0000000140013dc0 f   pjsip-core-x86_64-x64-vc14-debug-dynamic:sip_endpoint.obj
 0001:00012df0       pjsip_endpt_handle_events2 0000000140013df0 f   pjsip-core-x86_64-x64-vc14-debug-dynamic:sip_endpoint.obj
 0001:00012fd0       pjsip_endpt_schedule_timer_dbg 0000000140013fd0 f   pjsip-core-x86_64-x64-vc14-debug-dynamic:sip_endpoint.obj
 0001:00013030       pjsip_endpt_schedule_timer_w_grp_lock_dbg 0000000140014030 f   pjsip-core-x86_64-x64-vc14-debug-dynamic:sip_endpoint.obj
 0001:000130a0       pjsip_endpt_cancel_timer   00000001400140a0 f   pjsip-core-x86_64-x64-vc14-debug-dynamic:sip_endpoint.obj
 0001:000130e0       pjsip_endpt_get_timer_heap 00000001400140e0 f   pjsip-core-x86_64-x64-vc14-debug-dynamic:sip_endpoint.obj
 0001:00013100       pjsip_endpt_register_module 0000000140014100 f   pjsip-core-x86_64-x64-vc14-debug-dynamic:sip_endpoint.obj
 0001:000133a0       pjsip_endpt_unregister_module 00000001400143a0 f   pjsip-core-x86_64-x64-vc14-debug-dynamic:sip_endpoint.obj
 0001:000135e0       pjsip_process_rdata_param_default 00000001400145e0 f   pjsip-core-x86_64-x64-vc14-debug-dynamic:sip_endpoint.obj
 0001:00013610       pjsip_endpt_process_rx_data 0000000140014610 f   pjsip-core-x86_64-x64-vc14-debug-dynamic:sip_endpoint.obj
 0001:00013900       pjsip_endpt_create_pool    0000000140014900 f   pjsip-core-x86_64-x64-vc14-debug-dynamic:sip_endpoint.obj
 0001:00013990       pjsip_endpt_release_pool   0000000140014990 f   pjsip-core-x86_64-x64-vc14-debug-dynamic:sip_endpoint.obj
 0001:000139c0       pjsip_endpt_create_tdata   00000001400149c0 f   pjsip-core-x86_64-x64-vc14-debug-dynamic:sip_endpoint.obj
 0001:000139f0       pjsip_endpt_create_resolver 00000001400149f0 f   pjsip-core-x86_64-x64-vc14-debug-dynamic:sip_endpoint.obj
 0001:00013a90       pjsip_endpt_set_resolver   0000000140014a90 f   pjsip-core-x86_64-x64-vc14-debug-dynamic:sip_endpoint.obj
 0001:00013ac0       pjsip_endpt_set_ext_resolver 0000000140014ac0 f   pjsip-core-x86_64-x64-vc14-debug-dynamic:sip_endpoint.obj
 0001:00013af0       pjsip_endpt_get_resolver   0000000140014af0 f   pjsip-core-x86_64-x64-vc14-debug-dynamic:sip_endpoint.obj
 0001:00013b50       pjsip_endpt_resolve        0000000140014b50 f   pjsip-core-x86_64-x64-vc14-debug-dynamic:sip_endpoint.obj
 0001:00013ba0       pjsip_endpt_get_tpmgr      0000000140014ba0 f   pjsip-core-x86_64-x64-vc14-debug-dynamic:sip_endpoint.obj
 0001:00013bc0       pjsip_endpt_get_ioqueue    0000000140014bc0 f   pjsip-core-x86_64-x64-vc14-debug-dynamic:sip_endpoint.obj
 0001:00013be0       pjsip_endpt_acquire_transport 0000000140014be0 f   pjsip-core-x86_64-x64-vc14-debug-dynamic:sip_endpoint.obj
 0001:00013c40       pjsip_endpt_acquire_transport2 0000000140014c40 f   pjsip-core-x86_64-x64-vc14-debug-dynamic:sip_endpoint.obj
 0001:00013ca0       pjsip_endpt_get_capability 0000000140014ca0 f   pjsip-core-x86_64-x64-vc14-debug-dynamic:sip_endpoint.obj
 0001:00013d90       pjsip_endpt_has_capability 0000000140014d90 f   pjsip-core-x86_64-x64-vc14-debug-dynamic:sip_endpoint.obj
 0001:00013e60       pjsip_endpt_add_capability 0000000140014e60 f   pjsip-core-x86_64-x64-vc14-debug-dynamic:sip_endpoint.obj
 0001:00014090       pjsip_endpt_get_request_headers 0000000140015090 f   pjsip-core-x86_64-x64-vc14-debug-dynamic:sip_endpoint.obj
 0001:000140b0       pjsip_endpt_dump           00000001400150b0 f   pjsip-core-x86_64-x64-vc14-debug-dynamic:sip_endpoint.obj
 0001:000141d0       pjsip_endpt_atexit         00000001400151d0 f   pjsip-core-x86_64-x64-vc14-debug-dynamic:sip_endpoint.obj
 0001:00014290       pjsip_endpt_log_error      0000000140015290 f   pjsip-core-x86_64-x64-vc14-debug-dynamic:sip_endpoint.obj
 0001:00015510       pjsip_target_set_add_uri   0000000140016510 f   pjsip-core-x86_64-x64-vc14-debug-dynamic:sip_util.obj
 0001:000156a0       pjsip_target_set_add_from_msg 00000001400166a0 f   pjsip-core-x86_64-x64-vc14-debug-dynamic:sip_util.obj
 0001:000157d0       pjsip_target_set_get_next  00000001400167d0 f   pjsip-core-x86_64-x64-vc14-debug-dynamic:sip_util.obj
 0001:00015870       pjsip_target_set_set_current 0000000140016870 f   pjsip-core-x86_64-x64-vc14-debug-dynamic:sip_util.obj
 0001:00015940       pjsip_target_assign_status 0000000140016940 f   pjsip-core-x86_64-x64-vc14-debug-dynamic:sip_util.obj
 0001:00015a00       pjsip_endpt_create_request 0000000140016a00 f   pjsip-core-x86_64-x64-vc14-debug-dynamic:sip_util.obj
 0001:00015e30       pjsip_endpt_create_request_from_hdr 0000000140016e30 f   pjsip-core-x86_64-x64-vc14-debug-dynamic:sip_util.obj
 0001:000161d0       pjsip_endpt_create_response 00000001400171d0 f   pjsip-core-x86_64-x64-vc14-debug-dynamic:sip_util.obj
 0001:00016670       pjsip_endpt_create_ack     0000000140017670 f   pjsip-core-x86_64-x64-vc14-debug-dynamic:sip_util.obj
 0001:00016a60       pjsip_endpt_create_cancel  0000000140017a60 f   pjsip-core-x86_64-x64-vc14-debug-dynamic:sip_util.obj
 0001:00016ef0       pjsip_get_dest_info        0000000140017ef0 f   pjsip-core-x86_64-x64-vc14-debug-dynamic:sip_util.obj
 0001:000171d0       pjsip_get_request_dest     00000001400181d0 f   pjsip-core-x86_64-x64-vc14-debug-dynamic:sip_util.obj
 0001:000172f0       pjsip_process_route_set    00000001400182f0 f   pjsip-core-x86_64-x64-vc14-debug-dynamic:sip_util.obj
 0001:00017720       pjsip_restore_strict_route_set 0000000140018720 f   pjsip-core-x86_64-x64-vc14-debug-dynamic:sip_util.obj
 0001:00017860       pjsip_endpt_send_request_stateless 0000000140018860 f   pjsip-core-x86_64-x64-vc14-debug-dynamic:sip_util.obj
 0001:000179f0       pjsip_endpt_send_raw       00000001400189f0 f   pjsip-core-x86_64-x64-vc14-debug-dynamic:sip_util.obj
 0001:00017a80       pjsip_endpt_send_raw_to_uri 0000000140018a80 f   pjsip-core-x86_64-x64-vc14-debug-dynamic:sip_util.obj
 0001:00017d00       pjsip_get_response_addr    0000000140018d00 f   pjsip-core-x86_64-x64-vc14-debug-dynamic:sip_util.obj
 0001:00018130       pjsip_endpt_send_response  0000000140019130 f   pjsip-core-x86_64-x64-vc14-debug-dynamic:sip_util.obj
 0001:000182e0       pjsip_endpt_send_response2 00000001400192e0 f   pjsip-core-x86_64-x64-vc14-debug-dynamic:sip_util.obj
 0001:000183a0       pjsip_endpt_respond_stateless 00000001400193a0 f   pjsip-core-x86_64-x64-vc14-debug-dynamic:sip_util.obj
 0001:00018660       pjsip_event_str            0000000140019660 f   pjsip-core-x86_64-x64-vc14-debug-dynamic:sip_util.obj
 0001:0001ab90       pjsip_endpt_create_request_fwd 000000014001bb90 f   pjsip-core-x86_64-x64-vc14-debug-dynamic:sip_util_proxy.obj
 0001:0001afd0       pjsip_endpt_create_response_fwd 000000014001bfd0 f   pjsip-core-x86_64-x64-vc14-debug-dynamic:sip_util_proxy.obj
 0001:0001b200       pjsip_calculate_branch_id  000000014001c200 f   pjsip-core-x86_64-x64-vc14-debug-dynamic:sip_util_proxy.obj
 0001:0001b7b0       pjsip_udp_transport_cfg_default 000000014001c7b0 f   pjsip-core-x86_64-x64-vc14-debug-dynamic:sip_transport_udp.obj
 0001:0001b810       pjsip_udp_transport_start2 000000014001c810 f   pjsip-core-x86_64-x64-vc14-debug-dynamic:sip_transport_udp.obj
 0001:0001ba60       pjsip_udp_transport_start  000000014001ca60 f   pjsip-core-x86_64-x64-vc14-debug-dynamic:sip_transport_udp.obj
 0001:0001bb30       pjsip_udp_transport_start6 000000014001cb30 f   pjsip-core-x86_64-x64-vc14-debug-dynamic:sip_transport_udp.obj
 0001:0001bc00       pjsip_udp_transport_attach 000000014001cc00 f   pjsip-core-x86_64-x64-vc14-debug-dynamic:sip_transport_udp.obj
 0001:0001bc50       pjsip_udp_transport_attach2 000000014001cc50 f   pjsip-core-x86_64-x64-vc14-debug-dynamic:sip_transport_udp.obj
 0001:0001bca0       pjsip_udp_transport_get_socket 000000014001cca0 f   pjsip-core-x86_64-x64-vc14-debug-dynamic:sip_transport_udp.obj
 0001:0001bd10       pjsip_udp_transport_pause  000000014001cd10 f   pjsip-core-x86_64-x64-vc14-debug-dynamic:sip_transport_udp.obj
 0001:0001bf20       pjsip_udp_transport_restart 000000014001cf20 f   pjsip-core-x86_64-x64-vc14-debug-dynamic:sip_transport_udp.obj
 0001:0001bf70       pjsip_udp_transport_restart2 000000014001cf70 f   pjsip-core-x86_64-x64-vc14-debug-dynamic:sip_transport_udp.obj
 0001:0001e870       pjsip_param_find           000000014001f870 f   pjsip-core-x86_64-x64-vc14-debug-dynamic:sip_uri.obj
 0001:0001e8e0       pjsip_param_cmp            000000014001f8e0 f   pjsip-core-x86_64-x64-vc14-debug-dynamic:sip_uri.obj
 0001:0001e9d0       pjsip_param_clone          000000014001f9d0 f   pjsip-core-x86_64-x64-vc14-debug-dynamic:sip_uri.obj
 0001:0001eaa0       pjsip_param_shallow_clone  000000014001faa0 f   pjsip-core-x86_64-x64-vc14-debug-dynamic:sip_uri.obj
 0001:0001eb50       pjsip_param_print_on       000000014001fb50 f   pjsip-core-x86_64-x64-vc14-debug-dynamic:sip_uri.obj
 0001:0001eee0       pjsip_sip_uri_create       000000014001fee0 f   pjsip-core-x86_64-x64-vc14-debug-dynamic:sip_uri.obj
 0001:0001ef20       pjsip_sip_uri_set_secure   000000014001ff20 f   pjsip-core-x86_64-x64-vc14-debug-dynamic:sip_uri.obj
 0001:0001ef70       pjsip_sip_uri_init         000000014001ff70 f   pjsip-core-x86_64-x64-vc14-debug-dynamic:sip_uri.obj
 0001:0001efe0       pjsip_sip_uri_assign       000000014001ffe0 f   pjsip-core-x86_64-x64-vc14-debug-dynamic:sip_uri.obj
 0001:0001f170       pjsip_name_addr_create     0000000140020170 f   pjsip-core-x86_64-x64-vc14-debug-dynamic:sip_uri.obj
 0001:0001f1b0       pjsip_name_addr_init       00000001400201b0 f   pjsip-core-x86_64-x64-vc14-debug-dynamic:sip_uri.obj
 0001:0001f200       pjsip_name_addr_assign     0000000140020200 f   pjsip-core-x86_64-x64-vc14-debug-dynamic:sip_uri.obj
 0001:0001f260       pjsip_other_uri_create     0000000140020260 f   pjsip-core-x86_64-x64-vc14-debug-dynamic:sip_uri.obj
 0001:000217a0       pjsip_register_hdr_parser  00000001400227a0 f   pjsip-core-x86_64-x64-vc14-debug-dynamic:sip_parser.obj
 0001:00021920       pjsip_register_uri_parser  0000000140022920 f   pjsip-core-x86_64-x64-vc14-debug-dynamic:sip_parser.obj
 0001:000219b0       pjsip_parse_uri            00000001400229b0 f   pjsip-core-x86_64-x64-vc14-debug-dynamic:sip_parser.obj
 0001:00021ae0       pjsip_parse_status_line    0000000140022ae0 f   pjsip-core-x86_64-x64-vc14-debug-dynamic:sip_parser.obj
 0001:00021bf0       pjsip_parse_msg            0000000140022bf0 f   pjsip-core-x86_64-x64-vc14-debug-dynamic:sip_parser.obj
 0001:00021ca0       pjsip_parse_rdata          0000000140022ca0 f   pjsip-core-x86_64-x64-vc14-debug-dynamic:sip_parser.obj
 0001:00021d60       pjsip_find_msg             0000000140022d60 f   pjsip-core-x86_64-x64-vc14-debug-dynamic:sip_parser.obj
 0001:00022140       pjsip_parse_hdr            0000000140023140 f   pjsip-core-x86_64-x64-vc14-debug-dynamic:sip_parser.obj
 0001:000222f0       pjsip_parse_headers        00000001400232f0 f   pjsip-core-x86_64-x64-vc14-debug-dynamic:sip_parser.obj
 0001:000225e0       pjsip_parser_const         00000001400235e0 f   pjsip-core-x86_64-x64-vc14-debug-dynamic:sip_parser.obj
 0001:000225f0       pjsip_parse_param_imp      00000001400235f0 f   pjsip-core-x86_64-x64-vc14-debug-dynamic:sip_parser.obj
 0001:00022650       pjsip_parse_uri_param_imp  0000000140023650 f   pjsip-core-x86_64-x64-vc14-debug-dynamic:sip_parser.obj
 0001:000226b0       pjsip_concat_param_imp     00000001400236b0 f   pjsip-core-x86_64-x64-vc14-debug-dynamic:sip_parser.obj
 0001:00022830       pjsip_parse_end_hdr_imp    0000000140023830 f   pjsip-core-x86_64-x64-vc14-debug-dynamic:sip_parser.obj
 0001:00022850       pjsip_parse_generic_array_hdr_imp 0000000140023850 f   pjsip-core-x86_64-x64-vc14-debug-dynamic:sip_parser.obj
 0001:00025f40       init_sip_parser            0000000140026f40 f   pjsip-core-x86_64-x64-vc14-debug-dynamic:sip_parser.obj
 0001:00025f80       deinit_sip_parser          0000000140026f80 f   pjsip-core-x86_64-x64-vc14-debug-dynamic:sip_parser.obj
 0001:00028ae0       pjsip_resolver_create      0000000140029ae0 f   pjsip-core-x86_64-x64-vc14-debug-dynamic:sip_resolve.obj
 0001:00028b70       pjsip_resolver_set_resolver 0000000140029b70 f   pjsip-core-x86_64-x64-vc14-debug-dynamic:sip_resolve.obj
 0001:00028b90       pjsip_resolver_set_ext_resolver 0000000140029b90 f   pjsip-core-x86_64-x64-vc14-debug-dynamic:sip_resolve.obj
 0001:00028c10       pjsip_resolver_get_resolver 0000000140029c10 f   pjsip-core-x86_64-x64-vc14-debug-dynamic:sip_resolve.obj
 0001:00028c30       pjsip_resolver_destroy     0000000140029c30 f   pjsip-core-x86_64-x64-vc14-debug-dynamic:sip_resolve.obj
 0001:00028c70       pjsip_resolve              0000000140029c70 f   pjsip-core-x86_64-x64-vc14-debug-dynamic:sip_resolve.obj
 0001:0002a760       pjsip_strerror             000000014002b760 f   pjsip-core-x86_64-x64-vc14-debug-dynamic:sip_errno.obj
 0001:0002ab50       pjsip_tel_uri_create       000000014002bb50 f   pjsip-core-x86_64-x64-vc14-debug-dynamic:sip_tel_uri.obj
 0001:0002aba0       pjsip_tel_nb_cmp           000000014002bba0 f   pjsip-core-x86_64-x64-vc14-debug-dynamic:sip_tel_uri.obj
 0001:0002b990       pjsip_tel_uri_subsys_init  000000014002c990 f   pjsip-core-x86_64-x64-vc14-debug-dynamic:sip_tel_uri.obj
 0001:0002c300       pjsip_tsx_layer_init_module 000000014002d300 f   pjsip-core-x86_64-x64-vc14-debug-dynamic:sip_transaction.obj
 0001:0002c550       pjsip_tsx_layer_instance   000000014002d550 f   pjsip-core-x86_64-x64-vc14-debug-dynamic:sip_transaction.obj
 0001:0002c560       pjsip_tsx_layer_destroy    000000014002d560 f   pjsip-core-x86_64-x64-vc14-debug-dynamic:sip_transaction.obj
 0001:0002c5c0       pjsip_tsx_layer_get_tsx_count 000000014002d5c0 f   pjsip-core-x86_64-x64-vc14-debug-dynamic:sip_transaction.obj
 0001:0002c640       pjsip_tsx_layer_find_tsx   000000014002d640 f   pjsip-core-x86_64-x64-vc14-debug-dynamic:sip_transaction.obj
 0001:0002c670       pjsip_tsx_layer_find_tsx2  000000014002d670 f   pjsip-core-x86_64-x64-vc14-debug-dynamic:sip_transaction.obj
 0001:0002c6a0       pjsip_tsx_create_uac       000000014002d6a0 f   pjsip-core-x86_64-x64-vc14-debug-dynamic:sip_transaction.obj
 0001:0002c6e0       pjsip_tsx_create_uac2      000000014002d6e0 f   pjsip-core-x86_64-x64-vc14-debug-dynamic:sip_transaction.obj
 0001:0002cc00       pjsip_tsx_create_uas       000000014002dc00 f   pjsip-core-x86_64-x64-vc14-debug-dynamic:sip_transaction.obj
 0001:0002cc40       pjsip_tsx_create_uas2      000000014002dc40 f   pjsip-core-x86_64-x64-vc14-debug-dynamic:sip_transaction.obj
 0001:0002d100       pjsip_tsx_set_transport    000000014002e100 f   pjsip-core-x86_64-x64-vc14-debug-dynamic:sip_transaction.obj
 0001:0002d1d0       pjsip_tsx_recv_msg         000000014002e1d0 f   pjsip-core-x86_64-x64-vc14-debug-dynamic:sip_transaction.obj
 0001:0002d2d0       pjsip_tsx_send_msg         000000014002e2d0 f   pjsip-core-x86_64-x64-vc14-debug-dynamic:sip_transaction.obj
 0001:0002d450       pjsip_tsx_retransmit_no_state 000000014002e450 f   pjsip-core-x86_64-x64-vc14-debug-dynamic:sip_transaction.obj
 0001:0002d4d0       pjsip_tsx_create_key       000000014002e4d0 f   pjsip-core-x86_64-x64-vc14-debug-dynamic:sip_transaction.obj
 0001:0002d590       pjsip_tsx_terminate        000000014002e590 f   pjsip-core-x86_64-x64-vc14-debug-dynamic:sip_transaction.obj
 0001:0002d6b0       pjsip_tsx_stop_retransmit  000000014002e6b0 f   pjsip-core-x86_64-x64-vc14-debug-dynamic:sip_transaction.obj
 0001:0002d7c0       pjsip_tsx_set_timeout      000000014002e7c0 f   pjsip-core-x86_64-x64-vc14-debug-dynamic:sip_transaction.obj
 0001:0002d910       pjsip_rdata_get_tsx        000000014002e910 f   pjsip-core-x86_64-x64-vc14-debug-dynamic:sip_transaction.obj
 0001:0002d930       pjsip_tsx_layer_dump       000000014002e930 f   pjsip-core-x86_64-x64-vc14-debug-dynamic:sip_transaction.obj
 0001:0002dad0       pjsip_tsx_state_str        000000014002ead0 f   pjsip-core-x86_64-x64-vc14-debug-dynamic:sip_transaction.obj
 0001:0002daf0       pjsip_role_name            000000014002eaf0 f   pjsip-core-x86_64-x64-vc14-debug-dynamic:sip_transaction.obj
 0001:00033c60       pjsip_multipart_create     0000000140034c60 f   pjsip-core-x86_64-x64-vc14-debug-dynamic:sip_multipart.obj
 0001:00033e80       pjsip_multipart_create_part 0000000140034e80 f   pjsip-core-x86_64-x64-vc14-debug-dynamic:sip_multipart.obj
 0001:00033ec0       pjsip_multipart_clone_part 0000000140034ec0 f   pjsip-core-x86_64-x64-vc14-debug-dynamic:sip_multipart.obj
 0001:00033f60       pjsip_multipart_add_part   0000000140034f60 f   pjsip-core-x86_64-x64-vc14-debug-dynamic:sip_multipart.obj
 0001:000340c0       pjsip_multipart_get_first_part 00000001400350c0 f   pjsip-core-x86_64-x64-vc14-debug-dynamic:sip_multipart.obj
 0001:00034190       pjsip_multipart_get_next_part 0000000140035190 f   pjsip-core-x86_64-x64-vc14-debug-dynamic:sip_multipart.obj
 0001:000342d0       pjsip_multipart_find_part  00000001400352d0 f   pjsip-core-x86_64-x64-vc14-debug-dynamic:sip_multipart.obj
 0001:00034400       pjsip_multipart_parse      0000000140035400 f   pjsip-core-x86_64-x64-vc14-debug-dynamic:sip_multipart.obj
 0001:000349f0       pjsip_multipart_get_raw    00000001400359f0 f   pjsip-core-x86_64-x64-vc14-debug-dynamic:sip_multipart.obj
 0001:00036000       pjsip_auth_init_parser     0000000140037000 f   pjsip-core-x86_64-x64-vc14-debug-dynamic:sip_auth_parser.obj
 0001:00036160       pjsip_auth_deinit_parser   0000000140037160 f   pjsip-core-x86_64-x64-vc14-debug-dynamic:sip_auth_parser.obj
 0001:00036f10       pjsip_endpt_respond        0000000140037f10 f   pjsip-core-x86_64-x64-vc14-debug-dynamic:sip_util_statefull.obj
 0001:00037110       pjsip_endpt_send_request   0000000140038110 f   pjsip-core-x86_64-x64-vc14-debug-dynamic:sip_util_statefull.obj
 0001:00037450       pjsip_authorization_hdr_create 0000000140038450 f   pjsip-core-x86_64-x64-vc14-debug-dynamic:sip_auth_msg.obj
 0001:000374b0       pjsip_proxy_authorization_hdr_create 00000001400384b0 f   pjsip-core-x86_64-x64-vc14-debug-dynamic:sip_auth_msg.obj
 0001:00037510       pjsip_www_authenticate_hdr_create 0000000140038510 f   pjsip-core-x86_64-x64-vc14-debug-dynamic:sip_auth_msg.obj
 0001:00037570       pjsip_proxy_authenticate_hdr_create 0000000140038570 f   pjsip-core-x86_64-x64-vc14-debug-dynamic:sip_auth_msg.obj
 0001:0003aae0       pjlib_util_init            000000014003bae0 f   pjlib-util-x86_64-x64-vc14-debug-dynamic:errno.obj
 0001:0003ab30       pjlib_util_strerror        000000014003bb30 f   pjlib-util-x86_64-x64-vc14-debug-dynamic:errno.obj
 0001:0003adb0       pj_getopt                  000000014003bdb0 f   pjlib-util-x86_64-x64-vc14-debug-dynamic:getopt.obj
 0001:0003ae00       pj_getopt_long             000000014003be00 f   pjlib-util-x86_64-x64-vc14-debug-dynamic:getopt.obj
 0001:0003c320       pj_str_unescape            000000014003d320 f   pjlib-util-x86_64-x64-vc14-debug-dynamic:string.obj
 0001:0003c4d0       pj_strcpy_unescape         000000014003d4d0 f   pjlib-util-x86_64-x64-vc14-debug-dynamic:string.obj
 0001:0003c5f0       pj_strncpy_escape          000000014003d5f0 f   pjlib-util-x86_64-x64-vc14-debug-dynamic:string.obj
 0001:0003c660       pj_strncpy2_escape         000000014003d660 f   pjlib-util-x86_64-x64-vc14-debug-dynamic:string.obj
 0001:0003cac0       pj_dns_settings_default    000000014003dac0 f   pjlib-util-x86_64-x64-vc14-debug-dynamic:resolver.obj
 0001:0003cb20       pj_dns_resolver_create     000000014003db20 f   pjlib-util-x86_64-x64-vc14-debug-dynamic:resolver.obj
 0001:0003cdf0       pj_dns_resolver_set_ns     000000014003ddf0 f   pjlib-util-x86_64-x64-vc14-debug-dynamic:resolver.obj
 0001:0003d060       pj_dns_resolver_get_settings 000000014003e060 f   pjlib-util-x86_64-x64-vc14-debug-dynamic:resolver.obj
 0001:0003d100       pj_dns_resolver_set_settings 000000014003e100 f   pjlib-util-x86_64-x64-vc14-debug-dynamic:resolver.obj
 0001:0003d1a0       pj_dns_resolver_handle_events 000000014003e1a0 f   pjlib-util-x86_64-x64-vc14-debug-dynamic:resolver.obj
 0001:0003d230       pj_dns_resolver_destroy    000000014003e230 f   pjlib-util-x86_64-x64-vc14-debug-dynamic:resolver.obj
 0001:0003d4a0       pj_dns_resolver_start_query 000000014003e4a0 f   pjlib-util-x86_64-x64-vc14-debug-dynamic:resolver.obj
 0001:0003dae0       pj_dns_resolver_cancel_query 000000014003eae0 f   pjlib-util-x86_64-x64-vc14-debug-dynamic:resolver.obj
 0001:0003dbd0       pj_dns_parse_a_response    000000014003ebd0 f   pjlib-util-x86_64-x64-vc14-debug-dynamic:resolver.obj
 0001:0003e100       pj_dns_parse_addr_response 000000014003f100 f   pjlib-util-x86_64-x64-vc14-debug-dynamic:resolver.obj
 0001:0003e700       pj_dns_resolver_add_entry  000000014003f700 f   pjlib-util-x86_64-x64-vc14-debug-dynamic:resolver.obj
 0001:0003ea90       pj_dns_resolver_get_cached_count 000000014003fa90 f   pjlib-util-x86_64-x64-vc14-debug-dynamic:resolver.obj
 0001:0003eb10       pj_dns_resolver_dump       000000014003fb10 f   pjlib-util-x86_64-x64-vc14-debug-dynamic:resolver.obj
 0001:000421d0       pj_md5_init                00000001400431d0 f   pjlib-util-x86_64-x64-vc14-debug-dynamic:md5.obj
 0001:00042260       pj_md5_update              0000000140043260 f   pjlib-util-x86_64-x64-vc14-debug-dynamic:md5.obj
 0001:00042440       pj_md5_final               0000000140043440 f   pjlib-util-x86_64-x64-vc14-debug-dynamic:md5.obj
 0001:000444d0       pj_cis_buf_init            00000001400454d0 f   pjlib-util-x86_64-x64-vc14-debug-dynamic:scanner.obj
 0001:00044510       pj_cis_init                0000000140045510 f   pjlib-util-x86_64-x64-vc14-debug-dynamic:scanner.obj
 0001:000445d0       pj_cis_dup                 00000001400455d0 f   pjlib-util-x86_64-x64-vc14-debug-dynamic:scanner.obj
 0001:00044700       pj_cis_add_range           0000000140045700 f   pjlib-util-x86_64-x64-vc14-debug-dynamic:scanner.obj
 0001:000447a0       pj_cis_add_alpha           00000001400457a0 f   pjlib-util-x86_64-x64-vc14-debug-dynamic:scanner.obj
 0001:000447e0       pj_cis_add_num             00000001400457e0 f   pjlib-util-x86_64-x64-vc14-debug-dynamic:scanner.obj
 0001:00044810       pj_cis_add_str             0000000140045810 f   pjlib-util-x86_64-x64-vc14-debug-dynamic:scanner.obj
 0001:00044890       pj_cis_add_cis             0000000140045890 f   pjlib-util-x86_64-x64-vc14-debug-dynamic:scanner.obj
 0001:00044950       pj_cis_del_range           0000000140045950 f   pjlib-util-x86_64-x64-vc14-debug-dynamic:scanner.obj
 0001:000449d0       pj_cis_del_str             00000001400459d0 f   pjlib-util-x86_64-x64-vc14-debug-dynamic:scanner.obj
 0001:00044a50       pj_cis_invert              0000000140045a50 f   pjlib-util-x86_64-x64-vc14-debug-dynamic:scanner.obj
 0001:00044b50       pj_scan_init               0000000140045b50 f   pjlib-util-x86_64-x64-vc14-debug-dynamic:scanner.obj
 0001:00044c10       pj_scan_fini               0000000140045c10 f   pjlib-util-x86_64-x64-vc14-debug-dynamic:scanner.obj
 0001:00044c40       pj_scan_peek               0000000140045c40 f   pjlib-util-x86_64-x64-vc14-debug-dynamic:scanner.obj
 0001:00044ce0       pj_scan_peek_n             0000000140045ce0 f   pjlib-util-x86_64-x64-vc14-debug-dynamic:scanner.obj
 0001:00044d60       pj_scan_peek_until         0000000140045d60 f   pjlib-util-x86_64-x64-vc14-debug-dynamic:scanner.obj
 0001:00044e10       pj_scan_get                0000000140045e10 f   pjlib-util-x86_64-x64-vc14-debug-dynamic:scanner.obj
 0001:00044f00       pj_scan_get_unescape       0000000140045f00 f   pjlib-util-x86_64-x64-vc14-debug-dynamic:scanner.obj
 0001:000451b0       pj_scan_get_quote          00000001400461b0 f   pjlib-util-x86_64-x64-vc14-debug-dynamic:scanner.obj
 0001:00045210       pj_scan_get_quotes         0000000140046210 f   pjlib-util-x86_64-x64-vc14-debug-dynamic:scanner.obj
 0001:00045450       pj_scan_get_n              0000000140046450 f   pjlib-util-x86_64-x64-vc14-debug-dynamic:scanner.obj
 0001:000454f0       pj_scan_get_char           00000001400464f0 f   pjlib-util-x86_64-x64-vc14-debug-dynamic:scanner.obj
 0001:00045570       pj_scan_get_until          0000000140046570 f   pjlib-util-x86_64-x64-vc14-debug-dynamic:scanner.obj
 0001:00045640       pj_scan_get_until_ch       0000000140046640 f   pjlib-util-x86_64-x64-vc14-debug-dynamic:scanner.obj
 0001:00045700       pj_scan_get_until_chr      0000000140046700 f   pjlib-util-x86_64-x64-vc14-debug-dynamic:scanner.obj
 0001:000457e0       pj_scan_advance_n          00000001400467e0 f   pjlib-util-x86_64-x64-vc14-debug-dynamic:scanner.obj
 0001:00045860       pj_scan_strcmp             0000000140046860 f   pjlib-util-x86_64-x64-vc14-debug-dynamic:scanner.obj
 0001:000458d0       pj_scan_stricmp            00000001400468d0 f   pjlib-util-x86_64-x64-vc14-debug-dynamic:scanner.obj
 0001:00045940       pj_scan_stricmp_alnum      0000000140046940 f   pjlib-util-x86_64-x64-vc14-debug-dynamic:scanner.obj
 0001:000459b0       pj_scan_get_newline        00000001400469b0 f   pjlib-util-x86_64-x64-vc14-debug-dynamic:scanner.obj
 0001:00045a70       pj_scan_skip_whitespace    0000000140046a70 f   pjlib-util-x86_64-x64-vc14-debug-dynamic:scanner.obj
 0001:00045cc0       pj_scan_skip_line          0000000140046cc0 f   pjlib-util-x86_64-x64-vc14-debug-dynamic:scanner.obj
 0001:00045d50       pj_scan_save_state         0000000140046d50 f   pjlib-util-x86_64-x64-vc14-debug-dynamic:scanner.obj
 0001:00045da0       pj_scan_restore_state      0000000140046da0 f   pjlib-util-x86_64-x64-vc14-debug-dynamic:scanner.obj
 0001:00046690       pj_dns_make_query          0000000140047690 f   pjlib-util-x86_64-x64-vc14-debug-dynamic:dns.obj
 0001:00046960       pj_dns_parse_packet        0000000140047960 f   pjlib-util-x86_64-x64-vc14-debug-dynamic:dns.obj
 0001:00046e50       pj_dns_packet_dup          0000000140047e50 f   pjlib-util-x86_64-x64-vc14-debug-dynamic:dns.obj
 0001:000472d0       pj_dns_get_type_name       00000001400482d0 f   pjlib-util-x86_64-x64-vc14-debug-dynamic:dns.obj
 0001:000473c0       pj_dns_init_srv_rr         00000001400483c0 f   pjlib-util-x86_64-x64-vc14-debug-dynamic:dns.obj
 0001:00047470       pj_dns_init_cname_rr       0000000140048470 f   pjlib-util-x86_64-x64-vc14-debug-dynamic:dns.obj
 0001:00047500       pj_dns_init_a_rr           0000000140048500 f   pjlib-util-x86_64-x64-vc14-debug-dynamic:dns.obj
 0001:00047580       pj_dns_init_aaaa_rr        0000000140048580 f   pjlib-util-x86_64-x64-vc14-debug-dynamic:dns.obj
 0001:00048e40       pj_dns_srv_resolve         0000000140049e40 f   pjlib-util-x86_64-x64-vc14-debug-dynamic:srv_resolver.obj
 0001:000491b0       pj_dns_srv_cancel_query    000000014004a1b0 f   pjlib-util-x86_64-x64-vc14-debug-dynamic:srv_resolver.obj
 0001:0004bc60       pj_init                    000000014004cc60 f   pjlib-x86_64-x64-vc14-debug-dynamic:os_core_win32.obj
 0001:0004be30       pj_shutdown                000000014004ce30 f   pjlib-x86_64-x64-vc14-debug-dynamic:os_core_win32.obj
 0001:0004bf70       pj_atexit                  000000014004cf70 f   pjlib-x86_64-x64-vc14-debug-dynamic:os_core_win32.obj
 0001:0004bfc0       pj_getpid                  000000014004cfc0 f   pjlib-x86_64-x64-vc14-debug-dynamic:os_core_win32.obj
 0001:0004bff0       pj_thread_create           000000014004cff0 f   pjlib-x86_64-x64-vc14-debug-dynamic:os_core_win32.obj
 0001:0004c250       pj_thread_register         000000014004d250 f   pjlib-x86_64-x64-vc14-debug-dynamic:os_core_win32.obj
 0001:0004c3c0       pj_thread_is_registered    000000014004d3c0 f   pjlib-x86_64-x64-vc14-debug-dynamic:os_core_win32.obj
 0001:0004c400       pj_thread_get_prio         000000014004d400 f   pjlib-x86_64-x64-vc14-debug-dynamic:os_core_win32.obj
 0001:0004c430       pj_thread_set_prio         000000014004d430 f   pjlib-x86_64-x64-vc14-debug-dynamic:os_core_win32.obj
 0001:0004c530       pj_thread_get_prio_min     000000014004d530 f   pjlib-x86_64-x64-vc14-debug-dynamic:os_core_win32.obj
 0001:0004c550       pj_thread_get_prio_max     000000014004d550 f   pjlib-x86_64-x64-vc14-debug-dynamic:os_core_win32.obj
 0001:0004c570       pj_thread_get_os_handle    000000014004d570 f   pjlib-x86_64-x64-vc14-debug-dynamic:os_core_win32.obj
 0001:0004c5d0       pj_thread_get_name         000000014004d5d0 f   pjlib-x86_64-x64-vc14-debug-dynamic:os_core_win32.obj
 0001:0004c640       pj_thread_resume           000000014004d640 f   pjlib-x86_64-x64-vc14-debug-dynamic:os_core_win32.obj
 0001:0004c710       pj_thread_this             000000014004d710 f   pjlib-x86_64-x64-vc14-debug-dynamic:os_core_win32.obj
 0001:0004c770       pj_thread_join             000000014004d770 f   pjlib-x86_64-x64-vc14-debug-dynamic:os_core_win32.obj
 0001:0004c880       pj_thread_destroy          000000014004d880 f   pjlib-x86_64-x64-vc14-debug-dynamic:os_core_win32.obj
 0001:0004c950       pj_thread_sleep            000000014004d950 f   pjlib-x86_64-x64-vc14-debug-dynamic:os_core_win32.obj
 0001:0004c980       pj_thread_check_stack      000000014004d980 f   pjlib-x86_64-x64-vc14-debug-dynamic:os_core_win32.obj
 0001:0004ca80       pj_thread_get_stack_max_usage 000000014004da80 f   pjlib-x86_64-x64-vc14-debug-dynamic:os_core_win32.obj
 0001:0004caa0       pj_thread_get_stack_info   000000014004daa0 f   pjlib-x86_64-x64-vc14-debug-dynamic:os_core_win32.obj
 0001:0004cb10       pj_thread_local_alloc      000000014004db10 f   pjlib-x86_64-x64-vc14-debug-dynamic:os_core_win32.obj
 0001:0004cbc0       pj_thread_local_free       000000014004dbc0 f   pjlib-x86_64-x64-vc14-debug-dynamic:os_core_win32.obj
 0001:0004cbf0       pj_thread_local_set        000000014004dbf0 f   pjlib-x86_64-x64-vc14-debug-dynamic:os_core_win32.obj
 0001:0004cc80       pj_thread_local_get        000000014004dc80 f   pjlib-x86_64-x64-vc14-debug-dynamic:os_core_win32.obj
 0001:0004cca0       pj_atomic_create           000000014004dca0 f   pjlib-x86_64-x64-vc14-debug-dynamic:os_core_win32.obj
 0001:0004cd00       pj_atomic_destroy          000000014004dd00 f   pjlib-x86_64-x64-vc14-debug-dynamic:os_core_win32.obj
 0001:0004cd50       pj_atomic_set              000000014004dd50 f   pjlib-x86_64-x64-vc14-debug-dynamic:os_core_win32.obj
 0001:0004cdc0       pj_atomic_get              000000014004ddc0 f   pjlib-x86_64-x64-vc14-debug-dynamic:os_core_win32.obj
 0001:0004ce30       pj_atomic_inc              000000014004de30 f   pjlib-x86_64-x64-vc14-debug-dynamic:os_core_win32.obj
 0001:0004ce90       pj_atomic_inc_and_get      000000014004de90 f   pjlib-x86_64-x64-vc14-debug-dynamic:os_core_win32.obj
 0001:0004ced0       pj_atomic_dec              000000014004ded0 f   pjlib-x86_64-x64-vc14-debug-dynamic:os_core_win32.obj
 0001:0004cf30       pj_atomic_dec_and_get      000000014004df30 f   pjlib-x86_64-x64-vc14-debug-dynamic:os_core_win32.obj
 0001:0004cf70       pj_atomic_add              000000014004df70 f   pjlib-x86_64-x64-vc14-debug-dynamic:os_core_win32.obj
 0001:0004cfd0       pj_atomic_add_and_get      000000014004dfd0 f   pjlib-x86_64-x64-vc14-debug-dynamic:os_core_win32.obj
 0001:0004d010       pj_mutex_create            000000014004e010 f   pjlib-x86_64-x64-vc14-debug-dynamic:os_core_win32.obj
 0001:0004d0d0       pj_mutex_create_simple     000000014004e0d0 f   pjlib-x86_64-x64-vc14-debug-dynamic:os_core_win32.obj
 0001:0004d110       pj_mutex_create_recursive  000000014004e110 f   pjlib-x86_64-x64-vc14-debug-dynamic:os_core_win32.obj
 0001:0004d150       pj_mutex_lock              000000014004e150 f   pjlib-x86_64-x64-vc14-debug-dynamic:os_core_win32.obj
 0001:0004d210       pj_mutex_unlock            000000014004e210 f   pjlib-x86_64-x64-vc14-debug-dynamic:os_core_win32.obj
 0001:0004d2f0       pj_mutex_trylock           000000014004e2f0 f   pjlib-x86_64-x64-vc14-debug-dynamic:os_core_win32.obj
 0001:0004d3d0       pj_mutex_destroy           000000014004e3d0 f   pjlib-x86_64-x64-vc14-debug-dynamic:os_core_win32.obj
 0001:0004d450       pj_mutex_is_locked         000000014004e450 f   pjlib-x86_64-x64-vc14-debug-dynamic:os_core_win32.obj
 0001:0004d490       pj_rwmutex_create          000000014004e490 f   pjlib-x86_64-x64-vc14-debug-dynamic:os_core_win32.obj
 0001:0004d5b0       pj_rwmutex_lock_read       000000014004e5b0 f   pjlib-x86_64-x64-vc14-debug-dynamic:os_core_win32.obj
 0001:0004d6b0       pj_rwmutex_lock_write      000000014004e6b0 f   pjlib-x86_64-x64-vc14-debug-dynamic:os_core_win32.obj
 0001:0004d710       pj_rwmutex_unlock_read     000000014004e710 f   pjlib-x86_64-x64-vc14-debug-dynamic:os_core_win32.obj
 0001:0004d810       pj_rwmutex_unlock_write    000000014004e810 f   pjlib-x86_64-x64-vc14-debug-dynamic:os_core_win32.obj
 0001:0004d8a0       pj_rwmutex_destroy         000000014004e8a0 f   pjlib-x86_64-x64-vc14-debug-dynamic:os_core_win32.obj
 0001:0004d910       pj_enter_critical_section  000000014004e910 f   pjlib-x86_64-x64-vc14-debug-dynamic:os_core_win32.obj
 0001:0004d930       pj_leave_critical_section  000000014004e930 f   pjlib-x86_64-x64-vc14-debug-dynamic:os_core_win32.obj
 0001:0004d950       pj_sem_create              000000014004e950 f   pjlib-x86_64-x64-vc14-debug-dynamic:os_core_win32.obj
 0001:0004daf0       pj_sem_wait                000000014004eaf0 f   pjlib-x86_64-x64-vc14-debug-dynamic:os_core_win32.obj
 0001:0004db60       pj_sem_trywait             000000014004eb60 f   pjlib-x86_64-x64-vc14-debug-dynamic:os_core_win32.obj
 0001:0004dbd0       pj_sem_post                000000014004ebd0 f   pjlib-x86_64-x64-vc14-debug-dynamic:os_core_win32.obj
 0001:0004dca0       pj_sem_destroy             000000014004eca0 f   pjlib-x86_64-x64-vc14-debug-dynamic:os_core_win32.obj
 0001:0004dd70       pj_event_create            000000014004ed70 f   pjlib-x86_64-x64-vc14-debug-dynamic:os_core_win32.obj
 0001:0004df50       pj_event_wait              000000014004ef50 f   pjlib-x86_64-x64-vc14-debug-dynamic:os_core_win32.obj
 0001:0004dfb0       pj_event_trywait           000000014004efb0 f   pjlib-x86_64-x64-vc14-debug-dynamic:os_core_win32.obj
 0001:0004e010       pj_event_set               000000014004f010 f   pjlib-x86_64-x64-vc14-debug-dynamic:os_core_win32.obj
 0001:0004e0e0       pj_event_pulse             000000014004f0e0 f   pjlib-x86_64-x64-vc14-debug-dynamic:os_core_win32.obj
 0001:0004e1b0       pj_event_reset             000000014004f1b0 f   pjlib-x86_64-x64-vc14-debug-dynamic:os_core_win32.obj
 0001:0004e280       pj_event_destroy           000000014004f280 f   pjlib-x86_64-x64-vc14-debug-dynamic:os_core_win32.obj
 0001:0004e350       pj_term_set_color          000000014004f350 f   pjlib-x86_64-x64-vc14-debug-dynamic:os_core_win32.obj
 0001:0004e410       pj_term_get_color          000000014004f410 f   pjlib-x86_64-x64-vc14-debug-dynamic:os_core_win32.obj
 0001:0004e470       pj_run_app                 000000014004f470 f   pjlib-x86_64-x64-vc14-debug-dynamic:os_core_win32.obj
 0001:0004e4a0       pj_thread_init             000000014004f4a0 f   pjlib-x86_64-x64-vc14-debug-dynamic:os_core_win32.obj
 0001:0004f580       pj_strerror                0000000140050580 f   pjlib-x86_64-x64-vc14-debug-dynamic:errno.obj
 0001:0004f820       pj_perror                  0000000140050820 f   pjlib-x86_64-x64-vc14-debug-dynamic:errno.obj
 0001:0004f880       pj_register_strerror       0000000140050880 f   pjlib-x86_64-x64-vc14-debug-dynamic:errno.obj
 0001:0004fae0       pj_errno_clear_handlers    0000000140050ae0 f   pjlib-x86_64-x64-vc14-debug-dynamic:errno.obj
 0001:0004fb10       pj_perror_1                0000000140050b10 f   pjlib-x86_64-x64-vc14-debug-dynamic:errno.obj
 0001:0004fb70       pj_perror_2                0000000140050b70 f   pjlib-x86_64-x64-vc14-debug-dynamic:errno.obj
 0001:0004fbd0       pj_perror_3                0000000140050bd0 f   pjlib-x86_64-x64-vc14-debug-dynamic:errno.obj
 0001:0004fc30       pj_perror_4                0000000140050c30 f   pjlib-x86_64-x64-vc14-debug-dynamic:errno.obj
 0001:0004fc90       pj_perror_5                0000000140050c90 f   pjlib-x86_64-x64-vc14-debug-dynamic:errno.obj
 0001:00050260       pj_list_insert_before      0000000140051260 f   pjlib-x86_64-x64-vc14-debug-dynamic:list.obj
 0001:00050290       pj_list_insert_nodes_before 0000000140051290 f   pjlib-x86_64-x64-vc14-debug-dynamic:list.obj
 0001:000502c0       pj_list_insert_after       00000001400512c0 f   pjlib-x86_64-x64-vc14-debug-dynamic:list.obj
 0001:00050310       pj_list_insert_nodes_after 0000000140051310 f   pjlib-x86_64-x64-vc14-debug-dynamic:list.obj
 0001:00050370       pj_list_merge_first        0000000140051370 f   pjlib-x86_64-x64-vc14-debug-dynamic:list.obj
 0001:000503d0       pj_list_merge_last         00000001400513d0 f   pjlib-x86_64-x64-vc14-debug-dynamic:list.obj
 0001:00050430       pj_list_erase              0000000140051430 f   pjlib-x86_64-x64-vc14-debug-dynamic:list.obj
 0001:00050470       pj_list_find_node          0000000140051470 f   pjlib-x86_64-x64-vc14-debug-dynamic:list.obj
 0001:000504e0       pj_list_search             00000001400514e0 f   pjlib-x86_64-x64-vc14-debug-dynamic:list.obj
 0001:00050560       pj_list_size               0000000140051560 f   pjlib-x86_64-x64-vc14-debug-dynamic:list.obj
 0001:00050710       pj_ntohs                   0000000140051710 f   pjlib-x86_64-x64-vc14-debug-dynamic:sock_bsd.obj
 0001:00050730       pj_htons                   0000000140051730 f   pjlib-x86_64-x64-vc14-debug-dynamic:sock_bsd.obj
 0001:00050750       pj_ntohl                   0000000140051750 f   pjlib-x86_64-x64-vc14-debug-dynamic:sock_bsd.obj
 0001:00050770       pj_htonl                   0000000140051770 f   pjlib-x86_64-x64-vc14-debug-dynamic:sock_bsd.obj
 0001:00050790       pj_inet_ntoa               0000000140051790 f   pjlib-x86_64-x64-vc14-debug-dynamic:sock_bsd.obj
 0001:000507d0       pj_inet_aton               00000001400517d0 f   pjlib-x86_64-x64-vc14-debug-dynamic:sock_bsd.obj
 0001:00050900       pj_inet_pton               0000000140051900 f   pjlib-x86_64-x64-vc14-debug-dynamic:sock_bsd.obj
 0001:00050ba0       pj_inet_ntop               0000000140051ba0 f   pjlib-x86_64-x64-vc14-debug-dynamic:sock_bsd.obj
 0001:00050e00       pj_gethostname             0000000140051e00 f   pjlib-x86_64-x64-vc14-debug-dynamic:sock_bsd.obj
 0001:00050e90       pj_sock_socket             0000000140051e90 f   pjlib-x86_64-x64-vc14-debug-dynamic:sock_bsd.obj
 0001:00051030       pj_sock_close              0000000140052030 f   pjlib-x86_64-x64-vc14-debug-dynamic:sock_bsd.obj
 0001:000510c0       pj_sock_bind               00000001400520c0 f   pjlib-x86_64-x64-vc14-debug-dynamic:sock_bsd.obj
 0001:000511a0       pj_sock_bind_in            00000001400521a0 f   pjlib-x86_64-x64-vc14-debug-dynamic:sock_bsd.obj
 0001:00051240       pj_sock_listen             0000000140052240 f   pjlib-x86_64-x64-vc14-debug-dynamic:sock_bsd.obj
 0001:000512d0       pj_sock_accept             00000001400522d0 f   pjlib-x86_64-x64-vc14-debug-dynamic:sock_bsd.obj
 0001:000513b0       pj_sock_connect            00000001400523b0 f   pjlib-x86_64-x64-vc14-debug-dynamic:sock_bsd.obj
 0001:00051450       pj_sock_getpeername        0000000140052450 f   pjlib-x86_64-x64-vc14-debug-dynamic:sock_bsd.obj
 0001:000514f0       pj_sock_getsockname        00000001400524f0 f   pjlib-x86_64-x64-vc14-debug-dynamic:sock_bsd.obj
 0001:00051590       pj_sock_getsockopt         0000000140052590 f   pjlib-x86_64-x64-vc14-debug-dynamic:sock_bsd.obj
 0001:00051690       pj_sock_setsockopt         0000000140052690 f   pjlib-x86_64-x64-vc14-debug-dynamic:sock_bsd.obj
 0001:00051770       pj_sock_setsockopt_params  0000000140052770 f   pjlib-x86_64-x64-vc14-debug-dynamic:sock_bsd.obj
 0001:000518c0       pj_sock_recv               00000001400528c0 f   pjlib-x86_64-x64-vc14-debug-dynamic:sock_bsd.obj
 0001:000519c0       pj_sock_recvfrom           00000001400529c0 f   pjlib-x86_64-x64-vc14-debug-dynamic:sock_bsd.obj
 0001:00051ad0       pj_sock_send               0000000140052ad0 f   pjlib-x86_64-x64-vc14-debug-dynamic:sock_bsd.obj
 0001:00051bc0       pj_sock_sendto             0000000140052bc0 f   pjlib-x86_64-x64-vc14-debug-dynamic:sock_bsd.obj
 0001:00051cc0       pj_sock_shutdown           0000000140052cc0 f   pjlib-x86_64-x64-vc14-debug-dynamic:sock_bsd.obj
 0001:00052360       pj_pool_create             0000000140053360 f   pjlib-x86_64-x64-vc14-debug-dynamic:pool.obj
 0001:000523b0       pj_pool_release            00000001400533b0 f   pjlib-x86_64-x64-vc14-debug-dynamic:pool.obj
 0001:000523f0       pj_pool_safe_release       00000001400533f0 f   pjlib-x86_64-x64-vc14-debug-dynamic:pool.obj
 0001:00052430       pj_pool_secure_release     0000000140053430 f   pjlib-x86_64-x64-vc14-debug-dynamic:pool.obj
 0001:000524e0       pj_pool_getobjname         00000001400534e0 f   pjlib-x86_64-x64-vc14-debug-dynamic:pool.obj
 0001:00052500       pj_pool_reset              0000000140053500 f   pjlib-x86_64-x64-vc14-debug-dynamic:pool.obj
 0001:00052530       pj_pool_get_capacity       0000000140053530 f   pjlib-x86_64-x64-vc14-debug-dynamic:pool.obj
 0001:00052550       pj_pool_get_used_size      0000000140053550 f   pjlib-x86_64-x64-vc14-debug-dynamic:pool.obj
 0001:000525c0       pj_pool_alloc              00000001400535c0 f   pjlib-x86_64-x64-vc14-debug-dynamic:pool.obj
 0001:00052620       pj_pool_calloc             0000000140053620 f   pjlib-x86_64-x64-vc14-debug-dynamic:pool.obj
 0001:00052680       pj_pool_alloc_from_block   0000000140053680 f   pjlib-x86_64-x64-vc14-debug-dynamic:pool.obj
 0001:00052710       pj_pool_allocate_find      0000000140053710 f   pjlib-x86_64-x64-vc14-debug-dynamic:pool.obj
 0001:00052890       pj_NO_MEMORY_EXCEPTION     0000000140053890 f   pjlib-x86_64-x64-vc14-debug-dynamic:pool.obj
 0001:000528a0       pj_pool_create_int         00000001400538a0 f   pjlib-x86_64-x64-vc14-debug-dynamic:pool.obj
 0001:00052a30       pj_pool_init_int           0000000140053a30 f   pjlib-x86_64-x64-vc14-debug-dynamic:pool.obj
 0001:00052b10       pj_pool_destroy_int        0000000140053b10 f   pjlib-x86_64-x64-vc14-debug-dynamic:pool.obj
 0001:00053110       pj_caching_pool_init       0000000140054110 f   pjlib-x86_64-x64-vc14-debug-dynamic:pool_caching.obj
 0001:00053270       pj_caching_pool_destroy    0000000140054270 f   pjlib-x86_64-x64-vc14-debug-dynamic:pool_caching.obj
 0001:00053e20       pj_str                     0000000140054e20 f   pjlib-x86_64-x64-vc14-debug-dynamic:string.obj
 0001:00053e90       pj_strassign               0000000140054e90 f   pjlib-x86_64-x64-vc14-debug-dynamic:string.obj
 0001:00053ed0       pj_strcpy                  0000000140054ed0 f   pjlib-x86_64-x64-vc14-debug-dynamic:string.obj
 0001:00053f30       pj_strcpy2                 0000000140054f30 f   pjlib-x86_64-x64-vc14-debug-dynamic:string.obj
 0001:00053fb0       pj_strncpy                 0000000140054fb0 f   pjlib-x86_64-x64-vc14-debug-dynamic:string.obj
 0001:00054050       pj_strncpy_with_null       0000000140055050 f   pjlib-x86_64-x64-vc14-debug-dynamic:string.obj
 0001:00054100       pj_strdup                  0000000140055100 f   pjlib-x86_64-x64-vc14-debug-dynamic:string.obj
 0001:00054190       pj_strdup_with_null        0000000140055190 f   pjlib-x86_64-x64-vc14-debug-dynamic:string.obj
 0001:00054230       pj_strdup2                 0000000140055230 f   pjlib-x86_64-x64-vc14-debug-dynamic:string.obj
 0001:000542e0       pj_strdup2_with_null       00000001400552e0 f   pjlib-x86_64-x64-vc14-debug-dynamic:string.obj
 0001:00054390       pj_strdup3                 0000000140055390 f   pjlib-x86_64-x64-vc14-debug-dynamic:string.obj
 0001:000543e0       pj_strcmp                  00000001400553e0 f   pjlib-x86_64-x64-vc14-debug-dynamic:string.obj
 0001:00054510       pj_strcmp2                 0000000140055510 f   pjlib-x86_64-x64-vc14-debug-dynamic:string.obj
 0001:00054570       pj_strncmp                 0000000140055570 f   pjlib-x86_64-x64-vc14-debug-dynamic:string.obj
 0001:00054600       pj_strncmp2                0000000140055600 f   pjlib-x86_64-x64-vc14-debug-dynamic:string.obj
 0001:00054660       pj_stricmp                 0000000140055660 f   pjlib-x86_64-x64-vc14-debug-dynamic:string.obj
 0001:00054790       pj_stricmp2                0000000140055790 f   pjlib-x86_64-x64-vc14-debug-dynamic:string.obj
 0001:000547f0       pj_strnicmp                00000001400557f0 f   pjlib-x86_64-x64-vc14-debug-dynamic:string.obj
 0001:00054880       pj_strnicmp2               0000000140055880 f   pjlib-x86_64-x64-vc14-debug-dynamic:string.obj
 0001:000548e0       pj_strcat                  00000001400558e0 f   pjlib-x86_64-x64-vc14-debug-dynamic:string.obj
 0001:00054950       pj_strcat2                 0000000140055950 f   pjlib-x86_64-x64-vc14-debug-dynamic:string.obj
 0001:000549e0       pj_strspn                  00000001400559e0 f   pjlib-x86_64-x64-vc14-debug-dynamic:string.obj
 0001:00054aa0       pj_strspn2                 0000000140055aa0 f   pjlib-x86_64-x64-vc14-debug-dynamic:string.obj
 0001:00054b70       pj_strcspn                 0000000140055b70 f   pjlib-x86_64-x64-vc14-debug-dynamic:string.obj
 0001:00054c10       pj_strcspn2                0000000140055c10 f   pjlib-x86_64-x64-vc14-debug-dynamic:string.obj
 0001:00054cc0       pj_strtok                  0000000140055cc0 f   pjlib-x86_64-x64-vc14-debug-dynamic:string.obj
 0001:00054de0       pj_strtok2                 0000000140055de0 f   pjlib-x86_64-x64-vc14-debug-dynamic:string.obj
 0001:00054f00       pj_strstr                  0000000140055f00 f   pjlib-x86_64-x64-vc14-debug-dynamic:string.obj
 0001:00054fb0       pj_stristr                 0000000140055fb0 f   pjlib-x86_64-x64-vc14-debug-dynamic:string.obj
 0001:00055060       pj_strltrim                0000000140056060 f   pjlib-x86_64-x64-vc14-debug-dynamic:string.obj
 0001:00055100       pj_strrtrim                0000000140056100 f   pjlib-x86_64-x64-vc14-debug-dynamic:string.obj
 0001:000551a0       pj_strtrim                 00000001400561a0 f   pjlib-x86_64-x64-vc14-debug-dynamic:string.obj
 0001:000551d0       pj_create_random_string    00000001400561d0 f   pjlib-x86_64-x64-vc14-debug-dynamic:string.obj
 0001:00055320       pj_strtol                  0000000140056320 f   pjlib-x86_64-x64-vc14-debug-dynamic:string.obj
 0001:00055400       pj_strtol2                 0000000140056400 f   pjlib-x86_64-x64-vc14-debug-dynamic:string.obj
 0001:000555f0       pj_strtoul                 00000001400565f0 f   pjlib-x86_64-x64-vc14-debug-dynamic:string.obj
 0001:00055680       pj_strtoul2                0000000140056680 f   pjlib-x86_64-x64-vc14-debug-dynamic:string.obj
 0001:00055810       pj_strtoul3                0000000140056810 f   pjlib-x86_64-x64-vc14-debug-dynamic:string.obj
 0001:00055af0       pj_strtof                  0000000140056af0 f   pjlib-x86_64-x64-vc14-debug-dynamic:string.obj
 0001:00055cc0       pj_utoa                    0000000140056cc0 f   pjlib-x86_64-x64-vc14-debug-dynamic:string.obj
 0001:00055cf0       pj_utoa_pad                0000000140056cf0 f   pjlib-x86_64-x64-vc14-debug-dynamic:string.obj
 0001:00056860       pj_inet_ntop2              0000000140057860 f   pjlib-x86_64-x64-vc14-debug-dynamic:sock_common.obj
 0001:000568c0       pj_sockaddr_print          00000001400578c0 f   pjlib-x86_64-x64-vc14-debug-dynamic:sock_common.obj
 0001:00056a60       pj_inet_addr               0000000140057a60 f   pjlib-x86_64-x64-vc14-debug-dynamic:sock_common.obj
 0001:00056a90       pj_inet_addr2              0000000140057a90 f   pjlib-x86_64-x64-vc14-debug-dynamic:sock_common.obj
 0001:00056ae0       pj_sockaddr_in_init        0000000140057ae0 f   pjlib-x86_64-x64-vc14-debug-dynamic:sock_common.obj
 0001:00056b90       pj_sockaddr_init           0000000140057b90 f   pjlib-x86_64-x64-vc14-debug-dynamic:sock_common.obj
 0001:00056c80       pj_sockaddr_cmp            0000000140057c80 f   pjlib-x86_64-x64-vc14-debug-dynamic:sock_common.obj
 0001:00056d90       pj_sockaddr_get_addr       0000000140057d90 f   pjlib-x86_64-x64-vc14-debug-dynamic:sock_common.obj
 0001:00056e50       pj_sockaddr_has_addr       0000000140057e50 f   pjlib-x86_64-x64-vc14-debug-dynamic:sock_common.obj
 0001:00056f40       pj_sockaddr_get_addr_len   0000000140057f40 f   pjlib-x86_64-x64-vc14-debug-dynamic:sock_common.obj
 0001:00057000       pj_sockaddr_get_len        0000000140058000 f   pjlib-x86_64-x64-vc14-debug-dynamic:sock_common.obj
 0001:000570c0       pj_sockaddr_copy_addr      00000001400580c0 f   pjlib-x86_64-x64-vc14-debug-dynamic:sock_common.obj
 0001:00057130       pj_sockaddr_cp             0000000140058130 f   pjlib-x86_64-x64-vc14-debug-dynamic:sock_common.obj
 0001:00057170       pj_sockaddr_synthesize     0000000140058170 f   pjlib-x86_64-x64-vc14-debug-dynamic:sock_common.obj
 0001:00057300       pj_sockaddr_in_get_addr    0000000140058300 f   pjlib-x86_64-x64-vc14-debug-dynamic:sock_common.obj
 0001:00057330       pj_sockaddr_in_set_addr    0000000140058330 f   pjlib-x86_64-x64-vc14-debug-dynamic:sock_common.obj
 0001:00057360       pj_sockaddr_in_set_str_addr 0000000140058360 f   pjlib-x86_64-x64-vc14-debug-dynamic:sock_common.obj
 0001:00057510       pj_sockaddr_set_str_addr   0000000140058510 f   pjlib-x86_64-x64-vc14-debug-dynamic:sock_common.obj
 0001:000576b0       pj_sockaddr_get_port       00000001400586b0 f   pjlib-x86_64-x64-vc14-debug-dynamic:sock_common.obj
 0001:00057780       pj_sockaddr_in_get_port    0000000140058780 f   pjlib-x86_64-x64-vc14-debug-dynamic:sock_common.obj
 0001:000577b0       pj_sockaddr_set_port       00000001400587b0 f   pjlib-x86_64-x64-vc14-debug-dynamic:sock_common.obj
 0001:00057870       pj_sockaddr_in_set_port    0000000140058870 f   pjlib-x86_64-x64-vc14-debug-dynamic:sock_common.obj
 0001:000578a0       pj_sockaddr_parse          00000001400588a0 f   pjlib-x86_64-x64-vc14-debug-dynamic:sock_common.obj
 0001:00057a20       pj_sockaddr_parse2         0000000140058a20 f   pjlib-x86_64-x64-vc14-debug-dynamic:sock_common.obj
 0001:00057f70       pj_gethostaddr             0000000140058f70 f   pjlib-x86_64-x64-vc14-debug-dynamic:sock_common.obj
 0001:00057fc0       pj_sock_bind_random        0000000140058fc0 f   pjlib-x86_64-x64-vc14-debug-dynamic:sock_common.obj
 0001:00058140       pj_sock_setsockopt_sobuf   0000000140059140 f   pjlib-x86_64-x64-vc14-debug-dynamic:sock_common.obj
 0001:00058360       pj_addr_str_print          0000000140059360 f   pjlib-x86_64-x64-vc14-debug-dynamic:sock_common.obj
 0001:000585f0       pj_gethostip               00000001400595f0 f   pjlib-x86_64-x64-vc14-debug-dynamic:sock_common.obj
 0001:00059140       pj_getipinterface          000000014005a140 f   pjlib-x86_64-x64-vc14-debug-dynamic:sock_common.obj
 0001:000593c0       pj_getdefaultipinterface   000000014005a3c0 f   pjlib-x86_64-x64-vc14-debug-dynamic:sock_common.obj
 0001:00059f50       pj_log                     000000014005af50 f   pjlib-x86_64-x64-vc14-debug-dynamic:log.obj
 0001:0005a7c0       pj_log_set_log_func        000000014005b7c0 f   pjlib-x86_64-x64-vc14-debug-dynamic:log.obj
 0001:0005a7e0       pj_log_get_log_func        000000014005b7e0 f   pjlib-x86_64-x64-vc14-debug-dynamic:log.obj
 0001:0005a7f0       pj_log_set_level           000000014005b7f0 f   pjlib-x86_64-x64-vc14-debug-dynamic:log.obj
 0001:0005a810       pj_log_get_level           000000014005b810 f   pjlib-x86_64-x64-vc14-debug-dynamic:log.obj
 0001:0005a820       pj_log_set_decor           000000014005b820 f   pjlib-x86_64-x64-vc14-debug-dynamic:log.obj
 0001:0005a840       pj_log_get_decor           000000014005b840 f   pjlib-x86_64-x64-vc14-debug-dynamic:log.obj
 0001:0005a850       pj_log_add_indent          000000014005b850 f   pjlib-x86_64-x64-vc14-debug-dynamic:log.obj
 0001:0005a880       pj_log_push_indent         000000014005b880 f   pjlib-x86_64-x64-vc14-debug-dynamic:log.obj
 0001:0005a8a0       pj_log_pop_indent          000000014005b8a0 f   pjlib-x86_64-x64-vc14-debug-dynamic:log.obj
 0001:0005a8c0       pj_log_set_color           000000014005b8c0 f   pjlib-x86_64-x64-vc14-debug-dynamic:log.obj
 0001:0005a9e0       pj_log_get_color           000000014005b9e0 f   pjlib-x86_64-x64-vc14-debug-dynamic:log.obj
 0001:0005aa80       pj_log_init                000000014005ba80 f   pjlib-x86_64-x64-vc14-debug-dynamic:log.obj
 0001:0005ab00       pj_log_1                   000000014005bb00 f   pjlib-x86_64-x64-vc14-debug-dynamic:log.obj
 0001:0005ab50       pj_log_2                   000000014005bb50 f   pjlib-x86_64-x64-vc14-debug-dynamic:log.obj
 0001:0005aba0       pj_log_3                   000000014005bba0 f   pjlib-x86_64-x64-vc14-debug-dynamic:log.obj
 0001:0005abf0       pj_log_4                   000000014005bbf0 f   pjlib-x86_64-x64-vc14-debug-dynamic:log.obj
 0001:0005ac40       pj_log_5                   000000014005bc40 f   pjlib-x86_64-x64-vc14-debug-dynamic:log.obj
 0001:0005b330       pj_enum_ip_interface       000000014005c330 f   pjlib-x86_64-x64-vc14-debug-dynamic:ip_helper_win32.obj
 0001:0005b470       pj_enum_ip_interface2      000000014005c470 f   pjlib-x86_64-x64-vc14-debug-dynamic:ip_helper_win32.obj
 0001:0005b4e0       pj_enum_ip_route           000000014005c4e0 f   pjlib-x86_64-x64-vc14-debug-dynamic:ip_helper_win32.obj
 0001:0005c400       pj_pool_factory_get_default_policy 000000014005d400 f   pjlib-x86_64-x64-vc14-debug-dynamic:pool_policy_malloc.obj
 0001:0005c590       pj_ioqueue_name            000000014005d590 f   pjlib-x86_64-x64-vc14-debug-dynamic:ioqueue_select.obj
 0001:0005c5a0       pj_ioqueue_create          000000014005d5a0 f   pjlib-x86_64-x64-vc14-debug-dynamic:ioqueue_select.obj
 0001:0005c890       pj_ioqueue_destroy         000000014005d890 f   pjlib-x86_64-x64-vc14-debug-dynamic:ioqueue_select.obj
 0001:0005c9d0       pj_ioqueue_set_lock        000000014005d9d0 f   pjlib-x86_64-x64-vc14-debug-dynamic:ioqueue_select.obj
 0001:0005ca80       pj_ioqueue_set_default_concurrency 000000014005da80 f   pjlib-x86_64-x64-vc14-debug-dynamic:ioqueue_select.obj
 0001:0005cae0       pj_ioqueue_register_sock   000000014005dae0 f   pjlib-x86_64-x64-vc14-debug-dynamic:ioqueue_select.obj
 0001:0005cb40       pj_ioqueue_register_sock2  000000014005db40 f   pjlib-x86_64-x64-vc14-debug-dynamic:ioqueue_select.obj
 0001:0005cdf0       pj_ioqueue_unregister      000000014005ddf0 f   pjlib-x86_64-x64-vc14-debug-dynamic:ioqueue_select.obj
 0001:0005d000       pj_ioqueue_get_user_data   000000014005e000 f   pjlib-x86_64-x64-vc14-debug-dynamic:ioqueue_select.obj
 0001:0005d060       pj_ioqueue_set_user_data   000000014005e060 f   pjlib-x86_64-x64-vc14-debug-dynamic:ioqueue_select.obj
 0001:0005d0e0       pj_ioqueue_set_concurrency 000000014005e0e0 f   pjlib-x86_64-x64-vc14-debug-dynamic:ioqueue_select.obj
 0001:0005d190       pj_ioqueue_lock_key        000000014005e190 f   pjlib-x86_64-x64-vc14-debug-dynamic:ioqueue_select.obj
 0001:0005d1d0       pj_ioqueue_trylock_key     000000014005e1d0 f   pjlib-x86_64-x64-vc14-debug-dynamic:ioqueue_select.obj
 0001:0005d210       pj_ioqueue_unlock_key      000000014005e210 f   pjlib-x86_64-x64-vc14-debug-dynamic:ioqueue_select.obj
 0001:0005d250       pj_ioqueue_op_key_init     000000014005e250 f   pjlib-x86_64-x64-vc14-debug-dynamic:ioqueue_select.obj
 0001:0005d280       pj_ioqueue_is_pending      000000014005e280 f   pjlib-x86_64-x64-vc14-debug-dynamic:ioqueue_select.obj
 0001:0005d2d0       pj_ioqueue_post_completion 000000014005e2d0 f   pjlib-x86_64-x64-vc14-debug-dynamic:ioqueue_select.obj
 0001:0005d4b0       pj_ioqueue_accept          000000014005e4b0 f   pjlib-x86_64-x64-vc14-debug-dynamic:ioqueue_select.obj
 0001:0005d700       pj_ioqueue_connect         000000014005e700 f   pjlib-x86_64-x64-vc14-debug-dynamic:ioqueue_select.obj
 0001:0005d860       pj_ioqueue_poll            000000014005e860 f   pjlib-x86_64-x64-vc14-debug-dynamic:ioqueue_select.obj
 0001:0005de40       pj_ioqueue_recv            000000014005ee40 f   pjlib-x86_64-x64-vc14-debug-dynamic:ioqueue_select.obj
 0001:0005e070       pj_ioqueue_recvfrom        000000014005f070 f   pjlib-x86_64-x64-vc14-debug-dynamic:ioqueue_select.obj
 0001:0005e2e0       pj_ioqueue_send            000000014005f2e0 f   pjlib-x86_64-x64-vc14-debug-dynamic:ioqueue_select.obj
 0001:0005e520       pj_ioqueue_sendto          000000014005f520 f   pjlib-x86_64-x64-vc14-debug-dynamic:ioqueue_select.obj
 0001:0005ed90       ioqueue_dispatch_write_event 000000014005fd90 f   pjlib-x86_64-x64-vc14-debug-dynamic:ioqueue_select.obj
 0001:0005f260       ioqueue_dispatch_read_event 0000000140060260 f   pjlib-x86_64-x64-vc14-debug-dynamic:ioqueue_select.obj
 0001:0005f600       ioqueue_dispatch_exception_event 0000000140060600 f   pjlib-x86_64-x64-vc14-debug-dynamic:ioqueue_select.obj
 0001:000607c0       pj_lock_create_simple_mutex 00000001400617c0 f   pjlib-x86_64-x64-vc14-debug-dynamic:lock.obj
 0001:00060800       pj_lock_create_recursive_mutex 0000000140061800 f   pjlib-x86_64-x64-vc14-debug-dynamic:lock.obj
 0001:00060840       pj_lock_create_null_mutex  0000000140061840 f   pjlib-x86_64-x64-vc14-debug-dynamic:lock.obj
 0001:000608b0       pj_lock_create_semaphore   00000001400618b0 f   pjlib-x86_64-x64-vc14-debug-dynamic:lock.obj
 0001:000609c0       pj_lock_acquire            00000001400619c0 f   pjlib-x86_64-x64-vc14-debug-dynamic:lock.obj
 0001:00060a20       pj_lock_tryacquire         0000000140061a20 f   pjlib-x86_64-x64-vc14-debug-dynamic:lock.obj
 0001:00060a80       pj_lock_release            0000000140061a80 f   pjlib-x86_64-x64-vc14-debug-dynamic:lock.obj
 0001:00060ae0       pj_lock_destroy            0000000140061ae0 f   pjlib-x86_64-x64-vc14-debug-dynamic:lock.obj
 0001:00060b40       pj_grp_lock_config_default 0000000140061b40 f   pjlib-x86_64-x64-vc14-debug-dynamic:lock.obj
 0001:00060b70       pj_grp_lock_create         0000000140061b70 f   pjlib-x86_64-x64-vc14-debug-dynamic:lock.obj
 0001:00060d60       pj_grp_lock_create_w_handler 0000000140061d60 f   pjlib-x86_64-x64-vc14-debug-dynamic:lock.obj
 0001:00060dd0       pj_grp_lock_destroy        0000000140061dd0 f   pjlib-x86_64-x64-vc14-debug-dynamic:lock.obj
 0001:00060df0       pj_grp_lock_replace        0000000140061df0 f   pjlib-x86_64-x64-vc14-debug-dynamic:lock.obj
 0001:00060eb0       pj_grp_lock_acquire        0000000140061eb0 f   pjlib-x86_64-x64-vc14-debug-dynamic:lock.obj
 0001:00060ed0       pj_grp_lock_tryacquire     0000000140061ed0 f   pjlib-x86_64-x64-vc14-debug-dynamic:lock.obj
 0001:00060ef0       pj_grp_lock_release        0000000140061ef0 f   pjlib-x86_64-x64-vc14-debug-dynamic:lock.obj
 0001:00060f10       pj_grp_lock_add_handler    0000000140061f10 f   pjlib-x86_64-x64-vc14-debug-dynamic:lock.obj
 0001:00060f60       pj_grp_lock_del_handler    0000000140061f60 f   pjlib-x86_64-x64-vc14-debug-dynamic:lock.obj
 0001:00061000       pj_grp_lock_add_ref        0000000140062000 f   pjlib-x86_64-x64-vc14-debug-dynamic:lock.obj
 0001:00061020       pj_grp_lock_dec_ref        0000000140062020 f   pjlib-x86_64-x64-vc14-debug-dynamic:lock.obj
 0001:00061040       pj_grp_lock_get_ref        0000000140062040 f   pjlib-x86_64-x64-vc14-debug-dynamic:lock.obj
 0001:00061070       pj_grp_lock_dump           0000000140062070 f   pjlib-x86_64-x64-vc14-debug-dynamic:lock.obj
 0001:000610c0       pj_grp_lock_chain_lock     00000001400620c0 f   pjlib-x86_64-x64-vc14-debug-dynamic:lock.obj
 0001:000611b0       pj_grp_lock_unchain_lock   00000001400621b0 f   pjlib-x86_64-x64-vc14-debug-dynamic:lock.obj
 0001:00061eb0       pj_timer_heap_mem_size     0000000140062eb0 f   pjlib-x86_64-x64-vc14-debug-dynamic:timer.obj
[...]
 0002:00001fe0       PJ_IP_MULTICAST_TTL        0000000140070fe0     pjlib-x86_64-x64-vc14-debug-dynamic:sock_bsd.obj
 0002:00001fe4       PJ_IP_MULTICAST_LOOP       0000000140070fe4     pjlib-x86_64-x64-vc14-debug-dynamic:sock_bsd.obj
 0002:00001fe8       PJ_IP_ADD_MEMBERSHIP       0000000140070fe8     pjlib-x86_64-x64-vc14-debug-dynamic:sock_bsd.obj
 0002:00001fec       PJ_IP_DROP_MEMBERSHIP      0000000140070fec     pjlib-x86_64-x64-vc14-debug-dynamic:sock_bsd.obj
 0002:00001ff0       PJ_MSG_OOB                 0000000140070ff0     pjlib-x86_64-x64-vc14-debug-dynamic:sock_bsd.obj
 0002:00001ff4       PJ_MSG_PEEK                0000000140070ff4     pjlib-x86_64-x64-vc14-debug-dynamic:sock_bsd.obj
 0002:00001ff8       PJ_MSG_DONTROUTE           0000000140070ff8     pjlib-x86_64-x64-vc14-debug-dynamic:sock_bsd.obj
 0002:00002018       __real@00000000            0000000140071018     pjlib-x86_64-x64-vc14-debug-dynamic:string.obj
 0002:0000201c       __real@3f800000            000000014007101c     pjlib-x86_64-x64-vc14-debug-dynamic:string.obj
 0002:00002020       __real@41200000            0000000140071020     pjlib-x86_64-x64-vc14-debug-dynamic:string.obj
 0002:000023f0       PJ_GUID_STRING_LENGTH      00000001400713f0     pjlib-x86_64-x64-vc14-debug-dynamic:guid_win32.obj
 0002:00002438       __real@0000000000000000    0000000140071438     pjlib-x86_64-x64-vc14-debug-dynamic:os_timestamp_common.obj
 0002:00002448       __real@3ff0000000000000    0000000140071448     pjlib-x86_64-x64-vc14-debug-dynamic:os_timestamp_common.obj
 0002:00002458       __real@408f400000000000    0000000140071458     pjlib-x86_64-x64-vc14-debug-dynamic:os_timestamp_common.obj
 0002:00002468       __real@412e848000000000    0000000140071468     pjlib-x86_64-x64-vc14-debug-dynamic:os_timestamp_common.obj
 0002:00002478       __real@41cdcd6500000000    0000000140071478     pjlib-x86_64-x64-vc14-debug-dynamic:os_timestamp_common.obj
 0002:00002488       __real@43e0000000000000    0000000140071488     pjlib-x86_64-x64-vc14-debug-dynamic:os_timestamp_common.obj
 0002:000024f0       _load_config_used          00000001400714f0     MSVCRTD:loadcfg.obj
 0002:000028c0       __rtc_iaa                  00000001400718c0     MSVCRTD:_initsect_.obj
 0002:000029d0       __rtc_izz                  00000001400719d0     MSVCRTD:_initsect_.obj
 0002:00002ae0       __rtc_taa                  0000000140071ae0     MSVCRTD:_initsect_.obj
 0002:00002bf0       __rtc_tzz                  0000000140071bf0     MSVCRTD:_initsect_.obj
 0003:000077fc       PJSIP_SYN_ERR_EXCEPTION    000000014007c7fc     pjsip-core-x86_64-x64-vc14-debug-dynamic:sip_parser.obj
 0003:000078dc       PJSIP_EINVAL_ERR_EXCEPTION 000000014007c8dc     pjsip-core-x86_64-x64-vc14-debug-dynamic:sip_parser.obj
 0003:00009710       pjsip_sip_cfg_var          000000014007e710     pjsip-core-x86_64-x64-vc14-debug-dynamic:sip_config.obj
 0003:0000fde0       mod_stateful_util          0000000140084de0     pjsip-core-x86_64-x64-vc14-debug-dynamic:sip_util_statefull.obj
 0003:000115dc       pj_optind                  00000001400865dc     pjlib-util-x86_64-x64-vc14-debug-dynamic:getopt.obj
 0003:000115e0       pj_optopt                  00000001400865e0     pjlib-util-x86_64-x64-vc14-debug-dynamic:getopt.obj
 0003:000185d8       pj_pool_factory_default_policy 000000014008d5d8     pjlib-x86_64-x64-vc14-debug-dynamic:pool_policy_malloc.obj
 0003:0001ced0       PJ_VERSION                 0000000140091ed0     pjlib-x86_64-x64-vc14-debug-dynamic:config.obj
 0003:0001d090       __security_cookie          0000000140092090     MSVCRTD:gs_cookie.obj
 0003:0001d098       __security_cookie_complement 0000000140092098     MSVCRTD:gs_cookie.obj
 0003:0001d0a4       _fltused                   00000001400920a4     MSVCRTD:dllsupp.obj
 0003:0001d0b0       __scrt_native_dllmain_reason 00000001400920b0     MSVCRTD:utility.obj
 0003:0001d0b4       __scrt_default_matherr     00000001400920b4     MSVCRTD:matherr.obj
 0003:0001d0b8       __isa_available            00000001400920b8     MSVCRTD:_cpu_disp_.obj
 0003:0001d0bc       __isa_enabled              00000001400920bc     MSVCRTD:_cpu_disp_.obj
 0003:0001d0c0       __memcpy_nt_iters          00000001400920c0     MSVCRTD:_cpu_disp_.obj
 0003:0001d0d0       __scrt_ucrt_dll_is_in_use  00000001400920d0     MSVCRTD:ucrt_stubs.obj
 0003:00023938       pj_optarg                  0000000140098938     pjlib-util-x86_64-x64-vc14-debug-dynamic:getopt.obj
 0003:000245f8       __scrt_current_native_startup_state 00000001400995f8     MSVCRTD:utility.obj
 0003:00024600       __scrt_native_startup_lock 0000000140099600     MSVCRTD:utility.obj
 0003:00024650       ?__type_info_root_node@@3U__type_info_node@@A 0000000140099650     MSVCRTD:tncleanup.obj
 0003:00024668       ?_OptionsStorage@?1??__local_stdio_printf_options@@9@4_KA 0000000140099668     MSVCRTD:default_local_stdio_options.obj
 0003:00024678       ?_OptionsStorage@?1??__local_stdio_scanf_options@@9@4_KA 0000000140099678     MSVCRTD:default_local_stdio_options.obj
 0003:00024684       __scrt_debugger_hook_flag  0000000140099684     MSVCRTD:utility_desktop.obj
 0003:00024688       __favor                    0000000140099688     MSVCRTD:_cpu_disp_.obj
 0003:00024690       ?_OptionsStorage@?1??__local_stdio_printf_options@@9@9 0000000140099690     <common>
 0003:000246a4       PJ_NO_MEMORY_EXCEPTION     00000001400996a4     <common>
 0003:000246b0       __dyn_tls_dtor_callback    00000001400996b0     <common>
 0003:000246c8       __dyn_tls_init_callback    00000001400996c8     <common>
 0005:00000000       __imp_RtlCaptureContext    000000014009e000     kernel32:KERNEL32.dll
 0005:00000008       __imp_GetModuleHandleW     000000014009e008     kernel32:KERNEL32.dll
 0005:00000010       __imp_GetStartupInfoW      000000014009e010     kernel32:KERNEL32.dll
 0005:00000018       __imp_IsDebuggerPresent    000000014009e018     kernel32:KERNEL32.dll
 0005:00000020       __imp_InitializeSListHead  000000014009e020     kernel32:KERNEL32.dll
 0005:00000028       __imp_GetSystemTimeAsFileTime 000000014009e028     kernel32:KERNEL32.dll
 0005:00000030       __imp_IsProcessorFeaturePresent 000000014009e030     kernel32:KERNEL32.dll
 0005:00000038       __imp_TerminateProcess     000000014009e038     kernel32:KERNEL32.dll
 0005:00000040       __imp_GetCurrentProcess    000000014009e040     kernel32:KERNEL32.dll
 0005:00000048       __imp_SetUnhandledExceptionFilter 000000014009e048     kernel32:KERNEL32.dll
 0005:00000050       __imp_UnhandledExceptionFilter 000000014009e050     kernel32:KERNEL32.dll
 0005:00000058       __imp_RtlVirtualUnwind     000000014009e058     kernel32:KERNEL32.dll
 0005:00000060       __imp_RtlLookupFunctionEntry 000000014009e060     kernel32:KERNEL32.dll
 0005:00000068       __imp_SystemTimeToFileTime 000000014009e068     kernel32:KERNEL32.dll
 0005:00000070       __imp_FileTimeToSystemTime 000000014009e070     kernel32:KERNEL32.dll
 0005:00000078       __imp_GetLocalTime         000000014009e078     kernel32:KERNEL32.dll
 0005:00000080       __imp_FormatMessageA       000000014009e080     kernel32:KERNEL32.dll
 0005:00000088       __imp_SetLastError         000000014009e088     kernel32:KERNEL32.dll
 0005:00000090       __imp_QueryPerformanceFrequency 000000014009e090     kernel32:KERNEL32.dll
 0005:00000098       __imp_QueryPerformanceCounter 000000014009e098     kernel32:KERNEL32.dll
 0005:000000a0       __imp_LoadLibraryA         000000014009e0a0     kernel32:KERNEL32.dll
 0005:000000a8       __imp_GetProcAddress       000000014009e0a8     kernel32:KERNEL32.dll
 0005:000000b0       __imp_FreeLibrary          000000014009e0b0     kernel32:KERNEL32.dll
 0005:000000b8       __imp_SetConsoleTextAttribute 000000014009e0b8     kernel32:KERNEL32.dll
 0005:000000c0       __imp_GetConsoleScreenBufferInfo 000000014009e0c0     kernel32:KERNEL32.dll
 0005:000000c8       __imp_CreateSemaphoreA     000000014009e0c8     kernel32:KERNEL32.dll
 0005:000000d0       __imp_PulseEvent           000000014009e0d0     kernel32:KERNEL32.dll
 0005:000000d8       __imp_TlsFree              000000014009e0d8     kernel32:KERNEL32.dll
 0005:000000e0       __imp_TlsSetValue          000000014009e0e0     kernel32:KERNEL32.dll
 0005:000000e8       __imp_TlsGetValue          000000014009e0e8     kernel32:KERNEL32.dll
 0005:000000f0       __imp_TlsAlloc             000000014009e0f0     kernel32:KERNEL32.dll
 0005:000000f8       __imp_ResumeThread         000000014009e0f8     kernel32:KERNEL32.dll
 0005:00000100       __imp_GetThreadPriority    000000014009e100     kernel32:KERNEL32.dll
 0005:00000108       __imp_SetThreadPriority    000000014009e108     kernel32:KERNEL32.dll
 0005:00000110       __imp_GetCurrentThreadId   000000014009e110     kernel32:KERNEL32.dll
 0005:00000118       __imp_GetStdHandle         000000014009e118     kernel32:KERNEL32.dll
 0005:00000120       __imp_CloseHandle          000000014009e120     kernel32:KERNEL32.dll
 0005:00000128       __imp_GetLastError         000000014009e128     kernel32:KERNEL32.dll
 0005:00000130       __imp_InitializeCriticalSection 000000014009e130     kernel32:KERNEL32.dll
 0005:00000138       __imp_EnterCriticalSection 000000014009e138     kernel32:KERNEL32.dll
 0005:00000140       __imp_LeaveCriticalSection 000000014009e140     kernel32:KERNEL32.dll
 0005:00000148       __imp_TryEnterCriticalSection 000000014009e148     kernel32:KERNEL32.dll
 0005:00000150       __imp_DeleteCriticalSection 000000014009e150     kernel32:KERNEL32.dll
 0005:00000158       __imp_SetEvent             000000014009e158     kernel32:KERNEL32.dll
 0005:00000160       __imp_ResetEvent           000000014009e160     kernel32:KERNEL32.dll
 0005:00000168       __imp_ReleaseSemaphore     000000014009e168     kernel32:KERNEL32.dll
 0005:00000170       __imp_WaitForSingleObject  000000014009e170     kernel32:KERNEL32.dll
 0005:00000178       __imp_CreateEventA         000000014009e178     kernel32:KERNEL32.dll
 0005:00000180       __imp_Sleep                000000014009e180     kernel32:KERNEL32.dll
 0005:00000188       __imp_GetCurrentProcessId  000000014009e188     kernel32:KERNEL32.dll
 0005:00000190       __imp_CreateThread         000000014009e190     kernel32:KERNEL32.dll
 0005:00000198       __imp_GetCurrentThread     000000014009e198     kernel32:KERNEL32.dll
 0005:000001a0       \177KERNEL32_NULL_THUNK_DATA 000000014009e1a0     kernel32:KERNEL32.dll
 0005:00000248       __imp_longjmp              000000014009e248     vcruntimed:VCRUNTIME140D.dll
 0005:00000250       __imp_strchr               000000014009e250     vcruntimed:VCRUNTIME140D.dll
 0005:00000258       __imp_memmove              000000014009e258     vcruntimed:VCRUNTIME140D.dll
 0005:00000260       __imp_memcpy               000000014009e260     vcruntimed:VCRUNTIME140D.dll
 0005:00000268       __imp_memcmp               000000014009e268     vcruntimed:VCRUNTIME140D.dll
 0005:00000270       __imp_memchr               000000014009e270     vcruntimed:VCRUNTIME140D.dll
 0005:00000278       __imp_memset               000000014009e278     vcruntimed:VCRUNTIME140D.dll
 0005:00000280       __imp___intrinsic_setjmp   000000014009e280     vcruntimed:VCRUNTIME140D.dll
 0005:00000288       __imp___std_type_info_destroy_list 000000014009e288     vcruntimed:VCRUNTIME140D.dll
 0005:00000290       __imp___C_specific_handler 000000014009e290     vcruntimed:VCRUNTIME140D.dll
 0005:00000298       \177VCRUNTIME140D_NULL_THUNK_DATA 000000014009e298     vcruntimed:VCRUNTIME140D.dll
 0005:00000300       __imp_shutdown             000000014009e300     ws2_32:WS2_32.dll
 0005:00000308       __imp_setsockopt           000000014009e308     ws2_32:WS2_32.dll
 0005:00000310       __imp_sendto               000000014009e310     ws2_32:WS2_32.dll
 0005:00000318       __imp_send                 000000014009e318     ws2_32:WS2_32.dll
 0005:00000320       __imp_recvfrom             000000014009e320     ws2_32:WS2_32.dll
 0005:00000328       __imp_recv                 000000014009e328     ws2_32:WS2_32.dll
 0005:00000330       __imp_ntohs                000000014009e330     ws2_32:WS2_32.dll
 0005:00000338       __imp_ntohl                000000014009e338     ws2_32:WS2_32.dll
 0005:00000340       __imp_listen               000000014009e340     ws2_32:WS2_32.dll
 0005:00000348       __imp_inet_ntoa            000000014009e348     ws2_32:WS2_32.dll
 0005:00000350       __imp_inet_addr            000000014009e350     ws2_32:WS2_32.dll
 0005:00000358       __imp_WSAIoctl             000000014009e358     ws2_32:WS2_32.dll
 0005:00000360       __imp_htons                000000014009e360     ws2_32:WS2_32.dll
 0005:00000368       __imp_htonl                000000014009e368     ws2_32:WS2_32.dll
 0005:00000370       __imp_getsockopt           000000014009e370     ws2_32:WS2_32.dll
 0005:00000378       __imp_getsockname          000000014009e378     ws2_32:WS2_32.dll
 0005:00000380       __imp_getpeername          000000014009e380     ws2_32:WS2_32.dll
 0005:00000388       __imp_connect              000000014009e388     ws2_32:WS2_32.dll
 0005:00000390       __imp_closesocket          000000014009e390     ws2_32:WS2_32.dll
 0005:00000398       __imp_bind                 000000014009e398     ws2_32:WS2_32.dll
 0005:000003a0       __imp_accept               000000014009e3a0     ws2_32:WS2_32.dll
 0005:000003a8       __imp_WSAGetLastError      000000014009e3a8     ws2_32:WS2_32.dll
 0005:000003b0       __imp_WSACleanup           000000014009e3b0     ws2_32:WS2_32.dll
 0005:000003b8       __imp_WSAStartup           000000014009e3b8     ws2_32:WS2_32.dll
 0005:000003c0       __imp_WSASocketA           000000014009e3c0     ws2_32:WS2_32.dll
 0005:000003c8       __imp_WSAAddressToStringA  000000014009e3c8     ws2_32:WS2_32.dll
 0005:000003d0       __imp_WSAStringToAddressA  000000014009e3d0     ws2_32:WS2_32.dll
 0005:000003d8       __imp_ioctlsocket          000000014009e3d8     ws2_32:WS2_32.dll
 0005:000003e0       __imp_WSASetLastError      000000014009e3e0     ws2_32:WS2_32.dll
 0005:000003e8       __imp_gethostbyname        000000014009e3e8     ws2_32:WS2_32.dll
 0005:000003f0       __imp___WSAFDIsSet         000000014009e3f0     ws2_32:WS2_32.dll
 0005:000003f8       __imp_select               000000014009e3f8     ws2_32:WS2_32.dll
 0005:00000400       __imp_gethostname          000000014009e400     ws2_32:WS2_32.dll
 0005:00000408       \177WS2_32_NULL_THUNK_DATA 000000014009e408     ws2_32:WS2_32.dll
 0005:00000490       __imp_CoCreateGuid         000000014009e490     ole32:ole32.dll
 0005:00000498       \177ole32_NULL_THUNK_DATA  000000014009e498     ole32:ole32.dll
 0005:000004f0       __imp___acrt_iob_func      000000014009e4f0     ucrtd:ucrtbased.dll
 0005:000004f8       __imp_fgets                000000014009e4f8     ucrtd:ucrtbased.dll
 0005:00000500       __imp_puts                 000000014009e500     ucrtd:ucrtbased.dll
 0005:00000508       __imp___stdio_common_vfprintf 000000014009e508     ucrtd:ucrtbased.dll
 0005:00000510       __imp___stdio_common_vsprintf 000000014009e510     ucrtd:ucrtbased.dll
 0005:00000518       __imp_atoi                 000000014009e518     ucrtd:ucrtbased.dll
 0005:00000520       __imp__wassert             000000014009e520     ucrtd:ucrtbased.dll
 0005:00000528       __imp_toupper              000000014009e528     ucrtd:ucrtbased.dll
 0005:00000530       __imp_strlen               000000014009e530     ucrtd:ucrtbased.dll
 0005:00000538       __imp_strcpy               000000014009e538     ucrtd:ucrtbased.dll
 0005:00000540       __imp__strnicmp            000000014009e540     ucrtd:ucrtbased.dll
 0005:00000548       __imp_tolower              000000014009e548     ucrtd:ucrtbased.dll
 0005:00000550       __imp_isspace              000000014009e550     ucrtd:ucrtbased.dll
 0005:00000558       __imp_strcmp               000000014009e558     ucrtd:ucrtbased.dll
 0005:00000560       __imp_strncmp              000000014009e560     ucrtd:ucrtbased.dll
 0005:00000568       __imp_isxdigit             000000014009e568     ucrtd:ucrtbased.dll
 0005:00000570       __imp_strncpy              000000014009e570     ucrtd:ucrtbased.dll
 0005:00000578       __imp_isdigit              000000014009e578     ucrtd:ucrtbased.dll
 0005:00000580       __imp_free                 000000014009e580     ucrtd:ucrtbased.dll
 0005:00000588       __imp_malloc               000000014009e588     ucrtd:ucrtbased.dll
 0005:00000590       __imp_srand                000000014009e590     ucrtd:ucrtbased.dll
 0005:00000598       __imp_rand                 000000014009e598     ucrtd:ucrtbased.dll
 0005:000005a0       __imp_fmod                 000000014009e5a0     ucrtd:ucrtbased.dll
 0005:000005a8       __imp__seh_filter_exe      000000014009e5a8     ucrtd:ucrtbased.dll
 0005:000005b0       __imp__set_app_type        000000014009e5b0     ucrtd:ucrtbased.dll
 0005:000005b8       __imp___setusermatherr     000000014009e5b8     ucrtd:ucrtbased.dll
 0005:000005c0       __imp__configure_narrow_argv 000000014009e5c0     ucrtd:ucrtbased.dll
 0005:000005c8       __imp__initialize_narrow_environment 000000014009e5c8     ucrtd:ucrtbased.dll
 0005:000005d0       __imp__get_initial_narrow_environment 000000014009e5d0     ucrtd:ucrtbased.dll
 0005:000005d8       __imp__initterm            000000014009e5d8     ucrtd:ucrtbased.dll
 0005:000005e0       __imp__initterm_e          000000014009e5e0     ucrtd:ucrtbased.dll
 0005:000005e8       __imp_exit                 000000014009e5e8     ucrtd:ucrtbased.dll
 0005:000005f0       __imp__exit                000000014009e5f0     ucrtd:ucrtbased.dll
 0005:000005f8       __imp__set_fmode           000000014009e5f8     ucrtd:ucrtbased.dll
 0005:00000600       __imp___p___argc           000000014009e600     ucrtd:ucrtbased.dll
 0005:00000608       __imp___p___argv           000000014009e608     ucrtd:ucrtbased.dll
 0005:00000610       __imp__cexit               000000014009e610     ucrtd:ucrtbased.dll
 0005:00000618       __imp__c_exit              000000014009e618     ucrtd:ucrtbased.dll
 0005:00000620       __imp__register_thread_local_exe_atexit_callback 000000014009e620     ucrtd:ucrtbased.dll
 0005:00000628       __imp__configthreadlocale  000000014009e628     ucrtd:ucrtbased.dll
 0005:00000630       __imp__set_new_mode        000000014009e630     ucrtd:ucrtbased.dll
 0005:00000638       __imp___p__commode         000000014009e638     ucrtd:ucrtbased.dll
 0005:00000640       __imp__seh_filter_dll      000000014009e640     ucrtd:ucrtbased.dll
 0005:00000648       __imp__initialize_onexit_table 000000014009e648     ucrtd:ucrtbased.dll
 0005:00000650       __imp__register_onexit_function 000000014009e650     ucrtd:ucrtbased.dll
 0005:00000658       __imp__execute_onexit_table 000000014009e658     ucrtd:ucrtbased.dll
 0005:00000660       __imp__crt_atexit          000000014009e660     ucrtd:ucrtbased.dll
 0005:00000668       __imp__crt_at_quick_exit   000000014009e668     ucrtd:ucrtbased.dll
 0005:00000670       __imp_terminate            000000014009e670     ucrtd:ucrtbased.dll
 0005:00000678       \177ucrtbased_NULL_THUNK_DATA 000000014009e678     ucrtd:ucrtbased.dll
 0005:00000718       __IMPORT_DESCRIPTOR_ole32  000000014009e718     ole32:ole32.dll
 0005:0000072c       __IMPORT_DESCRIPTOR_WS2_32 000000014009e72c     ws2_32:WS2_32.dll
 0005:00000740       __IMPORT_DESCRIPTOR_KERNEL32 000000014009e740     kernel32:KERNEL32.dll
 0005:00000754       __IMPORT_DESCRIPTOR_VCRUNTIME140D 000000014009e754     vcruntimed:VCRUNTIME140D.dll
 0005:00000768       __IMPORT_DESCRIPTOR_ucrtbased 000000014009e768     ucrtd:ucrtbased.dll
 0005:0000077c       __NULL_IMPORT_DESCRIPTOR   000000014009e77c     ole32:ole32.dll
 0007:00000000       __guard_check_icall_fptr   00000001400a1000     MSVCRTD:guard_support.obj
 0007:00000010       __guard_dispatch_icall_fptr 00000001400a1010     MSVCRTD:guard_support.obj
